### [bt]: This is batchtools v0.9.17
### [bt]: Starting calculation of 5 jobs
### [bt]: Setting working directory to '/Users/User/Documents/Studium/Semester8/Hiwi/mlr3calibration/vignettes'
### [bt]: Memory measurement disabled
### [bt]: Starting job [batchtools job.id=876]
### [bt]: Generating problem instance for problem '698720b8ce42ae0c' ...
### [bt]: Applying algorithm 'run_learner' on problem '698720b8ce42ae0c' for job 876 (seed = 877) ...
INFO  [16:42:56.047] [mlr3] Applying learner 'classif.naive_bayes.tuned_calib.tunefirst.oof_isotonic' on task 'pc4' (iter 6/10)
INFO  [16:42:56.100] [bbotk] Starting to optimize 1 parameter(s) with '<OptimizerBatchRandomSearch>' and '<TerminatorEvals> [n_evals=3, k=0]'
INFO  [16:42:56.106] [bbotk] Evaluating 1 configuration(s)
INFO  [16:42:56.537] [bbotk] Result of batch 1:
INFO  [16:42:56.539] [bbotk]    laplace classif.ce warnings errors runtime_learners
INFO  [16:42:56.539] [bbotk]  0.9889798  0.1532258        0      0            0.387
INFO  [16:42:56.539] [bbotk]                                 uhash
INFO  [16:42:56.539] [bbotk]  8adf8025-795f-4f35-b3c2-476d79b7ef43
INFO  [16:42:56.546] [bbotk] Evaluating 1 configuration(s)
INFO  [16:42:57.019] [bbotk] Result of batch 2:
INFO  [16:42:57.022] [bbotk]     laplace classif.ce warnings errors runtime_learners
INFO  [16:42:57.022] [bbotk]  0.01567314  0.1532258        0      0            0.425
INFO  [16:42:57.022] [bbotk]                                 uhash
INFO  [16:42:57.022] [bbotk]  55535e84-05f3-4322-8f9f-065d9d3668f1
INFO  [16:42:57.029] [bbotk] Evaluating 1 configuration(s)
INFO  [16:42:57.515] [bbotk] Result of batch 3:
INFO  [16:42:57.516] [bbotk]    laplace classif.ce warnings errors runtime_learners
INFO  [16:42:57.516] [bbotk]  0.4354917  0.1532258        0      0            0.434
INFO  [16:42:57.516] [bbotk]                                 uhash
INFO  [16:42:57.516] [bbotk]  950b8573-cbbf-41d9-b312-a25d8264599a
INFO  [16:42:57.532] [bbotk] Finished optimizing after 3 evaluation(s)
INFO  [16:42:57.533] [bbotk] Result:
INFO  [16:42:57.535] [bbotk]    laplace learner_param_vals  x_domain classif.ce
INFO  [16:42:57.535] [bbotk]      <num>             <list>    <list>      <num>
INFO  [16:42:57.535] [bbotk]  0.9889798          <list[1]> <list[1]>  0.1532258

### [bt]: Job terminated successfully [batchtools job.id=876]
### [bt]: Starting job [batchtools job.id=877]
### [bt]: Generating problem instance for problem '698720b8ce42ae0c' ...
### [bt]: Applying algorithm 'run_learner' on problem '698720b8ce42ae0c' for job 877 (seed = 878) ...
INFO  [16:42:58.348] [mlr3] Applying learner 'classif.naive_bayes.tuned_calib.tunefirst.oof_isotonic' on task 'pc4' (iter 7/10)
INFO  [16:42:58.393] [bbotk] Starting to optimize 1 parameter(s) with '<OptimizerBatchRandomSearch>' and '<TerminatorEvals> [n_evals=3, k=0]'
INFO  [16:42:58.401] [bbotk] Evaluating 1 configuration(s)
INFO  [16:42:58.892] [bbotk] Result of batch 1:
INFO  [16:42:58.894] [bbotk]    laplace classif.ce warnings errors runtime_learners
INFO  [16:42:58.894] [bbotk]  0.6445951  0.1364238        0      0            0.429
INFO  [16:42:58.894] [bbotk]                                 uhash
INFO  [16:42:58.894] [bbotk]  1d7b76ac-cd8c-42df-8191-396501fe1c6d
INFO  [16:42:58.899] [bbotk] Evaluating 1 configuration(s)
INFO  [16:42:59.380] [bbotk] Result of batch 2:
INFO  [16:42:59.381] [bbotk]    laplace classif.ce warnings errors runtime_learners
INFO  [16:42:59.381] [bbotk]  0.3745238  0.1364238        0      0             0.43
INFO  [16:42:59.381] [bbotk]                                 uhash
INFO  [16:42:59.381] [bbotk]  bfb99ccc-d372-4e67-87af-ed4f9d6e7c4f
INFO  [16:42:59.384] [bbotk] Evaluating 1 configuration(s)
INFO  [16:42:59.834] [bbotk] Result of batch 3:
INFO  [16:42:59.835] [bbotk]    laplace classif.ce warnings errors runtime_learners
INFO  [16:42:59.835] [bbotk]  0.9405932  0.1364238        0      0            0.391
INFO  [16:42:59.835] [bbotk]                                 uhash
INFO  [16:42:59.835] [bbotk]  f87e0b2e-e463-4a66-9705-384d28ae8157
INFO  [16:42:59.842] [bbotk] Finished optimizing after 3 evaluation(s)
INFO  [16:42:59.842] [bbotk] Result:
INFO  [16:42:59.843] [bbotk]    laplace learner_param_vals  x_domain classif.ce
INFO  [16:42:59.843] [bbotk]      <num>             <list>    <list>      <num>
INFO  [16:42:59.843] [bbotk]  0.6445951          <list[1]> <list[1]>  0.1364238

### [bt]: Job terminated successfully [batchtools job.id=877]
### [bt]: Starting job [batchtools job.id=878]
### [bt]: Generating problem instance for problem '698720b8ce42ae0c' ...
### [bt]: Applying algorithm 'run_learner' on problem '698720b8ce42ae0c' for job 878 (seed = 879) ...
INFO  [16:43:00.601] [mlr3] Applying learner 'classif.naive_bayes.tuned_calib.tunefirst.oof_isotonic' on task 'pc4' (iter 8/10)
INFO  [16:43:00.662] [bbotk] Starting to optimize 1 parameter(s) with '<OptimizerBatchRandomSearch>' and '<TerminatorEvals> [n_evals=3, k=0]'
INFO  [16:43:00.670] [bbotk] Evaluating 1 configuration(s)
INFO  [16:43:01.105] [bbotk] Result of batch 1:
INFO  [16:43:01.107] [bbotk]     laplace classif.ce warnings errors runtime_learners
INFO  [16:43:01.107] [bbotk]  0.04027693  0.1585391        0      0            0.389
INFO  [16:43:01.107] [bbotk]                                 uhash
INFO  [16:43:01.107] [bbotk]  50878b7a-6eb3-4023-b226-14fbc53b0305
INFO  [16:43:01.112] [bbotk] Evaluating 1 configuration(s)
INFO  [16:43:01.462] [bbotk] Result of batch 2:
INFO  [16:43:01.463] [bbotk]    laplace classif.ce warnings errors runtime_learners
INFO  [16:43:01.463] [bbotk]  0.6368479  0.1585391        0      0            0.311
INFO  [16:43:01.463] [bbotk]                                 uhash
INFO  [16:43:01.463] [bbotk]  129cc777-4766-4ee9-9dcb-5fea14b0683a
INFO  [16:43:01.466] [bbotk] Evaluating 1 configuration(s)
INFO  [16:43:01.822] [bbotk] Result of batch 3:
INFO  [16:43:01.823] [bbotk]    laplace classif.ce warnings errors runtime_learners
INFO  [16:43:01.823] [bbotk]  0.8426395  0.1585391        0      0            0.328
INFO  [16:43:01.823] [bbotk]                                 uhash
INFO  [16:43:01.823] [bbotk]  abcf9170-1b85-457f-a1ce-161dd05a0c55
INFO  [16:43:01.832] [bbotk] Finished optimizing after 3 evaluation(s)
INFO  [16:43:01.832] [bbotk] Result:
INFO  [16:43:01.834] [bbotk]     laplace learner_param_vals  x_domain classif.ce
INFO  [16:43:01.834] [bbotk]       <num>             <list>    <list>      <num>
INFO  [16:43:01.834] [bbotk]  0.04027693          <list[1]> <list[1]>  0.1585391

### [bt]: Job terminated successfully [batchtools job.id=878]
### [bt]: Starting job [batchtools job.id=879]
### [bt]: Generating problem instance for problem '698720b8ce42ae0c' ...
### [bt]: Applying algorithm 'run_learner' on problem '698720b8ce42ae0c' for job 879 (seed = 880) ...
INFO  [16:43:02.300] [mlr3] Applying learner 'classif.naive_bayes.tuned_calib.tunefirst.oof_isotonic' on task 'pc4' (iter 9/10)
INFO  [16:43:02.327] [bbotk] Starting to optimize 1 parameter(s) with '<OptimizerBatchRandomSearch>' and '<TerminatorEvals> [n_evals=3, k=0]'
INFO  [16:43:02.332] [bbotk] Evaluating 1 configuration(s)
INFO  [16:43:02.612] [bbotk] Result of batch 1:
INFO  [16:43:02.613] [bbotk]    laplace classif.ce warnings errors runtime_learners
INFO  [16:43:02.613] [bbotk]  0.4296275  0.1462284        0      0            0.249
INFO  [16:43:02.613] [bbotk]                                 uhash
INFO  [16:43:02.613] [bbotk]  ef704df8-7cc6-42fc-89bd-7adaebb964e3
INFO  [16:43:02.615] [bbotk] Evaluating 1 configuration(s)
INFO  [16:43:02.911] [bbotk] Result of batch 2:
INFO  [16:43:02.912] [bbotk]    laplace classif.ce warnings errors runtime_learners
INFO  [16:43:02.912] [bbotk]  0.3632071  0.1462284        0      0             0.26
INFO  [16:43:02.912] [bbotk]                                 uhash
INFO  [16:43:02.912] [bbotk]  45a16d7d-49ca-46a2-92c0-d6e709e8ff9b
INFO  [16:43:02.915] [bbotk] Evaluating 1 configuration(s)
INFO  [16:43:03.202] [bbotk] Result of batch 3:
INFO  [16:43:03.202] [bbotk]    laplace classif.ce warnings errors runtime_learners
INFO  [16:43:03.202] [bbotk]  0.6435771  0.1462284        0      0            0.257
INFO  [16:43:03.202] [bbotk]                                 uhash
INFO  [16:43:03.202] [bbotk]  b84479b1-4621-4f51-880a-a9dd46f28aec
INFO  [16:43:03.209] [bbotk] Finished optimizing after 3 evaluation(s)
INFO  [16:43:03.210] [bbotk] Result:
INFO  [16:43:03.210] [bbotk]    laplace learner_param_vals  x_domain classif.ce
INFO  [16:43:03.210] [bbotk]      <num>             <list>    <list>      <num>
INFO  [16:43:03.210] [bbotk]  0.4296275          <list[1]> <list[1]>  0.1462284

### [bt]: Job terminated successfully [batchtools job.id=879]
### [bt]: Starting job [batchtools job.id=880]
### [bt]: Generating problem instance for problem '698720b8ce42ae0c' ...
### [bt]: Applying algorithm 'run_learner' on problem '698720b8ce42ae0c' for job 880 (seed = 881) ...
INFO  [16:43:03.712] [mlr3] Applying learner 'classif.naive_bayes.tuned_calib.tunefirst.oof_isotonic' on task 'pc4' (iter 10/10)
INFO  [16:43:03.741] [bbotk] Starting to optimize 1 parameter(s) with '<OptimizerBatchRandomSearch>' and '<TerminatorEvals> [n_evals=3, k=0]'
INFO  [16:43:03.745] [bbotk] Evaluating 1 configuration(s)
INFO  [16:43:04.043] [bbotk] Result of batch 1:
INFO  [16:43:04.044] [bbotk]    laplace classif.ce warnings errors runtime_learners
INFO  [16:43:04.044] [bbotk]  0.9897225   0.134785        0      0            0.265
INFO  [16:43:04.044] [bbotk]                                 uhash
INFO  [16:43:04.044] [bbotk]  edf6224a-3b66-4b9a-bfa0-94722c781f45
INFO  [16:43:04.046] [bbotk] Evaluating 1 configuration(s)
INFO  [16:43:04.327] [bbotk] Result of batch 2:
INFO  [16:43:04.328] [bbotk]    laplace classif.ce warnings errors runtime_learners
INFO  [16:43:04.328] [bbotk]  0.7396524   0.134785        0      0            0.254
INFO  [16:43:04.328] [bbotk]                                 uhash
INFO  [16:43:04.328] [bbotk]  88501c4c-b124-4d80-a51d-9b0b273a55f9
INFO  [16:43:04.330] [bbotk] Evaluating 1 configuration(s)
INFO  [16:43:04.638] [bbotk] Result of batch 3:
INFO  [16:43:04.639] [bbotk]    laplace classif.ce warnings errors runtime_learners
INFO  [16:43:04.639] [bbotk]  0.9794432   0.134785        0      0            0.271
INFO  [16:43:04.639] [bbotk]                                 uhash
INFO  [16:43:04.639] [bbotk]  5f4b31d0-c2c4-4866-b607-ca475787d9ca
INFO  [16:43:04.645] [bbotk] Finished optimizing after 3 evaluation(s)
INFO  [16:43:04.645] [bbotk] Result:
INFO  [16:43:04.646] [bbotk]    laplace learner_param_vals  x_domain classif.ce
INFO  [16:43:04.646] [bbotk]      <num>             <list>    <list>      <num>
INFO  [16:43:04.646] [bbotk]  0.9897225          <list[1]> <list[1]>   0.134785

### [bt]: Job terminated successfully [batchtools job.id=880]
### [bt]: Calculation finished!
