### [bt]: This is batchtools v0.9.17
### [bt]: Starting calculation of 5 jobs
### [bt]: Setting working directory to '/Users/User/Documents/Studium/Semester8/Hiwi/mlr3calibration/vignettes'
### [bt]: Memory measurement disabled
### [bt]: Starting job [batchtools job.id=1891]
### [bt]: Generating problem instance for problem '42e9f2146ba77696' ...
### [bt]: Applying algorithm 'run_learner' on problem '42e9f2146ba77696' for job 1891 (seed = 1892) ...
INFO  [17:04:54.695] [mlr3] Applying learner 'classif.xgboost.tuned_calib.tunefirst.oof_platt' on task 'kc1' (iter 1/10)
INFO  [17:04:54.739] [bbotk] Starting to optimize 3 parameter(s) with '<OptimizerBatchRandomSearch>' and '<TerminatorEvals> [n_evals=10, k=0]'
INFO  [17:04:54.752] [bbotk] Evaluating 1 configuration(s)
INFO  [17:04:55.296] [bbotk] Result of batch 1:
INFO  [17:04:55.298] [bbotk]  nrounds       eta max_depth classif.ce warnings errors runtime_learners
INFO  [17:04:55.298] [bbotk]      114 0.2788142         5  0.1628122        0      0            0.476
INFO  [17:04:55.298] [bbotk]                                 uhash
INFO  [17:04:55.298] [bbotk]  0a31f10b-c42e-494d-b4de-4d6ea041fa4d
INFO  [17:04:55.303] [bbotk] Evaluating 1 configuration(s)
INFO  [17:04:55.507] [bbotk] Result of batch 2:
INFO  [17:04:55.508] [bbotk]  nrounds       eta max_depth classif.ce warnings errors runtime_learners
INFO  [17:04:55.508] [bbotk]       98 0.2130979         2  0.1528019        0      0            0.164
INFO  [17:04:55.508] [bbotk]                                 uhash
INFO  [17:04:55.508] [bbotk]  78130a09-581b-45c3-89fe-c3c043477a1d
INFO  [17:04:55.512] [bbotk] Evaluating 1 configuration(s)
INFO  [17:04:55.883] [bbotk] Result of batch 3:
INFO  [17:04:55.885] [bbotk]  nrounds       eta max_depth classif.ce warnings errors runtime_learners
INFO  [17:04:55.885] [bbotk]      149 0.1785904         2  0.1554349        0      0            0.309
INFO  [17:04:55.885] [bbotk]                                 uhash
INFO  [17:04:55.885] [bbotk]  1906b859-3426-4c2f-ae6d-c283008bdff0
INFO  [17:04:55.895] [bbotk] Evaluating 1 configuration(s)
INFO  [17:04:56.838] [bbotk] Result of batch 4:
INFO  [17:04:56.839] [bbotk]  nrounds        eta max_depth classif.ce warnings errors runtime_learners
INFO  [17:04:56.839] [bbotk]      264 0.03457989         4  0.1501723        0      0            0.914
INFO  [17:04:56.839] [bbotk]                                 uhash
INFO  [17:04:56.839] [bbotk]  21b495b6-63db-4bc4-9950-4ebaee243a4c
INFO  [17:04:56.843] [bbotk] Evaluating 1 configuration(s)
INFO  [17:04:57.627] [bbotk] Result of batch 5:
INFO  [17:04:57.628] [bbotk]  nrounds       eta max_depth classif.ce warnings errors runtime_learners
INFO  [17:04:57.628] [bbotk]      280 0.2075683         3  0.1649236        0      0            0.722
INFO  [17:04:57.628] [bbotk]                                 uhash
INFO  [17:04:57.628] [bbotk]  e5d077f7-590f-4816-ac1a-dea1b3d17c06
INFO  [17:04:57.633] [bbotk] Evaluating 1 configuration(s)
INFO  [17:04:58.884] [bbotk] Result of batch 6:
INFO  [17:04:58.886] [bbotk]  nrounds       eta max_depth classif.ce warnings errors runtime_learners
INFO  [17:04:58.886] [bbotk]      256 0.2359047         6  0.1675532        0      0            1.197
INFO  [17:04:58.886] [bbotk]                                 uhash
INFO  [17:04:58.886] [bbotk]  2f330181-38e3-44e8-838a-c0bcf582d419
INFO  [17:04:58.891] [bbotk] Evaluating 1 configuration(s)
INFO  [17:05:00.838] [bbotk] Result of batch 7:
INFO  [17:05:00.840] [bbotk]  nrounds        eta max_depth classif.ce warnings errors runtime_learners
INFO  [17:05:00.840] [bbotk]      248 0.08528917        10  0.1670258        0      0            1.908
INFO  [17:05:00.840] [bbotk]                                 uhash
INFO  [17:05:00.840] [bbotk]  6ffa13ba-9c42-4e1d-b109-84a5d6679bf1
INFO  [17:05:00.851] [bbotk] Evaluating 1 configuration(s)
INFO  [17:05:02.071] [bbotk] Result of batch 8:
INFO  [17:05:02.072] [bbotk]  nrounds      eta max_depth classif.ce warnings errors runtime_learners
INFO  [17:05:02.072] [bbotk]      213 0.238072         7  0.1696562        0      0             1.17
INFO  [17:05:02.072] [bbotk]                                 uhash
INFO  [17:05:02.072] [bbotk]  46c9f904-2dda-462d-9bd5-ae6c7ef172c9
INFO  [17:05:02.076] [bbotk] Evaluating 1 configuration(s)
INFO  [17:05:03.826] [bbotk] Result of batch 9:
INFO  [17:05:03.828] [bbotk]  nrounds        eta max_depth classif.ce warnings errors runtime_learners
INFO  [17:05:03.828] [bbotk]      220 0.05908008         9  0.1628097        0      0            1.698
INFO  [17:05:03.828] [bbotk]                                 uhash
INFO  [17:05:03.828] [bbotk]  93da0c2c-92ff-40d1-b8df-b2eda037bac3
INFO  [17:05:03.840] [bbotk] Evaluating 1 configuration(s)
INFO  [17:05:04.641] [bbotk] Result of batch 10:
INFO  [17:05:04.642] [bbotk]  nrounds       eta max_depth classif.ce warnings errors runtime_learners
INFO  [17:05:04.642] [bbotk]      171 0.2036919         5   0.160705        0      0            0.744
INFO  [17:05:04.642] [bbotk]                                 uhash
INFO  [17:05:04.642] [bbotk]  32b9b03d-4a3c-4819-a17a-aea0cba61a2b
INFO  [17:05:04.650] [bbotk] Finished optimizing after 10 evaluation(s)
INFO  [17:05:04.650] [bbotk] Result:
INFO  [17:05:04.652] [bbotk]  nrounds        eta max_depth learner_param_vals  x_domain classif.ce
INFO  [17:05:04.652] [bbotk]    <int>      <num>     <int>             <list>    <list>      <num>
INFO  [17:05:04.652] [bbotk]      264 0.03457989         4          <list[5]> <list[3]>  0.1501723

### [bt]: Job terminated successfully [batchtools job.id=1891]
### [bt]: Starting job [batchtools job.id=1892]
### [bt]: Generating problem instance for problem '42e9f2146ba77696' ...
### [bt]: Applying algorithm 'run_learner' on problem '42e9f2146ba77696' for job 1892 (seed = 1893) ...
INFO  [17:05:07.069] [mlr3] Applying learner 'classif.xgboost.tuned_calib.tunefirst.oof_platt' on task 'kc1' (iter 2/10)
INFO  [17:05:07.114] [bbotk] Starting to optimize 3 parameter(s) with '<OptimizerBatchRandomSearch>' and '<TerminatorEvals> [n_evals=10, k=0]'
INFO  [17:05:07.133] [bbotk] Evaluating 1 configuration(s)
INFO  [17:05:08.082] [bbotk] Result of batch 1:
INFO  [17:05:08.084] [bbotk]  nrounds        eta max_depth classif.ce warnings errors runtime_learners
INFO  [17:05:08.084] [bbotk]      125 0.07315368         8  0.1512097        0      0            0.887
INFO  [17:05:08.084] [bbotk]                                 uhash
INFO  [17:05:08.084] [bbotk]  90617cf6-b90a-482f-a020-7ef5d129cf79
INFO  [17:05:08.089] [bbotk] Evaluating 1 configuration(s)
INFO  [17:05:09.431] [bbotk] Result of batch 2:
INFO  [17:05:09.433] [bbotk]  nrounds       eta max_depth classif.ce warnings errors runtime_learners
INFO  [17:05:09.433] [bbotk]      148 0.2218997         9  0.1506806        0      0            1.297
INFO  [17:05:09.433] [bbotk]                                 uhash
INFO  [17:05:09.433] [bbotk]  4667312d-2c0b-4fc8-a3c6-a87eee44387c
INFO  [17:05:09.441] [bbotk] Evaluating 1 configuration(s)
INFO  [17:05:10.443] [bbotk] Result of batch 3:
INFO  [17:05:10.444] [bbotk]  nrounds       eta max_depth classif.ce warnings errors runtime_learners
INFO  [17:05:10.444] [bbotk]      113 0.1501952        10  0.1517338        0      0            0.959
INFO  [17:05:10.444] [bbotk]                                 uhash
INFO  [17:05:10.444] [bbotk]  e631f9cd-1d3c-4660-9e0f-8277d96e48c0
INFO  [17:05:10.448] [bbotk] Evaluating 1 configuration(s)
INFO  [17:05:11.391] [bbotk] Result of batch 4:
INFO  [17:05:11.394] [bbotk]  nrounds       eta max_depth classif.ce warnings errors runtime_learners
INFO  [17:05:11.394] [bbotk]      140 0.2800749         8  0.1496291        0      0            0.901
INFO  [17:05:11.394] [bbotk]                                 uhash
INFO  [17:05:11.394] [bbotk]  5fcd9e49-3ea5-4444-9bbf-0f8209e4ddee
INFO  [17:05:11.399] [bbotk] Evaluating 1 configuration(s)
INFO  [17:05:11.856] [bbotk] Result of batch 5:
INFO  [17:05:11.858] [bbotk]  nrounds      eta max_depth classif.ce warnings errors runtime_learners
INFO  [17:05:11.858] [bbotk]       74 0.246404         6  0.1512097        0      0            0.377
INFO  [17:05:11.858] [bbotk]                                 uhash
INFO  [17:05:11.858] [bbotk]  687e679a-8d85-4637-a5d0-b1be7a4d4d5a
INFO  [17:05:11.867] [bbotk] Evaluating 1 configuration(s)
INFO  [17:05:13.321] [bbotk] Result of batch 6:
INFO  [17:05:13.322] [bbotk]  nrounds        eta max_depth classif.ce warnings errors runtime_learners
INFO  [17:05:13.322] [bbotk]      243 0.05801768         7  0.1485742        0      0            1.409
INFO  [17:05:13.322] [bbotk]                                 uhash
INFO  [17:05:13.322] [bbotk]  858d9047-1fc5-49dd-93ff-a7df34a4f0ac
INFO  [17:05:13.326] [bbotk] Evaluating 1 configuration(s)
INFO  [17:05:14.445] [bbotk] Result of batch 7:
INFO  [17:05:14.449] [bbotk]  nrounds       eta max_depth classif.ce warnings errors runtime_learners
INFO  [17:05:14.449] [bbotk]      159 0.2053827         9  0.1517354        0      0            1.074
INFO  [17:05:14.449] [bbotk]                                 uhash
INFO  [17:05:14.449] [bbotk]  c6869d3b-f273-4090-b634-73c451462269
INFO  [17:05:14.456] [bbotk] Evaluating 1 configuration(s)
INFO  [17:05:14.863] [bbotk] Result of batch 8:
INFO  [17:05:14.864] [bbotk]  nrounds        eta max_depth classif.ce warnings errors runtime_learners
INFO  [17:05:14.864] [bbotk]       73 0.02949594         6  0.1427792        0      0            0.374
INFO  [17:05:14.864] [bbotk]                                 uhash
INFO  [17:05:14.864] [bbotk]  33cef4f3-7d7b-4828-8978-42702dc63d94
INFO  [17:05:14.868] [bbotk] Evaluating 1 configuration(s)
INFO  [17:05:15.349] [bbotk] Result of batch 9:
INFO  [17:05:15.350] [bbotk]  nrounds        eta max_depth classif.ce warnings errors runtime_learners
INFO  [17:05:15.350] [bbotk]       55 0.03973727         9  0.1459371        0      0            0.432
INFO  [17:05:15.350] [bbotk]                                 uhash
INFO  [17:05:15.350] [bbotk]  b8e4d0b9-89d2-44f4-9eec-0859e6bd453a
INFO  [17:05:15.354] [bbotk] Evaluating 1 configuration(s)
INFO  [17:05:15.763] [bbotk] Result of batch 10:
INFO  [17:05:15.764] [bbotk]  nrounds       eta max_depth classif.ce warnings errors runtime_learners
INFO  [17:05:15.764] [bbotk]       51 0.2707669        10  0.1517371        0      0            0.371
INFO  [17:05:15.764] [bbotk]                                 uhash
INFO  [17:05:15.764] [bbotk]  6ef96325-9a44-423a-bfd8-e0bc2b60f865
INFO  [17:05:15.780] [bbotk] Finished optimizing after 10 evaluation(s)
INFO  [17:05:15.781] [bbotk] Result:
INFO  [17:05:15.781] [bbotk]  nrounds        eta max_depth learner_param_vals  x_domain classif.ce
INFO  [17:05:15.781] [bbotk]    <int>      <num>     <int>             <list>    <list>      <num>
INFO  [17:05:15.781] [bbotk]       73 0.02949594         6          <list[5]> <list[3]>  0.1427792

### [bt]: Job terminated successfully [batchtools job.id=1892]
### [bt]: Starting job [batchtools job.id=1893]
### [bt]: Generating problem instance for problem '42e9f2146ba77696' ...
### [bt]: Applying algorithm 'run_learner' on problem '42e9f2146ba77696' for job 1893 (seed = 1894) ...
INFO  [17:05:16.882] [mlr3] Applying learner 'classif.xgboost.tuned_calib.tunefirst.oof_platt' on task 'kc1' (iter 3/10)
INFO  [17:05:16.922] [bbotk] Starting to optimize 3 parameter(s) with '<OptimizerBatchRandomSearch>' and '<TerminatorEvals> [n_evals=10, k=0]'
INFO  [17:05:16.932] [bbotk] Evaluating 1 configuration(s)
INFO  [17:05:17.257] [bbotk] Result of batch 1:
INFO  [17:05:17.259] [bbotk]  nrounds       eta max_depth classif.ce warnings errors runtime_learners
INFO  [17:05:17.259] [bbotk]      136 0.1550584         2  0.1317149        0      0            0.262
INFO  [17:05:17.259] [bbotk]                                 uhash
INFO  [17:05:17.259] [bbotk]  0dd2a70a-75ab-4de7-b7fe-631bea7f5feb
INFO  [17:05:17.265] [bbotk] Evaluating 1 configuration(s)
INFO  [17:05:17.761] [bbotk] Result of batch 2:
INFO  [17:05:17.763] [bbotk]  nrounds       eta max_depth classif.ce warnings errors runtime_learners
INFO  [17:05:17.763] [bbotk]      241 0.2798122         2   0.147521        0      0            0.452
INFO  [17:05:17.763] [bbotk]                                 uhash
INFO  [17:05:17.763] [bbotk]  76647f80-af4d-4845-94af-6bd82ed62a29
INFO  [17:05:17.767] [bbotk] Evaluating 1 configuration(s)
INFO  [17:05:18.794] [bbotk] Result of batch 3:
INFO  [17:05:18.796] [bbotk]  nrounds        eta max_depth classif.ce warnings errors runtime_learners
INFO  [17:05:18.796] [bbotk]      204 0.03247665         6  0.1412036        0      0            0.989
INFO  [17:05:18.796] [bbotk]                                 uhash
INFO  [17:05:18.796] [bbotk]  16a2fbd7-2fa2-4959-bcdf-b844aef4129b
INFO  [17:05:18.801] [bbotk] Evaluating 1 configuration(s)
INFO  [17:05:20.088] [bbotk] Result of batch 4:
INFO  [17:05:20.089] [bbotk]  nrounds       eta max_depth classif.ce warnings errors runtime_learners
INFO  [17:05:20.089] [bbotk]      245 0.1675918         6  0.1496291        0      0            1.237
INFO  [17:05:20.089] [bbotk]                                 uhash
INFO  [17:05:20.089] [bbotk]  a11afb09-999e-4607-a716-5a1920e55fc7
INFO  [17:05:20.093] [bbotk] Evaluating 1 configuration(s)
INFO  [17:05:21.228] [bbotk] Result of batch 5:
INFO  [17:05:21.230] [bbotk]  nrounds       eta max_depth classif.ce warnings errors runtime_learners
INFO  [17:05:21.230] [bbotk]      271 0.1511328         5  0.1469936        0      0            1.091
INFO  [17:05:21.230] [bbotk]                                 uhash
INFO  [17:05:21.230] [bbotk]  7df22cf8-04e9-4e22-9444-e8796d31113c
INFO  [17:05:21.239] [bbotk] Evaluating 1 configuration(s)
INFO  [17:05:21.722] [bbotk] Result of batch 6:
INFO  [17:05:21.723] [bbotk]  nrounds       eta max_depth classif.ce warnings errors runtime_learners
INFO  [17:05:21.723] [bbotk]      171 0.1601156         3   0.139618        0      0            0.433
INFO  [17:05:21.723] [bbotk]                                 uhash
INFO  [17:05:21.723] [bbotk]  454abb8a-980c-4246-bf75-4deb14661c9e
INFO  [17:05:21.727] [bbotk] Evaluating 1 configuration(s)
INFO  [17:05:23.235] [bbotk] Result of batch 7:
INFO  [17:05:23.236] [bbotk]  nrounds       eta max_depth classif.ce warnings errors runtime_learners
INFO  [17:05:23.236] [bbotk]      200 0.2203834        10  0.1506839        0      0            1.465
INFO  [17:05:23.236] [bbotk]                                 uhash
INFO  [17:05:23.236] [bbotk]  692d3d43-3024-4935-b6db-53878afef881
INFO  [17:05:23.240] [bbotk] Evaluating 1 configuration(s)
INFO  [17:05:23.486] [bbotk] Result of batch 8:
INFO  [17:05:23.488] [bbotk]  nrounds       eta max_depth classif.ce warnings errors runtime_learners
INFO  [17:05:23.488] [bbotk]      118 0.1303263         2  0.1332947        0      0            0.201
INFO  [17:05:23.488] [bbotk]                                 uhash
INFO  [17:05:23.488] [bbotk]  6d1f4735-e390-4384-bd2f-75d1ac1d8ed1
INFO  [17:05:23.497] [bbotk] Evaluating 1 configuration(s)
INFO  [17:05:24.126] [bbotk] Result of batch 9:
INFO  [17:05:24.127] [bbotk]  nrounds       eta max_depth classif.ce warnings errors runtime_learners
INFO  [17:05:24.127] [bbotk]      265 0.1163138         3  0.1433066        0      0            0.598
INFO  [17:05:24.127] [bbotk]                                 uhash
INFO  [17:05:24.127] [bbotk]  39a6a772-bffb-455b-a4f7-d5c9774adeef
INFO  [17:05:24.131] [bbotk] Evaluating 1 configuration(s)
INFO  [17:05:24.733] [bbotk] Result of batch 10:
INFO  [17:05:24.735] [bbotk]  nrounds        eta max_depth classif.ce warnings errors runtime_learners
INFO  [17:05:24.735] [bbotk]      176 0.06360954         4  0.1375082        0      0            0.559
INFO  [17:05:24.735] [bbotk]                                 uhash
INFO  [17:05:24.735] [bbotk]  a507c38a-bac0-4029-907f-673bd4a9adfb
INFO  [17:05:24.745] [bbotk] Finished optimizing after 10 evaluation(s)
INFO  [17:05:24.745] [bbotk] Result:
INFO  [17:05:24.746] [bbotk]  nrounds       eta max_depth learner_param_vals  x_domain classif.ce
INFO  [17:05:24.746] [bbotk]    <int>     <num>     <int>             <list>    <list>      <num>
INFO  [17:05:24.746] [bbotk]      136 0.1550584         2          <list[5]> <list[3]>  0.1317149

### [bt]: Job terminated successfully [batchtools job.id=1893]
### [bt]: Starting job [batchtools job.id=1894]
### [bt]: Generating problem instance for problem '42e9f2146ba77696' ...
### [bt]: Applying algorithm 'run_learner' on problem '42e9f2146ba77696' for job 1894 (seed = 1895) ...
INFO  [17:05:25.494] [mlr3] Applying learner 'classif.xgboost.tuned_calib.tunefirst.oof_platt' on task 'kc1' (iter 4/10)
INFO  [17:05:25.532] [bbotk] Starting to optimize 3 parameter(s) with '<OptimizerBatchRandomSearch>' and '<TerminatorEvals> [n_evals=10, k=0]'
INFO  [17:05:25.551] [bbotk] Evaluating 1 configuration(s)
INFO  [17:05:26.525] [bbotk] Result of batch 1:
INFO  [17:05:26.526] [bbotk]  nrounds       eta max_depth classif.ce warnings errors runtime_learners
INFO  [17:05:26.526] [bbotk]      160 0.1956079         7  0.1512172        0      0            0.934
INFO  [17:05:26.526] [bbotk]                                 uhash
INFO  [17:05:26.526] [bbotk]  76630344-2ac7-49df-807a-76bc387fc1f3
INFO  [17:05:26.530] [bbotk] Evaluating 1 configuration(s)
INFO  [17:05:27.237] [bbotk] Result of batch 2:
INFO  [17:05:27.239] [bbotk]  nrounds        eta max_depth classif.ce warnings errors runtime_learners
INFO  [17:05:27.239] [bbotk]       96 0.09193297         8  0.1459454        0      0            0.663
INFO  [17:05:27.239] [bbotk]                                 uhash
INFO  [17:05:27.239] [bbotk]  00ff543e-38c9-4322-9a32-2d6275c3f65c
INFO  [17:05:27.246] [bbotk] Evaluating 1 configuration(s)
INFO  [17:05:27.438] [bbotk] Result of batch 3:
INFO  [17:05:27.440] [bbotk]  nrounds       eta max_depth classif.ce warnings errors runtime_learners
INFO  [17:05:27.440] [bbotk]       77 0.1000458         2  0.1422459        0      0            0.154
INFO  [17:05:27.440] [bbotk]                                 uhash
INFO  [17:05:27.440] [bbotk]  df47d96d-9122-4391-98cc-76078010c1e2
INFO  [17:05:27.451] [bbotk] Evaluating 1 configuration(s)
INFO  [17:05:27.836] [bbotk] Result of batch 4:
INFO  [17:05:27.839] [bbotk]  nrounds      eta max_depth classif.ce warnings errors runtime_learners
INFO  [17:05:27.839] [bbotk]      131 0.263622         3  0.1459446        0      0            0.315
INFO  [17:05:27.839] [bbotk]                                 uhash
INFO  [17:05:27.839] [bbotk]  41f6f32d-9b5e-42da-8aca-40ebafbe5c66
INFO  [17:05:27.845] [bbotk] Evaluating 1 configuration(s)
INFO  [17:05:29.491] [bbotk] Result of batch 5:
INFO  [17:05:29.492] [bbotk]  nrounds       eta max_depth classif.ce warnings errors runtime_learners
INFO  [17:05:29.492] [bbotk]      216 0.1273503        10  0.1496316        0      0            1.597
INFO  [17:05:29.492] [bbotk]                                 uhash
INFO  [17:05:29.492] [bbotk]  1eeec66b-5bda-4e31-a962-94e5b89235fa
INFO  [17:05:29.497] [bbotk] Evaluating 1 configuration(s)
INFO  [17:05:30.792] [bbotk] Result of batch 6:
INFO  [17:05:30.794] [bbotk]  nrounds       eta max_depth classif.ce warnings errors runtime_learners
INFO  [17:05:30.794] [bbotk]      266 0.1827882         6  0.1517388        0      0            1.254
INFO  [17:05:30.794] [bbotk]                                 uhash
INFO  [17:05:30.794] [bbotk]  e53401b4-2a5a-4283-9cd0-85de84870528
INFO  [17:05:30.800] [bbotk] Evaluating 1 configuration(s)
INFO  [17:05:30.990] [bbotk] Result of batch 7:
INFO  [17:05:30.992] [bbotk]  nrounds       eta max_depth classif.ce warnings errors runtime_learners
INFO  [17:05:30.992] [bbotk]       52 0.1812876         3  0.1422501        0      0            0.141
INFO  [17:05:30.992] [bbotk]                                 uhash
INFO  [17:05:30.992] [bbotk]  ead3034c-cf93-4351-ba23-d170b3adcff8
INFO  [17:05:31.000] [bbotk] Evaluating 1 configuration(s)
INFO  [17:05:31.489] [bbotk] Result of batch 8:
INFO  [17:05:31.491] [bbotk]  nrounds       eta max_depth classif.ce warnings errors runtime_learners
INFO  [17:05:31.491] [bbotk]      115 0.2997877         4  0.1491083        0      0            0.438
INFO  [17:05:31.491] [bbotk]                                 uhash
INFO  [17:05:31.491] [bbotk]  849594b2-dc36-4eda-8d21-b1679ef7d581
INFO  [17:05:31.496] [bbotk] Evaluating 1 configuration(s)
INFO  [17:05:32.905] [bbotk] Result of batch 9:
INFO  [17:05:32.906] [bbotk]  nrounds       eta max_depth classif.ce warnings errors runtime_learners
INFO  [17:05:32.906] [bbotk]      210 0.2477668         9  0.1496324        0      0            1.359
INFO  [17:05:32.906] [bbotk]                                 uhash
INFO  [17:05:32.906] [bbotk]  555f6936-712a-42c3-9d3d-a87ffda5d215
INFO  [17:05:32.910] [bbotk] Evaluating 1 configuration(s)
INFO  [17:05:33.439] [bbotk] Result of batch 10:
INFO  [17:05:33.440] [bbotk]  nrounds       eta max_depth classif.ce warnings errors runtime_learners
INFO  [17:05:33.440] [bbotk]       75 0.2900597         8  0.1517388        0      0            0.488
INFO  [17:05:33.440] [bbotk]                                 uhash
INFO  [17:05:33.440] [bbotk]  6dabbedb-300d-4d17-8364-75ef2858d7f8
INFO  [17:05:33.484] [bbotk] Finished optimizing after 10 evaluation(s)
INFO  [17:05:33.485] [bbotk] Result:
INFO  [17:05:33.487] [bbotk]  nrounds       eta max_depth learner_param_vals  x_domain classif.ce
INFO  [17:05:33.487] [bbotk]    <int>     <num>     <int>             <list>    <list>      <num>
INFO  [17:05:33.487] [bbotk]       77 0.1000458         2          <list[5]> <list[3]>  0.1422459

### [bt]: Job terminated successfully [batchtools job.id=1894]
### [bt]: Starting job [batchtools job.id=1895]
### [bt]: Generating problem instance for problem '42e9f2146ba77696' ...
### [bt]: Applying algorithm 'run_learner' on problem '42e9f2146ba77696' for job 1895 (seed = 1896) ...
INFO  [17:05:33.976] [mlr3] Applying learner 'classif.xgboost.tuned_calib.tunefirst.oof_platt' on task 'kc1' (iter 5/10)
INFO  [17:05:34.033] [bbotk] Starting to optimize 3 parameter(s) with '<OptimizerBatchRandomSearch>' and '<TerminatorEvals> [n_evals=10, k=0]'
INFO  [17:05:34.046] [bbotk] Evaluating 1 configuration(s)
INFO  [17:05:34.846] [bbotk] Result of batch 1:
INFO  [17:05:34.848] [bbotk]  nrounds       eta max_depth classif.ce warnings errors runtime_learners
INFO  [17:05:34.848] [bbotk]      295 0.2902478         3  0.1459487        0      0            0.755
INFO  [17:05:34.848] [bbotk]                                 uhash
INFO  [17:05:34.848] [bbotk]  943ad195-5a14-4b68-a27a-784f7e8343b7
INFO  [17:05:34.857] [bbotk] Evaluating 1 configuration(s)
INFO  [17:05:35.874] [bbotk] Result of batch 2:
INFO  [17:05:35.875] [bbotk]  nrounds       eta max_depth classif.ce warnings errors runtime_learners
INFO  [17:05:35.875] [bbotk]      137 0.2465197         9  0.1469978        0      0            0.974
INFO  [17:05:35.875] [bbotk]                                 uhash
INFO  [17:05:35.875] [bbotk]  b54cf5b7-8c2d-44e6-b84a-ab4ce91c925f
INFO  [17:05:35.882] [bbotk] Evaluating 1 configuration(s)
INFO  [17:05:36.505] [bbotk] Result of batch 3:
INFO  [17:05:36.506] [bbotk]  nrounds        eta max_depth classif.ce warnings errors runtime_learners
INFO  [17:05:36.506] [bbotk]      278 0.06071874         2  0.1438374        0      0            0.589
INFO  [17:05:36.506] [bbotk]                                 uhash
INFO  [17:05:36.506] [bbotk]  fdab442f-00fb-407e-b8aa-37b21185b187
INFO  [17:05:36.510] [bbotk] Evaluating 1 configuration(s)
INFO  [17:05:37.162] [bbotk] Result of batch 4:
INFO  [17:05:37.163] [bbotk]  nrounds       eta max_depth classif.ce warnings errors runtime_learners
INFO  [17:05:37.163] [bbotk]      230 0.2226478         3  0.1422609        0      0            0.593
INFO  [17:05:37.163] [bbotk]                                 uhash
INFO  [17:05:37.163] [bbotk]  ee83e5c9-e7b9-4f6d-b5f7-4f6ced8c1cd2
INFO  [17:05:37.169] [bbotk] Evaluating 1 configuration(s)
INFO  [17:05:37.634] [bbotk] Result of batch 5:
INFO  [17:05:37.635] [bbotk]  nrounds      eta max_depth classif.ce warnings errors runtime_learners
INFO  [17:05:37.635] [bbotk]      119 0.271545         4  0.1433099        0      0            0.397
INFO  [17:05:37.635] [bbotk]                                 uhash
INFO  [17:05:37.635] [bbotk]  e8786f6c-eed0-4f1f-a0d9-da104693d41a
INFO  [17:05:37.645] [bbotk] Evaluating 1 configuration(s)
INFO  [17:05:39.001] [bbotk] Result of batch 6:
INFO  [17:05:39.002] [bbotk]  nrounds       eta max_depth classif.ce warnings errors runtime_learners
INFO  [17:05:39.002] [bbotk]      276 0.2842383         6   0.144364        0      0            1.306
INFO  [17:05:39.002] [bbotk]                                 uhash
INFO  [17:05:39.002] [bbotk]  091ecdeb-3e32-4bcb-a717-1cb918500e8c
INFO  [17:05:39.007] [bbotk] Evaluating 1 configuration(s)
INFO  [17:05:39.957] [bbotk] Result of batch 7:
INFO  [17:05:39.960] [bbotk]  nrounds       eta max_depth classif.ce warnings errors runtime_learners
INFO  [17:05:39.960] [bbotk]      238 0.1556854         5  0.1464745        0      0            0.908
INFO  [17:05:39.960] [bbotk]                                 uhash
INFO  [17:05:39.960] [bbotk]  84251e10-a980-444c-9906-bdc55ed0d1b8
INFO  [17:05:39.971] [bbotk] Evaluating 1 configuration(s)
INFO  [17:05:41.171] [bbotk] Result of batch 8:
INFO  [17:05:41.173] [bbotk]  nrounds        eta max_depth classif.ce warnings errors runtime_learners
INFO  [17:05:41.173] [bbotk]      239 0.02470746         6  0.1427875        0      0             1.16
INFO  [17:05:41.173] [bbotk]                                 uhash
INFO  [17:05:41.173] [bbotk]  343cbf1c-7f3c-494f-9e5b-e62cec4ca61f
INFO  [17:05:41.178] [bbotk] Evaluating 1 configuration(s)
INFO  [17:05:42.005] [bbotk] Result of batch 9:
INFO  [17:05:42.008] [bbotk]  nrounds        eta max_depth classif.ce warnings errors runtime_learners
INFO  [17:05:42.008] [bbotk]      121 0.01376727         9  0.1422593        0      0            0.769
INFO  [17:05:42.008] [bbotk]                                 uhash
INFO  [17:05:42.008] [bbotk]  d4c4ca10-f4c3-49ec-ae3b-c2658e5cf33e
INFO  [17:05:42.025] [bbotk] Evaluating 1 configuration(s)
INFO  [17:05:42.754] [bbotk] Result of batch 10:
INFO  [17:05:42.759] [bbotk]  nrounds       eta max_depth classif.ce warnings errors runtime_learners
INFO  [17:05:42.759] [bbotk]      165 0.2199988         5  0.1417343        0      0            0.675
INFO  [17:05:42.759] [bbotk]                                 uhash
INFO  [17:05:42.759] [bbotk]  b911061a-8970-4b23-9507-bf4feee90a17
INFO  [17:05:42.768] [bbotk] Finished optimizing after 10 evaluation(s)
INFO  [17:05:42.768] [bbotk] Result:
INFO  [17:05:42.770] [bbotk]  nrounds       eta max_depth learner_param_vals  x_domain classif.ce
INFO  [17:05:42.770] [bbotk]    <int>     <num>     <int>             <list>    <list>      <num>
INFO  [17:05:42.770] [bbotk]      165 0.2199988         5          <list[5]> <list[3]>  0.1417343

### [bt]: Job terminated successfully [batchtools job.id=1895]
### [bt]: Calculation finished!
