### [bt]: This is batchtools v0.9.17
### [bt]: Starting calculation of 5 jobs
### [bt]: Setting working directory to '/Users/User/Documents/Studium/Semester8/Hiwi/mlr3calibration/vignettes'
### [bt]: Memory measurement disabled
### [bt]: Starting job [batchtools job.id=3621]
### [bt]: Generating problem instance for problem '01ea4b20a58e68c2' ...
### [bt]: Applying algorithm 'run_learner' on problem '01ea4b20a58e68c2' for job 3621 (seed = 3622) ...
INFO  [17:33:33.530] [mlr3] Applying learner 'classif.naive_bayes.tuned_calib.tunefirst.perfold_beta' on task 'wilt' (iter 1/10)
INFO  [17:33:33.579] [bbotk] Starting to optimize 1 parameter(s) with '<OptimizerBatchRandomSearch>' and '<TerminatorEvals> [n_evals=3, k=0]'
INFO  [17:33:33.589] [bbotk] Evaluating 1 configuration(s)
INFO  [17:33:33.948] [bbotk] Result of batch 1:
INFO  [17:33:33.949] [bbotk]    laplace classif.ce warnings errors runtime_learners
INFO  [17:33:33.949] [bbotk]  0.7366915    0.10654        0      0            0.317
INFO  [17:33:33.949] [bbotk]                                 uhash
INFO  [17:33:33.949] [bbotk]  ff3ba681-de09-4470-a923-cad61f082890
INFO  [17:33:33.957] [bbotk] Evaluating 1 configuration(s)
INFO  [17:33:34.375] [bbotk] Result of batch 2:
INFO  [17:33:34.377] [bbotk]    laplace classif.ce warnings errors runtime_learners
INFO  [17:33:34.377] [bbotk]  0.8933643    0.10654        0      0            0.363
INFO  [17:33:34.377] [bbotk]                                 uhash
INFO  [17:33:34.377] [bbotk]  d3899224-1f8b-485a-a769-53e2788e2e31
INFO  [17:33:34.379] [bbotk] Evaluating 1 configuration(s)
INFO  [17:33:34.764] [bbotk] Result of batch 3:
INFO  [17:33:34.765] [bbotk]    laplace classif.ce warnings errors runtime_learners
INFO  [17:33:34.765] [bbotk]  0.4880021    0.10654        0      0            0.348
INFO  [17:33:34.765] [bbotk]                                 uhash
INFO  [17:33:34.765] [bbotk]  deef0fe2-6987-4cfb-9f4a-99cf255631dc
INFO  [17:33:34.773] [bbotk] Finished optimizing after 3 evaluation(s)
INFO  [17:33:34.774] [bbotk] Result:
INFO  [17:33:34.774] [bbotk]    laplace learner_param_vals  x_domain classif.ce
INFO  [17:33:34.774] [bbotk]      <num>             <list>    <list>      <num>
INFO  [17:33:34.774] [bbotk]  0.7366915          <list[1]> <list[1]>    0.10654
[1] -121.0564
[1] 3.02882
[1] -91.81633
[1] 11.31283
[1] -94.3056
[1] -0.6831993
[1] -92.37315
[1] -0.7882668
Warning: glm.fit: fitted probabilities numerically 0 or 1 occurred
This happened PipeOp classif.naive_bayes's $train()
Warning: glm.fit: fitted probabilities numerically 0 or 1 occurred
This happened PipeOp classif.naive_bayes's $train()
[1] -0.547366
[1] 52.11943
Warning in value[[3L]](cond) :
  beta_calibration failed: uniroot endpoint sign mismatch.
This happened PipeOp classif.naive_bayes's $train()
Warning: glm.fit: fitted probabilities numerically 0 or 1 occurred
This happened PipeOp classif.naive_bayes's $train()

### [bt]: Job terminated successfully [batchtools job.id=3621]
### [bt]: Starting job [batchtools job.id=3622]
### [bt]: Generating problem instance for problem '01ea4b20a58e68c2' ...
### [bt]: Applying algorithm 'run_learner' on problem '01ea4b20a58e68c2' for job 3622 (seed = 3623) ...
INFO  [17:33:35.655] [mlr3] Applying learner 'classif.naive_bayes.tuned_calib.tunefirst.perfold_beta' on task 'wilt' (iter 2/10)
INFO  [17:33:35.737] [bbotk] Starting to optimize 1 parameter(s) with '<OptimizerBatchRandomSearch>' and '<TerminatorEvals> [n_evals=3, k=0]'
INFO  [17:33:35.742] [bbotk] Evaluating 1 configuration(s)
INFO  [17:33:36.159] [bbotk] Result of batch 1:
INFO  [17:33:36.160] [bbotk]    laplace classif.ce warnings errors runtime_learners
INFO  [17:33:36.160] [bbotk]  0.1909347  0.1138952        0      0            0.352
INFO  [17:33:36.160] [bbotk]                                 uhash
INFO  [17:33:36.160] [bbotk]  8d8e1264-42c4-4276-9c3a-db457ed9fd27
INFO  [17:33:36.168] [bbotk] Evaluating 1 configuration(s)
INFO  [17:33:36.549] [bbotk] Result of batch 2:
INFO  [17:33:36.550] [bbotk]    laplace classif.ce warnings errors runtime_learners
INFO  [17:33:36.550] [bbotk]  0.5825389  0.1138952        0      0            0.332
INFO  [17:33:36.550] [bbotk]                                 uhash
INFO  [17:33:36.550] [bbotk]  1db89be7-611b-4f76-95c7-19ed8d112562
INFO  [17:33:36.553] [bbotk] Evaluating 1 configuration(s)
INFO  [17:33:36.921] [bbotk] Result of batch 3:
INFO  [17:33:36.922] [bbotk]    laplace classif.ce warnings errors runtime_learners
INFO  [17:33:36.922] [bbotk]  0.3849224  0.1138952        0      0            0.292
INFO  [17:33:36.922] [bbotk]                                 uhash
INFO  [17:33:36.922] [bbotk]  23e5791f-e74d-4b8f-9421-7e3742ee9ace
INFO  [17:33:36.943] [bbotk] Finished optimizing after 3 evaluation(s)
INFO  [17:33:36.943] [bbotk] Result:
INFO  [17:33:36.944] [bbotk]    laplace learner_param_vals  x_domain classif.ce
INFO  [17:33:36.944] [bbotk]      <num>             <list>    <list>      <num>
INFO  [17:33:36.944] [bbotk]  0.1909347          <list[1]> <list[1]>  0.1138952
[1] -103.6337
[1] 1.224794
[1] -124.4734
[1] -2.092173
[1] -2.231838
[1] 23.91934
Warning in value[[3L]](cond) :
  beta_calibration failed: uniroot endpoint sign mismatch.
This happened PipeOp classif.naive_bayes's $train()
Warning: glm.fit: fitted probabilities numerically 0 or 1 occurred
This happened PipeOp classif.naive_bayes's $train()
[1] -78.19115
[1] 11.21717
[1] -85.81798
[1] 4.90031

### [bt]: Job terminated successfully [batchtools job.id=3622]
### [bt]: Starting job [batchtools job.id=3623]
### [bt]: Generating problem instance for problem '01ea4b20a58e68c2' ...
### [bt]: Applying algorithm 'run_learner' on problem '01ea4b20a58e68c2' for job 3623 (seed = 3624) ...
INFO  [17:33:37.716] [mlr3] Applying learner 'classif.naive_bayes.tuned_calib.tunefirst.perfold_beta' on task 'wilt' (iter 3/10)
INFO  [17:33:37.787] [bbotk] Starting to optimize 1 parameter(s) with '<OptimizerBatchRandomSearch>' and '<TerminatorEvals> [n_evals=3, k=0]'
INFO  [17:33:37.794] [bbotk] Evaluating 1 configuration(s)
INFO  [17:33:38.178] [bbotk] Result of batch 1:
INFO  [17:33:38.179] [bbotk]    laplace classif.ce warnings errors runtime_learners
INFO  [17:33:38.179] [bbotk]  0.1917131  0.1161871        0      0             0.33
INFO  [17:33:38.179] [bbotk]                                 uhash
INFO  [17:33:38.179] [bbotk]  00446acc-d8fe-4cbf-b4a1-7c9101bf04bb
INFO  [17:33:38.182] [bbotk] Evaluating 1 configuration(s)
INFO  [17:33:38.573] [bbotk] Result of batch 2:
INFO  [17:33:38.575] [bbotk]    laplace classif.ce warnings errors runtime_learners
INFO  [17:33:38.575] [bbotk]  0.8672697  0.1161871        0      0            0.334
INFO  [17:33:38.575] [bbotk]                                 uhash
INFO  [17:33:38.575] [bbotk]  03d4b51e-946f-4ec9-8be2-7a45e90def42
INFO  [17:33:38.577] [bbotk] Evaluating 1 configuration(s)
INFO  [17:33:38.935] [bbotk] Result of batch 3:
INFO  [17:33:38.936] [bbotk]    laplace classif.ce warnings errors runtime_learners
INFO  [17:33:38.936] [bbotk]  0.7594788  0.1161871        0      0            0.301
INFO  [17:33:38.936] [bbotk]                                 uhash
INFO  [17:33:38.936] [bbotk]  f3138202-0d6b-4d4d-be38-804172a2401e
INFO  [17:33:38.949] [bbotk] Finished optimizing after 3 evaluation(s)
INFO  [17:33:38.950] [bbotk] Result:
INFO  [17:33:38.951] [bbotk]    laplace learner_param_vals  x_domain classif.ce
INFO  [17:33:38.951] [bbotk]      <num>             <list>    <list>      <num>
INFO  [17:33:38.951] [bbotk]  0.1917131          <list[1]> <list[1]>  0.1161871
[1] -2.411439
[1] 17.15375
Warning in value[[3L]](cond) :
  beta_calibration failed: uniroot endpoint sign mismatch.
This happened PipeOp classif.naive_bayes's $train()
Warning: glm.fit: fitted probabilities numerically 0 or 1 occurred
This happened PipeOp classif.naive_bayes's $train()
[1] -87.71232
[1] 3.048861
[1] -120.5386
[1] 2.212945
[1] -112.4623
[1] -0.9302368
[1] -110.8149
[1] 1.989475

### [bt]: Job terminated successfully [batchtools job.id=3623]
### [bt]: Starting job [batchtools job.id=3624]
### [bt]: Generating problem instance for problem '01ea4b20a58e68c2' ...
### [bt]: Applying algorithm 'run_learner' on problem '01ea4b20a58e68c2' for job 3624 (seed = 3625) ...
INFO  [17:33:39.643] [mlr3] Applying learner 'classif.naive_bayes.tuned_calib.tunefirst.perfold_beta' on task 'wilt' (iter 4/10)
INFO  [17:33:39.680] [bbotk] Starting to optimize 1 parameter(s) with '<OptimizerBatchRandomSearch>' and '<TerminatorEvals> [n_evals=3, k=0]'
INFO  [17:33:39.687] [bbotk] Evaluating 1 configuration(s)
INFO  [17:33:40.015] [bbotk] Result of batch 1:
INFO  [17:33:40.020] [bbotk]     laplace classif.ce warnings errors runtime_learners
INFO  [17:33:40.020] [bbotk]  0.09428501  0.1063196        0      0            0.287
INFO  [17:33:40.020] [bbotk]                                 uhash
INFO  [17:33:40.020] [bbotk]  dc359fd6-da67-42e4-a9e7-727c1894d2ac
INFO  [17:33:40.030] [bbotk] Evaluating 1 configuration(s)
INFO  [17:33:40.393] [bbotk] Result of batch 2:
INFO  [17:33:40.394] [bbotk]    laplace classif.ce warnings errors runtime_learners
INFO  [17:33:40.394] [bbotk]  0.7686392  0.1063196        0      0            0.316
INFO  [17:33:40.394] [bbotk]                                 uhash
INFO  [17:33:40.394] [bbotk]  5c829d1d-9e6a-484e-9d85-35b6f6050665
INFO  [17:33:40.396] [bbotk] Evaluating 1 configuration(s)
INFO  [17:33:40.749] [bbotk] Result of batch 3:
INFO  [17:33:40.750] [bbotk]    laplace classif.ce warnings errors runtime_learners
INFO  [17:33:40.750] [bbotk]  0.9018185  0.1063196        0      0            0.316
INFO  [17:33:40.750] [bbotk]                                 uhash
INFO  [17:33:40.750] [bbotk]  b50d13a3-7313-48ec-955a-afc5683b7d70
INFO  [17:33:40.763] [bbotk] Finished optimizing after 3 evaluation(s)
INFO  [17:33:40.764] [bbotk] Result:
INFO  [17:33:40.764] [bbotk]     laplace learner_param_vals  x_domain classif.ce
INFO  [17:33:40.764] [bbotk]       <num>             <list>    <list>      <num>
INFO  [17:33:40.764] [bbotk]  0.09428501          <list[1]> <list[1]>  0.1063196
[1] -107.4573
[1] 1.707279
Warning: glm.fit: fitted probabilities numerically 0 or 1 occurred
This happened PipeOp classif.naive_bayes's $train()
Warning: glm.fit: fitted probabilities numerically 0 or 1 occurred
This happened PipeOp classif.naive_bayes's $train()
[1] -0.207433
[1] 52.13002
Warning in value[[3L]](cond) :
  beta_calibration failed: uniroot endpoint sign mismatch.
This happened PipeOp classif.naive_bayes's $train()
Warning: glm.fit: fitted probabilities numerically 0 or 1 occurred
This happened PipeOp classif.naive_bayes's $train()
[1] -110.5258
[1] -1.297786
[1] -113.4097
[1] -1.301346
[1] -79.4219
[1] 4.571375

### [bt]: Job terminated successfully [batchtools job.id=3624]
### [bt]: Starting job [batchtools job.id=3625]
### [bt]: Generating problem instance for problem '01ea4b20a58e68c2' ...
### [bt]: Applying algorithm 'run_learner' on problem '01ea4b20a58e68c2' for job 3625 (seed = 3626) ...
INFO  [17:33:41.519] [mlr3] Applying learner 'classif.naive_bayes.tuned_calib.tunefirst.perfold_beta' on task 'wilt' (iter 5/10)
INFO  [17:33:41.562] [bbotk] Starting to optimize 1 parameter(s) with '<OptimizerBatchRandomSearch>' and '<TerminatorEvals> [n_evals=3, k=0]'
INFO  [17:33:41.574] [bbotk] Evaluating 1 configuration(s)
INFO  [17:33:41.970] [bbotk] Result of batch 1:
INFO  [17:33:41.971] [bbotk]    laplace classif.ce warnings errors runtime_learners
INFO  [17:33:41.971] [bbotk]  0.3125215   0.105165        0      0            0.348
INFO  [17:33:41.971] [bbotk]                                 uhash
INFO  [17:33:41.971] [bbotk]  6ab8b092-1541-49c9-8419-d38fbc214c6e
INFO  [17:33:41.973] [bbotk] Evaluating 1 configuration(s)
INFO  [17:33:42.334] [bbotk] Result of batch 2:
INFO  [17:33:42.337] [bbotk]    laplace classif.ce warnings errors runtime_learners
INFO  [17:33:42.337] [bbotk]  0.3086191   0.105165        0      0            0.308
INFO  [17:33:42.337] [bbotk]                                 uhash
INFO  [17:33:42.337] [bbotk]  015905d3-e929-455e-a6a2-86baeed81c98
INFO  [17:33:42.343] [bbotk] Evaluating 1 configuration(s)
INFO  [17:33:42.730] [bbotk] Result of batch 3:
INFO  [17:33:42.731] [bbotk]     laplace classif.ce warnings errors runtime_learners
INFO  [17:33:42.731] [bbotk]  0.09884055   0.105165        0      0            0.335
INFO  [17:33:42.731] [bbotk]                                 uhash
INFO  [17:33:42.731] [bbotk]  bce350cd-568b-476c-abb6-f69846fe6b9e
INFO  [17:33:42.746] [bbotk] Finished optimizing after 3 evaluation(s)
INFO  [17:33:42.746] [bbotk] Result:
INFO  [17:33:42.747] [bbotk]    laplace learner_param_vals  x_domain classif.ce
INFO  [17:33:42.747] [bbotk]      <num>             <list>    <list>      <num>
INFO  [17:33:42.747] [bbotk]  0.3125215          <list[1]> <list[1]>   0.105165
[1] -108.1322
[1] -1.222648
[1] -83.21305
[1] 4.6664
[1] -109.3085
[1] -2.550644
[1] -102.1598
[1] 4.863788
Warning: glm.fit: fitted probabilities numerically 0 or 1 occurred
This happened PipeOp classif.naive_bayes's $train()
Warning: glm.fit: fitted probabilities numerically 0 or 1 occurred
This happened PipeOp classif.naive_bayes's $train()
[1] -0.284587
[1] 72.27185
Warning in value[[3L]](cond) :
  beta_calibration failed: uniroot endpoint sign mismatch.
This happened PipeOp classif.naive_bayes's $train()
Warning: glm.fit: fitted probabilities numerically 0 or 1 occurred
This happened PipeOp classif.naive_bayes's $train()

### [bt]: Job terminated successfully [batchtools job.id=3625]
### [bt]: Calculation finished!
