### [bt]: This is batchtools v0.9.17
### [bt]: Starting calculation of 5 jobs
### [bt]: Setting working directory to '/Users/User/Documents/Studium/Semester8/Hiwi/mlr3calibration/vignettes'
### [bt]: Memory measurement disabled
### [bt]: Starting job [batchtools job.id=3466]
### [bt]: Generating problem instance for problem '6fbfe6520e3d949c' ...
### [bt]: Applying algorithm 'run_learner' on problem '6fbfe6520e3d949c' for job 3466 (seed = 3467) ...
INFO  [17:32:20.564] [mlr3] Applying learner 'classif.xgboost.tuned_calib.tunefirst.oof_beta' on task 'banknote-authentication' (iter 6/10)
INFO  [17:32:20.617] [bbotk] Starting to optimize 3 parameter(s) with '<OptimizerBatchRandomSearch>' and '<TerminatorEvals> [n_evals=10, k=0]'
INFO  [17:32:20.632] [bbotk] Evaluating 1 configuration(s)
INFO  [17:32:20.769] [bbotk] Result of batch 1:
INFO  [17:32:20.770] [bbotk]  nrounds       eta max_depth  classif.ce warnings errors runtime_learners
INFO  [17:32:20.770] [bbotk]      100 0.2279191        10 0.003240183        0      0            0.079
INFO  [17:32:20.770] [bbotk]                                 uhash
INFO  [17:32:20.770] [bbotk]  139aa46d-cebe-465a-bd59-efdc35e7fdc8
INFO  [17:32:20.774] [bbotk] Evaluating 1 configuration(s)
INFO  [17:32:21.063] [bbotk] Result of batch 2:
INFO  [17:32:21.064] [bbotk]  nrounds        eta max_depth  classif.ce warnings errors runtime_learners
INFO  [17:32:21.064] [bbotk]      290 0.07002322         3 0.002427184        0      0            0.255
INFO  [17:32:21.064] [bbotk]                                 uhash
INFO  [17:32:21.064] [bbotk]  c229ba88-6e34-420f-a1c0-a774bb57e596
INFO  [17:32:21.068] [bbotk] Evaluating 1 configuration(s)
INFO  [17:32:21.360] [bbotk] Result of batch 3:
INFO  [17:32:21.361] [bbotk]  nrounds        eta max_depth  classif.ce warnings errors runtime_learners
INFO  [17:32:21.361] [bbotk]      255 0.07958834         6 0.003236246        0      0            0.247
INFO  [17:32:21.361] [bbotk]                                 uhash
INFO  [17:32:21.361] [bbotk]  478a4a28-bed2-409c-9623-e05e92d63b78
INFO  [17:32:21.365] [bbotk] Evaluating 1 configuration(s)
INFO  [17:32:21.540] [bbotk] Result of batch 4:
INFO  [17:32:21.541] [bbotk]  nrounds       eta max_depth  classif.ce warnings errors runtime_learners
INFO  [17:32:21.541] [bbotk]      141 0.1714646         7 0.002427184        0      0            0.112
INFO  [17:32:21.541] [bbotk]                                 uhash
INFO  [17:32:21.541] [bbotk]  541f6b6c-96d3-4005-9c27-f404b9738f7c
INFO  [17:32:21.557] [bbotk] Evaluating 1 configuration(s)
INFO  [17:32:21.707] [bbotk] Result of batch 5:
INFO  [17:32:21.708] [bbotk]  nrounds       eta max_depth  classif.ce warnings errors runtime_learners
INFO  [17:32:21.708] [bbotk]      125 0.2323207        10 0.003238214        0      0            0.104
INFO  [17:32:21.708] [bbotk]                                 uhash
INFO  [17:32:21.708] [bbotk]  ea57c9ed-fd98-4b0f-ac5d-7f62a97e3bfe
INFO  [17:32:21.713] [bbotk] Evaluating 1 configuration(s)
INFO  [17:32:22.024] [bbotk] Result of batch 6:
INFO  [17:32:22.025] [bbotk]  nrounds        eta max_depth  classif.ce warnings errors runtime_learners
INFO  [17:32:22.025] [bbotk]      213 0.03165402         9 0.004856337        0      0            0.271
INFO  [17:32:22.025] [bbotk]                                 uhash
INFO  [17:32:22.025] [bbotk]  6c531f0b-0033-497f-bd3b-b898cfcc649e
INFO  [17:32:22.030] [bbotk] Evaluating 1 configuration(s)
INFO  [17:32:22.181] [bbotk] Result of batch 7:
INFO  [17:32:22.182] [bbotk]  nrounds        eta max_depth  classif.ce warnings errors runtime_learners
INFO  [17:32:22.182] [bbotk]       71 0.06774539        10 0.005665399        0      0            0.097
INFO  [17:32:22.182] [bbotk]                                 uhash
INFO  [17:32:22.182] [bbotk]  1af1ca36-928f-4666-bbe2-b029924068ca
INFO  [17:32:22.191] [bbotk] Evaluating 1 configuration(s)
INFO  [17:32:22.375] [bbotk] Result of batch 8:
INFO  [17:32:22.376] [bbotk]  nrounds       eta max_depth  classif.ce warnings errors runtime_learners
INFO  [17:32:22.376] [bbotk]      298 0.1800685         2 0.003240183        0      0            0.138
INFO  [17:32:22.376] [bbotk]                                 uhash
INFO  [17:32:22.376] [bbotk]  1c97c212-8fd9-49f7-b32e-1a12048ab698
INFO  [17:32:22.381] [bbotk] Evaluating 1 configuration(s)
INFO  [17:32:22.612] [bbotk] Result of batch 9:
INFO  [17:32:22.613] [bbotk]  nrounds       eta max_depth  classif.ce warnings errors runtime_learners
INFO  [17:32:22.613] [bbotk]      273 0.1748845         5 0.001618123        0      0            0.179
INFO  [17:32:22.613] [bbotk]                                 uhash
INFO  [17:32:22.613] [bbotk]  b716e6b7-476a-4a37-a76c-e5be904216b4
INFO  [17:32:22.617] [bbotk] Evaluating 1 configuration(s)
INFO  [17:32:22.803] [bbotk] Result of batch 10:
INFO  [17:32:22.804] [bbotk]  nrounds       eta max_depth  classif.ce warnings errors runtime_learners
INFO  [17:32:22.804] [bbotk]      275 0.2967083         2 0.004862243        0      0            0.137
INFO  [17:32:22.804] [bbotk]                                 uhash
INFO  [17:32:22.804] [bbotk]  252263cd-35a9-4269-8623-e2be6f9fe92c
INFO  [17:32:22.815] [bbotk] Finished optimizing after 10 evaluation(s)
INFO  [17:32:22.816] [bbotk] Result:
INFO  [17:32:22.818] [bbotk]  nrounds       eta max_depth learner_param_vals  x_domain  classif.ce
INFO  [17:32:22.818] [bbotk]    <int>     <num>     <int>             <list>    <list>       <num>
INFO  [17:32:22.818] [bbotk]      273 0.1748845         5          <list[5]> <list[3]> 0.001618123
[1] -36.18711
[1] 57.72191

### [bt]: Job terminated successfully [batchtools job.id=3466]
### [bt]: Starting job [batchtools job.id=3467]
### [bt]: Generating problem instance for problem '6fbfe6520e3d949c' ...
### [bt]: Applying algorithm 'run_learner' on problem '6fbfe6520e3d949c' for job 3467 (seed = 3468) ...
INFO  [17:32:23.338] [mlr3] Applying learner 'classif.xgboost.tuned_calib.tunefirst.oof_beta' on task 'banknote-authentication' (iter 7/10)
INFO  [17:32:23.395] [bbotk] Starting to optimize 3 parameter(s) with '<OptimizerBatchRandomSearch>' and '<TerminatorEvals> [n_evals=10, k=0]'
INFO  [17:32:23.417] [bbotk] Evaluating 1 configuration(s)
INFO  [17:32:23.652] [bbotk] Result of batch 1:
INFO  [17:32:23.653] [bbotk]  nrounds        eta max_depth classif.ce warnings errors runtime_learners
INFO  [17:32:23.653] [bbotk]      182 0.04724572         5 0.01296664        0      0            0.193
INFO  [17:32:23.653] [bbotk]                                 uhash
INFO  [17:32:23.653] [bbotk]  105b80bd-24b5-403c-b5f3-d8c58d13d624
INFO  [17:32:23.657] [bbotk] Evaluating 1 configuration(s)
INFO  [17:32:23.868] [bbotk] Result of batch 2:
INFO  [17:32:23.869] [bbotk]  nrounds       eta max_depth classif.ce warnings errors runtime_learners
INFO  [17:32:23.869] [bbotk]      279 0.2516532         7 0.01053355        0      0            0.166
INFO  [17:32:23.869] [bbotk]                                 uhash
INFO  [17:32:23.869] [bbotk]  5226b51e-dd45-4a56-953f-853b0447fbc8
INFO  [17:32:23.874] [bbotk] Evaluating 1 configuration(s)
INFO  [17:32:24.113] [bbotk] Result of batch 3:
INFO  [17:32:24.114] [bbotk]  nrounds        eta max_depth classif.ce warnings errors runtime_learners
INFO  [17:32:24.114] [bbotk]      260 0.07499095         5 0.01215561        0      0            0.201
INFO  [17:32:24.114] [bbotk]                                 uhash
INFO  [17:32:24.114] [bbotk]  660859de-d2b1-4676-b6ed-9f46c178c840
INFO  [17:32:24.126] [bbotk] Evaluating 1 configuration(s)
INFO  [17:32:24.329] [bbotk] Result of batch 4:
INFO  [17:32:24.330] [bbotk]  nrounds       eta max_depth classif.ce warnings errors runtime_learners
INFO  [17:32:24.330] [bbotk]      104 0.0330224         9 0.01620485        0      0            0.157
INFO  [17:32:24.330] [bbotk]                                 uhash
INFO  [17:32:24.330] [bbotk]  6d712c52-747c-401a-8266-cd71dc235055
INFO  [17:32:24.337] [bbotk] Evaluating 1 configuration(s)
INFO  [17:32:24.453] [bbotk] Result of batch 5:
INFO  [17:32:24.455] [bbotk]  nrounds       eta max_depth classif.ce warnings errors runtime_learners
INFO  [17:32:24.455] [bbotk]       51 0.1708477         9 0.01296467        0      0            0.075
INFO  [17:32:24.455] [bbotk]                                 uhash
INFO  [17:32:24.455] [bbotk]  afd24803-a684-49a6-ad38-8f72cff45e4a
INFO  [17:32:24.462] [bbotk] Evaluating 1 configuration(s)
INFO  [17:32:24.591] [bbotk] Result of batch 6:
INFO  [17:32:24.593] [bbotk]  nrounds       eta max_depth classif.ce warnings errors runtime_learners
INFO  [17:32:24.593] [bbotk]       86 0.1236399         9 0.01296467        0      0            0.096
INFO  [17:32:24.593] [bbotk]                                 uhash
INFO  [17:32:24.593] [bbotk]  075ed444-478d-4b55-a01b-f70f18d4d205
INFO  [17:32:24.596] [bbotk] Evaluating 1 configuration(s)
INFO  [17:32:24.782] [bbotk] Result of batch 7:
INFO  [17:32:24.783] [bbotk]  nrounds       eta max_depth classif.ce warnings errors runtime_learners
INFO  [17:32:24.783] [bbotk]      238 0.1079864        10 0.01215364        0      0             0.15
INFO  [17:32:24.783] [bbotk]                                 uhash
INFO  [17:32:24.783] [bbotk]  0aab5652-3a1d-471e-a6bc-50aca52f1903
INFO  [17:32:24.788] [bbotk] Evaluating 1 configuration(s)
INFO  [17:32:24.958] [bbotk] Result of batch 8:
INFO  [17:32:24.959] [bbotk]  nrounds       eta max_depth  classif.ce warnings errors runtime_learners
INFO  [17:32:24.959] [bbotk]      192 0.1133101         2 0.005675242        0      0            0.126
INFO  [17:32:24.959] [bbotk]                                 uhash
INFO  [17:32:24.959] [bbotk]  be5261aa-bad9-4123-827d-d2a96cd4e7d6
INFO  [17:32:24.969] [bbotk] Evaluating 1 configuration(s)
INFO  [17:32:25.194] [bbotk] Result of batch 9:
INFO  [17:32:25.197] [bbotk]  nrounds       eta max_depth  classif.ce warnings errors runtime_learners
INFO  [17:32:25.197] [bbotk]      260 0.1090514         3 0.008917393        0      0            0.183
INFO  [17:32:25.197] [bbotk]                                 uhash
INFO  [17:32:25.197] [bbotk]  6abe9aca-2c10-4783-b155-b5760cbb01de
INFO  [17:32:25.202] [bbotk] Evaluating 1 configuration(s)
INFO  [17:32:25.343] [bbotk] Result of batch 10:
INFO  [17:32:25.344] [bbotk]  nrounds       eta max_depth classif.ce warnings errors runtime_learners
INFO  [17:32:25.344] [bbotk]      120 0.1914558        10 0.01053552        0      0            0.098
INFO  [17:32:25.344] [bbotk]                                 uhash
INFO  [17:32:25.344] [bbotk]  036c2c3e-d1e2-4c9e-bbdc-efebc27c0ad8
INFO  [17:32:25.354] [bbotk] Finished optimizing after 10 evaluation(s)
INFO  [17:32:25.354] [bbotk] Result:
INFO  [17:32:25.355] [bbotk]  nrounds       eta max_depth learner_param_vals  x_domain  classif.ce
INFO  [17:32:25.355] [bbotk]    <int>     <num>     <int>             <list>    <list>       <num>
INFO  [17:32:25.355] [bbotk]      192 0.1133101         2          <list[5]> <list[3]> 0.005675242
[1] -46.37291
[1] 84.02528

### [bt]: Job terminated successfully [batchtools job.id=3467]
### [bt]: Starting job [batchtools job.id=3468]
### [bt]: Generating problem instance for problem '6fbfe6520e3d949c' ...
### [bt]: Applying algorithm 'run_learner' on problem '6fbfe6520e3d949c' for job 3468 (seed = 3469) ...
INFO  [17:32:25.725] [mlr3] Applying learner 'classif.xgboost.tuned_calib.tunefirst.oof_beta' on task 'banknote-authentication' (iter 8/10)
INFO  [17:32:25.771] [bbotk] Starting to optimize 3 parameter(s) with '<OptimizerBatchRandomSearch>' and '<TerminatorEvals> [n_evals=10, k=0]'
INFO  [17:32:25.785] [bbotk] Evaluating 1 configuration(s)
INFO  [17:32:25.919] [bbotk] Result of batch 1:
INFO  [17:32:25.920] [bbotk]  nrounds       eta max_depth  classif.ce warnings errors runtime_learners
INFO  [17:32:25.920] [bbotk]      127 0.2525857         3 0.004047276        0      0            0.087
INFO  [17:32:25.920] [bbotk]                                 uhash
INFO  [17:32:25.920] [bbotk]  6c0bb363-86f2-4d76-9896-f2f4ab1e2e37
INFO  [17:32:25.928] [bbotk] Evaluating 1 configuration(s)
INFO  [17:32:26.097] [bbotk] Result of batch 2:
INFO  [17:32:26.098] [bbotk]  nrounds       eta max_depth  classif.ce warnings errors runtime_learners
INFO  [17:32:26.098] [bbotk]      214 0.1785656        10 0.007287459        0      0            0.129
INFO  [17:32:26.098] [bbotk]                                 uhash
INFO  [17:32:26.098] [bbotk]  44bd04f4-3a90-4f49-9616-080274a8a006
INFO  [17:32:26.110] [bbotk] Evaluating 1 configuration(s)
INFO  [17:32:26.263] [bbotk] Result of batch 3:
INFO  [17:32:26.266] [bbotk]  nrounds       eta max_depth classif.ce warnings errors runtime_learners
INFO  [17:32:26.266] [bbotk]       93 0.0956506        10 0.00890755        0      0            0.108
INFO  [17:32:26.266] [bbotk]                                 uhash
INFO  [17:32:26.266] [bbotk]  ff271e94-f07b-452e-88e2-b2b487ac639e
INFO  [17:32:26.276] [bbotk] Evaluating 1 configuration(s)
INFO  [17:32:26.456] [bbotk] Result of batch 4:
INFO  [17:32:26.457] [bbotk]  nrounds       eta max_depth  classif.ce warnings errors runtime_learners
INFO  [17:32:26.457] [bbotk]      225 0.2425365         7 0.007287459        0      0            0.137
INFO  [17:32:26.457] [bbotk]                                 uhash
INFO  [17:32:26.457] [bbotk]  e0ba8b13-b8a8-4c05-858b-7d74496df415
INFO  [17:32:26.462] [bbotk] Evaluating 1 configuration(s)
INFO  [17:32:26.741] [bbotk] Result of batch 5:
INFO  [17:32:26.743] [bbotk]  nrounds      eta max_depth  classif.ce warnings errors runtime_learners
INFO  [17:32:26.743] [bbotk]      247 0.258212         7 0.007287459        0      0            0.244
INFO  [17:32:26.743] [bbotk]                                 uhash
INFO  [17:32:26.743] [bbotk]  7eae26c5-0cf1-4818-93b4-c35930ca6ddf
INFO  [17:32:26.750] [bbotk] Evaluating 1 configuration(s)
INFO  [17:32:26.954] [bbotk] Result of batch 6:
INFO  [17:32:26.955] [bbotk]  nrounds       eta max_depth  classif.ce warnings errors runtime_learners
INFO  [17:32:26.955] [bbotk]      257 0.1669556         6 0.007287459        0      0            0.155
INFO  [17:32:26.955] [bbotk]                                 uhash
INFO  [17:32:26.955] [bbotk]  e208f25a-9873-4739-b46a-371bf70f4475
INFO  [17:32:26.964] [bbotk] Evaluating 1 configuration(s)
INFO  [17:32:27.170] [bbotk] Result of batch 7:
INFO  [17:32:27.172] [bbotk]  nrounds       eta max_depth  classif.ce warnings errors runtime_learners
INFO  [17:32:27.172] [bbotk]      297 0.1728118         9 0.007287459        0      0            0.157
INFO  [17:32:27.172] [bbotk]                                 uhash
INFO  [17:32:27.172] [bbotk]  0fcdcca9-7ad9-4712-a993-94425da22d75
INFO  [17:32:27.183] [bbotk] Evaluating 1 configuration(s)
INFO  [17:32:27.393] [bbotk] Result of batch 8:
INFO  [17:32:27.396] [bbotk]  nrounds        eta max_depth  classif.ce warnings errors runtime_learners
INFO  [17:32:27.396] [bbotk]      141 0.04357988         7 0.009716612        0      0            0.151
INFO  [17:32:27.396] [bbotk]                                 uhash
INFO  [17:32:27.396] [bbotk]  1f6b7e40-bf82-4631-9c94-a41f8b3d6d19
INFO  [17:32:27.406] [bbotk] Evaluating 1 configuration(s)
INFO  [17:32:27.607] [bbotk] Result of batch 9:
INFO  [17:32:27.608] [bbotk]  nrounds        eta max_depth  classif.ce warnings errors runtime_learners
INFO  [17:32:27.608] [bbotk]      150 0.04680953         7 0.009716612        0      0            0.157
INFO  [17:32:27.608] [bbotk]                                 uhash
INFO  [17:32:27.608] [bbotk]  2460dc82-66ac-4326-a359-ed366fc97b22
INFO  [17:32:27.614] [bbotk] Evaluating 1 configuration(s)
INFO  [17:32:27.824] [bbotk] Result of batch 10:
INFO  [17:32:27.825] [bbotk]  nrounds        eta max_depth  classif.ce warnings errors runtime_learners
INFO  [17:32:27.825] [bbotk]      264 0.09603107         9 0.008098489        0      0            0.177
INFO  [17:32:27.825] [bbotk]                                 uhash
INFO  [17:32:27.825] [bbotk]  b0d9bb79-2dc8-4caa-8745-81ecd626bc7d
INFO  [17:32:27.834] [bbotk] Finished optimizing after 10 evaluation(s)
INFO  [17:32:27.834] [bbotk] Result:
INFO  [17:32:27.835] [bbotk]  nrounds       eta max_depth learner_param_vals  x_domain  classif.ce
INFO  [17:32:27.835] [bbotk]    <int>     <num>     <int>             <list>    <list>       <num>
INFO  [17:32:27.835] [bbotk]      127 0.2525857         3          <list[5]> <list[3]> 0.004047276
[1] -44.02183
[1] 74.67288

### [bt]: Job terminated successfully [batchtools job.id=3468]
### [bt]: Starting job [batchtools job.id=3469]
### [bt]: Generating problem instance for problem '6fbfe6520e3d949c' ...
### [bt]: Applying algorithm 'run_learner' on problem '6fbfe6520e3d949c' for job 3469 (seed = 3470) ...
INFO  [17:32:28.218] [mlr3] Applying learner 'classif.xgboost.tuned_calib.tunefirst.oof_beta' on task 'banknote-authentication' (iter 9/10)
INFO  [17:32:28.261] [bbotk] Starting to optimize 3 parameter(s) with '<OptimizerBatchRandomSearch>' and '<TerminatorEvals> [n_evals=10, k=0]'
INFO  [17:32:28.273] [bbotk] Evaluating 1 configuration(s)
INFO  [17:32:28.459] [bbotk] Result of batch 1:
INFO  [17:32:28.459] [bbotk]  nrounds        eta max_depth  classif.ce warnings errors runtime_learners
INFO  [17:32:28.459] [bbotk]      172 0.07106641         3 0.005669336        0      0            0.143
INFO  [17:32:28.459] [bbotk]                                 uhash
INFO  [17:32:28.459] [bbotk]  8dcb4acd-6779-43dc-bbb4-48369959a232
INFO  [17:32:28.463] [bbotk] Evaluating 1 configuration(s)
INFO  [17:32:28.598] [bbotk] Result of batch 2:
INFO  [17:32:28.599] [bbotk]  nrounds       eta max_depth  classif.ce warnings errors runtime_learners
INFO  [17:32:28.599] [bbotk]       62 0.1851569         4 0.008909519        0      0            0.076
INFO  [17:32:28.599] [bbotk]                                 uhash
INFO  [17:32:28.599] [bbotk]  f894c422-c0fe-49b2-9336-cdf75d6d5b1f
INFO  [17:32:28.604] [bbotk] Evaluating 1 configuration(s)
INFO  [17:32:28.803] [bbotk] Result of batch 3:
INFO  [17:32:28.805] [bbotk]  nrounds        eta max_depth classif.ce warnings errors runtime_learners
INFO  [17:32:28.805] [bbotk]      103 0.03992065         9 0.01376782        0      0            0.155
INFO  [17:32:28.805] [bbotk]                                 uhash
INFO  [17:32:28.805] [bbotk]  afaa86b6-2b16-4fc7-9f9b-46b8cdfd4444
INFO  [17:32:28.816] [bbotk] Evaluating 1 configuration(s)
INFO  [17:32:28.993] [bbotk] Result of batch 4:
INFO  [17:32:28.995] [bbotk]  nrounds       eta max_depth  classif.ce warnings errors runtime_learners
INFO  [17:32:28.995] [bbotk]      197 0.2156239         6 0.007289427        0      0            0.122
INFO  [17:32:28.995] [bbotk]                                 uhash
INFO  [17:32:28.995] [bbotk]  068dbba9-3089-435d-9ae8-ed82290091e5
INFO  [17:32:29.001] [bbotk] Evaluating 1 configuration(s)
INFO  [17:32:29.189] [bbotk] Result of batch 5:
INFO  [17:32:29.191] [bbotk]  nrounds        eta max_depth  classif.ce warnings errors runtime_learners
INFO  [17:32:29.191] [bbotk]      115 0.08354378         6 0.008909519        0      0            0.148
INFO  [17:32:29.191] [bbotk]                                 uhash
INFO  [17:32:29.191] [bbotk]  437fa4ca-59c8-4a73-9808-0e34f16274cd
INFO  [17:32:29.200] [bbotk] Evaluating 1 configuration(s)
INFO  [17:32:29.522] [bbotk] Result of batch 6:
INFO  [17:32:29.524] [bbotk]  nrounds        eta max_depth classif.ce warnings errors runtime_learners
INFO  [17:32:29.524] [bbotk]      288 0.06344273         8 0.00890755        0      0            0.247
INFO  [17:32:29.524] [bbotk]                                 uhash
INFO  [17:32:29.524] [bbotk]  ba7a3e18-a3e7-49f9-b5ea-067220140e4c
INFO  [17:32:29.530] [bbotk] Evaluating 1 configuration(s)
INFO  [17:32:29.693] [bbotk] Result of batch 7:
INFO  [17:32:29.694] [bbotk]  nrounds       eta max_depth  classif.ce warnings errors runtime_learners
INFO  [17:32:29.694] [bbotk]      221 0.2825619         9 0.007289427        0      0            0.113
INFO  [17:32:29.694] [bbotk]                                 uhash
INFO  [17:32:29.694] [bbotk]  1abec243-29dc-45d3-828d-8e0d67ae98a1
INFO  [17:32:29.702] [bbotk] Evaluating 1 configuration(s)
INFO  [17:32:29.826] [bbotk] Result of batch 8:
INFO  [17:32:29.828] [bbotk]  nrounds        eta max_depth classif.ce warnings errors runtime_learners
INFO  [17:32:29.828] [bbotk]       57 0.09144215        10 0.01538595        0      0            0.085
INFO  [17:32:29.828] [bbotk]                                 uhash
INFO  [17:32:29.828] [bbotk]  5bde4713-e349-453b-872d-fd465835e115
INFO  [17:32:29.837] [bbotk] Evaluating 1 configuration(s)
INFO  [17:32:30.087] [bbotk] Result of batch 9:
INFO  [17:32:30.088] [bbotk]  nrounds        eta max_depth classif.ce warnings errors runtime_learners
INFO  [17:32:30.088] [bbotk]      157 0.02729218         6 0.01376782        0      0            0.197
INFO  [17:32:30.088] [bbotk]                                 uhash
INFO  [17:32:30.088] [bbotk]  a36015aa-ad00-4cce-92ca-ad8d292c129f
INFO  [17:32:30.092] [bbotk] Evaluating 1 configuration(s)
INFO  [17:32:30.220] [bbotk] Result of batch 10:
INFO  [17:32:30.221] [bbotk]  nrounds        eta max_depth classif.ce warnings errors runtime_learners
INFO  [17:32:30.221] [bbotk]       79 0.09624434        10  0.0113367        0      0            0.083
INFO  [17:32:30.221] [bbotk]                                 uhash
INFO  [17:32:30.221] [bbotk]  d23f3b58-bfa5-4656-85da-22c65ce3923f
INFO  [17:32:30.232] [bbotk] Finished optimizing after 10 evaluation(s)
INFO  [17:32:30.233] [bbotk] Result:
INFO  [17:32:30.234] [bbotk]  nrounds        eta max_depth learner_param_vals  x_domain  classif.ce
INFO  [17:32:30.234] [bbotk]    <int>      <num>     <int>             <list>    <list>       <num>
INFO  [17:32:30.234] [bbotk]      172 0.07106641         3          <list[5]> <list[3]> 0.005669336
[1] -57.58351
[1] 49.45428

### [bt]: Job terminated successfully [batchtools job.id=3469]
### [bt]: Starting job [batchtools job.id=3470]
### [bt]: Generating problem instance for problem '6fbfe6520e3d949c' ...
### [bt]: Applying algorithm 'run_learner' on problem '6fbfe6520e3d949c' for job 3470 (seed = 3471) ...
INFO  [17:32:30.622] [mlr3] Applying learner 'classif.xgboost.tuned_calib.tunefirst.oof_beta' on task 'banknote-authentication' (iter 10/10)
INFO  [17:32:30.659] [bbotk] Starting to optimize 3 parameter(s) with '<OptimizerBatchRandomSearch>' and '<TerminatorEvals> [n_evals=10, k=0]'
INFO  [17:32:30.670] [bbotk] Evaluating 1 configuration(s)
INFO  [17:32:30.878] [bbotk] Result of batch 1:
INFO  [17:32:30.880] [bbotk]  nrounds        eta max_depth  classif.ce warnings errors runtime_learners
INFO  [17:32:30.880] [bbotk]      134 0.04225609         4 0.007287459        0      0            0.156
INFO  [17:32:30.880] [bbotk]                                 uhash
INFO  [17:32:30.880] [bbotk]  16512f9d-f2cc-4b41-b5fa-76e83b1b1387
INFO  [17:32:30.887] [bbotk] Evaluating 1 configuration(s)
INFO  [17:32:31.058] [bbotk] Result of batch 2:
INFO  [17:32:31.060] [bbotk]  nrounds        eta max_depth classif.ce warnings errors runtime_learners
INFO  [17:32:31.060] [bbotk]      109 0.01314417        10 0.01863204        0      0            0.127
INFO  [17:32:31.060] [bbotk]                                 uhash
INFO  [17:32:31.060] [bbotk]  485673b3-e65f-4758-a05a-5865b81bf47c
INFO  [17:32:31.067] [bbotk] Evaluating 1 configuration(s)
INFO  [17:32:31.198] [bbotk] Result of batch 3:
INFO  [17:32:31.199] [bbotk]  nrounds       eta max_depth  classif.ce warnings errors runtime_learners
INFO  [17:32:31.199] [bbotk]      185 0.2878675         4 0.004860274        0      0            0.092
INFO  [17:32:31.199] [bbotk]                                 uhash
INFO  [17:32:31.199] [bbotk]  65fc1c53-2b68-4b9e-a37d-21be5511b71f
INFO  [17:32:31.209] [bbotk] Evaluating 1 configuration(s)
INFO  [17:32:31.438] [bbotk] Result of batch 4:
INFO  [17:32:31.439] [bbotk]  nrounds        eta max_depth classif.ce warnings errors runtime_learners
INFO  [17:32:31.439] [bbotk]      166 0.03325769         8 0.01296073        0      0            0.182
INFO  [17:32:31.439] [bbotk]                                 uhash
INFO  [17:32:31.439] [bbotk]  7b98f31f-7500-47cf-b37c-50a0b08cca17
INFO  [17:32:31.445] [bbotk] Evaluating 1 configuration(s)
INFO  [17:32:31.638] [bbotk] Result of batch 5:
INFO  [17:32:31.640] [bbotk]  nrounds       eta max_depth  classif.ce warnings errors runtime_learners
INFO  [17:32:31.640] [bbotk]      254 0.1347392         9 0.008909519        0      0            0.149
INFO  [17:32:31.640] [bbotk]                                 uhash
INFO  [17:32:31.640] [bbotk]  6d52978c-e0d2-4319-8de2-6a876df98959
INFO  [17:32:31.653] [bbotk] Evaluating 1 configuration(s)
INFO  [17:32:31.798] [bbotk] Result of batch 6:
INFO  [17:32:31.800] [bbotk]  nrounds       eta max_depth  classif.ce warnings errors runtime_learners
INFO  [17:32:31.800] [bbotk]      171 0.1361251         4 0.005669336        0      0            0.104
INFO  [17:32:31.800] [bbotk]                                 uhash
INFO  [17:32:31.800] [bbotk]  fd395ebe-2b67-442d-b3d9-851a4a4020b9
INFO  [17:32:31.807] [bbotk] Evaluating 1 configuration(s)
INFO  [17:32:31.943] [bbotk] Result of batch 7:
INFO  [17:32:31.944] [bbotk]  nrounds        eta max_depth  classif.ce warnings errors runtime_learners
INFO  [17:32:31.944] [bbotk]       84 0.08896233         5 0.008098489        0      0            0.091
INFO  [17:32:31.944] [bbotk]                                 uhash
INFO  [17:32:31.944] [bbotk]  20391018-f7aa-4907-80e5-87850f50359c
INFO  [17:32:31.948] [bbotk] Evaluating 1 configuration(s)
INFO  [17:32:32.112] [bbotk] Result of batch 8:
INFO  [17:32:32.113] [bbotk]  nrounds       eta max_depth  classif.ce warnings errors runtime_learners
INFO  [17:32:32.113] [bbotk]      227 0.1991111         6 0.007287459        0      0             0.12
INFO  [17:32:32.113] [bbotk]                                 uhash
INFO  [17:32:32.113] [bbotk]  ef097c39-cf12-457f-8b71-26c7bd1760b7
INFO  [17:32:32.124] [bbotk] Evaluating 1 configuration(s)
INFO  [17:32:32.314] [bbotk] Result of batch 9:
INFO  [17:32:32.315] [bbotk]  nrounds       eta max_depth  classif.ce warnings errors runtime_learners
INFO  [17:32:32.315] [bbotk]      232 0.1472578         7 0.007287459        0      0            0.148
INFO  [17:32:32.315] [bbotk]                                 uhash
INFO  [17:32:32.315] [bbotk]  1ffd5c72-120d-47a3-915d-50ae6c063481
INFO  [17:32:32.322] [bbotk] Evaluating 1 configuration(s)
INFO  [17:32:32.443] [bbotk] Result of batch 10:
INFO  [17:32:32.444] [bbotk]  nrounds       eta max_depth  classif.ce warnings errors runtime_learners
INFO  [17:32:32.444] [bbotk]      167 0.2576883         6 0.007287459        0      0            0.087
INFO  [17:32:32.444] [bbotk]                                 uhash
INFO  [17:32:32.444] [bbotk]  7f604bfc-6290-48c2-ad23-136dd3400202
INFO  [17:32:32.453] [bbotk] Finished optimizing after 10 evaluation(s)
INFO  [17:32:32.453] [bbotk] Result:
INFO  [17:32:32.454] [bbotk]  nrounds       eta max_depth learner_param_vals  x_domain  classif.ce
INFO  [17:32:32.454] [bbotk]    <int>     <num>     <int>             <list>    <list>       <num>
INFO  [17:32:32.454] [bbotk]      185 0.2878675         4          <list[5]> <list[3]> 0.004860274
[1] -34.72456
[1] 62.3595

### [bt]: Job terminated successfully [batchtools job.id=3470]
### [bt]: Calculation finished!
