### [bt]: This is batchtools v0.9.17
### [bt]: Starting calculation of 5 jobs
### [bt]: Setting working directory to '/Users/User/Documents/Studium/Semester8/Hiwi/mlr3calibration/vignettes'
### [bt]: Memory measurement disabled
### [bt]: Starting job [batchtools job.id=2341]
### [bt]: Generating problem instance for problem '34d90df810f60583' ...
### [bt]: Applying algorithm 'run_learner' on problem '34d90df810f60583' for job 2341 (seed = 2342) ...
INFO  [17:10:45.145] [mlr3] Applying learner 'classif.naive_bayes.tuned' on task 'phoneme' (iter 1/10)
INFO  [17:10:45.174] [bbotk] Starting to optimize 1 parameter(s) with '<OptimizerBatchRandomSearch>' and '<TerminatorEvals> [n_evals=3, k=0]'
INFO  [17:10:45.178] [bbotk] Evaluating 1 configuration(s)
INFO  [17:10:45.180] [mlr3] Running benchmark with 3 resampling iterations
INFO  [17:10:45.183] [mlr3] Applying learner 'classif.naive_bayes' on task 'phoneme' (iter 1/3)
INFO  [17:10:45.268] [mlr3] Applying learner 'classif.naive_bayes' on task 'phoneme' (iter 2/3)
INFO  [17:10:45.339] [mlr3] Applying learner 'classif.naive_bayes' on task 'phoneme' (iter 3/3)
INFO  [17:10:45.404] [mlr3] Finished benchmark
INFO  [17:10:45.414] [bbotk] Result of batch 1:
INFO  [17:10:45.415] [bbotk]     laplace classif.ce warnings errors runtime_learners
INFO  [17:10:45.415] [bbotk]  0.09132607  0.2364795        0      0             0.21
INFO  [17:10:45.415] [bbotk]                                 uhash
INFO  [17:10:45.415] [bbotk]  c35a7e15-4a95-42b0-af36-26fa57a6c989
INFO  [17:10:45.417] [bbotk] Evaluating 1 configuration(s)
INFO  [17:10:45.419] [mlr3] Running benchmark with 3 resampling iterations
INFO  [17:10:45.422] [mlr3] Applying learner 'classif.naive_bayes' on task 'phoneme' (iter 1/3)
INFO  [17:10:45.537] [mlr3] Applying learner 'classif.naive_bayes' on task 'phoneme' (iter 2/3)
INFO  [17:10:45.645] [mlr3] Applying learner 'classif.naive_bayes' on task 'phoneme' (iter 3/3)
INFO  [17:10:45.796] [mlr3] Finished benchmark
INFO  [17:10:45.814] [bbotk] Result of batch 2:
INFO  [17:10:45.815] [bbotk]    laplace classif.ce warnings errors runtime_learners
INFO  [17:10:45.815] [bbotk]  0.7539861  0.2364795        0      0            0.358
INFO  [17:10:45.815] [bbotk]                                 uhash
INFO  [17:10:45.815] [bbotk]  2d343fd0-f256-4aaf-8b17-d8fd411ecd87
INFO  [17:10:45.818] [bbotk] Evaluating 1 configuration(s)
INFO  [17:10:45.820] [mlr3] Running benchmark with 3 resampling iterations
INFO  [17:10:45.823] [mlr3] Applying learner 'classif.naive_bayes' on task 'phoneme' (iter 1/3)
INFO  [17:10:45.984] [mlr3] Applying learner 'classif.naive_bayes' on task 'phoneme' (iter 2/3)
INFO  [17:10:46.089] [mlr3] Applying learner 'classif.naive_bayes' on task 'phoneme' (iter 3/3)
INFO  [17:10:46.210] [mlr3] Finished benchmark
INFO  [17:10:46.224] [bbotk] Result of batch 3:
INFO  [17:10:46.225] [bbotk]    laplace classif.ce warnings errors runtime_learners
INFO  [17:10:46.225] [bbotk]  0.3965543  0.2364795        0      0            0.366
INFO  [17:10:46.225] [bbotk]                                 uhash
INFO  [17:10:46.225] [bbotk]  0df0dac1-4553-41ce-a9a0-1dae3cd3999e
INFO  [17:10:46.239] [bbotk] Finished optimizing after 3 evaluation(s)
INFO  [17:10:46.239] [bbotk] Result:
INFO  [17:10:46.242] [bbotk]     laplace learner_param_vals  x_domain classif.ce
INFO  [17:10:46.242] [bbotk]       <num>             <list>    <list>      <num>
INFO  [17:10:46.242] [bbotk]  0.09132607          <list[1]> <list[1]>  0.2364795

### [bt]: Job terminated successfully [batchtools job.id=2341]
### [bt]: Starting job [batchtools job.id=2342]
### [bt]: Generating problem instance for problem '34d90df810f60583' ...
### [bt]: Applying algorithm 'run_learner' on problem '34d90df810f60583' for job 2342 (seed = 2343) ...
INFO  [17:10:46.289] [mlr3] Applying learner 'classif.naive_bayes.tuned' on task 'phoneme' (iter 2/10)
INFO  [17:10:46.315] [bbotk] Starting to optimize 1 parameter(s) with '<OptimizerBatchRandomSearch>' and '<TerminatorEvals> [n_evals=3, k=0]'
INFO  [17:10:46.321] [bbotk] Evaluating 1 configuration(s)
INFO  [17:10:46.324] [mlr3] Running benchmark with 3 resampling iterations
INFO  [17:10:46.326] [mlr3] Applying learner 'classif.naive_bayes' on task 'phoneme' (iter 1/3)
INFO  [17:10:46.467] [mlr3] Applying learner 'classif.naive_bayes' on task 'phoneme' (iter 2/3)
INFO  [17:10:46.579] [mlr3] Applying learner 'classif.naive_bayes' on task 'phoneme' (iter 3/3)
INFO  [17:10:46.685] [mlr3] Finished benchmark
INFO  [17:10:46.708] [bbotk] Result of batch 1:
INFO  [17:10:46.709] [bbotk]    laplace classif.ce warnings errors runtime_learners
INFO  [17:10:46.709] [bbotk]  0.6501145  0.2414148        0      0            0.337
INFO  [17:10:46.709] [bbotk]                                 uhash
INFO  [17:10:46.709] [bbotk]  484b06f8-ab2f-4655-b880-cb9b268d295d
INFO  [17:10:46.711] [bbotk] Evaluating 1 configuration(s)
INFO  [17:10:46.714] [mlr3] Running benchmark with 3 resampling iterations
INFO  [17:10:46.716] [mlr3] Applying learner 'classif.naive_bayes' on task 'phoneme' (iter 1/3)
INFO  [17:10:46.868] [mlr3] Applying learner 'classif.naive_bayes' on task 'phoneme' (iter 2/3)
INFO  [17:10:46.987] [mlr3] Applying learner 'classif.naive_bayes' on task 'phoneme' (iter 3/3)
INFO  [17:10:47.080] [mlr3] Finished benchmark
INFO  [17:10:47.120] [bbotk] Result of batch 2:
INFO  [17:10:47.122] [bbotk]    laplace classif.ce warnings errors runtime_learners
INFO  [17:10:47.122] [bbotk]  0.7926997  0.2414148        0      0            0.337
INFO  [17:10:47.122] [bbotk]                                 uhash
INFO  [17:10:47.122] [bbotk]  b5fd26c3-472d-4490-9684-9b7dc3219d0f
INFO  [17:10:47.127] [bbotk] Evaluating 1 configuration(s)
INFO  [17:10:47.129] [mlr3] Running benchmark with 3 resampling iterations
INFO  [17:10:47.131] [mlr3] Applying learner 'classif.naive_bayes' on task 'phoneme' (iter 1/3)
INFO  [17:10:47.256] [mlr3] Applying learner 'classif.naive_bayes' on task 'phoneme' (iter 2/3)
INFO  [17:10:47.394] [mlr3] Applying learner 'classif.naive_bayes' on task 'phoneme' (iter 3/3)
INFO  [17:10:47.496] [mlr3] Finished benchmark
INFO  [17:10:47.508] [bbotk] Result of batch 3:
INFO  [17:10:47.509] [bbotk]    laplace classif.ce warnings errors runtime_learners
INFO  [17:10:47.509] [bbotk]  0.8588773  0.2414148        0      0            0.343
INFO  [17:10:47.509] [bbotk]                                 uhash
INFO  [17:10:47.509] [bbotk]  fd76446f-c134-436d-a603-0007575a4809
INFO  [17:10:47.521] [bbotk] Finished optimizing after 3 evaluation(s)
INFO  [17:10:47.521] [bbotk] Result:
INFO  [17:10:47.522] [bbotk]    laplace learner_param_vals  x_domain classif.ce
INFO  [17:10:47.522] [bbotk]      <num>             <list>    <list>      <num>
INFO  [17:10:47.522] [bbotk]  0.6501145          <list[1]> <list[1]>  0.2414148

### [bt]: Job terminated successfully [batchtools job.id=2342]
### [bt]: Starting job [batchtools job.id=2343]
### [bt]: Generating problem instance for problem '34d90df810f60583' ...
### [bt]: Applying algorithm 'run_learner' on problem '34d90df810f60583' for job 2343 (seed = 2344) ...
INFO  [17:10:47.576] [mlr3] Applying learner 'classif.naive_bayes.tuned' on task 'phoneme' (iter 3/10)
INFO  [17:10:47.604] [bbotk] Starting to optimize 1 parameter(s) with '<OptimizerBatchRandomSearch>' and '<TerminatorEvals> [n_evals=3, k=0]'
INFO  [17:10:47.609] [bbotk] Evaluating 1 configuration(s)
INFO  [17:10:47.614] [mlr3] Running benchmark with 3 resampling iterations
INFO  [17:10:47.619] [mlr3] Applying learner 'classif.naive_bayes' on task 'phoneme' (iter 1/3)
INFO  [17:10:47.739] [mlr3] Applying learner 'classif.naive_bayes' on task 'phoneme' (iter 2/3)
INFO  [17:10:47.838] [mlr3] Applying learner 'classif.naive_bayes' on task 'phoneme' (iter 3/3)
INFO  [17:10:47.940] [mlr3] Finished benchmark
INFO  [17:10:47.970] [bbotk] Result of batch 1:
INFO  [17:10:47.972] [bbotk]    laplace classif.ce warnings errors runtime_learners
INFO  [17:10:47.972] [bbotk]  0.2575889  0.2346288        0      0            0.309
INFO  [17:10:47.972] [bbotk]                                 uhash
INFO  [17:10:47.972] [bbotk]  7db03746-bc69-40d2-83c8-ba69d7e4f1e6
INFO  [17:10:47.982] [bbotk] Evaluating 1 configuration(s)
INFO  [17:10:47.988] [mlr3] Running benchmark with 3 resampling iterations
INFO  [17:10:47.990] [mlr3] Applying learner 'classif.naive_bayes' on task 'phoneme' (iter 1/3)
INFO  [17:10:48.131] [mlr3] Applying learner 'classif.naive_bayes' on task 'phoneme' (iter 2/3)
INFO  [17:10:48.256] [mlr3] Applying learner 'classif.naive_bayes' on task 'phoneme' (iter 3/3)
INFO  [17:10:48.364] [mlr3] Finished benchmark
INFO  [17:10:48.379] [bbotk] Result of batch 2:
INFO  [17:10:48.380] [bbotk]    laplace classif.ce warnings errors runtime_learners
INFO  [17:10:48.380] [bbotk]  0.9524761  0.2346288        0      0            0.353
INFO  [17:10:48.380] [bbotk]                                 uhash
INFO  [17:10:48.380] [bbotk]  ea2b79e2-9b00-4a0d-8b67-7c4220cce111
INFO  [17:10:48.385] [bbotk] Evaluating 1 configuration(s)
INFO  [17:10:48.388] [mlr3] Running benchmark with 3 resampling iterations
INFO  [17:10:48.390] [mlr3] Applying learner 'classif.naive_bayes' on task 'phoneme' (iter 1/3)
INFO  [17:10:48.516] [mlr3] Applying learner 'classif.naive_bayes' on task 'phoneme' (iter 2/3)
INFO  [17:10:48.631] [mlr3] Applying learner 'classif.naive_bayes' on task 'phoneme' (iter 3/3)
INFO  [17:10:48.730] [mlr3] Finished benchmark
INFO  [17:10:48.755] [bbotk] Result of batch 3:
INFO  [17:10:48.757] [bbotk]    laplace classif.ce warnings errors runtime_learners
INFO  [17:10:48.757] [bbotk]  0.7754197  0.2346288        0      0            0.325
INFO  [17:10:48.757] [bbotk]                                 uhash
INFO  [17:10:48.757] [bbotk]  8e48d134-f583-4184-96fe-f25c68af7412
INFO  [17:10:48.764] [bbotk] Finished optimizing after 3 evaluation(s)
INFO  [17:10:48.765] [bbotk] Result:
INFO  [17:10:48.765] [bbotk]    laplace learner_param_vals  x_domain classif.ce
INFO  [17:10:48.765] [bbotk]      <num>             <list>    <list>      <num>
INFO  [17:10:48.765] [bbotk]  0.2575889          <list[1]> <list[1]>  0.2346288

### [bt]: Job terminated successfully [batchtools job.id=2343]
### [bt]: Starting job [batchtools job.id=2344]
### [bt]: Generating problem instance for problem '34d90df810f60583' ...
### [bt]: Applying algorithm 'run_learner' on problem '34d90df810f60583' for job 2344 (seed = 2345) ...
INFO  [17:10:48.799] [mlr3] Applying learner 'classif.naive_bayes.tuned' on task 'phoneme' (iter 4/10)
INFO  [17:10:48.849] [bbotk] Starting to optimize 1 parameter(s) with '<OptimizerBatchRandomSearch>' and '<TerminatorEvals> [n_evals=3, k=0]'
INFO  [17:10:48.853] [bbotk] Evaluating 1 configuration(s)
INFO  [17:10:48.856] [mlr3] Running benchmark with 3 resampling iterations
INFO  [17:10:48.859] [mlr3] Applying learner 'classif.naive_bayes' on task 'phoneme' (iter 1/3)
INFO  [17:10:48.981] [mlr3] Applying learner 'classif.naive_bayes' on task 'phoneme' (iter 2/3)
INFO  [17:10:49.098] [mlr3] Applying learner 'classif.naive_bayes' on task 'phoneme' (iter 3/3)
INFO  [17:10:49.198] [mlr3] Finished benchmark
INFO  [17:10:49.222] [bbotk] Result of batch 1:
INFO  [17:10:49.223] [bbotk]    laplace classif.ce warnings errors runtime_learners
INFO  [17:10:49.223] [bbotk]  0.5825333   0.237919        0      0            0.313
INFO  [17:10:49.223] [bbotk]                                 uhash
INFO  [17:10:49.223] [bbotk]  908c2295-1658-40e4-b007-5fbffefe80c2
INFO  [17:10:49.226] [bbotk] Evaluating 1 configuration(s)
INFO  [17:10:49.231] [mlr3] Running benchmark with 3 resampling iterations
INFO  [17:10:49.241] [mlr3] Applying learner 'classif.naive_bayes' on task 'phoneme' (iter 1/3)
INFO  [17:10:49.357] [mlr3] Applying learner 'classif.naive_bayes' on task 'phoneme' (iter 2/3)
INFO  [17:10:49.462] [mlr3] Applying learner 'classif.naive_bayes' on task 'phoneme' (iter 3/3)
INFO  [17:10:49.547] [mlr3] Finished benchmark
INFO  [17:10:49.567] [bbotk] Result of batch 2:
INFO  [17:10:49.569] [bbotk]   laplace classif.ce warnings errors runtime_learners
INFO  [17:10:49.569] [bbotk]  0.333305   0.237919        0      0            0.289
INFO  [17:10:49.569] [bbotk]                                 uhash
INFO  [17:10:49.569] [bbotk]  73b144d3-b1d2-4415-8620-20e333759a92
INFO  [17:10:49.578] [bbotk] Evaluating 1 configuration(s)
INFO  [17:10:49.582] [mlr3] Running benchmark with 3 resampling iterations
INFO  [17:10:49.586] [mlr3] Applying learner 'classif.naive_bayes' on task 'phoneme' (iter 1/3)
INFO  [17:10:49.688] [mlr3] Applying learner 'classif.naive_bayes' on task 'phoneme' (iter 2/3)
INFO  [17:10:49.779] [mlr3] Applying learner 'classif.naive_bayes' on task 'phoneme' (iter 3/3)
INFO  [17:10:49.879] [mlr3] Finished benchmark
INFO  [17:10:49.892] [bbotk] Result of batch 3:
INFO  [17:10:49.893] [bbotk]    laplace classif.ce warnings errors runtime_learners
INFO  [17:10:49.893] [bbotk]  0.9085627   0.237919        0      0             0.28
INFO  [17:10:49.893] [bbotk]                                 uhash
INFO  [17:10:49.893] [bbotk]  a1095827-9599-4cc3-909d-8c71e512e659
INFO  [17:10:49.899] [bbotk] Finished optimizing after 3 evaluation(s)
INFO  [17:10:49.900] [bbotk] Result:
INFO  [17:10:49.901] [bbotk]    laplace learner_param_vals  x_domain classif.ce
INFO  [17:10:49.901] [bbotk]      <num>             <list>    <list>      <num>
INFO  [17:10:49.901] [bbotk]  0.5825333          <list[1]> <list[1]>   0.237919

### [bt]: Job terminated successfully [batchtools job.id=2344]
### [bt]: Starting job [batchtools job.id=2345]
### [bt]: Generating problem instance for problem '34d90df810f60583' ...
### [bt]: Applying algorithm 'run_learner' on problem '34d90df810f60583' for job 2345 (seed = 2346) ...
INFO  [17:10:49.966] [mlr3] Applying learner 'classif.naive_bayes.tuned' on task 'phoneme' (iter 5/10)
INFO  [17:10:50.003] [bbotk] Starting to optimize 1 parameter(s) with '<OptimizerBatchRandomSearch>' and '<TerminatorEvals> [n_evals=3, k=0]'
INFO  [17:10:50.012] [bbotk] Evaluating 1 configuration(s)
INFO  [17:10:50.016] [mlr3] Running benchmark with 3 resampling iterations
INFO  [17:10:50.021] [mlr3] Applying learner 'classif.naive_bayes' on task 'phoneme' (iter 1/3)
INFO  [17:10:50.129] [mlr3] Applying learner 'classif.naive_bayes' on task 'phoneme' (iter 2/3)
INFO  [17:10:50.250] [mlr3] Applying learner 'classif.naive_bayes' on task 'phoneme' (iter 3/3)
INFO  [17:10:50.407] [mlr3] Finished benchmark
INFO  [17:10:50.429] [bbotk] Result of batch 1:
INFO  [17:10:50.430] [bbotk]    laplace classif.ce warnings errors runtime_learners
INFO  [17:10:50.430] [bbotk]  0.9131771  0.2409524        0      0            0.363
INFO  [17:10:50.430] [bbotk]                                 uhash
INFO  [17:10:50.430] [bbotk]  604377c4-ddf7-43ea-91b5-4471aefaa010
INFO  [17:10:50.432] [bbotk] Evaluating 1 configuration(s)
INFO  [17:10:50.434] [mlr3] Running benchmark with 3 resampling iterations
INFO  [17:10:50.437] [mlr3] Applying learner 'classif.naive_bayes' on task 'phoneme' (iter 1/3)
INFO  [17:10:50.545] [mlr3] Applying learner 'classif.naive_bayes' on task 'phoneme' (iter 2/3)
INFO  [17:10:50.657] [mlr3] Applying learner 'classif.naive_bayes' on task 'phoneme' (iter 3/3)
INFO  [17:10:50.778] [mlr3] Finished benchmark
INFO  [17:10:50.797] [bbotk] Result of batch 2:
INFO  [17:10:50.799] [bbotk]    laplace classif.ce warnings errors runtime_learners
INFO  [17:10:50.799] [bbotk]  0.7234735  0.2409524        0      0            0.318
INFO  [17:10:50.799] [bbotk]                                 uhash
INFO  [17:10:50.799] [bbotk]  82c6aa4d-f930-4d53-a0c7-dca516b15fc0
INFO  [17:10:50.804] [bbotk] Evaluating 1 configuration(s)
INFO  [17:10:50.808] [mlr3] Running benchmark with 3 resampling iterations
INFO  [17:10:50.810] [mlr3] Applying learner 'classif.naive_bayes' on task 'phoneme' (iter 1/3)
INFO  [17:10:50.917] [mlr3] Applying learner 'classif.naive_bayes' on task 'phoneme' (iter 2/3)
INFO  [17:10:51.048] [mlr3] Applying learner 'classif.naive_bayes' on task 'phoneme' (iter 3/3)
INFO  [17:10:51.184] [mlr3] Finished benchmark
INFO  [17:10:51.204] [bbotk] Result of batch 3:
INFO  [17:10:51.209] [bbotk]    laplace classif.ce warnings errors runtime_learners
INFO  [17:10:51.209] [bbotk]  0.7049675  0.2409524        0      0            0.357
INFO  [17:10:51.209] [bbotk]                                 uhash
INFO  [17:10:51.209] [bbotk]  9e7a5cc7-78b8-47df-adec-b8416b01c898
INFO  [17:10:51.221] [bbotk] Finished optimizing after 3 evaluation(s)
INFO  [17:10:51.222] [bbotk] Result:
INFO  [17:10:51.223] [bbotk]    laplace learner_param_vals  x_domain classif.ce
INFO  [17:10:51.223] [bbotk]      <num>             <list>    <list>      <num>
INFO  [17:10:51.223] [bbotk]  0.9131771          <list[1]> <list[1]>  0.2409524

### [bt]: Job terminated successfully [batchtools job.id=2345]
### [bt]: Calculation finished!
