### [bt]: This is batchtools v0.9.17
### [bt]: Starting calculation of 5 jobs
### [bt]: Setting working directory to '/Users/User/Documents/Studium/Semester8/Hiwi/mlr3calibration/vignettes'
### [bt]: Memory measurement disabled
### [bt]: Starting job [batchtools job.id=1361]
### [bt]: Generating problem instance for problem '78e20b4b43a56ff6' ...
### [bt]: Applying algorithm 'run_learner' on problem '78e20b4b43a56ff6' for job 1361 (seed = 1362) ...
INFO  [16:50:32.585] [mlr3] Applying learner 'classif.ranger.tuned_calib.perfold_isotonic' on task 'pc3' (iter 1/10)
INFO  [16:50:32.682] [bbotk] Starting to optimize 1 parameter(s) with '<OptimizerBatchRandomSearch>' and '<TerminatorEvals> [n_evals=3, k=0]'
INFO  [16:50:32.703] [bbotk] Evaluating 1 configuration(s)
INFO  [16:50:33.252] [bbotk] Result of batch 1:
INFO  [16:50:33.261] [bbotk]  num.trees classif.ce warnings errors runtime_learners
INFO  [16:50:33.261] [bbotk]        484  0.1005229        0      0            0.456
INFO  [16:50:33.261] [bbotk]                                 uhash
INFO  [16:50:33.261] [bbotk]  4198a5be-92a6-4731-90b8-a14abba464c8
INFO  [16:50:33.269] [bbotk] Evaluating 1 configuration(s)
INFO  [16:50:33.692] [bbotk] Result of batch 2:
INFO  [16:50:33.693] [bbotk]  num.trees classif.ce warnings errors runtime_learners
INFO  [16:50:33.693] [bbotk]        381 0.09785383        0      0            0.379
INFO  [16:50:33.693] [bbotk]                                 uhash
INFO  [16:50:33.693] [bbotk]  ae9789d8-4c04-4410-a01c-049352c51408
INFO  [16:50:33.695] [bbotk] Evaluating 1 configuration(s)
INFO  [16:50:33.886] [bbotk] Result of batch 3:
INFO  [16:50:33.887] [bbotk]  num.trees classif.ce warnings errors runtime_learners
INFO  [16:50:33.887] [bbotk]        137 0.09696494        0      0             0.14
INFO  [16:50:33.887] [bbotk]                                 uhash
INFO  [16:50:33.887] [bbotk]  9ede58df-fffe-48f9-868a-45c7f35bab1b
INFO  [16:50:33.897] [bbotk] Finished optimizing after 3 evaluation(s)
INFO  [16:50:33.897] [bbotk] Result:
INFO  [16:50:33.898] [bbotk]  num.trees learner_param_vals  x_domain classif.ce
INFO  [16:50:33.898] [bbotk]      <int>             <list>    <list>      <num>
INFO  [16:50:33.898] [bbotk]        137          <list[2]> <list[1]> 0.09696494
INFO  [16:50:34.045] [bbotk] Starting to optimize 1 parameter(s) with '<OptimizerBatchRandomSearch>' and '<TerminatorEvals> [n_evals=3, k=0]'
INFO  [16:50:34.055] [bbotk] Evaluating 1 configuration(s)
INFO  [16:50:34.495] [bbotk] Result of batch 1:
INFO  [16:50:34.496] [bbotk]  num.trees classif.ce warnings errors runtime_learners
INFO  [16:50:34.496] [bbotk]        456  0.1066667        0      0            0.396
INFO  [16:50:34.496] [bbotk]                                 uhash
INFO  [16:50:34.496] [bbotk]  abcba60a-2775-431a-83d8-e0e432ee4772
INFO  [16:50:34.499] [bbotk] Evaluating 1 configuration(s)
INFO  [16:50:34.670] [bbotk] Result of batch 2:
INFO  [16:50:34.671] [bbotk]  num.trees classif.ce warnings errors runtime_learners
INFO  [16:50:34.671] [bbotk]        186  0.1111111        0      0            0.142
INFO  [16:50:34.671] [bbotk]                                 uhash
INFO  [16:50:34.671] [bbotk]  bfa4ae1e-ca68-4aed-ab07-237e65c1cacd
INFO  [16:50:34.673] [bbotk] Evaluating 1 configuration(s)
INFO  [16:50:35.046] [bbotk] Result of batch 3:
INFO  [16:50:35.047] [bbotk]  num.trees classif.ce warnings errors runtime_learners
INFO  [16:50:35.047] [bbotk]        447  0.1111111        0      0            0.343
INFO  [16:50:35.047] [bbotk]                                 uhash
INFO  [16:50:35.047] [bbotk]  bd557033-385e-46dd-99f6-34f386e15064
INFO  [16:50:35.056] [bbotk] Finished optimizing after 3 evaluation(s)
INFO  [16:50:35.057] [bbotk] Result:
INFO  [16:50:35.058] [bbotk]  num.trees learner_param_vals  x_domain classif.ce
INFO  [16:50:35.058] [bbotk]      <int>             <list>    <list>      <num>
INFO  [16:50:35.058] [bbotk]        456          <list[2]> <list[1]>  0.1066667
INFO  [16:50:35.301] [bbotk] Starting to optimize 1 parameter(s) with '<OptimizerBatchRandomSearch>' and '<TerminatorEvals> [n_evals=3, k=0]'
INFO  [16:50:35.306] [bbotk] Evaluating 1 configuration(s)
INFO  [16:50:35.610] [bbotk] Result of batch 1:
INFO  [16:50:35.612] [bbotk]  num.trees classif.ce warnings errors runtime_learners
INFO  [16:50:35.612] [bbotk]        288  0.1048889        0      0            0.264
INFO  [16:50:35.612] [bbotk]                                 uhash
INFO  [16:50:35.612] [bbotk]  c4cb6b65-bfe8-4b51-a2fc-41587e7ed40d
INFO  [16:50:35.614] [bbotk] Evaluating 1 configuration(s)
INFO  [16:50:35.931] [bbotk] Result of batch 2:
INFO  [16:50:35.932] [bbotk]  num.trees classif.ce warnings errors runtime_learners
INFO  [16:50:35.932] [bbotk]        315      0.104        0      0             0.27
INFO  [16:50:35.932] [bbotk]                                 uhash
INFO  [16:50:35.932] [bbotk]  4e4bf43b-3c99-4e1d-98e2-3563aa962a12
INFO  [16:50:35.934] [bbotk] Evaluating 1 configuration(s)
INFO  [16:50:36.124] [bbotk] Result of batch 3:
INFO  [16:50:36.125] [bbotk]  num.trees classif.ce warnings errors runtime_learners
INFO  [16:50:36.125] [bbotk]        161  0.1022222        0      0            0.152
INFO  [16:50:36.125] [bbotk]                                 uhash
INFO  [16:50:36.125] [bbotk]  e60d1ecd-fd3b-4887-ab80-2a6a922d9668
INFO  [16:50:36.136] [bbotk] Finished optimizing after 3 evaluation(s)
INFO  [16:50:36.137] [bbotk] Result:
INFO  [16:50:36.138] [bbotk]  num.trees learner_param_vals  x_domain classif.ce
INFO  [16:50:36.138] [bbotk]      <int>             <list>    <list>      <num>
INFO  [16:50:36.138] [bbotk]        161          <list[2]> <list[1]>  0.1022222
INFO  [16:50:36.240] [bbotk] Starting to optimize 1 parameter(s) with '<OptimizerBatchRandomSearch>' and '<TerminatorEvals> [n_evals=3, k=0]'
INFO  [16:50:36.251] [bbotk] Evaluating 1 configuration(s)
INFO  [16:50:36.499] [bbotk] Result of batch 1:
INFO  [16:50:36.500] [bbotk]  num.trees classif.ce warnings errors runtime_learners
INFO  [16:50:36.500] [bbotk]        292  0.1004444        0      0            0.217
INFO  [16:50:36.500] [bbotk]                                 uhash
INFO  [16:50:36.500] [bbotk]  525bd831-c4d5-44fa-bd84-ae458ec9616e
INFO  [16:50:36.502] [bbotk] Evaluating 1 configuration(s)
INFO  [16:50:36.848] [bbotk] Result of batch 2:
INFO  [16:50:36.849] [bbotk]  num.trees classif.ce warnings errors runtime_learners
INFO  [16:50:36.849] [bbotk]        427  0.1013333        0      0            0.315
INFO  [16:50:36.849] [bbotk]                                 uhash
INFO  [16:50:36.849] [bbotk]  751d3c94-2938-43b2-b488-c6959b842b83
INFO  [16:50:36.851] [bbotk] Evaluating 1 configuration(s)
INFO  [16:50:37.150] [bbotk] Result of batch 3:
INFO  [16:50:37.151] [bbotk]  num.trees classif.ce warnings errors runtime_learners
INFO  [16:50:37.151] [bbotk]        371  0.1004444        0      0            0.271
INFO  [16:50:37.151] [bbotk]                                 uhash
INFO  [16:50:37.151] [bbotk]  420837fe-13bb-45f7-beeb-7e7ebe1dad99
INFO  [16:50:37.157] [bbotk] Finished optimizing after 3 evaluation(s)
INFO  [16:50:37.157] [bbotk] Result:
INFO  [16:50:37.158] [bbotk]  num.trees learner_param_vals  x_domain classif.ce
INFO  [16:50:37.158] [bbotk]      <int>             <list>    <list>      <num>
INFO  [16:50:37.158] [bbotk]        292          <list[2]> <list[1]>  0.1004444
INFO  [16:50:37.319] [bbotk] Starting to optimize 1 parameter(s) with '<OptimizerBatchRandomSearch>' and '<TerminatorEvals> [n_evals=3, k=0]'
INFO  [16:50:37.323] [bbotk] Evaluating 1 configuration(s)
INFO  [16:50:37.615] [bbotk] Result of batch 1:
INFO  [16:50:37.616] [bbotk]  num.trees classif.ce warnings errors runtime_learners
INFO  [16:50:37.616] [bbotk]        347  0.1013333        0      0            0.266
INFO  [16:50:37.616] [bbotk]                                 uhash
INFO  [16:50:37.616] [bbotk]  d54b9340-a8e5-4387-b5bf-608e0f3f22a6
INFO  [16:50:37.619] [bbotk] Evaluating 1 configuration(s)
INFO  [16:50:37.784] [bbotk] Result of batch 2:
INFO  [16:50:37.785] [bbotk]  num.trees classif.ce warnings errors runtime_learners
INFO  [16:50:37.785] [bbotk]        176  0.1022222        0      0            0.138
INFO  [16:50:37.785] [bbotk]                                 uhash
INFO  [16:50:37.785] [bbotk]  61cbfc9d-c7f2-43aa-ab74-f52439a858d2
INFO  [16:50:37.789] [bbotk] Evaluating 1 configuration(s)
INFO  [16:50:37.923] [bbotk] Result of batch 3:
INFO  [16:50:37.924] [bbotk]  num.trees classif.ce warnings errors runtime_learners
INFO  [16:50:37.924] [bbotk]        126  0.1066667        0      0             0.11
INFO  [16:50:37.924] [bbotk]                                 uhash
INFO  [16:50:37.924] [bbotk]  468a9c8d-abd0-4ad2-8a0b-90ead5660ea9
INFO  [16:50:37.930] [bbotk] Finished optimizing after 3 evaluation(s)
INFO  [16:50:37.930] [bbotk] Result:
INFO  [16:50:37.931] [bbotk]  num.trees learner_param_vals  x_domain classif.ce
INFO  [16:50:37.931] [bbotk]      <int>             <list>    <list>      <num>
INFO  [16:50:37.931] [bbotk]        347          <list[2]> <list[1]>  0.1013333

### [bt]: Job terminated successfully [batchtools job.id=1361]
### [bt]: Starting job [batchtools job.id=1362]
### [bt]: Generating problem instance for problem '78e20b4b43a56ff6' ...
### [bt]: Applying algorithm 'run_learner' on problem '78e20b4b43a56ff6' for job 1362 (seed = 1363) ...
INFO  [16:50:38.219] [mlr3] Applying learner 'classif.ranger.tuned_calib.perfold_isotonic' on task 'pc3' (iter 2/10)
INFO  [16:50:38.280] [bbotk] Starting to optimize 1 parameter(s) with '<OptimizerBatchRandomSearch>' and '<TerminatorEvals> [n_evals=3, k=0]'
INFO  [16:50:38.293] [bbotk] Evaluating 1 configuration(s)
INFO  [16:50:38.753] [bbotk] Result of batch 1:
INFO  [16:50:38.754] [bbotk]  num.trees classif.ce warnings errors runtime_learners
INFO  [16:50:38.754] [bbotk]        335  0.1031943        0      0            0.397
INFO  [16:50:38.754] [bbotk]                                 uhash
INFO  [16:50:38.754] [bbotk]  69222520-83da-447b-b467-bbb902df011f
INFO  [16:50:38.756] [bbotk] Evaluating 1 configuration(s)
INFO  [16:50:39.010] [bbotk] Result of batch 2:
INFO  [16:50:39.018] [bbotk]  num.trees classif.ce warnings errors runtime_learners
INFO  [16:50:39.018] [bbotk]        190  0.1058728        0      0             0.19
INFO  [16:50:39.018] [bbotk]                                 uhash
INFO  [16:50:39.018] [bbotk]  4b2bf02d-a27c-4cdf-9f4e-4cb93de7f4c9
INFO  [16:50:39.026] [bbotk] Evaluating 1 configuration(s)
INFO  [16:50:39.649] [bbotk] Result of batch 3:
INFO  [16:50:39.651] [bbotk]  num.trees classif.ce warnings errors runtime_learners
INFO  [16:50:39.651] [bbotk]        474  0.1014165        0      0            0.559
INFO  [16:50:39.651] [bbotk]                                 uhash
INFO  [16:50:39.651] [bbotk]  51878507-18c4-46bb-bd13-9983e61dec8d
INFO  [16:50:39.662] [bbotk] Finished optimizing after 3 evaluation(s)
INFO  [16:50:39.662] [bbotk] Result:
INFO  [16:50:39.664] [bbotk]  num.trees learner_param_vals  x_domain classif.ce
INFO  [16:50:39.664] [bbotk]      <int>             <list>    <list>      <num>
INFO  [16:50:39.664] [bbotk]        474          <list[2]> <list[1]>  0.1014165
INFO  [16:50:40.136] [bbotk] Starting to optimize 1 parameter(s) with '<OptimizerBatchRandomSearch>' and '<TerminatorEvals> [n_evals=3, k=0]'
INFO  [16:50:40.144] [bbotk] Evaluating 1 configuration(s)
INFO  [16:50:40.641] [bbotk] Result of batch 1:
INFO  [16:50:40.642] [bbotk]  num.trees classif.ce warnings errors runtime_learners
INFO  [16:50:40.642] [bbotk]        460      0.104        0      0            0.442
INFO  [16:50:40.642] [bbotk]                                 uhash
INFO  [16:50:40.642] [bbotk]  4e21e26e-ecf3-4d72-bf1f-0452f590abda
INFO  [16:50:40.656] [bbotk] Evaluating 1 configuration(s)
INFO  [16:50:41.171] [bbotk] Result of batch 2:
INFO  [16:50:41.172] [bbotk]  num.trees classif.ce warnings errors runtime_learners
INFO  [16:50:41.172] [bbotk]        479  0.1013333        0      0            0.478
INFO  [16:50:41.172] [bbotk]                                 uhash
INFO  [16:50:41.172] [bbotk]  2f1948d5-b986-4fc8-928a-034a8e4a4cb4
INFO  [16:50:41.174] [bbotk] Evaluating 1 configuration(s)
INFO  [16:50:41.350] [bbotk] Result of batch 3:
INFO  [16:50:41.351] [bbotk]  num.trees classif.ce warnings errors runtime_learners
INFO  [16:50:41.351] [bbotk]        125      0.104        0      0            0.126
INFO  [16:50:41.351] [bbotk]                                 uhash
INFO  [16:50:41.351] [bbotk]  c4834379-1623-417f-9fe5-52cc520c62d4
INFO  [16:50:41.370] [bbotk] Finished optimizing after 3 evaluation(s)
INFO  [16:50:41.371] [bbotk] Result:
INFO  [16:50:41.372] [bbotk]  num.trees learner_param_vals  x_domain classif.ce
INFO  [16:50:41.372] [bbotk]      <int>             <list>    <list>      <num>
INFO  [16:50:41.372] [bbotk]        479          <list[2]> <list[1]>  0.1013333
INFO  [16:50:41.691] [bbotk] Starting to optimize 1 parameter(s) with '<OptimizerBatchRandomSearch>' and '<TerminatorEvals> [n_evals=3, k=0]'
INFO  [16:50:41.704] [bbotk] Evaluating 1 configuration(s)
INFO  [16:50:41.967] [bbotk] Result of batch 1:
INFO  [16:50:41.968] [bbotk]  num.trees classif.ce warnings errors runtime_learners
INFO  [16:50:41.968] [bbotk]        182  0.1155556        0      0            0.205
INFO  [16:50:41.968] [bbotk]                                 uhash
INFO  [16:50:41.968] [bbotk]  7d9856d7-d5d5-4765-a742-0df1a193133c
INFO  [16:50:41.971] [bbotk] Evaluating 1 configuration(s)
INFO  [16:50:42.278] [bbotk] Result of batch 2:
INFO  [16:50:42.280] [bbotk]  num.trees classif.ce warnings errors runtime_learners
INFO  [16:50:42.280] [bbotk]        222  0.1102222        0      0            0.233
INFO  [16:50:42.280] [bbotk]                                 uhash
INFO  [16:50:42.280] [bbotk]  b5ac6f40-0d2b-419a-84da-1e18a6d4e181
INFO  [16:50:42.286] [bbotk] Evaluating 1 configuration(s)
INFO  [16:50:42.805] [bbotk] Result of batch 3:
INFO  [16:50:42.806] [bbotk]  num.trees classif.ce warnings errors runtime_learners
INFO  [16:50:42.806] [bbotk]        436  0.1137778        0      0            0.472
INFO  [16:50:42.806] [bbotk]                                 uhash
INFO  [16:50:42.806] [bbotk]  bd6913e7-b97d-430e-b21c-b2935e120bfc
INFO  [16:50:42.827] [bbotk] Finished optimizing after 3 evaluation(s)
INFO  [16:50:42.827] [bbotk] Result:
INFO  [16:50:42.829] [bbotk]  num.trees learner_param_vals  x_domain classif.ce
INFO  [16:50:42.829] [bbotk]      <int>             <list>    <list>      <num>
INFO  [16:50:42.829] [bbotk]        222          <list[2]> <list[1]>  0.1102222
INFO  [16:50:43.007] [bbotk] Starting to optimize 1 parameter(s) with '<OptimizerBatchRandomSearch>' and '<TerminatorEvals> [n_evals=3, k=0]'
INFO  [16:50:43.027] [bbotk] Evaluating 1 configuration(s)
INFO  [16:50:43.540] [bbotk] Result of batch 1:
INFO  [16:50:43.541] [bbotk]  num.trees classif.ce warnings errors runtime_learners
INFO  [16:50:43.541] [bbotk]        486 0.09777778        0      0            0.462
INFO  [16:50:43.541] [bbotk]                                 uhash
INFO  [16:50:43.541] [bbotk]  a24fad6f-dbce-412a-8b60-d219b338b407
INFO  [16:50:43.543] [bbotk] Evaluating 1 configuration(s)
INFO  [16:50:43.811] [bbotk] Result of batch 2:
INFO  [16:50:43.813] [bbotk]  num.trees classif.ce warnings errors runtime_learners
INFO  [16:50:43.813] [bbotk]        198 0.09866667        0      0            0.206
INFO  [16:50:43.813] [bbotk]                                 uhash
INFO  [16:50:43.813] [bbotk]  be9fa8f2-f158-4d71-8399-44b1a2b2db4e
INFO  [16:50:43.815] [bbotk] Evaluating 1 configuration(s)
INFO  [16:50:44.254] [bbotk] Result of batch 3:
INFO  [16:50:44.256] [bbotk]  num.trees classif.ce warnings errors runtime_learners
INFO  [16:50:44.256] [bbotk]        414 0.09688889        0      0            0.404
INFO  [16:50:44.256] [bbotk]                                 uhash
INFO  [16:50:44.256] [bbotk]  3896b70d-60a6-475b-b7a3-1a90ddb946e1
INFO  [16:50:44.270] [bbotk] Finished optimizing after 3 evaluation(s)
INFO  [16:50:44.271] [bbotk] Result:
INFO  [16:50:44.272] [bbotk]  num.trees learner_param_vals  x_domain classif.ce
INFO  [16:50:44.272] [bbotk]      <int>             <list>    <list>      <num>
INFO  [16:50:44.272] [bbotk]        414          <list[2]> <list[1]> 0.09688889
INFO  [16:50:44.527] [bbotk] Starting to optimize 1 parameter(s) with '<OptimizerBatchRandomSearch>' and '<TerminatorEvals> [n_evals=3, k=0]'
INFO  [16:50:44.536] [bbotk] Evaluating 1 configuration(s)
INFO  [16:50:44.756] [bbotk] Result of batch 1:
INFO  [16:50:44.757] [bbotk]  num.trees classif.ce warnings errors runtime_learners
INFO  [16:50:44.757] [bbotk]        118      0.096        0      0             0.15
INFO  [16:50:44.757] [bbotk]                                 uhash
INFO  [16:50:44.757] [bbotk]  5b5f2c5f-3edb-465a-bab1-df5535378718
INFO  [16:50:44.769] [bbotk] Evaluating 1 configuration(s)
INFO  [16:50:45.132] [bbotk] Result of batch 2:
INFO  [16:50:45.132] [bbotk]  num.trees classif.ce warnings errors runtime_learners
INFO  [16:50:45.132] [bbotk]        277 0.09866667        0      0            0.303
INFO  [16:50:45.132] [bbotk]                                 uhash
INFO  [16:50:45.132] [bbotk]  b11248ca-32d4-4cec-99db-2f908c46d855
INFO  [16:50:45.136] [bbotk] Evaluating 1 configuration(s)
INFO  [16:50:45.354] [bbotk] Result of batch 3:
INFO  [16:50:45.356] [bbotk]  num.trees classif.ce warnings errors runtime_learners
INFO  [16:50:45.356] [bbotk]        132 0.09777778        0      0            0.164
INFO  [16:50:45.356] [bbotk]                                 uhash
INFO  [16:50:45.356] [bbotk]  4f69558d-0b89-4b3d-bd32-3cbe2656c4ed
INFO  [16:50:45.373] [bbotk] Finished optimizing after 3 evaluation(s)
INFO  [16:50:45.389] [bbotk] Result:
INFO  [16:50:45.390] [bbotk]  num.trees learner_param_vals  x_domain classif.ce
INFO  [16:50:45.390] [bbotk]      <int>             <list>    <list>      <num>
INFO  [16:50:45.390] [bbotk]        118          <list[2]> <list[1]>      0.096

### [bt]: Job terminated successfully [batchtools job.id=1362]
### [bt]: Starting job [batchtools job.id=1363]
### [bt]: Generating problem instance for problem '78e20b4b43a56ff6' ...
### [bt]: Applying algorithm 'run_learner' on problem '78e20b4b43a56ff6' for job 1363 (seed = 1364) ...
INFO  [16:50:46.054] [mlr3] Applying learner 'classif.ranger.tuned_calib.perfold_isotonic' on task 'pc3' (iter 3/10)
INFO  [16:50:46.207] [bbotk] Starting to optimize 1 parameter(s) with '<OptimizerBatchRandomSearch>' and '<TerminatorEvals> [n_evals=3, k=0]'
INFO  [16:50:46.235] [bbotk] Evaluating 1 configuration(s)
INFO  [16:50:46.820] [bbotk] Result of batch 1:
INFO  [16:50:46.822] [bbotk]  num.trees classif.ce warnings errors runtime_learners
INFO  [16:50:46.822] [bbotk]        492  0.1022959        0      0            0.511
INFO  [16:50:46.822] [bbotk]                                 uhash
INFO  [16:50:46.822] [bbotk]  fdca5cd0-e864-4b2c-9086-e1e6252216ab
INFO  [16:50:46.827] [bbotk] Evaluating 1 configuration(s)
INFO  [16:50:47.066] [bbotk] Result of batch 2:
INFO  [16:50:47.067] [bbotk]  num.trees classif.ce warnings errors runtime_learners
INFO  [16:50:47.067] [bbotk]        174  0.1031848        0      0            0.184
INFO  [16:50:47.067] [bbotk]                                 uhash
INFO  [16:50:47.067] [bbotk]  8da23d09-e899-4e2b-84ef-e6a9ed8485a5
INFO  [16:50:47.080] [bbotk] Evaluating 1 configuration(s)
INFO  [16:50:47.347] [bbotk] Result of batch 3:
INFO  [16:50:47.350] [bbotk]  num.trees classif.ce warnings errors runtime_learners
INFO  [16:50:47.350] [bbotk]        129  0.1022911        0      0             0.17
INFO  [16:50:47.350] [bbotk]                                 uhash
INFO  [16:50:47.350] [bbotk]  83228835-9f46-4505-a4b6-3e6e6b12da3a
INFO  [16:50:47.402] [bbotk] Finished optimizing after 3 evaluation(s)
INFO  [16:50:47.402] [bbotk] Result:
INFO  [16:50:47.403] [bbotk]  num.trees learner_param_vals  x_domain classif.ce
INFO  [16:50:47.403] [bbotk]      <int>             <list>    <list>      <num>
INFO  [16:50:47.403] [bbotk]        129          <list[2]> <list[1]>  0.1022911
INFO  [16:50:47.596] [bbotk] Starting to optimize 1 parameter(s) with '<OptimizerBatchRandomSearch>' and '<TerminatorEvals> [n_evals=3, k=0]'
INFO  [16:50:47.618] [bbotk] Evaluating 1 configuration(s)
INFO  [16:50:48.128] [bbotk] Result of batch 1:
INFO  [16:50:48.129] [bbotk]  num.trees classif.ce warnings errors runtime_learners
INFO  [16:50:48.129] [bbotk]        463  0.1128889        0      0            0.464
INFO  [16:50:48.129] [bbotk]                                 uhash
INFO  [16:50:48.129] [bbotk]  1c5e5c7b-5f2d-494b-a199-0d9fdcdbca10
INFO  [16:50:48.132] [bbotk] Evaluating 1 configuration(s)
INFO  [16:50:48.627] [bbotk] Result of batch 2:
INFO  [16:50:48.628] [bbotk]  num.trees classif.ce warnings errors runtime_learners
INFO  [16:50:48.628] [bbotk]        427      0.112        0      0            0.463
INFO  [16:50:48.628] [bbotk]                                 uhash
INFO  [16:50:48.628] [bbotk]  afe46e64-38bb-445e-ae00-f6c3337a6cc9
INFO  [16:50:48.630] [bbotk] Evaluating 1 configuration(s)
INFO  [16:50:49.123] [bbotk] Result of batch 3:
INFO  [16:50:49.124] [bbotk]  num.trees classif.ce warnings errors runtime_learners
INFO  [16:50:49.124] [bbotk]        481  0.1102222        0      0            0.442
INFO  [16:50:49.124] [bbotk]                                 uhash
INFO  [16:50:49.124] [bbotk]  3f29619d-98a1-4e0a-b75d-713b9d96847e
INFO  [16:50:49.135] [bbotk] Finished optimizing after 3 evaluation(s)
INFO  [16:50:49.135] [bbotk] Result:
INFO  [16:50:49.136] [bbotk]  num.trees learner_param_vals  x_domain classif.ce
INFO  [16:50:49.136] [bbotk]      <int>             <list>    <list>      <num>
INFO  [16:50:49.136] [bbotk]        481          <list[2]> <list[1]>  0.1102222
INFO  [16:50:49.430] [bbotk] Starting to optimize 1 parameter(s) with '<OptimizerBatchRandomSearch>' and '<TerminatorEvals> [n_evals=3, k=0]'
INFO  [16:50:49.440] [bbotk] Evaluating 1 configuration(s)
INFO  [16:50:49.753] [bbotk] Result of batch 1:
INFO  [16:50:49.754] [bbotk]  num.trees classif.ce warnings errors runtime_learners
INFO  [16:50:49.754] [bbotk]        263      0.104        0      0            0.258
INFO  [16:50:49.754] [bbotk]                                 uhash
INFO  [16:50:49.754] [bbotk]  7e06f91b-1c5b-4514-8cbd-2575e5b5ac55
INFO  [16:50:49.759] [bbotk] Evaluating 1 configuration(s)
INFO  [16:50:50.329] [bbotk] Result of batch 2:
INFO  [16:50:50.330] [bbotk]  num.trees classif.ce warnings errors runtime_learners
INFO  [16:50:50.330] [bbotk]        469  0.1048889        0      0            0.484
INFO  [16:50:50.330] [bbotk]                                 uhash
INFO  [16:50:50.330] [bbotk]  52ca06d0-9608-4e40-a078-177820fcc5c8
INFO  [16:50:50.332] [bbotk] Evaluating 1 configuration(s)
INFO  [16:50:50.584] [bbotk] Result of batch 3:
INFO  [16:50:50.586] [bbotk]  num.trees classif.ce warnings errors runtime_learners
INFO  [16:50:50.586] [bbotk]        178  0.1066667        0      0              0.2
INFO  [16:50:50.586] [bbotk]                                 uhash
INFO  [16:50:50.586] [bbotk]  7c7f9501-9743-44eb-8acc-3b7e80231573
INFO  [16:50:50.602] [bbotk] Finished optimizing after 3 evaluation(s)
INFO  [16:50:50.602] [bbotk] Result:
INFO  [16:50:50.603] [bbotk]  num.trees learner_param_vals  x_domain classif.ce
INFO  [16:50:50.603] [bbotk]      <int>             <list>    <list>      <num>
INFO  [16:50:50.603] [bbotk]        263          <list[2]> <list[1]>      0.104
INFO  [16:50:50.953] [bbotk] Starting to optimize 1 parameter(s) with '<OptimizerBatchRandomSearch>' and '<TerminatorEvals> [n_evals=3, k=0]'
INFO  [16:50:50.965] [bbotk] Evaluating 1 configuration(s)
INFO  [16:50:51.445] [bbotk] Result of batch 1:
INFO  [16:50:51.446] [bbotk]  num.trees classif.ce warnings errors runtime_learners
INFO  [16:50:51.446] [bbotk]        426 0.09866667        0      0            0.385
INFO  [16:50:51.446] [bbotk]                                 uhash
INFO  [16:50:51.446] [bbotk]  b4e5b518-9cc4-4409-974c-06b26d035ed3
INFO  [16:50:51.448] [bbotk] Evaluating 1 configuration(s)
INFO  [16:50:51.865] [bbotk] Result of batch 2:
INFO  [16:50:51.866] [bbotk]  num.trees classif.ce warnings errors runtime_learners
INFO  [16:50:51.866] [bbotk]        393 0.09866667        0      0            0.384
INFO  [16:50:51.866] [bbotk]                                 uhash
INFO  [16:50:51.866] [bbotk]  ff014224-71a0-4cb5-92fb-f0fe8bb41eb3
INFO  [16:50:51.869] [bbotk] Evaluating 1 configuration(s)
INFO  [16:50:52.251] [bbotk] Result of batch 3:
INFO  [16:50:52.253] [bbotk]  num.trees classif.ce warnings errors runtime_learners
INFO  [16:50:52.253] [bbotk]        363 0.09866667        0      0            0.331
INFO  [16:50:52.253] [bbotk]                                 uhash
INFO  [16:50:52.253] [bbotk]  fc1d5367-2f01-496f-96bf-4a8798fff714
INFO  [16:50:52.272] [bbotk] Finished optimizing after 3 evaluation(s)
INFO  [16:50:52.273] [bbotk] Result:
INFO  [16:50:52.274] [bbotk]  num.trees learner_param_vals  x_domain classif.ce
INFO  [16:50:52.274] [bbotk]      <int>             <list>    <list>      <num>
INFO  [16:50:52.274] [bbotk]        426          <list[2]> <list[1]> 0.09866667
INFO  [16:50:52.600] [bbotk] Starting to optimize 1 parameter(s) with '<OptimizerBatchRandomSearch>' and '<TerminatorEvals> [n_evals=3, k=0]'
INFO  [16:50:52.613] [bbotk] Evaluating 1 configuration(s)
INFO  [16:50:52.950] [bbotk] Result of batch 1:
INFO  [16:50:52.952] [bbotk]  num.trees classif.ce warnings errors runtime_learners
INFO  [16:50:52.952] [bbotk]        226  0.1093333        0      0            0.265
INFO  [16:50:52.952] [bbotk]                                 uhash
INFO  [16:50:52.952] [bbotk]  7e827e61-89f4-4110-80ae-0b0eac366e49
INFO  [16:50:52.959] [bbotk] Evaluating 1 configuration(s)
INFO  [16:50:53.223] [bbotk] Result of batch 2:
INFO  [16:50:53.224] [bbotk]  num.trees classif.ce warnings errors runtime_learners
INFO  [16:50:53.224] [bbotk]        198  0.1093333        0      0              0.2
INFO  [16:50:53.224] [bbotk]                                 uhash
INFO  [16:50:53.224] [bbotk]  d5f85813-4914-44c2-9a8c-5b5a9ff1b50c
INFO  [16:50:53.227] [bbotk] Evaluating 1 configuration(s)
INFO  [16:50:53.511] [bbotk] Result of batch 3:
INFO  [16:50:53.512] [bbotk]  num.trees classif.ce warnings errors runtime_learners
INFO  [16:50:53.512] [bbotk]        173  0.1075556        0      0            0.205
INFO  [16:50:53.512] [bbotk]                                 uhash
INFO  [16:50:53.512] [bbotk]  7461d461-df62-40f0-b455-995feb79eb6b
INFO  [16:50:53.541] [bbotk] Finished optimizing after 3 evaluation(s)
INFO  [16:50:53.541] [bbotk] Result:
INFO  [16:50:53.545] [bbotk]  num.trees learner_param_vals  x_domain classif.ce
INFO  [16:50:53.545] [bbotk]      <int>             <list>    <list>      <num>
INFO  [16:50:53.545] [bbotk]        173          <list[2]> <list[1]>  0.1075556

### [bt]: Job terminated successfully [batchtools job.id=1363]
### [bt]: Starting job [batchtools job.id=1364]
### [bt]: Generating problem instance for problem '78e20b4b43a56ff6' ...
### [bt]: Applying algorithm 'run_learner' on problem '78e20b4b43a56ff6' for job 1364 (seed = 1365) ...
INFO  [16:50:53.927] [mlr3] Applying learner 'classif.ranger.tuned_calib.perfold_isotonic' on task 'pc3' (iter 4/10)
INFO  [16:50:54.017] [bbotk] Starting to optimize 1 parameter(s) with '<OptimizerBatchRandomSearch>' and '<TerminatorEvals> [n_evals=3, k=0]'
INFO  [16:50:54.044] [bbotk] Evaluating 1 configuration(s)
INFO  [16:50:54.525] [bbotk] Result of batch 1:
INFO  [16:50:54.526] [bbotk]  num.trees classif.ce warnings errors runtime_learners
INFO  [16:50:54.526] [bbotk]        420  0.1075556        0      0            0.423
INFO  [16:50:54.526] [bbotk]                                 uhash
INFO  [16:50:54.526] [bbotk]  5e5f19a0-f6c9-4239-9be9-730cdfd62621
INFO  [16:50:54.529] [bbotk] Evaluating 1 configuration(s)
INFO  [16:50:54.986] [bbotk] Result of batch 2:
INFO  [16:50:54.987] [bbotk]  num.trees classif.ce warnings errors runtime_learners
INFO  [16:50:54.987] [bbotk]        390  0.1075556        0      0            0.423
INFO  [16:50:54.987] [bbotk]                                 uhash
INFO  [16:50:54.987] [bbotk]  88d6c7cb-ce57-4c49-8e14-dc95f7be1ce1
INFO  [16:50:54.990] [bbotk] Evaluating 1 configuration(s)
INFO  [16:50:55.231] [bbotk] Result of batch 3:
INFO  [16:50:55.232] [bbotk]  num.trees classif.ce warnings errors runtime_learners
INFO  [16:50:55.232] [bbotk]        193  0.1048889        0      0            0.201
INFO  [16:50:55.232] [bbotk]                                 uhash
INFO  [16:50:55.232] [bbotk]  b65c074c-ccf4-4ce6-90b4-6e73c212323f
INFO  [16:50:55.254] [bbotk] Finished optimizing after 3 evaluation(s)
INFO  [16:50:55.254] [bbotk] Result:
INFO  [16:50:55.257] [bbotk]  num.trees learner_param_vals  x_domain classif.ce
INFO  [16:50:55.257] [bbotk]      <int>             <list>    <list>      <num>
INFO  [16:50:55.257] [bbotk]        193          <list[2]> <list[1]>  0.1048889
INFO  [16:50:55.415] [bbotk] Starting to optimize 1 parameter(s) with '<OptimizerBatchRandomSearch>' and '<TerminatorEvals> [n_evals=3, k=0]'
INFO  [16:50:55.420] [bbotk] Evaluating 1 configuration(s)
INFO  [16:50:55.839] [bbotk] Result of batch 1:
INFO  [16:50:55.840] [bbotk]  num.trees classif.ce warnings errors runtime_learners
INFO  [16:50:55.840] [bbotk]        398  0.1093333        0      0            0.386
INFO  [16:50:55.840] [bbotk]                                 uhash
INFO  [16:50:55.840] [bbotk]  1c4ce6df-ae9b-42fc-aa4a-34ab46a117ef
INFO  [16:50:55.842] [bbotk] Evaluating 1 configuration(s)
INFO  [16:50:56.086] [bbotk] Result of batch 2:
INFO  [16:50:56.087] [bbotk]  num.trees classif.ce warnings errors runtime_learners
INFO  [16:50:56.087] [bbotk]        191  0.1075556        0      0            0.202
INFO  [16:50:56.087] [bbotk]                                 uhash
INFO  [16:50:56.087] [bbotk]  6a884bbe-6324-4a10-9e78-661b32fd336f
INFO  [16:50:56.089] [bbotk] Evaluating 1 configuration(s)
INFO  [16:50:56.428] [bbotk] Result of batch 3:
INFO  [16:50:56.429] [bbotk]  num.trees classif.ce warnings errors runtime_learners
INFO  [16:50:56.429] [bbotk]        351  0.1084444        0      0            0.296
INFO  [16:50:56.429] [bbotk]                                 uhash
INFO  [16:50:56.429] [bbotk]  e6765bde-3441-4e3b-a760-d3e93a51a873
INFO  [16:50:56.436] [bbotk] Finished optimizing after 3 evaluation(s)
INFO  [16:50:56.436] [bbotk] Result:
INFO  [16:50:56.437] [bbotk]  num.trees learner_param_vals  x_domain classif.ce
INFO  [16:50:56.437] [bbotk]      <int>             <list>    <list>      <num>
INFO  [16:50:56.437] [bbotk]        191          <list[2]> <list[1]>  0.1075556
INFO  [16:50:56.549] [bbotk] Starting to optimize 1 parameter(s) with '<OptimizerBatchRandomSearch>' and '<TerminatorEvals> [n_evals=3, k=0]'
INFO  [16:50:56.554] [bbotk] Evaluating 1 configuration(s)
INFO  [16:50:56.769] [bbotk] Result of batch 1:
INFO  [16:50:56.770] [bbotk]  num.trees classif.ce warnings errors runtime_learners
INFO  [16:50:56.770] [bbotk]        228  0.1047825        0      0            0.184
INFO  [16:50:56.770] [bbotk]                                 uhash
INFO  [16:50:56.770] [bbotk]  8e144f12-e4d9-471f-ace9-4734005309ec
INFO  [16:50:56.772] [bbotk] Evaluating 1 configuration(s)
INFO  [16:50:57.092] [bbotk] Result of batch 2:
INFO  [16:50:57.094] [bbotk]  num.trees classif.ce warnings errors runtime_learners
INFO  [16:50:57.094] [bbotk]        356  0.1038913        0      0            0.284
INFO  [16:50:57.094] [bbotk]                                 uhash
INFO  [16:50:57.094] [bbotk]  e0ca8d01-3748-4210-9430-c7460276899a
INFO  [16:50:57.099] [bbotk] Evaluating 1 configuration(s)
INFO  [16:50:57.323] [bbotk] Result of batch 3:
INFO  [16:50:57.323] [bbotk]  num.trees classif.ce warnings errors runtime_learners
INFO  [16:50:57.323] [bbotk]        236  0.1047849        0      0            0.189
INFO  [16:50:57.323] [bbotk]                                 uhash
INFO  [16:50:57.323] [bbotk]  1cbe86bc-b556-4099-ba96-1c8ce8a3e83b
INFO  [16:50:57.329] [bbotk] Finished optimizing after 3 evaluation(s)
INFO  [16:50:57.330] [bbotk] Result:
INFO  [16:50:57.330] [bbotk]  num.trees learner_param_vals  x_domain classif.ce
INFO  [16:50:57.330] [bbotk]      <int>             <list>    <list>      <num>
INFO  [16:50:57.330] [bbotk]        356          <list[2]> <list[1]>  0.1038913
INFO  [16:50:57.505] [bbotk] Starting to optimize 1 parameter(s) with '<OptimizerBatchRandomSearch>' and '<TerminatorEvals> [n_evals=3, k=0]'
INFO  [16:50:57.515] [bbotk] Evaluating 1 configuration(s)
INFO  [16:50:57.923] [bbotk] Result of batch 1:
INFO  [16:50:57.925] [bbotk]  num.trees classif.ce warnings errors runtime_learners
INFO  [16:50:57.925] [bbotk]        485 0.09945863        0      0            0.368
INFO  [16:50:57.925] [bbotk]                                 uhash
INFO  [16:50:57.925] [bbotk]  6f431814-7777-4c66-ab6d-e240567f337c
INFO  [16:50:57.928] [bbotk] Evaluating 1 configuration(s)
INFO  [16:50:58.133] [bbotk] Result of batch 2:
INFO  [16:50:58.133] [bbotk]  num.trees classif.ce warnings errors runtime_learners
INFO  [16:50:58.133] [bbotk]        199  0.1003522        0      0            0.167
INFO  [16:50:58.133] [bbotk]                                 uhash
INFO  [16:50:58.133] [bbotk]  57503023-1d3d-4bcb-ae25-73d0009ed703
INFO  [16:50:58.135] [bbotk] Evaluating 1 configuration(s)
INFO  [16:50:58.528] [bbotk] Result of batch 3:
INFO  [16:50:58.529] [bbotk]  num.trees classif.ce warnings errors runtime_learners
INFO  [16:50:58.529] [bbotk]        487 0.09857683        0      0            0.366
INFO  [16:50:58.529] [bbotk]                                 uhash
INFO  [16:50:58.529] [bbotk]  a16665cb-4b8e-4899-8e4b-f02edf885f2f
INFO  [16:50:58.536] [bbotk] Finished optimizing after 3 evaluation(s)
INFO  [16:50:58.536] [bbotk] Result:
INFO  [16:50:58.537] [bbotk]  num.trees learner_param_vals  x_domain classif.ce
INFO  [16:50:58.537] [bbotk]      <int>             <list>    <list>      <num>
INFO  [16:50:58.537] [bbotk]        487          <list[2]> <list[1]> 0.09857683
INFO  [16:50:58.765] [bbotk] Starting to optimize 1 parameter(s) with '<OptimizerBatchRandomSearch>' and '<TerminatorEvals> [n_evals=3, k=0]'
INFO  [16:50:58.772] [bbotk] Evaluating 1 configuration(s)
INFO  [16:50:59.055] [bbotk] Result of batch 1:
INFO  [16:50:59.056] [bbotk]  num.trees classif.ce warnings errors runtime_learners
INFO  [16:50:59.056] [bbotk]        336  0.0967896        0      0            0.256
INFO  [16:50:59.056] [bbotk]                                 uhash
INFO  [16:50:59.056] [bbotk]  56a4247e-d233-4dd7-9db7-18f7737d118a
INFO  [16:50:59.058] [bbotk] Evaluating 1 configuration(s)
INFO  [16:50:59.391] [bbotk] Result of batch 2:
INFO  [16:50:59.392] [bbotk]  num.trees classif.ce warnings errors runtime_learners
INFO  [16:50:59.392] [bbotk]        435 0.09413002        0      0            0.305
INFO  [16:50:59.392] [bbotk]                                 uhash
INFO  [16:50:59.392] [bbotk]  b3463a54-4a4d-440d-940b-83a8eced9b2a
INFO  [16:50:59.394] [bbotk] Evaluating 1 configuration(s)
INFO  [16:50:59.567] [bbotk] Result of batch 3:
INFO  [16:50:59.568] [bbotk]  num.trees classif.ce warnings errors runtime_learners
INFO  [16:50:59.568] [bbotk]        167 0.09323641        0      0             0.14
INFO  [16:50:59.568] [bbotk]                                 uhash
INFO  [16:50:59.568] [bbotk]  207a9ed1-653c-4439-b0bb-1e4d1ab49d4b
INFO  [16:50:59.577] [bbotk] Finished optimizing after 3 evaluation(s)
INFO  [16:50:59.577] [bbotk] Result:
INFO  [16:50:59.578] [bbotk]  num.trees learner_param_vals  x_domain classif.ce
INFO  [16:50:59.578] [bbotk]      <int>             <list>    <list>      <num>
INFO  [16:50:59.578] [bbotk]        167          <list[2]> <list[1]> 0.09323641

### [bt]: Job terminated successfully [batchtools job.id=1364]
### [bt]: Starting job [batchtools job.id=1365]
### [bt]: Generating problem instance for problem '78e20b4b43a56ff6' ...
### [bt]: Applying algorithm 'run_learner' on problem '78e20b4b43a56ff6' for job 1365 (seed = 1366) ...
INFO  [16:50:59.790] [mlr3] Applying learner 'classif.ranger.tuned_calib.perfold_isotonic' on task 'pc3' (iter 5/10)
INFO  [16:50:59.832] [bbotk] Starting to optimize 1 parameter(s) with '<OptimizerBatchRandomSearch>' and '<TerminatorEvals> [n_evals=3, k=0]'
INFO  [16:50:59.837] [bbotk] Evaluating 1 configuration(s)
INFO  [16:51:00.124] [bbotk] Result of batch 1:
INFO  [16:51:00.125] [bbotk]  num.trees classif.ce warnings errors runtime_learners
INFO  [16:51:00.125] [bbotk]        349  0.1031111        0      0            0.259
INFO  [16:51:00.125] [bbotk]                                 uhash
INFO  [16:51:00.125] [bbotk]  395ce4ff-a966-411d-bd7e-8f17cc6bc28b
INFO  [16:51:00.127] [bbotk] Evaluating 1 configuration(s)
INFO  [16:51:00.383] [bbotk] Result of batch 2:
INFO  [16:51:00.384] [bbotk]  num.trees classif.ce warnings errors runtime_learners
INFO  [16:51:00.384] [bbotk]        301  0.1057778        0      0            0.226
INFO  [16:51:00.384] [bbotk]                                 uhash
INFO  [16:51:00.384] [bbotk]  fe9b73ff-9aa3-4cdd-a9c1-7ac06969d147
INFO  [16:51:00.392] [bbotk] Evaluating 1 configuration(s)
INFO  [16:51:00.555] [bbotk] Result of batch 3:
INFO  [16:51:00.556] [bbotk]  num.trees classif.ce warnings errors runtime_learners
INFO  [16:51:00.556] [bbotk]        150  0.1048889        0      0             0.13
INFO  [16:51:00.556] [bbotk]                                 uhash
INFO  [16:51:00.556] [bbotk]  79015191-02bc-4721-96b6-e646853ee003
INFO  [16:51:00.562] [bbotk] Finished optimizing after 3 evaluation(s)
INFO  [16:51:00.562] [bbotk] Result:
INFO  [16:51:00.563] [bbotk]  num.trees learner_param_vals  x_domain classif.ce
INFO  [16:51:00.563] [bbotk]      <int>             <list>    <list>      <num>
INFO  [16:51:00.563] [bbotk]        349          <list[2]> <list[1]>  0.1031111
INFO  [16:51:00.760] [bbotk] Starting to optimize 1 parameter(s) with '<OptimizerBatchRandomSearch>' and '<TerminatorEvals> [n_evals=3, k=0]'
INFO  [16:51:00.768] [bbotk] Evaluating 1 configuration(s)
INFO  [16:51:01.140] [bbotk] Result of batch 1:
INFO  [16:51:01.141] [bbotk]  num.trees classif.ce warnings errors runtime_learners
INFO  [16:51:01.141] [bbotk]        318  0.1066667        0      0            0.308
INFO  [16:51:01.141] [bbotk]                                 uhash
INFO  [16:51:01.141] [bbotk]  7e33fec9-81e9-4fa5-bafd-6cf3a19b7330
INFO  [16:51:01.144] [bbotk] Evaluating 1 configuration(s)
INFO  [16:51:01.310] [bbotk] Result of batch 2:
INFO  [16:51:01.311] [bbotk]  num.trees classif.ce warnings errors runtime_learners
INFO  [16:51:01.311] [bbotk]        102  0.1057778        0      0            0.114
INFO  [16:51:01.311] [bbotk]                                 uhash
INFO  [16:51:01.311] [bbotk]  ff76bbcb-ea82-4198-a1b8-402b6cebc8c7
INFO  [16:51:01.313] [bbotk] Evaluating 1 configuration(s)
INFO  [16:51:01.537] [bbotk] Result of batch 3:
INFO  [16:51:01.539] [bbotk]  num.trees classif.ce warnings errors runtime_learners
INFO  [16:51:01.539] [bbotk]        173  0.1066667        0      0            0.174
INFO  [16:51:01.539] [bbotk]                                 uhash
INFO  [16:51:01.539] [bbotk]  cd7efc5e-76a5-45bd-bb58-31c0c8a1f74a
INFO  [16:51:01.552] [bbotk] Finished optimizing after 3 evaluation(s)
INFO  [16:51:01.552] [bbotk] Result:
INFO  [16:51:01.553] [bbotk]  num.trees learner_param_vals  x_domain classif.ce
INFO  [16:51:01.553] [bbotk]      <int>             <list>    <list>      <num>
INFO  [16:51:01.553] [bbotk]        102          <list[2]> <list[1]>  0.1057778
INFO  [16:51:01.682] [bbotk] Starting to optimize 1 parameter(s) with '<OptimizerBatchRandomSearch>' and '<TerminatorEvals> [n_evals=3, k=0]'
INFO  [16:51:01.689] [bbotk] Evaluating 1 configuration(s)
INFO  [16:51:02.086] [bbotk] Result of batch 1:
INFO  [16:51:02.087] [bbotk]  num.trees classif.ce warnings errors runtime_learners
INFO  [16:51:02.087] [bbotk]        405 0.09945863        0      0            0.355
INFO  [16:51:02.087] [bbotk]                                 uhash
INFO  [16:51:02.087] [bbotk]  fb2abf70-53e6-47c7-bb5a-a4d6c8d21181
INFO  [16:51:02.093] [bbotk] Evaluating 1 configuration(s)
INFO  [16:51:02.259] [bbotk] Result of batch 2:
INFO  [16:51:02.261] [bbotk]  num.trees classif.ce warnings errors runtime_learners
INFO  [16:51:02.261] [bbotk]        109 0.09945863        0      0             0.12
INFO  [16:51:02.261] [bbotk]                                 uhash
INFO  [16:51:02.261] [bbotk]  bfc8c595-13b3-47c8-8b3c-5f10ed687115
INFO  [16:51:02.266] [bbotk] Evaluating 1 configuration(s)
INFO  [16:51:02.560] [bbotk] Result of batch 3:
INFO  [16:51:02.563] [bbotk]  num.trees classif.ce warnings errors runtime_learners
INFO  [16:51:02.563] [bbotk]        237 0.09945863        0      0             0.24
INFO  [16:51:02.563] [bbotk]                                 uhash
INFO  [16:51:02.563] [bbotk]  0b4c3a78-9ffa-4fe4-ba27-dc1be98075b3
INFO  [16:51:02.575] [bbotk] Finished optimizing after 3 evaluation(s)
INFO  [16:51:02.576] [bbotk] Result:
INFO  [16:51:02.576] [bbotk]  num.trees learner_param_vals  x_domain classif.ce
INFO  [16:51:02.576] [bbotk]      <int>             <list>    <list>      <num>
INFO  [16:51:02.576] [bbotk]        405          <list[2]> <list[1]> 0.09945863
INFO  [16:51:02.806] [bbotk] Starting to optimize 1 parameter(s) with '<OptimizerBatchRandomSearch>' and '<TerminatorEvals> [n_evals=3, k=0]'
INFO  [16:51:02.810] [bbotk] Evaluating 1 configuration(s)
INFO  [16:51:03.093] [bbotk] Result of batch 1:
INFO  [16:51:03.095] [bbotk]  num.trees classif.ce warnings errors runtime_learners
INFO  [16:51:03.095] [bbotk]        208  0.1012671        0      0            0.232
INFO  [16:51:03.095] [bbotk]                                 uhash
INFO  [16:51:03.095] [bbotk]  7e9251b6-7982-4b9b-871a-aa0bbd75b568
INFO  [16:51:03.099] [bbotk] Evaluating 1 configuration(s)
INFO  [16:51:03.515] [bbotk] Result of batch 2:
INFO  [16:51:03.516] [bbotk]  num.trees classif.ce warnings errors runtime_learners
INFO  [16:51:03.516] [bbotk]        404 0.09860047        0      0            0.375
INFO  [16:51:03.516] [bbotk]                                 uhash
INFO  [16:51:03.516] [bbotk]  fa01486c-6572-4312-9cd6-e9edeeee1fee
INFO  [16:51:03.519] [bbotk] Evaluating 1 configuration(s)
INFO  [16:51:03.754] [bbotk] Result of batch 3:
INFO  [16:51:03.755] [bbotk]  num.trees classif.ce warnings errors runtime_learners
INFO  [16:51:03.755] [bbotk]        200 0.09504965        0      0            0.188
INFO  [16:51:03.755] [bbotk]                                 uhash
INFO  [16:51:03.755] [bbotk]  666d670e-dff3-4727-9664-954d8a7af750
INFO  [16:51:03.762] [bbotk] Finished optimizing after 3 evaluation(s)
INFO  [16:51:03.762] [bbotk] Result:
INFO  [16:51:03.762] [bbotk]  num.trees learner_param_vals  x_domain classif.ce
INFO  [16:51:03.762] [bbotk]      <int>             <list>    <list>      <num>
INFO  [16:51:03.762] [bbotk]        200          <list[2]> <list[1]> 0.09504965
INFO  [16:51:03.971] [bbotk] Starting to optimize 1 parameter(s) with '<OptimizerBatchRandomSearch>' and '<TerminatorEvals> [n_evals=3, k=0]'
INFO  [16:51:03.986] [bbotk] Evaluating 1 configuration(s)
INFO  [16:51:04.333] [bbotk] Result of batch 1:
INFO  [16:51:04.334] [bbotk]  num.trees classif.ce warnings errors runtime_learners
INFO  [16:51:04.334] [bbotk]        309 0.09856974        0      0              0.3
INFO  [16:51:04.334] [bbotk]                                 uhash
INFO  [16:51:04.334] [bbotk]  c20eae99-702e-443b-bcd3-e322282dcbea
INFO  [16:51:04.336] [bbotk] Evaluating 1 configuration(s)
INFO  [16:51:04.733] [bbotk] Result of batch 2:
INFO  [16:51:04.734] [bbotk]  num.trees classif.ce warnings errors runtime_learners
INFO  [16:51:04.734] [bbotk]        376  0.0985721        0      0            0.358
INFO  [16:51:04.734] [bbotk]                                 uhash
INFO  [16:51:04.734] [bbotk]  3ebb4ff7-b105-4e20-ab4b-f345c878ea50
INFO  [16:51:04.739] [bbotk] Evaluating 1 configuration(s)
INFO  [16:51:05.115] [bbotk] Result of batch 3:
INFO  [16:51:05.116] [bbotk]  num.trees classif.ce warnings errors runtime_learners
INFO  [16:51:05.116] [bbotk]        304  0.1003428        0      0            0.302
INFO  [16:51:05.116] [bbotk]                                 uhash
INFO  [16:51:05.116] [bbotk]  6d0e3571-7700-4782-908b-1a31d0d5a90b
INFO  [16:51:05.130] [bbotk] Finished optimizing after 3 evaluation(s)
INFO  [16:51:05.131] [bbotk] Result:
INFO  [16:51:05.132] [bbotk]  num.trees learner_param_vals  x_domain classif.ce
INFO  [16:51:05.132] [bbotk]      <int>             <list>    <list>      <num>
INFO  [16:51:05.132] [bbotk]        309          <list[2]> <list[1]> 0.09856974

### [bt]: Job terminated successfully [batchtools job.id=1365]
### [bt]: Calculation finished!
