### [bt]: This is batchtools v0.9.17
### [bt]: Starting calculation of 5 jobs
### [bt]: Setting working directory to '/Users/User/Documents/Studium/Semester8/Hiwi/mlr3calibration/vignettes'
### [bt]: Memory measurement disabled
### [bt]: Starting job [batchtools job.id=3706]
### [bt]: Generating problem instance for problem '01ea4b20a58e68c2' ...
### [bt]: Applying algorithm 'run_learner' on problem '01ea4b20a58e68c2' for job 3706 (seed = 3707) ...
INFO  [17:34:55.842] [mlr3] Applying learner 'classif.ranger.tuned_calib.perfold_isotonic' on task 'wilt' (iter 6/10)
INFO  [17:34:55.897] [bbotk] Starting to optimize 1 parameter(s) with '<OptimizerBatchRandomSearch>' and '<TerminatorEvals> [n_evals=3, k=0]'
INFO  [17:34:55.911] [bbotk] Evaluating 1 configuration(s)
INFO  [17:34:56.899] [bbotk] Result of batch 1:
INFO  [17:34:56.900] [bbotk]  num.trees classif.ce warnings errors runtime_learners
INFO  [17:34:56.900] [bbotk]        375 0.02239004        0      0            0.943
INFO  [17:34:56.900] [bbotk]                                 uhash
INFO  [17:34:56.900] [bbotk]  a90a0475-85fd-4d7f-aea5-b2fdc2c14914
INFO  [17:34:56.903] [bbotk] Evaluating 1 configuration(s)
INFO  [17:34:57.285] [bbotk] Result of batch 2:
INFO  [17:34:57.286] [bbotk]  num.trees classif.ce warnings errors runtime_learners
INFO  [17:34:57.286] [bbotk]        125 0.02239004        0      0            0.309
INFO  [17:34:57.286] [bbotk]                                 uhash
INFO  [17:34:57.286] [bbotk]  37f46c39-a142-4888-873c-222d80031eaf
INFO  [17:34:57.297] [bbotk] Evaluating 1 configuration(s)
INFO  [17:34:58.457] [bbotk] Result of batch 3:
INFO  [17:34:58.458] [bbotk]  num.trees classif.ce warnings errors runtime_learners
INFO  [17:34:58.458] [bbotk]        448 0.02296401        0      0             1.11
INFO  [17:34:58.458] [bbotk]                                 uhash
INFO  [17:34:58.458] [bbotk]  a8872ccb-8887-4a65-8187-4b3314ed5e8a
INFO  [17:34:58.467] [bbotk] Finished optimizing after 3 evaluation(s)
INFO  [17:34:58.467] [bbotk] Result:
INFO  [17:34:58.468] [bbotk]  num.trees learner_param_vals  x_domain classif.ce
INFO  [17:34:58.468] [bbotk]      <int>             <list>    <list>      <num>
INFO  [17:34:58.468] [bbotk]        375          <list[2]> <list[1]> 0.02239004
INFO  [17:34:59.119] [bbotk] Starting to optimize 1 parameter(s) with '<OptimizerBatchRandomSearch>' and '<TerminatorEvals> [n_evals=3, k=0]'
INFO  [17:34:59.131] [bbotk] Evaluating 1 configuration(s)
INFO  [17:35:00.036] [bbotk] Result of batch 1:
INFO  [17:35:00.037] [bbotk]  num.trees classif.ce warnings errors runtime_learners
INFO  [17:35:00.037] [bbotk]        357 0.01492447        0      0            0.868
INFO  [17:35:00.037] [bbotk]                                 uhash
INFO  [17:35:00.037] [bbotk]  ee2a24e8-cc11-465c-8d65-4a2bf7af9ce9
INFO  [17:35:00.039] [bbotk] Evaluating 1 configuration(s)
INFO  [17:35:00.732] [bbotk] Result of batch 2:
INFO  [17:35:00.734] [bbotk]  num.trees classif.ce warnings errors runtime_learners
INFO  [17:35:00.734] [bbotk]        264 0.01578555        0      0            0.641
INFO  [17:35:00.734] [bbotk]                                 uhash
INFO  [17:35:00.734] [bbotk]  fa1de15a-082d-47bb-a25f-0c116046c02b
INFO  [17:35:00.737] [bbotk] Evaluating 1 configuration(s)
INFO  [17:35:01.857] [bbotk] Result of batch 3:
INFO  [17:35:01.858] [bbotk]  num.trees classif.ce warnings errors runtime_learners
INFO  [17:35:01.858] [bbotk]        410 0.01521158        0      0            1.078
INFO  [17:35:01.858] [bbotk]                                 uhash
INFO  [17:35:01.858] [bbotk]  7d1fd45e-9ac3-4e8a-a27e-7ebd3896f05b
INFO  [17:35:01.864] [bbotk] Finished optimizing after 3 evaluation(s)
INFO  [17:35:01.864] [bbotk] Result:
INFO  [17:35:01.865] [bbotk]  num.trees learner_param_vals  x_domain classif.ce
INFO  [17:35:01.865] [bbotk]      <int>             <list>    <list>      <num>
INFO  [17:35:01.865] [bbotk]        357          <list[2]> <list[1]> 0.01492447
INFO  [17:35:02.403] [bbotk] Starting to optimize 1 parameter(s) with '<OptimizerBatchRandomSearch>' and '<TerminatorEvals> [n_evals=3, k=0]'
INFO  [17:35:02.416] [bbotk] Evaluating 1 configuration(s)
INFO  [17:35:02.713] [bbotk] Result of batch 1:
INFO  [17:35:02.715] [bbotk]  num.trees classif.ce warnings errors runtime_learners
INFO  [17:35:02.715] [bbotk]        114 0.01836903        0      0            0.238
INFO  [17:35:02.715] [bbotk]                                 uhash
INFO  [17:35:02.715] [bbotk]  08be9b01-b7a1-4baa-a429-d952d84b26b0
INFO  [17:35:02.718] [bbotk] Evaluating 1 configuration(s)
INFO  [17:35:03.696] [bbotk] Result of batch 2:
INFO  [17:35:03.697] [bbotk]  num.trees classif.ce warnings errors runtime_learners
INFO  [17:35:03.697] [bbotk]        374 0.01808267        0      0            0.943
INFO  [17:35:03.697] [bbotk]                                 uhash
INFO  [17:35:03.697] [bbotk]  0e137d09-cdad-4a37-b0ec-2343432b1e76
INFO  [17:35:03.699] [bbotk] Evaluating 1 configuration(s)
INFO  [17:35:04.348] [bbotk] Result of batch 3:
INFO  [17:35:04.350] [bbotk]  num.trees classif.ce warnings errors runtime_learners
INFO  [17:35:04.350] [bbotk]        275  0.0175082        0      0             0.61
INFO  [17:35:04.350] [bbotk]                                 uhash
INFO  [17:35:04.350] [bbotk]  cd94cabf-ebaa-4b9d-8eff-de9154e2be64
INFO  [17:35:04.359] [bbotk] Finished optimizing after 3 evaluation(s)
INFO  [17:35:04.359] [bbotk] Result:
INFO  [17:35:04.360] [bbotk]  num.trees learner_param_vals  x_domain classif.ce
INFO  [17:35:04.360] [bbotk]      <int>             <list>    <list>      <num>
INFO  [17:35:04.360] [bbotk]        275          <list[2]> <list[1]>  0.0175082
INFO  [17:35:04.701] [bbotk] Starting to optimize 1 parameter(s) with '<OptimizerBatchRandomSearch>' and '<TerminatorEvals> [n_evals=3, k=0]'
INFO  [17:35:04.706] [bbotk] Evaluating 1 configuration(s)
INFO  [17:35:05.884] [bbotk] Result of batch 1:
INFO  [17:35:05.886] [bbotk]  num.trees classif.ce warnings errors runtime_learners
INFO  [17:35:05.886] [bbotk]        445 0.01865688        0      0            1.145
INFO  [17:35:05.886] [bbotk]                                 uhash
INFO  [17:35:05.886] [bbotk]  f2a190e1-3fbb-4c48-b3cc-7c09a7b9972d
INFO  [17:35:05.891] [bbotk] Evaluating 1 configuration(s)
INFO  [17:35:06.947] [bbotk] Result of batch 2:
INFO  [17:35:06.948] [bbotk]  num.trees classif.ce warnings errors runtime_learners
INFO  [17:35:06.948] [bbotk]        395 0.01865688        0      0            1.021
INFO  [17:35:06.948] [bbotk]                                 uhash
INFO  [17:35:06.948] [bbotk]  2fbfe821-4836-4b17-ba31-e6937aff2f1b
INFO  [17:35:06.950] [bbotk] Evaluating 1 configuration(s)
INFO  [17:35:07.262] [bbotk] Result of batch 3:
INFO  [17:35:07.264] [bbotk]  num.trees classif.ce warnings errors runtime_learners
INFO  [17:35:07.264] [bbotk]        113 0.01837002        0      0            0.265
INFO  [17:35:07.264] [bbotk]                                 uhash
INFO  [17:35:07.264] [bbotk]  47bb2eef-7aca-4132-8b69-0a7501e0c4f7
INFO  [17:35:07.278] [bbotk] Finished optimizing after 3 evaluation(s)
INFO  [17:35:07.279] [bbotk] Result:
INFO  [17:35:07.280] [bbotk]  num.trees learner_param_vals  x_domain classif.ce
INFO  [17:35:07.280] [bbotk]      <int>             <list>    <list>      <num>
INFO  [17:35:07.280] [bbotk]        113          <list[2]> <list[1]> 0.01837002
INFO  [17:35:07.508] [bbotk] Starting to optimize 1 parameter(s) with '<OptimizerBatchRandomSearch>' and '<TerminatorEvals> [n_evals=3, k=0]'
INFO  [17:35:07.516] [bbotk] Evaluating 1 configuration(s)
INFO  [17:35:08.099] [bbotk] Result of batch 1:
INFO  [17:35:08.100] [bbotk]  num.trees classif.ce warnings errors runtime_learners
INFO  [17:35:08.100] [bbotk]        215 0.02066739        0      0            0.527
INFO  [17:35:08.100] [bbotk]                                 uhash
INFO  [17:35:08.100] [bbotk]  2174f1ad-5e8a-4441-af6d-35517da94a6d
INFO  [17:35:08.104] [bbotk] Evaluating 1 configuration(s)
INFO  [17:35:08.754] [bbotk] Result of batch 2:
INFO  [17:35:08.755] [bbotk]  num.trees classif.ce warnings errors runtime_learners
INFO  [17:35:08.755] [bbotk]        278 0.02009342        0      0             0.61
INFO  [17:35:08.755] [bbotk]                                 uhash
INFO  [17:35:08.755] [bbotk]  9e7ea9a5-60a0-403a-90c2-09e7f6728e7f
INFO  [17:35:08.757] [bbotk] Evaluating 1 configuration(s)
INFO  [17:35:09.742] [bbotk] Result of batch 3:
INFO  [17:35:09.744] [bbotk]  num.trees classif.ce warnings errors runtime_learners
INFO  [17:35:09.744] [bbotk]        396  0.0209545        0      0            0.951
INFO  [17:35:09.744] [bbotk]                                 uhash
INFO  [17:35:09.744] [bbotk]  6a5d1302-cab9-4e50-8f6b-05a51934468c
INFO  [17:35:09.750] [bbotk] Finished optimizing after 3 evaluation(s)
INFO  [17:35:09.751] [bbotk] Result:
INFO  [17:35:09.752] [bbotk]  num.trees learner_param_vals  x_domain classif.ce
INFO  [17:35:09.752] [bbotk]      <int>             <list>    <list>      <num>
INFO  [17:35:09.752] [bbotk]        278          <list[2]> <list[1]> 0.02009342

### [bt]: Job terminated successfully [batchtools job.id=3706]
### [bt]: Starting job [batchtools job.id=3707]
### [bt]: Generating problem instance for problem '01ea4b20a58e68c2' ...
### [bt]: Applying algorithm 'run_learner' on problem '01ea4b20a58e68c2' for job 3707 (seed = 3708) ...
INFO  [17:35:10.450] [mlr3] Applying learner 'classif.ranger.tuned_calib.perfold_isotonic' on task 'wilt' (iter 7/10)
INFO  [17:35:10.543] [bbotk] Starting to optimize 1 parameter(s) with '<OptimizerBatchRandomSearch>' and '<TerminatorEvals> [n_evals=3, k=0]'
INFO  [17:35:10.558] [bbotk] Evaluating 1 configuration(s)
INFO  [17:35:11.326] [bbotk] Result of batch 1:
INFO  [17:35:11.326] [bbotk]  num.trees classif.ce warnings errors runtime_learners
INFO  [17:35:11.326] [bbotk]        327 0.01808094        0      0            0.729
INFO  [17:35:11.326] [bbotk]                                 uhash
INFO  [17:35:11.326] [bbotk]  3b1a6235-c939-41ee-be29-853c3f43f9e1
INFO  [17:35:11.329] [bbotk] Evaluating 1 configuration(s)
INFO  [17:35:11.768] [bbotk] Result of batch 2:
INFO  [17:35:11.769] [bbotk]  num.trees classif.ce warnings errors runtime_learners
INFO  [17:35:11.769] [bbotk]        184 0.01808143        0      0            0.405
INFO  [17:35:11.769] [bbotk]                                 uhash
INFO  [17:35:11.769] [bbotk]  bfd18ab7-5f25-470c-9d0a-ad9fc7853fa6
INFO  [17:35:11.775] [bbotk] Evaluating 1 configuration(s)
INFO  [17:35:12.206] [bbotk] Result of batch 3:
INFO  [17:35:12.209] [bbotk]  num.trees classif.ce warnings errors runtime_learners
INFO  [17:35:12.209] [bbotk]        154 0.01808143        0      0            0.364
INFO  [17:35:12.209] [bbotk]                                 uhash
INFO  [17:35:12.209] [bbotk]  d83851d2-0023-4c00-bc2e-f2fd91bd90bd
INFO  [17:35:12.231] [bbotk] Finished optimizing after 3 evaluation(s)
INFO  [17:35:12.234] [bbotk] Result:
INFO  [17:35:12.236] [bbotk]  num.trees learner_param_vals  x_domain classif.ce
INFO  [17:35:12.236] [bbotk]      <int>             <list>    <list>      <num>
INFO  [17:35:12.236] [bbotk]        327          <list[2]> <list[1]> 0.01808094
INFO  [17:35:12.626] [bbotk] Starting to optimize 1 parameter(s) with '<OptimizerBatchRandomSearch>' and '<TerminatorEvals> [n_evals=3, k=0]'
INFO  [17:35:12.631] [bbotk] Evaluating 1 configuration(s)
INFO  [17:35:14.040] [bbotk] Result of batch 1:
INFO  [17:35:14.041] [bbotk]  num.trees classif.ce warnings errors runtime_learners
INFO  [17:35:14.041] [bbotk]        497 0.02066714        0      0            1.371
INFO  [17:35:14.041] [bbotk]                                 uhash
INFO  [17:35:14.041] [bbotk]  e8a8633a-b6e4-43a0-b8ff-883eacd6dea6
INFO  [17:35:14.044] [bbotk] Evaluating 1 configuration(s)
INFO  [17:35:14.591] [bbotk] Result of batch 2:
INFO  [17:35:14.592] [bbotk]  num.trees classif.ce warnings errors runtime_learners
INFO  [17:35:14.592] [bbotk]        218 0.02009317        0      0            0.509
INFO  [17:35:14.592] [bbotk]                                 uhash
INFO  [17:35:14.592] [bbotk]  53656abb-606b-410c-b963-d7576616efe7
INFO  [17:35:14.597] [bbotk] Evaluating 1 configuration(s)
INFO  [17:35:15.238] [bbotk] Result of batch 3:
INFO  [17:35:15.239] [bbotk]  num.trees classif.ce warnings errors runtime_learners
INFO  [17:35:15.239] [bbotk]        267 0.01980581        0      0            0.591
INFO  [17:35:15.239] [bbotk]                                 uhash
INFO  [17:35:15.239] [bbotk]  ce845f29-9230-4e6d-a2c2-621b1caf35f4
INFO  [17:35:15.246] [bbotk] Finished optimizing after 3 evaluation(s)
INFO  [17:35:15.246] [bbotk] Result:
INFO  [17:35:15.247] [bbotk]  num.trees learner_param_vals  x_domain classif.ce
INFO  [17:35:15.247] [bbotk]      <int>             <list>    <list>      <num>
INFO  [17:35:15.247] [bbotk]        267          <list[2]> <list[1]> 0.01980581
INFO  [17:35:15.653] [bbotk] Starting to optimize 1 parameter(s) with '<OptimizerBatchRandomSearch>' and '<TerminatorEvals> [n_evals=3, k=0]'
INFO  [17:35:15.664] [bbotk] Evaluating 1 configuration(s)
INFO  [17:35:16.674] [bbotk] Result of batch 1:
INFO  [17:35:16.676] [bbotk]  num.trees classif.ce warnings errors runtime_learners
INFO  [17:35:16.676] [bbotk]        354 0.01980557        0      0            0.956
INFO  [17:35:16.676] [bbotk]                                 uhash
INFO  [17:35:16.676] [bbotk]  3e11ae9c-48ab-4dd4-a5e9-0f91971568a8
INFO  [17:35:16.682] [bbotk] Evaluating 1 configuration(s)
INFO  [17:35:17.357] [bbotk] Result of batch 2:
INFO  [17:35:17.358] [bbotk]  num.trees classif.ce warnings errors runtime_learners
INFO  [17:35:17.358] [bbotk]        258  0.0206664        0      0            0.623
INFO  [17:35:17.358] [bbotk]                                 uhash
INFO  [17:35:17.358] [bbotk]  ff196c16-348c-47cd-8be2-a2ff98832aaa
INFO  [17:35:17.364] [bbotk] Evaluating 1 configuration(s)
INFO  [17:35:18.159] [bbotk] Result of batch 3:
INFO  [17:35:18.160] [bbotk]  num.trees classif.ce warnings errors runtime_learners
INFO  [17:35:18.160] [bbotk]        315 0.02037954        0      0            0.752
INFO  [17:35:18.160] [bbotk]                                 uhash
INFO  [17:35:18.160] [bbotk]  a4f79c10-9c3f-4e52-9ddd-eac1d122d4e7
INFO  [17:35:18.166] [bbotk] Finished optimizing after 3 evaluation(s)
INFO  [17:35:18.167] [bbotk] Result:
INFO  [17:35:18.167] [bbotk]  num.trees learner_param_vals  x_domain classif.ce
INFO  [17:35:18.167] [bbotk]      <int>             <list>    <list>      <num>
INFO  [17:35:18.167] [bbotk]        354          <list[2]> <list[1]> 0.01980557
INFO  [17:35:18.582] [bbotk] Starting to optimize 1 parameter(s) with '<OptimizerBatchRandomSearch>' and '<TerminatorEvals> [n_evals=3, k=0]'
INFO  [17:35:18.587] [bbotk] Evaluating 1 configuration(s)
INFO  [17:35:19.480] [bbotk] Result of batch 1:
INFO  [17:35:19.481] [bbotk]  num.trees classif.ce warnings errors runtime_learners
INFO  [17:35:19.481] [bbotk]        372 0.01980384        0      0            0.845
INFO  [17:35:19.481] [bbotk]                                 uhash
INFO  [17:35:19.481] [bbotk]  182a189e-4dd5-4866-9664-5d8511e139c0
INFO  [17:35:19.483] [bbotk] Evaluating 1 configuration(s)
INFO  [17:35:20.287] [bbotk] Result of batch 2:
INFO  [17:35:20.287] [bbotk]  num.trees classif.ce warnings errors runtime_learners
INFO  [17:35:20.287] [bbotk]        128 0.02009095        0      0            0.756
INFO  [17:35:20.287] [bbotk]                                 uhash
INFO  [17:35:20.287] [bbotk]  8ea01876-99be-4333-bea7-8b94472e6c14
INFO  [17:35:20.293] [bbotk] Evaluating 1 configuration(s)
INFO  [17:35:21.368] [bbotk] Result of batch 3:
INFO  [17:35:21.369] [bbotk]  num.trees classif.ce warnings errors runtime_learners
INFO  [17:35:21.369] [bbotk]        438 0.02037805        0      0            1.038
INFO  [17:35:21.369] [bbotk]                                 uhash
INFO  [17:35:21.369] [bbotk]  083756c7-2a67-4139-b40b-0a11393242ec
INFO  [17:35:21.380] [bbotk] Finished optimizing after 3 evaluation(s)
INFO  [17:35:21.380] [bbotk] Result:
INFO  [17:35:21.382] [bbotk]  num.trees learner_param_vals  x_domain classif.ce
INFO  [17:35:21.382] [bbotk]      <int>             <list>    <list>      <num>
INFO  [17:35:21.382] [bbotk]        372          <list[2]> <list[1]> 0.01980384
INFO  [17:35:21.953] [bbotk] Starting to optimize 1 parameter(s) with '<OptimizerBatchRandomSearch>' and '<TerminatorEvals> [n_evals=3, k=0]'
INFO  [17:35:21.957] [bbotk] Evaluating 1 configuration(s)
INFO  [17:35:22.875] [bbotk] Result of batch 1:
INFO  [17:35:22.877] [bbotk]  num.trees classif.ce warnings errors runtime_learners
INFO  [17:35:22.877] [bbotk]        380 0.02037707        0      0            0.875
INFO  [17:35:22.877] [bbotk]                                 uhash
INFO  [17:35:22.877] [bbotk]  0845cc4f-91bc-4f4d-a243-2237559ee3a3
INFO  [17:35:22.882] [bbotk] Evaluating 1 configuration(s)
INFO  [17:35:23.387] [bbotk] Result of batch 2:
INFO  [17:35:23.389] [bbotk]  num.trees classif.ce warnings errors runtime_learners
INFO  [17:35:23.389] [bbotk]        193 0.02066368        0      0             0.46
INFO  [17:35:23.389] [bbotk]                                 uhash
INFO  [17:35:23.389] [bbotk]  d648cb14-9112-4fa6-9474-a6aa45501b9a
INFO  [17:35:23.395] [bbotk] Evaluating 1 configuration(s)
INFO  [17:35:24.116] [bbotk] Result of batch 3:
INFO  [17:35:24.119] [bbotk]  num.trees classif.ce warnings errors runtime_learners
INFO  [17:35:24.119] [bbotk]        292  0.0198026        0      0            0.675
INFO  [17:35:24.119] [bbotk]                                 uhash
INFO  [17:35:24.119] [bbotk]  72f7d663-82b4-4ff1-bc58-6c03248c3d25
INFO  [17:35:24.135] [bbotk] Finished optimizing after 3 evaluation(s)
INFO  [17:35:24.136] [bbotk] Result:
INFO  [17:35:24.137] [bbotk]  num.trees learner_param_vals  x_domain classif.ce
INFO  [17:35:24.137] [bbotk]      <int>             <list>    <list>      <num>
INFO  [17:35:24.137] [bbotk]        292          <list[2]> <list[1]>  0.0198026

### [bt]: Job terminated successfully [batchtools job.id=3707]
### [bt]: Starting job [batchtools job.id=3708]
### [bt]: Generating problem instance for problem '01ea4b20a58e68c2' ...
### [bt]: Applying algorithm 'run_learner' on problem '01ea4b20a58e68c2' for job 3708 (seed = 3709) ...
INFO  [17:35:24.888] [mlr3] Applying learner 'classif.ranger.tuned_calib.perfold_isotonic' on task 'wilt' (iter 8/10)
INFO  [17:35:24.980] [bbotk] Starting to optimize 1 parameter(s) with '<OptimizerBatchRandomSearch>' and '<TerminatorEvals> [n_evals=3, k=0]'
INFO  [17:35:24.985] [bbotk] Evaluating 1 configuration(s)
INFO  [17:35:26.069] [bbotk] Result of batch 1:
INFO  [17:35:26.070] [bbotk]  num.trees classif.ce warnings errors runtime_learners
INFO  [17:35:26.070] [bbotk]        440 0.01750845        0      0            1.045
INFO  [17:35:26.070] [bbotk]                                 uhash
INFO  [17:35:26.070] [bbotk]  cd1dd01a-5d8c-4705-b428-4caf39f24c2a
INFO  [17:35:26.072] [bbotk] Evaluating 1 configuration(s)
INFO  [17:35:26.849] [bbotk] Result of batch 2:
INFO  [17:35:26.850] [bbotk]  num.trees classif.ce warnings errors runtime_learners
INFO  [17:35:26.850] [bbotk]        297 0.01722159        0      0            0.734
INFO  [17:35:26.850] [bbotk]                                 uhash
INFO  [17:35:26.850] [bbotk]  d2e25228-0969-48db-8bf3-67aa0f81515a
INFO  [17:35:26.852] [bbotk] Evaluating 1 configuration(s)
INFO  [17:35:27.154] [bbotk] Result of batch 3:
INFO  [17:35:27.155] [bbotk]  num.trees classif.ce warnings errors runtime_learners
INFO  [17:35:27.155] [bbotk]        121 0.01808242        0      0            0.264
INFO  [17:35:27.155] [bbotk]                                 uhash
INFO  [17:35:27.155] [bbotk]  17281b2a-45be-44f6-a345-75e121537299
INFO  [17:35:27.161] [bbotk] Finished optimizing after 3 evaluation(s)
INFO  [17:35:27.161] [bbotk] Result:
INFO  [17:35:27.162] [bbotk]  num.trees learner_param_vals  x_domain classif.ce
INFO  [17:35:27.162] [bbotk]      <int>             <list>    <list>      <num>
INFO  [17:35:27.162] [bbotk]        297          <list[2]> <list[1]> 0.01722159
INFO  [17:35:27.669] [bbotk] Starting to optimize 1 parameter(s) with '<OptimizerBatchRandomSearch>' and '<TerminatorEvals> [n_evals=3, k=0]'
INFO  [17:35:27.674] [bbotk] Evaluating 1 configuration(s)
INFO  [17:35:28.928] [bbotk] Result of batch 1:
INFO  [17:35:28.929] [bbotk]  num.trees classif.ce warnings errors runtime_learners
INFO  [17:35:28.929] [bbotk]        480 0.01865515        0      0            1.226
INFO  [17:35:28.929] [bbotk]                                 uhash
INFO  [17:35:28.929] [bbotk]  6ad06f64-bfd2-4f6f-98f2-21c94f890f37
INFO  [17:35:28.931] [bbotk] Evaluating 1 configuration(s)
INFO  [17:35:29.805] [bbotk] Result of batch 2:
INFO  [17:35:29.805] [bbotk]  num.trees classif.ce warnings errors runtime_learners
INFO  [17:35:29.805] [bbotk]        358 0.01922913        0      0            0.835
INFO  [17:35:29.805] [bbotk]                                 uhash
INFO  [17:35:29.805] [bbotk]  bc7edc37-2331-491e-aff1-0cd78d26bca2
INFO  [17:35:29.808] [bbotk] Evaluating 1 configuration(s)
INFO  [17:35:30.686] [bbotk] Result of batch 3:
INFO  [17:35:30.686] [bbotk]  num.trees classif.ce warnings errors runtime_learners
INFO  [17:35:30.686] [bbotk]        377 0.01894226        0      0            0.827
INFO  [17:35:30.686] [bbotk]                                 uhash
INFO  [17:35:30.686] [bbotk]  a04ad64f-0fd9-49e0-96ea-7df6d7f04703
INFO  [17:35:30.698] [bbotk] Finished optimizing after 3 evaluation(s)
INFO  [17:35:30.698] [bbotk] Result:
INFO  [17:35:30.699] [bbotk]  num.trees learner_param_vals  x_domain classif.ce
INFO  [17:35:30.699] [bbotk]      <int>             <list>    <list>      <num>
INFO  [17:35:30.699] [bbotk]        480          <list[2]> <list[1]> 0.01865515
INFO  [17:35:31.438] [bbotk] Starting to optimize 1 parameter(s) with '<OptimizerBatchRandomSearch>' and '<TerminatorEvals> [n_evals=3, k=0]'
INFO  [17:35:31.444] [bbotk] Evaluating 1 configuration(s)
INFO  [17:35:32.052] [bbotk] Result of batch 1:
INFO  [17:35:32.053] [bbotk]  num.trees classif.ce warnings errors runtime_learners
INFO  [17:35:32.053] [bbotk]        263 0.02152575        0      0            0.574
INFO  [17:35:32.053] [bbotk]                                 uhash
INFO  [17:35:32.053] [bbotk]  13595a6a-b215-41a1-a08f-69dacc211f3f
INFO  [17:35:32.056] [bbotk] Evaluating 1 configuration(s)
INFO  [17:35:33.173] [bbotk] Result of batch 2:
INFO  [17:35:33.174] [bbotk]  num.trees classif.ce warnings errors runtime_learners
INFO  [17:35:33.174] [bbotk]        444 0.01951648        0      0             1.08
INFO  [17:35:33.174] [bbotk]                                 uhash
INFO  [17:35:33.174] [bbotk]  f05e0c7b-e1da-4b13-bfff-ee26a5a22674
INFO  [17:35:33.176] [bbotk] Evaluating 1 configuration(s)
INFO  [17:35:33.525] [bbotk] Result of batch 3:
INFO  [17:35:33.526] [bbotk]  num.trees classif.ce warnings errors runtime_learners
INFO  [17:35:33.526] [bbotk]        131 0.01951698        0      0            0.308
INFO  [17:35:33.526] [bbotk]                                 uhash
INFO  [17:35:33.526] [bbotk]  cd458cd0-bfe0-4457-982a-a2f0c9b6ae33
INFO  [17:35:33.532] [bbotk] Finished optimizing after 3 evaluation(s)
INFO  [17:35:33.533] [bbotk] Result:
INFO  [17:35:33.533] [bbotk]  num.trees learner_param_vals  x_domain classif.ce
INFO  [17:35:33.533] [bbotk]      <int>             <list>    <list>      <num>
INFO  [17:35:33.533] [bbotk]        444          <list[2]> <list[1]> 0.01951648
INFO  [17:35:34.155] [bbotk] Starting to optimize 1 parameter(s) with '<OptimizerBatchRandomSearch>' and '<TerminatorEvals> [n_evals=3, k=0]'
INFO  [17:35:34.160] [bbotk] Evaluating 1 configuration(s)
INFO  [17:35:35.172] [bbotk] Result of batch 1:
INFO  [17:35:35.173] [bbotk]  num.trees classif.ce warnings errors runtime_learners
INFO  [17:35:35.173] [bbotk]        396 0.01980532        0      0            0.972
INFO  [17:35:35.173] [bbotk]                                 uhash
INFO  [17:35:35.173] [bbotk]  43836b7c-12e9-409b-87db-bfd3ce885e79
INFO  [17:35:35.175] [bbotk] Evaluating 1 configuration(s)
INFO  [17:35:35.858] [bbotk] Result of batch 2:
INFO  [17:35:35.860] [bbotk]  num.trees classif.ce warnings errors runtime_learners
INFO  [17:35:35.860] [bbotk]        281 0.01923036        0      0            0.637
INFO  [17:35:35.860] [bbotk]                                 uhash
INFO  [17:35:35.860] [bbotk]  068ceb73-6a44-48e5-acc2-230bbc12613c
INFO  [17:35:35.862] [bbotk] Evaluating 1 configuration(s)
INFO  [17:35:36.218] [bbotk] Result of batch 3:
INFO  [17:35:36.219] [bbotk]  num.trees classif.ce warnings errors runtime_learners
INFO  [17:35:36.219] [bbotk]        133 0.01951747        0      0            0.308
INFO  [17:35:36.219] [bbotk]                                 uhash
INFO  [17:35:36.219] [bbotk]  a96497b1-2a96-4917-bd34-27f949ef0837
INFO  [17:35:36.233] [bbotk] Finished optimizing after 3 evaluation(s)
INFO  [17:35:36.233] [bbotk] Result:
INFO  [17:35:36.234] [bbotk]  num.trees learner_param_vals  x_domain classif.ce
INFO  [17:35:36.234] [bbotk]      <int>             <list>    <list>      <num>
INFO  [17:35:36.234] [bbotk]        281          <list[2]> <list[1]> 0.01923036
INFO  [17:35:36.616] [bbotk] Starting to optimize 1 parameter(s) with '<OptimizerBatchRandomSearch>' and '<TerminatorEvals> [n_evals=3, k=0]'
INFO  [17:35:36.623] [bbotk] Evaluating 1 configuration(s)
INFO  [17:35:37.787] [bbotk] Result of batch 1:
INFO  [17:35:37.789] [bbotk]  num.trees classif.ce warnings errors runtime_learners
INFO  [17:35:37.789] [bbotk]        470 0.01923061        0      0            1.118
INFO  [17:35:37.789] [bbotk]                                 uhash
INFO  [17:35:37.789] [bbotk]  dd199898-f0c9-4dbd-862d-a05bb727f88f
INFO  [17:35:37.792] [bbotk] Evaluating 1 configuration(s)
INFO  [17:35:38.197] [bbotk] Result of batch 2:
INFO  [17:35:38.199] [bbotk]  num.trees classif.ce warnings errors runtime_learners
INFO  [17:35:38.199] [bbotk]        159 0.01951772        0      0            0.365
INFO  [17:35:38.199] [bbotk]                                 uhash
INFO  [17:35:38.199] [bbotk]  c1c8bb35-847f-447e-8dfb-a223e79bc204
INFO  [17:35:38.203] [bbotk] Evaluating 1 configuration(s)
INFO  [17:35:38.644] [bbotk] Result of batch 3:
INFO  [17:35:38.645] [bbotk]  num.trees classif.ce warnings errors runtime_learners
INFO  [17:35:38.645] [bbotk]        188 0.02009193        0      0            0.397
INFO  [17:35:38.645] [bbotk]                                 uhash
INFO  [17:35:38.645] [bbotk]  a387804c-5e23-43bd-bb65-f2d013133546
INFO  [17:35:38.660] [bbotk] Finished optimizing after 3 evaluation(s)
INFO  [17:35:38.661] [bbotk] Result:
INFO  [17:35:38.665] [bbotk]  num.trees learner_param_vals  x_domain classif.ce
INFO  [17:35:38.665] [bbotk]      <int>             <list>    <list>      <num>
INFO  [17:35:38.665] [bbotk]        470          <list[2]> <list[1]> 0.01923061

### [bt]: Job terminated successfully [batchtools job.id=3708]
### [bt]: Starting job [batchtools job.id=3709]
### [bt]: Generating problem instance for problem '01ea4b20a58e68c2' ...
### [bt]: Applying algorithm 'run_learner' on problem '01ea4b20a58e68c2' for job 3709 (seed = 3710) ...
INFO  [17:35:39.695] [mlr3] Applying learner 'classif.ranger.tuned_calib.perfold_isotonic' on task 'wilt' (iter 9/10)
INFO  [17:35:39.780] [bbotk] Starting to optimize 1 parameter(s) with '<OptimizerBatchRandomSearch>' and '<TerminatorEvals> [n_evals=3, k=0]'
INFO  [17:35:39.796] [bbotk] Evaluating 1 configuration(s)
INFO  [17:35:40.322] [bbotk] Result of batch 1:
INFO  [17:35:40.324] [bbotk]  num.trees classif.ce warnings errors runtime_learners
INFO  [17:35:40.324] [bbotk]        211 0.02382114        0      0            0.463
INFO  [17:35:40.324] [bbotk]                                 uhash
INFO  [17:35:40.324] [bbotk]  1a9c7c14-7957-4407-9697-130342b5f56a
INFO  [17:35:40.329] [bbotk] Evaluating 1 configuration(s)
INFO  [17:35:41.306] [bbotk] Result of batch 2:
INFO  [17:35:41.308] [bbotk]  num.trees classif.ce warnings errors runtime_learners
INFO  [17:35:41.308] [bbotk]        406 0.02209947        0      0            0.938
INFO  [17:35:41.308] [bbotk]                                 uhash
INFO  [17:35:41.308] [bbotk]  212be2ef-4157-49cd-8ac1-49a48857ed62
INFO  [17:35:41.313] [bbotk] Evaluating 1 configuration(s)
INFO  [17:35:41.909] [bbotk] Result of batch 3:
INFO  [17:35:41.911] [bbotk]  num.trees classif.ce warnings errors runtime_learners
INFO  [17:35:41.911] [bbotk]        257 0.02382089        0      0            0.552
INFO  [17:35:41.911] [bbotk]                                 uhash
INFO  [17:35:41.911] [bbotk]  7aa9f897-bde3-4f91-9f17-18ba838b86db
INFO  [17:35:41.922] [bbotk] Finished optimizing after 3 evaluation(s)
INFO  [17:35:41.923] [bbotk] Result:
INFO  [17:35:41.923] [bbotk]  num.trees learner_param_vals  x_domain classif.ce
INFO  [17:35:41.923] [bbotk]      <int>             <list>    <list>      <num>
INFO  [17:35:41.923] [bbotk]        406          <list[2]> <list[1]> 0.02209947
INFO  [17:35:42.452] [bbotk] Starting to optimize 1 parameter(s) with '<OptimizerBatchRandomSearch>' and '<TerminatorEvals> [n_evals=3, k=0]'
INFO  [17:35:42.462] [bbotk] Evaluating 1 configuration(s)
INFO  [17:35:42.836] [bbotk] Result of batch 1:
INFO  [17:35:42.838] [bbotk]  num.trees classif.ce warnings errors runtime_learners
INFO  [17:35:42.838] [bbotk]        120 0.01923036        0      0             0.31
INFO  [17:35:42.838] [bbotk]                                 uhash
INFO  [17:35:42.838] [bbotk]  f0a55990-3c9d-4581-947c-40a070762fa4
INFO  [17:35:42.843] [bbotk] Evaluating 1 configuration(s)
INFO  [17:35:43.493] [bbotk] Result of batch 2:
INFO  [17:35:43.494] [bbotk]  num.trees classif.ce warnings errors runtime_learners
INFO  [17:35:43.494] [bbotk]        267 0.01980433        0      0            0.604
INFO  [17:35:43.494] [bbotk]                                 uhash
INFO  [17:35:43.494] [bbotk]  9ddc963f-fe2d-4d3a-9e3e-e1db2c167c51
INFO  [17:35:43.499] [bbotk] Evaluating 1 configuration(s)
INFO  [17:35:44.456] [bbotk] Result of batch 3:
INFO  [17:35:44.458] [bbotk]  num.trees classif.ce warnings errors runtime_learners
INFO  [17:35:44.458] [bbotk]        421 0.01923011        0      0            0.921
INFO  [17:35:44.458] [bbotk]                                 uhash
INFO  [17:35:44.458] [bbotk]  7f80f943-e498-4d19-a58a-bcb97c299eb9
INFO  [17:35:44.464] [bbotk] Finished optimizing after 3 evaluation(s)
INFO  [17:35:44.464] [bbotk] Result:
INFO  [17:35:44.465] [bbotk]  num.trees learner_param_vals  x_domain classif.ce
INFO  [17:35:44.465] [bbotk]      <int>             <list>    <list>      <num>
INFO  [17:35:44.465] [bbotk]        421          <list[2]> <list[1]> 0.01923011
INFO  [17:35:45.105] [bbotk] Starting to optimize 1 parameter(s) with '<OptimizerBatchRandomSearch>' and '<TerminatorEvals> [n_evals=3, k=0]'
INFO  [17:35:45.111] [bbotk] Evaluating 1 configuration(s)
INFO  [17:35:45.531] [bbotk] Result of batch 1:
INFO  [17:35:45.532] [bbotk]  num.trees classif.ce warnings errors runtime_learners
INFO  [17:35:45.532] [bbotk]        185 0.01865763        0      0            0.389
INFO  [17:35:45.532] [bbotk]                                 uhash
INFO  [17:35:45.532] [bbotk]  326b442d-aa47-47ca-8195-d6db47820ee8
INFO  [17:35:45.534] [bbotk] Evaluating 1 configuration(s)
INFO  [17:35:46.126] [bbotk] Result of batch 2:
INFO  [17:35:46.127] [bbotk]  num.trees classif.ce warnings errors runtime_learners
INFO  [17:35:46.127] [bbotk]        256 0.01808316        0      0            0.554
INFO  [17:35:46.127] [bbotk]                                 uhash
INFO  [17:35:46.127] [bbotk]  c3afe74b-9927-48ee-aef9-ef8b3196dfe1
INFO  [17:35:46.129] [bbotk] Evaluating 1 configuration(s)
INFO  [17:35:46.526] [bbotk] Result of batch 3:
INFO  [17:35:46.528] [bbotk]  num.trees classif.ce warnings errors runtime_learners
INFO  [17:35:46.528] [bbotk]        161 0.01894449        0      0            0.361
INFO  [17:35:46.528] [bbotk]                                 uhash
INFO  [17:35:46.528] [bbotk]  d8f148a2-998a-4689-8614-d536605951f0
INFO  [17:35:46.543] [bbotk] Finished optimizing after 3 evaluation(s)
INFO  [17:35:46.544] [bbotk] Result:
INFO  [17:35:46.545] [bbotk]  num.trees learner_param_vals  x_domain classif.ce
INFO  [17:35:46.545] [bbotk]      <int>             <list>    <list>      <num>
INFO  [17:35:46.545] [bbotk]        256          <list[2]> <list[1]> 0.01808316
INFO  [17:35:46.879] [bbotk] Starting to optimize 1 parameter(s) with '<OptimizerBatchRandomSearch>' and '<TerminatorEvals> [n_evals=3, k=0]'
INFO  [17:35:46.887] [bbotk] Evaluating 1 configuration(s)
INFO  [17:35:47.926] [bbotk] Result of batch 1:
INFO  [17:35:47.927] [bbotk]  num.trees classif.ce warnings errors runtime_learners
INFO  [17:35:47.927] [bbotk]        427 0.02267616        0      0            1.006
INFO  [17:35:47.927] [bbotk]                                 uhash
INFO  [17:35:47.927] [bbotk]  d796a16e-6351-4d99-928d-0428ef2712e8
INFO  [17:35:47.929] [bbotk] Evaluating 1 configuration(s)
INFO  [17:35:48.510] [bbotk] Result of batch 2:
INFO  [17:35:48.511] [bbotk]  num.trees classif.ce warnings errors runtime_learners
INFO  [17:35:48.511] [bbotk]        262 0.02325013        0      0            0.537
INFO  [17:35:48.511] [bbotk]                                 uhash
INFO  [17:35:48.511] [bbotk]  5799438a-b57b-4bc6-8832-64b3083d3ac7
INFO  [17:35:48.513] [bbotk] Evaluating 1 configuration(s)
INFO  [17:35:48.972] [bbotk] Result of batch 3:
INFO  [17:35:48.973] [bbotk]  num.trees classif.ce warnings errors runtime_learners
INFO  [17:35:48.973] [bbotk]        188 0.02296278        0      0            0.424
INFO  [17:35:48.973] [bbotk]                                 uhash
INFO  [17:35:48.973] [bbotk]  b2aab661-a628-4336-93ea-4d7385dba874
INFO  [17:35:48.979] [bbotk] Finished optimizing after 3 evaluation(s)
INFO  [17:35:48.979] [bbotk] Result:
INFO  [17:35:48.979] [bbotk]  num.trees learner_param_vals  x_domain classif.ce
INFO  [17:35:48.979] [bbotk]      <int>             <list>    <list>      <num>
INFO  [17:35:48.979] [bbotk]        427          <list[2]> <list[1]> 0.02267616
INFO  [17:35:49.474] [bbotk] Starting to optimize 1 parameter(s) with '<OptimizerBatchRandomSearch>' and '<TerminatorEvals> [n_evals=3, k=0]'
INFO  [17:35:49.479] [bbotk] Evaluating 1 configuration(s)
INFO  [17:35:49.974] [bbotk] Result of batch 1:
INFO  [17:35:49.975] [bbotk]  num.trees classif.ce warnings errors runtime_learners
INFO  [17:35:49.975] [bbotk]        205 0.02152847        0      0            0.458
INFO  [17:35:49.975] [bbotk]                                 uhash
INFO  [17:35:49.975] [bbotk]  4bde63f0-95b0-4c8b-bf91-a7c1ed82b8a2
INFO  [17:35:49.977] [bbotk] Evaluating 1 configuration(s)
INFO  [17:35:50.860] [bbotk] Result of batch 2:
INFO  [17:35:50.861] [bbotk]  num.trees classif.ce warnings errors runtime_learners
INFO  [17:35:50.861] [bbotk]        399 0.02124111        0      0            0.841
INFO  [17:35:50.861] [bbotk]                                 uhash
INFO  [17:35:50.861] [bbotk]  8d87418c-ed70-479b-9bf6-d2930a135c7f
INFO  [17:35:50.863] [bbotk] Evaluating 1 configuration(s)
INFO  [17:35:51.403] [bbotk] Result of batch 3:
INFO  [17:35:51.404] [bbotk]  num.trees classif.ce warnings errors runtime_learners
INFO  [17:35:51.404] [bbotk]        236 0.02037978        0      0            0.507
INFO  [17:35:51.404] [bbotk]                                 uhash
INFO  [17:35:51.404] [bbotk]  57391747-4b64-4641-b854-7f251ba246ce
INFO  [17:35:51.410] [bbotk] Finished optimizing after 3 evaluation(s)
INFO  [17:35:51.411] [bbotk] Result:
INFO  [17:35:51.411] [bbotk]  num.trees learner_param_vals  x_domain classif.ce
INFO  [17:35:51.411] [bbotk]      <int>             <list>    <list>      <num>
INFO  [17:35:51.411] [bbotk]        236          <list[2]> <list[1]> 0.02037978

### [bt]: Job terminated successfully [batchtools job.id=3709]
### [bt]: Starting job [batchtools job.id=3710]
### [bt]: Generating problem instance for problem '01ea4b20a58e68c2' ...
### [bt]: Applying algorithm 'run_learner' on problem '01ea4b20a58e68c2' for job 3710 (seed = 3711) ...
INFO  [17:35:51.937] [mlr3] Applying learner 'classif.ranger.tuned_calib.perfold_isotonic' on task 'wilt' (iter 10/10)
INFO  [17:35:51.979] [bbotk] Starting to optimize 1 parameter(s) with '<OptimizerBatchRandomSearch>' and '<TerminatorEvals> [n_evals=3, k=0]'
INFO  [17:35:51.983] [bbotk] Evaluating 1 configuration(s)
INFO  [17:35:52.466] [bbotk] Result of batch 1:
INFO  [17:35:52.466] [bbotk]  num.trees classif.ce warnings errors runtime_learners
INFO  [17:35:52.466] [bbotk]        205 0.01980334        0      0            0.446
INFO  [17:35:52.466] [bbotk]                                 uhash
INFO  [17:35:52.466] [bbotk]  9438c20b-dcaa-4d97-98ce-fb27785699c5
INFO  [17:35:52.469] [bbotk] Evaluating 1 configuration(s)
INFO  [17:35:53.210] [bbotk] Result of batch 2:
INFO  [17:35:53.210] [bbotk]  num.trees classif.ce warnings errors runtime_learners
INFO  [17:35:53.210] [bbotk]        292 0.02095178        0      0            0.696
INFO  [17:35:53.210] [bbotk]                                 uhash
INFO  [17:35:53.210] [bbotk]  bc5d895c-660c-4af8-b34c-fce56d9256f9
INFO  [17:35:53.212] [bbotk] Evaluating 1 configuration(s)
INFO  [17:35:53.942] [bbotk] Result of batch 3:
INFO  [17:35:53.944] [bbotk]  num.trees classif.ce warnings errors runtime_learners
INFO  [17:35:53.944] [bbotk]        298 0.02037756        0      0            0.693
INFO  [17:35:53.944] [bbotk]                                 uhash
INFO  [17:35:53.944] [bbotk]  0049db97-160c-4425-8e17-b5e741cedd3d
INFO  [17:35:53.956] [bbotk] Finished optimizing after 3 evaluation(s)
INFO  [17:35:53.956] [bbotk] Result:
INFO  [17:35:53.957] [bbotk]  num.trees learner_param_vals  x_domain classif.ce
INFO  [17:35:53.957] [bbotk]      <int>             <list>    <list>      <num>
INFO  [17:35:53.957] [bbotk]        205          <list[2]> <list[1]> 0.01980334
INFO  [17:35:54.218] [bbotk] Starting to optimize 1 parameter(s) with '<OptimizerBatchRandomSearch>' and '<TerminatorEvals> [n_evals=3, k=0]'
INFO  [17:35:54.228] [bbotk] Evaluating 1 configuration(s)
INFO  [17:35:54.836] [bbotk] Result of batch 1:
INFO  [17:35:54.838] [bbotk]  num.trees classif.ce warnings errors runtime_learners
INFO  [17:35:54.838] [bbotk]        244 0.02008749        0      0            0.525
INFO  [17:35:54.838] [bbotk]                                 uhash
INFO  [17:35:54.838] [bbotk]  bfb4416a-2827-4b22-8b80-200cbe690b7f
INFO  [17:35:54.844] [bbotk] Evaluating 1 configuration(s)
INFO  [17:35:55.262] [bbotk] Result of batch 2:
INFO  [17:35:55.263] [bbotk]  num.trees classif.ce warnings errors runtime_learners
INFO  [17:35:55.263] [bbotk]        168  0.0203746        0      0            0.376
INFO  [17:35:55.263] [bbotk]                                 uhash
INFO  [17:35:55.263] [bbotk]  a72fd1cd-e129-4fc0-bc11-993f58f2f622
INFO  [17:35:55.265] [bbotk] Evaluating 1 configuration(s)
INFO  [17:35:56.320] [bbotk] Result of batch 3:
INFO  [17:35:56.321] [bbotk]  num.trees classif.ce warnings errors runtime_learners
INFO  [17:35:56.321] [bbotk]        446 0.01980013        0      0            1.017
INFO  [17:35:56.321] [bbotk]                                 uhash
INFO  [17:35:56.321] [bbotk]  b0d5f6bf-4168-4846-8955-5b3d5b385b27
INFO  [17:35:56.327] [bbotk] Finished optimizing after 3 evaluation(s)
INFO  [17:35:56.327] [bbotk] Result:
INFO  [17:35:56.328] [bbotk]  num.trees learner_param_vals  x_domain classif.ce
INFO  [17:35:56.328] [bbotk]      <int>             <list>    <list>      <num>
INFO  [17:35:56.328] [bbotk]        446          <list[2]> <list[1]> 0.01980013
INFO  [17:35:56.920] [bbotk] Starting to optimize 1 parameter(s) with '<OptimizerBatchRandomSearch>' and '<TerminatorEvals> [n_evals=3, k=0]'
INFO  [17:35:56.924] [bbotk] Evaluating 1 configuration(s)
INFO  [17:35:57.501] [bbotk] Result of batch 1:
INFO  [17:35:57.502] [bbotk]  num.trees classif.ce warnings errors runtime_learners
INFO  [17:35:57.502] [bbotk]        277   0.020658        0      0            0.545
INFO  [17:35:57.502] [bbotk]                                 uhash
INFO  [17:35:57.502] [bbotk]  90ee9fd9-8088-4e0e-8005-fa13d2e2ae99
INFO  [17:35:57.504] [bbotk] Evaluating 1 configuration(s)
INFO  [17:35:57.949] [bbotk] Result of batch 2:
INFO  [17:35:57.951] [bbotk]  num.trees classif.ce warnings errors runtime_learners
INFO  [17:35:57.951] [bbotk]        188 0.02094511        0      0            0.404
INFO  [17:35:57.951] [bbotk]                                 uhash
INFO  [17:35:57.951] [bbotk]  367594ce-e516-44e6-8a70-65d94a105b31
INFO  [17:35:57.953] [bbotk] Evaluating 1 configuration(s)
INFO  [17:35:58.373] [bbotk] Result of batch 3:
INFO  [17:35:58.374] [bbotk]  num.trees classif.ce warnings errors runtime_learners
INFO  [17:35:58.374] [bbotk]        195 0.01950981        0      0             0.39
INFO  [17:35:58.374] [bbotk]                                 uhash
INFO  [17:35:58.374] [bbotk]  d2dfa97d-c39e-404d-85db-90e0c299cd9b
INFO  [17:35:58.380] [bbotk] Finished optimizing after 3 evaluation(s)
INFO  [17:35:58.381] [bbotk] Result:
INFO  [17:35:58.381] [bbotk]  num.trees learner_param_vals  x_domain classif.ce
INFO  [17:35:58.381] [bbotk]      <int>             <list>    <list>      <num>
INFO  [17:35:58.381] [bbotk]        195          <list[2]> <list[1]> 0.01950981
INFO  [17:35:58.632] [bbotk] Starting to optimize 1 parameter(s) with '<OptimizerBatchRandomSearch>' and '<TerminatorEvals> [n_evals=3, k=0]'
INFO  [17:35:58.639] [bbotk] Evaluating 1 configuration(s)
INFO  [17:35:59.049] [bbotk] Result of batch 1:
INFO  [17:35:59.049] [bbotk]  num.trees classif.ce warnings errors runtime_learners
INFO  [17:35:59.049] [bbotk]        161 0.02410306        0      0             0.37
INFO  [17:35:59.049] [bbotk]                                 uhash
INFO  [17:35:59.049] [bbotk]  773f86f5-b810-4808-97c5-0f067b7ac6aa
INFO  [17:35:59.052] [bbotk] Evaluating 1 configuration(s)
INFO  [17:35:59.372] [bbotk] Result of batch 2:
INFO  [17:35:59.373] [bbotk]  num.trees classif.ce warnings errors runtime_learners
INFO  [17:35:59.373] [bbotk]        106 0.02266924        0      0            0.275
INFO  [17:35:59.373] [bbotk]                                 uhash
INFO  [17:35:59.373] [bbotk]  fd910ef6-7123-47f6-9782-8925ab1b2075
INFO  [17:35:59.378] [bbotk] Evaluating 1 configuration(s)
INFO  [17:35:59.669] [bbotk] Result of batch 3:
INFO  [17:35:59.670] [bbotk]  num.trees classif.ce warnings errors runtime_learners
INFO  [17:35:59.670] [bbotk]        110  0.0238162        0      0            0.249
INFO  [17:35:59.670] [bbotk]                                 uhash
INFO  [17:35:59.670] [bbotk]  7ea26410-3949-4754-b19c-1e64590ec7fb
INFO  [17:35:59.677] [bbotk] Finished optimizing after 3 evaluation(s)
INFO  [17:35:59.677] [bbotk] Result:
INFO  [17:35:59.678] [bbotk]  num.trees learner_param_vals  x_domain classif.ce
INFO  [17:35:59.678] [bbotk]      <int>             <list>    <list>      <num>
INFO  [17:35:59.678] [bbotk]        106          <list[2]> <list[1]> 0.02266924
INFO  [17:35:59.835] [bbotk] Starting to optimize 1 parameter(s) with '<OptimizerBatchRandomSearch>' and '<TerminatorEvals> [n_evals=3, k=0]'
INFO  [17:35:59.841] [bbotk] Evaluating 1 configuration(s)
INFO  [17:36:00.716] [bbotk] Result of batch 1:
INFO  [17:36:00.716] [bbotk]  num.trees classif.ce warnings errors runtime_learners
INFO  [17:36:00.716] [bbotk]        445 0.02094708        0      0            0.838
INFO  [17:36:00.716] [bbotk]                                 uhash
INFO  [17:36:00.716] [bbotk]  b698b26f-2e57-48ec-85c2-15d9c409ceef
INFO  [17:36:00.718] [bbotk] Evaluating 1 configuration(s)
INFO  [17:36:01.166] [bbotk] Result of batch 2:
INFO  [17:36:01.167] [bbotk]  num.trees classif.ce warnings errors runtime_learners
INFO  [17:36:01.167] [bbotk]        204 0.02094733        0      0            0.412
INFO  [17:36:01.167] [bbotk]                                 uhash
INFO  [17:36:01.167] [bbotk]  9e7d337c-690e-4423-8f2c-2e936c8529d3
INFO  [17:36:01.169] [bbotk] Evaluating 1 configuration(s)
INFO  [17:36:01.705] [bbotk] Result of batch 3:
INFO  [17:36:01.706] [bbotk]  num.trees classif.ce warnings errors runtime_learners
INFO  [17:36:01.706] [bbotk]        236 0.02094708        0      0            0.501
INFO  [17:36:01.706] [bbotk]                                 uhash
INFO  [17:36:01.706] [bbotk]  c77ec432-0e9e-4cfe-abf3-e3a82d99d058
INFO  [17:36:01.712] [bbotk] Finished optimizing after 3 evaluation(s)
INFO  [17:36:01.712] [bbotk] Result:
INFO  [17:36:01.713] [bbotk]  num.trees learner_param_vals  x_domain classif.ce
INFO  [17:36:01.713] [bbotk]      <int>             <list>    <list>      <num>
INFO  [17:36:01.713] [bbotk]        445          <list[2]> <list[1]> 0.02094708

### [bt]: Job terminated successfully [batchtools job.id=3710]
### [bt]: Calculation finished!
