### [bt]: This is batchtools v0.9.17
### [bt]: Starting calculation of 5 jobs
### [bt]: Setting working directory to '/Users/User/Documents/Studium/Semester8/Hiwi/mlr3calibration/vignettes'
### [bt]: Memory measurement disabled
### [bt]: Starting job [batchtools job.id=2406]
### [bt]: Generating problem instance for problem '34d90df810f60583' ...
### [bt]: Applying algorithm 'run_learner' on problem '34d90df810f60583' for job 2406 (seed = 2407) ...
INFO  [17:11:37.747] [mlr3] Applying learner 'classif.naive_bayes.tuned_calib.perfold_isotonic' on task 'phoneme' (iter 6/10)
INFO  [17:11:37.795] [bbotk] Starting to optimize 1 parameter(s) with '<OptimizerBatchRandomSearch>' and '<TerminatorEvals> [n_evals=3, k=0]'
INFO  [17:11:37.812] [bbotk] Evaluating 1 configuration(s)
INFO  [17:11:38.211] [bbotk] Result of batch 1:
INFO  [17:11:38.212] [bbotk]    laplace classif.ce warnings errors runtime_learners
INFO  [17:11:38.212] [bbotk]  0.3932823  0.2405551        0      0            0.342
INFO  [17:11:38.212] [bbotk]                                 uhash
INFO  [17:11:38.212] [bbotk]  3ef97d0d-3c57-4bde-9b99-e831c41144b5
INFO  [17:11:38.222] [bbotk] Evaluating 1 configuration(s)
INFO  [17:11:38.614] [bbotk] Result of batch 2:
INFO  [17:11:38.615] [bbotk]    laplace classif.ce warnings errors runtime_learners
INFO  [17:11:38.615] [bbotk]  0.5742272  0.2405551        0      0            0.338
INFO  [17:11:38.615] [bbotk]                                 uhash
INFO  [17:11:38.615] [bbotk]  73cc5422-6309-4c6a-b466-cb01e97e0b42
INFO  [17:11:38.617] [bbotk] Evaluating 1 configuration(s)
INFO  [17:11:38.965] [bbotk] Result of batch 3:
INFO  [17:11:38.969] [bbotk]    laplace classif.ce warnings errors runtime_learners
INFO  [17:11:38.969] [bbotk]  0.8762473  0.2405551        0      0             0.29
INFO  [17:11:38.969] [bbotk]                                 uhash
INFO  [17:11:38.969] [bbotk]  b6e280da-c04d-4a4a-b13a-02a849ee8bea
INFO  [17:11:38.995] [bbotk] Finished optimizing after 3 evaluation(s)
INFO  [17:11:38.995] [bbotk] Result:
INFO  [17:11:38.997] [bbotk]    laplace learner_param_vals  x_domain classif.ce
INFO  [17:11:38.997] [bbotk]      <num>             <list>    <list>      <num>
INFO  [17:11:38.997] [bbotk]  0.3932823          <list[1]> <list[1]>  0.2405551
INFO  [17:11:39.185] [bbotk] Starting to optimize 1 parameter(s) with '<OptimizerBatchRandomSearch>' and '<TerminatorEvals> [n_evals=3, k=0]'
INFO  [17:11:39.192] [bbotk] Evaluating 1 configuration(s)
INFO  [17:11:39.548] [bbotk] Result of batch 1:
INFO  [17:11:39.549] [bbotk]    laplace classif.ce warnings errors runtime_learners
INFO  [17:11:39.549] [bbotk]  0.6888118  0.2539193        0      0            0.304
INFO  [17:11:39.549] [bbotk]                                 uhash
INFO  [17:11:39.549] [bbotk]  f87765b7-2d94-4f34-9728-cfac73d023cf
INFO  [17:11:39.551] [bbotk] Evaluating 1 configuration(s)
INFO  [17:11:39.887] [bbotk] Result of batch 2:
INFO  [17:11:39.890] [bbotk]    laplace classif.ce warnings errors runtime_learners
INFO  [17:11:39.890] [bbotk]  0.8360868  0.2539193        0      0            0.307
INFO  [17:11:39.890] [bbotk]                                 uhash
INFO  [17:11:39.890] [bbotk]  be84ce3a-7e59-4808-b602-b5f64e9a197c
INFO  [17:11:39.896] [bbotk] Evaluating 1 configuration(s)
INFO  [17:11:40.254] [bbotk] Result of batch 3:
INFO  [17:11:40.256] [bbotk]    laplace classif.ce warnings errors runtime_learners
INFO  [17:11:40.256] [bbotk]  0.8046053  0.2539193        0      0            0.316
INFO  [17:11:40.256] [bbotk]                                 uhash
INFO  [17:11:40.256] [bbotk]  52144a33-291f-426b-91db-85cd43a89ba8
INFO  [17:11:40.266] [bbotk] Finished optimizing after 3 evaluation(s)
INFO  [17:11:40.266] [bbotk] Result:
INFO  [17:11:40.267] [bbotk]    laplace learner_param_vals  x_domain classif.ce
INFO  [17:11:40.267] [bbotk]      <num>             <list>    <list>      <num>
INFO  [17:11:40.267] [bbotk]  0.6888118          <list[1]> <list[1]>  0.2539193
INFO  [17:11:40.422] [bbotk] Starting to optimize 1 parameter(s) with '<OptimizerBatchRandomSearch>' and '<TerminatorEvals> [n_evals=3, k=0]'
INFO  [17:11:40.433] [bbotk] Evaluating 1 configuration(s)
INFO  [17:11:40.756] [bbotk] Result of batch 1:
INFO  [17:11:40.759] [bbotk]    laplace classif.ce warnings errors runtime_learners
INFO  [17:11:40.759] [bbotk]  0.3376343   0.231817        0      0            0.275
INFO  [17:11:40.759] [bbotk]                                 uhash
INFO  [17:11:40.759] [bbotk]  cba13224-3755-4cf7-a82a-171b0a5809a0
INFO  [17:11:40.762] [bbotk] Evaluating 1 configuration(s)
INFO  [17:11:41.137] [bbotk] Result of batch 2:
INFO  [17:11:41.139] [bbotk]    laplace classif.ce warnings errors runtime_learners
INFO  [17:11:41.139] [bbotk]  0.6758134   0.231817        0      0            0.327
INFO  [17:11:41.139] [bbotk]                                 uhash
INFO  [17:11:41.139] [bbotk]  de57f14b-3087-404f-99ac-fae85a73d198
INFO  [17:11:41.150] [bbotk] Evaluating 1 configuration(s)
INFO  [17:11:41.715] [bbotk] Result of batch 3:
INFO  [17:11:41.718] [bbotk]    laplace classif.ce warnings errors runtime_learners
INFO  [17:11:41.718] [bbotk]  0.6043851   0.231817        0      0            0.516
INFO  [17:11:41.718] [bbotk]                                 uhash
INFO  [17:11:41.718] [bbotk]  0fd53ae6-9111-49fa-8af2-a38e96f7ae19
INFO  [17:11:41.734] [bbotk] Finished optimizing after 3 evaluation(s)
INFO  [17:11:41.734] [bbotk] Result:
INFO  [17:11:41.735] [bbotk]    laplace learner_param_vals  x_domain classif.ce
INFO  [17:11:41.735] [bbotk]      <num>             <list>    <list>      <num>
INFO  [17:11:41.735] [bbotk]  0.3376343          <list[1]> <list[1]>   0.231817
INFO  [17:11:41.866] [bbotk] Starting to optimize 1 parameter(s) with '<OptimizerBatchRandomSearch>' and '<TerminatorEvals> [n_evals=3, k=0]'
INFO  [17:11:41.874] [bbotk] Evaluating 1 configuration(s)
INFO  [17:11:42.248] [bbotk] Result of batch 1:
INFO  [17:11:42.255] [bbotk]    laplace classif.ce warnings errors runtime_learners
INFO  [17:11:42.255] [bbotk]  0.4699212  0.2521203        0      0            0.304
INFO  [17:11:42.255] [bbotk]                                 uhash
INFO  [17:11:42.255] [bbotk]  c3902253-071b-4a4d-bada-60cb76e492ae
INFO  [17:11:42.262] [bbotk] Evaluating 1 configuration(s)
INFO  [17:11:42.576] [bbotk] Result of batch 2:
INFO  [17:11:42.577] [bbotk]    laplace classif.ce warnings errors runtime_learners
INFO  [17:11:42.577] [bbotk]  0.4430863  0.2521203        0      0            0.267
INFO  [17:11:42.577] [bbotk]                                 uhash
INFO  [17:11:42.577] [bbotk]  d0d66383-2fda-4116-887e-6e28095c3539
INFO  [17:11:42.579] [bbotk] Evaluating 1 configuration(s)
INFO  [17:11:42.877] [bbotk] Result of batch 3:
INFO  [17:11:42.878] [bbotk]    laplace classif.ce warnings errors runtime_learners
INFO  [17:11:42.878] [bbotk]  0.1318296  0.2521203        0      0            0.252
INFO  [17:11:42.878] [bbotk]                                 uhash
INFO  [17:11:42.878] [bbotk]  aa76ba3f-2f36-40c3-ab30-eeb2ac9e1cb4
INFO  [17:11:42.890] [bbotk] Finished optimizing after 3 evaluation(s)
INFO  [17:11:42.890] [bbotk] Result:
INFO  [17:11:42.891] [bbotk]    laplace learner_param_vals  x_domain classif.ce
INFO  [17:11:42.891] [bbotk]      <num>             <list>    <list>      <num>
INFO  [17:11:42.891] [bbotk]  0.4699212          <list[1]> <list[1]>  0.2521203
INFO  [17:11:43.021] [bbotk] Starting to optimize 1 parameter(s) with '<OptimizerBatchRandomSearch>' and '<TerminatorEvals> [n_evals=3, k=0]'
INFO  [17:11:43.035] [bbotk] Evaluating 1 configuration(s)
INFO  [17:11:43.342] [bbotk] Result of batch 1:
INFO  [17:11:43.343] [bbotk]    laplace classif.ce warnings errors runtime_learners
INFO  [17:11:43.343] [bbotk]  0.9109634  0.2528364        0      0            0.261
INFO  [17:11:43.343] [bbotk]                                 uhash
INFO  [17:11:43.343] [bbotk]  498f2ce6-3f6b-4dac-871e-646a92dc5708
INFO  [17:11:43.346] [bbotk] Evaluating 1 configuration(s)
INFO  [17:11:43.617] [bbotk] Result of batch 2:
INFO  [17:11:43.618] [bbotk]    laplace classif.ce warnings errors runtime_learners
INFO  [17:11:43.618] [bbotk]  0.4644561  0.2528364        0      0             0.23
INFO  [17:11:43.618] [bbotk]                                 uhash
INFO  [17:11:43.618] [bbotk]  85678041-65f1-4262-9f5f-733379dbda1a
INFO  [17:11:43.620] [bbotk] Evaluating 1 configuration(s)
INFO  [17:11:43.914] [bbotk] Result of batch 3:
INFO  [17:11:43.914] [bbotk]    laplace classif.ce warnings errors runtime_learners
INFO  [17:11:43.914] [bbotk]  0.6670095  0.2528364        0      0            0.249
INFO  [17:11:43.914] [bbotk]                                 uhash
INFO  [17:11:43.914] [bbotk]  932bb77e-47d8-46e1-874b-1f93cadb2a74
INFO  [17:11:43.921] [bbotk] Finished optimizing after 3 evaluation(s)
INFO  [17:11:43.921] [bbotk] Result:
INFO  [17:11:43.922] [bbotk]    laplace learner_param_vals  x_domain classif.ce
INFO  [17:11:43.922] [bbotk]      <num>             <list>    <list>      <num>
INFO  [17:11:43.922] [bbotk]  0.9109634          <list[1]> <list[1]>  0.2528364

### [bt]: Job terminated successfully [batchtools job.id=2406]
### [bt]: Starting job [batchtools job.id=2407]
### [bt]: Generating problem instance for problem '34d90df810f60583' ...
### [bt]: Applying algorithm 'run_learner' on problem '34d90df810f60583' for job 2407 (seed = 2408) ...
INFO  [17:11:44.375] [mlr3] Applying learner 'classif.naive_bayes.tuned_calib.perfold_isotonic' on task 'phoneme' (iter 7/10)
INFO  [17:11:44.446] [bbotk] Starting to optimize 1 parameter(s) with '<OptimizerBatchRandomSearch>' and '<TerminatorEvals> [n_evals=3, k=0]'
INFO  [17:11:44.452] [bbotk] Evaluating 1 configuration(s)
INFO  [17:11:44.800] [bbotk] Result of batch 1:
INFO  [17:11:44.801] [bbotk]    laplace classif.ce warnings errors runtime_learners
INFO  [17:11:44.801] [bbotk]  0.8178403  0.2408121        0      0            0.302
INFO  [17:11:44.801] [bbotk]                                 uhash
INFO  [17:11:44.801] [bbotk]  ccf4afdd-4f73-482d-aba8-ea816a2fc4d9
INFO  [17:11:44.806] [bbotk] Evaluating 1 configuration(s)
INFO  [17:11:45.117] [bbotk] Result of batch 2:
INFO  [17:11:45.118] [bbotk]     laplace classif.ce warnings errors runtime_learners
INFO  [17:11:45.118] [bbotk]  0.01841503  0.2408121        0      0            0.251
INFO  [17:11:45.118] [bbotk]                                 uhash
INFO  [17:11:45.118] [bbotk]  fd31977c-39a6-423f-b3de-23a7d50e989c
INFO  [17:11:45.120] [bbotk] Evaluating 1 configuration(s)
INFO  [17:11:45.430] [bbotk] Result of batch 3:
INFO  [17:11:45.431] [bbotk]    laplace classif.ce warnings errors runtime_learners
INFO  [17:11:45.431] [bbotk]  0.7486266  0.2408121        0      0            0.255
INFO  [17:11:45.431] [bbotk]                                 uhash
INFO  [17:11:45.431] [bbotk]  bad8e8d4-a0d4-46d6-8b9e-37f342652f34
INFO  [17:11:45.441] [bbotk] Finished optimizing after 3 evaluation(s)
INFO  [17:11:45.441] [bbotk] Result:
INFO  [17:11:45.442] [bbotk]    laplace learner_param_vals  x_domain classif.ce
INFO  [17:11:45.442] [bbotk]      <num>             <list>    <list>      <num>
INFO  [17:11:45.442] [bbotk]  0.8178403          <list[1]> <list[1]>  0.2408121
INFO  [17:11:45.580] [bbotk] Starting to optimize 1 parameter(s) with '<OptimizerBatchRandomSearch>' and '<TerminatorEvals> [n_evals=3, k=0]'
INFO  [17:11:45.593] [bbotk] Evaluating 1 configuration(s)
INFO  [17:11:45.932] [bbotk] Result of batch 1:
INFO  [17:11:45.933] [bbotk]    laplace classif.ce warnings errors runtime_learners
INFO  [17:11:45.933] [bbotk]  0.1447103   0.234387        0      0            0.275
INFO  [17:11:45.933] [bbotk]                                 uhash
INFO  [17:11:45.933] [bbotk]  321c656c-22e0-41fe-9807-e549e0265d63
INFO  [17:11:45.935] [bbotk] Evaluating 1 configuration(s)
INFO  [17:11:46.302] [bbotk] Result of batch 2:
INFO  [17:11:46.304] [bbotk]    laplace classif.ce warnings errors runtime_learners
INFO  [17:11:46.304] [bbotk]  0.5431246   0.234387        0      0            0.321
INFO  [17:11:46.304] [bbotk]                                 uhash
INFO  [17:11:46.304] [bbotk]  cda0797f-f5cb-4497-a5a2-20faf6e18ddb
INFO  [17:11:46.311] [bbotk] Evaluating 1 configuration(s)
INFO  [17:11:46.641] [bbotk] Result of batch 3:
INFO  [17:11:46.642] [bbotk]    laplace classif.ce warnings errors runtime_learners
INFO  [17:11:46.642] [bbotk]  0.3595463   0.234387        0      0            0.261
INFO  [17:11:46.642] [bbotk]                                 uhash
INFO  [17:11:46.642] [bbotk]  b3cf24d4-b5e6-4b66-8abf-02490be667ff
INFO  [17:11:46.652] [bbotk] Finished optimizing after 3 evaluation(s)
INFO  [17:11:46.653] [bbotk] Result:
INFO  [17:11:46.653] [bbotk]    laplace learner_param_vals  x_domain classif.ce
INFO  [17:11:46.653] [bbotk]      <num>             <list>    <list>      <num>
INFO  [17:11:46.653] [bbotk]  0.1447103          <list[1]> <list[1]>   0.234387
INFO  [17:11:46.807] [bbotk] Starting to optimize 1 parameter(s) with '<OptimizerBatchRandomSearch>' and '<TerminatorEvals> [n_evals=3, k=0]'
INFO  [17:11:46.811] [bbotk] Evaluating 1 configuration(s)
INFO  [17:11:47.125] [bbotk] Result of batch 1:
INFO  [17:11:47.125] [bbotk]    laplace classif.ce warnings errors runtime_learners
INFO  [17:11:47.125] [bbotk]  0.5048428  0.2523773        0      0            0.273
INFO  [17:11:47.125] [bbotk]                                 uhash
INFO  [17:11:47.125] [bbotk]  a034670d-094c-4d3e-89e6-15abe44b534e
INFO  [17:11:47.128] [bbotk] Evaluating 1 configuration(s)
INFO  [17:11:47.410] [bbotk] Result of batch 2:
INFO  [17:11:47.412] [bbotk]    laplace classif.ce warnings errors runtime_learners
INFO  [17:11:47.412] [bbotk]  0.3964654  0.2523773        0      0            0.231
INFO  [17:11:47.412] [bbotk]                                 uhash
INFO  [17:11:47.412] [bbotk]  0b072339-9480-4f6b-a298-361cb6c65bc1
INFO  [17:11:47.418] [bbotk] Evaluating 1 configuration(s)
INFO  [17:11:47.689] [bbotk] Result of batch 3:
INFO  [17:11:47.690] [bbotk]    laplace classif.ce warnings errors runtime_learners
INFO  [17:11:47.690] [bbotk]  0.7747766  0.2523773        0      0            0.228
INFO  [17:11:47.690] [bbotk]                                 uhash
INFO  [17:11:47.690] [bbotk]  22ba6c90-9e4f-4914-9360-18e40c1335f7
INFO  [17:11:47.701] [bbotk] Finished optimizing after 3 evaluation(s)
INFO  [17:11:47.702] [bbotk] Result:
INFO  [17:11:47.702] [bbotk]    laplace learner_param_vals  x_domain classif.ce
INFO  [17:11:47.702] [bbotk]      <num>             <list>    <list>      <num>
INFO  [17:11:47.702] [bbotk]  0.5048428          <list[1]> <list[1]>  0.2523773
INFO  [17:11:47.841] [bbotk] Starting to optimize 1 parameter(s) with '<OptimizerBatchRandomSearch>' and '<TerminatorEvals> [n_evals=3, k=0]'
INFO  [17:11:47.857] [bbotk] Evaluating 1 configuration(s)
INFO  [17:11:48.168] [bbotk] Result of batch 1:
INFO  [17:11:48.169] [bbotk]    laplace classif.ce warnings errors runtime_learners
INFO  [17:11:48.169] [bbotk]  0.3548177  0.2446672        0      0            0.254
INFO  [17:11:48.169] [bbotk]                                 uhash
INFO  [17:11:48.169] [bbotk]  da733edf-9667-4e5e-8155-ca002f9a6861
INFO  [17:11:48.171] [bbotk] Evaluating 1 configuration(s)
INFO  [17:11:48.440] [bbotk] Result of batch 2:
INFO  [17:11:48.441] [bbotk]   laplace classif.ce warnings errors runtime_learners
INFO  [17:11:48.441] [bbotk]  0.794551  0.2446672        0      0            0.227
INFO  [17:11:48.441] [bbotk]                                 uhash
INFO  [17:11:48.441] [bbotk]  29512f7b-88db-40bf-9c73-5a391b46cf23
INFO  [17:11:48.447] [bbotk] Evaluating 1 configuration(s)
INFO  [17:11:48.752] [bbotk] Result of batch 3:
INFO  [17:11:48.754] [bbotk]   laplace classif.ce warnings errors runtime_learners
INFO  [17:11:48.754] [bbotk]  0.414048  0.2446672        0      0            0.249
INFO  [17:11:48.754] [bbotk]                                 uhash
INFO  [17:11:48.754] [bbotk]  1da8cffb-c255-4967-b388-0b082256e17b
INFO  [17:11:48.771] [bbotk] Finished optimizing after 3 evaluation(s)
INFO  [17:11:48.771] [bbotk] Result:
INFO  [17:11:48.773] [bbotk]    laplace learner_param_vals  x_domain classif.ce
INFO  [17:11:48.773] [bbotk]      <num>             <list>    <list>      <num>
INFO  [17:11:48.773] [bbotk]  0.3548177          <list[1]> <list[1]>  0.2446672
INFO  [17:11:48.891] [bbotk] Starting to optimize 1 parameter(s) with '<OptimizerBatchRandomSearch>' and '<TerminatorEvals> [n_evals=3, k=0]'
INFO  [17:11:48.896] [bbotk] Evaluating 1 configuration(s)
INFO  [17:11:49.158] [bbotk] Result of batch 1:
INFO  [17:11:49.159] [bbotk]    laplace classif.ce warnings errors runtime_learners
INFO  [17:11:49.159] [bbotk]  0.5906046  0.2484549        0      0            0.223
INFO  [17:11:49.159] [bbotk]                                 uhash
INFO  [17:11:49.159] [bbotk]  e5dbf5fe-931e-49b5-817f-ac687f848aa5
INFO  [17:11:49.162] [bbotk] Evaluating 1 configuration(s)
INFO  [17:11:49.423] [bbotk] Result of batch 2:
INFO  [17:11:49.424] [bbotk]    laplace classif.ce warnings errors runtime_learners
INFO  [17:11:49.424] [bbotk]  0.5729444  0.2484549        0      0            0.216
INFO  [17:11:49.424] [bbotk]                                 uhash
INFO  [17:11:49.424] [bbotk]  36f59caf-a82d-4923-a9e7-2749ccab3b8c
INFO  [17:11:49.427] [bbotk] Evaluating 1 configuration(s)
INFO  [17:11:49.687] [bbotk] Result of batch 3:
INFO  [17:11:49.688] [bbotk]    laplace classif.ce warnings errors runtime_learners
INFO  [17:11:49.688] [bbotk]  0.3502622  0.2484549        0      0            0.209
INFO  [17:11:49.688] [bbotk]                                 uhash
INFO  [17:11:49.688] [bbotk]  e177b0bf-ad09-492a-bad9-b2b9ab787e03
INFO  [17:11:49.695] [bbotk] Finished optimizing after 3 evaluation(s)
INFO  [17:11:49.696] [bbotk] Result:
INFO  [17:11:49.697] [bbotk]    laplace learner_param_vals  x_domain classif.ce
INFO  [17:11:49.697] [bbotk]      <num>             <list>    <list>      <num>
INFO  [17:11:49.697] [bbotk]  0.5906046          <list[1]> <list[1]>  0.2484549

### [bt]: Job terminated successfully [batchtools job.id=2407]
### [bt]: Starting job [batchtools job.id=2408]
### [bt]: Generating problem instance for problem '34d90df810f60583' ...
### [bt]: Applying algorithm 'run_learner' on problem '34d90df810f60583' for job 2408 (seed = 2409) ...
INFO  [17:11:50.100] [mlr3] Applying learner 'classif.naive_bayes.tuned_calib.perfold_isotonic' on task 'phoneme' (iter 8/10)
INFO  [17:11:50.148] [bbotk] Starting to optimize 1 parameter(s) with '<OptimizerBatchRandomSearch>' and '<TerminatorEvals> [n_evals=3, k=0]'
INFO  [17:11:50.153] [bbotk] Evaluating 1 configuration(s)
INFO  [17:11:50.412] [bbotk] Result of batch 1:
INFO  [17:11:50.414] [bbotk]    laplace classif.ce warnings errors runtime_learners
INFO  [17:11:50.414] [bbotk]  0.8275642  0.2395271        0      0            0.219
INFO  [17:11:50.414] [bbotk]                                 uhash
INFO  [17:11:50.414] [bbotk]  b476b724-a702-4756-9fb3-252e6d70c7dd
INFO  [17:11:50.417] [bbotk] Evaluating 1 configuration(s)
INFO  [17:11:50.640] [bbotk] Result of batch 2:
INFO  [17:11:50.641] [bbotk]    laplace classif.ce warnings errors runtime_learners
INFO  [17:11:50.641] [bbotk]  0.8466708  0.2395271        0      0            0.192
INFO  [17:11:50.641] [bbotk]                                 uhash
INFO  [17:11:50.641] [bbotk]  dfbb3217-5433-4322-8cf6-26e7d71d3172
INFO  [17:11:50.643] [bbotk] Evaluating 1 configuration(s)
INFO  [17:11:50.865] [bbotk] Result of batch 3:
INFO  [17:11:50.866] [bbotk]    laplace classif.ce warnings errors runtime_learners
INFO  [17:11:50.866] [bbotk]  0.7953997  0.2395271        0      0            0.188
INFO  [17:11:50.866] [bbotk]                                 uhash
INFO  [17:11:50.866] [bbotk]  50c825b2-214b-40e4-8afe-2069f4fb3f70
INFO  [17:11:50.877] [bbotk] Finished optimizing after 3 evaluation(s)
INFO  [17:11:50.878] [bbotk] Result:
INFO  [17:11:50.880] [bbotk]    laplace learner_param_vals  x_domain classif.ce
INFO  [17:11:50.880] [bbotk]      <num>             <list>    <list>      <num>
INFO  [17:11:50.880] [bbotk]  0.8275642          <list[1]> <list[1]>  0.2395271
INFO  [17:11:50.991] [bbotk] Starting to optimize 1 parameter(s) with '<OptimizerBatchRandomSearch>' and '<TerminatorEvals> [n_evals=3, k=0]'
INFO  [17:11:50.997] [bbotk] Evaluating 1 configuration(s)
INFO  [17:11:51.264] [bbotk] Result of batch 1:
INFO  [17:11:51.265] [bbotk]     laplace classif.ce warnings errors runtime_learners
INFO  [17:11:51.265] [bbotk]  0.09400619  0.2500643        0      0            0.224
INFO  [17:11:51.265] [bbotk]                                 uhash
INFO  [17:11:51.265] [bbotk]  e0d8da43-3b38-4f93-a1e4-45d3571b40da
INFO  [17:11:51.268] [bbotk] Evaluating 1 configuration(s)
INFO  [17:11:51.510] [bbotk] Result of batch 2:
INFO  [17:11:51.511] [bbotk]    laplace classif.ce warnings errors runtime_learners
INFO  [17:11:51.511] [bbotk]  0.5027906  0.2500643        0      0              0.2
INFO  [17:11:51.511] [bbotk]                                 uhash
INFO  [17:11:51.511] [bbotk]  596d52a4-c461-42f5-8cd3-c0fc483a8e10
INFO  [17:11:51.515] [bbotk] Evaluating 1 configuration(s)
INFO  [17:11:51.750] [bbotk] Result of batch 3:
INFO  [17:11:51.751] [bbotk]    laplace classif.ce warnings errors runtime_learners
INFO  [17:11:51.751] [bbotk]  0.1319171  0.2500643        0      0             0.19
INFO  [17:11:51.751] [bbotk]                                 uhash
INFO  [17:11:51.751] [bbotk]  78eb6414-78cf-4bcd-abe5-3cce2cbf13d9
INFO  [17:11:51.761] [bbotk] Finished optimizing after 3 evaluation(s)
INFO  [17:11:51.762] [bbotk] Result:
INFO  [17:11:51.762] [bbotk]     laplace learner_param_vals  x_domain classif.ce
INFO  [17:11:51.762] [bbotk]       <num>             <list>    <list>      <num>
INFO  [17:11:51.762] [bbotk]  0.09400619          <list[1]> <list[1]>  0.2500643
INFO  [17:11:51.851] [bbotk] Starting to optimize 1 parameter(s) with '<OptimizerBatchRandomSearch>' and '<TerminatorEvals> [n_evals=3, k=0]'
INFO  [17:11:51.855] [bbotk] Evaluating 1 configuration(s)
INFO  [17:11:52.079] [bbotk] Result of batch 1:
INFO  [17:11:52.080] [bbotk]    laplace classif.ce warnings errors runtime_learners
INFO  [17:11:52.080] [bbotk]  0.2657417   0.233359        0      0            0.195
INFO  [17:11:52.080] [bbotk]                                 uhash
INFO  [17:11:52.080] [bbotk]  c43a2fc7-f951-4976-88a7-6e214f7da370
INFO  [17:11:52.082] [bbotk] Evaluating 1 configuration(s)
INFO  [17:11:52.309] [bbotk] Result of batch 2:
INFO  [17:11:52.311] [bbotk]    laplace classif.ce warnings errors runtime_learners
INFO  [17:11:52.311] [bbotk]  0.1487312   0.233359        0      0            0.198
INFO  [17:11:52.311] [bbotk]                                 uhash
INFO  [17:11:52.311] [bbotk]  0f86e0dc-965b-40f9-9932-d060e9446c4c
INFO  [17:11:52.316] [bbotk] Evaluating 1 configuration(s)
INFO  [17:11:52.535] [bbotk] Result of batch 3:
INFO  [17:11:52.536] [bbotk]   laplace classif.ce warnings errors runtime_learners
INFO  [17:11:52.536] [bbotk]  0.464056   0.233359        0      0            0.189
INFO  [17:11:52.536] [bbotk]                                 uhash
INFO  [17:11:52.536] [bbotk]  9e223629-01eb-40db-aa0f-409c376ee2cb
INFO  [17:11:52.543] [bbotk] Finished optimizing after 3 evaluation(s)
INFO  [17:11:52.543] [bbotk] Result:
INFO  [17:11:52.544] [bbotk]    laplace learner_param_vals  x_domain classif.ce
INFO  [17:11:52.544] [bbotk]      <num>             <list>    <list>      <num>
INFO  [17:11:52.544] [bbotk]  0.2657417          <list[1]> <list[1]>   0.233359
INFO  [17:11:52.627] [bbotk] Starting to optimize 1 parameter(s) with '<OptimizerBatchRandomSearch>' and '<TerminatorEvals> [n_evals=3, k=0]'
INFO  [17:11:52.631] [bbotk] Evaluating 1 configuration(s)
INFO  [17:11:52.845] [bbotk] Result of batch 1:
INFO  [17:11:52.846] [bbotk]    laplace classif.ce warnings errors runtime_learners
INFO  [17:11:52.846] [bbotk]  0.6630151   0.233616        0      0            0.178
INFO  [17:11:52.846] [bbotk]                                 uhash
INFO  [17:11:52.846] [bbotk]  c8ba2c9b-02dd-4236-a3eb-67ab8036eab6
INFO  [17:11:52.849] [bbotk] Evaluating 1 configuration(s)
INFO  [17:11:53.053] [bbotk] Result of batch 2:
INFO  [17:11:53.055] [bbotk]     laplace classif.ce warnings errors runtime_learners
INFO  [17:11:53.055] [bbotk]  0.09664827   0.233616        0      0            0.167
INFO  [17:11:53.055] [bbotk]                                 uhash
INFO  [17:11:53.055] [bbotk]  da43fca4-2f2e-4d74-bf7b-a5a5fe7f198c
INFO  [17:11:53.059] [bbotk] Evaluating 1 configuration(s)
INFO  [17:11:53.271] [bbotk] Result of batch 3:
INFO  [17:11:53.272] [bbotk]    laplace classif.ce warnings errors runtime_learners
INFO  [17:11:53.272] [bbotk]  0.8401204   0.233616        0      0            0.178
INFO  [17:11:53.272] [bbotk]                                 uhash
INFO  [17:11:53.272] [bbotk]  2966c3ba-def5-4221-aa34-20b8ceb311ff
INFO  [17:11:53.278] [bbotk] Finished optimizing after 3 evaluation(s)
INFO  [17:11:53.278] [bbotk] Result:
INFO  [17:11:53.279] [bbotk]    laplace learner_param_vals  x_domain classif.ce
INFO  [17:11:53.279] [bbotk]      <num>             <list>    <list>      <num>
INFO  [17:11:53.279] [bbotk]  0.6630151          <list[1]> <list[1]>   0.233616
INFO  [17:11:53.348] [bbotk] Starting to optimize 1 parameter(s) with '<OptimizerBatchRandomSearch>' and '<TerminatorEvals> [n_evals=3, k=0]'
INFO  [17:11:53.353] [bbotk] Evaluating 1 configuration(s)
INFO  [17:11:53.557] [bbotk] Result of batch 1:
INFO  [17:11:53.558] [bbotk]    laplace classif.ce warnings errors runtime_learners
INFO  [17:11:53.558] [bbotk]  0.6403545  0.2461447        0      0            0.177
INFO  [17:11:53.558] [bbotk]                                 uhash
INFO  [17:11:53.558] [bbotk]  c142a13d-5792-48de-bde9-7b8e73c25ae0
INFO  [17:11:53.560] [bbotk] Evaluating 1 configuration(s)
INFO  [17:11:53.755] [bbotk] Result of batch 2:
INFO  [17:11:53.755] [bbotk]    laplace classif.ce warnings errors runtime_learners
INFO  [17:11:53.755] [bbotk]  0.1030111  0.2461447        0      0            0.166
INFO  [17:11:53.755] [bbotk]                                 uhash
INFO  [17:11:53.755] [bbotk]  f3371ac9-0e8f-4e46-998e-86e7b061b1ff
INFO  [17:11:53.758] [bbotk] Evaluating 1 configuration(s)
INFO  [17:11:53.972] [bbotk] Result of batch 3:
INFO  [17:11:53.974] [bbotk]    laplace classif.ce warnings errors runtime_learners
INFO  [17:11:53.974] [bbotk]  0.1617548  0.2461447        0      0             0.18
INFO  [17:11:53.974] [bbotk]                                 uhash
INFO  [17:11:53.974] [bbotk]  0a77826f-3431-4273-b6bd-f4a8d4584726
INFO  [17:11:53.982] [bbotk] Finished optimizing after 3 evaluation(s)
INFO  [17:11:53.982] [bbotk] Result:
INFO  [17:11:53.984] [bbotk]    laplace learner_param_vals  x_domain classif.ce
INFO  [17:11:53.984] [bbotk]      <num>             <list>    <list>      <num>
INFO  [17:11:53.984] [bbotk]  0.6403545          <list[1]> <list[1]>  0.2461447

### [bt]: Job terminated successfully [batchtools job.id=2408]
### [bt]: Starting job [batchtools job.id=2409]
### [bt]: Generating problem instance for problem '34d90df810f60583' ...
### [bt]: Applying algorithm 'run_learner' on problem '34d90df810f60583' for job 2409 (seed = 2410) ...
INFO  [17:11:54.259] [mlr3] Applying learner 'classif.naive_bayes.tuned_calib.perfold_isotonic' on task 'phoneme' (iter 9/10)
INFO  [17:11:54.302] [bbotk] Starting to optimize 1 parameter(s) with '<OptimizerBatchRandomSearch>' and '<TerminatorEvals> [n_evals=3, k=0]'
INFO  [17:11:54.309] [bbotk] Evaluating 1 configuration(s)
INFO  [17:11:54.517] [bbotk] Result of batch 1:
INFO  [17:11:54.518] [bbotk]    laplace classif.ce warnings errors runtime_learners
INFO  [17:11:54.518] [bbotk]  0.8194015  0.2413261        0      0             0.18
INFO  [17:11:54.518] [bbotk]                                 uhash
INFO  [17:11:54.518] [bbotk]  791e5b3f-afa2-4921-99b8-2d0d33b0d615
INFO  [17:11:54.520] [bbotk] Evaluating 1 configuration(s)
INFO  [17:11:54.737] [bbotk] Result of batch 2:
INFO  [17:11:54.739] [bbotk]    laplace classif.ce warnings errors runtime_learners
INFO  [17:11:54.739] [bbotk]  0.3674305  0.2413261        0      0             0.19
INFO  [17:11:54.739] [bbotk]                                 uhash
INFO  [17:11:54.739] [bbotk]  dbd65c58-2df5-4bd6-ab19-c4d5edb835db
INFO  [17:11:54.743] [bbotk] Evaluating 1 configuration(s)
INFO  [17:11:54.942] [bbotk] Result of batch 3:
INFO  [17:11:54.943] [bbotk]    laplace classif.ce warnings errors runtime_learners
INFO  [17:11:54.943] [bbotk]  0.8180844  0.2413261        0      0             0.17
INFO  [17:11:54.943] [bbotk]                                 uhash
INFO  [17:11:54.943] [bbotk]  3fa9e38d-c2cb-4dbc-b4d2-4905a82a21f5
INFO  [17:11:54.949] [bbotk] Finished optimizing after 3 evaluation(s)
INFO  [17:11:54.949] [bbotk] Result:
INFO  [17:11:54.950] [bbotk]    laplace learner_param_vals  x_domain classif.ce
INFO  [17:11:54.950] [bbotk]      <num>             <list>    <list>      <num>
INFO  [17:11:54.950] [bbotk]  0.8194015          <list[1]> <list[1]>  0.2413261
INFO  [17:11:55.037] [bbotk] Starting to optimize 1 parameter(s) with '<OptimizerBatchRandomSearch>' and '<TerminatorEvals> [n_evals=3, k=0]'
INFO  [17:11:55.044] [bbotk] Evaluating 1 configuration(s)
INFO  [17:11:55.253] [bbotk] Result of batch 1:
INFO  [17:11:55.254] [bbotk]    laplace classif.ce warnings errors runtime_learners
INFO  [17:11:55.254] [bbotk]  0.3046399  0.2477512        0      0            0.176
INFO  [17:11:55.254] [bbotk]                                 uhash
INFO  [17:11:55.254] [bbotk]  f47a7d30-b4b8-4896-b1f9-468cb22e5796
INFO  [17:11:55.257] [bbotk] Evaluating 1 configuration(s)
INFO  [17:11:55.458] [bbotk] Result of batch 2:
INFO  [17:11:55.458] [bbotk]    laplace classif.ce warnings errors runtime_learners
INFO  [17:11:55.458] [bbotk]  0.7828266  0.2477512        0      0            0.172
INFO  [17:11:55.458] [bbotk]                                 uhash
INFO  [17:11:55.458] [bbotk]  dda1e2ec-2761-499d-a3cb-0939d167bdd9
INFO  [17:11:55.461] [bbotk] Evaluating 1 configuration(s)
INFO  [17:11:55.665] [bbotk] Result of batch 3:
INFO  [17:11:55.667] [bbotk]    laplace classif.ce warnings errors runtime_learners
INFO  [17:11:55.667] [bbotk]  0.6444328  0.2477512        0      0            0.173
INFO  [17:11:55.667] [bbotk]                                 uhash
INFO  [17:11:55.667] [bbotk]  269bf27f-eb3f-490a-9112-21e089f6ca7c
INFO  [17:11:55.676] [bbotk] Finished optimizing after 3 evaluation(s)
INFO  [17:11:55.676] [bbotk] Result:
INFO  [17:11:55.677] [bbotk]    laplace learner_param_vals  x_domain classif.ce
INFO  [17:11:55.677] [bbotk]      <num>             <list>    <list>      <num>
INFO  [17:11:55.677] [bbotk]  0.3046399          <list[1]> <list[1]>  0.2477512
INFO  [17:11:55.753] [bbotk] Starting to optimize 1 parameter(s) with '<OptimizerBatchRandomSearch>' and '<TerminatorEvals> [n_evals=3, k=0]'
INFO  [17:11:55.758] [bbotk] Evaluating 1 configuration(s)
INFO  [17:11:55.950] [bbotk] Result of batch 1:
INFO  [17:11:55.951] [bbotk]      laplace classif.ce warnings errors runtime_learners
INFO  [17:11:55.951] [bbotk]  0.002605107  0.2410691        0      0            0.164
INFO  [17:11:55.951] [bbotk]                                 uhash
INFO  [17:11:55.951] [bbotk]  5b3f4038-2a17-45f8-aaf5-48b81c865f53
INFO  [17:11:55.953] [bbotk] Evaluating 1 configuration(s)
INFO  [17:11:56.151] [bbotk] Result of batch 2:
INFO  [17:11:56.152] [bbotk]    laplace classif.ce warnings errors runtime_learners
INFO  [17:11:56.152] [bbotk]  0.9195012  0.2410691        0      0            0.163
INFO  [17:11:56.152] [bbotk]                                 uhash
INFO  [17:11:56.152] [bbotk]  86659d59-1406-4aca-9223-40f112439aae
INFO  [17:11:56.154] [bbotk] Evaluating 1 configuration(s)
INFO  [17:11:56.349] [bbotk] Result of batch 3:
INFO  [17:11:56.351] [bbotk]    laplace classif.ce warnings errors runtime_learners
INFO  [17:11:56.351] [bbotk]  0.1729229  0.2410691        0      0            0.163
INFO  [17:11:56.351] [bbotk]                                 uhash
INFO  [17:11:56.351] [bbotk]  ebe116c9-0ea6-4a3f-82dd-83f2ee36c679
INFO  [17:11:56.359] [bbotk] Finished optimizing after 3 evaluation(s)
INFO  [17:11:56.359] [bbotk] Result:
INFO  [17:11:56.360] [bbotk]      laplace learner_param_vals  x_domain classif.ce
INFO  [17:11:56.360] [bbotk]        <num>             <list>    <list>      <num>
INFO  [17:11:56.360] [bbotk]  0.002605107          <list[1]> <list[1]>  0.2410691
INFO  [17:11:56.481] [bbotk] Starting to optimize 1 parameter(s) with '<OptimizerBatchRandomSearch>' and '<TerminatorEvals> [n_evals=3, k=0]'
INFO  [17:11:56.490] [bbotk] Evaluating 1 configuration(s)
INFO  [17:11:56.787] [bbotk] Result of batch 1:
INFO  [17:11:56.788] [bbotk]    laplace classif.ce warnings errors runtime_learners
INFO  [17:11:56.788] [bbotk]  0.2246473   0.234387        0      0            0.258
INFO  [17:11:56.788] [bbotk]                                 uhash
INFO  [17:11:56.788] [bbotk]  7380bd57-f23c-4d74-b876-53026420edb4
INFO  [17:11:56.794] [bbotk] Evaluating 1 configuration(s)
INFO  [17:11:57.149] [bbotk] Result of batch 2:
INFO  [17:11:57.150] [bbotk]    laplace classif.ce warnings errors runtime_learners
INFO  [17:11:57.150] [bbotk]  0.1751344   0.234387        0      0            0.294
INFO  [17:11:57.150] [bbotk]                                 uhash
INFO  [17:11:57.150] [bbotk]  c3e1ecd1-6430-4369-b679-888ca14ac3ce
INFO  [17:11:57.152] [bbotk] Evaluating 1 configuration(s)
INFO  [17:11:57.527] [bbotk] Result of batch 3:
INFO  [17:11:57.529] [bbotk]    laplace classif.ce warnings errors runtime_learners
INFO  [17:11:57.529] [bbotk]  0.1563371   0.234387        0      0            0.328
INFO  [17:11:57.529] [bbotk]                                 uhash
INFO  [17:11:57.529] [bbotk]  658e4e2c-ab5b-4292-b79d-ab8c7b6f28fa
INFO  [17:11:57.538] [bbotk] Finished optimizing after 3 evaluation(s)
INFO  [17:11:57.538] [bbotk] Result:
INFO  [17:11:57.539] [bbotk]    laplace learner_param_vals  x_domain classif.ce
INFO  [17:11:57.539] [bbotk]      <num>             <list>    <list>      <num>
INFO  [17:11:57.539] [bbotk]  0.2246473          <list[1]> <list[1]>   0.234387
INFO  [17:11:57.660] [bbotk] Starting to optimize 1 parameter(s) with '<OptimizerBatchRandomSearch>' and '<TerminatorEvals> [n_evals=3, k=0]'
INFO  [17:11:57.669] [bbotk] Evaluating 1 configuration(s)
INFO  [17:11:58.016] [bbotk] Result of batch 1:
INFO  [17:11:58.018] [bbotk]     laplace classif.ce warnings errors runtime_learners
INFO  [17:11:58.018] [bbotk]  0.02247516  0.2456328        0      0            0.302
INFO  [17:11:58.018] [bbotk]                                 uhash
INFO  [17:11:58.018] [bbotk]  5b6f5790-05ee-4347-96e3-2f65bdc32d5d
INFO  [17:11:58.023] [bbotk] Evaluating 1 configuration(s)
INFO  [17:11:58.401] [bbotk] Result of batch 2:
INFO  [17:11:58.402] [bbotk]    laplace classif.ce warnings errors runtime_learners
INFO  [17:11:58.402] [bbotk]  0.3747627  0.2456328        0      0             0.32
INFO  [17:11:58.402] [bbotk]                                 uhash
INFO  [17:11:58.402] [bbotk]  8066e295-1edc-486f-93e0-5d18cc337baf
INFO  [17:11:58.405] [bbotk] Evaluating 1 configuration(s)
INFO  [17:11:58.752] [bbotk] Result of batch 3:
INFO  [17:11:58.753] [bbotk]     laplace classif.ce warnings errors runtime_learners
INFO  [17:11:58.753] [bbotk]  0.05801767  0.2456328        0      0            0.286
INFO  [17:11:58.753] [bbotk]                                 uhash
INFO  [17:11:58.753] [bbotk]  f9b13ed4-4780-454d-ae5a-01dd8617bf08
INFO  [17:11:58.760] [bbotk] Finished optimizing after 3 evaluation(s)
INFO  [17:11:58.760] [bbotk] Result:
INFO  [17:11:58.761] [bbotk]     laplace learner_param_vals  x_domain classif.ce
INFO  [17:11:58.761] [bbotk]       <num>             <list>    <list>      <num>
INFO  [17:11:58.761] [bbotk]  0.02247516          <list[1]> <list[1]>  0.2456328

### [bt]: Job terminated successfully [batchtools job.id=2409]
### [bt]: Starting job [batchtools job.id=2410]
### [bt]: Generating problem instance for problem '34d90df810f60583' ...
### [bt]: Applying algorithm 'run_learner' on problem '34d90df810f60583' for job 2410 (seed = 2411) ...
INFO  [17:11:59.262] [mlr3] Applying learner 'classif.naive_bayes.tuned_calib.perfold_isotonic' on task 'phoneme' (iter 10/10)
INFO  [17:11:59.315] [bbotk] Starting to optimize 1 parameter(s) with '<OptimizerBatchRandomSearch>' and '<TerminatorEvals> [n_evals=3, k=0]'
INFO  [17:11:59.329] [bbotk] Evaluating 1 configuration(s)
INFO  [17:11:59.636] [bbotk] Result of batch 1:
INFO  [17:11:59.638] [bbotk]    laplace classif.ce warnings errors runtime_learners
INFO  [17:11:59.638] [bbotk]  0.8858853  0.2492932        0      0            0.253
INFO  [17:11:59.638] [bbotk]                                 uhash
INFO  [17:11:59.638] [bbotk]  a24f2aaf-c259-4f94-b70d-3f3de70002d4
INFO  [17:11:59.644] [bbotk] Evaluating 1 configuration(s)
INFO  [17:11:59.977] [bbotk] Result of batch 2:
INFO  [17:11:59.978] [bbotk]    laplace classif.ce warnings errors runtime_learners
INFO  [17:11:59.978] [bbotk]  0.9389726  0.2492932        0      0            0.293
INFO  [17:11:59.978] [bbotk]                                 uhash
INFO  [17:11:59.978] [bbotk]  74f42729-5aa6-4746-a24f-7cf32962c451
INFO  [17:11:59.980] [bbotk] Evaluating 1 configuration(s)
INFO  [17:12:00.304] [bbotk] Result of batch 3:
INFO  [17:12:00.305] [bbotk]     laplace classif.ce warnings errors runtime_learners
INFO  [17:12:00.305] [bbotk]  0.08224781  0.2492932        0      0             0.27
INFO  [17:12:00.305] [bbotk]                                 uhash
INFO  [17:12:00.305] [bbotk]  e9e5a4d8-0bb9-4a3f-b861-671baf55bbb6
INFO  [17:12:00.312] [bbotk] Finished optimizing after 3 evaluation(s)
INFO  [17:12:00.312] [bbotk] Result:
INFO  [17:12:00.315] [bbotk]    laplace learner_param_vals  x_domain classif.ce
INFO  [17:12:00.315] [bbotk]      <num>             <list>    <list>      <num>
INFO  [17:12:00.315] [bbotk]  0.8858853          <list[1]> <list[1]>  0.2492932
INFO  [17:12:00.460] [bbotk] Starting to optimize 1 parameter(s) with '<OptimizerBatchRandomSearch>' and '<TerminatorEvals> [n_evals=3, k=0]'
INFO  [17:12:00.464] [bbotk] Evaluating 1 configuration(s)
INFO  [17:12:00.776] [bbotk] Result of batch 1:
INFO  [17:12:00.777] [bbotk]     laplace classif.ce warnings errors runtime_learners
INFO  [17:12:00.777] [bbotk]  0.05229384  0.2474942        0      0            0.271
INFO  [17:12:00.777] [bbotk]                                 uhash
INFO  [17:12:00.777] [bbotk]  e7718c5c-b8d5-4007-84c8-3bfe6f79f101
INFO  [17:12:00.783] [bbotk] Evaluating 1 configuration(s)
INFO  [17:12:01.136] [bbotk] Result of batch 2:
INFO  [17:12:01.137] [bbotk]    laplace classif.ce warnings errors runtime_learners
INFO  [17:12:01.137] [bbotk]  0.3396497  0.2474942        0      0            0.304
INFO  [17:12:01.137] [bbotk]                                 uhash
INFO  [17:12:01.137] [bbotk]  0805fa1e-cbf1-435a-afd5-5551d059da46
INFO  [17:12:01.145] [bbotk] Evaluating 1 configuration(s)
INFO  [17:12:01.492] [bbotk] Result of batch 3:
INFO  [17:12:01.494] [bbotk]    laplace classif.ce warnings errors runtime_learners
INFO  [17:12:01.494] [bbotk]  0.9799206  0.2474942        0      0            0.293
INFO  [17:12:01.494] [bbotk]                                 uhash
INFO  [17:12:01.494] [bbotk]  337a2fe6-d809-4a8b-866a-d0a10c174258
INFO  [17:12:01.507] [bbotk] Finished optimizing after 3 evaluation(s)
INFO  [17:12:01.508] [bbotk] Result:
INFO  [17:12:01.508] [bbotk]     laplace learner_param_vals  x_domain classif.ce
INFO  [17:12:01.508] [bbotk]       <num>             <list>    <list>      <num>
INFO  [17:12:01.508] [bbotk]  0.05229384          <list[1]> <list[1]>  0.2474942
INFO  [17:12:01.640] [bbotk] Starting to optimize 1 parameter(s) with '<OptimizerBatchRandomSearch>' and '<TerminatorEvals> [n_evals=3, k=0]'
INFO  [17:12:01.650] [bbotk] Evaluating 1 configuration(s)
INFO  [17:12:02.001] [bbotk] Result of batch 1:
INFO  [17:12:02.002] [bbotk]    laplace classif.ce warnings errors runtime_learners
INFO  [17:12:02.002] [bbotk]  0.1045588  0.2351581        0      0              0.3
INFO  [17:12:02.002] [bbotk]                                 uhash
INFO  [17:12:02.002] [bbotk]  3587b229-4f75-4a4b-bf09-e733de307521
INFO  [17:12:02.007] [bbotk] Evaluating 1 configuration(s)
INFO  [17:12:02.344] [bbotk] Result of batch 2:
INFO  [17:12:02.345] [bbotk]    laplace classif.ce warnings errors runtime_learners
INFO  [17:12:02.345] [bbotk]  0.8209487  0.2351581        0      0            0.283
INFO  [17:12:02.345] [bbotk]                                 uhash
INFO  [17:12:02.345] [bbotk]  1f7d551d-1496-441e-826a-1684de22358c
INFO  [17:12:02.351] [bbotk] Evaluating 1 configuration(s)
INFO  [17:12:02.703] [bbotk] Result of batch 3:
INFO  [17:12:02.704] [bbotk]    laplace classif.ce warnings errors runtime_learners
INFO  [17:12:02.704] [bbotk]  0.5163632  0.2351581        0      0            0.297
INFO  [17:12:02.704] [bbotk]                                 uhash
INFO  [17:12:02.704] [bbotk]  a0c5a674-5c02-4262-942c-3515fbdaf277
INFO  [17:12:02.724] [bbotk] Finished optimizing after 3 evaluation(s)
INFO  [17:12:02.725] [bbotk] Result:
INFO  [17:12:02.727] [bbotk]    laplace learner_param_vals  x_domain classif.ce
INFO  [17:12:02.727] [bbotk]      <num>             <list>    <list>      <num>
INFO  [17:12:02.727] [bbotk]  0.1045588          <list[1]> <list[1]>  0.2351581
INFO  [17:12:02.879] [bbotk] Starting to optimize 1 parameter(s) with '<OptimizerBatchRandomSearch>' and '<TerminatorEvals> [n_evals=3, k=0]'
INFO  [17:12:02.895] [bbotk] Evaluating 1 configuration(s)
INFO  [17:12:03.237] [bbotk] Result of batch 1:
INFO  [17:12:03.239] [bbotk]    laplace classif.ce warnings errors runtime_learners
INFO  [17:12:03.239] [bbotk]  0.7439368  0.2500643        0      0            0.294
INFO  [17:12:03.239] [bbotk]                                 uhash
INFO  [17:12:03.239] [bbotk]  66558f0c-97f0-4038-b2fc-80525c2cc367
INFO  [17:12:03.245] [bbotk] Evaluating 1 configuration(s)
INFO  [17:12:03.595] [bbotk] Result of batch 2:
INFO  [17:12:03.597] [bbotk]    laplace classif.ce warnings errors runtime_learners
INFO  [17:12:03.597] [bbotk]  0.8334042  0.2500643        0      0            0.281
INFO  [17:12:03.597] [bbotk]                                 uhash
INFO  [17:12:03.597] [bbotk]  34bb4ce7-f3a3-4959-8732-b4f7d4133e9e
INFO  [17:12:03.599] [bbotk] Evaluating 1 configuration(s)
INFO  [17:12:04.059] [bbotk] Result of batch 3:
INFO  [17:12:04.061] [bbotk]    laplace classif.ce warnings errors runtime_learners
INFO  [17:12:04.061] [bbotk]  0.3309574  0.2500643        0      0            0.396
INFO  [17:12:04.061] [bbotk]                                 uhash
INFO  [17:12:04.061] [bbotk]  a6971f42-3dab-494c-a554-d73d21d5333f
INFO  [17:12:04.072] [bbotk] Finished optimizing after 3 evaluation(s)
INFO  [17:12:04.072] [bbotk] Result:
INFO  [17:12:04.074] [bbotk]    laplace learner_param_vals  x_domain classif.ce
INFO  [17:12:04.074] [bbotk]      <num>             <list>    <list>      <num>
INFO  [17:12:04.074] [bbotk]  0.7439368          <list[1]> <list[1]>  0.2500643
INFO  [17:12:04.208] [bbotk] Starting to optimize 1 parameter(s) with '<OptimizerBatchRandomSearch>' and '<TerminatorEvals> [n_evals=3, k=0]'
INFO  [17:12:04.212] [bbotk] Evaluating 1 configuration(s)
INFO  [17:12:04.593] [bbotk] Result of batch 1:
INFO  [17:12:04.594] [bbotk]    laplace classif.ce warnings errors runtime_learners
INFO  [17:12:04.594] [bbotk]  0.1672841  0.2428117        0      0            0.315
INFO  [17:12:04.594] [bbotk]                                 uhash
INFO  [17:12:04.594] [bbotk]  ae57c15a-53ef-4066-a8df-8ef61ba08b76
INFO  [17:12:04.597] [bbotk] Evaluating 1 configuration(s)
INFO  [17:12:04.947] [bbotk] Result of batch 2:
INFO  [17:12:04.949] [bbotk]    laplace classif.ce warnings errors runtime_learners
INFO  [17:12:04.949] [bbotk]  0.6398294  0.2428117        0      0            0.293
INFO  [17:12:04.949] [bbotk]                                 uhash
INFO  [17:12:04.949] [bbotk]  75a785b4-1b3f-436f-bbb8-2f1cdfc486d3
INFO  [17:12:04.951] [bbotk] Evaluating 1 configuration(s)
INFO  [17:12:05.306] [bbotk] Result of batch 3:
INFO  [17:12:05.308] [bbotk]    laplace classif.ce warnings errors runtime_learners
INFO  [17:12:05.308] [bbotk]  0.4155691  0.2428117        0      0            0.305
INFO  [17:12:05.308] [bbotk]                                 uhash
INFO  [17:12:05.308] [bbotk]  13516942-d3b3-4ed9-a0a7-955aa4efed41
INFO  [17:12:05.322] [bbotk] Finished optimizing after 3 evaluation(s)
INFO  [17:12:05.322] [bbotk] Result:
INFO  [17:12:05.324] [bbotk]    laplace learner_param_vals  x_domain classif.ce
INFO  [17:12:05.324] [bbotk]      <num>             <list>    <list>      <num>
INFO  [17:12:05.324] [bbotk]  0.1672841          <list[1]> <list[1]>  0.2428117

### [bt]: Job terminated successfully [batchtools job.id=2410]
### [bt]: Calculation finished!
