### [bt]: This is batchtools v0.9.17
### [bt]: Starting calculation of 5 jobs
### [bt]: Setting working directory to '/Users/User/Documents/Studium/Semester8/Hiwi/mlr3calibration/vignettes'
### [bt]: Memory measurement disabled
### [bt]: Starting job [batchtools job.id=1566]
### [bt]: Generating problem instance for problem '42e9f2146ba77696' ...
### [bt]: Applying algorithm 'run_learner' on problem '42e9f2146ba77696' for job 1566 (seed = 1567) ...
INFO  [16:58:37.172] [mlr3] Applying learner 'classif.naive_bayes.tuned' on task 'kc1' (iter 6/10)
INFO  [16:58:37.238] [bbotk] Starting to optimize 1 parameter(s) with '<OptimizerBatchRandomSearch>' and '<TerminatorEvals> [n_evals=3, k=0]'
INFO  [16:58:37.253] [bbotk] Evaluating 1 configuration(s)
INFO  [16:58:37.257] [mlr3] Running benchmark with 3 resampling iterations
INFO  [16:58:37.261] [mlr3] Applying learner 'classif.naive_bayes' on task 'kc1' (iter 1/3)
INFO  [16:58:37.394] [mlr3] Applying learner 'classif.naive_bayes' on task 'kc1' (iter 2/3)
INFO  [16:58:37.539] [mlr3] Applying learner 'classif.naive_bayes' on task 'kc1' (iter 3/3)
INFO  [16:58:37.657] [mlr3] Finished benchmark
INFO  [16:58:37.678] [bbotk] Result of batch 1:
INFO  [16:58:37.679] [bbotk]     laplace classif.ce warnings errors runtime_learners
INFO  [16:58:37.679] [bbotk]  0.03037923  0.1759654        0      0            0.378
INFO  [16:58:37.679] [bbotk]                                 uhash
INFO  [16:58:37.679] [bbotk]  8d6f7d3a-86f2-4290-949b-1feea5ed2642
INFO  [16:58:37.681] [bbotk] Evaluating 1 configuration(s)
INFO  [16:58:37.683] [mlr3] Running benchmark with 3 resampling iterations
INFO  [16:58:37.687] [mlr3] Applying learner 'classif.naive_bayes' on task 'kc1' (iter 1/3)
INFO  [16:58:37.865] [mlr3] Applying learner 'classif.naive_bayes' on task 'kc1' (iter 2/3)
INFO  [16:58:38.040] [mlr3] Applying learner 'classif.naive_bayes' on task 'kc1' (iter 3/3)
INFO  [16:58:38.152] [mlr3] Finished benchmark
INFO  [16:58:38.173] [bbotk] Result of batch 2:
INFO  [16:58:38.175] [bbotk]    laplace classif.ce warnings errors runtime_learners
INFO  [16:58:38.175] [bbotk]  0.8182886  0.1759654        0      0             0.44
INFO  [16:58:38.175] [bbotk]                                 uhash
INFO  [16:58:38.175] [bbotk]  9291bcc3-8fb1-4769-8b75-4da1cf9bf8b2
INFO  [16:58:38.180] [bbotk] Evaluating 1 configuration(s)
INFO  [16:58:38.186] [mlr3] Running benchmark with 3 resampling iterations
INFO  [16:58:38.188] [mlr3] Applying learner 'classif.naive_bayes' on task 'kc1' (iter 1/3)
INFO  [16:58:38.331] [mlr3] Applying learner 'classif.naive_bayes' on task 'kc1' (iter 2/3)
INFO  [16:58:38.464] [mlr3] Applying learner 'classif.naive_bayes' on task 'kc1' (iter 3/3)
INFO  [16:58:38.587] [mlr3] Finished benchmark
INFO  [16:58:38.622] [bbotk] Result of batch 3:
INFO  [16:58:38.623] [bbotk]     laplace classif.ce warnings errors runtime_learners
INFO  [16:58:38.623] [bbotk]  0.02660473  0.1759654        0      0            0.378
INFO  [16:58:38.623] [bbotk]                                 uhash
INFO  [16:58:38.623] [bbotk]  f11a662b-08dd-4e62-a075-ee45f743dc59
INFO  [16:58:38.630] [bbotk] Finished optimizing after 3 evaluation(s)
INFO  [16:58:38.630] [bbotk] Result:
INFO  [16:58:38.631] [bbotk]     laplace learner_param_vals  x_domain classif.ce
INFO  [16:58:38.631] [bbotk]       <num>             <list>    <list>      <num>
INFO  [16:58:38.631] [bbotk]  0.03037923          <list[1]> <list[1]>  0.1759654

### [bt]: Job terminated successfully [batchtools job.id=1566]
### [bt]: Starting job [batchtools job.id=1567]
### [bt]: Generating problem instance for problem '42e9f2146ba77696' ...
### [bt]: Applying algorithm 'run_learner' on problem '42e9f2146ba77696' for job 1567 (seed = 1568) ...
INFO  [16:58:38.693] [mlr3] Applying learner 'classif.naive_bayes.tuned' on task 'kc1' (iter 7/10)
INFO  [16:58:38.756] [bbotk] Starting to optimize 1 parameter(s) with '<OptimizerBatchRandomSearch>' and '<TerminatorEvals> [n_evals=3, k=0]'
INFO  [16:58:38.769] [bbotk] Evaluating 1 configuration(s)
INFO  [16:58:38.777] [mlr3] Running benchmark with 3 resampling iterations
INFO  [16:58:38.779] [mlr3] Applying learner 'classif.naive_bayes' on task 'kc1' (iter 1/3)
INFO  [16:58:38.898] [mlr3] Applying learner 'classif.naive_bayes' on task 'kc1' (iter 2/3)
INFO  [16:58:39.058] [mlr3] Applying learner 'classif.naive_bayes' on task 'kc1' (iter 3/3)
INFO  [16:58:39.176] [mlr3] Finished benchmark
INFO  [16:58:39.203] [bbotk] Result of batch 1:
INFO  [16:58:39.204] [bbotk]     laplace classif.ce warnings errors runtime_learners
INFO  [16:58:39.204] [bbotk]  0.03631739  0.1728083        0      0            0.376
INFO  [16:58:39.204] [bbotk]                                 uhash
INFO  [16:58:39.204] [bbotk]  05b71d20-a8e5-4c3a-ae98-39a69c1d1f1a
INFO  [16:58:39.212] [bbotk] Evaluating 1 configuration(s)
INFO  [16:58:39.215] [mlr3] Running benchmark with 3 resampling iterations
INFO  [16:58:39.228] [mlr3] Applying learner 'classif.naive_bayes' on task 'kc1' (iter 1/3)
INFO  [16:58:39.354] [mlr3] Applying learner 'classif.naive_bayes' on task 'kc1' (iter 2/3)
INFO  [16:58:39.517] [mlr3] Applying learner 'classif.naive_bayes' on task 'kc1' (iter 3/3)
INFO  [16:58:39.640] [mlr3] Finished benchmark
INFO  [16:58:39.660] [bbotk] Result of batch 2:
INFO  [16:58:39.661] [bbotk]    laplace classif.ce warnings errors runtime_learners
INFO  [16:58:39.661] [bbotk]  0.9047819  0.1728083        0      0             0.39
INFO  [16:58:39.661] [bbotk]                                 uhash
INFO  [16:58:39.661] [bbotk]  a6847c38-e792-4a30-b773-8dda3e6d8705
INFO  [16:58:39.663] [bbotk] Evaluating 1 configuration(s)
INFO  [16:58:39.672] [mlr3] Running benchmark with 3 resampling iterations
INFO  [16:58:39.680] [mlr3] Applying learner 'classif.naive_bayes' on task 'kc1' (iter 1/3)
INFO  [16:58:39.855] [mlr3] Applying learner 'classif.naive_bayes' on task 'kc1' (iter 2/3)
INFO  [16:58:40.002] [mlr3] Applying learner 'classif.naive_bayes' on task 'kc1' (iter 3/3)
INFO  [16:58:40.111] [mlr3] Finished benchmark
INFO  [16:58:40.140] [bbotk] Result of batch 3:
INFO  [16:58:40.140] [bbotk]    laplace classif.ce warnings errors runtime_learners
INFO  [16:58:40.140] [bbotk]  0.4560984  0.1728083        0      0            0.409
INFO  [16:58:40.140] [bbotk]                                 uhash
INFO  [16:58:40.140] [bbotk]  0a3b1e56-be6c-47d8-8a38-1e0b633b8114
INFO  [16:58:40.153] [bbotk] Finished optimizing after 3 evaluation(s)
INFO  [16:58:40.153] [bbotk] Result:
INFO  [16:58:40.154] [bbotk]     laplace learner_param_vals  x_domain classif.ce
INFO  [16:58:40.154] [bbotk]       <num>             <list>    <list>      <num>
INFO  [16:58:40.154] [bbotk]  0.03631739          <list[1]> <list[1]>  0.1728083

### [bt]: Job terminated successfully [batchtools job.id=1567]
### [bt]: Starting job [batchtools job.id=1568]
### [bt]: Generating problem instance for problem '42e9f2146ba77696' ...
### [bt]: Applying algorithm 'run_learner' on problem '42e9f2146ba77696' for job 1568 (seed = 1569) ...
INFO  [16:58:40.241] [mlr3] Applying learner 'classif.naive_bayes.tuned' on task 'kc1' (iter 8/10)
INFO  [16:58:40.270] [bbotk] Starting to optimize 1 parameter(s) with '<OptimizerBatchRandomSearch>' and '<TerminatorEvals> [n_evals=3, k=0]'
INFO  [16:58:40.274] [bbotk] Evaluating 1 configuration(s)
INFO  [16:58:40.283] [mlr3] Running benchmark with 3 resampling iterations
INFO  [16:58:40.288] [mlr3] Applying learner 'classif.naive_bayes' on task 'kc1' (iter 1/3)
INFO  [16:58:40.418] [mlr3] Applying learner 'classif.naive_bayes' on task 'kc1' (iter 2/3)
INFO  [16:58:40.575] [mlr3] Applying learner 'classif.naive_bayes' on task 'kc1' (iter 3/3)
INFO  [16:58:40.728] [mlr3] Finished benchmark
INFO  [16:58:40.749] [bbotk] Result of batch 1:
INFO  [16:58:40.752] [bbotk]    laplace classif.ce warnings errors runtime_learners
INFO  [16:58:40.752] [bbotk]  0.3422719  0.1754446        0      0            0.405
INFO  [16:58:40.752] [bbotk]                                 uhash
INFO  [16:58:40.752] [bbotk]  b00c4216-c066-4ca3-80ff-96764749f61e
INFO  [16:58:40.757] [bbotk] Evaluating 1 configuration(s)
INFO  [16:58:40.761] [mlr3] Running benchmark with 3 resampling iterations
INFO  [16:58:40.763] [mlr3] Applying learner 'classif.naive_bayes' on task 'kc1' (iter 1/3)
INFO  [16:58:40.873] [mlr3] Applying learner 'classif.naive_bayes' on task 'kc1' (iter 2/3)
INFO  [16:58:41.031] [mlr3] Applying learner 'classif.naive_bayes' on task 'kc1' (iter 3/3)
INFO  [16:58:41.170] [mlr3] Finished benchmark
INFO  [16:58:41.190] [bbotk] Result of batch 2:
INFO  [16:58:41.192] [bbotk]    laplace classif.ce warnings errors runtime_learners
INFO  [16:58:41.192] [bbotk]  0.2534327  0.1754446        0      0             0.39
INFO  [16:58:41.192] [bbotk]                                 uhash
INFO  [16:58:41.192] [bbotk]  cc22d89a-89c2-464f-920b-9ac3e6e93ebf
INFO  [16:58:41.197] [bbotk] Evaluating 1 configuration(s)
INFO  [16:58:41.202] [mlr3] Running benchmark with 3 resampling iterations
INFO  [16:58:41.205] [mlr3] Applying learner 'classif.naive_bayes' on task 'kc1' (iter 1/3)
INFO  [16:58:41.310] [mlr3] Applying learner 'classif.naive_bayes' on task 'kc1' (iter 2/3)
INFO  [16:58:41.449] [mlr3] Applying learner 'classif.naive_bayes' on task 'kc1' (iter 3/3)
INFO  [16:58:41.581] [mlr3] Finished benchmark
INFO  [16:58:41.630] [bbotk] Result of batch 3:
INFO  [16:58:41.631] [bbotk]    laplace classif.ce warnings errors runtime_learners
INFO  [16:58:41.631] [bbotk]  0.1792223  0.1754446        0      0            0.357
INFO  [16:58:41.631] [bbotk]                                 uhash
INFO  [16:58:41.631] [bbotk]  9487c139-4a66-4a55-b0bb-6d2b548ebb46
INFO  [16:58:41.647] [bbotk] Finished optimizing after 3 evaluation(s)
INFO  [16:58:41.647] [bbotk] Result:
INFO  [16:58:41.648] [bbotk]    laplace learner_param_vals  x_domain classif.ce
INFO  [16:58:41.648] [bbotk]      <num>             <list>    <list>      <num>
INFO  [16:58:41.648] [bbotk]  0.3422719          <list[1]> <list[1]>  0.1754446

### [bt]: Job terminated successfully [batchtools job.id=1568]
### [bt]: Starting job [batchtools job.id=1569]
### [bt]: Generating problem instance for problem '42e9f2146ba77696' ...
### [bt]: Applying algorithm 'run_learner' on problem '42e9f2146ba77696' for job 1569 (seed = 1570) ...
INFO  [16:58:41.720] [mlr3] Applying learner 'classif.naive_bayes.tuned' on task 'kc1' (iter 9/10)
INFO  [16:58:41.773] [bbotk] Starting to optimize 1 parameter(s) with '<OptimizerBatchRandomSearch>' and '<TerminatorEvals> [n_evals=3, k=0]'
INFO  [16:58:41.780] [bbotk] Evaluating 1 configuration(s)
INFO  [16:58:41.782] [mlr3] Running benchmark with 3 resampling iterations
INFO  [16:58:41.785] [mlr3] Applying learner 'classif.naive_bayes' on task 'kc1' (iter 1/3)
INFO  [16:58:42.181] [mlr3] Applying learner 'classif.naive_bayes' on task 'kc1' (iter 2/3)
INFO  [16:58:42.286] [mlr3] Applying learner 'classif.naive_bayes' on task 'kc1' (iter 3/3)
INFO  [16:58:42.382] [mlr3] Finished benchmark
INFO  [16:58:42.405] [bbotk] Result of batch 1:
INFO  [16:58:42.406] [bbotk]    laplace classif.ce warnings errors runtime_learners
INFO  [16:58:42.406] [bbotk]  0.3053767  0.1738723        0      0            0.581
INFO  [16:58:42.406] [bbotk]                                 uhash
INFO  [16:58:42.406] [bbotk]  6d546bd9-63c4-4279-8fa8-c56b43a30193
INFO  [16:58:42.408] [bbotk] Evaluating 1 configuration(s)
INFO  [16:58:42.417] [mlr3] Running benchmark with 3 resampling iterations
INFO  [16:58:42.422] [mlr3] Applying learner 'classif.naive_bayes' on task 'kc1' (iter 1/3)
INFO  [16:58:42.545] [mlr3] Applying learner 'classif.naive_bayes' on task 'kc1' (iter 2/3)
INFO  [16:58:42.722] [mlr3] Applying learner 'classif.naive_bayes' on task 'kc1' (iter 3/3)
INFO  [16:58:42.835] [mlr3] Finished benchmark
INFO  [16:58:42.855] [bbotk] Result of batch 2:
INFO  [16:58:42.856] [bbotk]    laplace classif.ce warnings errors runtime_learners
INFO  [16:58:42.856] [bbotk]  0.3449929  0.1738723        0      0            0.385
INFO  [16:58:42.856] [bbotk]                                 uhash
INFO  [16:58:42.856] [bbotk]  51965c09-65c2-45ff-84ad-651311787e7f
INFO  [16:58:42.858] [bbotk] Evaluating 1 configuration(s)
INFO  [16:58:42.861] [mlr3] Running benchmark with 3 resampling iterations
INFO  [16:58:42.863] [mlr3] Applying learner 'classif.naive_bayes' on task 'kc1' (iter 1/3)
INFO  [16:58:42.996] [mlr3] Applying learner 'classif.naive_bayes' on task 'kc1' (iter 2/3)
INFO  [16:58:43.111] [mlr3] Applying learner 'classif.naive_bayes' on task 'kc1' (iter 3/3)
INFO  [16:58:43.230] [mlr3] Finished benchmark
INFO  [16:58:43.241] [bbotk] Result of batch 3:
INFO  [16:58:43.244] [bbotk]    laplace classif.ce warnings errors runtime_learners
INFO  [16:58:43.244] [bbotk]  0.2177839  0.1738723        0      0             0.35
INFO  [16:58:43.244] [bbotk]                                 uhash
INFO  [16:58:43.244] [bbotk]  4c1da7ab-962f-4a58-9c21-80cc8beba3fc
INFO  [16:58:43.259] [bbotk] Finished optimizing after 3 evaluation(s)
INFO  [16:58:43.259] [bbotk] Result:
INFO  [16:58:43.261] [bbotk]    laplace learner_param_vals  x_domain classif.ce
INFO  [16:58:43.261] [bbotk]      <num>             <list>    <list>      <num>
INFO  [16:58:43.261] [bbotk]  0.3053767          <list[1]> <list[1]>  0.1738723

### [bt]: Job terminated successfully [batchtools job.id=1569]
### [bt]: Starting job [batchtools job.id=1570]
### [bt]: Generating problem instance for problem '42e9f2146ba77696' ...
### [bt]: Applying algorithm 'run_learner' on problem '42e9f2146ba77696' for job 1570 (seed = 1571) ...
INFO  [16:58:43.331] [mlr3] Applying learner 'classif.naive_bayes.tuned' on task 'kc1' (iter 10/10)
INFO  [16:58:43.376] [bbotk] Starting to optimize 1 parameter(s) with '<OptimizerBatchRandomSearch>' and '<TerminatorEvals> [n_evals=3, k=0]'
INFO  [16:58:43.380] [bbotk] Evaluating 1 configuration(s)
INFO  [16:58:43.383] [mlr3] Running benchmark with 3 resampling iterations
INFO  [16:58:43.388] [mlr3] Applying learner 'classif.naive_bayes' on task 'kc1' (iter 1/3)
INFO  [16:58:43.497] [mlr3] Applying learner 'classif.naive_bayes' on task 'kc1' (iter 2/3)
INFO  [16:58:43.601] [mlr3] Applying learner 'classif.naive_bayes' on task 'kc1' (iter 3/3)
INFO  [16:58:43.719] [mlr3] Finished benchmark
INFO  [16:58:43.737] [bbotk] Result of batch 1:
INFO  [16:58:43.739] [bbotk]   laplace classif.ce warnings errors runtime_learners
INFO  [16:58:43.739] [bbotk]  0.334959  0.1748289        0      0            0.313
INFO  [16:58:43.739] [bbotk]                                 uhash
INFO  [16:58:43.739] [bbotk]  3411e325-3a22-47f7-af68-11e777a5082b
INFO  [16:58:43.744] [bbotk] Evaluating 1 configuration(s)
INFO  [16:58:43.749] [mlr3] Running benchmark with 3 resampling iterations
INFO  [16:58:43.754] [mlr3] Applying learner 'classif.naive_bayes' on task 'kc1' (iter 1/3)
INFO  [16:58:43.863] [mlr3] Applying learner 'classif.naive_bayes' on task 'kc1' (iter 2/3)
INFO  [16:58:43.980] [mlr3] Applying learner 'classif.naive_bayes' on task 'kc1' (iter 3/3)
INFO  [16:58:44.111] [mlr3] Finished benchmark
INFO  [16:58:44.126] [bbotk] Result of batch 2:
INFO  [16:58:44.128] [bbotk]   laplace classif.ce warnings errors runtime_learners
INFO  [16:58:44.128] [bbotk]  0.879189  0.1748289        0      0            0.335
INFO  [16:58:44.128] [bbotk]                                 uhash
INFO  [16:58:44.128] [bbotk]  44e1226a-c10f-4b4c-9758-f22384e75a43
INFO  [16:58:44.130] [bbotk] Evaluating 1 configuration(s)
INFO  [16:58:44.133] [mlr3] Running benchmark with 3 resampling iterations
INFO  [16:58:44.137] [mlr3] Applying learner 'classif.naive_bayes' on task 'kc1' (iter 1/3)
INFO  [16:58:44.243] [mlr3] Applying learner 'classif.naive_bayes' on task 'kc1' (iter 2/3)
INFO  [16:58:44.333] [mlr3] Applying learner 'classif.naive_bayes' on task 'kc1' (iter 3/3)
INFO  [16:58:44.442] [mlr3] Finished benchmark
INFO  [16:58:44.455] [bbotk] Result of batch 3:
INFO  [16:58:44.456] [bbotk]    laplace classif.ce warnings errors runtime_learners
INFO  [16:58:44.456] [bbotk]  0.3838856  0.1748289        0      0             0.29
INFO  [16:58:44.456] [bbotk]                                 uhash
INFO  [16:58:44.456] [bbotk]  07ea829b-e62c-4c29-9f12-f8900a417ece
INFO  [16:58:44.468] [bbotk] Finished optimizing after 3 evaluation(s)
INFO  [16:58:44.468] [bbotk] Result:
INFO  [16:58:44.471] [bbotk]   laplace learner_param_vals  x_domain classif.ce
INFO  [16:58:44.471] [bbotk]     <num>             <list>    <list>      <num>
INFO  [16:58:44.471] [bbotk]  0.334959          <list[1]> <list[1]>  0.1748289

### [bt]: Job terminated successfully [batchtools job.id=1570]
### [bt]: Calculation finished!
