### [bt]: This is batchtools v0.9.17
### [bt]: Starting calculation of 5 jobs
### [bt]: Setting working directory to '/Users/User/Documents/Studium/Semester8/Hiwi/mlr3calibration/vignettes'
### [bt]: Memory measurement disabled
### [bt]: Starting job [batchtools job.id=131]
### [bt]: Generating problem instance for problem '70bd5a65df34c4f3' ...
### [bt]: Applying algorithm 'run_learner' on problem '70bd5a65df34c4f3' for job 131 (seed = 132) ...
INFO  [16:38:33.369] [mlr3] Applying learner 'classif.ranger.tuned' on task 'kr-vs-kp' (iter 1/10)
INFO  [16:38:34.025] [bbotk] Starting to optimize 1 parameter(s) with '<OptimizerBatchRandomSearch>' and '<TerminatorEvals> [n_evals=3, k=0]'
INFO  [16:38:34.033] [bbotk] Evaluating 1 configuration(s)
INFO  [16:38:34.035] [mlr3] Running benchmark with 3 resampling iterations
INFO  [16:38:34.038] [mlr3] Applying learner 'classif.ranger' on task 'kr-vs-kp' (iter 1/3)
INFO  [16:38:34.238] [mlr3] Applying learner 'classif.ranger' on task 'kr-vs-kp' (iter 2/3)
INFO  [16:38:34.423] [mlr3] Applying learner 'classif.ranger' on task 'kr-vs-kp' (iter 3/3)
INFO  [16:38:34.593] [mlr3] Finished benchmark
INFO  [16:38:34.611] [bbotk] Result of batch 1:
INFO  [16:38:34.611] [bbotk]  num.trees classif.ce warnings errors runtime_learners
INFO  [16:38:34.611] [bbotk]        261 0.01668913        0      0            0.543
INFO  [16:38:34.611] [bbotk]                                 uhash
INFO  [16:38:34.611] [bbotk]  a0501517-3351-48d5-83f2-211ade971d71
INFO  [16:38:34.614] [bbotk] Evaluating 1 configuration(s)
INFO  [16:38:34.617] [mlr3] Running benchmark with 3 resampling iterations
INFO  [16:38:34.620] [mlr3] Applying learner 'classif.ranger' on task 'kr-vs-kp' (iter 1/3)
INFO  [16:38:34.941] [mlr3] Applying learner 'classif.ranger' on task 'kr-vs-kp' (iter 2/3)
INFO  [16:38:35.279] [mlr3] Applying learner 'classif.ranger' on task 'kr-vs-kp' (iter 3/3)
INFO  [16:38:35.589] [mlr3] Finished benchmark
INFO  [16:38:35.601] [bbotk] Result of batch 2:
INFO  [16:38:35.602] [bbotk]  num.trees classif.ce warnings errors runtime_learners
INFO  [16:38:35.602] [bbotk]        449 0.01703671        0      0            0.948
INFO  [16:38:35.602] [bbotk]                                 uhash
INFO  [16:38:35.602] [bbotk]  0b2f2d71-7076-46d3-b710-c18e335ff424
INFO  [16:38:35.604] [bbotk] Evaluating 1 configuration(s)
INFO  [16:38:35.606] [mlr3] Running benchmark with 3 resampling iterations
INFO  [16:38:35.609] [mlr3] Applying learner 'classif.ranger' on task 'kr-vs-kp' (iter 1/3)
INFO  [16:38:35.844] [mlr3] Applying learner 'classif.ranger' on task 'kr-vs-kp' (iter 2/3)
INFO  [16:38:36.085] [mlr3] Applying learner 'classif.ranger' on task 'kr-vs-kp' (iter 3/3)
INFO  [16:38:36.332] [mlr3] Finished benchmark
INFO  [16:38:36.345] [bbotk] Result of batch 3:
INFO  [16:38:36.346] [bbotk]  num.trees classif.ce warnings errors runtime_learners
INFO  [16:38:36.346] [bbotk]        376  0.0152977        0      0            0.699
INFO  [16:38:36.346] [bbotk]                                 uhash
INFO  [16:38:36.346] [bbotk]  f80ff16e-9b5c-4da1-b50f-253a376a4254
INFO  [16:38:36.353] [bbotk] Finished optimizing after 3 evaluation(s)
INFO  [16:38:36.353] [bbotk] Result:
INFO  [16:38:36.354] [bbotk]  num.trees learner_param_vals  x_domain classif.ce
INFO  [16:38:36.354] [bbotk]      <int>             <list>    <list>      <num>
INFO  [16:38:36.354] [bbotk]        376          <list[2]> <list[1]>  0.0152977

### [bt]: Job terminated successfully [batchtools job.id=131]
### [bt]: Starting job [batchtools job.id=132]
### [bt]: Generating problem instance for problem '70bd5a65df34c4f3' ...
### [bt]: Applying algorithm 'run_learner' on problem '70bd5a65df34c4f3' for job 132 (seed = 133) ...
INFO  [16:38:36.670] [mlr3] Applying learner 'classif.ranger.tuned' on task 'kr-vs-kp' (iter 2/10)
INFO  [16:38:36.695] [bbotk] Starting to optimize 1 parameter(s) with '<OptimizerBatchRandomSearch>' and '<TerminatorEvals> [n_evals=3, k=0]'
INFO  [16:38:36.703] [bbotk] Evaluating 1 configuration(s)
INFO  [16:38:36.706] [mlr3] Running benchmark with 3 resampling iterations
INFO  [16:38:36.708] [mlr3] Applying learner 'classif.ranger' on task 'kr-vs-kp' (iter 1/3)
INFO  [16:38:36.937] [mlr3] Applying learner 'classif.ranger' on task 'kr-vs-kp' (iter 2/3)
INFO  [16:38:37.156] [mlr3] Applying learner 'classif.ranger' on task 'kr-vs-kp' (iter 3/3)
INFO  [16:38:37.370] [mlr3] Finished benchmark
INFO  [16:38:37.384] [bbotk] Result of batch 1:
INFO  [16:38:37.385] [bbotk]  num.trees classif.ce warnings errors runtime_learners
INFO  [16:38:37.385] [bbotk]        366 0.01877826        0      0            0.647
INFO  [16:38:37.385] [bbotk]                                 uhash
INFO  [16:38:37.385] [bbotk]  f1af5f57-98c2-45e2-a18c-129da1b8fb06
INFO  [16:38:37.387] [bbotk] Evaluating 1 configuration(s)
INFO  [16:38:37.389] [mlr3] Running benchmark with 3 resampling iterations
INFO  [16:38:37.392] [mlr3] Applying learner 'classif.ranger' on task 'kr-vs-kp' (iter 1/3)
INFO  [16:38:37.663] [mlr3] Applying learner 'classif.ranger' on task 'kr-vs-kp' (iter 2/3)
INFO  [16:38:37.922] [mlr3] Applying learner 'classif.ranger' on task 'kr-vs-kp' (iter 3/3)
INFO  [16:38:38.191] [mlr3] Finished benchmark
INFO  [16:38:38.214] [bbotk] Result of batch 2:
INFO  [16:38:38.216] [bbotk]  num.trees classif.ce warnings errors runtime_learners
INFO  [16:38:38.216] [bbotk]        417 0.01808273        0      0            0.781
INFO  [16:38:38.216] [bbotk]                                 uhash
INFO  [16:38:38.216] [bbotk]  ad625741-a481-476a-8a6a-b1ffb0621f67
INFO  [16:38:38.219] [bbotk] Evaluating 1 configuration(s)
INFO  [16:38:38.221] [mlr3] Running benchmark with 3 resampling iterations
INFO  [16:38:38.224] [mlr3] Applying learner 'classif.ranger' on task 'kr-vs-kp' (iter 1/3)
INFO  [16:38:38.422] [mlr3] Applying learner 'classif.ranger' on task 'kr-vs-kp' (iter 2/3)
INFO  [16:38:38.623] [mlr3] Applying learner 'classif.ranger' on task 'kr-vs-kp' (iter 3/3)
INFO  [16:38:38.814] [mlr3] Finished benchmark
INFO  [16:38:38.827] [bbotk] Result of batch 3:
INFO  [16:38:38.828] [bbotk]  num.trees classif.ce warnings errors runtime_learners
INFO  [16:38:38.828] [bbotk]        297 0.01982138        0      0            0.573
INFO  [16:38:38.828] [bbotk]                                 uhash
INFO  [16:38:38.828] [bbotk]  d27d7eed-8422-4385-8b85-cda8c9960bbb
INFO  [16:38:38.835] [bbotk] Finished optimizing after 3 evaluation(s)
INFO  [16:38:38.835] [bbotk] Result:
INFO  [16:38:38.835] [bbotk]  num.trees learner_param_vals  x_domain classif.ce
INFO  [16:38:38.835] [bbotk]      <int>             <list>    <list>      <num>
INFO  [16:38:38.835] [bbotk]        417          <list[2]> <list[1]> 0.01808273

### [bt]: Job terminated successfully [batchtools job.id=132]
### [bt]: Starting job [batchtools job.id=133]
### [bt]: Generating problem instance for problem '70bd5a65df34c4f3' ...
### [bt]: Applying algorithm 'run_learner' on problem '70bd5a65df34c4f3' for job 133 (seed = 134) ...
INFO  [16:38:39.150] [mlr3] Applying learner 'classif.ranger.tuned' on task 'kr-vs-kp' (iter 3/10)
INFO  [16:38:39.172] [bbotk] Starting to optimize 1 parameter(s) with '<OptimizerBatchRandomSearch>' and '<TerminatorEvals> [n_evals=3, k=0]'
INFO  [16:38:39.177] [bbotk] Evaluating 1 configuration(s)
INFO  [16:38:39.179] [mlr3] Running benchmark with 3 resampling iterations
INFO  [16:38:39.181] [mlr3] Applying learner 'classif.ranger' on task 'kr-vs-kp' (iter 1/3)
INFO  [16:38:39.270] [mlr3] Applying learner 'classif.ranger' on task 'kr-vs-kp' (iter 2/3)
INFO  [16:38:39.373] [mlr3] Applying learner 'classif.ranger' on task 'kr-vs-kp' (iter 3/3)
INFO  [16:38:39.479] [mlr3] Finished benchmark
INFO  [16:38:39.493] [bbotk] Result of batch 1:
INFO  [16:38:39.494] [bbotk]  num.trees classif.ce warnings errors runtime_learners
INFO  [16:38:39.494] [bbotk]        142 0.01912367        0      0            0.285
INFO  [16:38:39.494] [bbotk]                                 uhash
INFO  [16:38:39.494] [bbotk]  98261a28-9f24-4740-9f1c-6504d45f49fc
INFO  [16:38:39.497] [bbotk] Evaluating 1 configuration(s)
INFO  [16:38:39.499] [mlr3] Running benchmark with 3 resampling iterations
INFO  [16:38:39.501] [mlr3] Applying learner 'classif.ranger' on task 'kr-vs-kp' (iter 1/3)
INFO  [16:38:39.905] [mlr3] Applying learner 'classif.ranger' on task 'kr-vs-kp' (iter 2/3)
INFO  [16:38:40.117] [mlr3] Applying learner 'classif.ranger' on task 'kr-vs-kp' (iter 3/3)
INFO  [16:38:40.423] [mlr3] Finished benchmark
INFO  [16:38:40.438] [bbotk] Result of batch 2:
INFO  [16:38:40.440] [bbotk]  num.trees classif.ce warnings errors runtime_learners
INFO  [16:38:40.440] [bbotk]        343 0.01808128        0      0            0.901
INFO  [16:38:40.440] [bbotk]                                 uhash
INFO  [16:38:40.440] [bbotk]  dd551708-6d4a-439d-93c7-646e1ca4203f
INFO  [16:38:40.444] [bbotk] Evaluating 1 configuration(s)
INFO  [16:38:40.446] [mlr3] Running benchmark with 3 resampling iterations
INFO  [16:38:40.448] [mlr3] Applying learner 'classif.ranger' on task 'kr-vs-kp' (iter 1/3)
INFO  [16:38:40.706] [mlr3] Applying learner 'classif.ranger' on task 'kr-vs-kp' (iter 2/3)
INFO  [16:38:40.971] [mlr3] Applying learner 'classif.ranger' on task 'kr-vs-kp' (iter 3/3)
INFO  [16:38:41.254] [mlr3] Finished benchmark
INFO  [16:38:41.267] [bbotk] Result of batch 3:
INFO  [16:38:41.268] [bbotk]  num.trees classif.ce warnings errors runtime_learners
INFO  [16:38:41.268] [bbotk]        408 0.01634263        0      0            0.788
INFO  [16:38:41.268] [bbotk]                                 uhash
INFO  [16:38:41.268] [bbotk]  28597e8b-6613-4b15-9301-264d7fb91b2c
INFO  [16:38:41.275] [bbotk] Finished optimizing after 3 evaluation(s)
INFO  [16:38:41.275] [bbotk] Result:
INFO  [16:38:41.276] [bbotk]  num.trees learner_param_vals  x_domain classif.ce
INFO  [16:38:41.276] [bbotk]      <int>             <list>    <list>      <num>
INFO  [16:38:41.276] [bbotk]        408          <list[2]> <list[1]> 0.01634263

### [bt]: Job terminated successfully [batchtools job.id=133]
### [bt]: Starting job [batchtools job.id=134]
### [bt]: Generating problem instance for problem '70bd5a65df34c4f3' ...
### [bt]: Applying algorithm 'run_learner' on problem '70bd5a65df34c4f3' for job 134 (seed = 135) ...
INFO  [16:38:41.657] [mlr3] Applying learner 'classif.ranger.tuned' on task 'kr-vs-kp' (iter 4/10)
INFO  [16:38:41.680] [bbotk] Starting to optimize 1 parameter(s) with '<OptimizerBatchRandomSearch>' and '<TerminatorEvals> [n_evals=3, k=0]'
INFO  [16:38:41.684] [bbotk] Evaluating 1 configuration(s)
INFO  [16:38:41.686] [mlr3] Running benchmark with 3 resampling iterations
INFO  [16:38:41.689] [mlr3] Applying learner 'classif.ranger' on task 'kr-vs-kp' (iter 1/3)
INFO  [16:38:41.971] [mlr3] Applying learner 'classif.ranger' on task 'kr-vs-kp' (iter 2/3)
INFO  [16:38:42.246] [mlr3] Applying learner 'classif.ranger' on task 'kr-vs-kp' (iter 3/3)
INFO  [16:38:42.537] [mlr3] Finished benchmark
INFO  [16:38:42.553] [bbotk] Result of batch 1:
INFO  [16:38:42.554] [bbotk]  num.trees classif.ce warnings errors runtime_learners
INFO  [16:38:42.554] [bbotk]        445 0.01877318        0      0            0.827
INFO  [16:38:42.554] [bbotk]                                 uhash
INFO  [16:38:42.554] [bbotk]  6359550a-29b3-4784-aa53-3e16a12578fc
INFO  [16:38:42.557] [bbotk] Evaluating 1 configuration(s)
INFO  [16:38:42.559] [mlr3] Running benchmark with 3 resampling iterations
INFO  [16:38:42.562] [mlr3] Applying learner 'classif.ranger' on task 'kr-vs-kp' (iter 1/3)
INFO  [16:38:42.869] [mlr3] Applying learner 'classif.ranger' on task 'kr-vs-kp' (iter 2/3)
INFO  [16:38:43.163] [mlr3] Applying learner 'classif.ranger' on task 'kr-vs-kp' (iter 3/3)
INFO  [16:38:43.480] [mlr3] Finished benchmark
INFO  [16:38:43.492] [bbotk] Result of batch 2:
INFO  [16:38:43.493] [bbotk]  num.trees classif.ce warnings errors runtime_learners
INFO  [16:38:43.493] [bbotk]        497 0.01912076        0      0            0.897
INFO  [16:38:43.493] [bbotk]                                 uhash
INFO  [16:38:43.493] [bbotk]  742cbe47-a03d-4bce-b0e4-1c21ad2f2c61
INFO  [16:38:43.495] [bbotk] Evaluating 1 configuration(s)
INFO  [16:38:43.497] [mlr3] Running benchmark with 3 resampling iterations
INFO  [16:38:43.499] [mlr3] Applying learner 'classif.ranger' on task 'kr-vs-kp' (iter 1/3)
INFO  [16:38:43.809] [mlr3] Applying learner 'classif.ranger' on task 'kr-vs-kp' (iter 2/3)
INFO  [16:38:44.158] [mlr3] Applying learner 'classif.ranger' on task 'kr-vs-kp' (iter 3/3)
INFO  [16:38:44.530] [mlr3] Finished benchmark
INFO  [16:38:44.541] [bbotk] Result of batch 3:
INFO  [16:38:44.542] [bbotk]  num.trees classif.ce warnings errors runtime_learners
INFO  [16:38:44.542] [bbotk]        497 0.01738212        0      0            1.014
INFO  [16:38:44.542] [bbotk]                                 uhash
INFO  [16:38:44.542] [bbotk]  fd227664-4256-40a1-ab99-7af3227b2431
INFO  [16:38:44.548] [bbotk] Finished optimizing after 3 evaluation(s)
INFO  [16:38:44.549] [bbotk] Result:
INFO  [16:38:44.549] [bbotk]  num.trees learner_param_vals  x_domain classif.ce
INFO  [16:38:44.549] [bbotk]      <int>             <list>    <list>      <num>
INFO  [16:38:44.549] [bbotk]        497          <list[2]> <list[1]> 0.01738212

### [bt]: Job terminated successfully [batchtools job.id=134]
### [bt]: Starting job [batchtools job.id=135]
### [bt]: Generating problem instance for problem '70bd5a65df34c4f3' ...
### [bt]: Applying algorithm 'run_learner' on problem '70bd5a65df34c4f3' for job 135 (seed = 136) ...
INFO  [16:38:44.928] [mlr3] Applying learner 'classif.ranger.tuned' on task 'kr-vs-kp' (iter 5/10)
INFO  [16:38:44.951] [bbotk] Starting to optimize 1 parameter(s) with '<OptimizerBatchRandomSearch>' and '<TerminatorEvals> [n_evals=3, k=0]'
INFO  [16:38:44.955] [bbotk] Evaluating 1 configuration(s)
INFO  [16:38:44.958] [mlr3] Running benchmark with 3 resampling iterations
INFO  [16:38:44.960] [mlr3] Applying learner 'classif.ranger' on task 'kr-vs-kp' (iter 1/3)
INFO  [16:38:45.121] [mlr3] Applying learner 'classif.ranger' on task 'kr-vs-kp' (iter 2/3)
INFO  [16:38:45.279] [mlr3] Applying learner 'classif.ranger' on task 'kr-vs-kp' (iter 3/3)
INFO  [16:38:45.467] [mlr3] Finished benchmark
INFO  [16:38:45.480] [bbotk] Result of batch 1:
INFO  [16:38:45.481] [bbotk]  num.trees classif.ce warnings errors runtime_learners
INFO  [16:38:45.481] [bbotk]        222 0.01807983        0      0            0.489
INFO  [16:38:45.481] [bbotk]                                 uhash
INFO  [16:38:45.481] [bbotk]  05253119-9b8e-4b4a-8fff-bb5957d04a36
INFO  [16:38:45.483] [bbotk] Evaluating 1 configuration(s)
INFO  [16:38:45.485] [mlr3] Running benchmark with 3 resampling iterations
INFO  [16:38:45.490] [mlr3] Applying learner 'classif.ranger' on task 'kr-vs-kp' (iter 1/3)
INFO  [16:38:45.853] [mlr3] Applying learner 'classif.ranger' on task 'kr-vs-kp' (iter 2/3)
INFO  [16:38:46.107] [mlr3] Applying learner 'classif.ranger' on task 'kr-vs-kp' (iter 3/3)
INFO  [16:38:46.368] [mlr3] Finished benchmark
INFO  [16:38:46.399] [bbotk] Result of batch 2:
INFO  [16:38:46.400] [bbotk]  num.trees classif.ce warnings errors runtime_learners
INFO  [16:38:46.400] [bbotk]        431 0.01599287        0      0            0.862
INFO  [16:38:46.400] [bbotk]                                 uhash
INFO  [16:38:46.400] [bbotk]  c6d863d1-b4be-4762-827a-0340be661387
INFO  [16:38:46.402] [bbotk] Evaluating 1 configuration(s)
INFO  [16:38:46.406] [mlr3] Running benchmark with 3 resampling iterations
INFO  [16:38:46.412] [mlr3] Applying learner 'classif.ranger' on task 'kr-vs-kp' (iter 1/3)
INFO  [16:38:46.743] [mlr3] Applying learner 'classif.ranger' on task 'kr-vs-kp' (iter 2/3)
INFO  [16:38:47.069] [mlr3] Applying learner 'classif.ranger' on task 'kr-vs-kp' (iter 3/3)
INFO  [16:38:47.392] [mlr3] Finished benchmark
INFO  [16:38:47.407] [bbotk] Result of batch 3:
INFO  [16:38:47.409] [bbotk]  num.trees classif.ce warnings errors runtime_learners
INFO  [16:38:47.409] [bbotk]        485 0.01738466        0      0             0.96
INFO  [16:38:47.409] [bbotk]                                 uhash
INFO  [16:38:47.409] [bbotk]  86c8e7e6-af88-4349-ba5d-649ac987ff83
INFO  [16:38:47.419] [bbotk] Finished optimizing after 3 evaluation(s)
INFO  [16:38:47.419] [bbotk] Result:
INFO  [16:38:47.420] [bbotk]  num.trees learner_param_vals  x_domain classif.ce
INFO  [16:38:47.420] [bbotk]      <int>             <list>    <list>      <num>
INFO  [16:38:47.420] [bbotk]        431          <list[2]> <list[1]> 0.01599287

### [bt]: Job terminated successfully [batchtools job.id=135]
### [bt]: Calculation finished!
