### [bt]: This is batchtools v0.9.17
### [bt]: Starting calculation of 5 jobs
### [bt]: Setting working directory to '/Users/User/Documents/Studium/Semester8/Hiwi/mlr3calibration/vignettes'
### [bt]: Memory measurement disabled
### [bt]: Starting job [batchtools job.id=2921]
### [bt]: Generating problem instance for problem '6390d9e81da17366' ...
### [bt]: Applying algorithm 'run_learner' on problem '6390d9e81da17366' for job 2921 (seed = 2922) ...
INFO  [17:24:48.398] [mlr3] Applying learner 'classif.ranger.tuned_calib.perfold_isotonic' on task 'qsar-biodeg' (iter 1/10)
INFO  [17:24:48.511] [bbotk] Starting to optimize 1 parameter(s) with '<OptimizerBatchRandomSearch>' and '<TerminatorEvals> [n_evals=3, k=0]'
INFO  [17:24:48.523] [bbotk] Evaluating 1 configuration(s)
INFO  [17:24:48.719] [bbotk] Result of batch 1:
INFO  [17:24:48.723] [bbotk]  num.trees classif.ce warnings errors runtime_learners
INFO  [17:24:48.723] [bbotk]        149  0.1422925        0      0             0.13
INFO  [17:24:48.723] [bbotk]                                 uhash
INFO  [17:24:48.723] [bbotk]  8b987c4a-7878-4159-aa43-d696f037a9ee
INFO  [17:24:48.725] [bbotk] Evaluating 1 configuration(s)
INFO  [17:24:49.046] [bbotk] Result of batch 2:
INFO  [17:24:49.048] [bbotk]  num.trees classif.ce warnings errors runtime_learners
INFO  [17:24:49.048] [bbotk]        396    0.14361        0      0            0.273
INFO  [17:24:49.048] [bbotk]                                 uhash
INFO  [17:24:49.048] [bbotk]  11f8c666-1ae8-4d93-860d-020357cebccb
INFO  [17:24:49.053] [bbotk] Evaluating 1 configuration(s)
INFO  [17:24:49.426] [bbotk] Result of batch 3:
INFO  [17:24:49.427] [bbotk]  num.trees classif.ce warnings errors runtime_learners
INFO  [17:24:49.427] [bbotk]        394  0.1383399        0      0             0.33
INFO  [17:24:49.427] [bbotk]                                 uhash
INFO  [17:24:49.427] [bbotk]  155fd60f-b93e-4b95-b7ab-a277320ecfdc
INFO  [17:24:49.435] [bbotk] Finished optimizing after 3 evaluation(s)
INFO  [17:24:49.435] [bbotk] Result:
INFO  [17:24:49.436] [bbotk]  num.trees learner_param_vals  x_domain classif.ce
INFO  [17:24:49.436] [bbotk]      <int>             <list>    <list>      <num>
INFO  [17:24:49.436] [bbotk]        394          <list[2]> <list[1]>  0.1383399
INFO  [17:24:49.636] [bbotk] Starting to optimize 1 parameter(s) with '<OptimizerBatchRandomSearch>' and '<TerminatorEvals> [n_evals=3, k=0]'
INFO  [17:24:49.642] [bbotk] Evaluating 1 configuration(s)
INFO  [17:24:50.047] [bbotk] Result of batch 1:
INFO  [17:24:50.048] [bbotk]  num.trees classif.ce warnings errors runtime_learners
INFO  [17:24:50.048] [bbotk]        425  0.1660079        0      0             0.36
INFO  [17:24:50.048] [bbotk]                                 uhash
INFO  [17:24:50.048] [bbotk]  04748e65-95bd-45b6-95a2-ce00dec23e4f
INFO  [17:24:50.050] [bbotk] Evaluating 1 configuration(s)
INFO  [17:24:50.326] [bbotk] Result of batch 2:
INFO  [17:24:50.327] [bbotk]  num.trees classif.ce warnings errors runtime_learners
INFO  [17:24:50.327] [bbotk]        271  0.1646904        0      0            0.233
INFO  [17:24:50.327] [bbotk]                                 uhash
INFO  [17:24:50.327] [bbotk]  27b71116-ea4f-466b-9c45-bdaba17e29bd
INFO  [17:24:50.330] [bbotk] Evaluating 1 configuration(s)
INFO  [17:24:50.673] [bbotk] Result of batch 3:
INFO  [17:24:50.675] [bbotk]  num.trees classif.ce warnings errors runtime_learners
INFO  [17:24:50.675] [bbotk]        364  0.1607378        0      0            0.299
INFO  [17:24:50.675] [bbotk]                                 uhash
INFO  [17:24:50.675] [bbotk]  927ac766-9f38-41b3-9458-0bab1cd76042
INFO  [17:24:50.685] [bbotk] Finished optimizing after 3 evaluation(s)
INFO  [17:24:50.685] [bbotk] Result:
INFO  [17:24:50.686] [bbotk]  num.trees learner_param_vals  x_domain classif.ce
INFO  [17:24:50.686] [bbotk]      <int>             <list>    <list>      <num>
INFO  [17:24:50.686] [bbotk]        364          <list[2]> <list[1]>  0.1607378
INFO  [17:24:50.856] [bbotk] Starting to optimize 1 parameter(s) with '<OptimizerBatchRandomSearch>' and '<TerminatorEvals> [n_evals=3, k=0]'
INFO  [17:24:50.860] [bbotk] Evaluating 1 configuration(s)
INFO  [17:24:51.253] [bbotk] Result of batch 1:
INFO  [17:24:51.254] [bbotk]  num.trees classif.ce warnings errors runtime_learners
INFO  [17:24:51.254] [bbotk]        442  0.1370224        0      0            0.338
INFO  [17:24:51.254] [bbotk]                                 uhash
INFO  [17:24:51.254] [bbotk]  f79ea132-21ec-4f7c-b67b-0d43b0a669bd
INFO  [17:24:51.256] [bbotk] Evaluating 1 configuration(s)
INFO  [17:24:51.671] [bbotk] Result of batch 2:
INFO  [17:24:51.672] [bbotk]  num.trees classif.ce warnings errors runtime_learners
INFO  [17:24:51.672] [bbotk]        458  0.1396574        0      0            0.372
INFO  [17:24:51.672] [bbotk]                                 uhash
INFO  [17:24:51.672] [bbotk]  e40a09cb-a841-4b7a-98e4-818f43a00410
INFO  [17:24:51.674] [bbotk] Evaluating 1 configuration(s)
INFO  [17:24:52.037] [bbotk] Result of batch 3:
INFO  [17:24:52.038] [bbotk]  num.trees classif.ce warnings errors runtime_learners
INFO  [17:24:52.038] [bbotk]        389  0.1396574        0      0            0.301
INFO  [17:24:52.038] [bbotk]                                 uhash
INFO  [17:24:52.038] [bbotk]  3581ce82-ffdd-41b1-b953-44a501676ada
INFO  [17:24:52.049] [bbotk] Finished optimizing after 3 evaluation(s)
INFO  [17:24:52.050] [bbotk] Result:
INFO  [17:24:52.052] [bbotk]  num.trees learner_param_vals  x_domain classif.ce
INFO  [17:24:52.052] [bbotk]      <int>             <list>    <list>      <num>
INFO  [17:24:52.052] [bbotk]        442          <list[2]> <list[1]>  0.1370224
INFO  [17:24:52.280] [bbotk] Starting to optimize 1 parameter(s) with '<OptimizerBatchRandomSearch>' and '<TerminatorEvals> [n_evals=3, k=0]'
INFO  [17:24:52.284] [bbotk] Evaluating 1 configuration(s)
INFO  [17:24:52.574] [bbotk] Result of batch 1:
INFO  [17:24:52.575] [bbotk]  num.trees classif.ce warnings errors runtime_learners
INFO  [17:24:52.575] [bbotk]        271  0.1370224        0      0            0.248
INFO  [17:24:52.575] [bbotk]                                 uhash
INFO  [17:24:52.575] [bbotk]  ec93d07f-4ca9-4142-81fe-ee123a88900e
INFO  [17:24:52.577] [bbotk] Evaluating 1 configuration(s)
INFO  [17:24:52.794] [bbotk] Result of batch 2:
INFO  [17:24:52.795] [bbotk]  num.trees classif.ce warnings errors runtime_learners
INFO  [17:24:52.795] [bbotk]        187  0.1383399        0      0            0.171
INFO  [17:24:52.795] [bbotk]                                 uhash
INFO  [17:24:52.795] [bbotk]  194f1d4a-c974-416d-a932-f1beb1bfefce
INFO  [17:24:52.797] [bbotk] Evaluating 1 configuration(s)
INFO  [17:24:53.191] [bbotk] Result of batch 3:
INFO  [17:24:53.193] [bbotk]  num.trees classif.ce warnings errors runtime_learners
INFO  [17:24:53.193] [bbotk]        496  0.1383399        0      0            0.354
INFO  [17:24:53.193] [bbotk]                                 uhash
INFO  [17:24:53.193] [bbotk]  ead57787-111f-404a-bb97-9d10a959f6e9
INFO  [17:24:53.201] [bbotk] Finished optimizing after 3 evaluation(s)
INFO  [17:24:53.202] [bbotk] Result:
INFO  [17:24:53.203] [bbotk]  num.trees learner_param_vals  x_domain classif.ce
INFO  [17:24:53.203] [bbotk]      <int>             <list>    <list>      <num>
INFO  [17:24:53.203] [bbotk]        271          <list[2]> <list[1]>  0.1370224
INFO  [17:24:53.349] [bbotk] Starting to optimize 1 parameter(s) with '<OptimizerBatchRandomSearch>' and '<TerminatorEvals> [n_evals=3, k=0]'
INFO  [17:24:53.356] [bbotk] Evaluating 1 configuration(s)
INFO  [17:24:53.673] [bbotk] Result of batch 1:
INFO  [17:24:53.675] [bbotk]  num.trees classif.ce warnings errors runtime_learners
INFO  [17:24:53.675] [bbotk]        303  0.1447512        0      0            0.256
INFO  [17:24:53.675] [bbotk]                                 uhash
INFO  [17:24:53.675] [bbotk]  c7e3c4b1-9d11-4ad4-a6ba-a25d0bcdb888
INFO  [17:24:53.683] [bbotk] Evaluating 1 configuration(s)
INFO  [17:24:53.949] [bbotk] Result of batch 2:
INFO  [17:24:53.950] [bbotk]  num.trees classif.ce warnings errors runtime_learners
INFO  [17:24:53.950] [bbotk]        255  0.1447512        0      0            0.228
INFO  [17:24:53.950] [bbotk]                                 uhash
INFO  [17:24:53.950] [bbotk]  ea1038b7-a2d1-4b28-a942-eb2757432123
INFO  [17:24:53.956] [bbotk] Evaluating 1 configuration(s)
INFO  [17:24:54.300] [bbotk] Result of batch 3:
INFO  [17:24:54.302] [bbotk]  num.trees classif.ce warnings errors runtime_learners
INFO  [17:24:54.302] [bbotk]        357  0.1500161        0      0            0.291
INFO  [17:24:54.302] [bbotk]                                 uhash
INFO  [17:24:54.302] [bbotk]  162bda72-4d96-4e0a-b716-4ab2140eff59
INFO  [17:24:54.312] [bbotk] Finished optimizing after 3 evaluation(s)
INFO  [17:24:54.312] [bbotk] Result:
INFO  [17:24:54.313] [bbotk]  num.trees learner_param_vals  x_domain classif.ce
INFO  [17:24:54.313] [bbotk]      <int>             <list>    <list>      <num>
INFO  [17:24:54.313] [bbotk]        303          <list[2]> <list[1]>  0.1447512

### [bt]: Job terminated successfully [batchtools job.id=2921]
### [bt]: Starting job [batchtools job.id=2922]
### [bt]: Generating problem instance for problem '6390d9e81da17366' ...
### [bt]: Applying algorithm 'run_learner' on problem '6390d9e81da17366' for job 2922 (seed = 2923) ...
INFO  [17:24:54.661] [mlr3] Applying learner 'classif.ranger.tuned_calib.perfold_isotonic' on task 'qsar-biodeg' (iter 2/10)
INFO  [17:24:54.722] [bbotk] Starting to optimize 1 parameter(s) with '<OptimizerBatchRandomSearch>' and '<TerminatorEvals> [n_evals=3, k=0]'
INFO  [17:24:54.730] [bbotk] Evaluating 1 configuration(s)
INFO  [17:24:54.875] [bbotk] Result of batch 1:
INFO  [17:24:54.877] [bbotk]  num.trees classif.ce warnings errors runtime_learners
INFO  [17:24:54.877] [bbotk]        114  0.1567852        0      0            0.105
INFO  [17:24:54.877] [bbotk]                                 uhash
INFO  [17:24:54.877] [bbotk]  c261fc6d-9ed1-43de-8239-9269411620cf
INFO  [17:24:54.880] [bbotk] Evaluating 1 configuration(s)
INFO  [17:24:55.233] [bbotk] Result of batch 2:
INFO  [17:24:55.234] [bbotk]  num.trees classif.ce warnings errors runtime_learners
INFO  [17:24:55.234] [bbotk]        322  0.1488801        0      0            0.303
INFO  [17:24:55.234] [bbotk]                                 uhash
INFO  [17:24:55.234] [bbotk]  10ecefd2-3906-4ccc-bd58-b0bcb79d004d
INFO  [17:24:55.237] [bbotk] Evaluating 1 configuration(s)
INFO  [17:24:55.568] [bbotk] Result of batch 3:
INFO  [17:24:55.570] [bbotk]  num.trees classif.ce warnings errors runtime_learners
INFO  [17:24:55.570] [bbotk]        330  0.1515152        0      0            0.277
INFO  [17:24:55.570] [bbotk]                                 uhash
INFO  [17:24:55.570] [bbotk]  7fb0d8d6-31b7-4f25-bf97-489556ba29f5
INFO  [17:24:55.578] [bbotk] Finished optimizing after 3 evaluation(s)
INFO  [17:24:55.578] [bbotk] Result:
INFO  [17:24:55.579] [bbotk]  num.trees learner_param_vals  x_domain classif.ce
INFO  [17:24:55.579] [bbotk]      <int>             <list>    <list>      <num>
INFO  [17:24:55.579] [bbotk]        322          <list[2]> <list[1]>  0.1488801
INFO  [17:24:55.755] [bbotk] Starting to optimize 1 parameter(s) with '<OptimizerBatchRandomSearch>' and '<TerminatorEvals> [n_evals=3, k=0]'
INFO  [17:24:55.760] [bbotk] Evaluating 1 configuration(s)
INFO  [17:24:56.206] [bbotk] Result of batch 1:
INFO  [17:24:56.207] [bbotk]  num.trees classif.ce warnings errors runtime_learners
INFO  [17:24:56.207] [bbotk]        446  0.1462451        0      0            0.412
INFO  [17:24:56.207] [bbotk]                                 uhash
INFO  [17:24:56.207] [bbotk]  96708ffe-c364-47a0-9af0-b753e5cede9c
INFO  [17:24:56.211] [bbotk] Evaluating 1 configuration(s)
INFO  [17:24:56.411] [bbotk] Result of batch 2:
INFO  [17:24:56.412] [bbotk]  num.trees classif.ce warnings errors runtime_learners
INFO  [17:24:56.412] [bbotk]        169  0.1554677        0      0            0.156
INFO  [17:24:56.412] [bbotk]                                 uhash
INFO  [17:24:56.412] [bbotk]  fb992013-726c-4ac8-988b-ada0c6822a47
INFO  [17:24:56.416] [bbotk] Evaluating 1 configuration(s)
INFO  [17:24:56.774] [bbotk] Result of batch 3:
INFO  [17:24:56.776] [bbotk]  num.trees classif.ce warnings errors runtime_learners
INFO  [17:24:56.776] [bbotk]        335  0.1501976        0      0            0.274
INFO  [17:24:56.776] [bbotk]                                 uhash
INFO  [17:24:56.776] [bbotk]  72078b3b-a055-442f-8613-cb92212bdb76
INFO  [17:24:56.788] [bbotk] Finished optimizing after 3 evaluation(s)
INFO  [17:24:56.788] [bbotk] Result:
INFO  [17:24:56.790] [bbotk]  num.trees learner_param_vals  x_domain classif.ce
INFO  [17:24:56.790] [bbotk]      <int>             <list>    <list>      <num>
INFO  [17:24:56.790] [bbotk]        446          <list[2]> <list[1]>  0.1462451
INFO  [17:24:57.016] [bbotk] Starting to optimize 1 parameter(s) with '<OptimizerBatchRandomSearch>' and '<TerminatorEvals> [n_evals=3, k=0]'
INFO  [17:24:57.025] [bbotk] Evaluating 1 configuration(s)
INFO  [17:24:57.275] [bbotk] Result of batch 1:
INFO  [17:24:57.277] [bbotk]  num.trees classif.ce warnings errors runtime_learners
INFO  [17:24:57.277] [bbotk]        124  0.1370224        0      0            0.195
INFO  [17:24:57.277] [bbotk]                                 uhash
INFO  [17:24:57.277] [bbotk]  e0e60362-331d-491d-a346-0e41e31b20ef
INFO  [17:24:57.279] [bbotk] Evaluating 1 configuration(s)
INFO  [17:24:57.673] [bbotk] Result of batch 2:
INFO  [17:24:57.675] [bbotk]  num.trees classif.ce warnings errors runtime_learners
INFO  [17:24:57.675] [bbotk]        498  0.1370224        0      0            0.352
INFO  [17:24:57.675] [bbotk]                                 uhash
INFO  [17:24:57.675] [bbotk]  8931e6f9-3025-4675-9eec-0d52f7583aec
INFO  [17:24:57.682] [bbotk] Evaluating 1 configuration(s)
INFO  [17:24:57.879] [bbotk] Result of batch 3:
INFO  [17:24:57.880] [bbotk]  num.trees classif.ce warnings errors runtime_learners
INFO  [17:24:57.880] [bbotk]        171  0.1422925        0      0            0.145
INFO  [17:24:57.880] [bbotk]                                 uhash
INFO  [17:24:57.880] [bbotk]  46c326cf-b1ca-476b-b6f4-0018e5679c8d
INFO  [17:24:57.888] [bbotk] Finished optimizing after 3 evaluation(s)
INFO  [17:24:57.889] [bbotk] Result:
INFO  [17:24:57.889] [bbotk]  num.trees learner_param_vals  x_domain classif.ce
INFO  [17:24:57.889] [bbotk]      <int>             <list>    <list>      <num>
INFO  [17:24:57.889] [bbotk]        124          <list[2]> <list[1]>  0.1370224
INFO  [17:24:57.997] [bbotk] Starting to optimize 1 parameter(s) with '<OptimizerBatchRandomSearch>' and '<TerminatorEvals> [n_evals=3, k=0]'
INFO  [17:24:58.002] [bbotk] Evaluating 1 configuration(s)
INFO  [17:24:58.625] [bbotk] Result of batch 1:
INFO  [17:24:58.627] [bbotk]  num.trees classif.ce warnings errors runtime_learners
INFO  [17:24:58.627] [bbotk]        413    0.14361        0      0            0.434
INFO  [17:24:58.627] [bbotk]                                 uhash
INFO  [17:24:58.627] [bbotk]  bfc681e0-a00a-467f-98a2-7536de7c3cab
INFO  [17:24:58.637] [bbotk] Evaluating 1 configuration(s)
INFO  [17:24:58.810] [bbotk] Result of batch 2:
INFO  [17:24:58.811] [bbotk]  num.trees classif.ce warnings errors runtime_learners
INFO  [17:24:58.811] [bbotk]        112  0.1528327        0      0            0.121
INFO  [17:24:58.811] [bbotk]                                 uhash
INFO  [17:24:58.811] [bbotk]  a7fd4ec4-a3ab-4ab6-8567-9871ff5860af
INFO  [17:24:58.813] [bbotk] Evaluating 1 configuration(s)
INFO  [17:24:59.168] [bbotk] Result of batch 3:
INFO  [17:24:59.169] [bbotk]  num.trees classif.ce warnings errors runtime_learners
INFO  [17:24:59.169] [bbotk]        309  0.1528327        0      0            0.266
INFO  [17:24:59.169] [bbotk]                                 uhash
INFO  [17:24:59.169] [bbotk]  09e4d2c9-fb56-48ef-abd1-51e17155b8a4
INFO  [17:24:59.176] [bbotk] Finished optimizing after 3 evaluation(s)
INFO  [17:24:59.176] [bbotk] Result:
INFO  [17:24:59.177] [bbotk]  num.trees learner_param_vals  x_domain classif.ce
INFO  [17:24:59.177] [bbotk]      <int>             <list>    <list>      <num>
INFO  [17:24:59.177] [bbotk]        413          <list[2]> <list[1]>    0.14361
INFO  [17:24:59.414] [bbotk] Starting to optimize 1 parameter(s) with '<OptimizerBatchRandomSearch>' and '<TerminatorEvals> [n_evals=3, k=0]'
INFO  [17:24:59.432] [bbotk] Evaluating 1 configuration(s)
INFO  [17:24:59.877] [bbotk] Result of batch 1:
INFO  [17:24:59.884] [bbotk]  num.trees classif.ce warnings errors runtime_learners
INFO  [17:24:59.884] [bbotk]        441  0.1500161        0      0            0.374
INFO  [17:24:59.884] [bbotk]                                 uhash
INFO  [17:24:59.884] [bbotk]  5d22c08e-db31-485f-8560-06799390e852
INFO  [17:24:59.889] [bbotk] Evaluating 1 configuration(s)
INFO  [17:25:00.373] [bbotk] Result of batch 2:
INFO  [17:25:00.375] [bbotk]  num.trees classif.ce warnings errors runtime_learners
INFO  [17:25:00.375] [bbotk]        215  0.1487037        0      0            0.192
INFO  [17:25:00.375] [bbotk]                                 uhash
INFO  [17:25:00.375] [bbotk]  2b5fb911-f3b3-47d2-834a-dc455ea71193
INFO  [17:25:00.389] [bbotk] Evaluating 1 configuration(s)
INFO  [17:25:00.825] [bbotk] Result of batch 3:
INFO  [17:25:00.826] [bbotk]  num.trees classif.ce warnings errors runtime_learners
INFO  [17:25:00.826] [bbotk]        390  0.1486986        0      0            0.361
INFO  [17:25:00.826] [bbotk]                                 uhash
INFO  [17:25:00.826] [bbotk]  20677d02-abad-4fd6-b505-361e359dbe34
INFO  [17:25:00.835] [bbotk] Finished optimizing after 3 evaluation(s)
INFO  [17:25:00.835] [bbotk] Result:
INFO  [17:25:00.836] [bbotk]  num.trees learner_param_vals  x_domain classif.ce
INFO  [17:25:00.836] [bbotk]      <int>             <list>    <list>      <num>
INFO  [17:25:00.836] [bbotk]        390          <list[2]> <list[1]>  0.1486986

### [bt]: Job terminated successfully [batchtools job.id=2922]
### [bt]: Starting job [batchtools job.id=2923]
### [bt]: Generating problem instance for problem '6390d9e81da17366' ...
### [bt]: Applying algorithm 'run_learner' on problem '6390d9e81da17366' for job 2923 (seed = 2924) ...
INFO  [17:25:01.273] [mlr3] Applying learner 'classif.ranger.tuned_calib.perfold_isotonic' on task 'qsar-biodeg' (iter 3/10)
INFO  [17:25:01.357] [bbotk] Starting to optimize 1 parameter(s) with '<OptimizerBatchRandomSearch>' and '<TerminatorEvals> [n_evals=3, k=0]'
INFO  [17:25:01.362] [bbotk] Evaluating 1 configuration(s)
INFO  [17:25:01.599] [bbotk] Result of batch 1:
INFO  [17:25:01.602] [bbotk]  num.trees classif.ce warnings errors runtime_learners
INFO  [17:25:01.602] [bbotk]        120  0.1383399        0      0            0.105
INFO  [17:25:01.602] [bbotk]                                 uhash
INFO  [17:25:01.602] [bbotk]  a3d28df5-dbb1-4572-aa59-e8ea636adffc
INFO  [17:25:01.610] [bbotk] Evaluating 1 configuration(s)
INFO  [17:25:02.006] [bbotk] Result of batch 2:
INFO  [17:25:02.007] [bbotk]  num.trees classif.ce warnings errors runtime_learners
INFO  [17:25:02.007] [bbotk]        383  0.1357049        0      0            0.332
INFO  [17:25:02.007] [bbotk]                                 uhash
INFO  [17:25:02.007] [bbotk]  383b9c0f-690c-4f32-ba81-4e73abf74259
INFO  [17:25:02.011] [bbotk] Evaluating 1 configuration(s)
INFO  [17:25:02.482] [bbotk] Result of batch 3:
INFO  [17:25:02.483] [bbotk]  num.trees classif.ce warnings errors runtime_learners
INFO  [17:25:02.483] [bbotk]        480  0.1330698        0      0            0.409
INFO  [17:25:02.483] [bbotk]                                 uhash
INFO  [17:25:02.483] [bbotk]  37be0f0e-4025-4453-ab28-876757efdbd1
INFO  [17:25:02.490] [bbotk] Finished optimizing after 3 evaluation(s)
INFO  [17:25:02.490] [bbotk] Result:
INFO  [17:25:02.491] [bbotk]  num.trees learner_param_vals  x_domain classif.ce
INFO  [17:25:02.491] [bbotk]      <int>             <list>    <list>      <num>
INFO  [17:25:02.491] [bbotk]        480          <list[2]> <list[1]>  0.1330698
INFO  [17:25:02.784] [bbotk] Starting to optimize 1 parameter(s) with '<OptimizerBatchRandomSearch>' and '<TerminatorEvals> [n_evals=3, k=0]'
INFO  [17:25:02.794] [bbotk] Evaluating 1 configuration(s)
INFO  [17:25:02.997] [bbotk] Result of batch 1:
INFO  [17:25:02.998] [bbotk]  num.trees classif.ce warnings errors runtime_learners
INFO  [17:25:02.998] [bbotk]        213  0.1449275        0      0            0.162
INFO  [17:25:02.998] [bbotk]                                 uhash
INFO  [17:25:02.998] [bbotk]  0e477572-c0c2-4a01-988c-a147fc7f2580
INFO  [17:25:03.000] [bbotk] Evaluating 1 configuration(s)
INFO  [17:25:03.314] [bbotk] Result of batch 2:
INFO  [17:25:03.315] [bbotk]  num.trees classif.ce warnings errors runtime_learners
INFO  [17:25:03.315] [bbotk]        186    0.14361        0      0            0.211
INFO  [17:25:03.315] [bbotk]                                 uhash
INFO  [17:25:03.315] [bbotk]  faa0482a-3f72-4937-852a-ffa66c359262
INFO  [17:25:03.318] [bbotk] Evaluating 1 configuration(s)
INFO  [17:25:03.586] [bbotk] Result of batch 3:
INFO  [17:25:03.587] [bbotk]  num.trees classif.ce warnings errors runtime_learners
INFO  [17:25:03.587] [bbotk]        236   0.140975        0      0            0.204
INFO  [17:25:03.587] [bbotk]                                 uhash
INFO  [17:25:03.587] [bbotk]  8300afbb-fb56-4068-8e30-06aa02cf8f7b
INFO  [17:25:03.616] [bbotk] Finished optimizing after 3 evaluation(s)
INFO  [17:25:03.616] [bbotk] Result:
INFO  [17:25:03.617] [bbotk]  num.trees learner_param_vals  x_domain classif.ce
INFO  [17:25:03.617] [bbotk]      <int>             <list>    <list>      <num>
INFO  [17:25:03.617] [bbotk]        236          <list[2]> <list[1]>   0.140975
INFO  [17:25:03.784] [bbotk] Starting to optimize 1 parameter(s) with '<OptimizerBatchRandomSearch>' and '<TerminatorEvals> [n_evals=3, k=0]'
INFO  [17:25:03.795] [bbotk] Evaluating 1 configuration(s)
INFO  [17:25:04.155] [bbotk] Result of batch 1:
INFO  [17:25:04.156] [bbotk]  num.trees classif.ce warnings errors runtime_learners
INFO  [17:25:04.156] [bbotk]        394   0.140975        0      0            0.305
INFO  [17:25:04.156] [bbotk]                                 uhash
INFO  [17:25:04.156] [bbotk]  ef791b5b-0e69-44c3-90c3-985dae1ea859
INFO  [17:25:04.158] [bbotk] Evaluating 1 configuration(s)
INFO  [17:25:04.450] [bbotk] Result of batch 2:
INFO  [17:25:04.451] [bbotk]  num.trees classif.ce warnings errors runtime_learners
INFO  [17:25:04.451] [bbotk]        323    0.14361        0      0            0.236
INFO  [17:25:04.451] [bbotk]                                 uhash
INFO  [17:25:04.451] [bbotk]  c43c7ccd-2928-4b3f-a36d-08af63fc854d
INFO  [17:25:04.454] [bbotk] Evaluating 1 configuration(s)
INFO  [17:25:04.594] [bbotk] Result of batch 3:
INFO  [17:25:04.595] [bbotk]  num.trees classif.ce warnings errors runtime_learners
INFO  [17:25:04.595] [bbotk]        104  0.1449275        0      0            0.087
INFO  [17:25:04.595] [bbotk]                                 uhash
INFO  [17:25:04.595] [bbotk]  8441beb1-2a01-4230-855b-45396d415dea
INFO  [17:25:04.614] [bbotk] Finished optimizing after 3 evaluation(s)
INFO  [17:25:04.614] [bbotk] Result:
INFO  [17:25:04.614] [bbotk]  num.trees learner_param_vals  x_domain classif.ce
INFO  [17:25:04.614] [bbotk]      <int>             <list>    <list>      <num>
INFO  [17:25:04.614] [bbotk]        394          <list[2]> <list[1]>   0.140975
INFO  [17:25:04.805] [bbotk] Starting to optimize 1 parameter(s) with '<OptimizerBatchRandomSearch>' and '<TerminatorEvals> [n_evals=3, k=0]'
INFO  [17:25:04.811] [bbotk] Evaluating 1 configuration(s)
INFO  [17:25:05.183] [bbotk] Result of batch 1:
INFO  [17:25:05.185] [bbotk]  num.trees classif.ce warnings errors runtime_learners
INFO  [17:25:05.185] [bbotk]        373   0.140975        0      0            0.323
INFO  [17:25:05.185] [bbotk]                                 uhash
INFO  [17:25:05.185] [bbotk]  67e436c7-4e56-4af9-89eb-2e58d67c027a
INFO  [17:25:05.194] [bbotk] Evaluating 1 configuration(s)
INFO  [17:25:05.596] [bbotk] Result of batch 2:
INFO  [17:25:05.597] [bbotk]  num.trees classif.ce warnings errors runtime_learners
INFO  [17:25:05.597] [bbotk]        426  0.1396574        0      0            0.346
INFO  [17:25:05.597] [bbotk]                                 uhash
INFO  [17:25:05.597] [bbotk]  07c63155-f385-4a79-96c6-84aae5c7d951
INFO  [17:25:05.599] [bbotk] Evaluating 1 configuration(s)
INFO  [17:25:05.939] [bbotk] Result of batch 3:
INFO  [17:25:05.943] [bbotk]  num.trees classif.ce warnings errors runtime_learners
INFO  [17:25:05.943] [bbotk]        410  0.1343874        0      0            0.292
INFO  [17:25:05.943] [bbotk]                                 uhash
INFO  [17:25:05.943] [bbotk]  c932983a-d937-4b51-b596-526c1a5db222
INFO  [17:25:05.981] [bbotk] Finished optimizing after 3 evaluation(s)
INFO  [17:25:05.982] [bbotk] Result:
INFO  [17:25:05.983] [bbotk]  num.trees learner_param_vals  x_domain classif.ce
INFO  [17:25:05.983] [bbotk]      <int>             <list>    <list>      <num>
INFO  [17:25:05.983] [bbotk]        410          <list[2]> <list[1]>  0.1343874
INFO  [17:25:06.191] [bbotk] Starting to optimize 1 parameter(s) with '<OptimizerBatchRandomSearch>' and '<TerminatorEvals> [n_evals=3, k=0]'
INFO  [17:25:06.204] [bbotk] Evaluating 1 configuration(s)
INFO  [17:25:06.598] [bbotk] Result of batch 1:
INFO  [17:25:06.599] [bbotk]  num.trees classif.ce warnings errors runtime_learners
INFO  [17:25:06.599] [bbotk]        412  0.1381687        0      0            0.344
INFO  [17:25:06.599] [bbotk]                                 uhash
INFO  [17:25:06.599] [bbotk]  70bbdf16-e31d-4f9d-81a3-687b129ada38
INFO  [17:25:06.602] [bbotk] Evaluating 1 configuration(s)
INFO  [17:25:06.847] [bbotk] Result of batch 2:
INFO  [17:25:06.849] [bbotk]  num.trees classif.ce warnings errors runtime_learners
INFO  [17:25:06.849] [bbotk]        217  0.1434388        0      0            0.178
INFO  [17:25:06.849] [bbotk]                                 uhash
INFO  [17:25:06.849] [bbotk]  0052bcb0-2299-4fef-84f1-1a5a427ca699
INFO  [17:25:06.855] [bbotk] Evaluating 1 configuration(s)
INFO  [17:25:07.206] [bbotk] Result of batch 3:
INFO  [17:25:07.218] [bbotk]  num.trees classif.ce warnings errors runtime_learners
INFO  [17:25:07.218] [bbotk]        340  0.1368564        0      0            0.286
INFO  [17:25:07.218] [bbotk]                                 uhash
INFO  [17:25:07.218] [bbotk]  4945c8f4-51ef-4f9e-9f5e-7feda0c7e469
INFO  [17:25:07.231] [bbotk] Finished optimizing after 3 evaluation(s)
INFO  [17:25:07.231] [bbotk] Result:
INFO  [17:25:07.232] [bbotk]  num.trees learner_param_vals  x_domain classif.ce
INFO  [17:25:07.232] [bbotk]      <int>             <list>    <list>      <num>
INFO  [17:25:07.232] [bbotk]        340          <list[2]> <list[1]>  0.1368564

### [bt]: Job terminated successfully [batchtools job.id=2923]
### [bt]: Starting job [batchtools job.id=2924]
### [bt]: Generating problem instance for problem '6390d9e81da17366' ...
### [bt]: Applying algorithm 'run_learner' on problem '6390d9e81da17366' for job 2924 (seed = 2925) ...
INFO  [17:25:07.628] [mlr3] Applying learner 'classif.ranger.tuned_calib.perfold_isotonic' on task 'qsar-biodeg' (iter 4/10)
INFO  [17:25:07.702] [bbotk] Starting to optimize 1 parameter(s) with '<OptimizerBatchRandomSearch>' and '<TerminatorEvals> [n_evals=3, k=0]'
INFO  [17:25:07.706] [bbotk] Evaluating 1 configuration(s)
INFO  [17:25:07.973] [bbotk] Result of batch 1:
INFO  [17:25:07.975] [bbotk]  num.trees classif.ce warnings errors runtime_learners
INFO  [17:25:07.975] [bbotk]        211  0.1264822        0      0            0.187
INFO  [17:25:07.975] [bbotk]                                 uhash
INFO  [17:25:07.975] [bbotk]  b9fcdd4b-74c0-4582-a5ba-fc960d4a5e6d
INFO  [17:25:07.984] [bbotk] Evaluating 1 configuration(s)
INFO  [17:25:08.351] [bbotk] Result of batch 2:
INFO  [17:25:08.353] [bbotk]  num.trees classif.ce warnings errors runtime_learners
INFO  [17:25:08.353] [bbotk]        418  0.1291173        0      0            0.313
INFO  [17:25:08.353] [bbotk]                                 uhash
INFO  [17:25:08.353] [bbotk]  4538a7bf-c71e-4073-857f-ece6b8a98052
INFO  [17:25:08.355] [bbotk] Evaluating 1 configuration(s)
INFO  [17:25:08.541] [bbotk] Result of batch 3:
INFO  [17:25:08.543] [bbotk]  num.trees classif.ce warnings errors runtime_learners
INFO  [17:25:08.543] [bbotk]        121  0.1291173        0      0            0.121
INFO  [17:25:08.543] [bbotk]                                 uhash
INFO  [17:25:08.543] [bbotk]  417f100c-2219-4715-941d-750e5b5a0db9
INFO  [17:25:08.559] [bbotk] Finished optimizing after 3 evaluation(s)
INFO  [17:25:08.560] [bbotk] Result:
INFO  [17:25:08.561] [bbotk]  num.trees learner_param_vals  x_domain classif.ce
INFO  [17:25:08.561] [bbotk]      <int>             <list>    <list>      <num>
INFO  [17:25:08.561] [bbotk]        211          <list[2]> <list[1]>  0.1264822
INFO  [17:25:08.722] [bbotk] Starting to optimize 1 parameter(s) with '<OptimizerBatchRandomSearch>' and '<TerminatorEvals> [n_evals=3, k=0]'
INFO  [17:25:08.728] [bbotk] Evaluating 1 configuration(s)
INFO  [17:25:09.036] [bbotk] Result of batch 1:
INFO  [17:25:09.038] [bbotk]  num.trees classif.ce warnings errors runtime_learners
INFO  [17:25:09.038] [bbotk]        329  0.1357049        0      0            0.266
INFO  [17:25:09.038] [bbotk]                                 uhash
INFO  [17:25:09.038] [bbotk]  c7ab5b33-7872-4975-bc51-0c73a196b3a3
INFO  [17:25:09.040] [bbotk] Evaluating 1 configuration(s)
INFO  [17:25:09.264] [bbotk] Result of batch 2:
INFO  [17:25:09.265] [bbotk]  num.trees classif.ce warnings errors runtime_learners
INFO  [17:25:09.265] [bbotk]        220  0.1330698        0      0            0.186
INFO  [17:25:09.265] [bbotk]                                 uhash
INFO  [17:25:09.265] [bbotk]  db5b38ac-caf1-4bf6-9d39-d722887d1659
INFO  [17:25:09.268] [bbotk] Evaluating 1 configuration(s)
INFO  [17:25:09.640] [bbotk] Result of batch 3:
INFO  [17:25:09.641] [bbotk]  num.trees classif.ce warnings errors runtime_learners
INFO  [17:25:09.641] [bbotk]        464   0.140975        0      0            0.332
INFO  [17:25:09.641] [bbotk]                                 uhash
INFO  [17:25:09.641] [bbotk]  cf7f0e5d-f9de-48a2-bef4-e415e4a8c413
INFO  [17:25:09.652] [bbotk] Finished optimizing after 3 evaluation(s)
INFO  [17:25:09.652] [bbotk] Result:
INFO  [17:25:09.653] [bbotk]  num.trees learner_param_vals  x_domain classif.ce
INFO  [17:25:09.653] [bbotk]      <int>             <list>    <list>      <num>
INFO  [17:25:09.653] [bbotk]        220          <list[2]> <list[1]>  0.1330698
INFO  [17:25:09.777] [bbotk] Starting to optimize 1 parameter(s) with '<OptimizerBatchRandomSearch>' and '<TerminatorEvals> [n_evals=3, k=0]'
INFO  [17:25:09.787] [bbotk] Evaluating 1 configuration(s)
INFO  [17:25:09.918] [bbotk] Result of batch 1:
INFO  [17:25:09.921] [bbotk]  num.trees classif.ce warnings errors runtime_learners
INFO  [17:25:09.921] [bbotk]        118  0.1317523        0      0            0.093
INFO  [17:25:09.921] [bbotk]                                 uhash
INFO  [17:25:09.921] [bbotk]  5ac4a34e-7197-40d9-b9ed-14070c8a0029
INFO  [17:25:09.924] [bbotk] Evaluating 1 configuration(s)
INFO  [17:25:10.215] [bbotk] Result of batch 2:
INFO  [17:25:10.216] [bbotk]  num.trees classif.ce warnings errors runtime_learners
INFO  [17:25:10.216] [bbotk]        362  0.1317523        0      0            0.249
INFO  [17:25:10.216] [bbotk]                                 uhash
INFO  [17:25:10.216] [bbotk]  43e06128-8878-4b9d-8fdb-2e71509fecfc
INFO  [17:25:10.221] [bbotk] Evaluating 1 configuration(s)
INFO  [17:25:10.503] [bbotk] Result of batch 3:
INFO  [17:25:10.504] [bbotk]  num.trees classif.ce warnings errors runtime_learners
INFO  [17:25:10.504] [bbotk]        310   0.140975        0      0            0.241
INFO  [17:25:10.504] [bbotk]                                 uhash
INFO  [17:25:10.504] [bbotk]  107c8eee-c4b2-42c6-945b-e61d0c2bf7a8
INFO  [17:25:10.515] [bbotk] Finished optimizing after 3 evaluation(s)
INFO  [17:25:10.516] [bbotk] Result:
INFO  [17:25:10.518] [bbotk]  num.trees learner_param_vals  x_domain classif.ce
INFO  [17:25:10.518] [bbotk]      <int>             <list>    <list>      <num>
INFO  [17:25:10.518] [bbotk]        118          <list[2]> <list[1]>  0.1317523
INFO  [17:25:10.649] [bbotk] Starting to optimize 1 parameter(s) with '<OptimizerBatchRandomSearch>' and '<TerminatorEvals> [n_evals=3, k=0]'
INFO  [17:25:10.664] [bbotk] Evaluating 1 configuration(s)
INFO  [17:25:11.081] [bbotk] Result of batch 1:
INFO  [17:25:11.082] [bbotk]  num.trees classif.ce warnings errors runtime_learners
INFO  [17:25:11.082] [bbotk]        474  0.1370224        0      0            0.375
INFO  [17:25:11.082] [bbotk]                                 uhash
INFO  [17:25:11.082] [bbotk]  cfa5a126-7d9b-4862-a6c2-7e97e87f5936
INFO  [17:25:11.085] [bbotk] Evaluating 1 configuration(s)
INFO  [17:25:11.376] [bbotk] Result of batch 2:
INFO  [17:25:11.377] [bbotk]  num.trees classif.ce warnings errors runtime_learners
INFO  [17:25:11.377] [bbotk]        283  0.1343874        0      0             0.24
INFO  [17:25:11.377] [bbotk]                                 uhash
INFO  [17:25:11.377] [bbotk]  6103f8f3-6f00-4eca-88d3-f1d1555d6b18
INFO  [17:25:11.380] [bbotk] Evaluating 1 configuration(s)
INFO  [17:25:11.685] [bbotk] Result of batch 3:
INFO  [17:25:11.688] [bbotk]  num.trees classif.ce warnings errors runtime_learners
INFO  [17:25:11.688] [bbotk]        305  0.1330698        0      0            0.261
INFO  [17:25:11.688] [bbotk]                                 uhash
INFO  [17:25:11.688] [bbotk]  4650ec93-8969-4d02-923f-ee4f7f5ac908
INFO  [17:25:11.698] [bbotk] Finished optimizing after 3 evaluation(s)
INFO  [17:25:11.699] [bbotk] Result:
INFO  [17:25:11.699] [bbotk]  num.trees learner_param_vals  x_domain classif.ce
INFO  [17:25:11.699] [bbotk]      <int>             <list>    <list>      <num>
INFO  [17:25:11.699] [bbotk]        305          <list[2]> <list[1]>  0.1330698
INFO  [17:25:11.858] [bbotk] Starting to optimize 1 parameter(s) with '<OptimizerBatchRandomSearch>' and '<TerminatorEvals> [n_evals=3, k=0]'
INFO  [17:25:11.863] [bbotk] Evaluating 1 configuration(s)
INFO  [17:25:12.073] [bbotk] Result of batch 1:
INFO  [17:25:12.074] [bbotk]  num.trees classif.ce warnings errors runtime_learners
INFO  [17:25:12.074] [bbotk]        214  0.1486778        0      0            0.176
INFO  [17:25:12.074] [bbotk]                                 uhash
INFO  [17:25:12.074] [bbotk]  11459bf4-a9bc-4817-b18e-5d6872ddb6c2
INFO  [17:25:12.076] [bbotk] Evaluating 1 configuration(s)
INFO  [17:25:12.472] [bbotk] Result of batch 2:
INFO  [17:25:12.474] [bbotk]  num.trees classif.ce warnings errors runtime_learners
INFO  [17:25:12.474] [bbotk]        478  0.1500057        0      0             0.36
INFO  [17:25:12.474] [bbotk]                                 uhash
INFO  [17:25:12.474] [bbotk]  4a51cc90-dbca-48d7-b562-c0f75aa91974
INFO  [17:25:12.477] [bbotk] Evaluating 1 configuration(s)
INFO  [17:25:12.733] [bbotk] Result of batch 3:
INFO  [17:25:12.734] [bbotk]  num.trees classif.ce warnings errors runtime_learners
INFO  [17:25:12.734] [bbotk]        244  0.1526408        0      0            0.209
INFO  [17:25:12.734] [bbotk]                                 uhash
INFO  [17:25:12.734] [bbotk]  80a7b4d0-1c3f-4f33-b190-624cbb36925f
INFO  [17:25:12.741] [bbotk] Finished optimizing after 3 evaluation(s)
INFO  [17:25:12.742] [bbotk] Result:
INFO  [17:25:12.743] [bbotk]  num.trees learner_param_vals  x_domain classif.ce
INFO  [17:25:12.743] [bbotk]      <int>             <list>    <list>      <num>
INFO  [17:25:12.743] [bbotk]        214          <list[2]> <list[1]>  0.1486778

### [bt]: Job terminated successfully [batchtools job.id=2924]
### [bt]: Starting job [batchtools job.id=2925]
### [bt]: Generating problem instance for problem '6390d9e81da17366' ...
### [bt]: Applying algorithm 'run_learner' on problem '6390d9e81da17366' for job 2925 (seed = 2926) ...
INFO  [17:25:13.033] [mlr3] Applying learner 'classif.ranger.tuned_calib.perfold_isotonic' on task 'qsar-biodeg' (iter 5/10)
INFO  [17:25:13.075] [bbotk] Starting to optimize 1 parameter(s) with '<OptimizerBatchRandomSearch>' and '<TerminatorEvals> [n_evals=3, k=0]'
INFO  [17:25:13.080] [bbotk] Evaluating 1 configuration(s)
INFO  [17:25:13.235] [bbotk] Result of batch 1:
INFO  [17:25:13.236] [bbotk]  num.trees classif.ce warnings errors runtime_learners
INFO  [17:25:13.236] [bbotk]        138  0.1567852        0      0            0.121
INFO  [17:25:13.236] [bbotk]                                 uhash
INFO  [17:25:13.236] [bbotk]  1f5d6f76-dcc3-46a6-84d3-5ba9ab8fa353
INFO  [17:25:13.239] [bbotk] Evaluating 1 configuration(s)
INFO  [17:25:13.468] [bbotk] Result of batch 2:
INFO  [17:25:13.469] [bbotk]  num.trees classif.ce warnings errors runtime_learners
INFO  [17:25:13.469] [bbotk]        238  0.1567852        0      0            0.187
INFO  [17:25:13.469] [bbotk]                                 uhash
INFO  [17:25:13.469] [bbotk]  151995a1-3154-4fea-a9da-01718a9dd463
INFO  [17:25:13.471] [bbotk] Evaluating 1 configuration(s)
INFO  [17:25:13.818] [bbotk] Result of batch 3:
INFO  [17:25:13.819] [bbotk]  num.trees classif.ce warnings errors runtime_learners
INFO  [17:25:13.819] [bbotk]        417  0.1567852        0      0            0.308
INFO  [17:25:13.819] [bbotk]                                 uhash
INFO  [17:25:13.819] [bbotk]  b4d61b5c-7161-447d-835f-4296afef576d
INFO  [17:25:13.825] [bbotk] Finished optimizing after 3 evaluation(s)
INFO  [17:25:13.825] [bbotk] Result:
INFO  [17:25:13.826] [bbotk]  num.trees learner_param_vals  x_domain classif.ce
INFO  [17:25:13.826] [bbotk]      <int>             <list>    <list>      <num>
INFO  [17:25:13.826] [bbotk]        138          <list[2]> <list[1]>  0.1567852
INFO  [17:25:13.929] [bbotk] Starting to optimize 1 parameter(s) with '<OptimizerBatchRandomSearch>' and '<TerminatorEvals> [n_evals=3, k=0]'
INFO  [17:25:13.934] [bbotk] Evaluating 1 configuration(s)
INFO  [17:25:14.266] [bbotk] Result of batch 1:
INFO  [17:25:14.267] [bbotk]  num.trees classif.ce warnings errors runtime_learners
INFO  [17:25:14.267] [bbotk]        376  0.1370224        0      0            0.291
INFO  [17:25:14.267] [bbotk]                                 uhash
INFO  [17:25:14.267] [bbotk]  ba6f5579-887c-4024-a7e9-386d6417e7ca
INFO  [17:25:14.269] [bbotk] Evaluating 1 configuration(s)
INFO  [17:25:14.583] [bbotk] Result of batch 2:
INFO  [17:25:14.584] [bbotk]  num.trees classif.ce warnings errors runtime_learners
INFO  [17:25:14.584] [bbotk]        335  0.1330698        0      0            0.272
INFO  [17:25:14.584] [bbotk]                                 uhash
INFO  [17:25:14.584] [bbotk]  38824227-0160-41ef-9346-99c962bf3851
INFO  [17:25:14.586] [bbotk] Evaluating 1 configuration(s)
INFO  [17:25:14.817] [bbotk] Result of batch 3:
INFO  [17:25:14.818] [bbotk]  num.trees classif.ce warnings errors runtime_learners
INFO  [17:25:14.818] [bbotk]        220  0.1317523        0      0             0.18
INFO  [17:25:14.818] [bbotk]                                 uhash
INFO  [17:25:14.818] [bbotk]  e22f58ca-882f-404c-95f1-04ef0a83f8b2
INFO  [17:25:14.831] [bbotk] Finished optimizing after 3 evaluation(s)
INFO  [17:25:14.832] [bbotk] Result:
INFO  [17:25:14.833] [bbotk]  num.trees learner_param_vals  x_domain classif.ce
INFO  [17:25:14.833] [bbotk]      <int>             <list>    <list>      <num>
INFO  [17:25:14.833] [bbotk]        220          <list[2]> <list[1]>  0.1317523
INFO  [17:25:14.980] [bbotk] Starting to optimize 1 parameter(s) with '<OptimizerBatchRandomSearch>' and '<TerminatorEvals> [n_evals=3, k=0]'
INFO  [17:25:14.985] [bbotk] Evaluating 1 configuration(s)
INFO  [17:25:15.344] [bbotk] Result of batch 1:
INFO  [17:25:15.345] [bbotk]  num.trees classif.ce warnings errors runtime_learners
INFO  [17:25:15.345] [bbotk]        446   0.140975        0      0            0.327
INFO  [17:25:15.345] [bbotk]                                 uhash
INFO  [17:25:15.345] [bbotk]  f8c9dda2-02b0-4a05-9c55-8cb717c4c186
INFO  [17:25:15.347] [bbotk] Evaluating 1 configuration(s)
INFO  [17:25:15.557] [bbotk] Result of batch 2:
INFO  [17:25:15.558] [bbotk]  num.trees classif.ce warnings errors runtime_learners
INFO  [17:25:15.558] [bbotk]        219  0.1383399        0      0            0.169
INFO  [17:25:15.558] [bbotk]                                 uhash
INFO  [17:25:15.558] [bbotk]  fbc27c21-f2e8-4cbb-b74c-847b722d1353
INFO  [17:25:15.560] [bbotk] Evaluating 1 configuration(s)
INFO  [17:25:15.773] [bbotk] Result of batch 3:
INFO  [17:25:15.774] [bbotk]  num.trees classif.ce warnings errors runtime_learners
INFO  [17:25:15.774] [bbotk]        253  0.1370224        0      0            0.182
INFO  [17:25:15.774] [bbotk]                                 uhash
INFO  [17:25:15.774] [bbotk]  cfde3e01-9f8f-483c-9247-67de645d0ba4
INFO  [17:25:15.780] [bbotk] Finished optimizing after 3 evaluation(s)
INFO  [17:25:15.780] [bbotk] Result:
INFO  [17:25:15.781] [bbotk]  num.trees learner_param_vals  x_domain classif.ce
INFO  [17:25:15.781] [bbotk]      <int>             <list>    <list>      <num>
INFO  [17:25:15.781] [bbotk]        253          <list[2]> <list[1]>  0.1370224
INFO  [17:25:15.906] [bbotk] Starting to optimize 1 parameter(s) with '<OptimizerBatchRandomSearch>' and '<TerminatorEvals> [n_evals=3, k=0]'
INFO  [17:25:15.910] [bbotk] Evaluating 1 configuration(s)
INFO  [17:25:16.202] [bbotk] Result of batch 1:
INFO  [17:25:16.203] [bbotk]  num.trees classif.ce warnings errors runtime_learners
INFO  [17:25:16.203] [bbotk]        383  0.1317523        0      0            0.258
INFO  [17:25:16.203] [bbotk]                                 uhash
INFO  [17:25:16.203] [bbotk]  7268ceb5-323e-476a-bbb1-09b92fb18a05
INFO  [17:25:16.205] [bbotk] Evaluating 1 configuration(s)
INFO  [17:25:16.430] [bbotk] Result of batch 2:
INFO  [17:25:16.431] [bbotk]  num.trees classif.ce warnings errors runtime_learners
INFO  [17:25:16.431] [bbotk]        316  0.1330698        0      0            0.196
INFO  [17:25:16.431] [bbotk]                                 uhash
INFO  [17:25:16.431] [bbotk]  f38280f4-2094-4461-b09f-0491c7974f2c
INFO  [17:25:16.433] [bbotk] Evaluating 1 configuration(s)
INFO  [17:25:16.630] [bbotk] Result of batch 3:
INFO  [17:25:16.631] [bbotk]  num.trees classif.ce warnings errors runtime_learners
INFO  [17:25:16.631] [bbotk]        248  0.1238472        0      0            0.154
INFO  [17:25:16.631] [bbotk]                                 uhash
INFO  [17:25:16.631] [bbotk]  9f3c2556-8a32-4ea8-a886-d5a5b3669de7
INFO  [17:25:16.640] [bbotk] Finished optimizing after 3 evaluation(s)
INFO  [17:25:16.641] [bbotk] Result:
INFO  [17:25:16.641] [bbotk]  num.trees learner_param_vals  x_domain classif.ce
INFO  [17:25:16.641] [bbotk]      <int>             <list>    <list>      <num>
INFO  [17:25:16.641] [bbotk]        248          <list[2]> <list[1]>  0.1238472
INFO  [17:25:16.759] [bbotk] Starting to optimize 1 parameter(s) with '<OptimizerBatchRandomSearch>' and '<TerminatorEvals> [n_evals=3, k=0]'
INFO  [17:25:16.764] [bbotk] Evaluating 1 configuration(s)
INFO  [17:25:16.913] [bbotk] Result of batch 1:
INFO  [17:25:16.914] [bbotk]  num.trees classif.ce warnings errors runtime_learners
INFO  [17:25:16.914] [bbotk]        200  0.1382051        0      0            0.122
INFO  [17:25:16.914] [bbotk]                                 uhash
INFO  [17:25:16.914] [bbotk]  439cdb1c-662c-4ec3-a01d-2e1e708b7264
INFO  [17:25:16.916] [bbotk] Evaluating 1 configuration(s)
INFO  [17:25:17.026] [bbotk] Result of batch 2:
INFO  [17:25:17.027] [bbotk]  num.trees classif.ce warnings errors runtime_learners
INFO  [17:25:17.027] [bbotk]        128  0.1381947        0      0            0.081
INFO  [17:25:17.027] [bbotk]                                 uhash
INFO  [17:25:17.027] [bbotk]  8ad7fc37-5e72-41ec-abf1-7d268ab29354
INFO  [17:25:17.029] [bbotk] Evaluating 1 configuration(s)
INFO  [17:25:17.214] [bbotk] Result of batch 3:
INFO  [17:25:17.214] [bbotk]  num.trees classif.ce warnings errors runtime_learners
INFO  [17:25:17.214] [bbotk]        261  0.1342577        0      0            0.154
INFO  [17:25:17.214] [bbotk]                                 uhash
INFO  [17:25:17.214] [bbotk]  b1f8e534-de15-488b-a6e7-937ff16d8906
INFO  [17:25:17.221] [bbotk] Finished optimizing after 3 evaluation(s)
INFO  [17:25:17.221] [bbotk] Result:
INFO  [17:25:17.222] [bbotk]  num.trees learner_param_vals  x_domain classif.ce
INFO  [17:25:17.222] [bbotk]      <int>             <list>    <list>      <num>
INFO  [17:25:17.222] [bbotk]        261          <list[2]> <list[1]>  0.1342577

### [bt]: Job terminated successfully [batchtools job.id=2925]
### [bt]: Calculation finished!
