### [bt]: This is batchtools v0.9.17
### [bt]: Starting calculation of 5 jobs
### [bt]: Setting working directory to '/Users/User/Documents/Studium/Semester8/Hiwi/mlr3calibration/vignettes'
### [bt]: Memory measurement disabled
### [bt]: Starting job [batchtools job.id=2691]
### [bt]: Generating problem instance for problem '34d90df810f60583' ...
### [bt]: Applying algorithm 'run_learner' on problem '34d90df810f60583' for job 2691 (seed = 2692) ...
INFO  [17:21:00.389] [mlr3] Applying learner 'classif.xgboost.tuned_calib.tunefirst.oof_isotonic' on task 'phoneme' (iter 1/10)
INFO  [17:21:00.425] [bbotk] Starting to optimize 3 parameter(s) with '<OptimizerBatchRandomSearch>' and '<TerminatorEvals> [n_evals=10, k=0]'
INFO  [17:21:00.443] [bbotk] Evaluating 1 configuration(s)
INFO  [17:21:01.963] [bbotk] Result of batch 1:
INFO  [17:21:01.965] [bbotk]  nrounds        eta max_depth classif.ce warnings errors runtime_learners
INFO  [17:21:01.965] [bbotk]      296 0.07700441         5  0.1239975        0      0            1.466
INFO  [17:21:01.965] [bbotk]                                 uhash
INFO  [17:21:01.965] [bbotk]  df73a6b3-1c48-4269-85d0-5b6b1581acdd
INFO  [17:21:01.972] [bbotk] Evaluating 1 configuration(s)
INFO  [17:21:03.475] [bbotk] Result of batch 2:
INFO  [17:21:03.477] [bbotk]  nrounds       eta max_depth classif.ce warnings errors runtime_learners
INFO  [17:21:03.477] [bbotk]      234 0.1368902         6  0.1143327        0      0            1.471
INFO  [17:21:03.477] [bbotk]                                 uhash
INFO  [17:21:03.477] [bbotk]  dcee434c-3e96-4c0c-a7c8-4c7bc78698f9
INFO  [17:21:03.486] [bbotk] Evaluating 1 configuration(s)
INFO  [17:21:04.013] [bbotk] Result of batch 3:
INFO  [17:21:04.014] [bbotk]  nrounds       eta max_depth classif.ce warnings errors runtime_learners
INFO  [17:21:04.014] [bbotk]      246 0.2368937         2  0.1383919        0      0            0.494
INFO  [17:21:04.014] [bbotk]                                 uhash
INFO  [17:21:04.014] [bbotk]  5a1b31ae-5e11-4649-a77c-6fed9104ab5f
INFO  [17:21:04.018] [bbotk] Evaluating 1 configuration(s)
INFO  [17:21:04.565] [bbotk] Result of batch 4:
INFO  [17:21:04.566] [bbotk]  nrounds     eta max_depth classif.ce warnings errors runtime_learners
INFO  [17:21:04.566] [bbotk]      231 0.11746         2    0.15073        0      0            0.504
INFO  [17:21:04.566] [bbotk]                                 uhash
INFO  [17:21:04.566] [bbotk]  9d211a7f-3330-4569-b0f1-3c524ef20d9e
INFO  [17:21:04.570] [bbotk] Evaluating 1 configuration(s)
INFO  [17:21:07.305] [bbotk] Result of batch 5:
INFO  [17:21:07.306] [bbotk]  nrounds       eta max_depth classif.ce warnings errors runtime_learners
INFO  [17:21:07.306] [bbotk]      281 0.1915178        10  0.1098088        0      0            2.704
INFO  [17:21:07.306] [bbotk]                                 uhash
INFO  [17:21:07.306] [bbotk]  0870bb84-d144-4ecf-b70f-dad18d3aed5b
INFO  [17:21:07.310] [bbotk] Evaluating 1 configuration(s)
INFO  [17:21:07.955] [bbotk] Result of batch 6:
INFO  [17:21:07.957] [bbotk]  nrounds       eta max_depth classif.ce warnings errors runtime_learners
INFO  [17:21:07.957] [bbotk]      181 0.2995786         3  0.1281102        0      0            0.594
INFO  [17:21:07.957] [bbotk]                                 uhash
INFO  [17:21:07.957] [bbotk]  7a07c55b-3cfa-46c3-822a-bdaca67ff396
INFO  [17:21:07.961] [bbotk] Evaluating 1 configuration(s)
INFO  [17:21:08.838] [bbotk] Result of batch 7:
INFO  [17:21:08.840] [bbotk]  nrounds      eta max_depth classif.ce warnings errors runtime_learners
INFO  [17:21:08.840] [bbotk]      291 0.114686         3  0.1336623        0      0            0.829
INFO  [17:21:08.840] [bbotk]                                 uhash
INFO  [17:21:08.840] [bbotk]  365d7859-c7cb-46a2-a8f2-61d78336ae4b
INFO  [17:21:08.845] [bbotk] Evaluating 1 configuration(s)
INFO  [17:21:09.804] [bbotk] Result of batch 8:
INFO  [17:21:09.806] [bbotk]  nrounds       eta max_depth classif.ce warnings errors runtime_learners
INFO  [17:21:09.806] [bbotk]      223 0.2377831         4  0.1227637        0      0            0.914
INFO  [17:21:09.806] [bbotk]                                 uhash
INFO  [17:21:09.806] [bbotk]  5f80335d-0eaa-4110-8d84-5c025b332a06
INFO  [17:21:09.811] [bbotk] Evaluating 1 configuration(s)
INFO  [17:21:10.506] [bbotk] Result of batch 9:
INFO  [17:21:10.507] [bbotk]  nrounds       eta max_depth classif.ce warnings errors runtime_learners
INFO  [17:21:10.507] [bbotk]       66 0.1620687         8  0.1133045        0      0            0.656
INFO  [17:21:10.507] [bbotk]                                 uhash
INFO  [17:21:10.507] [bbotk]  55b861fd-1782-4769-991f-6917a401a791
INFO  [17:21:10.518] [bbotk] Evaluating 1 configuration(s)
INFO  [17:21:12.273] [bbotk] Result of batch 10:
INFO  [17:21:12.274] [bbotk]  nrounds       eta max_depth classif.ce warnings errors runtime_learners
INFO  [17:21:12.274] [bbotk]      204 0.2046998         8  0.1104257        0      0            1.703
INFO  [17:21:12.274] [bbotk]                                 uhash
INFO  [17:21:12.274] [bbotk]  ab5c9dfd-6ac6-48ee-ba8a-eae16b5c7211
INFO  [17:21:12.284] [bbotk] Finished optimizing after 10 evaluation(s)
INFO  [17:21:12.284] [bbotk] Result:
INFO  [17:21:12.285] [bbotk]  nrounds       eta max_depth learner_param_vals  x_domain classif.ce
INFO  [17:21:12.285] [bbotk]    <int>     <num>     <int>             <list>    <list>      <num>
INFO  [17:21:12.285] [bbotk]      281 0.1915178        10          <list[5]> <list[3]>  0.1098088

### [bt]: Job terminated successfully [batchtools job.id=2691]
### [bt]: Starting job [batchtools job.id=2692]
### [bt]: Generating problem instance for problem '34d90df810f60583' ...
### [bt]: Applying algorithm 'run_learner' on problem '34d90df810f60583' for job 2692 (seed = 2693) ...
INFO  [17:21:19.453] [mlr3] Applying learner 'classif.xgboost.tuned_calib.tunefirst.oof_isotonic' on task 'phoneme' (iter 2/10)
INFO  [17:21:19.493] [bbotk] Starting to optimize 3 parameter(s) with '<OptimizerBatchRandomSearch>' and '<TerminatorEvals> [n_evals=10, k=0]'
INFO  [17:21:19.504] [bbotk] Evaluating 1 configuration(s)
INFO  [17:21:20.819] [bbotk] Result of batch 1:
INFO  [17:21:20.821] [bbotk]  nrounds       eta max_depth classif.ce warnings errors runtime_learners
INFO  [17:21:20.821] [bbotk]      287 0.1195877         4  0.1244088        0      0            1.262
INFO  [17:21:20.821] [bbotk]                                 uhash
INFO  [17:21:20.821] [bbotk]  06c7837b-2d28-45d8-9c43-81d29167aa2b
INFO  [17:21:20.830] [bbotk] Evaluating 1 configuration(s)
INFO  [17:21:21.711] [bbotk] Result of batch 2:
INFO  [17:21:21.713] [bbotk]  nrounds      eta max_depth classif.ce warnings errors runtime_learners
INFO  [17:21:21.713] [bbotk]       91 0.152851         9  0.1056961        0      0            0.851
INFO  [17:21:21.713] [bbotk]                                 uhash
INFO  [17:21:21.713] [bbotk]  133be021-13c9-4042-a3ec-d2bd1610e0c1
INFO  [17:21:21.723] [bbotk] Evaluating 1 configuration(s)
INFO  [17:21:22.073] [bbotk] Result of batch 3:
INFO  [17:21:22.074] [bbotk]  nrounds       eta max_depth classif.ce warnings errors runtime_learners
INFO  [17:21:22.074] [bbotk]      146 0.1300566         2  0.1519638        0      0            0.295
INFO  [17:21:22.074] [bbotk]                                 uhash
INFO  [17:21:22.074] [bbotk]  e5b23022-7b70-458f-90ed-baa5f52fb85f
INFO  [17:21:22.079] [bbotk] Evaluating 1 configuration(s)
INFO  [17:21:22.497] [bbotk] Result of batch 4:
INFO  [17:21:22.498] [bbotk]  nrounds       eta max_depth classif.ce warnings errors runtime_learners
INFO  [17:21:22.498] [bbotk]      181 0.1009351         2   0.152992        0      0            0.367
INFO  [17:21:22.498] [bbotk]                                 uhash
INFO  [17:21:22.498] [bbotk]  14831396-0cdd-4752-86db-cbcb9f76799b
INFO  [17:21:22.502] [bbotk] Evaluating 1 configuration(s)
INFO  [17:21:24.489] [bbotk] Result of batch 5:
INFO  [17:21:24.490] [bbotk]  nrounds        eta max_depth classif.ce warnings errors runtime_learners
INFO  [17:21:24.490] [bbotk]      271 0.08480013         7  0.1114538        0      0            1.942
INFO  [17:21:24.490] [bbotk]                                 uhash
INFO  [17:21:24.490] [bbotk]  b84f476f-c086-4b47-9818-7250ab9598ad
INFO  [17:21:24.494] [bbotk] Evaluating 1 configuration(s)
INFO  [17:21:26.451] [bbotk] Result of batch 6:
INFO  [17:21:26.452] [bbotk]  nrounds     eta max_depth classif.ce warnings errors runtime_learners
INFO  [17:21:26.452] [bbotk]      214 0.11257         8  0.1083693        0      0            1.916
INFO  [17:21:26.452] [bbotk]                                 uhash
INFO  [17:21:26.452] [bbotk]  fc4f19ab-e25e-440c-b66a-d80acf4571c8
INFO  [17:21:26.462] [bbotk] Evaluating 1 configuration(s)
INFO  [17:21:27.755] [bbotk] Result of batch 7:
INFO  [17:21:27.760] [bbotk]  nrounds       eta max_depth classif.ce warnings errors runtime_learners
INFO  [17:21:27.760] [bbotk]      165 0.2862694         7  0.1143327        0      0             1.25
INFO  [17:21:27.760] [bbotk]                                 uhash
INFO  [17:21:27.760] [bbotk]  1c2d6a6a-688c-4739-b669-3a91e922d5e8
INFO  [17:21:27.769] [bbotk] Evaluating 1 configuration(s)
INFO  [17:21:28.748] [bbotk] Result of batch 8:
INFO  [17:21:28.750] [bbotk]  nrounds       eta max_depth classif.ce warnings errors runtime_learners
INFO  [17:21:28.750] [bbotk]      112 0.2966669         8    0.11022        0      0             0.94
INFO  [17:21:28.750] [bbotk]                                 uhash
INFO  [17:21:28.750] [bbotk]  dd2eaa2b-0e05-4437-9623-0fd8d6d42625
INFO  [17:21:28.755] [bbotk] Evaluating 1 configuration(s)
INFO  [17:21:30.669] [bbotk] Result of batch 9:
INFO  [17:21:30.670] [bbotk]  nrounds       eta max_depth classif.ce warnings errors runtime_learners
INFO  [17:21:30.670] [bbotk]      236 0.1935478         8  0.1069299        0      0            1.884
INFO  [17:21:30.670] [bbotk]                                 uhash
INFO  [17:21:30.670] [bbotk]  67c98475-d506-4e26-9484-6b4ec52d56ae
INFO  [17:21:30.674] [bbotk] Evaluating 1 configuration(s)
INFO  [17:21:33.132] [bbotk] Result of batch 10:
INFO  [17:21:33.133] [bbotk]  nrounds       eta max_depth classif.ce warnings errors runtime_learners
INFO  [17:21:33.133] [bbotk]      287 0.2644406         9  0.1075468        0      0             2.41
INFO  [17:21:33.133] [bbotk]                                 uhash
INFO  [17:21:33.133] [bbotk]  8ae9598c-7b3f-4d2b-946c-0b755622b1e1
INFO  [17:21:33.156] [bbotk] Finished optimizing after 10 evaluation(s)
INFO  [17:21:33.156] [bbotk] Result:
INFO  [17:21:33.157] [bbotk]  nrounds      eta max_depth learner_param_vals  x_domain classif.ce
INFO  [17:21:33.157] [bbotk]    <int>    <num>     <int>             <list>    <list>      <num>
INFO  [17:21:33.157] [bbotk]       91 0.152851         9          <list[5]> <list[3]>  0.1056961

### [bt]: Job terminated successfully [batchtools job.id=2692]
### [bt]: Starting job [batchtools job.id=2693]
### [bt]: Generating problem instance for problem '34d90df810f60583' ...
### [bt]: Applying algorithm 'run_learner' on problem '34d90df810f60583' for job 2693 (seed = 2694) ...
INFO  [17:21:35.505] [mlr3] Applying learner 'classif.xgboost.tuned_calib.tunefirst.oof_isotonic' on task 'phoneme' (iter 3/10)
INFO  [17:21:35.549] [bbotk] Starting to optimize 3 parameter(s) with '<OptimizerBatchRandomSearch>' and '<TerminatorEvals> [n_evals=10, k=0]'
INFO  [17:21:35.559] [bbotk] Evaluating 1 configuration(s)
INFO  [17:21:35.999] [bbotk] Result of batch 1:
INFO  [17:21:36.000] [bbotk]  nrounds       eta max_depth classif.ce warnings errors runtime_learners
INFO  [17:21:36.000] [bbotk]      184 0.1292968         2  0.1404483        0      0            0.409
INFO  [17:21:36.000] [bbotk]                                 uhash
INFO  [17:21:36.000] [bbotk]  456dc772-daa9-459a-8852-263546bd335b
INFO  [17:21:36.006] [bbotk] Evaluating 1 configuration(s)
INFO  [17:21:37.812] [bbotk] Result of batch 2:
INFO  [17:21:37.813] [bbotk]  nrounds       eta max_depth classif.ce warnings errors runtime_learners
INFO  [17:21:37.813] [bbotk]      204 0.2455917         8  0.1126876        0      0            1.752
INFO  [17:21:37.813] [bbotk]                                 uhash
INFO  [17:21:37.813] [bbotk]  ce58a989-7143-4601-9444-61edc6cc8cbc
INFO  [17:21:37.817] [bbotk] Evaluating 1 configuration(s)
INFO  [17:21:38.290] [bbotk] Result of batch 3:
INFO  [17:21:38.291] [bbotk]  nrounds       eta max_depth classif.ce warnings errors runtime_learners
INFO  [17:21:38.291] [bbotk]      178 0.2767036         2  0.1390088        0      0            0.445
INFO  [17:21:38.291] [bbotk]                                 uhash
INFO  [17:21:38.291] [bbotk]  1fab2e3a-7981-4abb-a8e8-c86cad734b93
INFO  [17:21:38.298] [bbotk] Evaluating 1 configuration(s)
INFO  [17:21:38.793] [bbotk] Result of batch 4:
INFO  [17:21:38.794] [bbotk]  nrounds       eta max_depth classif.ce warnings errors runtime_learners
INFO  [17:21:38.794] [bbotk]      147 0.1842995         3  0.1346905        0      0            0.454
INFO  [17:21:38.794] [bbotk]                                 uhash
INFO  [17:21:38.794] [bbotk]  619cfd10-2dd3-4540-8366-036ee19a52de
INFO  [17:21:38.803] [bbotk] Evaluating 1 configuration(s)
INFO  [17:21:40.218] [bbotk] Result of batch 5:
INFO  [17:21:40.219] [bbotk]  nrounds        eta max_depth classif.ce warnings errors runtime_learners
INFO  [17:21:40.219] [bbotk]      214 0.03832037         6  0.1198848        0      0            1.367
INFO  [17:21:40.219] [bbotk]                                 uhash
INFO  [17:21:40.219] [bbotk]  402d8b3e-a28e-4e82-ba1c-8d6e66b3ea2d
INFO  [17:21:40.223] [bbotk] Evaluating 1 configuration(s)
INFO  [17:21:42.174] [bbotk] Result of batch 6:
INFO  [17:21:42.176] [bbotk]  nrounds       eta max_depth classif.ce warnings errors runtime_learners
INFO  [17:21:42.176] [bbotk]      280 0.2466368         7  0.1114538        0      0            1.923
INFO  [17:21:42.176] [bbotk]                                 uhash
INFO  [17:21:42.176] [bbotk]  0dd83681-5a97-4aa6-9b4f-301b4cdf1b27
INFO  [17:21:42.184] [bbotk] Evaluating 1 configuration(s)
INFO  [17:21:43.832] [bbotk] Result of batch 7:
INFO  [17:21:43.834] [bbotk]  nrounds       eta max_depth classif.ce warnings errors runtime_learners
INFO  [17:21:43.834] [bbotk]      174 0.2199499        10  0.1089862        0      0            1.601
INFO  [17:21:43.834] [bbotk]                                 uhash
INFO  [17:21:43.834] [bbotk]  59af5239-ac31-4d68-9c68-03ddef7eb17b
INFO  [17:21:43.840] [bbotk] Evaluating 1 configuration(s)
INFO  [17:21:44.895] [bbotk] Result of batch 8:
INFO  [17:21:44.896] [bbotk]  nrounds        eta max_depth classif.ce warnings errors runtime_learners
INFO  [17:21:44.896] [bbotk]      181 0.05419097         5  0.1235863        0      0            1.015
INFO  [17:21:44.896] [bbotk]                                 uhash
INFO  [17:21:44.896] [bbotk]  b51ee195-d927-4245-89da-cbe7172df355
INFO  [17:21:44.900] [bbotk] Evaluating 1 configuration(s)
INFO  [17:21:45.688] [bbotk] Result of batch 9:
INFO  [17:21:45.690] [bbotk]  nrounds        eta max_depth classif.ce warnings errors runtime_learners
INFO  [17:21:45.690] [bbotk]       68 0.08087442         9  0.1126876        0      0            0.745
INFO  [17:21:45.690] [bbotk]                                 uhash
INFO  [17:21:45.690] [bbotk]  fbbaaf59-fcf8-4d5f-b634-e11be66f9cbb
INFO  [17:21:45.699] [bbotk] Evaluating 1 configuration(s)
INFO  [17:21:46.398] [bbotk] Result of batch 10:
INFO  [17:21:46.399] [bbotk]  nrounds        eta max_depth classif.ce warnings errors runtime_learners
INFO  [17:21:46.399] [bbotk]      200 0.03496907         3  0.1460004        0      0             0.66
INFO  [17:21:46.399] [bbotk]                                 uhash
INFO  [17:21:46.399] [bbotk]  ace55908-afc7-4006-8939-3bd5a9a9172d
INFO  [17:21:46.407] [bbotk] Finished optimizing after 10 evaluation(s)
INFO  [17:21:46.408] [bbotk] Result:
INFO  [17:21:46.409] [bbotk]  nrounds       eta max_depth learner_param_vals  x_domain classif.ce
INFO  [17:21:46.409] [bbotk]    <int>     <num>     <int>             <list>    <list>      <num>
INFO  [17:21:46.409] [bbotk]      174 0.2199499        10          <list[5]> <list[3]>  0.1089862

### [bt]: Job terminated successfully [batchtools job.id=2693]
### [bt]: Starting job [batchtools job.id=2694]
### [bt]: Generating problem instance for problem '34d90df810f60583' ...
### [bt]: Applying algorithm 'run_learner' on problem '34d90df810f60583' for job 2694 (seed = 2695) ...
INFO  [17:21:50.635] [mlr3] Applying learner 'classif.xgboost.tuned_calib.tunefirst.oof_isotonic' on task 'phoneme' (iter 4/10)
INFO  [17:21:50.662] [bbotk] Starting to optimize 3 parameter(s) with '<OptimizerBatchRandomSearch>' and '<TerminatorEvals> [n_evals=10, k=0]'
INFO  [17:21:50.677] [bbotk] Evaluating 1 configuration(s)
INFO  [17:21:52.032] [bbotk] Result of batch 1:
INFO  [17:21:52.033] [bbotk]  nrounds       eta max_depth classif.ce warnings errors runtime_learners
INFO  [17:21:52.033] [bbotk]      213 0.2779196         6  0.1046679        0      0            1.326
INFO  [17:21:52.033] [bbotk]                                 uhash
INFO  [17:21:52.033] [bbotk]  97d7c548-4f82-4d50-9408-c67cb2bb4106
INFO  [17:21:52.042] [bbotk] Evaluating 1 configuration(s)
INFO  [17:21:52.471] [bbotk] Result of batch 2:
INFO  [17:21:52.472] [bbotk]  nrounds        eta max_depth classif.ce warnings errors runtime_learners
INFO  [17:21:52.472] [bbotk]       85 0.01750593         4  0.1601892        0      0            0.383
INFO  [17:21:52.472] [bbotk]                                 uhash
INFO  [17:21:52.472] [bbotk]  34567d6a-a96c-4bc3-81c3-f33c358d5d84
INFO  [17:21:52.479] [bbotk] Evaluating 1 configuration(s)
INFO  [17:21:53.720] [bbotk] Result of batch 3:
INFO  [17:21:53.722] [bbotk]  nrounds        eta max_depth classif.ce warnings errors runtime_learners
INFO  [17:21:53.722] [bbotk]      126 0.01833694         9  0.1118651        0      0             1.19
INFO  [17:21:53.722] [bbotk]                                 uhash
INFO  [17:21:53.722] [bbotk]  be319bdf-c0d1-4598-9edf-563a47228bb9
INFO  [17:21:53.726] [bbotk] Evaluating 1 configuration(s)
INFO  [17:21:55.657] [bbotk] Result of batch 4:
INFO  [17:21:55.658] [bbotk]  nrounds       eta max_depth classif.ce warnings errors runtime_learners
INFO  [17:21:55.658] [bbotk]      295 0.1875184         6  0.1093975        0      0            1.869
INFO  [17:21:55.658] [bbotk]                                 uhash
INFO  [17:21:55.658] [bbotk]  2ec742c8-5713-40af-b8e2-9aa155321d9a
INFO  [17:21:55.662] [bbotk] Evaluating 1 configuration(s)
INFO  [17:21:56.459] [bbotk] Result of batch 5:
INFO  [17:21:56.460] [bbotk]  nrounds       eta max_depth classif.ce warnings errors runtime_learners
INFO  [17:21:56.460] [bbotk]       72 0.1997072         9  0.1007608        0      0            0.753
INFO  [17:21:56.460] [bbotk]                                 uhash
INFO  [17:21:56.460] [bbotk]  fc01119a-fb4d-4480-a3ba-42224213211c
INFO  [17:21:56.464] [bbotk] Evaluating 1 configuration(s)
INFO  [17:21:58.411] [bbotk] Result of batch 6:
INFO  [17:21:58.412] [bbotk]  nrounds       eta max_depth classif.ce warnings errors runtime_learners
INFO  [17:21:58.412] [bbotk]      237 0.1207276         8  0.1038454        0      0            1.892
INFO  [17:21:58.412] [bbotk]                                 uhash
INFO  [17:21:58.412] [bbotk]  ccc10ec9-637e-46bc-81f3-e97cc2ad516a
INFO  [17:21:58.420] [bbotk] Evaluating 1 configuration(s)
INFO  [17:22:00.784] [bbotk] Result of batch 7:
INFO  [17:22:00.785] [bbotk]  nrounds        eta max_depth classif.ce warnings errors runtime_learners
INFO  [17:22:00.785] [bbotk]      298 0.03682557         7  0.1052848        0      0            2.321
INFO  [17:22:00.785] [bbotk]                                 uhash
INFO  [17:22:00.785] [bbotk]  1950651f-b418-4bd6-9dd3-fa6c39e77951
INFO  [17:22:00.789] [bbotk] Evaluating 1 configuration(s)
INFO  [17:22:01.325] [bbotk] Result of batch 8:
INFO  [17:22:01.326] [bbotk]  nrounds       eta max_depth classif.ce warnings errors runtime_learners
INFO  [17:22:01.326] [bbotk]       58 0.1257841         7  0.1100144        0      0            0.484
INFO  [17:22:01.326] [bbotk]                                 uhash
INFO  [17:22:01.326] [bbotk]  464f0b74-a7c9-480f-a747-522f1025e26a
INFO  [17:22:01.331] [bbotk] Evaluating 1 configuration(s)
INFO  [17:22:01.875] [bbotk] Result of batch 9:
INFO  [17:22:01.877] [bbotk]  nrounds       eta max_depth classif.ce warnings errors runtime_learners
INFO  [17:22:01.877] [bbotk]       90 0.2110287         5  0.1149496        0      0            0.507
INFO  [17:22:01.877] [bbotk]                                 uhash
INFO  [17:22:01.877] [bbotk]  fed31958-c3ab-4d83-8ce4-bc0fb06edf76
INFO  [17:22:01.881] [bbotk] Evaluating 1 configuration(s)
INFO  [17:22:02.758] [bbotk] Result of batch 10:
INFO  [17:22:02.759] [bbotk]  nrounds       eta max_depth classif.ce warnings errors runtime_learners
INFO  [17:22:02.759] [bbotk]      204 0.1220129         4  0.1161834        0      0            0.822
INFO  [17:22:02.759] [bbotk]                                 uhash
INFO  [17:22:02.759] [bbotk]  e901bb7f-2c4a-40e4-8179-946efa32b484
INFO  [17:22:02.767] [bbotk] Finished optimizing after 10 evaluation(s)
INFO  [17:22:02.767] [bbotk] Result:
INFO  [17:22:02.768] [bbotk]  nrounds       eta max_depth learner_param_vals  x_domain classif.ce
INFO  [17:22:02.768] [bbotk]    <int>     <num>     <int>             <list>    <list>      <num>
INFO  [17:22:02.768] [bbotk]       72 0.1997072         9          <list[5]> <list[3]>  0.1007608

### [bt]: Job terminated successfully [batchtools job.id=2694]
### [bt]: Starting job [batchtools job.id=2695]
### [bt]: Generating problem instance for problem '34d90df810f60583' ...
### [bt]: Applying algorithm 'run_learner' on problem '34d90df810f60583' for job 2695 (seed = 2696) ...
INFO  [17:22:04.474] [mlr3] Applying learner 'classif.xgboost.tuned_calib.tunefirst.oof_isotonic' on task 'phoneme' (iter 5/10)
INFO  [17:22:04.512] [bbotk] Starting to optimize 3 parameter(s) with '<OptimizerBatchRandomSearch>' and '<TerminatorEvals> [n_evals=10, k=0]'
INFO  [17:22:04.528] [bbotk] Evaluating 1 configuration(s)
INFO  [17:22:06.110] [bbotk] Result of batch 1:
INFO  [17:22:06.112] [bbotk]  nrounds       eta max_depth classif.ce warnings errors runtime_learners
INFO  [17:22:06.112] [bbotk]      146 0.0238465         8  0.1141041        0      0            1.534
INFO  [17:22:06.112] [bbotk]                                 uhash
INFO  [17:22:06.112] [bbotk]  9140604a-5760-49d6-88be-4675ebfc4cd4
INFO  [17:22:06.116] [bbotk] Evaluating 1 configuration(s)
INFO  [17:22:07.620] [bbotk] Result of batch 2:
INFO  [17:22:07.621] [bbotk]  nrounds       eta max_depth classif.ce warnings errors runtime_learners
INFO  [17:22:07.621] [bbotk]      239 0.1701091         6  0.1108149        0      0            1.456
INFO  [17:22:07.621] [bbotk]                                 uhash
INFO  [17:22:07.621] [bbotk]  b10e999c-3575-4c85-8e27-2ff010d93fda
INFO  [17:22:07.629] [bbotk] Evaluating 1 configuration(s)
INFO  [17:22:08.412] [bbotk] Result of batch 3:
INFO  [17:22:08.413] [bbotk]  nrounds       eta max_depth classif.ce warnings errors runtime_learners
INFO  [17:22:08.413] [bbotk]      251 0.2767673         3  0.1315801        0      0            0.746
INFO  [17:22:08.413] [bbotk]                                 uhash
INFO  [17:22:08.413] [bbotk]  9ee1186f-aff7-4beb-9323-7ba22b3b8a0f
INFO  [17:22:08.417] [bbotk] Evaluating 1 configuration(s)
INFO  [17:22:09.627] [bbotk] Result of batch 4:
INFO  [17:22:09.628] [bbotk]  nrounds        eta max_depth classif.ce warnings errors runtime_learners
INFO  [17:22:09.628] [bbotk]      262 0.01734388         4  0.1395973        0      0             1.16
INFO  [17:22:09.628] [bbotk]                                 uhash
INFO  [17:22:09.628] [bbotk]  a6e41000-dd42-4832-b804-0891d2d82243
INFO  [17:22:09.632] [bbotk] Evaluating 1 configuration(s)
INFO  [17:22:10.061] [bbotk] Result of batch 5:
INFO  [17:22:10.062] [bbotk]  nrounds       eta max_depth classif.ce warnings errors runtime_learners
INFO  [17:22:10.062] [bbotk]      107 0.2500349         3  0.1326079        0      0            0.378
INFO  [17:22:10.062] [bbotk]                                 uhash
INFO  [17:22:10.062] [bbotk]  744a9a73-ae91-4c26-b132-9046148d4c1d
INFO  [17:22:10.066] [bbotk] Evaluating 1 configuration(s)
INFO  [17:22:12.269] [bbotk] Result of batch 6:
INFO  [17:22:12.270] [bbotk]  nrounds       eta max_depth classif.ce warnings errors runtime_learners
INFO  [17:22:12.270] [bbotk]      239 0.1421971         9  0.1058796        0      0            2.166
INFO  [17:22:12.270] [bbotk]                                 uhash
INFO  [17:22:12.270] [bbotk]  b0b16c46-951c-48f0-a9bb-dcdfd3abd05c
INFO  [17:22:12.274] [bbotk] Evaluating 1 configuration(s)
INFO  [17:22:13.581] [bbotk] Result of batch 7:
INFO  [17:22:13.582] [bbotk]  nrounds        eta max_depth classif.ce warnings errors runtime_learners
INFO  [17:22:13.582] [bbotk]      140 0.06100563         8  0.1101971        0      0            1.273
INFO  [17:22:13.582] [bbotk]                                 uhash
INFO  [17:22:13.582] [bbotk]  e243010f-9e9a-4b4c-ade6-81f25819c7d0
INFO  [17:22:13.586] [bbotk] Evaluating 1 configuration(s)
INFO  [17:22:15.659] [bbotk] Result of batch 8:
INFO  [17:22:15.660] [bbotk]  nrounds       eta max_depth classif.ce warnings errors runtime_learners
INFO  [17:22:15.660] [bbotk]      218 0.2889452        10  0.1095816        0      0             2.03
INFO  [17:22:15.660] [bbotk]                                 uhash
INFO  [17:22:15.660] [bbotk]  e732d861-6de3-4b18-a573-3132f10ac0d8
INFO  [17:22:15.666] [bbotk] Evaluating 1 configuration(s)
INFO  [17:22:16.283] [bbotk] Result of batch 9:
INFO  [17:22:16.284] [bbotk]  nrounds        eta max_depth classif.ce warnings errors runtime_learners
INFO  [17:22:16.284] [bbotk]      222 0.02141663         2  0.1842089        0      0            0.563
INFO  [17:22:16.284] [bbotk]                                 uhash
INFO  [17:22:16.284] [bbotk]  ff8096f4-3c71-4561-9e33-2decdda57c7b
INFO  [17:22:16.288] [bbotk] Evaluating 1 configuration(s)
INFO  [17:22:19.211] [bbotk] Result of batch 10:
INFO  [17:22:19.212] [bbotk]  nrounds       eta max_depth classif.ce warnings errors runtime_learners
INFO  [17:22:19.212] [bbotk]      275 0.1080003        10  0.1067031        0      0            2.867
INFO  [17:22:19.212] [bbotk]                                 uhash
INFO  [17:22:19.212] [bbotk]  ce51f54a-4fab-4638-8b29-8de77b1465ce
INFO  [17:22:19.228] [bbotk] Finished optimizing after 10 evaluation(s)
INFO  [17:22:19.229] [bbotk] Result:
INFO  [17:22:19.230] [bbotk]  nrounds       eta max_depth learner_param_vals  x_domain classif.ce
INFO  [17:22:19.230] [bbotk]    <int>     <num>     <int>             <list>    <list>      <num>
INFO  [17:22:19.230] [bbotk]      239 0.1421971         9          <list[5]> <list[3]>  0.1058796

### [bt]: Job terminated successfully [batchtools job.id=2695]
### [bt]: Calculation finished!
