### [bt]: This is batchtools v0.9.17
### [bt]: Starting calculation of 5 jobs
### [bt]: Setting working directory to '/Users/User/Documents/Studium/Semester8/Hiwi/mlr3calibration/vignettes'
### [bt]: Memory measurement disabled
### [bt]: Starting job [batchtools job.id=706]
### [bt]: Generating problem instance for problem '24c2c3a884d818b0' ...
### [bt]: Applying algorithm 'run_learner' on problem '24c2c3a884d818b0' for job 706 (seed = 707) ...
INFO  [16:42:15.418] [mlr3] Applying learner 'classif.xgboost.tuned_calib.perfold_beta' on task 'credit-g' (iter 6/10)
Error : <TaskClassif:credit-g> has the following unsupported feature types: factor
This happened PipeOp classif.xgboost's $train()

### [bt]: Job terminated with an exception [batchtools job.id=706]
### [bt]: Starting job [batchtools job.id=707]
### [bt]: Generating problem instance for problem '24c2c3a884d818b0' ...
### [bt]: Applying algorithm 'run_learner' on problem '24c2c3a884d818b0' for job 707 (seed = 708) ...
INFO  [16:42:15.425] [mlr3] Applying learner 'classif.xgboost.tuned_calib.perfold_beta' on task 'credit-g' (iter 7/10)
Error : <TaskClassif:credit-g> has the following unsupported feature types: factor
This happened PipeOp classif.xgboost's $train()

### [bt]: Job terminated with an exception [batchtools job.id=707]
### [bt]: Starting job [batchtools job.id=708]
### [bt]: Generating problem instance for problem '24c2c3a884d818b0' ...
### [bt]: Applying algorithm 'run_learner' on problem '24c2c3a884d818b0' for job 708 (seed = 709) ...
INFO  [16:42:15.448] [mlr3] Applying learner 'classif.xgboost.tuned_calib.perfold_beta' on task 'credit-g' (iter 8/10)
Error : <TaskClassif:credit-g> has the following unsupported feature types: factor
This happened PipeOp classif.xgboost's $train()

### [bt]: Job terminated with an exception [batchtools job.id=708]
### [bt]: Starting job [batchtools job.id=709]
### [bt]: Generating problem instance for problem '24c2c3a884d818b0' ...
### [bt]: Applying algorithm 'run_learner' on problem '24c2c3a884d818b0' for job 709 (seed = 710) ...
INFO  [16:42:15.458] [mlr3] Applying learner 'classif.xgboost.tuned_calib.perfold_beta' on task 'credit-g' (iter 9/10)
Error : <TaskClassif:credit-g> has the following unsupported feature types: factor
This happened PipeOp classif.xgboost's $train()

### [bt]: Job terminated with an exception [batchtools job.id=709]
### [bt]: Starting job [batchtools job.id=710]
### [bt]: Generating problem instance for problem '24c2c3a884d818b0' ...
### [bt]: Applying algorithm 'run_learner' on problem '24c2c3a884d818b0' for job 710 (seed = 711) ...
INFO  [16:42:15.468] [mlr3] Applying learner 'classif.xgboost.tuned_calib.perfold_beta' on task 'credit-g' (iter 10/10)
Error : <TaskClassif:credit-g> has the following unsupported feature types: factor
This happened PipeOp classif.xgboost's $train()

### [bt]: Job terminated with an exception [batchtools job.id=710]
### [bt]: Calculation finished!
