### [bt]: This is batchtools v0.9.17
### [bt]: Starting calculation of 5 jobs
### [bt]: Setting working directory to '/Users/User/Documents/Studium/Semester8/Hiwi/mlr3calibration/vignettes'
### [bt]: Memory measurement disabled
### [bt]: Starting job [batchtools job.id=921]
### [bt]: Generating problem instance for problem '698720b8ce42ae0c' ...
### [bt]: Applying algorithm 'run_learner' on problem '698720b8ce42ae0c' for job 921 (seed = 922) ...
INFO  [16:43:11.703] [mlr3] Applying learner 'classif.ranger.tuned_calib.oof_platt' on task 'pc4' (iter 1/10)
INFO  [16:43:11.748] [bbotk] Starting to optimize 1 parameter(s) with '<OptimizerBatchRandomSearch>' and '<TerminatorEvals> [n_evals=3, k=0]'
INFO  [16:43:11.756] [bbotk] Evaluating 1 configuration(s)
INFO  [16:43:11.960] [bbotk] Result of batch 1:
INFO  [16:43:11.961] [bbotk]  num.trees classif.ce warnings errors runtime_learners
INFO  [16:43:11.961] [bbotk]        191  0.1029608        0      0            0.162
INFO  [16:43:11.961] [bbotk]                                 uhash
INFO  [16:43:11.961] [bbotk]  02871626-be19-4484-964f-45c97b44628b
INFO  [16:43:11.963] [bbotk] Evaluating 1 configuration(s)
INFO  [16:43:12.239] [bbotk] Result of batch 2:
INFO  [16:43:12.240] [bbotk]  num.trees classif.ce warnings errors runtime_learners
INFO  [16:43:12.240] [bbotk]        231  0.1105799        0      0             0.23
INFO  [16:43:12.240] [bbotk]                                 uhash
INFO  [16:43:12.240] [bbotk]  52407138-ad71-420d-8d61-6f24beb055a4
INFO  [16:43:12.245] [bbotk] Evaluating 1 configuration(s)
INFO  [16:43:12.604] [bbotk] Result of batch 3:
INFO  [16:43:12.605] [bbotk]  num.trees classif.ce warnings errors runtime_learners
INFO  [16:43:12.605] [bbotk]        351  0.1039105        0      0            0.307
INFO  [16:43:12.605] [bbotk]                                 uhash
INFO  [16:43:12.605] [bbotk]  e373898d-998c-4aef-bb86-492cb35823a7
INFO  [16:43:12.616] [bbotk] Finished optimizing after 3 evaluation(s)
INFO  [16:43:12.616] [bbotk] Result:
INFO  [16:43:12.617] [bbotk]  num.trees learner_param_vals  x_domain classif.ce
INFO  [16:43:12.617] [bbotk]      <int>             <list>    <list>      <num>
INFO  [16:43:12.617] [bbotk]        191          <list[2]> <list[1]>  0.1029608
INFO  [16:43:12.740] [bbotk] Starting to optimize 1 parameter(s) with '<OptimizerBatchRandomSearch>' and '<TerminatorEvals> [n_evals=3, k=0]'
INFO  [16:43:12.744] [bbotk] Evaluating 1 configuration(s)
INFO  [16:43:13.057] [bbotk] Result of batch 1:
INFO  [16:43:13.059] [bbotk]  num.trees classif.ce warnings errors runtime_learners
INFO  [16:43:13.059] [bbotk]        332  0.1048738        0      0            0.281
INFO  [16:43:13.059] [bbotk]                                 uhash
INFO  [16:43:13.059] [bbotk]  c7cdf569-ea0b-4a22-8d7f-16166886d069
INFO  [16:43:13.065] [bbotk] Evaluating 1 configuration(s)
INFO  [16:43:13.306] [bbotk] Result of batch 2:
INFO  [16:43:13.306] [bbotk]  num.trees classif.ce warnings errors runtime_learners
INFO  [16:43:13.306] [bbotk]        195  0.1029663        0      0            0.193
INFO  [16:43:13.306] [bbotk]                                 uhash
INFO  [16:43:13.306] [bbotk]  f46dadfd-09ca-4ae6-9328-d4eb7d6ee5d8
INFO  [16:43:13.310] [bbotk] Evaluating 1 configuration(s)
INFO  [16:43:13.702] [bbotk] Result of batch 3:
INFO  [16:43:13.703] [bbotk]  num.trees classif.ce warnings errors runtime_learners
INFO  [16:43:13.703] [bbotk]        374   0.106784        0      0            0.343
INFO  [16:43:13.703] [bbotk]                                 uhash
INFO  [16:43:13.703] [bbotk]  7d8a67f8-3dc9-49e5-b941-c81174f544dd
INFO  [16:43:13.714] [bbotk] Finished optimizing after 3 evaluation(s)
INFO  [16:43:13.714] [bbotk] Result:
INFO  [16:43:13.716] [bbotk]  num.trees learner_param_vals  x_domain classif.ce
INFO  [16:43:13.716] [bbotk]      <int>             <list>    <list>      <num>
INFO  [16:43:13.716] [bbotk]        195          <list[2]> <list[1]>  0.1029663
INFO  [16:43:13.855] [bbotk] Starting to optimize 1 parameter(s) with '<OptimizerBatchRandomSearch>' and '<TerminatorEvals> [n_evals=3, k=0]'
INFO  [16:43:13.866] [bbotk] Evaluating 1 configuration(s)
INFO  [16:43:14.333] [bbotk] Result of batch 1:
INFO  [16:43:14.334] [bbotk]  num.trees classif.ce warnings errors runtime_learners
INFO  [16:43:14.334] [bbotk]        499  0.1019048        0      0            0.437
INFO  [16:43:14.334] [bbotk]                                 uhash
INFO  [16:43:14.334] [bbotk]  51c215d8-67f4-4a54-a625-033197460bf9
INFO  [16:43:14.336] [bbotk] Evaluating 1 configuration(s)
INFO  [16:43:14.510] [bbotk] Result of batch 2:
INFO  [16:43:14.511] [bbotk]  num.trees classif.ce warnings errors runtime_learners
INFO  [16:43:14.511] [bbotk]        126  0.1009524        0      0            0.123
INFO  [16:43:14.511] [bbotk]                                 uhash
INFO  [16:43:14.511] [bbotk]  eb2f7eef-9f42-4c8c-ad9a-41418ac06f9c
INFO  [16:43:14.513] [bbotk] Evaluating 1 configuration(s)
INFO  [16:43:14.902] [bbotk] Result of batch 3:
INFO  [16:43:14.917] [bbotk]  num.trees classif.ce warnings errors runtime_learners
INFO  [16:43:14.917] [bbotk]        451 0.09809524        0      0            0.348
INFO  [16:43:14.917] [bbotk]                                 uhash
INFO  [16:43:14.917] [bbotk]  9606be40-6ee4-4abb-9b0b-4af43442cc8b
INFO  [16:43:14.931] [bbotk] Finished optimizing after 3 evaluation(s)
INFO  [16:43:14.931] [bbotk] Result:
INFO  [16:43:14.933] [bbotk]  num.trees learner_param_vals  x_domain classif.ce
INFO  [16:43:14.933] [bbotk]      <int>             <list>    <list>      <num>
INFO  [16:43:14.933] [bbotk]        451          <list[2]> <list[1]> 0.09809524
INFO  [16:43:15.164] [bbotk] Starting to optimize 1 parameter(s) with '<OptimizerBatchRandomSearch>' and '<TerminatorEvals> [n_evals=3, k=0]'
INFO  [16:43:15.172] [bbotk] Evaluating 1 configuration(s)
INFO  [16:43:15.509] [bbotk] Result of batch 1:
INFO  [16:43:15.510] [bbotk]  num.trees classif.ce warnings errors runtime_learners
INFO  [16:43:15.510] [bbotk]        362 0.09619048        0      0             0.29
INFO  [16:43:15.510] [bbotk]                                 uhash
INFO  [16:43:15.510] [bbotk]  af2e10cd-8c2e-4524-a1d2-0f82955150ed
INFO  [16:43:15.512] [bbotk] Evaluating 1 configuration(s)
INFO  [16:43:15.949] [bbotk] Result of batch 2:
INFO  [16:43:15.951] [bbotk]  num.trees classif.ce warnings errors runtime_learners
INFO  [16:43:15.951] [bbotk]        410        0.1        0      0            0.378
INFO  [16:43:15.951] [bbotk]                                 uhash
INFO  [16:43:15.951] [bbotk]  6e49413c-d710-4cc7-b997-37ae5c4feb9f
INFO  [16:43:15.956] [bbotk] Evaluating 1 configuration(s)
INFO  [16:43:16.252] [bbotk] Result of batch 3:
INFO  [16:43:16.254] [bbotk]  num.trees classif.ce warnings errors runtime_learners
INFO  [16:43:16.254] [bbotk]        281 0.09714286        0      0            0.243
INFO  [16:43:16.254] [bbotk]                                 uhash
INFO  [16:43:16.254] [bbotk]  fb04df25-147f-476f-97b7-18d7e887671a
INFO  [16:43:16.264] [bbotk] Finished optimizing after 3 evaluation(s)
INFO  [16:43:16.265] [bbotk] Result:
INFO  [16:43:16.265] [bbotk]  num.trees learner_param_vals  x_domain classif.ce
INFO  [16:43:16.265] [bbotk]      <int>             <list>    <list>      <num>
INFO  [16:43:16.265] [bbotk]        362          <list[2]> <list[1]> 0.09619048
INFO  [16:43:16.423] [bbotk] Starting to optimize 1 parameter(s) with '<OptimizerBatchRandomSearch>' and '<TerminatorEvals> [n_evals=3, k=0]'
INFO  [16:43:16.431] [bbotk] Evaluating 1 configuration(s)
INFO  [16:43:16.560] [bbotk] Result of batch 1:
INFO  [16:43:16.561] [bbotk]  num.trees classif.ce warnings errors runtime_learners
INFO  [16:43:16.561] [bbotk]        146  0.1038095        0      0            0.101
INFO  [16:43:16.561] [bbotk]                                 uhash
INFO  [16:43:16.561] [bbotk]  c73e825f-92e7-4cb3-b2d3-46fe472798be
INFO  [16:43:16.563] [bbotk] Evaluating 1 configuration(s)
INFO  [16:43:16.744] [bbotk] Result of batch 2:
INFO  [16:43:16.744] [bbotk]  num.trees classif.ce warnings errors runtime_learners
INFO  [16:43:16.744] [bbotk]        231  0.1038095        0      0             0.15
INFO  [16:43:16.744] [bbotk]                                 uhash
INFO  [16:43:16.744] [bbotk]  c074e3e8-cdce-42b5-a671-729141a4643d
INFO  [16:43:16.747] [bbotk] Evaluating 1 configuration(s)
INFO  [16:43:17.026] [bbotk] Result of batch 3:
INFO  [16:43:17.027] [bbotk]  num.trees classif.ce warnings errors runtime_learners
INFO  [16:43:17.027] [bbotk]        422  0.1019048        0      0            0.251
INFO  [16:43:17.027] [bbotk]                                 uhash
INFO  [16:43:17.027] [bbotk]  8fb6481a-483a-4624-93cf-6f32c688627a
INFO  [16:43:17.033] [bbotk] Finished optimizing after 3 evaluation(s)
INFO  [16:43:17.033] [bbotk] Result:
INFO  [16:43:17.034] [bbotk]  num.trees learner_param_vals  x_domain classif.ce
INFO  [16:43:17.034] [bbotk]      <int>             <list>    <list>      <num>
INFO  [16:43:17.034] [bbotk]        422          <list[2]> <list[1]>  0.1019048

### [bt]: Job terminated successfully [batchtools job.id=921]
### [bt]: Starting job [batchtools job.id=922]
### [bt]: Generating problem instance for problem '698720b8ce42ae0c' ...
### [bt]: Applying algorithm 'run_learner' on problem '698720b8ce42ae0c' for job 922 (seed = 923) ...
INFO  [16:43:17.262] [mlr3] Applying learner 'classif.ranger.tuned_calib.oof_platt' on task 'pc4' (iter 2/10)
INFO  [16:43:17.298] [bbotk] Starting to optimize 1 parameter(s) with '<OptimizerBatchRandomSearch>' and '<TerminatorEvals> [n_evals=3, k=0]'
INFO  [16:43:17.302] [bbotk] Evaluating 1 configuration(s)
INFO  [16:43:17.740] [bbotk] Result of batch 1:
INFO  [16:43:17.742] [bbotk]  num.trees classif.ce warnings errors runtime_learners
INFO  [16:43:17.742] [bbotk]        495 0.09342884        0      0            0.396
INFO  [16:43:17.742] [bbotk]                                 uhash
INFO  [16:43:17.742] [bbotk]  2d2bb169-f892-42bf-9913-cdccf1f6e172
INFO  [16:43:17.744] [bbotk] Evaluating 1 configuration(s)
INFO  [16:43:17.945] [bbotk] Result of batch 2:
INFO  [16:43:17.946] [bbotk]  num.trees classif.ce warnings errors runtime_learners
INFO  [16:43:17.946] [bbotk]        129 0.09152408        0      0            0.141
INFO  [16:43:17.946] [bbotk]                                 uhash
INFO  [16:43:17.946] [bbotk]  cbbf4d4e-31a4-4899-be8c-020b2cffb1d1
INFO  [16:43:17.954] [bbotk] Evaluating 1 configuration(s)
INFO  [16:43:18.219] [bbotk] Result of batch 3:
INFO  [16:43:18.226] [bbotk]  num.trees classif.ce warnings errors runtime_learners
INFO  [16:43:18.226] [bbotk]        279 0.09438668        0      0            0.218
INFO  [16:43:18.226] [bbotk]                                 uhash
INFO  [16:43:18.226] [bbotk]  f3fd0dce-cdc9-4882-85ea-ebd9e89e9027
INFO  [16:43:18.242] [bbotk] Finished optimizing after 3 evaluation(s)
INFO  [16:43:18.243] [bbotk] Result:
INFO  [16:43:18.245] [bbotk]  num.trees learner_param_vals  x_domain classif.ce
INFO  [16:43:18.245] [bbotk]      <int>             <list>    <list>      <num>
INFO  [16:43:18.245] [bbotk]        129          <list[2]> <list[1]> 0.09152408
INFO  [16:43:18.369] [bbotk] Starting to optimize 1 parameter(s) with '<OptimizerBatchRandomSearch>' and '<TerminatorEvals> [n_evals=3, k=0]'
INFO  [16:43:18.376] [bbotk] Evaluating 1 configuration(s)
INFO  [16:43:18.534] [bbotk] Result of batch 1:
INFO  [16:43:18.536] [bbotk]  num.trees classif.ce warnings errors runtime_learners
INFO  [16:43:18.536] [bbotk]        119 0.09059353        0      0            0.108
INFO  [16:43:18.536] [bbotk]                                 uhash
INFO  [16:43:18.536] [bbotk]  d823f01b-d4a7-476a-8c40-e448254cff8f
INFO  [16:43:18.542] [bbotk] Evaluating 1 configuration(s)
INFO  [16:43:18.716] [bbotk] Result of batch 2:
INFO  [16:43:18.717] [bbotk]  num.trees classif.ce warnings errors runtime_learners
INFO  [16:43:18.717] [bbotk]        116  0.0877282        0      0            0.106
INFO  [16:43:18.717] [bbotk]                                 uhash
INFO  [16:43:18.717] [bbotk]  1180c8bc-00ac-4e02-9866-e8a5f817967c
INFO  [16:43:18.722] [bbotk] Evaluating 1 configuration(s)
INFO  [16:43:19.074] [bbotk] Result of batch 3:
INFO  [16:43:19.076] [bbotk]  num.trees classif.ce warnings errors runtime_learners
INFO  [16:43:19.076] [bbotk]        387 0.09536635        0      0            0.304
INFO  [16:43:19.076] [bbotk]                                 uhash
INFO  [16:43:19.076] [bbotk]  59a12c62-9bd4-499d-802f-acc28c1e4aa4
INFO  [16:43:19.085] [bbotk] Finished optimizing after 3 evaluation(s)
INFO  [16:43:19.086] [bbotk] Result:
INFO  [16:43:19.087] [bbotk]  num.trees learner_param_vals  x_domain classif.ce
INFO  [16:43:19.087] [bbotk]      <int>             <list>    <list>      <num>
INFO  [16:43:19.087] [bbotk]        116          <list[2]> <list[1]>  0.0877282
INFO  [16:43:19.226] [bbotk] Starting to optimize 1 parameter(s) with '<OptimizerBatchRandomSearch>' and '<TerminatorEvals> [n_evals=3, k=0]'
INFO  [16:43:19.238] [bbotk] Evaluating 1 configuration(s)
INFO  [16:43:19.681] [bbotk] Result of batch 1:
INFO  [16:43:19.682] [bbotk]  num.trees classif.ce warnings errors runtime_learners
INFO  [16:43:19.682] [bbotk]        482 0.08761905        0      0            0.401
INFO  [16:43:19.682] [bbotk]                                 uhash
INFO  [16:43:19.682] [bbotk]  b245450d-5df0-4eec-afe5-489994c00907
INFO  [16:43:19.687] [bbotk] Evaluating 1 configuration(s)
INFO  [16:43:19.861] [bbotk] Result of batch 2:
INFO  [16:43:19.862] [bbotk]  num.trees classif.ce warnings errors runtime_learners
INFO  [16:43:19.862] [bbotk]        136 0.09047619        0      0            0.124
INFO  [16:43:19.862] [bbotk]                                 uhash
INFO  [16:43:19.862] [bbotk]  3c28754f-8c37-44c8-a858-46d65720b415
INFO  [16:43:19.868] [bbotk] Evaluating 1 configuration(s)
INFO  [16:43:20.037] [bbotk] Result of batch 3:
INFO  [16:43:20.038] [bbotk]  num.trees classif.ce warnings errors runtime_learners
INFO  [16:43:20.038] [bbotk]        125 0.09047619        0      0            0.124
INFO  [16:43:20.038] [bbotk]                                 uhash
INFO  [16:43:20.038] [bbotk]  c25fd314-4fdb-496e-a0e5-e1dbc290365a
INFO  [16:43:20.053] [bbotk] Finished optimizing after 3 evaluation(s)
INFO  [16:43:20.054] [bbotk] Result:
INFO  [16:43:20.055] [bbotk]  num.trees learner_param_vals  x_domain classif.ce
INFO  [16:43:20.055] [bbotk]      <int>             <list>    <list>      <num>
INFO  [16:43:20.055] [bbotk]        482          <list[2]> <list[1]> 0.08761905
INFO  [16:43:20.302] [bbotk] Starting to optimize 1 parameter(s) with '<OptimizerBatchRandomSearch>' and '<TerminatorEvals> [n_evals=3, k=0]'
INFO  [16:43:20.306] [bbotk] Evaluating 1 configuration(s)
INFO  [16:43:20.639] [bbotk] Result of batch 1:
INFO  [16:43:20.641] [bbotk]  num.trees classif.ce warnings errors runtime_learners
INFO  [16:43:20.641] [bbotk]        264  0.1028571        0      0            0.256
INFO  [16:43:20.641] [bbotk]                                 uhash
INFO  [16:43:20.641] [bbotk]  146c0f13-6986-479a-aa4e-1ed1094dfad9
INFO  [16:43:20.648] [bbotk] Evaluating 1 configuration(s)
INFO  [16:43:20.952] [bbotk] Result of batch 2:
INFO  [16:43:20.953] [bbotk]  num.trees classif.ce warnings errors runtime_learners
INFO  [16:43:20.953] [bbotk]        319  0.1028571        0      0            0.253
INFO  [16:43:20.953] [bbotk]                                 uhash
INFO  [16:43:20.953] [bbotk]  09e38efb-5fe2-402e-950c-4f34c04b19c8
INFO  [16:43:20.962] [bbotk] Evaluating 1 configuration(s)
INFO  [16:43:21.270] [bbotk] Result of batch 3:
INFO  [16:43:21.271] [bbotk]  num.trees classif.ce warnings errors runtime_learners
INFO  [16:43:21.271] [bbotk]        306        0.1        0      0            0.256
INFO  [16:43:21.271] [bbotk]                                 uhash
INFO  [16:43:21.271] [bbotk]  d9baf499-b79a-4917-987f-0195fb6515a4
INFO  [16:43:21.286] [bbotk] Finished optimizing after 3 evaluation(s)
INFO  [16:43:21.286] [bbotk] Result:
INFO  [16:43:21.288] [bbotk]  num.trees learner_param_vals  x_domain classif.ce
INFO  [16:43:21.288] [bbotk]      <int>             <list>    <list>      <num>
INFO  [16:43:21.288] [bbotk]        306          <list[2]> <list[1]>        0.1
INFO  [16:43:21.445] [bbotk] Starting to optimize 1 parameter(s) with '<OptimizerBatchRandomSearch>' and '<TerminatorEvals> [n_evals=3, k=0]'
INFO  [16:43:21.454] [bbotk] Evaluating 1 configuration(s)
INFO  [16:43:21.816] [bbotk] Result of batch 1:
INFO  [16:43:21.817] [bbotk]  num.trees classif.ce warnings errors runtime_learners
INFO  [16:43:21.817] [bbotk]        333 0.09333333        0      0            0.283
INFO  [16:43:21.817] [bbotk]                                 uhash
INFO  [16:43:21.817] [bbotk]  dca09047-54de-48b4-aeca-5d0a780df53f
INFO  [16:43:21.819] [bbotk] Evaluating 1 configuration(s)
INFO  [16:43:22.238] [bbotk] Result of batch 2:
INFO  [16:43:22.240] [bbotk]  num.trees classif.ce warnings errors runtime_learners
INFO  [16:43:22.240] [bbotk]        466 0.09428571        0      0            0.354
INFO  [16:43:22.240] [bbotk]                                 uhash
INFO  [16:43:22.240] [bbotk]  b775f927-c6f1-4adf-a262-8186815d8c1d
INFO  [16:43:22.248] [bbotk] Evaluating 1 configuration(s)
INFO  [16:43:22.584] [bbotk] Result of batch 3:
INFO  [16:43:22.592] [bbotk]  num.trees classif.ce warnings errors runtime_learners
INFO  [16:43:22.592] [bbotk]        330 0.09238095        0      0            0.274
INFO  [16:43:22.592] [bbotk]                                 uhash
INFO  [16:43:22.592] [bbotk]  b41a1f1d-4610-450d-b147-1cfe09c55e8c
INFO  [16:43:22.606] [bbotk] Finished optimizing after 3 evaluation(s)
INFO  [16:43:22.607] [bbotk] Result:
INFO  [16:43:22.608] [bbotk]  num.trees learner_param_vals  x_domain classif.ce
INFO  [16:43:22.608] [bbotk]      <int>             <list>    <list>      <num>
INFO  [16:43:22.608] [bbotk]        330          <list[2]> <list[1]> 0.09238095

### [bt]: Job terminated successfully [batchtools job.id=922]
### [bt]: Starting job [batchtools job.id=923]
### [bt]: Generating problem instance for problem '698720b8ce42ae0c' ...
### [bt]: Applying algorithm 'run_learner' on problem '698720b8ce42ae0c' for job 923 (seed = 924) ...
INFO  [16:43:22.938] [mlr3] Applying learner 'classif.ranger.tuned_calib.oof_platt' on task 'pc4' (iter 3/10)
INFO  [16:43:23.014] [bbotk] Starting to optimize 1 parameter(s) with '<OptimizerBatchRandomSearch>' and '<TerminatorEvals> [n_evals=3, k=0]'
INFO  [16:43:23.027] [bbotk] Evaluating 1 configuration(s)
INFO  [16:43:23.474] [bbotk] Result of batch 1:
INFO  [16:43:23.476] [bbotk]  num.trees classif.ce warnings errors runtime_learners
INFO  [16:43:23.476] [bbotk]        456  0.1096084        0      0            0.385
INFO  [16:43:23.476] [bbotk]                                 uhash
INFO  [16:43:23.476] [bbotk]  2b7c4df2-f389-4bf6-8b42-66e21b3a168d
INFO  [16:43:23.481] [bbotk] Evaluating 1 configuration(s)
INFO  [16:43:23.675] [bbotk] Result of batch 2:
INFO  [16:43:23.677] [bbotk]  num.trees classif.ce warnings errors runtime_learners
INFO  [16:43:23.677] [bbotk]        137  0.1096084        0      0            0.138
INFO  [16:43:23.677] [bbotk]                                 uhash
INFO  [16:43:23.677] [bbotk]  87cdb288-a546-41e8-a892-5ba06386cf62
INFO  [16:43:23.683] [bbotk] Evaluating 1 configuration(s)
INFO  [16:43:23.833] [bbotk] Result of batch 3:
INFO  [16:43:23.838] [bbotk]  num.trees classif.ce warnings errors runtime_learners
INFO  [16:43:23.838] [bbotk]        115   0.104841        0      0            0.107
INFO  [16:43:23.838] [bbotk]                                 uhash
INFO  [16:43:23.838] [bbotk]  f415580b-933b-4767-af69-2ac08c8a06e7
INFO  [16:43:23.876] [bbotk] Finished optimizing after 3 evaluation(s)
INFO  [16:43:23.877] [bbotk] Result:
INFO  [16:43:23.877] [bbotk]  num.trees learner_param_vals  x_domain classif.ce
INFO  [16:43:23.877] [bbotk]      <int>             <list>    <list>      <num>
INFO  [16:43:23.877] [bbotk]        115          <list[2]> <list[1]>   0.104841
INFO  [16:43:24.076] [bbotk] Starting to optimize 1 parameter(s) with '<OptimizerBatchRandomSearch>' and '<TerminatorEvals> [n_evals=3, k=0]'
INFO  [16:43:24.093] [bbotk] Evaluating 1 configuration(s)
INFO  [16:43:24.532] [bbotk] Result of batch 1:
INFO  [16:43:24.534] [bbotk]  num.trees classif.ce warnings errors runtime_learners
INFO  [16:43:24.534] [bbotk]        458 0.09626688        0      0            0.397
INFO  [16:43:24.534] [bbotk]                                 uhash
INFO  [16:43:24.534] [bbotk]  8077176d-71dc-45b3-bd4a-deeb21c2b069
INFO  [16:43:24.546] [bbotk] Evaluating 1 configuration(s)
INFO  [16:43:24.980] [bbotk] Result of batch 2:
INFO  [16:43:24.981] [bbotk]  num.trees classif.ce warnings errors runtime_learners
INFO  [16:43:24.981] [bbotk]        486 0.09531996        0      0            0.382
INFO  [16:43:24.981] [bbotk]                                 uhash
INFO  [16:43:24.981] [bbotk]  c290e42b-8f36-4921-a32f-5a63f855c1c0
INFO  [16:43:24.983] [bbotk] Evaluating 1 configuration(s)
INFO  [16:43:25.400] [bbotk] Result of batch 3:
INFO  [16:43:25.401] [bbotk]  num.trees classif.ce warnings errors runtime_learners
INFO  [16:43:25.401] [bbotk]        445 0.09435939        0      0            0.359
INFO  [16:43:25.401] [bbotk]                                 uhash
INFO  [16:43:25.401] [bbotk]  0766ac0d-ce49-410e-8299-632fc2858626
INFO  [16:43:25.408] [bbotk] Finished optimizing after 3 evaluation(s)
INFO  [16:43:25.408] [bbotk] Result:
INFO  [16:43:25.409] [bbotk]  num.trees learner_param_vals  x_domain classif.ce
INFO  [16:43:25.409] [bbotk]      <int>             <list>    <list>      <num>
INFO  [16:43:25.409] [bbotk]        445          <list[2]> <list[1]> 0.09435939
INFO  [16:43:25.668] [bbotk] Starting to optimize 1 parameter(s) with '<OptimizerBatchRandomSearch>' and '<TerminatorEvals> [n_evals=3, k=0]'
INFO  [16:43:25.673] [bbotk] Evaluating 1 configuration(s)
INFO  [16:43:25.952] [bbotk] Result of batch 1:
INFO  [16:43:25.958] [bbotk]  num.trees classif.ce warnings errors runtime_learners
INFO  [16:43:25.958] [bbotk]        253 0.09619048        0      0            0.223
INFO  [16:43:25.958] [bbotk]                                 uhash
INFO  [16:43:25.958] [bbotk]  e0a92872-2aea-4418-943a-9c51d03b9370
INFO  [16:43:25.961] [bbotk] Evaluating 1 configuration(s)
INFO  [16:43:26.173] [bbotk] Result of batch 2:
INFO  [16:43:26.175] [bbotk]  num.trees classif.ce warnings errors runtime_learners
INFO  [16:43:26.175] [bbotk]        166 0.09428571        0      0            0.145
INFO  [16:43:26.175] [bbotk]                                 uhash
INFO  [16:43:26.175] [bbotk]  59641f3f-b591-4601-8831-5ef103ce0272
INFO  [16:43:26.178] [bbotk] Evaluating 1 configuration(s)
INFO  [16:43:26.589] [bbotk] Result of batch 3:
INFO  [16:43:26.590] [bbotk]  num.trees classif.ce warnings errors runtime_learners
INFO  [16:43:26.590] [bbotk]        472  0.0952381        0      0            0.367
INFO  [16:43:26.590] [bbotk]                                 uhash
INFO  [16:43:26.590] [bbotk]  b3e413de-8655-4327-970b-18cc929b7a56
INFO  [16:43:26.600] [bbotk] Finished optimizing after 3 evaluation(s)
INFO  [16:43:26.600] [bbotk] Result:
INFO  [16:43:26.601] [bbotk]  num.trees learner_param_vals  x_domain classif.ce
INFO  [16:43:26.601] [bbotk]      <int>             <list>    <list>      <num>
INFO  [16:43:26.601] [bbotk]        166          <list[2]> <list[1]> 0.09428571
INFO  [16:43:26.738] [bbotk] Starting to optimize 1 parameter(s) with '<OptimizerBatchRandomSearch>' and '<TerminatorEvals> [n_evals=3, k=0]'
INFO  [16:43:26.751] [bbotk] Evaluating 1 configuration(s)
INFO  [16:43:27.040] [bbotk] Result of batch 1:
INFO  [16:43:27.041] [bbotk]  num.trees classif.ce warnings errors runtime_learners
INFO  [16:43:27.041] [bbotk]        156  0.1009524        0      0            0.163
INFO  [16:43:27.041] [bbotk]                                 uhash
INFO  [16:43:27.041] [bbotk]  4cc8b10a-29e3-4568-97bb-72e30ce6b2e1
INFO  [16:43:27.044] [bbotk] Evaluating 1 configuration(s)
INFO  [16:43:27.463] [bbotk] Result of batch 2:
INFO  [16:43:27.465] [bbotk]  num.trees classif.ce warnings errors runtime_learners
INFO  [16:43:27.465] [bbotk]        447  0.1047619        0      0            0.375
INFO  [16:43:27.465] [bbotk]                                 uhash
INFO  [16:43:27.465] [bbotk]  db00d62b-edb6-4183-b129-37e0b5979584
INFO  [16:43:27.471] [bbotk] Evaluating 1 configuration(s)
INFO  [16:43:27.649] [bbotk] Result of batch 3:
INFO  [16:43:27.651] [bbotk]  num.trees classif.ce warnings errors runtime_learners
INFO  [16:43:27.651] [bbotk]        103  0.1038095        0      0             0.12
INFO  [16:43:27.651] [bbotk]                                 uhash
INFO  [16:43:27.651] [bbotk]  381d26e7-4744-42f2-aa12-3246e55dd8f1
INFO  [16:43:27.675] [bbotk] Finished optimizing after 3 evaluation(s)
INFO  [16:43:27.676] [bbotk] Result:
INFO  [16:43:27.677] [bbotk]  num.trees learner_param_vals  x_domain classif.ce
INFO  [16:43:27.677] [bbotk]      <int>             <list>    <list>      <num>
INFO  [16:43:27.677] [bbotk]        156          <list[2]> <list[1]>  0.1009524
INFO  [16:43:27.835] [bbotk] Starting to optimize 1 parameter(s) with '<OptimizerBatchRandomSearch>' and '<TerminatorEvals> [n_evals=3, k=0]'
INFO  [16:43:27.843] [bbotk] Evaluating 1 configuration(s)
INFO  [16:43:28.239] [bbotk] Result of batch 1:
INFO  [16:43:28.240] [bbotk]  num.trees classif.ce warnings errors runtime_learners
INFO  [16:43:28.240] [bbotk]        380 0.09714286        0      0            0.337
INFO  [16:43:28.240] [bbotk]                                 uhash
INFO  [16:43:28.240] [bbotk]  b1d7876c-fe68-4f3e-953e-bff61b21d787
INFO  [16:43:28.242] [bbotk] Evaluating 1 configuration(s)
INFO  [16:43:28.409] [bbotk] Result of batch 2:
INFO  [16:43:28.409] [bbotk]  num.trees classif.ce warnings errors runtime_learners
INFO  [16:43:28.409] [bbotk]        122 0.09428571        0      0            0.123
INFO  [16:43:28.409] [bbotk]                                 uhash
INFO  [16:43:28.409] [bbotk]  14896a2a-534a-40cb-a9fa-de6d1682b55f
INFO  [16:43:28.412] [bbotk] Evaluating 1 configuration(s)
INFO  [16:43:28.612] [bbotk] Result of batch 3:
INFO  [16:43:28.613] [bbotk]  num.trees classif.ce warnings errors runtime_learners
INFO  [16:43:28.613] [bbotk]        172        0.1        0      0            0.146
INFO  [16:43:28.613] [bbotk]                                 uhash
INFO  [16:43:28.613] [bbotk]  0167e2f6-d6a2-4993-ae6d-7a6f0b4f8290
INFO  [16:43:28.620] [bbotk] Finished optimizing after 3 evaluation(s)
INFO  [16:43:28.620] [bbotk] Result:
INFO  [16:43:28.621] [bbotk]  num.trees learner_param_vals  x_domain classif.ce
INFO  [16:43:28.621] [bbotk]      <int>             <list>    <list>      <num>
INFO  [16:43:28.621] [bbotk]        122          <list[2]> <list[1]> 0.09428571

### [bt]: Job terminated successfully [batchtools job.id=923]
### [bt]: Starting job [batchtools job.id=924]
### [bt]: Generating problem instance for problem '698720b8ce42ae0c' ...
### [bt]: Applying algorithm 'run_learner' on problem '698720b8ce42ae0c' for job 924 (seed = 925) ...
INFO  [16:43:28.933] [mlr3] Applying learner 'classif.ranger.tuned_calib.oof_platt' on task 'pc4' (iter 4/10)
INFO  [16:43:29.073] [bbotk] Starting to optimize 1 parameter(s) with '<OptimizerBatchRandomSearch>' and '<TerminatorEvals> [n_evals=3, k=0]'
INFO  [16:43:29.091] [bbotk] Evaluating 1 configuration(s)
INFO  [16:43:29.495] [bbotk] Result of batch 1:
INFO  [16:43:29.497] [bbotk]  num.trees classif.ce warnings errors runtime_learners
INFO  [16:43:29.497] [bbotk]        368  0.1057934        0      0            0.328
INFO  [16:43:29.497] [bbotk]                                 uhash
INFO  [16:43:29.497] [bbotk]  4d346028-cea1-4c28-8c9a-042b77ab117c
INFO  [16:43:29.501] [bbotk] Evaluating 1 configuration(s)
INFO  [16:43:29.922] [bbotk] Result of batch 2:
INFO  [16:43:29.923] [bbotk]  num.trees classif.ce warnings errors runtime_learners
INFO  [16:43:29.923] [bbotk]        486  0.0991213        0      0            0.376
INFO  [16:43:29.923] [bbotk]                                 uhash
INFO  [16:43:29.923] [bbotk]  e6246ece-b879-4c53-a24c-0768528842d5
INFO  [16:43:29.925] [bbotk] Evaluating 1 configuration(s)
INFO  [16:43:30.226] [bbotk] Result of batch 3:
INFO  [16:43:30.227] [bbotk]  num.trees classif.ce warnings errors runtime_learners
INFO  [16:43:30.227] [bbotk]        291 0.09817165        0      0            0.252
INFO  [16:43:30.227] [bbotk]                                 uhash
INFO  [16:43:30.227] [bbotk]  06e92880-71bc-4a86-827d-612924902832
INFO  [16:43:30.236] [bbotk] Finished optimizing after 3 evaluation(s)
INFO  [16:43:30.236] [bbotk] Result:
INFO  [16:43:30.237] [bbotk]  num.trees learner_param_vals  x_domain classif.ce
INFO  [16:43:30.237] [bbotk]      <int>             <list>    <list>      <num>
INFO  [16:43:30.237] [bbotk]        291          <list[2]> <list[1]> 0.09817165
INFO  [16:43:30.408] [bbotk] Starting to optimize 1 parameter(s) with '<OptimizerBatchRandomSearch>' and '<TerminatorEvals> [n_evals=3, k=0]'
INFO  [16:43:30.416] [bbotk] Evaluating 1 configuration(s)
INFO  [16:43:30.602] [bbotk] Result of batch 1:
INFO  [16:43:30.603] [bbotk]  num.trees classif.ce warnings errors runtime_learners
INFO  [16:43:30.603] [bbotk]        107  0.1143921        0      0             0.13
INFO  [16:43:30.603] [bbotk]                                 uhash
INFO  [16:43:30.603] [bbotk]  7337b8e4-0698-42af-bb0b-4db9d065695e
INFO  [16:43:30.605] [bbotk] Evaluating 1 configuration(s)
INFO  [16:43:31.049] [bbotk] Result of batch 2:
INFO  [16:43:31.054] [bbotk]  num.trees classif.ce warnings errors runtime_learners
INFO  [16:43:31.054] [bbotk]        428  0.1077173        0      0            0.372
INFO  [16:43:31.054] [bbotk]                                 uhash
INFO  [16:43:31.054] [bbotk]  d05ce894-de9e-4802-a1ca-0e6e9e73dade
INFO  [16:43:31.057] [bbotk] Evaluating 1 configuration(s)
INFO  [16:43:31.249] [bbotk] Result of batch 3:
INFO  [16:43:31.250] [bbotk]  num.trees classif.ce warnings errors runtime_learners
INFO  [16:43:31.250] [bbotk]        144  0.1105717        0      0            0.136
INFO  [16:43:31.250] [bbotk]                                 uhash
INFO  [16:43:31.250] [bbotk]  ac7b9a39-91fb-4525-8e83-af4f308fc0c7
INFO  [16:43:31.262] [bbotk] Finished optimizing after 3 evaluation(s)
INFO  [16:43:31.263] [bbotk] Result:
INFO  [16:43:31.264] [bbotk]  num.trees learner_param_vals  x_domain classif.ce
INFO  [16:43:31.264] [bbotk]      <int>             <list>    <list>      <num>
INFO  [16:43:31.264] [bbotk]        428          <list[2]> <list[1]>  0.1077173
INFO  [16:43:31.529] [bbotk] Starting to optimize 1 parameter(s) with '<OptimizerBatchRandomSearch>' and '<TerminatorEvals> [n_evals=3, k=0]'
INFO  [16:43:31.537] [bbotk] Evaluating 1 configuration(s)
INFO  [16:43:31.830] [bbotk] Result of batch 1:
INFO  [16:43:31.830] [bbotk]  num.trees classif.ce warnings errors runtime_learners
INFO  [16:43:31.830] [bbotk]        272 0.09047619        0      0            0.237
INFO  [16:43:31.830] [bbotk]                                 uhash
INFO  [16:43:31.830] [bbotk]  b2f06efe-cff1-4b4a-bfcf-4f8ed55e206e
INFO  [16:43:31.835] [bbotk] Evaluating 1 configuration(s)
INFO  [16:43:32.170] [bbotk] Result of batch 2:
INFO  [16:43:32.171] [bbotk]  num.trees classif.ce warnings errors runtime_learners
INFO  [16:43:32.171] [bbotk]        317 0.08761905        0      0            0.272
INFO  [16:43:32.171] [bbotk]                                 uhash
INFO  [16:43:32.171] [bbotk]  3bf98fcf-0f8b-4000-a8fd-512ca4fb90b7
INFO  [16:43:32.182] [bbotk] Evaluating 1 configuration(s)
INFO  [16:43:32.487] [bbotk] Result of batch 3:
INFO  [16:43:32.488] [bbotk]  num.trees classif.ce warnings errors runtime_learners
INFO  [16:43:32.488] [bbotk]        310 0.09047619        0      0            0.253
INFO  [16:43:32.488] [bbotk]                                 uhash
INFO  [16:43:32.488] [bbotk]  a9716478-baab-428e-99b8-dec3b5d5e99e
INFO  [16:43:32.494] [bbotk] Finished optimizing after 3 evaluation(s)
INFO  [16:43:32.495] [bbotk] Result:
INFO  [16:43:32.496] [bbotk]  num.trees learner_param_vals  x_domain classif.ce
INFO  [16:43:32.496] [bbotk]      <int>             <list>    <list>      <num>
INFO  [16:43:32.496] [bbotk]        317          <list[2]> <list[1]> 0.08761905
INFO  [16:43:32.709] [bbotk] Starting to optimize 1 parameter(s) with '<OptimizerBatchRandomSearch>' and '<TerminatorEvals> [n_evals=3, k=0]'
INFO  [16:43:32.719] [bbotk] Evaluating 1 configuration(s)
INFO  [16:43:32.953] [bbotk] Result of batch 1:
INFO  [16:43:32.954] [bbotk]  num.trees classif.ce warnings errors runtime_learners
INFO  [16:43:32.954] [bbotk]        186        0.1        0      0            0.171
INFO  [16:43:32.954] [bbotk]                                 uhash
INFO  [16:43:32.954] [bbotk]  f8cbc3f0-95e7-4d42-bdb7-797f36abd552
INFO  [16:43:32.959] [bbotk] Evaluating 1 configuration(s)
INFO  [16:43:33.215] [bbotk] Result of batch 2:
INFO  [16:43:33.216] [bbotk]  num.trees classif.ce warnings errors runtime_learners
INFO  [16:43:33.216] [bbotk]        218 0.09809524        0      0            0.186
INFO  [16:43:33.216] [bbotk]                                 uhash
INFO  [16:43:33.216] [bbotk]  eb11f4a5-9883-45fc-9ea6-ef6fe5c5209b
INFO  [16:43:33.218] [bbotk] Evaluating 1 configuration(s)
INFO  [16:43:33.417] [bbotk] Result of batch 3:
INFO  [16:43:33.419] [bbotk]  num.trees classif.ce warnings errors runtime_learners
INFO  [16:43:33.419] [bbotk]        124  0.0952381        0      0            0.121
INFO  [16:43:33.419] [bbotk]                                 uhash
INFO  [16:43:33.419] [bbotk]  1a094306-bcbc-4be6-854a-f0d0d643e840
INFO  [16:43:33.432] [bbotk] Finished optimizing after 3 evaluation(s)
INFO  [16:43:33.433] [bbotk] Result:
INFO  [16:43:33.433] [bbotk]  num.trees learner_param_vals  x_domain classif.ce
INFO  [16:43:33.433] [bbotk]      <int>             <list>    <list>      <num>
INFO  [16:43:33.433] [bbotk]        124          <list[2]> <list[1]>  0.0952381
INFO  [16:43:33.622] [bbotk] Starting to optimize 1 parameter(s) with '<OptimizerBatchRandomSearch>' and '<TerminatorEvals> [n_evals=3, k=0]'
INFO  [16:43:33.645] [bbotk] Evaluating 1 configuration(s)
INFO  [16:43:33.884] [bbotk] Result of batch 1:
INFO  [16:43:33.890] [bbotk]  num.trees classif.ce warnings errors runtime_learners
INFO  [16:43:33.890] [bbotk]        156 0.08761905        0      0            0.158
INFO  [16:43:33.890] [bbotk]                                 uhash
INFO  [16:43:33.890] [bbotk]  60b49246-c542-4320-8a9c-dcbd2e8c45a0
INFO  [16:43:33.907] [bbotk] Evaluating 1 configuration(s)
INFO  [16:43:34.255] [bbotk] Result of batch 2:
INFO  [16:43:34.255] [bbotk]  num.trees classif.ce warnings errors runtime_learners
INFO  [16:43:34.255] [bbotk]        320 0.09047619        0      0            0.284
INFO  [16:43:34.255] [bbotk]                                 uhash
INFO  [16:43:34.255] [bbotk]  be090ccd-7a52-401a-af17-9ae614e6b6dd
INFO  [16:43:34.261] [bbotk] Evaluating 1 configuration(s)
INFO  [16:43:34.511] [bbotk] Result of batch 3:
INFO  [16:43:34.517] [bbotk]  num.trees classif.ce warnings errors runtime_learners
INFO  [16:43:34.517] [bbotk]        210 0.08761905        0      0             0.19
INFO  [16:43:34.517] [bbotk]                                 uhash
INFO  [16:43:34.517] [bbotk]  818f5afe-07e7-46a1-b8d0-a2c01e6496a9
INFO  [16:43:34.529] [bbotk] Finished optimizing after 3 evaluation(s)
INFO  [16:43:34.529] [bbotk] Result:
INFO  [16:43:34.530] [bbotk]  num.trees learner_param_vals  x_domain classif.ce
INFO  [16:43:34.530] [bbotk]      <int>             <list>    <list>      <num>
INFO  [16:43:34.530] [bbotk]        156          <list[2]> <list[1]> 0.08761905

### [bt]: Job terminated successfully [batchtools job.id=924]
### [bt]: Starting job [batchtools job.id=925]
### [bt]: Generating problem instance for problem '698720b8ce42ae0c' ...
### [bt]: Applying algorithm 'run_learner' on problem '698720b8ce42ae0c' for job 925 (seed = 926) ...
INFO  [16:43:34.792] [mlr3] Applying learner 'classif.ranger.tuned_calib.oof_platt' on task 'pc4' (iter 5/10)
INFO  [16:43:34.894] [bbotk] Starting to optimize 1 parameter(s) with '<OptimizerBatchRandomSearch>' and '<TerminatorEvals> [n_evals=3, k=0]'
INFO  [16:43:34.908] [bbotk] Evaluating 1 configuration(s)
INFO  [16:43:35.101] [bbotk] Result of batch 1:
INFO  [16:43:35.107] [bbotk]  num.trees classif.ce warnings errors runtime_learners
INFO  [16:43:35.107] [bbotk]        100 0.09057443        0      0            0.122
INFO  [16:43:35.107] [bbotk]                                 uhash
INFO  [16:43:35.107] [bbotk]  6df6fed9-488c-46b2-a1df-8c4381dd94f3
INFO  [16:43:35.110] [bbotk] Evaluating 1 configuration(s)
INFO  [16:43:35.493] [bbotk] Result of batch 2:
INFO  [16:43:35.495] [bbotk]  num.trees classif.ce warnings errors runtime_learners
INFO  [16:43:35.495] [bbotk]        351 0.09056897        0      0            0.319
INFO  [16:43:35.495] [bbotk]                                 uhash
INFO  [16:43:35.495] [bbotk]  92c99b9c-2715-49b3-b12a-79f146f38cb9
INFO  [16:43:35.505] [bbotk] Evaluating 1 configuration(s)
INFO  [16:43:35.884] [bbotk] Result of batch 3:
INFO  [16:43:35.885] [bbotk]  num.trees classif.ce warnings errors runtime_learners
INFO  [16:43:35.885] [bbotk]        370 0.08389958        0      0            0.327
INFO  [16:43:35.885] [bbotk]                                 uhash
INFO  [16:43:35.885] [bbotk]  ebe097b0-5c4b-44be-ab01-fdd64350e9e7
INFO  [16:43:35.892] [bbotk] Finished optimizing after 3 evaluation(s)
INFO  [16:43:35.893] [bbotk] Result:
INFO  [16:43:35.894] [bbotk]  num.trees learner_param_vals  x_domain classif.ce
INFO  [16:43:35.894] [bbotk]      <int>             <list>    <list>      <num>
INFO  [16:43:35.894] [bbotk]        370          <list[2]> <list[1]> 0.08389958
INFO  [16:43:36.096] [bbotk] Starting to optimize 1 parameter(s) with '<OptimizerBatchRandomSearch>' and '<TerminatorEvals> [n_evals=3, k=0]'
INFO  [16:43:36.106] [bbotk] Evaluating 1 configuration(s)
INFO  [16:43:36.428] [bbotk] Result of batch 1:
INFO  [16:43:36.430] [bbotk]  num.trees classif.ce warnings errors runtime_learners
INFO  [16:43:36.430] [bbotk]        337  0.1086697        0      0            0.269
INFO  [16:43:36.430] [bbotk]                                 uhash
INFO  [16:43:36.430] [bbotk]  85e278ef-7a65-4c9f-8104-32053f90ab9b
INFO  [16:43:36.433] [bbotk] Evaluating 1 configuration(s)
INFO  [16:43:36.694] [bbotk] Result of batch 2:
INFO  [16:43:36.695] [bbotk]  num.trees classif.ce warnings errors runtime_learners
INFO  [16:43:36.695] [bbotk]        205   0.109622        0      0            0.201
INFO  [16:43:36.695] [bbotk]                                 uhash
INFO  [16:43:36.695] [bbotk]  ac9c125d-6987-425f-9a06-041d1322f969
INFO  [16:43:36.697] [bbotk] Evaluating 1 configuration(s)
INFO  [16:43:36.889] [bbotk] Result of batch 3:
INFO  [16:43:36.890] [bbotk]  num.trees classif.ce warnings errors runtime_learners
INFO  [16:43:36.890] [bbotk]        166  0.1124847        0      0            0.148
INFO  [16:43:36.890] [bbotk]                                 uhash
INFO  [16:43:36.890] [bbotk]  29819275-a2f1-4ef1-8d9c-c83dee82583f
INFO  [16:43:36.896] [bbotk] Finished optimizing after 3 evaluation(s)
INFO  [16:43:36.897] [bbotk] Result:
INFO  [16:43:36.897] [bbotk]  num.trees learner_param_vals  x_domain classif.ce
INFO  [16:43:36.897] [bbotk]      <int>             <list>    <list>      <num>
INFO  [16:43:36.897] [bbotk]        337          <list[2]> <list[1]>  0.1086697
INFO  [16:43:37.267] [bbotk] Starting to optimize 1 parameter(s) with '<OptimizerBatchRandomSearch>' and '<TerminatorEvals> [n_evals=3, k=0]'
INFO  [16:43:37.273] [bbotk] Evaluating 1 configuration(s)
INFO  [16:43:37.719] [bbotk] Result of batch 1:
INFO  [16:43:37.721] [bbotk]  num.trees classif.ce warnings errors runtime_learners
INFO  [16:43:37.721] [bbotk]        456  0.1095238        0      0            0.389
INFO  [16:43:37.721] [bbotk]                                 uhash
INFO  [16:43:37.721] [bbotk]  59dc56c8-47a7-4a3d-92aa-c50356d49632
INFO  [16:43:37.726] [bbotk] Evaluating 1 configuration(s)
INFO  [16:43:38.073] [bbotk] Result of batch 2:
INFO  [16:43:38.074] [bbotk]  num.trees classif.ce warnings errors runtime_learners
INFO  [16:43:38.074] [bbotk]        333  0.1038095        0      0            0.277
INFO  [16:43:38.074] [bbotk]                                 uhash
INFO  [16:43:38.074] [bbotk]  f0489c6f-112b-49df-823c-a42b3a3d5610
INFO  [16:43:38.076] [bbotk] Evaluating 1 configuration(s)
INFO  [16:43:38.393] [bbotk] Result of batch 3:
INFO  [16:43:38.394] [bbotk]  num.trees classif.ce warnings errors runtime_learners
INFO  [16:43:38.394] [bbotk]        292  0.1066667        0      0             0.26
INFO  [16:43:38.394] [bbotk]                                 uhash
INFO  [16:43:38.394] [bbotk]  b248cedf-a5cf-49e3-9e6b-0ce4261e166d
INFO  [16:43:38.411] [bbotk] Finished optimizing after 3 evaluation(s)
INFO  [16:43:38.413] [bbotk] Result:
INFO  [16:43:38.415] [bbotk]  num.trees learner_param_vals  x_domain classif.ce
INFO  [16:43:38.415] [bbotk]      <int>             <list>    <list>      <num>
INFO  [16:43:38.415] [bbotk]        333          <list[2]> <list[1]>  0.1038095
INFO  [16:43:38.627] [bbotk] Starting to optimize 1 parameter(s) with '<OptimizerBatchRandomSearch>' and '<TerminatorEvals> [n_evals=3, k=0]'
INFO  [16:43:38.644] [bbotk] Evaluating 1 configuration(s)
INFO  [16:43:39.064] [bbotk] Result of batch 1:
INFO  [16:43:39.066] [bbotk]  num.trees classif.ce warnings errors runtime_learners
INFO  [16:43:39.066] [bbotk]        491 0.09904762        0      0             0.37
INFO  [16:43:39.066] [bbotk]                                 uhash
INFO  [16:43:39.066] [bbotk]  0c3ae4c2-03d9-4478-8c30-04a9c0b4aea4
INFO  [16:43:39.078] [bbotk] Evaluating 1 configuration(s)
INFO  [16:43:39.397] [bbotk] Result of batch 2:
INFO  [16:43:39.399] [bbotk]  num.trees classif.ce warnings errors runtime_learners
INFO  [16:43:39.399] [bbotk]        321  0.1009524        0      0            0.257
INFO  [16:43:39.399] [bbotk]                                 uhash
INFO  [16:43:39.399] [bbotk]  1236f9f9-11bf-4663-bb95-0afad9548f0b
INFO  [16:43:39.403] [bbotk] Evaluating 1 configuration(s)
INFO  [16:43:39.726] [bbotk] Result of batch 3:
INFO  [16:43:39.727] [bbotk]  num.trees classif.ce warnings errors runtime_learners
INFO  [16:43:39.727] [bbotk]        324 0.09809524        0      0            0.273
INFO  [16:43:39.727] [bbotk]                                 uhash
INFO  [16:43:39.727] [bbotk]  da03b46a-2b11-485c-afe4-f487a46570fb
INFO  [16:43:39.738] [bbotk] Finished optimizing after 3 evaluation(s)
INFO  [16:43:39.738] [bbotk] Result:
INFO  [16:43:39.739] [bbotk]  num.trees learner_param_vals  x_domain classif.ce
INFO  [16:43:39.739] [bbotk]      <int>             <list>    <list>      <num>
INFO  [16:43:39.739] [bbotk]        324          <list[2]> <list[1]> 0.09809524
INFO  [16:43:39.965] [bbotk] Starting to optimize 1 parameter(s) with '<OptimizerBatchRandomSearch>' and '<TerminatorEvals> [n_evals=3, k=0]'
INFO  [16:43:39.972] [bbotk] Evaluating 1 configuration(s)
INFO  [16:43:40.191] [bbotk] Result of batch 1:
INFO  [16:43:40.193] [bbotk]  num.trees classif.ce warnings errors runtime_learners
INFO  [16:43:40.193] [bbotk]        143        0.1        0      0            0.167
INFO  [16:43:40.193] [bbotk]                                 uhash
INFO  [16:43:40.193] [bbotk]  3eeac7c7-093e-4d52-8cb5-db53bf750a0f
INFO  [16:43:40.196] [bbotk] Evaluating 1 configuration(s)
INFO  [16:43:40.509] [bbotk] Result of batch 2:
INFO  [16:43:40.509] [bbotk]  num.trees classif.ce warnings errors runtime_learners
INFO  [16:43:40.509] [bbotk]        267  0.1019048        0      0            0.259
INFO  [16:43:40.509] [bbotk]                                 uhash
INFO  [16:43:40.509] [bbotk]  bc880a1f-5138-406e-9946-e22e95b13503
INFO  [16:43:40.512] [bbotk] Evaluating 1 configuration(s)
INFO  [16:43:40.769] [bbotk] Result of batch 3:
INFO  [16:43:40.771] [bbotk]  num.trees classif.ce warnings errors runtime_learners
INFO  [16:43:40.771] [bbotk]        212  0.1038095        0      0            0.186
INFO  [16:43:40.771] [bbotk]                                 uhash
INFO  [16:43:40.771] [bbotk]  09cd0641-f23e-4cc9-a7e9-61d665b5f7de
INFO  [16:43:40.795] [bbotk] Finished optimizing after 3 evaluation(s)
INFO  [16:43:40.795] [bbotk] Result:
INFO  [16:43:40.796] [bbotk]  num.trees learner_param_vals  x_domain classif.ce
INFO  [16:43:40.796] [bbotk]      <int>             <list>    <list>      <num>
INFO  [16:43:40.796] [bbotk]        143          <list[2]> <list[1]>        0.1

### [bt]: Job terminated successfully [batchtools job.id=925]
### [bt]: Calculation finished!
