### [bt]: This is batchtools v0.9.17
### [bt]: Starting calculation of 5 jobs
### [bt]: Setting working directory to '/Users/User/Documents/Studium/Semester8/Hiwi/mlr3calibration/vignettes'
### [bt]: Memory measurement disabled
### [bt]: Starting job [batchtools job.id=1226]
### [bt]: Generating problem instance for problem '78e20b4b43a56ff6' ...
### [bt]: Applying algorithm 'run_learner' on problem '78e20b4b43a56ff6' for job 1226 (seed = 1227) ...
INFO  [16:48:52.816] [mlr3] Applying learner 'classif.naive_bayes.tuned_calib.perfold_beta' on task 'pc3' (iter 6/10)
INFO  [16:48:52.886] [bbotk] Starting to optimize 1 parameter(s) with '<OptimizerBatchRandomSearch>' and '<TerminatorEvals> [n_evals=3, k=0]'
INFO  [16:48:52.890] [bbotk] Evaluating 1 configuration(s)
INFO  [16:48:53.331] [bbotk] Result of batch 1:
INFO  [16:48:53.333] [bbotk]    laplace classif.ce warnings errors runtime_learners
INFO  [16:48:53.333] [bbotk]  0.7832735      0.552        0      0            0.381
INFO  [16:48:53.333] [bbotk]                                 uhash
INFO  [16:48:53.333] [bbotk]  541f2c69-e5df-4beb-81a2-6ca42281e642
INFO  [16:48:53.335] [bbotk] Evaluating 1 configuration(s)
INFO  [16:48:53.751] [bbotk] Result of batch 2:
INFO  [16:48:53.756] [bbotk]     laplace classif.ce warnings errors runtime_learners
INFO  [16:48:53.756] [bbotk]  0.09131928      0.552        0      0            0.364
INFO  [16:48:53.756] [bbotk]                                 uhash
INFO  [16:48:53.756] [bbotk]  fd638440-023c-4d1f-9314-1c4c1800f252
INFO  [16:48:53.762] [bbotk] Evaluating 1 configuration(s)
INFO  [16:48:54.142] [bbotk] Result of batch 3:
INFO  [16:48:54.143] [bbotk]    laplace classif.ce warnings errors runtime_learners
INFO  [16:48:54.143] [bbotk]  0.9024598      0.552        0      0             0.33
INFO  [16:48:54.143] [bbotk]                                 uhash
INFO  [16:48:54.143] [bbotk]  db91a892-bc5a-4a64-b4ae-992e3c3b2dc3
INFO  [16:48:54.155] [bbotk] Finished optimizing after 3 evaluation(s)
INFO  [16:48:54.156] [bbotk] Result:
INFO  [16:48:54.158] [bbotk]    laplace learner_param_vals  x_domain classif.ce
INFO  [16:48:54.158] [bbotk]      <num>             <list>    <list>      <num>
INFO  [16:48:54.158] [bbotk]  0.7832735          <list[1]> <list[1]>      0.552
INFO  [16:48:54.281] [bbotk] Starting to optimize 1 parameter(s) with '<OptimizerBatchRandomSearch>' and '<TerminatorEvals> [n_evals=3, k=0]'
INFO  [16:48:54.286] [bbotk] Evaluating 1 configuration(s)
INFO  [16:48:54.696] [bbotk] Result of batch 1:
INFO  [16:48:54.697] [bbotk]    laplace classif.ce warnings errors runtime_learners
INFO  [16:48:54.697] [bbotk]  0.8956078  0.3448889        0      0            0.369
INFO  [16:48:54.697] [bbotk]                                 uhash
INFO  [16:48:54.697] [bbotk]  8789d8e3-f725-4f8d-bfe6-edb2b8ff3ea5
INFO  [16:48:54.699] [bbotk] Evaluating 1 configuration(s)
INFO  [16:48:55.087] [bbotk] Result of batch 2:
INFO  [16:48:55.089] [bbotk]    laplace classif.ce warnings errors runtime_learners
INFO  [16:48:55.089] [bbotk]  0.6412683  0.3448889        0      0            0.341
INFO  [16:48:55.089] [bbotk]                                 uhash
INFO  [16:48:55.089] [bbotk]  74de06f4-2c55-4485-a1e3-72b99ec06ca5
INFO  [16:48:55.092] [bbotk] Evaluating 1 configuration(s)
INFO  [16:48:55.451] [bbotk] Result of batch 3:
INFO  [16:48:55.453] [bbotk]    laplace classif.ce warnings errors runtime_learners
INFO  [16:48:55.453] [bbotk]  0.6102936  0.3448889        0      0            0.308
INFO  [16:48:55.453] [bbotk]                                 uhash
INFO  [16:48:55.453] [bbotk]  3e7bdfd7-93d5-4104-afd0-4cf7e05dccf8
INFO  [16:48:55.462] [bbotk] Finished optimizing after 3 evaluation(s)
INFO  [16:48:55.463] [bbotk] Result:
INFO  [16:48:55.463] [bbotk]    laplace learner_param_vals  x_domain classif.ce
INFO  [16:48:55.463] [bbotk]      <num>             <list>    <list>      <num>
INFO  [16:48:55.463] [bbotk]  0.8956078          <list[1]> <list[1]>  0.3448889
INFO  [16:48:55.609] [bbotk] Starting to optimize 1 parameter(s) with '<OptimizerBatchRandomSearch>' and '<TerminatorEvals> [n_evals=3, k=0]'
INFO  [16:48:55.617] [bbotk] Evaluating 1 configuration(s)
INFO  [16:48:56.031] [bbotk] Result of batch 1:
INFO  [16:48:56.032] [bbotk]    laplace classif.ce warnings errors runtime_learners
INFO  [16:48:56.032] [bbotk]  0.3355673  0.4824752        0      0            0.371
INFO  [16:48:56.032] [bbotk]                                 uhash
INFO  [16:48:56.032] [bbotk]  a4d89ded-dc46-4efd-aadb-84582ed2f7cd
INFO  [16:48:56.040] [bbotk] Evaluating 1 configuration(s)
INFO  [16:48:56.438] [bbotk] Result of batch 2:
INFO  [16:48:56.440] [bbotk]    laplace classif.ce warnings errors runtime_learners
INFO  [16:48:56.440] [bbotk]  0.8317989  0.4824752        0      0            0.343
INFO  [16:48:56.440] [bbotk]                                 uhash
INFO  [16:48:56.440] [bbotk]  63416f72-cd0c-49b1-b300-938a79d3efdc
INFO  [16:48:56.445] [bbotk] Evaluating 1 configuration(s)
INFO  [16:48:56.838] [bbotk] Result of batch 3:
INFO  [16:48:56.839] [bbotk]    laplace classif.ce warnings errors runtime_learners
INFO  [16:48:56.839] [bbotk]  0.1652256  0.4824752        0      0            0.356
INFO  [16:48:56.839] [bbotk]                                 uhash
INFO  [16:48:56.839] [bbotk]  528ae531-7518-46c3-8a49-e8b22a1b69bf
INFO  [16:48:56.852] [bbotk] Finished optimizing after 3 evaluation(s)
INFO  [16:48:56.852] [bbotk] Result:
INFO  [16:48:56.854] [bbotk]    laplace learner_param_vals  x_domain classif.ce
INFO  [16:48:56.854] [bbotk]      <num>             <list>    <list>      <num>
INFO  [16:48:56.854] [bbotk]  0.3355673          <list[1]> <list[1]>  0.4824752
INFO  [16:48:57.021] [bbotk] Starting to optimize 1 parameter(s) with '<OptimizerBatchRandomSearch>' and '<TerminatorEvals> [n_evals=3, k=0]'
INFO  [16:48:57.034] [bbotk] Evaluating 1 configuration(s)
INFO  [16:48:57.435] [bbotk] Result of batch 1:
INFO  [16:48:57.436] [bbotk]    laplace classif.ce warnings errors runtime_learners
INFO  [16:48:57.436] [bbotk]  0.3164765  0.4824728        0      0             0.35
INFO  [16:48:57.436] [bbotk]                                 uhash
INFO  [16:48:57.436] [bbotk]  4acc306d-66a0-479a-9430-52519395751d
INFO  [16:48:57.438] [bbotk] Evaluating 1 configuration(s)
INFO  [16:48:57.771] [bbotk] Result of batch 2:
INFO  [16:48:57.772] [bbotk]    laplace classif.ce warnings errors runtime_learners
INFO  [16:48:57.772] [bbotk]  0.6141808  0.4824728        0      0            0.292
INFO  [16:48:57.772] [bbotk]                                 uhash
INFO  [16:48:57.772] [bbotk]  6f418f37-4a6d-4b21-829f-c19be9328144
INFO  [16:48:57.775] [bbotk] Evaluating 1 configuration(s)
INFO  [16:48:58.218] [bbotk] Result of batch 3:
INFO  [16:48:58.219] [bbotk]    laplace classif.ce warnings errors runtime_learners
INFO  [16:48:58.219] [bbotk]  0.8281362  0.4824728        0      0            0.388
INFO  [16:48:58.219] [bbotk]                                 uhash
INFO  [16:48:58.219] [bbotk]  d915baa2-8ba5-48b9-861f-8c3ab3a349bf
INFO  [16:48:58.241] [bbotk] Finished optimizing after 3 evaluation(s)
INFO  [16:48:58.241] [bbotk] Result:
INFO  [16:48:58.242] [bbotk]    laplace learner_param_vals  x_domain classif.ce
INFO  [16:48:58.242] [bbotk]      <num>             <list>    <list>      <num>
INFO  [16:48:58.242] [bbotk]  0.3164765          <list[1]> <list[1]>  0.4824728
INFO  [16:48:58.373] [bbotk] Starting to optimize 1 parameter(s) with '<OptimizerBatchRandomSearch>' and '<TerminatorEvals> [n_evals=3, k=0]'
INFO  [16:48:58.381] [bbotk] Evaluating 1 configuration(s)
INFO  [16:48:58.776] [bbotk] Result of batch 1:
INFO  [16:48:58.777] [bbotk]    laplace classif.ce warnings errors runtime_learners
INFO  [16:48:58.777] [bbotk]  0.2482757  0.5002695        0      0             0.34
INFO  [16:48:58.777] [bbotk]                                 uhash
INFO  [16:48:58.777] [bbotk]  6a4f0c5d-71ef-4b26-9f04-7d3a66ee1266
INFO  [16:48:58.779] [bbotk] Evaluating 1 configuration(s)
INFO  [16:48:59.183] [bbotk] Result of batch 2:
INFO  [16:48:59.186] [bbotk]   laplace classif.ce warnings errors runtime_learners
INFO  [16:48:59.186] [bbotk]  0.322413  0.5002695        0      0            0.343
INFO  [16:48:59.186] [bbotk]                                 uhash
INFO  [16:48:59.186] [bbotk]  20db98d9-f670-412e-b202-d7a866ec38d7
INFO  [16:48:59.191] [bbotk] Evaluating 1 configuration(s)
INFO  [16:48:59.596] [bbotk] Result of batch 3:
INFO  [16:48:59.598] [bbotk]    laplace classif.ce warnings errors runtime_learners
INFO  [16:48:59.598] [bbotk]  0.1129312  0.5002695        0      0            0.333
INFO  [16:48:59.598] [bbotk]                                 uhash
INFO  [16:48:59.598] [bbotk]  fc32c3f3-eba8-46a5-86a2-2215840bb445
INFO  [16:48:59.605] [bbotk] Finished optimizing after 3 evaluation(s)
INFO  [16:48:59.605] [bbotk] Result:
INFO  [16:48:59.607] [bbotk]    laplace learner_param_vals  x_domain classif.ce
INFO  [16:48:59.607] [bbotk]      <num>             <list>    <list>      <num>
INFO  [16:48:59.607] [bbotk]  0.2482757          <list[1]> <list[1]>  0.5002695
[1] -6.277229
[1] -2.957048
[1] -8.350726
[1] 0.02383166
[1] -4.950857
[1] 1.935133
[1] -8.935071
[1] 0.9882379
[1] -6.524867
[1] -3.045513

### [bt]: Job terminated successfully [batchtools job.id=1226]
### [bt]: Starting job [batchtools job.id=1227]
### [bt]: Generating problem instance for problem '78e20b4b43a56ff6' ...
### [bt]: Applying algorithm 'run_learner' on problem '78e20b4b43a56ff6' for job 1227 (seed = 1228) ...
INFO  [16:49:00.126] [mlr3] Applying learner 'classif.naive_bayes.tuned_calib.perfold_beta' on task 'pc3' (iter 7/10)
INFO  [16:49:00.204] [bbotk] Starting to optimize 1 parameter(s) with '<OptimizerBatchRandomSearch>' and '<TerminatorEvals> [n_evals=3, k=0]'
INFO  [16:49:00.210] [bbotk] Evaluating 1 configuration(s)
INFO  [16:49:00.625] [bbotk] Result of batch 1:
INFO  [16:49:00.625] [bbotk]    laplace classif.ce warnings errors runtime_learners
INFO  [16:49:00.625] [bbotk]  0.7129807  0.5324444        0      0             0.36
INFO  [16:49:00.625] [bbotk]                                 uhash
INFO  [16:49:00.625] [bbotk]  2d089285-0e1d-4ede-bc42-4f9c86ff64c2
INFO  [16:49:00.630] [bbotk] Evaluating 1 configuration(s)
INFO  [16:49:01.061] [bbotk] Result of batch 2:
INFO  [16:49:01.062] [bbotk]      laplace classif.ce warnings errors runtime_learners
INFO  [16:49:01.062] [bbotk]  0.009404829  0.5324444        0      0            0.378
INFO  [16:49:01.062] [bbotk]                                 uhash
INFO  [16:49:01.062] [bbotk]  b2541efa-6775-4825-9e54-4ec1ca4be9e8
INFO  [16:49:01.064] [bbotk] Evaluating 1 configuration(s)
INFO  [16:49:01.486] [bbotk] Result of batch 3:
INFO  [16:49:01.486] [bbotk]     laplace classif.ce warnings errors runtime_learners
INFO  [16:49:01.486] [bbotk]  0.06951051  0.5324444        0      0            0.352
INFO  [16:49:01.486] [bbotk]                                 uhash
INFO  [16:49:01.486] [bbotk]  4bdbaf3f-77e9-42df-bb40-b1b345086b0a
INFO  [16:49:01.507] [bbotk] Finished optimizing after 3 evaluation(s)
INFO  [16:49:01.508] [bbotk] Result:
INFO  [16:49:01.509] [bbotk]    laplace learner_param_vals  x_domain classif.ce
INFO  [16:49:01.509] [bbotk]      <num>             <list>    <list>      <num>
INFO  [16:49:01.509] [bbotk]  0.7129807          <list[1]> <list[1]>  0.5324444
INFO  [16:49:01.645] [bbotk] Starting to optimize 1 parameter(s) with '<OptimizerBatchRandomSearch>' and '<TerminatorEvals> [n_evals=3, k=0]'
INFO  [16:49:01.655] [bbotk] Evaluating 1 configuration(s)
INFO  [16:49:02.085] [bbotk] Result of batch 1:
INFO  [16:49:02.086] [bbotk]    laplace classif.ce warnings errors runtime_learners
INFO  [16:49:02.086] [bbotk]  0.1524045  0.5715556        0      0            0.376
INFO  [16:49:02.086] [bbotk]                                 uhash
INFO  [16:49:02.086] [bbotk]  071ec46e-e956-48a6-8b43-e558da880608
INFO  [16:49:02.089] [bbotk] Evaluating 1 configuration(s)
INFO  [16:49:02.561] [bbotk] Result of batch 2:
INFO  [16:49:02.563] [bbotk]    laplace classif.ce warnings errors runtime_learners
INFO  [16:49:02.563] [bbotk]  0.3129929  0.5715556        0      0            0.426
INFO  [16:49:02.563] [bbotk]                                 uhash
INFO  [16:49:02.563] [bbotk]  2cbbe06f-65a9-4f08-881c-7dfca58b2a76
INFO  [16:49:02.567] [bbotk] Evaluating 1 configuration(s)
INFO  [16:49:02.984] [bbotk] Result of batch 3:
INFO  [16:49:02.986] [bbotk]    laplace classif.ce warnings errors runtime_learners
INFO  [16:49:02.986] [bbotk]  0.6342232  0.5715556        0      0            0.372
INFO  [16:49:02.986] [bbotk]                                 uhash
INFO  [16:49:02.986] [bbotk]  bbd08738-d698-49a0-8325-22abf0716ca3
INFO  [16:49:02.997] [bbotk] Finished optimizing after 3 evaluation(s)
INFO  [16:49:02.998] [bbotk] Result:
INFO  [16:49:03.000] [bbotk]    laplace learner_param_vals  x_domain classif.ce
INFO  [16:49:03.000] [bbotk]      <num>             <list>    <list>      <num>
INFO  [16:49:03.000] [bbotk]  0.1524045          <list[1]> <list[1]>  0.5715556
INFO  [16:49:03.136] [bbotk] Starting to optimize 1 parameter(s) with '<OptimizerBatchRandomSearch>' and '<TerminatorEvals> [n_evals=3, k=0]'
INFO  [16:49:03.141] [bbotk] Evaluating 1 configuration(s)
INFO  [16:49:03.514] [bbotk] Result of batch 1:
INFO  [16:49:03.516] [bbotk]   laplace classif.ce warnings errors runtime_learners
INFO  [16:49:03.516] [bbotk]  0.625599  0.2850615        0      0            0.313
INFO  [16:49:03.516] [bbotk]                                 uhash
INFO  [16:49:03.516] [bbotk]  9230bf81-7a70-4e2e-82f5-76673210e92c
INFO  [16:49:03.524] [bbotk] Evaluating 1 configuration(s)
INFO  [16:49:03.944] [bbotk] Result of batch 2:
INFO  [16:49:03.945] [bbotk]    laplace classif.ce warnings errors runtime_learners
INFO  [16:49:03.945] [bbotk]  0.1109169  0.2850615        0      0            0.362
INFO  [16:49:03.945] [bbotk]                                 uhash
INFO  [16:49:03.945] [bbotk]  506070f8-ad54-4288-8e00-99f908e014d0
INFO  [16:49:03.948] [bbotk] Evaluating 1 configuration(s)
INFO  [16:49:04.376] [bbotk] Result of batch 3:
INFO  [16:49:04.380] [bbotk]    laplace classif.ce warnings errors runtime_learners
INFO  [16:49:04.380] [bbotk]  0.6682705  0.2850615        0      0            0.353
INFO  [16:49:04.380] [bbotk]                                 uhash
INFO  [16:49:04.380] [bbotk]  14e76167-343f-414a-a47a-d12229764307
INFO  [16:49:04.396] [bbotk] Finished optimizing after 3 evaluation(s)
INFO  [16:49:04.396] [bbotk] Result:
INFO  [16:49:04.397] [bbotk]   laplace learner_param_vals  x_domain classif.ce
INFO  [16:49:04.397] [bbotk]     <num>             <list>    <list>      <num>
INFO  [16:49:04.397] [bbotk]  0.625599          <list[1]> <list[1]>  0.2850615
INFO  [16:49:04.535] [bbotk] Starting to optimize 1 parameter(s) with '<OptimizerBatchRandomSearch>' and '<TerminatorEvals> [n_evals=3, k=0]'
INFO  [16:49:04.543] [bbotk] Evaluating 1 configuration(s)
INFO  [16:49:04.927] [bbotk] Result of batch 1:
INFO  [16:49:04.928] [bbotk]    laplace classif.ce warnings errors runtime_learners
INFO  [16:49:04.928] [bbotk]  0.9425404   0.468773        0      0            0.342
INFO  [16:49:04.928] [bbotk]                                 uhash
INFO  [16:49:04.928] [bbotk]  335b7780-4d51-47e9-bee0-9e0d7db2df47
INFO  [16:49:04.931] [bbotk] Evaluating 1 configuration(s)
INFO  [16:49:05.283] [bbotk] Result of batch 2:
INFO  [16:49:05.284] [bbotk]     laplace classif.ce warnings errors runtime_learners
INFO  [16:49:05.284] [bbotk]  0.02249432   0.468773        0      0            0.303
INFO  [16:49:05.284] [bbotk]                                 uhash
INFO  [16:49:05.284] [bbotk]  61329e19-a7c3-470c-bec3-fe20971e54c2
INFO  [16:49:05.287] [bbotk] Evaluating 1 configuration(s)
INFO  [16:49:05.677] [bbotk] Result of batch 3:
INFO  [16:49:05.678] [bbotk]    laplace classif.ce warnings errors runtime_learners
INFO  [16:49:05.678] [bbotk]  0.4412808   0.468773        0      0            0.341
INFO  [16:49:05.678] [bbotk]                                 uhash
INFO  [16:49:05.678] [bbotk]  83e0c6fc-72e7-41a1-a8cb-c44a3d237453
INFO  [16:49:05.693] [bbotk] Finished optimizing after 3 evaluation(s)
INFO  [16:49:05.693] [bbotk] Result:
INFO  [16:49:05.695] [bbotk]    laplace learner_param_vals  x_domain classif.ce
INFO  [16:49:05.695] [bbotk]      <num>             <list>    <list>      <num>
INFO  [16:49:05.695] [bbotk]  0.9425404          <list[1]> <list[1]>   0.468773
INFO  [16:49:05.861] [bbotk] Starting to optimize 1 parameter(s) with '<OptimizerBatchRandomSearch>' and '<TerminatorEvals> [n_evals=3, k=0]'
INFO  [16:49:05.876] [bbotk] Evaluating 1 configuration(s)
INFO  [16:49:06.264] [bbotk] Result of batch 1:
INFO  [16:49:06.265] [bbotk]    laplace classif.ce warnings errors runtime_learners
INFO  [16:49:06.265] [bbotk]  0.6243875  0.4594019        0      0             0.33
INFO  [16:49:06.265] [bbotk]                                 uhash
INFO  [16:49:06.265] [bbotk]  1f673e0a-8bfa-4bb0-ad34-b4266825363e
INFO  [16:49:06.269] [bbotk] Evaluating 1 configuration(s)
INFO  [16:49:06.669] [bbotk] Result of batch 2:
INFO  [16:49:06.671] [bbotk]    laplace classif.ce warnings errors runtime_learners
INFO  [16:49:06.671] [bbotk]  0.6739137  0.4594019        0      0            0.348
INFO  [16:49:06.671] [bbotk]                                 uhash
INFO  [16:49:06.671] [bbotk]  96f962d5-0c80-49d4-a85d-21bfffe129b2
INFO  [16:49:06.677] [bbotk] Evaluating 1 configuration(s)
INFO  [16:49:07.095] [bbotk] Result of batch 3:
INFO  [16:49:07.096] [bbotk]     laplace classif.ce warnings errors runtime_learners
INFO  [16:49:07.096] [bbotk]  0.05064754  0.4594019        0      0            0.377
INFO  [16:49:07.096] [bbotk]                                 uhash
INFO  [16:49:07.096] [bbotk]  a5caf150-8590-4a4b-b26d-c9020d34f3e8
INFO  [16:49:07.110] [bbotk] Finished optimizing after 3 evaluation(s)
INFO  [16:49:07.110] [bbotk] Result:
INFO  [16:49:07.111] [bbotk]    laplace learner_param_vals  x_domain classif.ce
INFO  [16:49:07.111] [bbotk]      <num>             <list>    <list>      <num>
INFO  [16:49:07.111] [bbotk]  0.6243875          <list[1]> <list[1]>  0.4594019
[1] -8.208776
[1] -3.20145
[1] -6.443043
[1] -3.17456
[1] -5.88075
[1] -0.08319869
[1] -5.957334
[1] 2.041856
[1] -7.171066
[1] -1.989644

### [bt]: Job terminated successfully [batchtools job.id=1227]
### [bt]: Starting job [batchtools job.id=1228]
### [bt]: Generating problem instance for problem '78e20b4b43a56ff6' ...
### [bt]: Applying algorithm 'run_learner' on problem '78e20b4b43a56ff6' for job 1228 (seed = 1229) ...
INFO  [16:49:07.595] [mlr3] Applying learner 'classif.naive_bayes.tuned_calib.perfold_beta' on task 'pc3' (iter 8/10)
INFO  [16:49:07.639] [bbotk] Starting to optimize 1 parameter(s) with '<OptimizerBatchRandomSearch>' and '<TerminatorEvals> [n_evals=3, k=0]'
INFO  [16:49:07.649] [bbotk] Evaluating 1 configuration(s)
INFO  [16:49:08.083] [bbotk] Result of batch 1:
INFO  [16:49:08.084] [bbotk]    laplace classif.ce warnings errors runtime_learners
INFO  [16:49:08.084] [bbotk]  0.6672095  0.4862222        0      0            0.379
INFO  [16:49:08.084] [bbotk]                                 uhash
INFO  [16:49:08.084] [bbotk]  044032a8-8935-44be-9879-e281bc07e1f4
INFO  [16:49:08.086] [bbotk] Evaluating 1 configuration(s)
INFO  [16:49:08.501] [bbotk] Result of batch 2:
INFO  [16:49:08.503] [bbotk]    laplace classif.ce warnings errors runtime_learners
INFO  [16:49:08.503] [bbotk]  0.1442613  0.4862222        0      0            0.364
INFO  [16:49:08.503] [bbotk]                                 uhash
INFO  [16:49:08.503] [bbotk]  a21ef659-8c68-44af-94b0-4458f590cd9a
INFO  [16:49:08.511] [bbotk] Evaluating 1 configuration(s)
INFO  [16:49:08.935] [bbotk] Result of batch 3:
INFO  [16:49:08.937] [bbotk]    laplace classif.ce warnings errors runtime_learners
INFO  [16:49:08.937] [bbotk]  0.7370415  0.4862222        0      0            0.382
INFO  [16:49:08.937] [bbotk]                                 uhash
INFO  [16:49:08.937] [bbotk]  089eeb8b-af79-4150-ad60-0af713c8672c
INFO  [16:49:08.948] [bbotk] Finished optimizing after 3 evaluation(s)
INFO  [16:49:08.948] [bbotk] Result:
INFO  [16:49:08.949] [bbotk]    laplace learner_param_vals  x_domain classif.ce
INFO  [16:49:08.949] [bbotk]      <num>             <list>    <list>      <num>
INFO  [16:49:08.949] [bbotk]  0.6672095          <list[1]> <list[1]>  0.4862222
INFO  [16:49:09.052] [bbotk] Starting to optimize 1 parameter(s) with '<OptimizerBatchRandomSearch>' and '<TerminatorEvals> [n_evals=3, k=0]'
INFO  [16:49:09.076] [bbotk] Evaluating 1 configuration(s)
INFO  [16:49:09.445] [bbotk] Result of batch 1:
INFO  [16:49:09.446] [bbotk]    laplace classif.ce warnings errors runtime_learners
INFO  [16:49:09.446] [bbotk]  0.9291523  0.5475556        0      0            0.319
INFO  [16:49:09.446] [bbotk]                                 uhash
INFO  [16:49:09.446] [bbotk]  89bdfa46-a88f-49e5-9b9d-34c6e6f0b0f6
INFO  [16:49:09.455] [bbotk] Evaluating 1 configuration(s)
INFO  [16:49:09.839] [bbotk] Result of batch 2:
INFO  [16:49:09.840] [bbotk]    laplace classif.ce warnings errors runtime_learners
INFO  [16:49:09.840] [bbotk]  0.9230144  0.5475556        0      0             0.34
INFO  [16:49:09.840] [bbotk]                                 uhash
INFO  [16:49:09.840] [bbotk]  3594b3d8-fd4e-466e-941c-9b4306bf2bed
INFO  [16:49:09.842] [bbotk] Evaluating 1 configuration(s)
INFO  [16:49:10.236] [bbotk] Result of batch 3:
INFO  [16:49:10.237] [bbotk]    laplace classif.ce warnings errors runtime_learners
INFO  [16:49:10.237] [bbotk]  0.9935774  0.5475556        0      0             0.35
INFO  [16:49:10.237] [bbotk]                                 uhash
INFO  [16:49:10.237] [bbotk]  523a1331-0cf8-40ed-8e7b-32630823ace7
INFO  [16:49:10.244] [bbotk] Finished optimizing after 3 evaluation(s)
INFO  [16:49:10.244] [bbotk] Result:
INFO  [16:49:10.245] [bbotk]    laplace learner_param_vals  x_domain classif.ce
INFO  [16:49:10.245] [bbotk]      <num>             <list>    <list>      <num>
INFO  [16:49:10.245] [bbotk]  0.9291523          <list[1]> <list[1]>  0.5475556
INFO  [16:49:10.377] [bbotk] Starting to optimize 1 parameter(s) with '<OptimizerBatchRandomSearch>' and '<TerminatorEvals> [n_evals=3, k=0]'
INFO  [16:49:10.385] [bbotk] Evaluating 1 configuration(s)
INFO  [16:49:10.750] [bbotk] Result of batch 1:
INFO  [16:49:10.751] [bbotk]    laplace classif.ce warnings errors runtime_learners
INFO  [16:49:10.751] [bbotk]  0.1483255  0.6181702        0      0            0.312
INFO  [16:49:10.751] [bbotk]                                 uhash
INFO  [16:49:10.751] [bbotk]  6021d535-625a-4b79-b63b-afab7398b3e5
INFO  [16:49:10.754] [bbotk] Evaluating 1 configuration(s)
INFO  [16:49:11.148] [bbotk] Result of batch 2:
INFO  [16:49:11.149] [bbotk]    laplace classif.ce warnings errors runtime_learners
INFO  [16:49:11.149] [bbotk]  0.3195067  0.6181702        0      0            0.336
INFO  [16:49:11.149] [bbotk]                                 uhash
INFO  [16:49:11.149] [bbotk]  ddf05ece-fa01-4129-9816-b221a8dbc907
INFO  [16:49:11.152] [bbotk] Evaluating 1 configuration(s)
INFO  [16:49:11.542] [bbotk] Result of batch 3:
INFO  [16:49:11.544] [bbotk]    laplace classif.ce warnings errors runtime_learners
INFO  [16:49:11.544] [bbotk]  0.2304578  0.6181702        0      0            0.336
INFO  [16:49:11.544] [bbotk]                                 uhash
INFO  [16:49:11.544] [bbotk]  778f8d07-48dc-43fd-97d3-a1826a0a32c9
INFO  [16:49:11.562] [bbotk] Finished optimizing after 3 evaluation(s)
INFO  [16:49:11.562] [bbotk] Result:
INFO  [16:49:11.564] [bbotk]    laplace learner_param_vals  x_domain classif.ce
INFO  [16:49:11.564] [bbotk]      <num>             <list>    <list>      <num>
INFO  [16:49:11.564] [bbotk]  0.1483255          <list[1]> <list[1]>  0.6181702
INFO  [16:49:11.730] [bbotk] Starting to optimize 1 parameter(s) with '<OptimizerBatchRandomSearch>' and '<TerminatorEvals> [n_evals=3, k=0]'
INFO  [16:49:11.743] [bbotk] Evaluating 1 configuration(s)
INFO  [16:49:12.036] [bbotk] Result of batch 1:
INFO  [16:49:12.037] [bbotk]    laplace classif.ce warnings errors runtime_learners
INFO  [16:49:12.037] [bbotk]  0.4190352  0.2007754        0      0             0.26
INFO  [16:49:12.037] [bbotk]                                 uhash
INFO  [16:49:12.037] [bbotk]  259ea22a-bf07-44ff-8eee-b206c8ba4b1c
INFO  [16:49:12.039] [bbotk] Evaluating 1 configuration(s)
INFO  [16:49:12.290] [bbotk] Result of batch 2:
INFO  [16:49:12.292] [bbotk]     laplace classif.ce warnings errors runtime_learners
INFO  [16:49:12.292] [bbotk]  0.04081415  0.2007754        0      0            0.204
INFO  [16:49:12.292] [bbotk]                                 uhash
INFO  [16:49:12.292] [bbotk]  d4384c8b-d022-4f5b-83c8-dddc5878a97a
INFO  [16:49:12.299] [bbotk] Evaluating 1 configuration(s)
INFO  [16:49:12.693] [bbotk] Result of batch 3:
INFO  [16:49:12.694] [bbotk]    laplace classif.ce warnings errors runtime_learners
INFO  [16:49:12.694] [bbotk]  0.8608134  0.2007754        0      0            0.343
INFO  [16:49:12.694] [bbotk]                                 uhash
INFO  [16:49:12.694] [bbotk]  9a052160-113f-4921-9614-6660c420ff6d
INFO  [16:49:12.707] [bbotk] Finished optimizing after 3 evaluation(s)
INFO  [16:49:12.707] [bbotk] Result:
INFO  [16:49:12.708] [bbotk]    laplace learner_param_vals  x_domain classif.ce
INFO  [16:49:12.708] [bbotk]      <num>             <list>    <list>      <num>
INFO  [16:49:12.708] [bbotk]  0.4190352          <list[1]> <list[1]>  0.2007754
INFO  [16:49:12.878] [bbotk] Starting to optimize 1 parameter(s) with '<OptimizerBatchRandomSearch>' and '<TerminatorEvals> [n_evals=3, k=0]'
INFO  [16:49:12.890] [bbotk] Evaluating 1 configuration(s)
INFO  [16:49:13.299] [bbotk] Result of batch 1:
INFO  [16:49:13.301] [bbotk]   laplace classif.ce warnings errors runtime_learners
INFO  [16:49:13.301] [bbotk]  0.503693  0.5691111        0      0            0.361
INFO  [16:49:13.301] [bbotk]                                 uhash
INFO  [16:49:13.301] [bbotk]  f3b6ef3b-b598-42c3-9bfb-14435439f477
INFO  [16:49:13.306] [bbotk] Evaluating 1 configuration(s)
INFO  [16:49:13.730] [bbotk] Result of batch 2:
INFO  [16:49:13.731] [bbotk]    laplace classif.ce warnings errors runtime_learners
INFO  [16:49:13.731] [bbotk]  0.8205636  0.5691111        0      0            0.372
INFO  [16:49:13.731] [bbotk]                                 uhash
INFO  [16:49:13.731] [bbotk]  704255cf-80b5-4f90-b1f9-e1cf878b575d
INFO  [16:49:13.736] [bbotk] Evaluating 1 configuration(s)
INFO  [16:49:14.104] [bbotk] Result of batch 3:
INFO  [16:49:14.105] [bbotk]    laplace classif.ce warnings errors runtime_learners
INFO  [16:49:14.105] [bbotk]  0.9656188  0.5691111        0      0            0.314
INFO  [16:49:14.105] [bbotk]                                 uhash
INFO  [16:49:14.105] [bbotk]  46e54599-26c3-494a-9d2c-38d9797980fd
INFO  [16:49:14.123] [bbotk] Finished optimizing after 3 evaluation(s)
INFO  [16:49:14.124] [bbotk] Result:
INFO  [16:49:14.126] [bbotk]   laplace learner_param_vals  x_domain classif.ce
INFO  [16:49:14.126] [bbotk]     <num>             <list>    <list>      <num>
INFO  [16:49:14.126] [bbotk]  0.503693          <list[1]> <list[1]>  0.5691111
[1] -7.037125
[1] -2.006375
[1] -7.578682
[1] -3.164957
[1] -9.991167
[1] -3.888343
[1] -2.437924
[1] 2.359927
Warning in value[[3L]](cond) :
  beta_calibration failed: uniroot endpoint sign mismatch.
This happened PipeOp classif.naive_bayes's $train()
[1] -8.944708
[1] -3.065397

### [bt]: Job terminated successfully [batchtools job.id=1228]
### [bt]: Starting job [batchtools job.id=1229]
### [bt]: Generating problem instance for problem '78e20b4b43a56ff6' ...
### [bt]: Applying algorithm 'run_learner' on problem '78e20b4b43a56ff6' for job 1229 (seed = 1230) ...
INFO  [16:49:14.644] [mlr3] Applying learner 'classif.naive_bayes.tuned_calib.perfold_beta' on task 'pc3' (iter 9/10)
INFO  [16:49:14.689] [bbotk] Starting to optimize 1 parameter(s) with '<OptimizerBatchRandomSearch>' and '<TerminatorEvals> [n_evals=3, k=0]'
INFO  [16:49:14.694] [bbotk] Evaluating 1 configuration(s)
INFO  [16:49:15.080] [bbotk] Result of batch 1:
INFO  [16:49:15.083] [bbotk]    laplace classif.ce warnings errors runtime_learners
INFO  [16:49:15.083] [bbotk]  0.8747789  0.5644444        0      0            0.352
INFO  [16:49:15.083] [bbotk]                                 uhash
INFO  [16:49:15.083] [bbotk]  6750a48e-b35d-40f1-95c6-ac5f5c4ebe2e
INFO  [16:49:15.089] [bbotk] Evaluating 1 configuration(s)
INFO  [16:49:15.488] [bbotk] Result of batch 2:
INFO  [16:49:15.491] [bbotk]    laplace classif.ce warnings errors runtime_learners
INFO  [16:49:15.491] [bbotk]  0.4806519  0.5644444        0      0            0.343
INFO  [16:49:15.491] [bbotk]                                 uhash
INFO  [16:49:15.491] [bbotk]  4afe3d38-dbbc-46fb-b32b-80da31bb61e7
INFO  [16:49:15.498] [bbotk] Evaluating 1 configuration(s)
INFO  [16:49:15.956] [bbotk] Result of batch 3:
INFO  [16:49:15.957] [bbotk]    laplace classif.ce warnings errors runtime_learners
INFO  [16:49:15.957] [bbotk]  0.9458116  0.5644444        0      0             0.39
INFO  [16:49:15.957] [bbotk]                                 uhash
INFO  [16:49:15.957] [bbotk]  0ddeec62-0b2d-4a0a-a85c-a40e2e4774fc
INFO  [16:49:15.965] [bbotk] Finished optimizing after 3 evaluation(s)
INFO  [16:49:15.965] [bbotk] Result:
INFO  [16:49:15.974] [bbotk]    laplace learner_param_vals  x_domain classif.ce
INFO  [16:49:15.974] [bbotk]      <num>             <list>    <list>      <num>
INFO  [16:49:15.974] [bbotk]  0.8747789          <list[1]> <list[1]>  0.5644444
INFO  [16:49:16.176] [bbotk] Starting to optimize 1 parameter(s) with '<OptimizerBatchRandomSearch>' and '<TerminatorEvals> [n_evals=3, k=0]'
INFO  [16:49:16.187] [bbotk] Evaluating 1 configuration(s)
INFO  [16:49:16.922] [bbotk] Result of batch 1:
INFO  [16:49:16.922] [bbotk]    laplace classif.ce warnings errors runtime_learners
INFO  [16:49:16.922] [bbotk]  0.5011462  0.5271111        0      0            0.666
INFO  [16:49:16.922] [bbotk]                                 uhash
INFO  [16:49:16.922] [bbotk]  6e5b9467-a3f8-4ea4-b184-d122022ab102
INFO  [16:49:16.929] [bbotk] Evaluating 1 configuration(s)
INFO  [16:49:17.324] [bbotk] Result of batch 2:
INFO  [16:49:17.325] [bbotk]    laplace classif.ce warnings errors runtime_learners
INFO  [16:49:17.325] [bbotk]  0.7258828  0.5271111        0      0            0.349
INFO  [16:49:17.325] [bbotk]                                 uhash
INFO  [16:49:17.325] [bbotk]  2a7aa91b-d5ba-4dfb-acca-30bd435454a9
INFO  [16:49:17.327] [bbotk] Evaluating 1 configuration(s)
INFO  [16:49:17.645] [bbotk] Result of batch 3:
INFO  [16:49:17.645] [bbotk]    laplace classif.ce warnings errors runtime_learners
INFO  [16:49:17.645] [bbotk]  0.6956057  0.5271111        0      0            0.276
INFO  [16:49:17.645] [bbotk]                                 uhash
INFO  [16:49:17.645] [bbotk]  3e171836-7604-40e0-b1c5-19a8088a288e
INFO  [16:49:17.654] [bbotk] Finished optimizing after 3 evaluation(s)
INFO  [16:49:17.655] [bbotk] Result:
INFO  [16:49:17.656] [bbotk]    laplace learner_param_vals  x_domain classif.ce
INFO  [16:49:17.656] [bbotk]      <num>             <list>    <list>      <num>
INFO  [16:49:17.656] [bbotk]  0.5011462          <list[1]> <list[1]>  0.5271111
INFO  [16:49:17.786] [bbotk] Starting to optimize 1 parameter(s) with '<OptimizerBatchRandomSearch>' and '<TerminatorEvals> [n_evals=3, k=0]'
INFO  [16:49:17.794] [bbotk] Evaluating 1 configuration(s)
INFO  [16:49:18.160] [bbotk] Result of batch 1:
INFO  [16:49:18.161] [bbotk]    laplace classif.ce warnings errors runtime_learners
INFO  [16:49:18.161] [bbotk]  0.3056566  0.5381915        0      0             0.32
INFO  [16:49:18.161] [bbotk]                                 uhash
INFO  [16:49:18.161] [bbotk]  c19dc6b9-9e29-4e87-8deb-c2eb3ff4fc62
INFO  [16:49:18.163] [bbotk] Evaluating 1 configuration(s)
INFO  [16:49:18.510] [bbotk] Result of batch 2:
INFO  [16:49:18.511] [bbotk]     laplace classif.ce warnings errors runtime_learners
INFO  [16:49:18.511] [bbotk]  0.04036754  0.5381915        0      0            0.311
INFO  [16:49:18.511] [bbotk]                                 uhash
INFO  [16:49:18.511] [bbotk]  d88abc36-8d44-49e9-825a-f5c9f2de1e6c
INFO  [16:49:18.513] [bbotk] Evaluating 1 configuration(s)
INFO  [16:49:18.803] [bbotk] Result of batch 3:
INFO  [16:49:18.805] [bbotk]    laplace classif.ce warnings errors runtime_learners
INFO  [16:49:18.805] [bbotk]  0.5054462  0.5381915        0      0             0.23
INFO  [16:49:18.805] [bbotk]                                 uhash
INFO  [16:49:18.805] [bbotk]  e964861f-02f0-4683-a192-da91523d4bee
INFO  [16:49:18.816] [bbotk] Finished optimizing after 3 evaluation(s)
INFO  [16:49:18.817] [bbotk] Result:
INFO  [16:49:18.817] [bbotk]    laplace learner_param_vals  x_domain classif.ce
INFO  [16:49:18.817] [bbotk]      <num>             <list>    <list>      <num>
INFO  [16:49:18.817] [bbotk]  0.3056566          <list[1]> <list[1]>  0.5381915
INFO  [16:49:18.923] [bbotk] Starting to optimize 1 parameter(s) with '<OptimizerBatchRandomSearch>' and '<TerminatorEvals> [n_evals=3, k=0]'
INFO  [16:49:18.927] [bbotk] Evaluating 1 configuration(s)
INFO  [16:49:19.221] [bbotk] Result of batch 1:
INFO  [16:49:19.222] [bbotk]    laplace classif.ce warnings errors runtime_learners
INFO  [16:49:19.222] [bbotk]  0.4216728  0.5437565        0      0            0.248
INFO  [16:49:19.222] [bbotk]                                 uhash
INFO  [16:49:19.222] [bbotk]  0a80a1c7-2808-4c57-bad4-0d8dd77abbfd
INFO  [16:49:19.225] [bbotk] Evaluating 1 configuration(s)
INFO  [16:49:19.572] [bbotk] Result of batch 2:
INFO  [16:49:19.574] [bbotk]    laplace classif.ce warnings errors runtime_learners
INFO  [16:49:19.574] [bbotk]  0.8283314  0.5437565        0      0            0.294
INFO  [16:49:19.574] [bbotk]                                 uhash
INFO  [16:49:19.574] [bbotk]  7bf71721-a63e-461c-b275-3259822042c0
INFO  [16:49:19.578] [bbotk] Evaluating 1 configuration(s)
INFO  [16:49:19.878] [bbotk] Result of batch 3:
INFO  [16:49:19.879] [bbotk]    laplace classif.ce warnings errors runtime_learners
INFO  [16:49:19.879] [bbotk]  0.2036764  0.5437565        0      0            0.266
INFO  [16:49:19.879] [bbotk]                                 uhash
INFO  [16:49:19.879] [bbotk]  d7aee631-9068-4e5a-ab65-1d9967e69c1c
INFO  [16:49:19.885] [bbotk] Finished optimizing after 3 evaluation(s)
INFO  [16:49:19.885] [bbotk] Result:
INFO  [16:49:19.886] [bbotk]    laplace learner_param_vals  x_domain classif.ce
INFO  [16:49:19.886] [bbotk]      <num>             <list>    <list>      <num>
INFO  [16:49:19.886] [bbotk]  0.4216728          <list[1]> <list[1]>  0.5437565
INFO  [16:49:19.972] [bbotk] Starting to optimize 1 parameter(s) with '<OptimizerBatchRandomSearch>' and '<TerminatorEvals> [n_evals=3, k=0]'
INFO  [16:49:19.977] [bbotk] Evaluating 1 configuration(s)
INFO  [16:49:20.250] [bbotk] Result of batch 1:
INFO  [16:49:20.251] [bbotk]    laplace classif.ce warnings errors runtime_learners
INFO  [16:49:20.251] [bbotk]  0.5931241  0.1962884        0      0            0.227
INFO  [16:49:20.251] [bbotk]                                 uhash
INFO  [16:49:20.251] [bbotk]  4f92127c-2fef-4354-b1b7-2b475a5fc301
INFO  [16:49:20.254] [bbotk] Evaluating 1 configuration(s)
INFO  [16:49:20.589] [bbotk] Result of batch 2:
INFO  [16:49:20.590] [bbotk]      laplace classif.ce warnings errors runtime_learners
INFO  [16:49:20.590] [bbotk]  0.001922682  0.1962884        0      0            0.297
INFO  [16:49:20.590] [bbotk]                                 uhash
INFO  [16:49:20.590] [bbotk]  867ed5d9-0b32-4bc5-89ca-79de43a4e552
INFO  [16:49:20.592] [bbotk] Evaluating 1 configuration(s)
INFO  [16:49:20.979] [bbotk] Result of batch 3:
INFO  [16:49:20.980] [bbotk]    laplace classif.ce warnings errors runtime_learners
INFO  [16:49:20.980] [bbotk]  0.9470488  0.1962884        0      0            0.346
INFO  [16:49:20.980] [bbotk]                                 uhash
INFO  [16:49:20.980] [bbotk]  68cf513f-e777-4f0a-a3cf-73ee02678f48
INFO  [16:49:20.987] [bbotk] Finished optimizing after 3 evaluation(s)
INFO  [16:49:20.988] [bbotk] Result:
INFO  [16:49:20.988] [bbotk]    laplace learner_param_vals  x_domain classif.ce
INFO  [16:49:20.988] [bbotk]      <num>             <list>    <list>      <num>
INFO  [16:49:20.988] [bbotk]  0.5931241          <list[1]> <list[1]>  0.1962884
[1] -6.174873
[1] -2.880174
[1] -8.180685
[1] -3.192961
[1] -7.284447
[1] -3.27974
[1] -10.63503
[1] -3.490382
[1] -1.75197
[1] 4.385005
Warning in value[[3L]](cond) :
  beta_calibration failed: uniroot endpoint sign mismatch.
This happened PipeOp classif.naive_bayes's $train()

### [bt]: Job terminated successfully [batchtools job.id=1229]
### [bt]: Starting job [batchtools job.id=1230]
### [bt]: Generating problem instance for problem '78e20b4b43a56ff6' ...
### [bt]: Applying algorithm 'run_learner' on problem '78e20b4b43a56ff6' for job 1230 (seed = 1231) ...
INFO  [16:49:21.472] [mlr3] Applying learner 'classif.naive_bayes.tuned_calib.perfold_beta' on task 'pc3' (iter 10/10)
INFO  [16:49:21.531] [bbotk] Starting to optimize 1 parameter(s) with '<OptimizerBatchRandomSearch>' and '<TerminatorEvals> [n_evals=3, k=0]'
INFO  [16:49:21.535] [bbotk] Evaluating 1 configuration(s)
INFO  [16:49:21.927] [bbotk] Result of batch 1:
INFO  [16:49:21.928] [bbotk]    laplace classif.ce warnings errors runtime_learners
INFO  [16:49:21.928] [bbotk]  0.4133505      0.208        0      0            0.335
INFO  [16:49:21.928] [bbotk]                                 uhash
INFO  [16:49:21.928] [bbotk]  11008f34-caa1-4141-9a72-b7df4faa403b
INFO  [16:49:21.930] [bbotk] Evaluating 1 configuration(s)
INFO  [16:49:22.339] [bbotk] Result of batch 2:
INFO  [16:49:22.341] [bbotk]     laplace classif.ce warnings errors runtime_learners
INFO  [16:49:22.341] [bbotk]  0.01974968      0.208        0      0            0.358
INFO  [16:49:22.341] [bbotk]                                 uhash
INFO  [16:49:22.341] [bbotk]  c8d08b70-deac-4182-a91e-c5bfc33aa8dc
INFO  [16:49:22.344] [bbotk] Evaluating 1 configuration(s)
INFO  [16:49:22.701] [bbotk] Result of batch 3:
INFO  [16:49:22.702] [bbotk]    laplace classif.ce warnings errors runtime_learners
INFO  [16:49:22.702] [bbotk]  0.4676664      0.208        0      0            0.311
INFO  [16:49:22.702] [bbotk]                                 uhash
INFO  [16:49:22.702] [bbotk]  2088ff58-faf6-47e0-9635-17b59655f0d8
INFO  [16:49:22.715] [bbotk] Finished optimizing after 3 evaluation(s)
INFO  [16:49:22.715] [bbotk] Result:
INFO  [16:49:22.717] [bbotk]    laplace learner_param_vals  x_domain classif.ce
INFO  [16:49:22.717] [bbotk]      <num>             <list>    <list>      <num>
INFO  [16:49:22.717] [bbotk]  0.4133505          <list[1]> <list[1]>      0.208
INFO  [16:49:22.843] [bbotk] Starting to optimize 1 parameter(s) with '<OptimizerBatchRandomSearch>' and '<TerminatorEvals> [n_evals=3, k=0]'
INFO  [16:49:22.848] [bbotk] Evaluating 1 configuration(s)
INFO  [16:49:23.228] [bbotk] Result of batch 1:
INFO  [16:49:23.230] [bbotk]    laplace classif.ce warnings errors runtime_learners
INFO  [16:49:23.230] [bbotk]  0.5296993  0.3253333        0      0            0.341
INFO  [16:49:23.230] [bbotk]                                 uhash
INFO  [16:49:23.230] [bbotk]  8c7ae0a6-0b41-4f3e-bcb4-be180eef0f1b
INFO  [16:49:23.234] [bbotk] Evaluating 1 configuration(s)
INFO  [16:49:23.591] [bbotk] Result of batch 2:
INFO  [16:49:23.595] [bbotk]    laplace classif.ce warnings errors runtime_learners
INFO  [16:49:23.595] [bbotk]  0.1793831  0.3253333        0      0            0.314
INFO  [16:49:23.595] [bbotk]                                 uhash
INFO  [16:49:23.595] [bbotk]  cdc8d223-a1e7-4cdc-ab77-dc419653e87d
INFO  [16:49:23.601] [bbotk] Evaluating 1 configuration(s)
INFO  [16:49:23.976] [bbotk] Result of batch 3:
INFO  [16:49:23.977] [bbotk]    laplace classif.ce warnings errors runtime_learners
INFO  [16:49:23.977] [bbotk]  0.8569357  0.3253333        0      0            0.321
INFO  [16:49:23.977] [bbotk]                                 uhash
INFO  [16:49:23.977] [bbotk]  a0dafc10-4c9c-4c74-a469-2819583c60e9
INFO  [16:49:23.992] [bbotk] Finished optimizing after 3 evaluation(s)
INFO  [16:49:23.994] [bbotk] Result:
INFO  [16:49:23.995] [bbotk]    laplace learner_param_vals  x_domain classif.ce
INFO  [16:49:23.995] [bbotk]      <num>             <list>    <list>      <num>
INFO  [16:49:23.995] [bbotk]  0.5296993          <list[1]> <list[1]>  0.3253333
INFO  [16:49:24.118] [bbotk] Starting to optimize 1 parameter(s) with '<OptimizerBatchRandomSearch>' and '<TerminatorEvals> [n_evals=3, k=0]'
INFO  [16:49:24.125] [bbotk] Evaluating 1 configuration(s)
INFO  [16:49:24.486] [bbotk] Result of batch 1:
INFO  [16:49:24.488] [bbotk]    laplace classif.ce warnings errors runtime_learners
INFO  [16:49:24.488] [bbotk]  0.3958182  0.3419196        0      0            0.317
INFO  [16:49:24.488] [bbotk]                                 uhash
INFO  [16:49:24.488] [bbotk]  46e22a38-7c64-4a0d-ab86-f90e8456165e
INFO  [16:49:24.491] [bbotk] Evaluating 1 configuration(s)
INFO  [16:49:24.918] [bbotk] Result of batch 2:
INFO  [16:49:24.920] [bbotk]    laplace classif.ce warnings errors runtime_learners
INFO  [16:49:24.920] [bbotk]  0.9096986  0.3419196        0      0            0.377
INFO  [16:49:24.920] [bbotk]                                 uhash
INFO  [16:49:24.920] [bbotk]  70932d40-d4ec-4bfc-9175-c7d161129f88
INFO  [16:49:24.926] [bbotk] Evaluating 1 configuration(s)
INFO  [16:49:25.333] [bbotk] Result of batch 3:
INFO  [16:49:25.334] [bbotk]     laplace classif.ce warnings errors runtime_learners
INFO  [16:49:25.334] [bbotk]  0.02576307  0.3419196        0      0            0.339
INFO  [16:49:25.334] [bbotk]                                 uhash
INFO  [16:49:25.334] [bbotk]  b24d5409-b1f1-4cc1-bf7a-873cc48bd78e
INFO  [16:49:25.342] [bbotk] Finished optimizing after 3 evaluation(s)
INFO  [16:49:25.342] [bbotk] Result:
INFO  [16:49:25.343] [bbotk]    laplace learner_param_vals  x_domain classif.ce
INFO  [16:49:25.343] [bbotk]      <num>             <list>    <list>      <num>
INFO  [16:49:25.343] [bbotk]  0.3958182          <list[1]> <list[1]>  0.3419196
INFO  [16:49:25.506] [bbotk] Starting to optimize 1 parameter(s) with '<OptimizerBatchRandomSearch>' and '<TerminatorEvals> [n_evals=3, k=0]'
INFO  [16:49:25.511] [bbotk] Evaluating 1 configuration(s)
INFO  [16:49:25.869] [bbotk] Result of batch 1:
INFO  [16:49:25.870] [bbotk]   laplace classif.ce warnings errors runtime_learners
INFO  [16:49:25.870] [bbotk]  0.554074  0.2920969        0      0            0.323
INFO  [16:49:25.870] [bbotk]                                 uhash
INFO  [16:49:25.870] [bbotk]  7aecc779-36d6-4201-90c0-414589214688
INFO  [16:49:25.872] [bbotk] Evaluating 1 configuration(s)
INFO  [16:49:26.251] [bbotk] Result of batch 2:
INFO  [16:49:26.253] [bbotk]    laplace classif.ce warnings errors runtime_learners
INFO  [16:49:26.253] [bbotk]  0.6834068  0.2920969        0      0            0.317
INFO  [16:49:26.253] [bbotk]                                 uhash
INFO  [16:49:26.253] [bbotk]  654de27d-7793-4172-8495-eb3429460e17
INFO  [16:49:26.264] [bbotk] Evaluating 1 configuration(s)
INFO  [16:49:26.633] [bbotk] Result of batch 3:
INFO  [16:49:26.635] [bbotk]    laplace classif.ce warnings errors runtime_learners
INFO  [16:49:26.635] [bbotk]  0.6060802  0.2920969        0      0            0.328
INFO  [16:49:26.635] [bbotk]                                 uhash
INFO  [16:49:26.635] [bbotk]  335cb3da-0b11-4c4b-a257-b1a0fc9d3061
INFO  [16:49:26.645] [bbotk] Finished optimizing after 3 evaluation(s)
INFO  [16:49:26.645] [bbotk] Result:
INFO  [16:49:26.647] [bbotk]   laplace learner_param_vals  x_domain classif.ce
INFO  [16:49:26.647] [bbotk]     <num>             <list>    <list>      <num>
INFO  [16:49:26.647] [bbotk]  0.554074          <list[1]> <list[1]>  0.2920969
INFO  [16:49:26.801] [bbotk] Starting to optimize 1 parameter(s) with '<OptimizerBatchRandomSearch>' and '<TerminatorEvals> [n_evals=3, k=0]'
INFO  [16:49:26.806] [bbotk] Evaluating 1 configuration(s)
INFO  [16:49:27.216] [bbotk] Result of batch 1:
INFO  [16:49:27.217] [bbotk]    laplace classif.ce warnings errors runtime_learners
INFO  [16:49:27.217] [bbotk]  0.6499279  0.2149551        0      0            0.369
INFO  [16:49:27.217] [bbotk]                                 uhash
INFO  [16:49:27.217] [bbotk]  c1e6d605-bd66-4ffa-8524-7fc5164ea950
INFO  [16:49:27.219] [bbotk] Evaluating 1 configuration(s)
INFO  [16:49:27.661] [bbotk] Result of batch 2:
INFO  [16:49:27.662] [bbotk]    laplace classif.ce warnings errors runtime_learners
INFO  [16:49:27.662] [bbotk]  0.8344465  0.2149551        0      0            0.397
INFO  [16:49:27.662] [bbotk]                                 uhash
INFO  [16:49:27.662] [bbotk]  fcb5a422-1295-43e0-a9f6-0b24ab21201e
INFO  [16:49:27.668] [bbotk] Evaluating 1 configuration(s)
INFO  [16:49:28.065] [bbotk] Result of batch 3:
INFO  [16:49:28.067] [bbotk]    laplace classif.ce warnings errors runtime_learners
INFO  [16:49:28.067] [bbotk]  0.6271407  0.2149551        0      0            0.348
INFO  [16:49:28.067] [bbotk]                                 uhash
INFO  [16:49:28.067] [bbotk]  461611c8-046a-4ec8-bf5c-4672adab546f
INFO  [16:49:28.084] [bbotk] Finished optimizing after 3 evaluation(s)
INFO  [16:49:28.084] [bbotk] Result:
INFO  [16:49:28.087] [bbotk]    laplace learner_param_vals  x_domain classif.ce
INFO  [16:49:28.087] [bbotk]      <num>             <list>    <list>      <num>
INFO  [16:49:28.087] [bbotk]  0.6499279          <list[1]> <list[1]>  0.2149551
[1] -3.720104
[1] 2.46951
[1] -4.107229
[1] 0.8229466
[1] -7.486957
[1] -1.934199
[1] -4.778334
[1] 5.029375
[1] -1.504956
[1] 7.935547
Warning in value[[3L]](cond) :
  beta_calibration failed: uniroot endpoint sign mismatch.
This happened PipeOp classif.naive_bayes's $train()

### [bt]: Job terminated successfully [batchtools job.id=1230]
### [bt]: Calculation finished!
