### [bt]: This is batchtools v0.9.17
### [bt]: Starting calculation of 5 jobs
### [bt]: Setting working directory to '/Users/User/Documents/Studium/Semester8/Hiwi/mlr3calibration/vignettes'
### [bt]: Memory measurement disabled
### [bt]: Starting job [batchtools job.id=2521]
### [bt]: Generating problem instance for problem '34d90df810f60583' ...
### [bt]: Applying algorithm 'run_learner' on problem '34d90df810f60583' for job 2521 (seed = 2522) ...
INFO  [17:12:49.384] [mlr3] Applying learner 'classif.ranger.tuned_calib.perfold_beta' on task 'phoneme' (iter 1/10)
INFO  [17:12:49.412] [bbotk] Starting to optimize 1 parameter(s) with '<OptimizerBatchRandomSearch>' and '<TerminatorEvals> [n_evals=3, k=0]'
INFO  [17:12:49.416] [bbotk] Evaluating 1 configuration(s)
INFO  [17:12:50.783] [bbotk] Result of batch 1:
INFO  [17:12:50.784] [bbotk]  num.trees classif.ce warnings errors runtime_learners
INFO  [17:12:50.784] [bbotk]        274    0.11054        0      0            1.332
INFO  [17:12:50.784] [bbotk]                                 uhash
INFO  [17:12:50.784] [bbotk]  9f2dc01a-ffdd-4528-b560-cbfe2b52be34
INFO  [17:12:50.786] [bbotk] Evaluating 1 configuration(s)
INFO  [17:12:52.770] [bbotk] Result of batch 2:
INFO  [17:12:52.771] [bbotk]  num.trees classif.ce warnings errors runtime_learners
INFO  [17:12:52.771] [bbotk]        358  0.1113112        0      0            1.943
INFO  [17:12:52.771] [bbotk]                                 uhash
INFO  [17:12:52.771] [bbotk]  5d11cfcd-7f6e-4558-90e0-3f3d1cb14294
INFO  [17:12:52.773] [bbotk] Evaluating 1 configuration(s)
INFO  [17:12:54.687] [bbotk] Result of batch 3:
INFO  [17:12:54.688] [bbotk]  num.trees classif.ce warnings errors runtime_learners
INFO  [17:12:54.688] [bbotk]        307  0.1107972        0      0            1.864
INFO  [17:12:54.688] [bbotk]                                 uhash
INFO  [17:12:54.688] [bbotk]  edcc7543-f575-4223-bcf8-1000ac567ac2
INFO  [17:12:54.694] [bbotk] Finished optimizing after 3 evaluation(s)
INFO  [17:12:54.695] [bbotk] Result:
INFO  [17:12:54.695] [bbotk]  num.trees learner_param_vals  x_domain classif.ce
INFO  [17:12:54.695] [bbotk]      <int>             <list>    <list>      <num>
INFO  [17:12:54.695] [bbotk]        274          <list[2]> <list[1]>    0.11054
INFO  [17:12:55.503] [bbotk] Starting to optimize 1 parameter(s) with '<OptimizerBatchRandomSearch>' and '<TerminatorEvals> [n_evals=3, k=0]'
INFO  [17:12:55.507] [bbotk] Evaluating 1 configuration(s)
INFO  [17:12:57.696] [bbotk] Result of batch 1:
INFO  [17:12:57.698] [bbotk]  num.trees classif.ce warnings errors runtime_learners
INFO  [17:12:57.698] [bbotk]        426  0.1046275        0      0            2.156
INFO  [17:12:57.698] [bbotk]                                 uhash
INFO  [17:12:57.698] [bbotk]  04e2e225-8360-4d33-a9ed-4653c566a125
INFO  [17:12:57.703] [bbotk] Evaluating 1 configuration(s)
INFO  [17:12:58.966] [bbotk] Result of batch 2:
INFO  [17:12:58.967] [bbotk]  num.trees classif.ce warnings errors runtime_learners
INFO  [17:12:58.967] [bbotk]        239    0.10797        0      0            1.228
INFO  [17:12:58.967] [bbotk]                                 uhash
INFO  [17:12:58.967] [bbotk]  6e14a212-20d6-4097-915b-2b8c714c2326
INFO  [17:12:58.969] [bbotk] Evaluating 1 configuration(s)
INFO  [17:12:59.570] [bbotk] Result of batch 3:
INFO  [17:12:59.571] [bbotk]  num.trees classif.ce warnings errors runtime_learners
INFO  [17:12:59.571] [bbotk]        118  0.1082274        0      0            0.566
INFO  [17:12:59.571] [bbotk]                                 uhash
INFO  [17:12:59.571] [bbotk]  15d0d529-91e0-4728-96a4-71e60e29b920
INFO  [17:12:59.576] [bbotk] Finished optimizing after 3 evaluation(s)
INFO  [17:12:59.577] [bbotk] Result:
INFO  [17:12:59.577] [bbotk]  num.trees learner_param_vals  x_domain classif.ce
INFO  [17:12:59.577] [bbotk]      <int>             <list>    <list>      <num>
INFO  [17:12:59.577] [bbotk]        426          <list[2]> <list[1]>  0.1046275
INFO  [17:13:00.874] [bbotk] Starting to optimize 1 parameter(s) with '<OptimizerBatchRandomSearch>' and '<TerminatorEvals> [n_evals=3, k=0]'
INFO  [17:13:00.879] [bbotk] Evaluating 1 configuration(s)
INFO  [17:13:03.180] [bbotk] Result of batch 1:
INFO  [17:13:03.182] [bbotk]  num.trees classif.ce warnings errors runtime_learners
INFO  [17:13:03.182] [bbotk]        423  0.1138796        0      0             2.26
INFO  [17:13:03.182] [bbotk]                                 uhash
INFO  [17:13:03.182] [bbotk]  64bb0f6a-e1f1-4641-a51b-f94e026020f4
INFO  [17:13:03.187] [bbotk] Evaluating 1 configuration(s)
INFO  [17:13:04.831] [bbotk] Result of batch 2:
INFO  [17:13:04.832] [bbotk]  num.trees classif.ce warnings errors runtime_learners
INFO  [17:13:04.832] [bbotk]        329  0.1159375        0      0             1.61
INFO  [17:13:04.832] [bbotk]                                 uhash
INFO  [17:13:04.832] [bbotk]  91361bff-0539-4a82-9ecb-07dd6365cce6
INFO  [17:13:04.834] [bbotk] Evaluating 1 configuration(s)
INFO  [17:13:06.928] [bbotk] Result of batch 3:
INFO  [17:13:06.929] [bbotk]  num.trees classif.ce warnings errors runtime_learners
INFO  [17:13:06.929] [bbotk]        428  0.1149079        0      0            2.067
INFO  [17:13:06.929] [bbotk]                                 uhash
INFO  [17:13:06.929] [bbotk]  50b8845b-b987-4695-b740-d1ece42a638a
INFO  [17:13:06.935] [bbotk] Finished optimizing after 3 evaluation(s)
INFO  [17:13:06.935] [bbotk] Result:
INFO  [17:13:06.936] [bbotk]  num.trees learner_param_vals  x_domain classif.ce
INFO  [17:13:06.936] [bbotk]      <int>             <list>    <list>      <num>
INFO  [17:13:06.936] [bbotk]        423          <list[2]> <list[1]>  0.1138796
INFO  [17:13:08.253] [bbotk] Starting to optimize 1 parameter(s) with '<OptimizerBatchRandomSearch>' and '<TerminatorEvals> [n_evals=3, k=0]'
INFO  [17:13:08.258] [bbotk] Evaluating 1 configuration(s)
INFO  [17:13:10.751] [bbotk] Result of batch 1:
INFO  [17:13:10.752] [bbotk]  num.trees classif.ce warnings errors runtime_learners
INFO  [17:13:10.752] [bbotk]        448  0.1159085        0      0            2.462
INFO  [17:13:10.752] [bbotk]                                 uhash
INFO  [17:13:10.752] [bbotk]  079898cd-8053-4268-a480-8150afff7f73
INFO  [17:13:10.755] [bbotk] Evaluating 1 configuration(s)
INFO  [17:13:13.171] [bbotk] Result of batch 2:
INFO  [17:13:13.172] [bbotk]  num.trees classif.ce warnings errors runtime_learners
INFO  [17:13:13.172] [bbotk]        449  0.1141095        0      0            2.385
INFO  [17:13:13.172] [bbotk]                                 uhash
INFO  [17:13:13.172] [bbotk]  38bfd443-b36b-406d-b069-5d5289b43e35
INFO  [17:13:13.174] [bbotk] Evaluating 1 configuration(s)
INFO  [17:13:15.325] [bbotk] Result of batch 3:
INFO  [17:13:15.326] [bbotk]  num.trees classif.ce warnings errors runtime_learners
INFO  [17:13:15.326] [bbotk]        419  0.1151375        0      0            2.121
INFO  [17:13:15.326] [bbotk]                                 uhash
INFO  [17:13:15.326] [bbotk]  df03752d-f040-4ab7-8fa5-8c6ce8abaaa6
INFO  [17:13:15.332] [bbotk] Finished optimizing after 3 evaluation(s)
INFO  [17:13:15.332] [bbotk] Result:
INFO  [17:13:15.333] [bbotk]  num.trees learner_param_vals  x_domain classif.ce
INFO  [17:13:15.333] [bbotk]      <int>             <list>    <list>      <num>
INFO  [17:13:15.333] [bbotk]        449          <list[2]> <list[1]>  0.1141095
INFO  [17:13:16.668] [bbotk] Starting to optimize 1 parameter(s) with '<OptimizerBatchRandomSearch>' and '<TerminatorEvals> [n_evals=3, k=0]'
INFO  [17:13:16.678] [bbotk] Evaluating 1 configuration(s)
INFO  [17:13:17.557] [bbotk] Result of batch 1:
INFO  [17:13:17.558] [bbotk]  num.trees classif.ce warnings errors runtime_learners
INFO  [17:13:17.558] [bbotk]        176  0.1151375        0      0            0.845
INFO  [17:13:17.558] [bbotk]                                 uhash
INFO  [17:13:17.558] [bbotk]  bcfdbd9d-5fd9-4632-8434-f442d3e9036b
INFO  [17:13:17.560] [bbotk] Evaluating 1 configuration(s)
INFO  [17:13:19.577] [bbotk] Result of batch 2:
INFO  [17:13:19.578] [bbotk]  num.trees classif.ce warnings errors runtime_learners
INFO  [17:13:19.578] [bbotk]        378  0.1164225        0      0            1.984
INFO  [17:13:19.578] [bbotk]                                 uhash
INFO  [17:13:19.578] [bbotk]  f3b18ed5-fc6e-416e-9566-9dd54522b4ea
INFO  [17:13:19.581] [bbotk] Evaluating 1 configuration(s)
INFO  [17:13:20.982] [bbotk] Result of batch 3:
INFO  [17:13:20.983] [bbotk]  num.trees classif.ce warnings errors runtime_learners
INFO  [17:13:20.983] [bbotk]        311  0.1153945        0      0             1.37
INFO  [17:13:20.983] [bbotk]                                 uhash
INFO  [17:13:20.983] [bbotk]  eef5d9bc-62eb-4d24-a71b-a01976a4cf41
INFO  [17:13:20.988] [bbotk] Finished optimizing after 3 evaluation(s)
INFO  [17:13:20.989] [bbotk] Result:
INFO  [17:13:20.989] [bbotk]  num.trees learner_param_vals  x_domain classif.ce
INFO  [17:13:20.989] [bbotk]      <int>             <list>    <list>      <num>
INFO  [17:13:20.989] [bbotk]        176          <list[2]> <list[1]>  0.1151375
[1] -100.9234
[1] 20.59391
Warning: glm.fit: fitted probabilities numerically 0 or 1 occurred
This happened PipeOp classif.ranger's $train()
[1] -69.98216
[1] 31.4069
[1] -87.79448
[1] 27.14162
Warning: glm.fit: fitted probabilities numerically 0 or 1 occurred
This happened PipeOp classif.ranger's $train()
[1] -73.05303
[1] 31.70407
Warning: glm.fit: fitted probabilities numerically 0 or 1 occurred
This happened PipeOp classif.ranger's $train()
[1] -54.3482
[1] 51.39407

### [bt]: Job terminated successfully [batchtools job.id=2521]
### [bt]: Starting job [batchtools job.id=2522]
### [bt]: Generating problem instance for problem '34d90df810f60583' ...
### [bt]: Applying algorithm 'run_learner' on problem '34d90df810f60583' for job 2522 (seed = 2523) ...
INFO  [17:13:21.877] [mlr3] Applying learner 'classif.ranger.tuned_calib.perfold_beta' on task 'phoneme' (iter 2/10)
INFO  [17:13:21.964] [bbotk] Starting to optimize 1 parameter(s) with '<OptimizerBatchRandomSearch>' and '<TerminatorEvals> [n_evals=3, k=0]'
INFO  [17:13:21.976] [bbotk] Evaluating 1 configuration(s)
INFO  [17:13:24.169] [bbotk] Result of batch 1:
INFO  [17:13:24.170] [bbotk]  num.trees classif.ce warnings errors runtime_learners
INFO  [17:13:24.170] [bbotk]        401  0.1161899        0      0            2.157
INFO  [17:13:24.170] [bbotk]                                 uhash
INFO  [17:13:24.170] [bbotk]  d0b1e936-6e63-4d85-8c5f-c25259ef5091
INFO  [17:13:24.172] [bbotk] Evaluating 1 configuration(s)
INFO  [17:13:24.839] [bbotk] Result of batch 2:
INFO  [17:13:24.840] [bbotk]  num.trees classif.ce warnings errors runtime_learners
INFO  [17:13:24.840] [bbotk]        138  0.1154185        0      0            0.628
INFO  [17:13:24.840] [bbotk]                                 uhash
INFO  [17:13:24.840] [bbotk]  7df58e30-1bab-4c62-8883-358c28930692
INFO  [17:13:24.842] [bbotk] Evaluating 1 configuration(s)
INFO  [17:13:25.714] [bbotk] Result of batch 3:
INFO  [17:13:25.714] [bbotk]  num.trees classif.ce warnings errors runtime_learners
INFO  [17:13:25.714] [bbotk]        183  0.1151615        0      0            0.828
INFO  [17:13:25.714] [bbotk]                                 uhash
INFO  [17:13:25.714] [bbotk]  aa149f2a-60cd-43cd-bf5e-d796dfddb9a7
INFO  [17:13:25.722] [bbotk] Finished optimizing after 3 evaluation(s)
INFO  [17:13:25.723] [bbotk] Result:
INFO  [17:13:25.724] [bbotk]  num.trees learner_param_vals  x_domain classif.ce
INFO  [17:13:25.724] [bbotk]      <int>             <list>    <list>      <num>
INFO  [17:13:25.724] [bbotk]        183          <list[2]> <list[1]>  0.1151615
INFO  [17:13:26.253] [bbotk] Starting to optimize 1 parameter(s) with '<OptimizerBatchRandomSearch>' and '<TerminatorEvals> [n_evals=3, k=0]'
INFO  [17:13:26.269] [bbotk] Evaluating 1 configuration(s)
INFO  [17:13:28.051] [bbotk] Result of batch 1:
INFO  [17:13:28.052] [bbotk]  num.trees classif.ce warnings errors runtime_learners
INFO  [17:13:28.052] [bbotk]        347  0.1179943        0      0            1.747
INFO  [17:13:28.052] [bbotk]                                 uhash
INFO  [17:13:28.052] [bbotk]  f0d8c12b-7da7-449d-874f-264acd628ee0
INFO  [17:13:28.057] [bbotk] Evaluating 1 configuration(s)
INFO  [17:13:29.462] [bbotk] Result of batch 2:
INFO  [17:13:29.463] [bbotk]  num.trees classif.ce warnings errors runtime_learners
INFO  [17:13:29.463] [bbotk]        284  0.1179941        0      0             1.37
INFO  [17:13:29.463] [bbotk]                                 uhash
INFO  [17:13:29.463] [bbotk]  8a786736-3bb1-48f4-8cfa-286b39cfec87
INFO  [17:13:29.468] [bbotk] Evaluating 1 configuration(s)
INFO  [17:13:32.056] [bbotk] Result of batch 3:
INFO  [17:13:32.057] [bbotk]  num.trees classif.ce warnings errors runtime_learners
INFO  [17:13:32.057] [bbotk]        481  0.1164513        0      0            2.546
INFO  [17:13:32.057] [bbotk]                                 uhash
INFO  [17:13:32.057] [bbotk]  c1ea0d48-21c2-4735-bb35-55bb93f4aa10
INFO  [17:13:32.064] [bbotk] Finished optimizing after 3 evaluation(s)
INFO  [17:13:32.065] [bbotk] Result:
INFO  [17:13:32.065] [bbotk]  num.trees learner_param_vals  x_domain classif.ce
INFO  [17:13:32.065] [bbotk]      <int>             <list>    <list>      <num>
INFO  [17:13:32.065] [bbotk]        481          <list[2]> <list[1]>  0.1164513
INFO  [17:13:33.310] [bbotk] Starting to optimize 1 parameter(s) with '<OptimizerBatchRandomSearch>' and '<TerminatorEvals> [n_evals=3, k=0]'
INFO  [17:13:33.314] [bbotk] Evaluating 1 configuration(s)
INFO  [17:13:34.604] [bbotk] Result of batch 1:
INFO  [17:13:34.606] [bbotk]  num.trees classif.ce warnings errors runtime_learners
INFO  [17:13:34.606] [bbotk]        264   0.116969        0      0            1.252
INFO  [17:13:34.606] [bbotk]                                 uhash
INFO  [17:13:34.606] [bbotk]  e3522e07-d342-4052-9521-a54c3a388447
INFO  [17:13:34.611] [bbotk] Evaluating 1 configuration(s)
INFO  [17:13:36.931] [bbotk] Result of batch 2:
INFO  [17:13:36.932] [bbotk]  num.trees classif.ce warnings errors runtime_learners
INFO  [17:13:36.932] [bbotk]        434  0.1161978        0      0            2.286
INFO  [17:13:36.932] [bbotk]                                 uhash
INFO  [17:13:36.932] [bbotk]  4cd5337a-f180-4f6b-96a7-24f9f0c5f508
INFO  [17:13:36.934] [bbotk] Evaluating 1 configuration(s)
INFO  [17:13:37.740] [bbotk] Result of batch 3:
INFO  [17:13:37.742] [bbotk]  num.trees classif.ce warnings errors runtime_learners
INFO  [17:13:37.742] [bbotk]        166   0.116712        0      0            0.768
INFO  [17:13:37.742] [bbotk]                                 uhash
INFO  [17:13:37.742] [bbotk]  655a943d-ccaa-4b4f-8c96-eacfc7f8380e
INFO  [17:13:37.750] [bbotk] Finished optimizing after 3 evaluation(s)
INFO  [17:13:37.750] [bbotk] Result:
INFO  [17:13:37.751] [bbotk]  num.trees learner_param_vals  x_domain classif.ce
INFO  [17:13:37.751] [bbotk]      <int>             <list>    <list>      <num>
INFO  [17:13:37.751] [bbotk]        434          <list[2]> <list[1]>  0.1161978
INFO  [17:13:39.016] [bbotk] Starting to optimize 1 parameter(s) with '<OptimizerBatchRandomSearch>' and '<TerminatorEvals> [n_evals=3, k=0]'
INFO  [17:13:39.020] [bbotk] Evaluating 1 configuration(s)
INFO  [17:13:39.655] [bbotk] Result of batch 1:
INFO  [17:13:39.656] [bbotk]  num.trees classif.ce warnings errors runtime_learners
INFO  [17:13:39.656] [bbotk]        112  0.1174505        0      0            0.596
INFO  [17:13:39.656] [bbotk]                                 uhash
INFO  [17:13:39.656] [bbotk]  0bf82af2-4e92-43de-a151-edca0563d2b8
INFO  [17:13:39.658] [bbotk] Evaluating 1 configuration(s)
INFO  [17:13:40.242] [bbotk] Result of batch 2:
INFO  [17:13:40.243] [bbotk]  num.trees classif.ce warnings errors runtime_learners
INFO  [17:13:40.243] [bbotk]        121  0.1182215        0      0            0.545
INFO  [17:13:40.243] [bbotk]                                 uhash
INFO  [17:13:40.243] [bbotk]  41dfe054-e878-4d00-a01d-97184aa1b4ab
INFO  [17:13:40.246] [bbotk] Evaluating 1 configuration(s)
INFO  [17:13:41.320] [bbotk] Result of batch 3:
INFO  [17:13:41.321] [bbotk]  num.trees classif.ce warnings errors runtime_learners
INFO  [17:13:41.321] [bbotk]        204  0.1182215        0      0            1.023
INFO  [17:13:41.321] [bbotk]                                 uhash
INFO  [17:13:41.321] [bbotk]  5a354d40-81e2-40d2-931a-15ef641d3a26
INFO  [17:13:41.338] [bbotk] Finished optimizing after 3 evaluation(s)
INFO  [17:13:41.339] [bbotk] Result:
INFO  [17:13:41.343] [bbotk]  num.trees learner_param_vals  x_domain classif.ce
INFO  [17:13:41.343] [bbotk]      <int>             <list>    <list>      <num>
INFO  [17:13:41.343] [bbotk]        112          <list[2]> <list[1]>  0.1174505
INFO  [17:13:41.678] [bbotk] Starting to optimize 1 parameter(s) with '<OptimizerBatchRandomSearch>' and '<TerminatorEvals> [n_evals=3, k=0]'
INFO  [17:13:41.684] [bbotk] Evaluating 1 configuration(s)
INFO  [17:13:42.865] [bbotk] Result of batch 1:
INFO  [17:13:42.865] [bbotk]  num.trees classif.ce warnings errors runtime_learners
INFO  [17:13:42.865] [bbotk]        215  0.1151375        0      0             1.15
INFO  [17:13:42.865] [bbotk]                                 uhash
INFO  [17:13:42.865] [bbotk]  9ad9a93f-4d73-450d-bceb-167ecc3fc806
INFO  [17:13:42.867] [bbotk] Evaluating 1 configuration(s)
INFO  [17:13:43.728] [bbotk] Result of batch 2:
INFO  [17:13:43.729] [bbotk]  num.trees classif.ce warnings errors runtime_learners
INFO  [17:13:43.729] [bbotk]        164  0.1148805        0      0             0.82
INFO  [17:13:43.729] [bbotk]                                 uhash
INFO  [17:13:43.729] [bbotk]  3848cf65-e797-4716-bb74-7ed69d9de5ae
INFO  [17:13:43.732] [bbotk] Evaluating 1 configuration(s)
INFO  [17:13:45.714] [bbotk] Result of batch 3:
INFO  [17:13:45.716] [bbotk]  num.trees classif.ce warnings errors runtime_learners
INFO  [17:13:45.716] [bbotk]        393  0.1138525        0      0            1.936
INFO  [17:13:45.716] [bbotk]                                 uhash
INFO  [17:13:45.716] [bbotk]  a1e07a9e-1627-4ff6-a475-82424a427b68
INFO  [17:13:45.725] [bbotk] Finished optimizing after 3 evaluation(s)
INFO  [17:13:45.725] [bbotk] Result:
INFO  [17:13:45.726] [bbotk]  num.trees learner_param_vals  x_domain classif.ce
INFO  [17:13:45.726] [bbotk]      <int>             <list>    <list>      <num>
INFO  [17:13:45.726] [bbotk]        393          <list[2]> <list[1]>  0.1138525
Warning: glm.fit: fitted probabilities numerically 0 or 1 occurred
This happened PipeOp classif.ranger's $train()
[1] -87.16084
[1] 30.61431
[1] -122.0162
[1] 15.93046
[1] -89.29737
[1] 21.25599
Warning: glm.fit: fitted probabilities numerically 0 or 1 occurred
This happened PipeOp classif.ranger's $train()
[1] -47.74017
[1] 55.36461
Warning: glm.fit: fitted probabilities numerically 0 or 1 occurred
This happened PipeOp classif.ranger's $train()
[1] -77.47061
[1] 32.77362

### [bt]: Job terminated successfully [batchtools job.id=2522]
### [bt]: Starting job [batchtools job.id=2523]
### [bt]: Generating problem instance for problem '34d90df810f60583' ...
### [bt]: Applying algorithm 'run_learner' on problem '34d90df810f60583' for job 2523 (seed = 2524) ...
INFO  [17:13:47.229] [mlr3] Applying learner 'classif.ranger.tuned_calib.perfold_beta' on task 'phoneme' (iter 3/10)
INFO  [17:13:47.271] [bbotk] Starting to optimize 1 parameter(s) with '<OptimizerBatchRandomSearch>' and '<TerminatorEvals> [n_evals=3, k=0]'
INFO  [17:13:47.275] [bbotk] Evaluating 1 configuration(s)
INFO  [17:13:48.691] [bbotk] Result of batch 1:
INFO  [17:13:48.692] [bbotk]  num.trees classif.ce warnings errors runtime_learners
INFO  [17:13:48.692] [bbotk]        278  0.1097674        0      0            1.385
INFO  [17:13:48.692] [bbotk]                                 uhash
INFO  [17:13:48.692] [bbotk]  0d674ae2-1779-4e05-b4af-8840f1401628
INFO  [17:13:48.696] [bbotk] Evaluating 1 configuration(s)
INFO  [17:13:49.494] [bbotk] Result of batch 2:
INFO  [17:13:49.495] [bbotk]  num.trees classif.ce warnings errors runtime_learners
INFO  [17:13:49.495] [bbotk]        170  0.1115686        0      0            0.766
INFO  [17:13:49.495] [bbotk]                                 uhash
INFO  [17:13:49.495] [bbotk]  66cbee53-39c5-4115-bae0-72c03f5f9c3f
INFO  [17:13:49.497] [bbotk] Evaluating 1 configuration(s)
INFO  [17:13:50.223] [bbotk] Result of batch 3:
INFO  [17:13:50.224] [bbotk]  num.trees classif.ce warnings errors runtime_learners
INFO  [17:13:50.224] [bbotk]        148  0.1102816        0      0            0.691
INFO  [17:13:50.224] [bbotk]                                 uhash
INFO  [17:13:50.224] [bbotk]  cd607b30-9b65-48db-ae8f-e4634b4a57e2
INFO  [17:13:50.456] [bbotk] Finished optimizing after 3 evaluation(s)
INFO  [17:13:50.456] [bbotk] Result:
INFO  [17:13:50.457] [bbotk]  num.trees learner_param_vals  x_domain classif.ce
INFO  [17:13:50.457] [bbotk]      <int>             <list>    <list>      <num>
INFO  [17:13:50.457] [bbotk]        278          <list[2]> <list[1]>  0.1097674
INFO  [17:13:51.338] [bbotk] Starting to optimize 1 parameter(s) with '<OptimizerBatchRandomSearch>' and '<TerminatorEvals> [n_evals=3, k=0]'
INFO  [17:13:51.342] [bbotk] Evaluating 1 configuration(s)
INFO  [17:13:52.993] [bbotk] Result of batch 1:
INFO  [17:13:52.994] [bbotk]  num.trees classif.ce warnings errors runtime_learners
INFO  [17:13:52.994] [bbotk]        335   0.108484        0      0            1.622
INFO  [17:13:52.994] [bbotk]                                 uhash
INFO  [17:13:52.994] [bbotk]  01c3ec48-52a1-4fe6-a479-25e771e160e6
INFO  [17:13:52.996] [bbotk] Evaluating 1 configuration(s)
INFO  [17:13:54.590] [bbotk] Result of batch 2:
INFO  [17:13:54.590] [bbotk]  num.trees classif.ce warnings errors runtime_learners
INFO  [17:13:54.590] [bbotk]        317  0.1066855        0      0            1.557
INFO  [17:13:54.590] [bbotk]                                 uhash
INFO  [17:13:54.590] [bbotk]  0626aac5-9d94-4298-a5f1-2644d9416118
INFO  [17:13:54.593] [bbotk] Evaluating 1 configuration(s)
INFO  [17:13:55.902] [bbotk] Result of batch 3:
INFO  [17:13:55.903] [bbotk]  num.trees classif.ce warnings errors runtime_learners
INFO  [17:13:55.903] [bbotk]        274  0.1079706        0      0            1.272
INFO  [17:13:55.903] [bbotk]                                 uhash
INFO  [17:13:55.903] [bbotk]  62a99f79-1096-4976-95df-e04cfb1de7df
INFO  [17:13:55.915] [bbotk] Finished optimizing after 3 evaluation(s)
INFO  [17:13:55.915] [bbotk] Result:
INFO  [17:13:55.916] [bbotk]  num.trees learner_param_vals  x_domain classif.ce
INFO  [17:13:55.916] [bbotk]      <int>             <list>    <list>      <num>
INFO  [17:13:55.916] [bbotk]        317          <list[2]> <list[1]>  0.1066855
INFO  [17:13:56.790] [bbotk] Starting to optimize 1 parameter(s) with '<OptimizerBatchRandomSearch>' and '<TerminatorEvals> [n_evals=3, k=0]'
INFO  [17:13:56.794] [bbotk] Evaluating 1 configuration(s)
INFO  [17:13:58.861] [bbotk] Result of batch 1:
INFO  [17:13:58.862] [bbotk]  num.trees classif.ce warnings errors runtime_learners
INFO  [17:13:58.862] [bbotk]        409    0.11105        0      0            2.036
INFO  [17:13:58.862] [bbotk]                                 uhash
INFO  [17:13:58.862] [bbotk]  025840ab-8d80-419d-95ab-629abd751677
INFO  [17:13:58.866] [bbotk] Evaluating 1 configuration(s)
INFO  [17:13:59.480] [bbotk] Result of batch 2:
INFO  [17:13:59.481] [bbotk]  num.trees classif.ce warnings errors runtime_learners
INFO  [17:13:59.481] [bbotk]        122  0.1136215        0      0            0.571
INFO  [17:13:59.481] [bbotk]                                 uhash
INFO  [17:13:59.481] [bbotk]  21d6aa8b-0bea-484c-94f5-48f0afeb1959
INFO  [17:13:59.483] [bbotk] Evaluating 1 configuration(s)
INFO  [17:14:01.518] [bbotk] Result of batch 3:
INFO  [17:14:01.519] [bbotk]  num.trees classif.ce warnings errors runtime_learners
INFO  [17:14:01.519] [bbotk]        406  0.1136205        0      0            2.002
INFO  [17:14:01.519] [bbotk]                                 uhash
INFO  [17:14:01.519] [bbotk]  22226652-6090-4c41-b264-c548cdf20dfa
INFO  [17:14:01.525] [bbotk] Finished optimizing after 3 evaluation(s)
INFO  [17:14:01.525] [bbotk] Result:
INFO  [17:14:01.526] [bbotk]  num.trees learner_param_vals  x_domain classif.ce
INFO  [17:14:01.526] [bbotk]      <int>             <list>    <list>      <num>
INFO  [17:14:01.526] [bbotk]        409          <list[2]> <list[1]>    0.11105
INFO  [17:14:02.735] [bbotk] Starting to optimize 1 parameter(s) with '<OptimizerBatchRandomSearch>' and '<TerminatorEvals> [n_evals=3, k=0]'
INFO  [17:14:02.742] [bbotk] Evaluating 1 configuration(s)
INFO  [17:14:04.561] [bbotk] Result of batch 1:
INFO  [17:14:04.562] [bbotk]  num.trees classif.ce warnings errors runtime_learners
INFO  [17:14:04.562] [bbotk]        380  0.1171935        0      0            1.787
INFO  [17:14:04.562] [bbotk]                                 uhash
INFO  [17:14:04.562] [bbotk]  e5aa4473-9337-4cd4-a43a-310289c2fc9e
INFO  [17:14:04.564] [bbotk] Evaluating 1 configuration(s)
INFO  [17:14:05.703] [bbotk] Result of batch 2:
INFO  [17:14:05.703] [bbotk]  num.trees classif.ce warnings errors runtime_learners
INFO  [17:14:05.703] [bbotk]        225  0.1182215        0      0            1.101
INFO  [17:14:05.703] [bbotk]                                 uhash
INFO  [17:14:05.703] [bbotk]  c741247d-b1e7-4ab7-98dd-64937a6c2c76
INFO  [17:14:05.706] [bbotk] Evaluating 1 configuration(s)
INFO  [17:14:06.639] [bbotk] Result of batch 3:
INFO  [17:14:06.640] [bbotk]  num.trees classif.ce warnings errors runtime_learners
INFO  [17:14:06.640] [bbotk]        197  0.1135955        0      0            0.902
INFO  [17:14:06.640] [bbotk]                                 uhash
INFO  [17:14:06.640] [bbotk]  d8e2a378-c640-42f2-8933-6c20e28a8f21
INFO  [17:14:06.646] [bbotk] Finished optimizing after 3 evaluation(s)
INFO  [17:14:06.646] [bbotk] Result:
INFO  [17:14:06.647] [bbotk]  num.trees learner_param_vals  x_domain classif.ce
INFO  [17:14:06.647] [bbotk]      <int>             <list>    <list>      <num>
INFO  [17:14:06.647] [bbotk]        197          <list[2]> <list[1]>  0.1135955
INFO  [17:14:07.204] [bbotk] Starting to optimize 1 parameter(s) with '<OptimizerBatchRandomSearch>' and '<TerminatorEvals> [n_evals=3, k=0]'
INFO  [17:14:07.213] [bbotk] Evaluating 1 configuration(s)
INFO  [17:14:07.833] [bbotk] Result of batch 1:
INFO  [17:14:07.834] [bbotk]  num.trees classif.ce warnings errors runtime_learners
INFO  [17:14:07.834] [bbotk]        132  0.1084554        0      0            0.592
INFO  [17:14:07.834] [bbotk]                                 uhash
INFO  [17:14:07.834] [bbotk]  134f15b3-f1b5-4afc-8d24-a2f02228076c
INFO  [17:14:07.836] [bbotk] Evaluating 1 configuration(s)
INFO  [17:14:09.131] [bbotk] Result of batch 2:
INFO  [17:14:09.132] [bbotk]  num.trees classif.ce warnings errors runtime_learners
INFO  [17:14:09.132] [bbotk]        277  0.1074274        0      0            1.262
INFO  [17:14:09.132] [bbotk]                                 uhash
INFO  [17:14:09.132] [bbotk]  10499e7e-0786-43fa-bd07-d555777c61b1
INFO  [17:14:09.135] [bbotk] Evaluating 1 configuration(s)
INFO  [17:14:10.924] [bbotk] Result of batch 3:
INFO  [17:14:10.926] [bbotk]  num.trees classif.ce warnings errors runtime_learners
INFO  [17:14:10.926] [bbotk]        359  0.1105114        0      0            1.742
INFO  [17:14:10.926] [bbotk]                                 uhash
INFO  [17:14:10.926] [bbotk]  c5291e09-c62e-4a43-9159-58da252ca438
INFO  [17:14:10.937] [bbotk] Finished optimizing after 3 evaluation(s)
INFO  [17:14:10.938] [bbotk] Result:
INFO  [17:14:10.940] [bbotk]  num.trees learner_param_vals  x_domain classif.ce
INFO  [17:14:10.940] [bbotk]      <int>             <list>    <list>      <num>
INFO  [17:14:10.940] [bbotk]        277          <list[2]> <list[1]>  0.1074274
Warning: glm.fit: fitted probabilities numerically 0 or 1 occurred
This happened PipeOp classif.ranger's $train()
[1] -92.88659
[1] 17.79774
Warning: glm.fit: fitted probabilities numerically 0 or 1 occurred
This happened PipeOp classif.ranger's $train()
[1] -120.96
[1] 2.117583
[1] -138.8696
[1] 6.724757
Warning: glm.fit: fitted probabilities numerically 0 or 1 occurred
This happened PipeOp classif.ranger's $train()
[1] -46.55821
[1] 65.09136
Warning: glm.fit: fitted probabilities numerically 0 or 1 occurred
This happened PipeOp classif.ranger's $train()
[1] -53.65407
[1] 40.3607

### [bt]: Job terminated successfully [batchtools job.id=2523]
### [bt]: Starting job [batchtools job.id=2524]
### [bt]: Generating problem instance for problem '34d90df810f60583' ...
### [bt]: Applying algorithm 'run_learner' on problem '34d90df810f60583' for job 2524 (seed = 2525) ...
INFO  [17:14:12.053] [mlr3] Applying learner 'classif.ranger.tuned_calib.perfold_beta' on task 'phoneme' (iter 4/10)
INFO  [17:14:12.098] [bbotk] Starting to optimize 1 parameter(s) with '<OptimizerBatchRandomSearch>' and '<TerminatorEvals> [n_evals=3, k=0]'
INFO  [17:14:12.103] [bbotk] Evaluating 1 configuration(s)
INFO  [17:14:13.298] [bbotk] Result of batch 1:
INFO  [17:14:13.300] [bbotk]  num.trees classif.ce warnings errors runtime_learners
INFO  [17:14:13.300] [bbotk]        208  0.1208249        0      0            1.116
INFO  [17:14:13.300] [bbotk]                                 uhash
INFO  [17:14:13.300] [bbotk]  d9c53cce-32ab-42c4-ae8a-a0385b71d06f
INFO  [17:14:13.309] [bbotk] Evaluating 1 configuration(s)
INFO  [17:14:15.823] [bbotk] Result of batch 2:
INFO  [17:14:15.824] [bbotk]  num.trees classif.ce warnings errors runtime_learners
INFO  [17:14:15.824] [bbotk]        446  0.1205675        0      0            2.468
INFO  [17:14:15.824] [bbotk]                                 uhash
INFO  [17:14:15.824] [bbotk]  752bdebe-863e-456a-890d-5461db9ec625
INFO  [17:14:15.827] [bbotk] Evaluating 1 configuration(s)
INFO  [17:14:16.347] [bbotk] Result of batch 3:
INFO  [17:14:16.349] [bbotk]  num.trees classif.ce warnings errors runtime_learners
INFO  [17:14:16.349] [bbotk]        103  0.1205675        0      0            0.481
INFO  [17:14:16.349] [bbotk]                                 uhash
INFO  [17:14:16.349] [bbotk]  ef5710f8-2786-46de-8fdc-32e43d0a3361
INFO  [17:14:16.362] [bbotk] Finished optimizing after 3 evaluation(s)
INFO  [17:14:16.363] [bbotk] Result:
INFO  [17:14:16.364] [bbotk]  num.trees learner_param_vals  x_domain classif.ce
INFO  [17:14:16.364] [bbotk]      <int>             <list>    <list>      <num>
INFO  [17:14:16.364] [bbotk]        446          <list[2]> <list[1]>  0.1205675
INFO  [17:14:17.815] [bbotk] Starting to optimize 1 parameter(s) with '<OptimizerBatchRandomSearch>' and '<TerminatorEvals> [n_evals=3, k=0]'
INFO  [17:14:17.824] [bbotk] Evaluating 1 configuration(s)
INFO  [17:14:19.622] [bbotk] Result of batch 1:
INFO  [17:14:19.624] [bbotk]  num.trees classif.ce warnings errors runtime_learners
INFO  [17:14:19.624] [bbotk]        365  0.1056577        0      0            1.763
INFO  [17:14:19.624] [bbotk]                                 uhash
INFO  [17:14:19.624] [bbotk]  62ac2787-22c4-4463-b833-fb9ecd91fc6f
INFO  [17:14:19.628] [bbotk] Evaluating 1 configuration(s)
INFO  [17:14:21.185] [bbotk] Result of batch 2:
INFO  [17:14:21.186] [bbotk]  num.trees classif.ce warnings errors runtime_learners
INFO  [17:14:21.186] [bbotk]        248  0.1082276        0      0            1.208
INFO  [17:14:21.186] [bbotk]                                 uhash
INFO  [17:14:21.186] [bbotk]  250560f0-1d32-4ee2-be7b-8633d712f9e2
INFO  [17:14:21.189] [bbotk] Evaluating 1 configuration(s)
INFO  [17:14:22.702] [bbotk] Result of batch 3:
INFO  [17:14:22.703] [bbotk]  num.trees classif.ce warnings errors runtime_learners
INFO  [17:14:22.703] [bbotk]        295  0.1071999        0      0            1.476
INFO  [17:14:22.703] [bbotk]                                 uhash
INFO  [17:14:22.703] [bbotk]  f9aa8613-307e-4d47-a6f9-697ec8c4f13b
INFO  [17:14:22.709] [bbotk] Finished optimizing after 3 evaluation(s)
INFO  [17:14:22.710] [bbotk] Result:
INFO  [17:14:22.710] [bbotk]  num.trees learner_param_vals  x_domain classif.ce
INFO  [17:14:22.710] [bbotk]      <int>             <list>    <list>      <num>
INFO  [17:14:22.710] [bbotk]        365          <list[2]> <list[1]>  0.1056577
INFO  [17:14:23.692] [bbotk] Starting to optimize 1 parameter(s) with '<OptimizerBatchRandomSearch>' and '<TerminatorEvals> [n_evals=3, k=0]'
INFO  [17:14:23.697] [bbotk] Evaluating 1 configuration(s)
INFO  [17:14:26.298] [bbotk] Result of batch 1:
INFO  [17:14:26.299] [bbotk]  num.trees classif.ce warnings errors runtime_learners
INFO  [17:14:26.299] [bbotk]        482   0.111569        0      0             2.57
INFO  [17:14:26.299] [bbotk]                                 uhash
INFO  [17:14:26.299] [bbotk]  ef3eb73a-a057-465a-9315-2b99dec3bf4b
INFO  [17:14:26.302] [bbotk] Evaluating 1 configuration(s)
INFO  [17:14:27.184] [bbotk] Result of batch 2:
INFO  [17:14:27.185] [bbotk]  num.trees classif.ce warnings errors runtime_learners
INFO  [17:14:27.185] [bbotk]        168   0.113882        0      0            0.841
INFO  [17:14:27.185] [bbotk]                                 uhash
INFO  [17:14:27.185] [bbotk]  9da63799-b35b-409f-9b1c-bb04d479d51f
INFO  [17:14:27.187] [bbotk] Evaluating 1 configuration(s)
INFO  [17:14:28.115] [bbotk] Result of batch 3:
INFO  [17:14:28.116] [bbotk]  num.trees classif.ce warnings errors runtime_learners
INFO  [17:14:28.116] [bbotk]        180  0.1102816        0      0            0.885
INFO  [17:14:28.116] [bbotk]                                 uhash
INFO  [17:14:28.116] [bbotk]  8dc9f488-90d0-4d5a-b378-a2dc570b70be
INFO  [17:14:28.131] [bbotk] Finished optimizing after 3 evaluation(s)
INFO  [17:14:28.132] [bbotk] Result:
INFO  [17:14:28.133] [bbotk]  num.trees learner_param_vals  x_domain classif.ce
INFO  [17:14:28.133] [bbotk]      <int>             <list>    <list>      <num>
INFO  [17:14:28.133] [bbotk]        180          <list[2]> <list[1]>  0.1102816
INFO  [17:14:28.717] [bbotk] Starting to optimize 1 parameter(s) with '<OptimizerBatchRandomSearch>' and '<TerminatorEvals> [n_evals=3, k=0]'
INFO  [17:14:28.729] [bbotk] Evaluating 1 configuration(s)
INFO  [17:14:31.335] [bbotk] Result of batch 1:
INFO  [17:14:31.336] [bbotk]  num.trees classif.ce warnings errors runtime_learners
INFO  [17:14:31.336] [bbotk]        479  0.1133385        0      0            2.574
INFO  [17:14:31.336] [bbotk]                                 uhash
INFO  [17:14:31.336] [bbotk]  3e267831-dad9-456e-aa01-2f480bee24e9
INFO  [17:14:31.338] [bbotk] Evaluating 1 configuration(s)
INFO  [17:14:33.841] [bbotk] Result of batch 2:
INFO  [17:14:33.842] [bbotk]  num.trees classif.ce warnings errors runtime_learners
INFO  [17:14:33.842] [bbotk]        457  0.1164225        0      0            2.474
INFO  [17:14:33.842] [bbotk]                                 uhash
INFO  [17:14:33.842] [bbotk]  1b5b7b6c-43f6-4cd7-be12-d6300779cab8
INFO  [17:14:33.844] [bbotk] Evaluating 1 configuration(s)
INFO  [17:14:34.552] [bbotk] Result of batch 3:
INFO  [17:14:34.553] [bbotk]  num.trees classif.ce warnings errors runtime_learners
INFO  [17:14:34.553] [bbotk]        144  0.1161655        0      0            0.669
INFO  [17:14:34.553] [bbotk]                                 uhash
INFO  [17:14:34.553] [bbotk]  fc4bf342-b4e7-421d-aeb5-f26d6d58fe26
INFO  [17:14:34.560] [bbotk] Finished optimizing after 3 evaluation(s)
INFO  [17:14:34.560] [bbotk] Result:
INFO  [17:14:34.561] [bbotk]  num.trees learner_param_vals  x_domain classif.ce
INFO  [17:14:34.561] [bbotk]      <int>             <list>    <list>      <num>
INFO  [17:14:34.561] [bbotk]        479          <list[2]> <list[1]>  0.1133385
INFO  [17:14:36.221] [bbotk] Starting to optimize 1 parameter(s) with '<OptimizerBatchRandomSearch>' and '<TerminatorEvals> [n_evals=3, k=0]'
INFO  [17:14:36.225] [bbotk] Evaluating 1 configuration(s)
INFO  [17:14:37.116] [bbotk] Result of batch 1:
INFO  [17:14:37.117] [bbotk]  num.trees classif.ce warnings errors runtime_learners
INFO  [17:14:37.117] [bbotk]        170  0.1053714        0      0            0.861
INFO  [17:14:37.117] [bbotk]                                 uhash
INFO  [17:14:37.117] [bbotk]  8b1c2f25-7dab-46ac-98ee-a0f1670a5c61
INFO  [17:14:37.119] [bbotk] Evaluating 1 configuration(s)
INFO  [17:14:39.698] [bbotk] Result of batch 2:
INFO  [17:14:39.700] [bbotk]  num.trees classif.ce warnings errors runtime_learners
INFO  [17:14:39.700] [bbotk]        424  0.1061424        0      0            2.522
INFO  [17:14:39.700] [bbotk]                                 uhash
INFO  [17:14:39.700] [bbotk]  cfe9aa2b-c682-443b-9946-7c0c16323c7f
INFO  [17:14:39.705] [bbotk] Evaluating 1 configuration(s)
INFO  [17:14:40.305] [bbotk] Result of batch 3:
INFO  [17:14:40.306] [bbotk]  num.trees classif.ce warnings errors runtime_learners
INFO  [17:14:40.306] [bbotk]        127  0.1089694        0      0            0.558
INFO  [17:14:40.306] [bbotk]                                 uhash
INFO  [17:14:40.306] [bbotk]  73b5226c-d54e-4c75-9842-f05d00045b15
INFO  [17:14:40.312] [bbotk] Finished optimizing after 3 evaluation(s)
INFO  [17:14:40.313] [bbotk] Result:
INFO  [17:14:40.313] [bbotk]  num.trees learner_param_vals  x_domain classif.ce
INFO  [17:14:40.313] [bbotk]      <int>             <list>    <list>      <num>
INFO  [17:14:40.313] [bbotk]        170          <list[2]> <list[1]>  0.1053714
Warning: glm.fit: fitted probabilities numerically 0 or 1 occurred
This happened PipeOp classif.ranger's $train()
[1] -70.29058
[1] 43.30932
Warning: glm.fit: fitted probabilities numerically 0 or 1 occurred
This happened PipeOp classif.ranger's $train()
[1] -48.95235
[1] 48.23494
[1] -137.1375
[1] 0.3934388
[1] -137.3438
[1] 10.98669
Warning: glm.fit: fitted probabilities numerically 0 or 1 occurred
This happened PipeOp classif.ranger's $train()
[1] -95.9606
[1] 6.113795

### [bt]: Job terminated successfully [batchtools job.id=2524]
### [bt]: Starting job [batchtools job.id=2525]
### [bt]: Generating problem instance for problem '34d90df810f60583' ...
### [bt]: Applying algorithm 'run_learner' on problem '34d90df810f60583' for job 2525 (seed = 2526) ...
INFO  [17:14:41.219] [mlr3] Applying learner 'classif.ranger.tuned_calib.perfold_beta' on task 'phoneme' (iter 5/10)
INFO  [17:14:41.252] [bbotk] Starting to optimize 1 parameter(s) with '<OptimizerBatchRandomSearch>' and '<TerminatorEvals> [n_evals=3, k=0]'
INFO  [17:14:41.259] [bbotk] Evaluating 1 configuration(s)
INFO  [17:14:42.684] [bbotk] Result of batch 1:
INFO  [17:14:42.684] [bbotk]  num.trees classif.ce warnings errors runtime_learners
INFO  [17:14:42.684] [bbotk]        283  0.1161655        0      0            1.382
INFO  [17:14:42.684] [bbotk]                                 uhash
INFO  [17:14:42.684] [bbotk]  1886a904-9996-4db0-ab79-5fbf44fc7def
INFO  [17:14:42.687] [bbotk] Evaluating 1 configuration(s)
INFO  [17:14:44.323] [bbotk] Result of batch 2:
INFO  [17:14:44.324] [bbotk]  num.trees classif.ce warnings errors runtime_learners
INFO  [17:14:44.324] [bbotk]        317  0.1195066        0      0            1.604
INFO  [17:14:44.324] [bbotk]                                 uhash
INFO  [17:14:44.324] [bbotk]  468a1be1-a839-486b-b0d6-bb5d1610d33b
INFO  [17:14:44.326] [bbotk] Evaluating 1 configuration(s)
INFO  [17:14:46.108] [bbotk] Result of batch 3:
INFO  [17:14:46.109] [bbotk]  num.trees classif.ce warnings errors runtime_learners
INFO  [17:14:46.109] [bbotk]        330  0.1192496        0      0            1.748
INFO  [17:14:46.109] [bbotk]                                 uhash
INFO  [17:14:46.109] [bbotk]  96c30b0b-d6ec-403f-a3c5-44c324f412a8
INFO  [17:14:46.115] [bbotk] Finished optimizing after 3 evaluation(s)
INFO  [17:14:46.115] [bbotk] Result:
INFO  [17:14:46.116] [bbotk]  num.trees learner_param_vals  x_domain classif.ce
INFO  [17:14:46.116] [bbotk]      <int>             <list>    <list>      <num>
INFO  [17:14:46.116] [bbotk]        283          <list[2]> <list[1]>  0.1161655
INFO  [17:14:47.006] [bbotk] Starting to optimize 1 parameter(s) with '<OptimizerBatchRandomSearch>' and '<TerminatorEvals> [n_evals=3, k=0]'
INFO  [17:14:47.013] [bbotk] Evaluating 1 configuration(s)
INFO  [17:14:49.456] [bbotk] Result of batch 1:
INFO  [17:14:49.458] [bbotk]  num.trees classif.ce warnings errors runtime_learners
INFO  [17:14:49.458] [bbotk]        449  0.1102544        0      0            2.411
INFO  [17:14:49.458] [bbotk]                                 uhash
INFO  [17:14:49.458] [bbotk]  ad7991cb-a9d0-47b9-9ce8-ff11092720f7
INFO  [17:14:49.463] [bbotk] Evaluating 1 configuration(s)
INFO  [17:14:50.474] [bbotk] Result of batch 2:
INFO  [17:14:50.474] [bbotk]  num.trees classif.ce warnings errors runtime_learners
INFO  [17:14:50.474] [bbotk]        211  0.1092264        0      0            0.977
INFO  [17:14:50.474] [bbotk]                                 uhash
INFO  [17:14:50.474] [bbotk]  1b947474-ad5f-40bf-b970-4b676eeaa575
INFO  [17:14:50.479] [bbotk] Evaluating 1 configuration(s)
INFO  [17:14:51.777] [bbotk] Result of batch 3:
INFO  [17:14:51.778] [bbotk]  num.trees classif.ce warnings errors runtime_learners
INFO  [17:14:51.778] [bbotk]        243  0.1105114        0      0            1.241
INFO  [17:14:51.778] [bbotk]                                 uhash
INFO  [17:14:51.778] [bbotk]  a0f8f9a7-81e8-4d92-a1ff-8a335f36746f
INFO  [17:14:51.785] [bbotk] Finished optimizing after 3 evaluation(s)
INFO  [17:14:51.785] [bbotk] Result:
INFO  [17:14:51.786] [bbotk]  num.trees learner_param_vals  x_domain classif.ce
INFO  [17:14:51.786] [bbotk]      <int>             <list>    <list>      <num>
INFO  [17:14:51.786] [bbotk]        211          <list[2]> <list[1]>  0.1092264
INFO  [17:14:52.320] [bbotk] Starting to optimize 1 parameter(s) with '<OptimizerBatchRandomSearch>' and '<TerminatorEvals> [n_evals=3, k=0]'
INFO  [17:14:52.325] [bbotk] Evaluating 1 configuration(s)
INFO  [17:14:54.902] [bbotk] Result of batch 1:
INFO  [17:14:54.903] [bbotk]  num.trees classif.ce warnings errors runtime_learners
INFO  [17:14:54.903] [bbotk]        472  0.1161655        0      0            2.523
INFO  [17:14:54.903] [bbotk]                                 uhash
INFO  [17:14:54.903] [bbotk]  040504c4-3d78-4361-9f91-694e37b717c2
INFO  [17:14:54.905] [bbotk] Evaluating 1 configuration(s)
INFO  [17:14:55.464] [bbotk] Result of batch 2:
INFO  [17:14:55.465] [bbotk]  num.trees classif.ce warnings errors runtime_learners
INFO  [17:14:55.465] [bbotk]        124  0.1174505        0      0             0.52
INFO  [17:14:55.465] [bbotk]                                 uhash
INFO  [17:14:55.465] [bbotk]  125329ef-f079-427d-875d-f28bab852c3d
INFO  [17:14:55.469] [bbotk] Evaluating 1 configuration(s)
INFO  [17:14:57.159] [bbotk] Result of batch 3:
INFO  [17:14:57.161] [bbotk]  num.trees classif.ce warnings errors runtime_learners
INFO  [17:14:57.161] [bbotk]        333  0.1164225        0      0            1.647
INFO  [17:14:57.161] [bbotk]                                 uhash
INFO  [17:14:57.161] [bbotk]  b6bfe852-5406-4075-acde-8c59679bc12e
INFO  [17:14:57.169] [bbotk] Finished optimizing after 3 evaluation(s)
INFO  [17:14:57.169] [bbotk] Result:
INFO  [17:14:57.173] [bbotk]  num.trees learner_param_vals  x_domain classif.ce
INFO  [17:14:57.173] [bbotk]      <int>             <list>    <list>      <num>
INFO  [17:14:57.173] [bbotk]        472          <list[2]> <list[1]>  0.1161655
INFO  [17:14:58.673] [bbotk] Starting to optimize 1 parameter(s) with '<OptimizerBatchRandomSearch>' and '<TerminatorEvals> [n_evals=3, k=0]'
INFO  [17:14:58.678] [bbotk] Evaluating 1 configuration(s)
INFO  [17:15:00.703] [bbotk] Result of batch 1:
INFO  [17:15:00.704] [bbotk]  num.trees classif.ce warnings errors runtime_learners
INFO  [17:15:00.704] [bbotk]        348  0.1079414        0      0            1.995
INFO  [17:15:00.704] [bbotk]                                 uhash
INFO  [17:15:00.704] [bbotk]  17ce5d9e-3932-446e-9156-4195906c8f2e
INFO  [17:15:00.706] [bbotk] Evaluating 1 configuration(s)
INFO  [17:15:02.751] [bbotk] Result of batch 2:
INFO  [17:15:02.752] [bbotk]  num.trees classif.ce warnings errors runtime_learners
INFO  [17:15:02.752] [bbotk]        429  0.1094834        0      0             2.01
INFO  [17:15:02.752] [bbotk]                                 uhash
INFO  [17:15:02.752] [bbotk]  9045100f-7890-4b8b-976c-4e3948ac3799
INFO  [17:15:02.755] [bbotk] Evaluating 1 configuration(s)
INFO  [17:15:04.019] [bbotk] Result of batch 3:
INFO  [17:15:04.020] [bbotk]  num.trees classif.ce warnings errors runtime_learners
INFO  [17:15:04.020] [bbotk]        288  0.1076844        0      0            1.229
INFO  [17:15:04.020] [bbotk]                                 uhash
INFO  [17:15:04.020] [bbotk]  9ee715d9-a33c-4cab-abb9-06afe76100f0
INFO  [17:15:04.028] [bbotk] Finished optimizing after 3 evaluation(s)
INFO  [17:15:04.029] [bbotk] Result:
INFO  [17:15:04.030] [bbotk]  num.trees learner_param_vals  x_domain classif.ce
INFO  [17:15:04.030] [bbotk]      <int>             <list>    <list>      <num>
INFO  [17:15:04.030] [bbotk]        288          <list[2]> <list[1]>  0.1076844
INFO  [17:15:05.039] [bbotk] Starting to optimize 1 parameter(s) with '<OptimizerBatchRandomSearch>' and '<TerminatorEvals> [n_evals=3, k=0]'
INFO  [17:15:05.043] [bbotk] Evaluating 1 configuration(s)
INFO  [17:15:07.452] [bbotk] Result of batch 1:
INFO  [17:15:07.453] [bbotk]  num.trees classif.ce warnings errors runtime_learners
INFO  [17:15:07.453] [bbotk]        451  0.1122827        0      0            2.376
INFO  [17:15:07.453] [bbotk]                                 uhash
INFO  [17:15:07.453] [bbotk]  6820e34c-c371-4ea8-9ca8-db3fbff48928
INFO  [17:15:07.455] [bbotk] Evaluating 1 configuration(s)
INFO  [17:15:09.833] [bbotk] Result of batch 2:
INFO  [17:15:09.834] [bbotk]  num.trees classif.ce warnings errors runtime_learners
INFO  [17:15:09.834] [bbotk]        437  0.1068869        0      0            2.349
INFO  [17:15:09.834] [bbotk]                                 uhash
INFO  [17:15:09.834] [bbotk]  f56ef061-7a29-4214-8977-6a1ad55f2f49
INFO  [17:15:09.836] [bbotk] Evaluating 1 configuration(s)
INFO  [17:15:11.314] [bbotk] Result of batch 3:
INFO  [17:15:11.315] [bbotk]  num.trees classif.ce warnings errors runtime_learners
INFO  [17:15:11.315] [bbotk]        300  0.1127965        0      0            1.446
INFO  [17:15:11.315] [bbotk]                                 uhash
INFO  [17:15:11.315] [bbotk]  0bcd024b-449b-4769-85ea-793261bc80ce
INFO  [17:15:11.321] [bbotk] Finished optimizing after 3 evaluation(s)
INFO  [17:15:11.322] [bbotk] Result:
INFO  [17:15:11.322] [bbotk]  num.trees learner_param_vals  x_domain classif.ce
INFO  [17:15:11.322] [bbotk]      <int>             <list>    <list>      <num>
INFO  [17:15:11.322] [bbotk]        437          <list[2]> <list[1]>  0.1068869
[1] -84.50294
[1] 25.14665
Warning: glm.fit: fitted probabilities numerically 0 or 1 occurred
This happened PipeOp classif.ranger's $train()
[1] -88.18809
[1] 29.17313
Warning: glm.fit: fitted probabilities numerically 0 or 1 occurred
This happened PipeOp classif.ranger's $train()
[1] -142.7847
[1] 1.986209
Warning: glm.fit: fitted probabilities numerically 0 or 1 occurred
This happened PipeOp classif.ranger's $train()
[1] -41.38685
[1] 48.69258
Warning: glm.fit: fitted probabilities numerically 0 or 1 occurred
This happened PipeOp classif.ranger's $train()
[1] -70.3512
[1] 45.44671

### [bt]: Job terminated successfully [batchtools job.id=2525]
### [bt]: Calculation finished!
