### [bt]: This is batchtools v0.9.17
### [bt]: Starting calculation of 5 jobs
### [bt]: Setting working directory to '/Users/User/Documents/Studium/Semester8/Hiwi/mlr3calibration/vignettes'
### [bt]: Memory measurement disabled
### [bt]: Starting job [batchtools job.id=2396]
### [bt]: Generating problem instance for problem '34d90df810f60583' ...
### [bt]: Applying algorithm 'run_learner' on problem '34d90df810f60583' for job 2396 (seed = 2397) ...
INFO  [17:11:32.671] [mlr3] Applying learner 'classif.naive_bayes.tuned_calib.perfold_beta' on task 'phoneme' (iter 6/10)
INFO  [17:11:32.736] [bbotk] Starting to optimize 1 parameter(s) with '<OptimizerBatchRandomSearch>' and '<TerminatorEvals> [n_evals=3, k=0]'
INFO  [17:11:32.750] [bbotk] Evaluating 1 configuration(s)
INFO  [17:11:33.090] [bbotk] Result of batch 1:
INFO  [17:11:33.092] [bbotk]    laplace classif.ce warnings errors runtime_learners
INFO  [17:11:33.092] [bbotk]  0.3358591  0.2384991        0      0            0.287
INFO  [17:11:33.092] [bbotk]                                 uhash
INFO  [17:11:33.092] [bbotk]  6baad1cf-12d7-4d96-8097-e0a2c8821abb
INFO  [17:11:33.094] [bbotk] Evaluating 1 configuration(s)
INFO  [17:11:33.417] [bbotk] Result of batch 2:
INFO  [17:11:33.419] [bbotk]    laplace classif.ce warnings errors runtime_learners
INFO  [17:11:33.419] [bbotk]  0.6969161  0.2384991        0      0            0.279
INFO  [17:11:33.419] [bbotk]                                 uhash
INFO  [17:11:33.419] [bbotk]  555ff52b-4560-4e2b-b225-6faa13204930
INFO  [17:11:33.428] [bbotk] Evaluating 1 configuration(s)
INFO  [17:11:33.714] [bbotk] Result of batch 3:
INFO  [17:11:33.716] [bbotk]     laplace classif.ce warnings errors runtime_learners
INFO  [17:11:33.716] [bbotk]  0.03057455  0.2384991        0      0            0.223
INFO  [17:11:33.716] [bbotk]                                 uhash
INFO  [17:11:33.716] [bbotk]  05ac2cfa-3508-40a7-b3f9-aa93624ac460
INFO  [17:11:33.724] [bbotk] Finished optimizing after 3 evaluation(s)
INFO  [17:11:33.724] [bbotk] Result:
INFO  [17:11:33.725] [bbotk]    laplace learner_param_vals  x_domain classif.ce
INFO  [17:11:33.725] [bbotk]      <num>             <list>    <list>      <num>
INFO  [17:11:33.725] [bbotk]  0.3358591          <list[1]> <list[1]>  0.2384991
INFO  [17:11:33.856] [bbotk] Starting to optimize 1 parameter(s) with '<OptimizerBatchRandomSearch>' and '<TerminatorEvals> [n_evals=3, k=0]'
INFO  [17:11:33.861] [bbotk] Evaluating 1 configuration(s)
INFO  [17:11:34.158] [bbotk] Result of batch 1:
INFO  [17:11:34.160] [bbotk]    laplace classif.ce warnings errors runtime_learners
INFO  [17:11:34.160] [bbotk]  0.1835562  0.2485222        0      0             0.25
INFO  [17:11:34.160] [bbotk]                                 uhash
INFO  [17:11:34.160] [bbotk]  8d517cdb-62fb-41a7-8996-64472e68bbec
INFO  [17:11:34.166] [bbotk] Evaluating 1 configuration(s)
INFO  [17:11:34.477] [bbotk] Result of batch 2:
INFO  [17:11:34.478] [bbotk]    laplace classif.ce warnings errors runtime_learners
INFO  [17:11:34.478] [bbotk]  0.0600542  0.2485222        0      0            0.255
INFO  [17:11:34.478] [bbotk]                                 uhash
INFO  [17:11:34.478] [bbotk]  98120f5e-133e-4eb6-8c6a-3eba439f780f
INFO  [17:11:34.480] [bbotk] Evaluating 1 configuration(s)
INFO  [17:11:34.790] [bbotk] Result of batch 3:
INFO  [17:11:34.791] [bbotk]    laplace classif.ce warnings errors runtime_learners
INFO  [17:11:34.791] [bbotk]  0.3502398  0.2485222        0      0             0.25
INFO  [17:11:34.791] [bbotk]                                 uhash
INFO  [17:11:34.791] [bbotk]  3e0b0f49-dddb-4f1b-9096-8c2f9a49048b
INFO  [17:11:34.798] [bbotk] Finished optimizing after 3 evaluation(s)
INFO  [17:11:34.798] [bbotk] Result:
INFO  [17:11:34.799] [bbotk]    laplace learner_param_vals  x_domain classif.ce
INFO  [17:11:34.799] [bbotk]      <num>             <list>    <list>      <num>
INFO  [17:11:34.799] [bbotk]  0.1835562          <list[1]> <list[1]>  0.2485222
INFO  [17:11:34.919] [bbotk] Starting to optimize 1 parameter(s) with '<OptimizerBatchRandomSearch>' and '<TerminatorEvals> [n_evals=3, k=0]'
INFO  [17:11:34.930] [bbotk] Evaluating 1 configuration(s)
INFO  [17:11:35.265] [bbotk] Result of batch 1:
INFO  [17:11:35.267] [bbotk]    laplace classif.ce warnings errors runtime_learners
INFO  [17:11:35.267] [bbotk]  0.1049924  0.2384991        0      0            0.282
INFO  [17:11:35.267] [bbotk]                                 uhash
INFO  [17:11:35.267] [bbotk]  47b32ff2-a415-4cde-a443-1eeeebf4f2c2
INFO  [17:11:35.276] [bbotk] Evaluating 1 configuration(s)
INFO  [17:11:35.575] [bbotk] Result of batch 2:
INFO  [17:11:35.576] [bbotk]    laplace classif.ce warnings errors runtime_learners
INFO  [17:11:35.576] [bbotk]  0.4128355  0.2384991        0      0             0.25
INFO  [17:11:35.576] [bbotk]                                 uhash
INFO  [17:11:35.576] [bbotk]  03e7acb8-2daf-4ea0-9cdc-488ff129a899
INFO  [17:11:35.578] [bbotk] Evaluating 1 configuration(s)
INFO  [17:11:35.904] [bbotk] Result of batch 3:
INFO  [17:11:35.905] [bbotk]    laplace classif.ce warnings errors runtime_learners
INFO  [17:11:35.905] [bbotk]  0.7794559  0.2384991        0      0            0.271
INFO  [17:11:35.905] [bbotk]                                 uhash
INFO  [17:11:35.905] [bbotk]  d8b36c01-1bd6-4026-aae6-83fd009df846
INFO  [17:11:35.913] [bbotk] Finished optimizing after 3 evaluation(s)
INFO  [17:11:35.913] [bbotk] Result:
INFO  [17:11:35.914] [bbotk]    laplace learner_param_vals  x_domain classif.ce
INFO  [17:11:35.914] [bbotk]      <num>             <list>    <list>      <num>
INFO  [17:11:35.914] [bbotk]  0.1049924          <list[1]> <list[1]>  0.2384991
INFO  [17:11:36.066] [bbotk] Starting to optimize 1 parameter(s) with '<OptimizerBatchRandomSearch>' and '<TerminatorEvals> [n_evals=3, k=0]'
INFO  [17:11:36.080] [bbotk] Evaluating 1 configuration(s)
INFO  [17:11:36.363] [bbotk] Result of batch 1:
INFO  [17:11:36.364] [bbotk]    laplace classif.ce warnings errors runtime_learners
INFO  [17:11:36.364] [bbotk]  0.7398363  0.2472372        0      0            0.236
INFO  [17:11:36.364] [bbotk]                                 uhash
INFO  [17:11:36.364] [bbotk]  0ee157b8-5200-4afa-8fad-71ae3a567d32
INFO  [17:11:36.372] [bbotk] Evaluating 1 configuration(s)
INFO  [17:11:36.690] [bbotk] Result of batch 2:
INFO  [17:11:36.691] [bbotk]    laplace classif.ce warnings errors runtime_learners
INFO  [17:11:36.691] [bbotk]  0.4387914  0.2472372        0      0            0.269
INFO  [17:11:36.691] [bbotk]                                 uhash
INFO  [17:11:36.691] [bbotk]  58031d9d-279b-44ed-8143-c19600e4eca0
INFO  [17:11:36.693] [bbotk] Evaluating 1 configuration(s)
INFO  [17:11:36.995] [bbotk] Result of batch 3:
INFO  [17:11:36.998] [bbotk]    laplace classif.ce warnings errors runtime_learners
INFO  [17:11:36.998] [bbotk]  0.7164154  0.2472372        0      0            0.266
INFO  [17:11:36.998] [bbotk]                                 uhash
INFO  [17:11:36.998] [bbotk]  ac23c7dc-5f74-4677-8fe4-59b22f9f2fb1
INFO  [17:11:37.005] [bbotk] Finished optimizing after 3 evaluation(s)
INFO  [17:11:37.005] [bbotk] Result:
INFO  [17:11:37.006] [bbotk]    laplace learner_param_vals  x_domain classif.ce
INFO  [17:11:37.006] [bbotk]      <num>             <list>    <list>      <num>
INFO  [17:11:37.006] [bbotk]  0.7398363          <list[1]> <list[1]>  0.2472372
INFO  [17:11:37.229] [bbotk] Starting to optimize 1 parameter(s) with '<OptimizerBatchRandomSearch>' and '<TerminatorEvals> [n_evals=3, k=0]'
INFO  [17:11:37.238] [bbotk] Evaluating 1 configuration(s)
INFO  [17:11:37.545] [bbotk] Result of batch 1:
INFO  [17:11:37.547] [bbotk]    laplace classif.ce warnings errors runtime_learners
INFO  [17:11:37.547] [bbotk]  0.7491409  0.2474249        0      0            0.273
INFO  [17:11:37.547] [bbotk]                                 uhash
INFO  [17:11:37.547] [bbotk]  093c773c-3d42-42d4-b8f4-bed3efef2e8c
INFO  [17:11:37.553] [bbotk] Evaluating 1 configuration(s)
INFO  [17:11:37.893] [bbotk] Result of batch 2:
INFO  [17:11:37.894] [bbotk]    laplace classif.ce warnings errors runtime_learners
INFO  [17:11:37.894] [bbotk]  0.9600308  0.2474249        0      0            0.284
INFO  [17:11:37.894] [bbotk]                                 uhash
INFO  [17:11:37.894] [bbotk]  86ca9962-926f-418b-9c67-2af3c77c7432
INFO  [17:11:37.897] [bbotk] Evaluating 1 configuration(s)
INFO  [17:11:38.316] [bbotk] Result of batch 3:
INFO  [17:11:38.317] [bbotk]    laplace classif.ce warnings errors runtime_learners
INFO  [17:11:38.317] [bbotk]  0.5178771  0.2474249        0      0            0.368
INFO  [17:11:38.317] [bbotk]                                 uhash
INFO  [17:11:38.317] [bbotk]  d037c70d-88b5-43cd-a6c6-a01ecbc6b9a7
INFO  [17:11:38.324] [bbotk] Finished optimizing after 3 evaluation(s)
INFO  [17:11:38.325] [bbotk] Result:
INFO  [17:11:38.326] [bbotk]    laplace learner_param_vals  x_domain classif.ce
INFO  [17:11:38.326] [bbotk]      <num>             <list>    <list>      <num>
INFO  [17:11:38.326] [bbotk]  0.7491409          <list[1]> <list[1]>  0.2474249
[1] -9.535802
[1] 15.69378
[1] -11.14147
[1] 19.25696
[1] -6.201304
[1] 15.17359
[1] -9.804656
[1] 15.42934
[1] -8.718499
[1] 15.52546

### [bt]: Job terminated successfully [batchtools job.id=2396]
### [bt]: Starting job [batchtools job.id=2397]
### [bt]: Generating problem instance for problem '34d90df810f60583' ...
### [bt]: Applying algorithm 'run_learner' on problem '34d90df810f60583' for job 2397 (seed = 2398) ...
INFO  [17:11:38.796] [mlr3] Applying learner 'classif.naive_bayes.tuned_calib.perfold_beta' on task 'phoneme' (iter 7/10)
INFO  [17:11:38.853] [bbotk] Starting to optimize 1 parameter(s) with '<OptimizerBatchRandomSearch>' and '<TerminatorEvals> [n_evals=3, k=0]'
INFO  [17:11:38.862] [bbotk] Evaluating 1 configuration(s)
INFO  [17:11:39.245] [bbotk] Result of batch 1:
INFO  [17:11:39.249] [bbotk]    laplace classif.ce warnings errors runtime_learners
INFO  [17:11:39.249] [bbotk]  0.6784157  0.2415831        0      0             0.32
INFO  [17:11:39.249] [bbotk]                                 uhash
INFO  [17:11:39.249] [bbotk]  1cb62636-e9fc-4bfd-8d38-0b74a586315e
INFO  [17:11:39.254] [bbotk] Evaluating 1 configuration(s)
INFO  [17:11:39.615] [bbotk] Result of batch 2:
INFO  [17:11:39.616] [bbotk]    laplace classif.ce warnings errors runtime_learners
INFO  [17:11:39.616] [bbotk]  0.6145467  0.2415831        0      0             0.31
INFO  [17:11:39.616] [bbotk]                                 uhash
INFO  [17:11:39.616] [bbotk]  51921092-fd98-4c7c-831e-7f332cfb47de
INFO  [17:11:39.618] [bbotk] Evaluating 1 configuration(s)
INFO  [17:11:39.962] [bbotk] Result of batch 3:
INFO  [17:11:39.963] [bbotk]    laplace classif.ce warnings errors runtime_learners
INFO  [17:11:39.963] [bbotk]  0.8180782  0.2415831        0      0              0.3
INFO  [17:11:39.963] [bbotk]                                 uhash
INFO  [17:11:39.963] [bbotk]  2ccc802b-5213-419a-9b6b-ec684be154a8
INFO  [17:11:39.970] [bbotk] Finished optimizing after 3 evaluation(s)
INFO  [17:11:39.970] [bbotk] Result:
INFO  [17:11:39.971] [bbotk]    laplace learner_param_vals  x_domain classif.ce
INFO  [17:11:39.971] [bbotk]      <num>             <list>    <list>      <num>
INFO  [17:11:39.971] [bbotk]  0.6784157          <list[1]> <list[1]>  0.2415831
INFO  [17:11:40.101] [bbotk] Starting to optimize 1 parameter(s) with '<OptimizerBatchRandomSearch>' and '<TerminatorEvals> [n_evals=3, k=0]'
INFO  [17:11:40.116] [bbotk] Evaluating 1 configuration(s)
INFO  [17:11:40.476] [bbotk] Result of batch 1:
INFO  [17:11:40.477] [bbotk]    laplace classif.ce warnings errors runtime_learners
INFO  [17:11:40.477] [bbotk]  0.7256459  0.2546903        0      0            0.303
INFO  [17:11:40.477] [bbotk]                                 uhash
INFO  [17:11:40.477] [bbotk]  c4fe4438-c6c3-40e6-8180-397f1d738d67
INFO  [17:11:40.479] [bbotk] Evaluating 1 configuration(s)
INFO  [17:11:40.829] [bbotk] Result of batch 2:
INFO  [17:11:40.831] [bbotk]    laplace classif.ce warnings errors runtime_learners
INFO  [17:11:40.831] [bbotk]  0.9929564  0.2546903        0      0            0.277
INFO  [17:11:40.831] [bbotk]                                 uhash
INFO  [17:11:40.831] [bbotk]  87b8d728-f869-480f-b402-7481b3623182
INFO  [17:11:40.837] [bbotk] Evaluating 1 configuration(s)
INFO  [17:11:41.199] [bbotk] Result of batch 3:
INFO  [17:11:41.200] [bbotk]    laplace classif.ce warnings errors runtime_learners
INFO  [17:11:41.200] [bbotk]  0.8249106  0.2546903        0      0            0.301
INFO  [17:11:41.200] [bbotk]                                 uhash
INFO  [17:11:41.200] [bbotk]  b918e8ac-c8c8-47c6-9371-2414fca7956f
INFO  [17:11:41.206] [bbotk] Finished optimizing after 3 evaluation(s)
INFO  [17:11:41.206] [bbotk] Result:
INFO  [17:11:41.207] [bbotk]    laplace learner_param_vals  x_domain classif.ce
INFO  [17:11:41.207] [bbotk]      <num>             <list>    <list>      <num>
INFO  [17:11:41.207] [bbotk]  0.7256459          <list[1]> <list[1]>  0.2546903
INFO  [17:11:41.315] [bbotk] Starting to optimize 1 parameter(s) with '<OptimizerBatchRandomSearch>' and '<TerminatorEvals> [n_evals=3, k=0]'
INFO  [17:11:41.333] [bbotk] Evaluating 1 configuration(s)
INFO  [17:11:41.638] [bbotk] Result of batch 1:
INFO  [17:11:41.639] [bbotk]    laplace classif.ce warnings errors runtime_learners
INFO  [17:11:41.639] [bbotk]  0.9110378  0.2372141        0      0            0.271
INFO  [17:11:41.639] [bbotk]                                 uhash
INFO  [17:11:41.639] [bbotk]  89fce798-e298-4680-a46c-46f0430596b0
INFO  [17:11:41.644] [bbotk] Evaluating 1 configuration(s)
INFO  [17:11:41.974] [bbotk] Result of batch 2:
INFO  [17:11:41.981] [bbotk]     laplace classif.ce warnings errors runtime_learners
INFO  [17:11:41.981] [bbotk]  0.05365232  0.2372141        0      0            0.276
INFO  [17:11:41.981] [bbotk]                                 uhash
INFO  [17:11:41.981] [bbotk]  29c24fb2-5f0a-481c-8123-ba8c767172b0
INFO  [17:11:41.986] [bbotk] Evaluating 1 configuration(s)
INFO  [17:11:42.308] [bbotk] Result of batch 3:
INFO  [17:11:42.309] [bbotk]    laplace classif.ce warnings errors runtime_learners
INFO  [17:11:42.309] [bbotk]  0.5715549  0.2372141        0      0            0.263
INFO  [17:11:42.309] [bbotk]                                 uhash
INFO  [17:11:42.309] [bbotk]  29a3af61-8b44-4973-bc34-d3e7ca40efa6
INFO  [17:11:42.317] [bbotk] Finished optimizing after 3 evaluation(s)
INFO  [17:11:42.318] [bbotk] Result:
INFO  [17:11:42.320] [bbotk]    laplace learner_param_vals  x_domain classif.ce
INFO  [17:11:42.320] [bbotk]      <num>             <list>    <list>      <num>
INFO  [17:11:42.320] [bbotk]  0.9110378          <list[1]> <list[1]>  0.2372141
INFO  [17:11:42.481] [bbotk] Starting to optimize 1 parameter(s) with '<OptimizerBatchRandomSearch>' and '<TerminatorEvals> [n_evals=3, k=0]'
INFO  [17:11:42.485] [bbotk] Evaluating 1 configuration(s)
INFO  [17:11:42.813] [bbotk] Result of batch 1:
INFO  [17:11:42.814] [bbotk]    laplace classif.ce warnings errors runtime_learners
INFO  [17:11:42.814] [bbotk]  0.9600828  0.2423542        0      0            0.277
INFO  [17:11:42.814] [bbotk]                                 uhash
INFO  [17:11:42.814] [bbotk]  f5a3224b-5494-4490-a814-37be265a499d
INFO  [17:11:42.817] [bbotk] Evaluating 1 configuration(s)
INFO  [17:11:43.120] [bbotk] Result of batch 2:
INFO  [17:11:43.123] [bbotk]    laplace classif.ce warnings errors runtime_learners
INFO  [17:11:43.123] [bbotk]  0.8396631  0.2423542        0      0            0.251
INFO  [17:11:43.123] [bbotk]                                 uhash
INFO  [17:11:43.123] [bbotk]  61e5a3f4-cce2-4695-bf9c-3d975fc11f4b
INFO  [17:11:43.128] [bbotk] Evaluating 1 configuration(s)
INFO  [17:11:43.446] [bbotk] Result of batch 3:
INFO  [17:11:43.448] [bbotk]    laplace classif.ce warnings errors runtime_learners
INFO  [17:11:43.448] [bbotk]  0.1686626  0.2423542        0      0            0.278
INFO  [17:11:43.448] [bbotk]                                 uhash
INFO  [17:11:43.448] [bbotk]  aeadfcc0-4f56-4ea6-a0cc-8a2c2653093f
INFO  [17:11:43.460] [bbotk] Finished optimizing after 3 evaluation(s)
INFO  [17:11:43.461] [bbotk] Result:
INFO  [17:11:43.462] [bbotk]    laplace learner_param_vals  x_domain classif.ce
INFO  [17:11:43.462] [bbotk]      <num>             <list>    <list>      <num>
INFO  [17:11:43.462] [bbotk]  0.9600828          <list[1]> <list[1]>  0.2423542
INFO  [17:11:43.593] [bbotk] Starting to optimize 1 parameter(s) with '<OptimizerBatchRandomSearch>' and '<TerminatorEvals> [n_evals=3, k=0]'
INFO  [17:11:43.600] [bbotk] Evaluating 1 configuration(s)
INFO  [17:11:43.888] [bbotk] Result of batch 1:
INFO  [17:11:43.890] [bbotk]    laplace classif.ce warnings errors runtime_learners
INFO  [17:11:43.890] [bbotk]  0.5874167  0.2392109        0      0            0.239
INFO  [17:11:43.890] [bbotk]                                 uhash
INFO  [17:11:43.890] [bbotk]  e9f534eb-b2d4-4602-b7a3-716449faa461
INFO  [17:11:43.899] [bbotk] Evaluating 1 configuration(s)
INFO  [17:11:44.260] [bbotk] Result of batch 2:
INFO  [17:11:44.261] [bbotk]    laplace classif.ce warnings errors runtime_learners
INFO  [17:11:44.261] [bbotk]  0.8009051  0.2392109        0      0            0.313
INFO  [17:11:44.261] [bbotk]                                 uhash
INFO  [17:11:44.261] [bbotk]  88148613-aa24-40ed-9c06-cd06a601c1ea
INFO  [17:11:44.263] [bbotk] Evaluating 1 configuration(s)
INFO  [17:11:44.621] [bbotk] Result of batch 3:
INFO  [17:11:44.622] [bbotk]    laplace classif.ce warnings errors runtime_learners
INFO  [17:11:44.622] [bbotk]  0.4348621  0.2392109        0      0            0.304
INFO  [17:11:44.622] [bbotk]                                 uhash
INFO  [17:11:44.622] [bbotk]  38866689-9baa-4acb-9b90-e4f6c7671e06
INFO  [17:11:44.639] [bbotk] Finished optimizing after 3 evaluation(s)
INFO  [17:11:44.640] [bbotk] Result:
INFO  [17:11:44.640] [bbotk]    laplace learner_param_vals  x_domain classif.ce
INFO  [17:11:44.640] [bbotk]      <num>             <list>    <list>      <num>
INFO  [17:11:44.640] [bbotk]  0.5874167          <list[1]> <list[1]>  0.2392109
[1] -8.717108
[1] 16.72246
[1] -10.71106
[1] 14.59571
[1] -8.86669
[1] 13.45308
[1] -10.39326
[1] 18.33855
[1] -7.610103
[1] 16.13411

### [bt]: Job terminated successfully [batchtools job.id=2397]
### [bt]: Starting job [batchtools job.id=2398]
### [bt]: Generating problem instance for problem '34d90df810f60583' ...
### [bt]: Applying algorithm 'run_learner' on problem '34d90df810f60583' for job 2398 (seed = 2399) ...
INFO  [17:11:45.140] [mlr3] Applying learner 'classif.naive_bayes.tuned_calib.perfold_beta' on task 'phoneme' (iter 8/10)
INFO  [17:11:45.188] [bbotk] Starting to optimize 1 parameter(s) with '<OptimizerBatchRandomSearch>' and '<TerminatorEvals> [n_evals=3, k=0]'
INFO  [17:11:45.196] [bbotk] Evaluating 1 configuration(s)
INFO  [17:11:45.547] [bbotk] Result of batch 1:
INFO  [17:11:45.550] [bbotk]   laplace classif.ce warnings errors runtime_learners
INFO  [17:11:45.550] [bbotk]  0.550945  0.2454382        0      0            0.303
INFO  [17:11:45.550] [bbotk]                                 uhash
INFO  [17:11:45.550] [bbotk]  1d19e1d8-2f7f-4fe2-b73c-cb891b2f5d2a
INFO  [17:11:45.552] [bbotk] Evaluating 1 configuration(s)
INFO  [17:11:45.920] [bbotk] Result of batch 2:
INFO  [17:11:45.921] [bbotk]    laplace classif.ce warnings errors runtime_learners
INFO  [17:11:45.921] [bbotk]  0.2212581  0.2454382        0      0            0.308
INFO  [17:11:45.921] [bbotk]                                 uhash
INFO  [17:11:45.921] [bbotk]  a08bac45-cc45-4288-bf49-62151d595477
INFO  [17:11:45.930] [bbotk] Evaluating 1 configuration(s)
INFO  [17:11:46.512] [bbotk] Result of batch 3:
INFO  [17:11:46.516] [bbotk]    laplace classif.ce warnings errors runtime_learners
INFO  [17:11:46.516] [bbotk]  0.2349554  0.2454382        0      0            0.546
INFO  [17:11:46.516] [bbotk]                                 uhash
INFO  [17:11:46.516] [bbotk]  67a1564b-74cb-4a70-b4b1-7e38baac740c
INFO  [17:11:46.531] [bbotk] Finished optimizing after 3 evaluation(s)
INFO  [17:11:46.532] [bbotk] Result:
INFO  [17:11:46.534] [bbotk]   laplace learner_param_vals  x_domain classif.ce
INFO  [17:11:46.534] [bbotk]     <num>             <list>    <list>      <num>
INFO  [17:11:46.534] [bbotk]  0.550945          <list[1]> <list[1]>  0.2454382
INFO  [17:11:46.660] [bbotk] Starting to optimize 1 parameter(s) with '<OptimizerBatchRandomSearch>' and '<TerminatorEvals> [n_evals=3, k=0]'
INFO  [17:11:46.676] [bbotk] Evaluating 1 configuration(s)
INFO  [17:11:47.009] [bbotk] Result of batch 1:
INFO  [17:11:47.010] [bbotk]    laplace classif.ce warnings errors runtime_learners
INFO  [17:11:47.010] [bbotk]  0.5703034    0.23413        0      0            0.297
INFO  [17:11:47.010] [bbotk]                                 uhash
INFO  [17:11:47.010] [bbotk]  d4483a36-41ba-468e-b989-42cfb0ba4048
INFO  [17:11:47.013] [bbotk] Evaluating 1 configuration(s)
INFO  [17:11:47.285] [bbotk] Result of batch 2:
INFO  [17:11:47.286] [bbotk]    laplace classif.ce warnings errors runtime_learners
INFO  [17:11:47.286] [bbotk]  0.7327152    0.23413        0      0             0.23
INFO  [17:11:47.286] [bbotk]                                 uhash
INFO  [17:11:47.286] [bbotk]  a2c9a8cb-bc76-49ce-bab1-833ed57418aa
INFO  [17:11:47.291] [bbotk] Evaluating 1 configuration(s)
INFO  [17:11:47.574] [bbotk] Result of batch 3:
INFO  [17:11:47.575] [bbotk]    laplace classif.ce warnings errors runtime_learners
INFO  [17:11:47.575] [bbotk]  0.5664055    0.23413        0      0             0.23
INFO  [17:11:47.575] [bbotk]                                 uhash
INFO  [17:11:47.575] [bbotk]  056c538b-a6cc-4a15-9358-1ab23ffa6057
INFO  [17:11:47.584] [bbotk] Finished optimizing after 3 evaluation(s)
INFO  [17:11:47.585] [bbotk] Result:
INFO  [17:11:47.586] [bbotk]    laplace learner_param_vals  x_domain classif.ce
INFO  [17:11:47.586] [bbotk]      <num>             <list>    <list>      <num>
INFO  [17:11:47.586] [bbotk]  0.5703034          <list[1]> <list[1]>    0.23413
INFO  [17:11:47.683] [bbotk] Starting to optimize 1 parameter(s) with '<OptimizerBatchRandomSearch>' and '<TerminatorEvals> [n_evals=3, k=0]'
INFO  [17:11:47.694] [bbotk] Evaluating 1 configuration(s)
INFO  [17:11:47.963] [bbotk] Result of batch 1:
INFO  [17:11:47.964] [bbotk]    laplace classif.ce warnings errors runtime_learners
INFO  [17:11:47.964] [bbotk]  0.8034693  0.2374711        0      0            0.231
INFO  [17:11:47.964] [bbotk]                                 uhash
INFO  [17:11:47.964] [bbotk]  d8306d56-f394-4cb9-8518-9d9e40ff21b5
INFO  [17:11:47.970] [bbotk] Evaluating 1 configuration(s)
INFO  [17:11:48.245] [bbotk] Result of batch 2:
INFO  [17:11:48.246] [bbotk]    laplace classif.ce warnings errors runtime_learners
INFO  [17:11:48.246] [bbotk]  0.6850785  0.2374711        0      0            0.233
INFO  [17:11:48.246] [bbotk]                                 uhash
INFO  [17:11:48.246] [bbotk]  3bec5171-e9e8-4fc9-b3b4-e6de6c6d237a
INFO  [17:11:48.251] [bbotk] Evaluating 1 configuration(s)
INFO  [17:11:48.536] [bbotk] Result of batch 3:
INFO  [17:11:48.537] [bbotk]    laplace classif.ce warnings errors runtime_learners
INFO  [17:11:48.537] [bbotk]  0.5438111  0.2374711        0      0            0.235
INFO  [17:11:48.537] [bbotk]                                 uhash
INFO  [17:11:48.537] [bbotk]  50cf53a4-ea51-4e02-ab0e-77ff49d7a6a6
INFO  [17:11:48.544] [bbotk] Finished optimizing after 3 evaluation(s)
INFO  [17:11:48.544] [bbotk] Result:
INFO  [17:11:48.545] [bbotk]    laplace learner_param_vals  x_domain classif.ce
INFO  [17:11:48.545] [bbotk]      <num>             <list>    <list>      <num>
INFO  [17:11:48.545] [bbotk]  0.8034693          <list[1]> <list[1]>  0.2374711
INFO  [17:11:48.648] [bbotk] Starting to optimize 1 parameter(s) with '<OptimizerBatchRandomSearch>' and '<TerminatorEvals> [n_evals=3, k=0]'
INFO  [17:11:48.662] [bbotk] Evaluating 1 configuration(s)
INFO  [17:11:48.936] [bbotk] Result of batch 1:
INFO  [17:11:48.937] [bbotk]    laplace classif.ce warnings errors runtime_learners
INFO  [17:11:48.937] [bbotk]  0.4108596  0.2351581        0      0             0.22
INFO  [17:11:48.937] [bbotk]                                 uhash
INFO  [17:11:48.937] [bbotk]  15bde225-6171-4174-bf30-9f471150425f
INFO  [17:11:48.939] [bbotk] Evaluating 1 configuration(s)
INFO  [17:11:49.201] [bbotk] Result of batch 2:
INFO  [17:11:49.202] [bbotk]    laplace classif.ce warnings errors runtime_learners
INFO  [17:11:49.202] [bbotk]  0.6857954  0.2351581        0      0            0.229
INFO  [17:11:49.202] [bbotk]                                 uhash
INFO  [17:11:49.202] [bbotk]  27e810d1-37dc-4444-8991-bc9263dec9ef
INFO  [17:11:49.204] [bbotk] Evaluating 1 configuration(s)
INFO  [17:11:49.427] [bbotk] Result of batch 3:
INFO  [17:11:49.427] [bbotk]    laplace classif.ce warnings errors runtime_learners
INFO  [17:11:49.427] [bbotk]  0.6461333  0.2351581        0      0            0.194
INFO  [17:11:49.427] [bbotk]                                 uhash
INFO  [17:11:49.427] [bbotk]  23544932-ab91-4fde-b842-88d8a25a4a28
INFO  [17:11:49.434] [bbotk] Finished optimizing after 3 evaluation(s)
INFO  [17:11:49.434] [bbotk] Result:
INFO  [17:11:49.435] [bbotk]    laplace learner_param_vals  x_domain classif.ce
INFO  [17:11:49.435] [bbotk]      <num>             <list>    <list>      <num>
INFO  [17:11:49.435] [bbotk]  0.4108596          <list[1]> <list[1]>  0.2351581
INFO  [17:11:49.524] [bbotk] Starting to optimize 1 parameter(s) with '<OptimizerBatchRandomSearch>' and '<TerminatorEvals> [n_evals=3, k=0]'
INFO  [17:11:49.528] [bbotk] Evaluating 1 configuration(s)
INFO  [17:11:49.819] [bbotk] Result of batch 1:
INFO  [17:11:49.820] [bbotk]    laplace classif.ce warnings errors runtime_learners
INFO  [17:11:49.820] [bbotk]  0.6072495  0.2402367        0      0            0.245
INFO  [17:11:49.820] [bbotk]                                 uhash
INFO  [17:11:49.820] [bbotk]  b0c232c0-c57d-4453-a5d6-a7fcde7011c1
INFO  [17:11:49.823] [bbotk] Evaluating 1 configuration(s)
INFO  [17:11:50.059] [bbotk] Result of batch 2:
INFO  [17:11:50.060] [bbotk]    laplace classif.ce warnings errors runtime_learners
INFO  [17:11:50.060] [bbotk]  0.8116669  0.2402367        0      0            0.201
INFO  [17:11:50.060] [bbotk]                                 uhash
INFO  [17:11:50.060] [bbotk]  06795141-8abb-4a00-934c-dc00032ef09d
INFO  [17:11:50.066] [bbotk] Evaluating 1 configuration(s)
INFO  [17:11:50.309] [bbotk] Result of batch 3:
INFO  [17:11:50.310] [bbotk]    laplace classif.ce warnings errors runtime_learners
INFO  [17:11:50.310] [bbotk]  0.8820738  0.2402367        0      0            0.205
INFO  [17:11:50.310] [bbotk]                                 uhash
INFO  [17:11:50.310] [bbotk]  464d803f-71d6-4da0-b734-79aca14267af
INFO  [17:11:50.326] [bbotk] Finished optimizing after 3 evaluation(s)
INFO  [17:11:50.327] [bbotk] Result:
INFO  [17:11:50.329] [bbotk]    laplace learner_param_vals  x_domain classif.ce
INFO  [17:11:50.329] [bbotk]      <num>             <list>    <list>      <num>
INFO  [17:11:50.329] [bbotk]  0.6072495          <list[1]> <list[1]>  0.2402367
[1] -12.70251
[1] 12.95918
[1] -2.998057
[1] 21.17334
[1] -12.29424
[1] 14.09346
[1] -11.78719
[1] 14.59711
[1] -9.738883
[1] 15.37205

### [bt]: Job terminated successfully [batchtools job.id=2398]
### [bt]: Starting job [batchtools job.id=2399]
### [bt]: Generating problem instance for problem '34d90df810f60583' ...
### [bt]: Applying algorithm 'run_learner' on problem '34d90df810f60583' for job 2399 (seed = 2400) ...
INFO  [17:11:50.657] [mlr3] Applying learner 'classif.naive_bayes.tuned_calib.perfold_beta' on task 'phoneme' (iter 9/10)
INFO  [17:11:50.687] [bbotk] Starting to optimize 1 parameter(s) with '<OptimizerBatchRandomSearch>' and '<TerminatorEvals> [n_evals=3, k=0]'
INFO  [17:11:50.692] [bbotk] Evaluating 1 configuration(s)
INFO  [17:11:50.902] [bbotk] Result of batch 1:
INFO  [17:11:50.903] [bbotk]    laplace classif.ce warnings errors runtime_learners
INFO  [17:11:50.903] [bbotk]  0.8085356  0.2420971        0      0            0.182
INFO  [17:11:50.903] [bbotk]                                 uhash
INFO  [17:11:50.903] [bbotk]  a5522e2f-95c3-4bed-9ade-94159b41245d
INFO  [17:11:50.906] [bbotk] Evaluating 1 configuration(s)
INFO  [17:11:51.115] [bbotk] Result of batch 2:
INFO  [17:11:51.116] [bbotk]    laplace classif.ce warnings errors runtime_learners
INFO  [17:11:51.116] [bbotk]  0.1663071  0.2420971        0      0            0.179
INFO  [17:11:51.116] [bbotk]                                 uhash
INFO  [17:11:51.116] [bbotk]  9d7ad328-16f4-4398-92d1-c31ae6987f4f
INFO  [17:11:51.118] [bbotk] Evaluating 1 configuration(s)
INFO  [17:11:51.346] [bbotk] Result of batch 3:
INFO  [17:11:51.347] [bbotk]    laplace classif.ce warnings errors runtime_learners
INFO  [17:11:51.347] [bbotk]  0.1290425  0.2420971        0      0            0.189
INFO  [17:11:51.347] [bbotk]                                 uhash
INFO  [17:11:51.347] [bbotk]  0fd643ac-3a2e-477f-999b-adb5a5fc9f48
INFO  [17:11:51.357] [bbotk] Finished optimizing after 3 evaluation(s)
INFO  [17:11:51.357] [bbotk] Result:
INFO  [17:11:51.358] [bbotk]    laplace learner_param_vals  x_domain classif.ce
INFO  [17:11:51.358] [bbotk]      <num>             <list>    <list>      <num>
INFO  [17:11:51.358] [bbotk]  0.8085356          <list[1]> <list[1]>  0.2420971
INFO  [17:11:51.455] [bbotk] Starting to optimize 1 parameter(s) with '<OptimizerBatchRandomSearch>' and '<TerminatorEvals> [n_evals=3, k=0]'
INFO  [17:11:51.459] [bbotk] Evaluating 1 configuration(s)
INFO  [17:11:51.672] [bbotk] Result of batch 1:
INFO  [17:11:51.678] [bbotk]    laplace classif.ce warnings errors runtime_learners
INFO  [17:11:51.678] [bbotk]  0.4725188  0.2405551        0      0            0.179
INFO  [17:11:51.678] [bbotk]                                 uhash
INFO  [17:11:51.678] [bbotk]  721c245f-59c2-4f8f-8406-2b59177d5cfc
INFO  [17:11:51.680] [bbotk] Evaluating 1 configuration(s)
INFO  [17:11:51.887] [bbotk] Result of batch 2:
INFO  [17:11:51.890] [bbotk]    laplace classif.ce warnings errors runtime_learners
INFO  [17:11:51.890] [bbotk]  0.5234669  0.2405551        0      0            0.171
INFO  [17:11:51.890] [bbotk]                                 uhash
INFO  [17:11:51.890] [bbotk]  9ba5e293-f3ca-402b-b72a-311ffafc5f5d
INFO  [17:11:51.895] [bbotk] Evaluating 1 configuration(s)
INFO  [17:11:52.116] [bbotk] Result of batch 3:
INFO  [17:11:52.117] [bbotk]    laplace classif.ce warnings errors runtime_learners
INFO  [17:11:52.117] [bbotk]  0.2699722  0.2405551        0      0            0.185
INFO  [17:11:52.117] [bbotk]                                 uhash
INFO  [17:11:52.117] [bbotk]  b309b482-0bf6-4a5e-bb19-d746b07ed757
INFO  [17:11:52.124] [bbotk] Finished optimizing after 3 evaluation(s)
INFO  [17:11:52.125] [bbotk] Result:
INFO  [17:11:52.125] [bbotk]    laplace learner_param_vals  x_domain classif.ce
INFO  [17:11:52.125] [bbotk]      <num>             <list>    <list>      <num>
INFO  [17:11:52.125] [bbotk]  0.4725188          <list[1]> <list[1]>  0.2405551
INFO  [17:11:52.202] [bbotk] Starting to optimize 1 parameter(s) with '<OptimizerBatchRandomSearch>' and '<TerminatorEvals> [n_evals=3, k=0]'
INFO  [17:11:52.206] [bbotk] Evaluating 1 configuration(s)
INFO  [17:11:52.423] [bbotk] Result of batch 1:
INFO  [17:11:52.425] [bbotk]   laplace classif.ce warnings errors runtime_learners
INFO  [17:11:52.425] [bbotk]  0.170215   0.232588        0      0            0.181
INFO  [17:11:52.425] [bbotk]                                 uhash
INFO  [17:11:52.425] [bbotk]  b13cfbc9-2121-41a9-860f-c6e18e6e13b7
INFO  [17:11:52.429] [bbotk] Evaluating 1 configuration(s)
INFO  [17:11:52.645] [bbotk] Result of batch 2:
INFO  [17:11:52.646] [bbotk]    laplace classif.ce warnings errors runtime_learners
INFO  [17:11:52.646] [bbotk]  0.1826503   0.232588        0      0            0.185
INFO  [17:11:52.646] [bbotk]                                 uhash
INFO  [17:11:52.646] [bbotk]  ac043a16-1aa5-415c-8a0f-6d527cda20ca
INFO  [17:11:52.648] [bbotk] Evaluating 1 configuration(s)
INFO  [17:11:52.838] [bbotk] Result of batch 3:
INFO  [17:11:52.839] [bbotk]   laplace classif.ce warnings errors runtime_learners
INFO  [17:11:52.839] [bbotk]  0.143176   0.232588        0      0            0.156
INFO  [17:11:52.839] [bbotk]                                 uhash
INFO  [17:11:52.839] [bbotk]  73df6180-94a1-4854-8b24-841303e84241
INFO  [17:11:52.846] [bbotk] Finished optimizing after 3 evaluation(s)
INFO  [17:11:52.846] [bbotk] Result:
INFO  [17:11:52.847] [bbotk]   laplace learner_param_vals  x_domain classif.ce
INFO  [17:11:52.847] [bbotk]     <num>             <list>    <list>      <num>
INFO  [17:11:52.847] [bbotk]  0.170215          <list[1]> <list[1]>   0.232588
INFO  [17:11:52.928] [bbotk] Starting to optimize 1 parameter(s) with '<OptimizerBatchRandomSearch>' and '<TerminatorEvals> [n_evals=3, k=0]'
INFO  [17:11:52.934] [bbotk] Evaluating 1 configuration(s)
INFO  [17:11:53.182] [bbotk] Result of batch 1:
INFO  [17:11:53.183] [bbotk]    laplace classif.ce warnings errors runtime_learners
INFO  [17:11:53.183] [bbotk]  0.2200976  0.2433822        0      0            0.213
INFO  [17:11:53.183] [bbotk]                                 uhash
INFO  [17:11:53.183] [bbotk]  16a49f34-1f47-41ea-9cd1-9b5debf5c71e
INFO  [17:11:53.185] [bbotk] Evaluating 1 configuration(s)
INFO  [17:11:53.394] [bbotk] Result of batch 2:
INFO  [17:11:53.395] [bbotk]    laplace classif.ce warnings errors runtime_learners
INFO  [17:11:53.395] [bbotk]  0.5562628  0.2433822        0      0            0.182
INFO  [17:11:53.395] [bbotk]                                 uhash
INFO  [17:11:53.395] [bbotk]  1449227b-ce84-496b-8bde-9eca9090f1e6
INFO  [17:11:53.397] [bbotk] Evaluating 1 configuration(s)
INFO  [17:11:53.574] [bbotk] Result of batch 3:
INFO  [17:11:53.575] [bbotk]    laplace classif.ce warnings errors runtime_learners
INFO  [17:11:53.575] [bbotk]  0.1802077  0.2433822        0      0            0.147
INFO  [17:11:53.575] [bbotk]                                 uhash
INFO  [17:11:53.575] [bbotk]  b33d80ad-d56a-4a71-b699-abb4d34d98f6
INFO  [17:11:53.587] [bbotk] Finished optimizing after 3 evaluation(s)
INFO  [17:11:53.587] [bbotk] Result:
INFO  [17:11:53.588] [bbotk]    laplace learner_param_vals  x_domain classif.ce
INFO  [17:11:53.588] [bbotk]      <num>             <list>    <list>      <num>
INFO  [17:11:53.588] [bbotk]  0.2200976          <list[1]> <list[1]>  0.2433822
INFO  [17:11:53.662] [bbotk] Starting to optimize 1 parameter(s) with '<OptimizerBatchRandomSearch>' and '<TerminatorEvals> [n_evals=3, k=0]'
INFO  [17:11:53.668] [bbotk] Evaluating 1 configuration(s)
INFO  [17:11:53.861] [bbotk] Result of batch 1:
INFO  [17:11:53.862] [bbotk]    laplace classif.ce warnings errors runtime_learners
INFO  [17:11:53.862] [bbotk]  0.7723048  0.2404888        0      0            0.167
INFO  [17:11:53.862] [bbotk]                                 uhash
INFO  [17:11:53.862] [bbotk]  82f8d24c-f978-43b8-8190-160b22755351
INFO  [17:11:53.865] [bbotk] Evaluating 1 configuration(s)
INFO  [17:11:54.071] [bbotk] Result of batch 2:
INFO  [17:11:54.072] [bbotk]    laplace classif.ce warnings errors runtime_learners
INFO  [17:11:54.072] [bbotk]  0.8055002  0.2404888        0      0            0.178
INFO  [17:11:54.072] [bbotk]                                 uhash
INFO  [17:11:54.072] [bbotk]  278f75f5-e879-4ee6-8db6-22b71c9f12b2
INFO  [17:11:54.074] [bbotk] Evaluating 1 configuration(s)
INFO  [17:11:54.264] [bbotk] Result of batch 3:
INFO  [17:11:54.265] [bbotk]    laplace classif.ce warnings errors runtime_learners
INFO  [17:11:54.265] [bbotk]  0.3267748  0.2404888        0      0            0.161
INFO  [17:11:54.265] [bbotk]                                 uhash
INFO  [17:11:54.265] [bbotk]  6cf26ac6-b76e-474e-8f5e-fb18de37de96
INFO  [17:11:54.272] [bbotk] Finished optimizing after 3 evaluation(s)
INFO  [17:11:54.273] [bbotk] Result:
INFO  [17:11:54.274] [bbotk]    laplace learner_param_vals  x_domain classif.ce
INFO  [17:11:54.274] [bbotk]      <num>             <list>    <list>      <num>
INFO  [17:11:54.274] [bbotk]  0.7723048          <list[1]> <list[1]>  0.2404888
[1] -8.083167
[1] 16.07263
[1] -8.870107
[1] 19.58658
[1] -6.575746
[1] 15.57578
[1] -10.8052
[1] 18.31047
[1] -12.15623
[1] 11.01227

### [bt]: Job terminated successfully [batchtools job.id=2399]
### [bt]: Starting job [batchtools job.id=2400]
### [bt]: Generating problem instance for problem '34d90df810f60583' ...
### [bt]: Applying algorithm 'run_learner' on problem '34d90df810f60583' for job 2400 (seed = 2401) ...
INFO  [17:11:54.537] [mlr3] Applying learner 'classif.naive_bayes.tuned_calib.perfold_beta' on task 'phoneme' (iter 10/10)
INFO  [17:11:54.567] [bbotk] Starting to optimize 1 parameter(s) with '<OptimizerBatchRandomSearch>' and '<TerminatorEvals> [n_evals=3, k=0]'
INFO  [17:11:54.571] [bbotk] Evaluating 1 configuration(s)
INFO  [17:11:54.757] [bbotk] Result of batch 1:
INFO  [17:11:54.758] [bbotk]    laplace classif.ce warnings errors runtime_learners
INFO  [17:11:54.758] [bbotk]  0.3204034  0.2518633        0      0            0.158
INFO  [17:11:54.758] [bbotk]                                 uhash
INFO  [17:11:54.758] [bbotk]  39fa491b-1870-441a-9139-8a8bec71363d
INFO  [17:11:54.760] [bbotk] Evaluating 1 configuration(s)
INFO  [17:11:54.952] [bbotk] Result of batch 2:
INFO  [17:11:54.953] [bbotk]    laplace classif.ce warnings errors runtime_learners
INFO  [17:11:54.953] [bbotk]  0.4190327  0.2518633        0      0            0.164
INFO  [17:11:54.953] [bbotk]                                 uhash
INFO  [17:11:54.953] [bbotk]  c477d16a-9e09-49c6-939c-5399740b0c80
INFO  [17:11:54.955] [bbotk] Evaluating 1 configuration(s)
INFO  [17:11:55.143] [bbotk] Result of batch 3:
INFO  [17:11:55.144] [bbotk]    laplace classif.ce warnings errors runtime_learners
INFO  [17:11:55.144] [bbotk]  0.5521425  0.2518633        0      0            0.159
INFO  [17:11:55.144] [bbotk]                                 uhash
INFO  [17:11:55.144] [bbotk]  8453a6e0-32a3-43bd-aaa8-7072f6673e44
INFO  [17:11:55.150] [bbotk] Finished optimizing after 3 evaluation(s)
INFO  [17:11:55.150] [bbotk] Result:
INFO  [17:11:55.151] [bbotk]    laplace learner_param_vals  x_domain classif.ce
INFO  [17:11:55.151] [bbotk]      <num>             <list>    <list>      <num>
INFO  [17:11:55.151] [bbotk]  0.3204034          <list[1]> <list[1]>  0.2518633
INFO  [17:11:55.224] [bbotk] Starting to optimize 1 parameter(s) with '<OptimizerBatchRandomSearch>' and '<TerminatorEvals> [n_evals=3, k=0]'
INFO  [17:11:55.228] [bbotk] Evaluating 1 configuration(s)
INFO  [17:11:55.413] [bbotk] Result of batch 1:
INFO  [17:11:55.414] [bbotk]    laplace classif.ce warnings errors runtime_learners
INFO  [17:11:55.414] [bbotk]  0.5735501  0.2444102        0      0            0.158
INFO  [17:11:55.414] [bbotk]                                 uhash
INFO  [17:11:55.414] [bbotk]  fdf21f0b-e4b0-489a-a9c4-ba196515c9f4
INFO  [17:11:55.416] [bbotk] Evaluating 1 configuration(s)
INFO  [17:11:55.606] [bbotk] Result of batch 2:
INFO  [17:11:55.607] [bbotk]    laplace classif.ce warnings errors runtime_learners
INFO  [17:11:55.607] [bbotk]  0.2616159  0.2444102        0      0            0.163
INFO  [17:11:55.607] [bbotk]                                 uhash
INFO  [17:11:55.607] [bbotk]  c3bcaeda-3fdf-47a4-b5d9-a89329aa0755
INFO  [17:11:55.609] [bbotk] Evaluating 1 configuration(s)
INFO  [17:11:55.800] [bbotk] Result of batch 3:
INFO  [17:11:55.801] [bbotk]   laplace classif.ce warnings errors runtime_learners
INFO  [17:11:55.801] [bbotk]  0.905252  0.2444102        0      0            0.161
INFO  [17:11:55.801] [bbotk]                                 uhash
INFO  [17:11:55.801] [bbotk]  c1dc14f1-a92c-4a04-b275-b06ba90b6270
INFO  [17:11:55.817] [bbotk] Finished optimizing after 3 evaluation(s)
INFO  [17:11:55.818] [bbotk] Result:
INFO  [17:11:55.819] [bbotk]    laplace learner_param_vals  x_domain classif.ce
INFO  [17:11:55.819] [bbotk]      <num>             <list>    <list>      <num>
INFO  [17:11:55.819] [bbotk]  0.5735501          <list[1]> <list[1]>  0.2444102
INFO  [17:11:55.892] [bbotk] Starting to optimize 1 parameter(s) with '<OptimizerBatchRandomSearch>' and '<TerminatorEvals> [n_evals=3, k=0]'
INFO  [17:11:55.896] [bbotk] Evaluating 1 configuration(s)
INFO  [17:11:56.097] [bbotk] Result of batch 1:
INFO  [17:11:56.098] [bbotk]    laplace classif.ce warnings errors runtime_learners
INFO  [17:11:56.098] [bbotk]  0.4881732  0.2426112        0      0            0.167
INFO  [17:11:56.098] [bbotk]                                 uhash
INFO  [17:11:56.098] [bbotk]  47271f82-066c-4764-b6a2-2876d651bc5c
INFO  [17:11:56.100] [bbotk] Evaluating 1 configuration(s)
INFO  [17:11:56.283] [bbotk] Result of batch 2:
INFO  [17:11:56.284] [bbotk]    laplace classif.ce warnings errors runtime_learners
INFO  [17:11:56.284] [bbotk]  0.1769096  0.2426112        0      0            0.156
INFO  [17:11:56.284] [bbotk]                                 uhash
INFO  [17:11:56.284] [bbotk]  85247147-ff56-4dcf-bcff-cd206836b195
INFO  [17:11:56.286] [bbotk] Evaluating 1 configuration(s)
INFO  [17:11:56.515] [bbotk] Result of batch 3:
INFO  [17:11:56.516] [bbotk]    laplace classif.ce warnings errors runtime_learners
INFO  [17:11:56.516] [bbotk]  0.4079382  0.2426112        0      0            0.201
INFO  [17:11:56.516] [bbotk]                                 uhash
INFO  [17:11:56.516] [bbotk]  302f7072-166a-4171-9bbc-adcacba3ca56
INFO  [17:11:56.529] [bbotk] Finished optimizing after 3 evaluation(s)
INFO  [17:11:56.529] [bbotk] Result:
INFO  [17:11:56.530] [bbotk]    laplace learner_param_vals  x_domain classif.ce
INFO  [17:11:56.530] [bbotk]      <num>             <list>    <list>      <num>
INFO  [17:11:56.530] [bbotk]  0.4881732          <list[1]> <list[1]>  0.2426112
INFO  [17:11:56.641] [bbotk] Starting to optimize 1 parameter(s) with '<OptimizerBatchRandomSearch>' and '<TerminatorEvals> [n_evals=3, k=0]'
INFO  [17:11:56.653] [bbotk] Evaluating 1 configuration(s)
INFO  [17:11:56.942] [bbotk] Result of batch 1:
INFO  [17:11:56.943] [bbotk]     laplace classif.ce warnings errors runtime_learners
INFO  [17:11:56.943] [bbotk]  0.05143546  0.2413261        0      0             0.24
INFO  [17:11:56.943] [bbotk]                                 uhash
INFO  [17:11:56.943] [bbotk]  95e73f07-6079-4cb2-acac-5c03394734da
INFO  [17:11:56.945] [bbotk] Evaluating 1 configuration(s)
INFO  [17:11:57.282] [bbotk] Result of batch 2:
INFO  [17:11:57.283] [bbotk]    laplace classif.ce warnings errors runtime_learners
INFO  [17:11:57.283] [bbotk]  0.9401516  0.2413261        0      0            0.253
INFO  [17:11:57.283] [bbotk]                                 uhash
INFO  [17:11:57.283] [bbotk]  789b0a79-957e-4acb-9b7e-b2988815cb38
INFO  [17:11:57.285] [bbotk] Evaluating 1 configuration(s)
INFO  [17:11:57.604] [bbotk] Result of batch 3:
INFO  [17:11:57.606] [bbotk]   laplace classif.ce warnings errors runtime_learners
INFO  [17:11:57.606] [bbotk]  0.303201  0.2413261        0      0            0.276
INFO  [17:11:57.606] [bbotk]                                 uhash
INFO  [17:11:57.606] [bbotk]  ed5e4519-555b-4e4b-83a7-37e6540d9e3d
INFO  [17:11:57.618] [bbotk] Finished optimizing after 3 evaluation(s)
INFO  [17:11:57.619] [bbotk] Result:
INFO  [17:11:57.619] [bbotk]     laplace learner_param_vals  x_domain classif.ce
INFO  [17:11:57.619] [bbotk]       <num>             <list>    <list>      <num>
INFO  [17:11:57.619] [bbotk]  0.05143546          <list[1]> <list[1]>  0.2413261
INFO  [17:11:57.746] [bbotk] Starting to optimize 1 parameter(s) with '<OptimizerBatchRandomSearch>' and '<TerminatorEvals> [n_evals=3, k=0]'
INFO  [17:11:57.769] [bbotk] Evaluating 1 configuration(s)
INFO  [17:11:58.072] [bbotk] Result of batch 1:
INFO  [17:11:58.073] [bbotk]    laplace classif.ce warnings errors runtime_learners
INFO  [17:11:58.073] [bbotk]  0.7899493  0.2438374        0      0            0.258
INFO  [17:11:58.073] [bbotk]                                 uhash
INFO  [17:11:58.073] [bbotk]  1f812de6-fd52-4e63-9468-c0ed4d3f0111
INFO  [17:11:58.075] [bbotk] Evaluating 1 configuration(s)
INFO  [17:11:58.412] [bbotk] Result of batch 2:
INFO  [17:11:58.413] [bbotk]    laplace classif.ce warnings errors runtime_learners
INFO  [17:11:58.413] [bbotk]  0.9961878  0.2438374        0      0            0.288
INFO  [17:11:58.413] [bbotk]                                 uhash
INFO  [17:11:58.413] [bbotk]  e125ab59-e5bd-41de-b27e-3cc8e6d32e63
INFO  [17:11:58.417] [bbotk] Evaluating 1 configuration(s)
INFO  [17:11:58.731] [bbotk] Result of batch 3:
INFO  [17:11:58.732] [bbotk]    laplace classif.ce warnings errors runtime_learners
INFO  [17:11:58.732] [bbotk]  0.2723468  0.2438374        0      0            0.267
INFO  [17:11:58.732] [bbotk]                                 uhash
INFO  [17:11:58.732] [bbotk]  b678b3fa-7f5a-4a95-a72e-fc3f6c597f65
INFO  [17:11:58.746] [bbotk] Finished optimizing after 3 evaluation(s)
INFO  [17:11:58.746] [bbotk] Result:
INFO  [17:11:58.747] [bbotk]    laplace learner_param_vals  x_domain classif.ce
INFO  [17:11:58.747] [bbotk]      <num>             <list>    <list>      <num>
INFO  [17:11:58.747] [bbotk]  0.7899493          <list[1]> <list[1]>  0.2438374
[1] -16.94525
[1] 8.832947
[1] -6.126017
[1] 20.97736
[1] -10.77076
[1] 15.53663
[1] -10.11293
[1] 15.00176
[1] -2.896677
[1] 21.68724

### [bt]: Job terminated successfully [batchtools job.id=2400]
### [bt]: Calculation finished!
