### [bt]: This is batchtools v0.9.17
### [bt]: Starting calculation of 5 jobs
### [bt]: Setting working directory to '/Users/User/Documents/Studium/Semester8/Hiwi/mlr3calibration/vignettes'
### [bt]: Memory measurement disabled
### [bt]: Starting job [batchtools job.id=1336]
### [bt]: Generating problem instance for problem '78e20b4b43a56ff6' ...
### [bt]: Applying algorithm 'run_learner' on problem '78e20b4b43a56ff6' for job 1336 (seed = 1337) ...
INFO  [16:49:58.227] [mlr3] Applying learner 'classif.ranger.tuned_calib.oof_isotonic' on task 'pc3' (iter 6/10)
INFO  [16:49:58.282] [bbotk] Starting to optimize 1 parameter(s) with '<OptimizerBatchRandomSearch>' and '<TerminatorEvals> [n_evals=3, k=0]'
INFO  [16:49:58.293] [bbotk] Evaluating 1 configuration(s)
INFO  [16:49:58.723] [bbotk] Result of batch 1:
INFO  [16:49:58.724] [bbotk]  num.trees classif.ce warnings errors runtime_learners
INFO  [16:49:58.724] [bbotk]        385  0.1137778        0      0             0.39
INFO  [16:49:58.724] [bbotk]                                 uhash
INFO  [16:49:58.724] [bbotk]  20d0e789-888d-4f1a-b21a-8f366d54894e
INFO  [16:49:58.726] [bbotk] Evaluating 1 configuration(s)
INFO  [16:49:58.952] [bbotk] Result of batch 2:
INFO  [16:49:58.955] [bbotk]  num.trees classif.ce warnings errors runtime_learners
INFO  [16:49:58.955] [bbotk]        189  0.1155556        0      0            0.179
INFO  [16:49:58.955] [bbotk]                                 uhash
INFO  [16:49:58.955] [bbotk]  34cc27d7-ee78-45b5-8222-6182c5326fef
INFO  [16:49:58.961] [bbotk] Evaluating 1 configuration(s)
INFO  [16:49:59.181] [bbotk] Result of batch 3:
INFO  [16:49:59.182] [bbotk]  num.trees classif.ce warnings errors runtime_learners
INFO  [16:49:59.182] [bbotk]        134  0.1155556        0      0            0.159
INFO  [16:49:59.182] [bbotk]                                 uhash
INFO  [16:49:59.182] [bbotk]  f13f37ed-54fc-4b84-bc5c-997e33cd7be9
INFO  [16:49:59.195] [bbotk] Finished optimizing after 3 evaluation(s)
INFO  [16:49:59.196] [bbotk] Result:
INFO  [16:49:59.197] [bbotk]  num.trees learner_param_vals  x_domain classif.ce
INFO  [16:49:59.197] [bbotk]      <int>             <list>    <list>      <num>
INFO  [16:49:59.197] [bbotk]        385          <list[2]> <list[1]>  0.1137778
INFO  [16:49:59.441] [bbotk] Starting to optimize 1 parameter(s) with '<OptimizerBatchRandomSearch>' and '<TerminatorEvals> [n_evals=3, k=0]'
INFO  [16:49:59.449] [bbotk] Evaluating 1 configuration(s)
INFO  [16:49:59.848] [bbotk] Result of batch 1:
INFO  [16:49:59.849] [bbotk]  num.trees classif.ce warnings errors runtime_learners
INFO  [16:49:59.849] [bbotk]        349  0.1048889        0      0            0.354
INFO  [16:49:59.849] [bbotk]                                 uhash
INFO  [16:49:59.849] [bbotk]  fc153b44-fe2c-4ed8-9832-488982b21ab2
INFO  [16:49:59.851] [bbotk] Evaluating 1 configuration(s)
INFO  [16:50:00.341] [bbotk] Result of batch 2:
INFO  [16:50:00.343] [bbotk]  num.trees classif.ce warnings errors runtime_learners
INFO  [16:50:00.343] [bbotk]        431  0.1066667        0      0            0.457
INFO  [16:50:00.343] [bbotk]                                 uhash
INFO  [16:50:00.343] [bbotk]  554f5832-7727-4e76-85fd-f1fada7d15e6
INFO  [16:50:00.345] [bbotk] Evaluating 1 configuration(s)
INFO  [16:50:00.808] [bbotk] Result of batch 3:
INFO  [16:50:00.811] [bbotk]  num.trees classif.ce warnings errors runtime_learners
INFO  [16:50:00.811] [bbotk]        454  0.1057778        0      0            0.411
INFO  [16:50:00.811] [bbotk]                                 uhash
INFO  [16:50:00.811] [bbotk]  41ec1e14-9b11-4eb3-8712-911673489c19
INFO  [16:50:00.817] [bbotk] Finished optimizing after 3 evaluation(s)
INFO  [16:50:00.818] [bbotk] Result:
INFO  [16:50:00.819] [bbotk]  num.trees learner_param_vals  x_domain classif.ce
INFO  [16:50:00.819] [bbotk]      <int>             <list>    <list>      <num>
INFO  [16:50:00.819] [bbotk]        349          <list[2]> <list[1]>  0.1048889
INFO  [16:50:01.051] [bbotk] Starting to optimize 1 parameter(s) with '<OptimizerBatchRandomSearch>' and '<TerminatorEvals> [n_evals=3, k=0]'
INFO  [16:50:01.056] [bbotk] Evaluating 1 configuration(s)
INFO  [16:50:01.420] [bbotk] Result of batch 1:
INFO  [16:50:01.422] [bbotk]  num.trees classif.ce warnings errors runtime_learners
INFO  [16:50:01.422] [bbotk]        337  0.1021371        0      0            0.332
INFO  [16:50:01.422] [bbotk]                                 uhash
INFO  [16:50:01.422] [bbotk]  e0b937cd-713c-4458-8173-79e54692c72c
INFO  [16:50:01.427] [bbotk] Evaluating 1 configuration(s)
INFO  [16:50:01.811] [bbotk] Result of batch 2:
INFO  [16:50:01.813] [bbotk]  num.trees classif.ce warnings errors runtime_learners
INFO  [16:50:01.813] [bbotk]        317  0.1012459        0      0            0.323
INFO  [16:50:01.813] [bbotk]                                 uhash
INFO  [16:50:01.813] [bbotk]  1da8bf3a-5d0d-4702-983f-bbce52e1f111
INFO  [16:50:01.818] [bbotk] Evaluating 1 configuration(s)
INFO  [16:50:02.027] [bbotk] Result of batch 3:
INFO  [16:50:02.029] [bbotk]  num.trees classif.ce warnings errors runtime_learners
INFO  [16:50:02.029] [bbotk]        125  0.1021324        0      0             0.16
INFO  [16:50:02.029] [bbotk]                                 uhash
INFO  [16:50:02.029] [bbotk]  437fdcd4-7009-43e5-9eca-fdd7d6a151c9
INFO  [16:50:02.050] [bbotk] Finished optimizing after 3 evaluation(s)
INFO  [16:50:02.051] [bbotk] Result:
INFO  [16:50:02.054] [bbotk]  num.trees learner_param_vals  x_domain classif.ce
INFO  [16:50:02.054] [bbotk]      <int>             <list>    <list>      <num>
INFO  [16:50:02.054] [bbotk]        317          <list[2]> <list[1]>  0.1012459
INFO  [16:50:02.309] [bbotk] Starting to optimize 1 parameter(s) with '<OptimizerBatchRandomSearch>' and '<TerminatorEvals> [n_evals=3, k=0]'
INFO  [16:50:02.321] [bbotk] Evaluating 1 configuration(s)
INFO  [16:50:02.584] [bbotk] Result of batch 1:
INFO  [16:50:02.585] [bbotk]  num.trees classif.ce warnings errors runtime_learners
INFO  [16:50:02.585] [bbotk]        205   0.112792        0      0            0.219
INFO  [16:50:02.585] [bbotk]                                 uhash
INFO  [16:50:02.585] [bbotk]  2aa3da14-b739-4d80-ab3b-ed5691e5e656
INFO  [16:50:02.588] [bbotk] Evaluating 1 configuration(s)
INFO  [16:50:02.831] [bbotk] Result of batch 2:
INFO  [16:50:02.836] [bbotk]  num.trees classif.ce warnings errors runtime_learners
INFO  [16:50:02.836] [bbotk]        133  0.1119031        0      0            0.159
INFO  [16:50:02.836] [bbotk]                                 uhash
INFO  [16:50:02.836] [bbotk]  dd88d8d5-f9f0-4622-8bc3-4e8d227084f9
INFO  [16:50:02.861] [bbotk] Evaluating 1 configuration(s)
INFO  [16:50:03.229] [bbotk] Result of batch 3:
INFO  [16:50:03.230] [bbotk]  num.trees classif.ce warnings errors runtime_learners
INFO  [16:50:03.230] [bbotk]        301   0.114565        0      0            0.322
INFO  [16:50:03.230] [bbotk]                                 uhash
INFO  [16:50:03.230] [bbotk]  708c1bf3-7e5b-44e6-a839-f5db7cd87121
INFO  [16:50:03.242] [bbotk] Finished optimizing after 3 evaluation(s)
INFO  [16:50:03.244] [bbotk] Result:
INFO  [16:50:03.245] [bbotk]  num.trees learner_param_vals  x_domain classif.ce
INFO  [16:50:03.245] [bbotk]      <int>             <list>    <list>      <num>
INFO  [16:50:03.245] [bbotk]        133          <list[2]> <list[1]>  0.1119031
INFO  [16:50:03.393] [bbotk] Starting to optimize 1 parameter(s) with '<OptimizerBatchRandomSearch>' and '<TerminatorEvals> [n_evals=3, k=0]'
INFO  [16:50:03.410] [bbotk] Evaluating 1 configuration(s)
INFO  [16:50:03.654] [bbotk] Result of batch 1:
INFO  [16:50:03.656] [bbotk]  num.trees classif.ce warnings errors runtime_learners
INFO  [16:50:03.656] [bbotk]        183 0.09589362        0      0            0.185
INFO  [16:50:03.656] [bbotk]                                 uhash
INFO  [16:50:03.656] [bbotk]  0bd4b557-d926-45a0-baf5-e4924e7d8bed
INFO  [16:50:03.661] [bbotk] Evaluating 1 configuration(s)
INFO  [16:50:03.902] [bbotk] Result of batch 2:
INFO  [16:50:03.905] [bbotk]  num.trees classif.ce warnings errors runtime_learners
INFO  [16:50:03.905] [bbotk]        186 0.09855792        0      0            0.183
INFO  [16:50:03.905] [bbotk]                                 uhash
INFO  [16:50:03.905] [bbotk]  1d920532-3bc7-42c1-ab44-4178c0f42716
INFO  [16:50:03.911] [bbotk] Evaluating 1 configuration(s)
INFO  [16:50:04.181] [bbotk] Result of batch 3:
INFO  [16:50:04.183] [bbotk]  num.trees classif.ce warnings errors runtime_learners
INFO  [16:50:04.183] [bbotk]        177 0.09678251        0      0            0.214
INFO  [16:50:04.183] [bbotk]                                 uhash
INFO  [16:50:04.183] [bbotk]  e5cbf44c-397d-42b3-8347-5f64812faded
INFO  [16:50:04.217] [bbotk] Finished optimizing after 3 evaluation(s)
INFO  [16:50:04.217] [bbotk] Result:
INFO  [16:50:04.217] [bbotk]  num.trees learner_param_vals  x_domain classif.ce
INFO  [16:50:04.217] [bbotk]      <int>             <list>    <list>      <num>
INFO  [16:50:04.217] [bbotk]        183          <list[2]> <list[1]> 0.09589362

### [bt]: Job terminated successfully [batchtools job.id=1336]
### [bt]: Starting job [batchtools job.id=1337]
### [bt]: Generating problem instance for problem '78e20b4b43a56ff6' ...
### [bt]: Applying algorithm 'run_learner' on problem '78e20b4b43a56ff6' for job 1337 (seed = 1338) ...
INFO  [16:50:04.512] [mlr3] Applying learner 'classif.ranger.tuned_calib.oof_isotonic' on task 'pc3' (iter 7/10)
INFO  [16:50:04.615] [bbotk] Starting to optimize 1 parameter(s) with '<OptimizerBatchRandomSearch>' and '<TerminatorEvals> [n_evals=3, k=0]'
INFO  [16:50:04.620] [bbotk] Evaluating 1 configuration(s)
INFO  [16:50:04.967] [bbotk] Result of batch 1:
INFO  [16:50:04.968] [bbotk]  num.trees classif.ce warnings errors runtime_learners
INFO  [16:50:04.968] [bbotk]        297  0.1066667        0      0            0.296
INFO  [16:50:04.968] [bbotk]                                 uhash
INFO  [16:50:04.968] [bbotk]  5d3e3dd5-8eed-4e45-a33c-121c84e63451
INFO  [16:50:04.973] [bbotk] Evaluating 1 configuration(s)
INFO  [16:50:05.349] [bbotk] Result of batch 2:
INFO  [16:50:05.350] [bbotk]  num.trees classif.ce warnings errors runtime_learners
INFO  [16:50:05.350] [bbotk]        408  0.1048889        0      0            0.335
INFO  [16:50:05.350] [bbotk]                                 uhash
INFO  [16:50:05.350] [bbotk]  60d40402-ccdd-447d-b4c9-eb4511f3fde5
INFO  [16:50:05.352] [bbotk] Evaluating 1 configuration(s)
INFO  [16:50:05.851] [bbotk] Result of batch 3:
INFO  [16:50:05.852] [bbotk]  num.trees classif.ce warnings errors runtime_learners
INFO  [16:50:05.852] [bbotk]        469  0.1057778        0      0             0.46
INFO  [16:50:05.852] [bbotk]                                 uhash
INFO  [16:50:05.852] [bbotk]  14d36a6a-db71-455f-8023-2c8d5fed8a27
INFO  [16:50:05.858] [bbotk] Finished optimizing after 3 evaluation(s)
INFO  [16:50:05.858] [bbotk] Result:
INFO  [16:50:05.859] [bbotk]  num.trees learner_param_vals  x_domain classif.ce
INFO  [16:50:05.859] [bbotk]      <int>             <list>    <list>      <num>
INFO  [16:50:05.859] [bbotk]        408          <list[2]> <list[1]>  0.1048889
INFO  [16:50:06.220] [bbotk] Starting to optimize 1 parameter(s) with '<OptimizerBatchRandomSearch>' and '<TerminatorEvals> [n_evals=3, k=0]'
INFO  [16:50:06.234] [bbotk] Evaluating 1 configuration(s)
INFO  [16:50:06.452] [bbotk] Result of batch 1:
INFO  [16:50:06.454] [bbotk]  num.trees classif.ce warnings errors runtime_learners
INFO  [16:50:06.454] [bbotk]        159  0.1022222        0      0            0.151
INFO  [16:50:06.454] [bbotk]                                 uhash
INFO  [16:50:06.454] [bbotk]  1378cbe1-67f0-40d4-81a6-37f7a54d9476
INFO  [16:50:06.458] [bbotk] Evaluating 1 configuration(s)
INFO  [16:50:06.913] [bbotk] Result of batch 2:
INFO  [16:50:06.914] [bbotk]  num.trees classif.ce warnings errors runtime_learners
INFO  [16:50:06.914] [bbotk]        431 0.09688889        0      0            0.406
INFO  [16:50:06.914] [bbotk]                                 uhash
INFO  [16:50:06.914] [bbotk]  b9198851-d7a2-45e5-a5c1-86c2dbfd89cf
INFO  [16:50:06.916] [bbotk] Evaluating 1 configuration(s)
INFO  [16:50:07.267] [bbotk] Result of batch 3:
INFO  [16:50:07.268] [bbotk]  num.trees classif.ce warnings errors runtime_learners
INFO  [16:50:07.268] [bbotk]        279 0.09955556        0      0            0.308
INFO  [16:50:07.268] [bbotk]                                 uhash
INFO  [16:50:07.268] [bbotk]  d394501f-73da-432d-9353-39a92841757f
INFO  [16:50:07.286] [bbotk] Finished optimizing after 3 evaluation(s)
INFO  [16:50:07.286] [bbotk] Result:
INFO  [16:50:07.287] [bbotk]  num.trees learner_param_vals  x_domain classif.ce
INFO  [16:50:07.287] [bbotk]      <int>             <list>    <list>      <num>
INFO  [16:50:07.287] [bbotk]        431          <list[2]> <list[1]> 0.09688889
INFO  [16:50:07.612] [bbotk] Starting to optimize 1 parameter(s) with '<OptimizerBatchRandomSearch>' and '<TerminatorEvals> [n_evals=3, k=0]'
INFO  [16:50:07.617] [bbotk] Evaluating 1 configuration(s)
INFO  [16:50:07.841] [bbotk] Result of batch 1:
INFO  [16:50:07.843] [bbotk]  num.trees classif.ce warnings errors runtime_learners
INFO  [16:50:07.843] [bbotk]        149  0.1012506        0      0            0.156
INFO  [16:50:07.843] [bbotk]                                 uhash
INFO  [16:50:07.843] [bbotk]  5057d529-c28a-45cd-923e-e5bf39298956
INFO  [16:50:07.853] [bbotk] Evaluating 1 configuration(s)
INFO  [16:50:08.307] [bbotk] Result of batch 2:
INFO  [16:50:08.311] [bbotk]  num.trees classif.ce warnings errors runtime_learners
INFO  [16:50:08.311] [bbotk]        412   0.107461        0      0            0.402
INFO  [16:50:08.311] [bbotk]                                 uhash
INFO  [16:50:08.311] [bbotk]  406bb441-36ad-49b0-ab11-dda0a716a2a0
INFO  [16:50:08.313] [bbotk] Evaluating 1 configuration(s)
INFO  [16:50:08.795] [bbotk] Result of batch 3:
INFO  [16:50:08.797] [bbotk]  num.trees classif.ce warnings errors runtime_learners
INFO  [16:50:08.797] [bbotk]        445   0.107461        0      0            0.444
INFO  [16:50:08.797] [bbotk]                                 uhash
INFO  [16:50:08.797] [bbotk]  7bcb6dfb-80b3-4074-86ad-a4d2d8ceaf77
INFO  [16:50:08.803] [bbotk] Finished optimizing after 3 evaluation(s)
INFO  [16:50:08.804] [bbotk] Result:
INFO  [16:50:08.804] [bbotk]  num.trees learner_param_vals  x_domain classif.ce
INFO  [16:50:08.804] [bbotk]      <int>             <list>    <list>      <num>
INFO  [16:50:08.804] [bbotk]        149          <list[2]> <list[1]>  0.1012506
INFO  [16:50:09.067] [bbotk] Starting to optimize 1 parameter(s) with '<OptimizerBatchRandomSearch>' and '<TerminatorEvals> [n_evals=3, k=0]'
INFO  [16:50:09.098] [bbotk] Evaluating 1 configuration(s)
INFO  [16:50:09.437] [bbotk] Result of batch 1:
INFO  [16:50:09.441] [bbotk]  num.trees classif.ce warnings errors runtime_learners
INFO  [16:50:09.441] [bbotk]        245  0.1039054        0      0             0.28
INFO  [16:50:09.441] [bbotk]                                 uhash
INFO  [16:50:09.441] [bbotk]  62e885d5-9f43-469f-87e5-57726a1f53ae
INFO  [16:50:09.446] [bbotk] Evaluating 1 configuration(s)
INFO  [16:50:09.870] [bbotk] Result of batch 2:
INFO  [16:50:09.871] [bbotk]  num.trees classif.ce warnings errors runtime_learners
INFO  [16:50:09.871] [bbotk]        366   0.104792        0      0            0.362
INFO  [16:50:09.871] [bbotk]                                 uhash
INFO  [16:50:09.871] [bbotk]  65af3eb1-3e36-444a-a0ec-1d8e04419efa
INFO  [16:50:09.873] [bbotk] Evaluating 1 configuration(s)
INFO  [16:50:10.384] [bbotk] Result of batch 3:
INFO  [16:50:10.385] [bbotk]  num.trees classif.ce warnings errors runtime_learners
INFO  [16:50:10.385] [bbotk]        458  0.1074539        0      0            0.458
INFO  [16:50:10.385] [bbotk]                                 uhash
INFO  [16:50:10.385] [bbotk]  13c06ce2-85a0-4d66-b698-809406f0514a
INFO  [16:50:10.402] [bbotk] Finished optimizing after 3 evaluation(s)
INFO  [16:50:10.403] [bbotk] Result:
INFO  [16:50:10.409] [bbotk]  num.trees learner_param_vals  x_domain classif.ce
INFO  [16:50:10.409] [bbotk]      <int>             <list>    <list>      <num>
INFO  [16:50:10.409] [bbotk]        245          <list[2]> <list[1]>  0.1039054
INFO  [16:50:10.621] [bbotk] Starting to optimize 1 parameter(s) with '<OptimizerBatchRandomSearch>' and '<TerminatorEvals> [n_evals=3, k=0]'
INFO  [16:50:10.631] [bbotk] Evaluating 1 configuration(s)
INFO  [16:50:10.852] [bbotk] Result of batch 1:
INFO  [16:50:10.855] [bbotk]  num.trees classif.ce warnings errors runtime_learners
INFO  [16:50:10.855] [bbotk]        116  0.1127896        0      0            0.142
INFO  [16:50:10.855] [bbotk]                                 uhash
INFO  [16:50:10.855] [bbotk]  8cdc7162-fd6c-4f63-848c-30e757bb3494
INFO  [16:50:10.857] [bbotk] Evaluating 1 configuration(s)
INFO  [16:50:11.334] [bbotk] Result of batch 2:
INFO  [16:50:11.335] [bbotk]  num.trees classif.ce warnings errors runtime_learners
INFO  [16:50:11.335] [bbotk]        434  0.1154539        0      0            0.413
INFO  [16:50:11.335] [bbotk]                                 uhash
INFO  [16:50:11.335] [bbotk]  beeebbdb-9c69-4f59-9f44-01bec9576000
INFO  [16:50:11.337] [bbotk] Evaluating 1 configuration(s)
INFO  [16:50:11.810] [bbotk] Result of batch 3:
INFO  [16:50:11.812] [bbotk]  num.trees classif.ce warnings errors runtime_learners
INFO  [16:50:11.812] [bbotk]        422  0.1127872        0      0            0.428
INFO  [16:50:11.812] [bbotk]                                 uhash
INFO  [16:50:11.812] [bbotk]  189e352b-a6b9-4591-9f6f-a3427656f40d
INFO  [16:50:11.823] [bbotk] Finished optimizing after 3 evaluation(s)
INFO  [16:50:11.823] [bbotk] Result:
INFO  [16:50:11.825] [bbotk]  num.trees learner_param_vals  x_domain classif.ce
INFO  [16:50:11.825] [bbotk]      <int>             <list>    <list>      <num>
INFO  [16:50:11.825] [bbotk]        422          <list[2]> <list[1]>  0.1127872

### [bt]: Job terminated successfully [batchtools job.id=1337]
### [bt]: Starting job [batchtools job.id=1338]
### [bt]: Generating problem instance for problem '78e20b4b43a56ff6' ...
### [bt]: Applying algorithm 'run_learner' on problem '78e20b4b43a56ff6' for job 1338 (seed = 1339) ...
INFO  [16:50:12.280] [mlr3] Applying learner 'classif.ranger.tuned_calib.oof_isotonic' on task 'pc3' (iter 8/10)
INFO  [16:50:12.415] [bbotk] Starting to optimize 1 parameter(s) with '<OptimizerBatchRandomSearch>' and '<TerminatorEvals> [n_evals=3, k=0]'
INFO  [16:50:12.453] [bbotk] Evaluating 1 configuration(s)
INFO  [16:50:12.862] [bbotk] Result of batch 1:
INFO  [16:50:12.863] [bbotk]  num.trees classif.ce warnings errors runtime_learners
INFO  [16:50:12.863] [bbotk]        289 0.09955556        0      0            0.322
INFO  [16:50:12.863] [bbotk]                                 uhash
INFO  [16:50:12.863] [bbotk]  411f006f-9842-4bf1-830e-4d601abbecdb
INFO  [16:50:12.865] [bbotk] Evaluating 1 configuration(s)
INFO  [16:50:13.154] [bbotk] Result of batch 2:
INFO  [16:50:13.157] [bbotk]  num.trees classif.ce warnings errors runtime_learners
INFO  [16:50:13.157] [bbotk]        168  0.1093333        0      0            0.172
INFO  [16:50:13.157] [bbotk]                                 uhash
INFO  [16:50:13.157] [bbotk]  c3f26a4f-8d40-476a-afa5-f86df418a335
INFO  [16:50:13.161] [bbotk] Evaluating 1 configuration(s)
INFO  [16:50:13.725] [bbotk] Result of batch 3:
INFO  [16:50:13.727] [bbotk]  num.trees classif.ce warnings errors runtime_learners
INFO  [16:50:13.727] [bbotk]        460 0.09955556        0      0            0.503
INFO  [16:50:13.727] [bbotk]                                 uhash
INFO  [16:50:13.727] [bbotk]  c3a3941e-2d4d-43cd-b26f-631041c361cc
INFO  [16:50:13.740] [bbotk] Finished optimizing after 3 evaluation(s)
INFO  [16:50:13.740] [bbotk] Result:
INFO  [16:50:13.742] [bbotk]  num.trees learner_param_vals  x_domain classif.ce
INFO  [16:50:13.742] [bbotk]      <int>             <list>    <list>      <num>
INFO  [16:50:13.742] [bbotk]        289          <list[2]> <list[1]> 0.09955556
INFO  [16:50:13.960] [bbotk] Starting to optimize 1 parameter(s) with '<OptimizerBatchRandomSearch>' and '<TerminatorEvals> [n_evals=3, k=0]'
INFO  [16:50:13.969] [bbotk] Evaluating 1 configuration(s)
INFO  [16:50:14.417] [bbotk] Result of batch 1:
INFO  [16:50:14.419] [bbotk]  num.trees classif.ce warnings errors runtime_learners
INFO  [16:50:14.419] [bbotk]        413 0.09777778        0      0            0.381
INFO  [16:50:14.419] [bbotk]                                 uhash
INFO  [16:50:14.419] [bbotk]  8231c1fa-8a63-40ad-a2a3-f2bea7105957
INFO  [16:50:14.431] [bbotk] Evaluating 1 configuration(s)
INFO  [16:50:14.805] [bbotk] Result of batch 2:
INFO  [16:50:14.807] [bbotk]  num.trees classif.ce warnings errors runtime_learners
INFO  [16:50:14.807] [bbotk]        313      0.096        0      0             0.32
INFO  [16:50:14.807] [bbotk]                                 uhash
INFO  [16:50:14.807] [bbotk]  974f896f-ca76-44b2-9f40-4228e7e9f7ac
INFO  [16:50:14.818] [bbotk] Evaluating 1 configuration(s)
INFO  [16:50:15.150] [bbotk] Result of batch 3:
INFO  [16:50:15.156] [bbotk]  num.trees classif.ce warnings errors runtime_learners
INFO  [16:50:15.156] [bbotk]        291  0.1013333        0      0            0.282
INFO  [16:50:15.156] [bbotk]                                 uhash
INFO  [16:50:15.156] [bbotk]  92dbdeaf-b914-4fd8-adaf-cb9d5e915b7a
INFO  [16:50:15.200] [bbotk] Finished optimizing after 3 evaluation(s)
INFO  [16:50:15.201] [bbotk] Result:
INFO  [16:50:15.202] [bbotk]  num.trees learner_param_vals  x_domain classif.ce
INFO  [16:50:15.202] [bbotk]      <int>             <list>    <list>      <num>
INFO  [16:50:15.202] [bbotk]        313          <list[2]> <list[1]>      0.096
INFO  [16:50:15.421] [bbotk] Starting to optimize 1 parameter(s) with '<OptimizerBatchRandomSearch>' and '<TerminatorEvals> [n_evals=3, k=0]'
INFO  [16:50:15.428] [bbotk] Evaluating 1 configuration(s)
INFO  [16:50:15.860] [bbotk] Result of batch 1:
INFO  [16:50:15.861] [bbotk]  num.trees classif.ce warnings errors runtime_learners
INFO  [16:50:15.861] [bbotk]        383 0.09857683        0      0            0.379
INFO  [16:50:15.861] [bbotk]                                 uhash
INFO  [16:50:15.861] [bbotk]  49677b15-753b-45c9-a6da-1690c026c7fc
INFO  [16:50:15.867] [bbotk] Evaluating 1 configuration(s)
INFO  [16:50:16.285] [bbotk] Result of batch 2:
INFO  [16:50:16.286] [bbotk]  num.trees classif.ce warnings errors runtime_learners
INFO  [16:50:16.286] [bbotk]        400 0.09857683        0      0            0.362
INFO  [16:50:16.286] [bbotk]                                 uhash
INFO  [16:50:16.286] [bbotk]  ef514d45-02d5-4820-a09b-7b680e7ec2fe
INFO  [16:50:16.298] [bbotk] Evaluating 1 configuration(s)
INFO  [16:50:16.527] [bbotk] Result of batch 3:
INFO  [16:50:16.528] [bbotk]  num.trees classif.ce warnings errors runtime_learners
INFO  [16:50:16.528] [bbotk]        146 0.09946572        0      0            0.156
INFO  [16:50:16.528] [bbotk]                                 uhash
INFO  [16:50:16.528] [bbotk]  63012342-2048-4987-83fa-90183ede9fab
INFO  [16:50:16.555] [bbotk] Finished optimizing after 3 evaluation(s)
INFO  [16:50:16.555] [bbotk] Result:
INFO  [16:50:16.557] [bbotk]  num.trees learner_param_vals  x_domain classif.ce
INFO  [16:50:16.557] [bbotk]      <int>             <list>    <list>      <num>
INFO  [16:50:16.557] [bbotk]        383          <list[2]> <list[1]> 0.09857683
INFO  [16:50:16.875] [bbotk] Starting to optimize 1 parameter(s) with '<OptimizerBatchRandomSearch>' and '<TerminatorEvals> [n_evals=3, k=0]'
INFO  [16:50:16.884] [bbotk] Evaluating 1 configuration(s)
INFO  [16:50:17.161] [bbotk] Result of batch 1:
INFO  [16:50:17.163] [bbotk]  num.trees classif.ce warnings errors runtime_learners
INFO  [16:50:17.163] [bbotk]        212  0.1039125        0      0              0.2
INFO  [16:50:17.163] [bbotk]                                 uhash
INFO  [16:50:17.163] [bbotk]  c86c6e9b-95d2-461b-9705-4df7621463e3
INFO  [16:50:17.166] [bbotk] Evaluating 1 configuration(s)
INFO  [16:50:17.544] [bbotk] Result of batch 2:
INFO  [16:50:17.550] [bbotk]  num.trees classif.ce warnings errors runtime_learners
INFO  [16:50:17.550] [bbotk]        317  0.1065768        0      0            0.306
INFO  [16:50:17.550] [bbotk]                                 uhash
INFO  [16:50:17.550] [bbotk]  8df9d473-3b90-4e08-90d9-25b632f48f45
INFO  [16:50:17.553] [bbotk] Evaluating 1 configuration(s)
INFO  [16:50:17.814] [bbotk] Result of batch 3:
INFO  [16:50:17.814] [bbotk]  num.trees classif.ce warnings errors runtime_learners
INFO  [16:50:17.814] [bbotk]        195  0.1039125        0      0            0.204
INFO  [16:50:17.814] [bbotk]                                 uhash
INFO  [16:50:17.814] [bbotk]  4155d5da-dcc0-4c33-bb76-a3eaaaed3012
INFO  [16:50:17.841] [bbotk] Finished optimizing after 3 evaluation(s)
INFO  [16:50:17.842] [bbotk] Result:
INFO  [16:50:17.844] [bbotk]  num.trees learner_param_vals  x_domain classif.ce
INFO  [16:50:17.844] [bbotk]      <int>             <list>    <list>      <num>
INFO  [16:50:17.844] [bbotk]        212          <list[2]> <list[1]>  0.1039125
INFO  [16:50:18.040] [bbotk] Starting to optimize 1 parameter(s) with '<OptimizerBatchRandomSearch>' and '<TerminatorEvals> [n_evals=3, k=0]'
INFO  [16:50:18.057] [bbotk] Evaluating 1 configuration(s)
INFO  [16:50:18.622] [bbotk] Result of batch 1:
INFO  [16:50:18.622] [bbotk]  num.trees classif.ce warnings errors runtime_learners
INFO  [16:50:18.622] [bbotk]        485  0.1127849        0      0             0.51
INFO  [16:50:18.622] [bbotk]                                 uhash
INFO  [16:50:18.622] [bbotk]  ec9a0d40-83f6-415e-bd53-09ae3a50c84f
INFO  [16:50:18.627] [bbotk] Evaluating 1 configuration(s)
INFO  [16:50:19.130] [bbotk] Result of batch 2:
INFO  [16:50:19.131] [bbotk]  num.trees classif.ce warnings errors runtime_learners
INFO  [16:50:19.131] [bbotk]        448  0.1118936        0      0            0.456
INFO  [16:50:19.131] [bbotk]                                 uhash
INFO  [16:50:19.131] [bbotk]  ba7ab117-4ead-4ae3-ad19-398bef3c4ea3
INFO  [16:50:19.133] [bbotk] Evaluating 1 configuration(s)
INFO  [16:50:19.510] [bbotk] Result of batch 3:
INFO  [16:50:19.513] [bbotk]  num.trees classif.ce warnings errors runtime_learners
INFO  [16:50:19.513] [bbotk]        313  0.1118936        0      0            0.324
INFO  [16:50:19.513] [bbotk]                                 uhash
INFO  [16:50:19.513] [bbotk]  2d006d18-4654-47af-b0f5-8e40e69a17fb
INFO  [16:50:19.529] [bbotk] Finished optimizing after 3 evaluation(s)
INFO  [16:50:19.530] [bbotk] Result:
INFO  [16:50:19.532] [bbotk]  num.trees learner_param_vals  x_domain classif.ce
INFO  [16:50:19.532] [bbotk]      <int>             <list>    <list>      <num>
INFO  [16:50:19.532] [bbotk]        448          <list[2]> <list[1]>  0.1118936

### [bt]: Job terminated successfully [batchtools job.id=1338]
### [bt]: Starting job [batchtools job.id=1339]
### [bt]: Generating problem instance for problem '78e20b4b43a56ff6' ...
### [bt]: Applying algorithm 'run_learner' on problem '78e20b4b43a56ff6' for job 1339 (seed = 1340) ...
INFO  [16:50:20.009] [mlr3] Applying learner 'classif.ranger.tuned_calib.oof_isotonic' on task 'pc3' (iter 9/10)
INFO  [16:50:20.192] [bbotk] Starting to optimize 1 parameter(s) with '<OptimizerBatchRandomSearch>' and '<TerminatorEvals> [n_evals=3, k=0]'
INFO  [16:50:20.205] [bbotk] Evaluating 1 configuration(s)
INFO  [16:50:20.615] [bbotk] Result of batch 1:
INFO  [16:50:20.616] [bbotk]  num.trees classif.ce warnings errors runtime_learners
INFO  [16:50:20.616] [bbotk]        335  0.1066667        0      0            0.359
INFO  [16:50:20.616] [bbotk]                                 uhash
INFO  [16:50:20.616] [bbotk]  0b834541-8ea2-4a38-b3ee-738cc4a1e7e0
INFO  [16:50:20.619] [bbotk] Evaluating 1 configuration(s)
INFO  [16:50:21.098] [bbotk] Result of batch 2:
INFO  [16:50:21.099] [bbotk]  num.trees classif.ce warnings errors runtime_learners
INFO  [16:50:21.099] [bbotk]        410  0.1057778        0      0            0.421
INFO  [16:50:21.099] [bbotk]                                 uhash
INFO  [16:50:21.099] [bbotk]  6762026b-a168-4f33-b58e-0f316184dc6a
INFO  [16:50:21.103] [bbotk] Evaluating 1 configuration(s)
INFO  [16:50:21.496] [bbotk] Result of batch 3:
INFO  [16:50:21.497] [bbotk]  num.trees classif.ce warnings errors runtime_learners
INFO  [16:50:21.497] [bbotk]        324  0.1066667        0      0            0.346
INFO  [16:50:21.497] [bbotk]                                 uhash
INFO  [16:50:21.497] [bbotk]  b0c1b758-33f0-4b26-a194-a3e5cd0865ed
INFO  [16:50:21.514] [bbotk] Finished optimizing after 3 evaluation(s)
INFO  [16:50:21.514] [bbotk] Result:
INFO  [16:50:21.515] [bbotk]  num.trees learner_param_vals  x_domain classif.ce
INFO  [16:50:21.515] [bbotk]      <int>             <list>    <list>      <num>
INFO  [16:50:21.515] [bbotk]        410          <list[2]> <list[1]>  0.1057778
INFO  [16:50:21.784] [bbotk] Starting to optimize 1 parameter(s) with '<OptimizerBatchRandomSearch>' and '<TerminatorEvals> [n_evals=3, k=0]'
INFO  [16:50:21.802] [bbotk] Evaluating 1 configuration(s)
INFO  [16:50:22.084] [bbotk] Result of batch 1:
INFO  [16:50:22.085] [bbotk]  num.trees classif.ce warnings errors runtime_learners
INFO  [16:50:22.085] [bbotk]        224  0.1137778        0      0            0.229
INFO  [16:50:22.085] [bbotk]                                 uhash
INFO  [16:50:22.085] [bbotk]  a4b50c62-0571-4c34-862c-f4870aaa17c5
INFO  [16:50:22.087] [bbotk] Evaluating 1 configuration(s)
INFO  [16:50:22.312] [bbotk] Result of batch 2:
INFO  [16:50:22.319] [bbotk]  num.trees classif.ce warnings errors runtime_learners
INFO  [16:50:22.319] [bbotk]        128  0.1084444        0      0            0.138
INFO  [16:50:22.319] [bbotk]                                 uhash
INFO  [16:50:22.319] [bbotk]  7412c56c-259a-4fb0-af72-4fc49ba06bbf
INFO  [16:50:22.324] [bbotk] Evaluating 1 configuration(s)
INFO  [16:50:22.762] [bbotk] Result of batch 3:
INFO  [16:50:22.764] [bbotk]  num.trees classif.ce warnings errors runtime_learners
INFO  [16:50:22.764] [bbotk]        385      0.112        0      0            0.356
INFO  [16:50:22.764] [bbotk]                                 uhash
INFO  [16:50:22.764] [bbotk]  851d1277-2c51-49f7-a0c3-42cc4feb6930
INFO  [16:50:22.788] [bbotk] Finished optimizing after 3 evaluation(s)
INFO  [16:50:22.788] [bbotk] Result:
INFO  [16:50:22.790] [bbotk]  num.trees learner_param_vals  x_domain classif.ce
INFO  [16:50:22.790] [bbotk]      <int>             <list>    <list>      <num>
INFO  [16:50:22.790] [bbotk]        128          <list[2]> <list[1]>  0.1084444
INFO  [16:50:22.934] [bbotk] Starting to optimize 1 parameter(s) with '<OptimizerBatchRandomSearch>' and '<TerminatorEvals> [n_evals=3, k=0]'
INFO  [16:50:22.948] [bbotk] Evaluating 1 configuration(s)
INFO  [16:50:23.333] [bbotk] Result of batch 1:
INFO  [16:50:23.337] [bbotk]  num.trees classif.ce warnings errors runtime_learners
INFO  [16:50:23.337] [bbotk]        173  0.1092317        0      0            0.215
INFO  [16:50:23.337] [bbotk]                                 uhash
INFO  [16:50:23.337] [bbotk]  87a1092e-35e4-4077-bf55-57dbed06d558
INFO  [16:50:23.357] [bbotk] Evaluating 1 configuration(s)
INFO  [16:50:23.579] [bbotk] Result of batch 2:
INFO  [16:50:23.580] [bbotk]  num.trees classif.ce warnings errors runtime_learners
INFO  [16:50:23.580] [bbotk]        108  0.1101182        0      0            0.163
INFO  [16:50:23.580] [bbotk]                                 uhash
INFO  [16:50:23.580] [bbotk]  f86cd2fc-3c83-4f54-8287-0b3c3b982973
INFO  [16:50:23.582] [bbotk] Evaluating 1 configuration(s)
INFO  [16:50:23.921] [bbotk] Result of batch 3:
INFO  [16:50:23.927] [bbotk]  num.trees classif.ce warnings errors runtime_learners
INFO  [16:50:23.927] [bbotk]        257  0.1083428        0      0            0.269
INFO  [16:50:23.927] [bbotk]                                 uhash
INFO  [16:50:23.927] [bbotk]  151eb1b3-d03f-41be-9ddc-787e401feadb
INFO  [16:50:23.933] [bbotk] Finished optimizing after 3 evaluation(s)
INFO  [16:50:23.933] [bbotk] Result:
INFO  [16:50:23.934] [bbotk]  num.trees learner_param_vals  x_domain classif.ce
INFO  [16:50:23.934] [bbotk]      <int>             <list>    <list>      <num>
INFO  [16:50:23.934] [bbotk]        257          <list[2]> <list[1]>  0.1083428
INFO  [16:50:24.107] [bbotk] Starting to optimize 1 parameter(s) with '<OptimizerBatchRandomSearch>' and '<TerminatorEvals> [n_evals=3, k=0]'
INFO  [16:50:24.125] [bbotk] Evaluating 1 configuration(s)
INFO  [16:50:24.625] [bbotk] Result of batch 1:
INFO  [16:50:24.627] [bbotk]  num.trees classif.ce warnings errors runtime_learners
INFO  [16:50:24.627] [bbotk]        393    0.10213        0      0            0.418
INFO  [16:50:24.627] [bbotk]                                 uhash
INFO  [16:50:24.627] [bbotk]  0613f47d-d80e-4aac-a4fc-bc52d031e924
INFO  [16:50:24.632] [bbotk] Evaluating 1 configuration(s)
INFO  [16:50:24.875] [bbotk] Result of batch 2:
INFO  [16:50:24.877] [bbotk]  num.trees classif.ce warnings errors runtime_learners
INFO  [16:50:24.877] [bbotk]        199  0.1039031        0      0            0.199
INFO  [16:50:24.877] [bbotk]                                 uhash
INFO  [16:50:24.877] [bbotk]  2a05debb-7015-41c6-bdfe-057628c9be6f
INFO  [16:50:24.879] [bbotk] Evaluating 1 configuration(s)
INFO  [16:50:25.344] [bbotk] Result of batch 3:
INFO  [16:50:25.350] [bbotk]  num.trees classif.ce warnings errors runtime_learners
INFO  [16:50:25.350] [bbotk]        405  0.1047896        0      0             0.42
INFO  [16:50:25.350] [bbotk]                                 uhash
INFO  [16:50:25.350] [bbotk]  d26613a4-e0b1-4fe0-a06f-942375939502
INFO  [16:50:25.357] [bbotk] Finished optimizing after 3 evaluation(s)
INFO  [16:50:25.357] [bbotk] Result:
INFO  [16:50:25.358] [bbotk]  num.trees learner_param_vals  x_domain classif.ce
INFO  [16:50:25.358] [bbotk]      <int>             <list>    <list>      <num>
INFO  [16:50:25.358] [bbotk]        393          <list[2]> <list[1]>    0.10213
INFO  [16:50:25.609] [bbotk] Starting to optimize 1 parameter(s) with '<OptimizerBatchRandomSearch>' and '<TerminatorEvals> [n_evals=3, k=0]'
INFO  [16:50:25.628] [bbotk] Evaluating 1 configuration(s)
INFO  [16:50:25.986] [bbotk] Result of batch 1:
INFO  [16:50:25.988] [bbotk]  num.trees classif.ce warnings errors runtime_learners
INFO  [16:50:25.988] [bbotk]        317  0.1074444        0      0            0.305
INFO  [16:50:25.988] [bbotk]                                 uhash
INFO  [16:50:25.988] [bbotk]  c9f2a9b1-588d-437e-98a8-c01010c9ffce
INFO  [16:50:25.996] [bbotk] Evaluating 1 configuration(s)
INFO  [16:50:26.445] [bbotk] Result of batch 2:
INFO  [16:50:26.445] [bbotk]  num.trees classif.ce warnings errors runtime_learners
INFO  [16:50:26.445] [bbotk]        428  0.1056667        0      0            0.414
INFO  [16:50:26.445] [bbotk]                                 uhash
INFO  [16:50:26.445] [bbotk]  f2e1f029-507c-407d-9383-933bc799f18b
INFO  [16:50:26.448] [bbotk] Evaluating 1 configuration(s)
INFO  [16:50:26.708] [bbotk] Result of batch 3:
INFO  [16:50:26.709] [bbotk]  num.trees classif.ce warnings errors runtime_learners
INFO  [16:50:26.709] [bbotk]        205  0.1047825        0      0            0.209
INFO  [16:50:26.709] [bbotk]                                 uhash
INFO  [16:50:26.709] [bbotk]  ec3bfd29-be9f-421d-a161-d9afe3ffc3e9
INFO  [16:50:26.716] [bbotk] Finished optimizing after 3 evaluation(s)
INFO  [16:50:26.716] [bbotk] Result:
INFO  [16:50:26.717] [bbotk]  num.trees learner_param_vals  x_domain classif.ce
INFO  [16:50:26.717] [bbotk]      <int>             <list>    <list>      <num>
INFO  [16:50:26.717] [bbotk]        205          <list[2]> <list[1]>  0.1047825

### [bt]: Job terminated successfully [batchtools job.id=1339]
### [bt]: Starting job [batchtools job.id=1340]
### [bt]: Generating problem instance for problem '78e20b4b43a56ff6' ...
### [bt]: Applying algorithm 'run_learner' on problem '78e20b4b43a56ff6' for job 1340 (seed = 1341) ...
INFO  [16:50:27.038] [mlr3] Applying learner 'classif.ranger.tuned_calib.oof_isotonic' on task 'pc3' (iter 10/10)
INFO  [16:50:27.111] [bbotk] Starting to optimize 1 parameter(s) with '<OptimizerBatchRandomSearch>' and '<TerminatorEvals> [n_evals=3, k=0]'
INFO  [16:50:27.128] [bbotk] Evaluating 1 configuration(s)
INFO  [16:50:27.456] [bbotk] Result of batch 1:
INFO  [16:50:27.458] [bbotk]  num.trees classif.ce warnings errors runtime_learners
INFO  [16:50:27.458] [bbotk]        290 0.09422222        0      0            0.276
INFO  [16:50:27.458] [bbotk]                                 uhash
INFO  [16:50:27.458] [bbotk]  6c7cb650-0bbf-4d37-a05e-5be21aaf7d65
INFO  [16:50:27.460] [bbotk] Evaluating 1 configuration(s)
INFO  [16:50:27.862] [bbotk] Result of batch 2:
INFO  [16:50:27.864] [bbotk]  num.trees classif.ce warnings errors runtime_learners
INFO  [16:50:27.864] [bbotk]        365 0.09511111        0      0             0.36
INFO  [16:50:27.864] [bbotk]                                 uhash
INFO  [16:50:27.864] [bbotk]  64c63380-e248-4717-865a-d721051e0a9d
INFO  [16:50:27.871] [bbotk] Evaluating 1 configuration(s)
INFO  [16:50:28.277] [bbotk] Result of batch 3:
INFO  [16:50:28.279] [bbotk]  num.trees classif.ce warnings errors runtime_learners
INFO  [16:50:28.279] [bbotk]        381 0.09333333        0      0            0.358
INFO  [16:50:28.279] [bbotk]                                 uhash
INFO  [16:50:28.279] [bbotk]  95c395d7-e006-4f7f-8321-d843e8b6024b
INFO  [16:50:28.294] [bbotk] Finished optimizing after 3 evaluation(s)
INFO  [16:50:28.294] [bbotk] Result:
INFO  [16:50:28.295] [bbotk]  num.trees learner_param_vals  x_domain classif.ce
INFO  [16:50:28.295] [bbotk]      <int>             <list>    <list>      <num>
INFO  [16:50:28.295] [bbotk]        381          <list[2]> <list[1]> 0.09333333
INFO  [16:50:28.580] [bbotk] Starting to optimize 1 parameter(s) with '<OptimizerBatchRandomSearch>' and '<TerminatorEvals> [n_evals=3, k=0]'
INFO  [16:50:28.587] [bbotk] Evaluating 1 configuration(s)
INFO  [16:50:28.807] [bbotk] Result of batch 1:
INFO  [16:50:28.808] [bbotk]  num.trees classif.ce warnings errors runtime_learners
INFO  [16:50:28.808] [bbotk]        130  0.1066667        0      0            0.157
INFO  [16:50:28.808] [bbotk]                                 uhash
INFO  [16:50:28.808] [bbotk]  b1622557-9d41-4985-bf96-fdda16f6b156
INFO  [16:50:28.852] [bbotk] Evaluating 1 configuration(s)
INFO  [16:50:29.173] [bbotk] Result of batch 2:
INFO  [16:50:29.175] [bbotk]  num.trees classif.ce warnings errors runtime_learners
INFO  [16:50:29.175] [bbotk]        220  0.1075556        0      0            0.253
INFO  [16:50:29.175] [bbotk]                                 uhash
INFO  [16:50:29.175] [bbotk]  a48e0411-1fbe-455b-92c2-56f254683b2c
INFO  [16:50:29.180] [bbotk] Evaluating 1 configuration(s)
INFO  [16:50:29.742] [bbotk] Result of batch 3:
INFO  [16:50:29.744] [bbotk]  num.trees classif.ce warnings errors runtime_learners
INFO  [16:50:29.744] [bbotk]        470  0.1084444        0      0            0.502
INFO  [16:50:29.744] [bbotk]                                 uhash
INFO  [16:50:29.744] [bbotk]  0a8f82b7-6857-4aaa-b4f9-37a46bade1a9
INFO  [16:50:29.752] [bbotk] Finished optimizing after 3 evaluation(s)
INFO  [16:50:29.752] [bbotk] Result:
INFO  [16:50:29.753] [bbotk]  num.trees learner_param_vals  x_domain classif.ce
INFO  [16:50:29.753] [bbotk]      <int>             <list>    <list>      <num>
INFO  [16:50:29.753] [bbotk]        130          <list[2]> <list[1]>  0.1066667
INFO  [16:50:29.879] [bbotk] Starting to optimize 1 parameter(s) with '<OptimizerBatchRandomSearch>' and '<TerminatorEvals> [n_evals=3, k=0]'
INFO  [16:50:29.886] [bbotk] Evaluating 1 configuration(s)
INFO  [16:50:30.373] [bbotk] Result of batch 1:
INFO  [16:50:30.375] [bbotk]  num.trees classif.ce warnings errors runtime_learners
INFO  [16:50:30.375] [bbotk]        448  0.1056903        0      0            0.432
INFO  [16:50:30.375] [bbotk]                                 uhash
INFO  [16:50:30.375] [bbotk]  4566780a-21d1-4d87-99fb-43348878ee7d
INFO  [16:50:30.382] [bbotk] Evaluating 1 configuration(s)
INFO  [16:50:30.611] [bbotk] Result of batch 2:
INFO  [16:50:30.613] [bbotk]  num.trees classif.ce warnings errors runtime_learners
INFO  [16:50:30.613] [bbotk]        132  0.1039102        0      0            0.157
INFO  [16:50:30.613] [bbotk]                                 uhash
INFO  [16:50:30.613] [bbotk]  44464fff-c2e1-4926-b08b-d26fadfe98cc
INFO  [16:50:30.622] [bbotk] Evaluating 1 configuration(s)
INFO  [16:50:30.921] [bbotk] Result of batch 3:
INFO  [16:50:30.923] [bbotk]  num.trees classif.ce warnings errors runtime_learners
INFO  [16:50:30.923] [bbotk]        189  0.1039149        0      0            0.224
INFO  [16:50:30.923] [bbotk]                                 uhash
INFO  [16:50:30.923] [bbotk]  7835b193-dbaf-404b-9006-7517b03db155
INFO  [16:50:30.959] [bbotk] Finished optimizing after 3 evaluation(s)
INFO  [16:50:30.962] [bbotk] Result:
INFO  [16:50:30.965] [bbotk]  num.trees learner_param_vals  x_domain classif.ce
INFO  [16:50:30.965] [bbotk]      <int>             <list>    <list>      <num>
INFO  [16:50:30.965] [bbotk]        132          <list[2]> <list[1]>  0.1039102
INFO  [16:50:31.164] [bbotk] Starting to optimize 1 parameter(s) with '<OptimizerBatchRandomSearch>' and '<TerminatorEvals> [n_evals=3, k=0]'
INFO  [16:50:31.220] [bbotk] Evaluating 1 configuration(s)
INFO  [16:50:31.687] [bbotk] Result of batch 1:
INFO  [16:50:31.689] [bbotk]  num.trees classif.ce warnings errors runtime_learners
INFO  [16:50:31.689] [bbotk]        421  0.1012364        0      0            0.412
INFO  [16:50:31.689] [bbotk]                                 uhash
INFO  [16:50:31.689] [bbotk]  05274677-4cf5-4095-9bbe-d925bdee9ea6
INFO  [16:50:31.694] [bbotk] Evaluating 1 configuration(s)
INFO  [16:50:32.060] [bbotk] Result of batch 2:
INFO  [16:50:32.061] [bbotk]  num.trees classif.ce warnings errors runtime_learners
INFO  [16:50:32.061] [bbotk]        357 0.09768085        0      0            0.323
INFO  [16:50:32.061] [bbotk]                                 uhash
INFO  [16:50:32.061] [bbotk]  db57893e-4c9c-4e70-a622-ea3e8c6527a6
INFO  [16:50:32.066] [bbotk] Evaluating 1 configuration(s)
INFO  [16:50:32.520] [bbotk] Result of batch 3:
INFO  [16:50:32.521] [bbotk]  num.trees classif.ce warnings errors runtime_learners
INFO  [16:50:32.521] [bbotk]        456  0.1012364        0      0            0.416
INFO  [16:50:32.521] [bbotk]                                 uhash
INFO  [16:50:32.521] [bbotk]  ad583d71-f68f-446e-bc5a-b9816b686479
INFO  [16:50:32.527] [bbotk] Finished optimizing after 3 evaluation(s)
INFO  [16:50:32.528] [bbotk] Result:
INFO  [16:50:32.528] [bbotk]  num.trees learner_param_vals  x_domain classif.ce
INFO  [16:50:32.528] [bbotk]      <int>             <list>    <list>      <num>
INFO  [16:50:32.528] [bbotk]        357          <list[2]> <list[1]> 0.09768085
INFO  [16:50:32.784] [bbotk] Starting to optimize 1 parameter(s) with '<OptimizerBatchRandomSearch>' and '<TerminatorEvals> [n_evals=3, k=0]'
INFO  [16:50:32.796] [bbotk] Evaluating 1 configuration(s)
INFO  [16:50:33.175] [bbotk] Result of batch 1:
INFO  [16:50:33.177] [bbotk]  num.trees classif.ce warnings errors runtime_learners
INFO  [16:50:33.177] [bbotk]        303  0.1021466        0      0            0.321
INFO  [16:50:33.177] [bbotk]                                 uhash
INFO  [16:50:33.177] [bbotk]  1028f8a6-f4dd-4023-b029-268037b5b487
INFO  [16:50:33.182] [bbotk] Evaluating 1 configuration(s)
INFO  [16:50:33.486] [bbotk] Result of batch 2:
INFO  [16:50:33.487] [bbotk]  num.trees classif.ce warnings errors runtime_learners
INFO  [16:50:33.487] [bbotk]        210  0.1003735        0      0            0.235
INFO  [16:50:33.487] [bbotk]                                 uhash
INFO  [16:50:33.487] [bbotk]  80023b73-0b95-4df1-8c70-7de5e60b0f5a
INFO  [16:50:33.492] [bbotk] Evaluating 1 configuration(s)
INFO  [16:50:33.715] [bbotk] Result of batch 3:
INFO  [16:50:33.719] [bbotk]  num.trees classif.ce warnings errors runtime_learners
INFO  [16:50:33.719] [bbotk]        132 0.09770922        0      0             0.15
INFO  [16:50:33.719] [bbotk]                                 uhash
INFO  [16:50:33.719] [bbotk]  05993754-2b48-465a-9a9b-972acdb3f07a
INFO  [16:50:33.725] [bbotk] Finished optimizing after 3 evaluation(s)
INFO  [16:50:33.726] [bbotk] Result:
INFO  [16:50:33.726] [bbotk]  num.trees learner_param_vals  x_domain classif.ce
INFO  [16:50:33.726] [bbotk]      <int>             <list>    <list>      <num>
INFO  [16:50:33.726] [bbotk]        132          <list[2]> <list[1]> 0.09770922

### [bt]: Job terminated successfully [batchtools job.id=1340]
### [bt]: Calculation finished!
