### [bt]: This is batchtools v0.9.17
### [bt]: Starting calculation of 5 jobs
### [bt]: Setting working directory to '/Users/User/Documents/Studium/Semester8/Hiwi/mlr3calibration/vignettes'
### [bt]: Memory measurement disabled
### [bt]: Starting job [batchtools job.id=2476]
### [bt]: Generating problem instance for problem '34d90df810f60583' ...
### [bt]: Applying algorithm 'run_learner' on problem '34d90df810f60583' for job 2476 (seed = 2477) ...
INFO  [17:12:11.450] [mlr3] Applying learner 'classif.ranger.tuned' on task 'phoneme' (iter 6/10)
INFO  [17:12:11.531] [bbotk] Starting to optimize 1 parameter(s) with '<OptimizerBatchRandomSearch>' and '<TerminatorEvals> [n_evals=3, k=0]'
INFO  [17:12:11.540] [bbotk] Evaluating 1 configuration(s)
INFO  [17:12:11.547] [mlr3] Running benchmark with 3 resampling iterations
INFO  [17:12:11.550] [mlr3] Applying learner 'classif.ranger' on task 'phoneme' (iter 1/3)
INFO  [17:12:12.242] [mlr3] Applying learner 'classif.ranger' on task 'phoneme' (iter 2/3)
INFO  [17:12:12.979] [mlr3] Applying learner 'classif.ranger' on task 'phoneme' (iter 3/3)
INFO  [17:12:13.666] [mlr3] Finished benchmark
INFO  [17:12:13.677] [bbotk] Result of batch 1:
INFO  [17:12:13.677] [bbotk]  num.trees classif.ce warnings errors runtime_learners
INFO  [17:12:13.677] [bbotk]        276  0.1073196        0      0            2.101
INFO  [17:12:13.677] [bbotk]                                 uhash
INFO  [17:12:13.677] [bbotk]  e45b66bb-172e-4cfb-a7ac-1b22da2defa8
INFO  [17:12:13.680] [bbotk] Evaluating 1 configuration(s)
INFO  [17:12:13.682] [mlr3] Running benchmark with 3 resampling iterations
INFO  [17:12:13.685] [mlr3] Applying learner 'classif.ranger' on task 'phoneme' (iter 1/3)
INFO  [17:12:14.684] [mlr3] Applying learner 'classif.ranger' on task 'phoneme' (iter 2/3)
INFO  [17:12:15.749] [mlr3] Applying learner 'classif.ranger' on task 'phoneme' (iter 3/3)
INFO  [17:12:16.756] [mlr3] Finished benchmark
INFO  [17:12:16.767] [bbotk] Result of batch 2:
INFO  [17:12:16.768] [bbotk]  num.trees classif.ce warnings errors runtime_learners
INFO  [17:12:16.768] [bbotk]        404  0.1126649        0      0            3.052
INFO  [17:12:16.768] [bbotk]                                 uhash
INFO  [17:12:16.768] [bbotk]  d1b6eda8-c9ad-4c86-a969-686e0aa2c7a9
INFO  [17:12:16.770] [bbotk] Evaluating 1 configuration(s)
INFO  [17:12:16.774] [mlr3] Running benchmark with 3 resampling iterations
INFO  [17:12:16.779] [mlr3] Applying learner 'classif.ranger' on task 'phoneme' (iter 1/3)
INFO  [17:12:17.610] [mlr3] Applying learner 'classif.ranger' on task 'phoneme' (iter 2/3)
INFO  [17:12:18.428] [mlr3] Applying learner 'classif.ranger' on task 'phoneme' (iter 3/3)
INFO  [17:12:19.284] [mlr3] Finished benchmark
INFO  [17:12:19.294] [bbotk] Result of batch 3:
INFO  [17:12:19.295] [bbotk]  num.trees classif.ce warnings errors runtime_learners
INFO  [17:12:19.295] [bbotk]        399  0.1091692        0      0            2.488
INFO  [17:12:19.295] [bbotk]                                 uhash
INFO  [17:12:19.295] [bbotk]  f1cd1da2-05ec-4f27-adf4-6e078f70ebc4
INFO  [17:12:19.301] [bbotk] Finished optimizing after 3 evaluation(s)
INFO  [17:12:19.301] [bbotk] Result:
INFO  [17:12:19.302] [bbotk]  num.trees learner_param_vals  x_domain classif.ce
INFO  [17:12:19.302] [bbotk]      <int>             <list>    <list>      <num>
INFO  [17:12:19.302] [bbotk]        276          <list[2]> <list[1]>  0.1073196

### [bt]: Job terminated successfully [batchtools job.id=2476]
### [bt]: Starting job [batchtools job.id=2477]
### [bt]: Generating problem instance for problem '34d90df810f60583' ...
### [bt]: Applying algorithm 'run_learner' on problem '34d90df810f60583' for job 2477 (seed = 2478) ...
INFO  [17:12:20.407] [mlr3] Applying learner 'classif.ranger.tuned' on task 'phoneme' (iter 7/10)
INFO  [17:12:20.432] [bbotk] Starting to optimize 1 parameter(s) with '<OptimizerBatchRandomSearch>' and '<TerminatorEvals> [n_evals=3, k=0]'
INFO  [17:12:20.436] [bbotk] Evaluating 1 configuration(s)
INFO  [17:12:20.438] [mlr3] Running benchmark with 3 resampling iterations
INFO  [17:12:20.440] [mlr3] Applying learner 'classif.ranger' on task 'phoneme' (iter 1/3)
INFO  [17:12:21.346] [mlr3] Applying learner 'classif.ranger' on task 'phoneme' (iter 2/3)
INFO  [17:12:22.250] [mlr3] Applying learner 'classif.ranger' on task 'phoneme' (iter 3/3)
INFO  [17:12:23.137] [mlr3] Finished benchmark
INFO  [17:12:23.149] [bbotk] Result of batch 1:
INFO  [17:12:23.150] [bbotk]  num.trees classif.ce warnings errors runtime_learners
INFO  [17:12:23.150] [bbotk]        354  0.1132805        0      0            2.663
INFO  [17:12:23.150] [bbotk]                                 uhash
INFO  [17:12:23.150] [bbotk]  03d01d47-92be-419b-b17d-30e930796c0a
INFO  [17:12:23.152] [bbotk] Evaluating 1 configuration(s)
INFO  [17:12:23.154] [mlr3] Running benchmark with 3 resampling iterations
INFO  [17:12:23.156] [mlr3] Applying learner 'classif.ranger' on task 'phoneme' (iter 1/3)
INFO  [17:12:23.978] [mlr3] Applying learner 'classif.ranger' on task 'phoneme' (iter 2/3)
INFO  [17:12:24.804] [mlr3] Applying learner 'classif.ranger' on task 'phoneme' (iter 3/3)
INFO  [17:12:25.674] [mlr3] Finished benchmark
INFO  [17:12:25.685] [bbotk] Result of batch 2:
INFO  [17:12:25.686] [bbotk]  num.trees classif.ce warnings errors runtime_learners
INFO  [17:12:25.686] [bbotk]        345  0.1138967        0      0            2.501
INFO  [17:12:25.686] [bbotk]                                 uhash
INFO  [17:12:25.686] [bbotk]  3a460fe5-6c95-4ab5-885d-559322807fce
INFO  [17:12:25.688] [bbotk] Evaluating 1 configuration(s)
INFO  [17:12:25.693] [mlr3] Running benchmark with 3 resampling iterations
INFO  [17:12:25.698] [mlr3] Applying learner 'classif.ranger' on task 'phoneme' (iter 1/3)
INFO  [17:12:26.255] [mlr3] Applying learner 'classif.ranger' on task 'phoneme' (iter 2/3)
INFO  [17:12:26.688] [mlr3] Applying learner 'classif.ranger' on task 'phoneme' (iter 3/3)
INFO  [17:12:27.135] [mlr3] Finished benchmark
INFO  [17:12:27.155] [bbotk] Result of batch 3:
INFO  [17:12:27.155] [bbotk]  num.trees classif.ce warnings errors runtime_learners
INFO  [17:12:27.155] [bbotk]        191  0.1173915        0      0            1.416
INFO  [17:12:27.155] [bbotk]                                 uhash
INFO  [17:12:27.155] [bbotk]  a12bd2ee-8a23-4c74-9ef2-5c13b50be484
INFO  [17:12:27.165] [bbotk] Finished optimizing after 3 evaluation(s)
INFO  [17:12:27.165] [bbotk] Result:
INFO  [17:12:27.166] [bbotk]  num.trees learner_param_vals  x_domain classif.ce
INFO  [17:12:27.166] [bbotk]      <int>             <list>    <list>      <num>
INFO  [17:12:27.166] [bbotk]        354          <list[2]> <list[1]>  0.1132805

### [bt]: Job terminated successfully [batchtools job.id=2477]
### [bt]: Starting job [batchtools job.id=2478]
### [bt]: Generating problem instance for problem '34d90df810f60583' ...
### [bt]: Applying algorithm 'run_learner' on problem '34d90df810f60583' for job 2478 (seed = 2479) ...
INFO  [17:12:28.513] [mlr3] Applying learner 'classif.ranger.tuned' on task 'phoneme' (iter 8/10)
INFO  [17:12:28.536] [bbotk] Starting to optimize 1 parameter(s) with '<OptimizerBatchRandomSearch>' and '<TerminatorEvals> [n_evals=3, k=0]'
INFO  [17:12:28.540] [bbotk] Evaluating 1 configuration(s)
INFO  [17:12:28.542] [mlr3] Running benchmark with 3 resampling iterations
INFO  [17:12:28.544] [mlr3] Applying learner 'classif.ranger' on task 'phoneme' (iter 1/3)
INFO  [17:12:28.880] [mlr3] Applying learner 'classif.ranger' on task 'phoneme' (iter 2/3)
INFO  [17:12:29.187] [mlr3] Applying learner 'classif.ranger' on task 'phoneme' (iter 3/3)
INFO  [17:12:29.552] [mlr3] Finished benchmark
INFO  [17:12:29.563] [bbotk] Result of batch 1:
INFO  [17:12:29.564] [bbotk]  num.trees classif.ce warnings errors runtime_learners
INFO  [17:12:29.564] [bbotk]        153  0.1075241        0      0             0.99
INFO  [17:12:29.564] [bbotk]                                 uhash
INFO  [17:12:29.564] [bbotk]  32a42b23-b144-48ab-9a7e-afd7bfcd8255
INFO  [17:12:29.566] [bbotk] Evaluating 1 configuration(s)
INFO  [17:12:29.568] [mlr3] Running benchmark with 3 resampling iterations
INFO  [17:12:29.571] [mlr3] Applying learner 'classif.ranger' on task 'phoneme' (iter 1/3)
INFO  [17:12:29.930] [mlr3] Applying learner 'classif.ranger' on task 'phoneme' (iter 2/3)
INFO  [17:12:30.367] [mlr3] Applying learner 'classif.ranger' on task 'phoneme' (iter 3/3)
INFO  [17:12:30.729] [mlr3] Finished benchmark
INFO  [17:12:30.742] [bbotk] Result of batch 2:
INFO  [17:12:30.743] [bbotk]  num.trees classif.ce warnings errors runtime_learners
INFO  [17:12:30.743] [bbotk]        194  0.1101963        0      0            1.142
INFO  [17:12:30.743] [bbotk]                                 uhash
INFO  [17:12:30.743] [bbotk]  333c6eff-446a-477d-8b7a-b8ed065b51e5
INFO  [17:12:30.745] [bbotk] Evaluating 1 configuration(s)
INFO  [17:12:30.750] [mlr3] Running benchmark with 3 resampling iterations
INFO  [17:12:30.756] [mlr3] Applying learner 'classif.ranger' on task 'phoneme' (iter 1/3)
INFO  [17:12:31.060] [mlr3] Applying learner 'classif.ranger' on task 'phoneme' (iter 2/3)
INFO  [17:12:31.292] [mlr3] Applying learner 'classif.ranger' on task 'phoneme' (iter 3/3)
INFO  [17:12:31.526] [mlr3] Finished benchmark
INFO  [17:12:31.538] [bbotk] Result of batch 3:
INFO  [17:12:31.539] [bbotk]  num.trees classif.ce warnings errors runtime_learners
INFO  [17:12:31.539] [bbotk]        119   0.106496        0      0            0.749
INFO  [17:12:31.539] [bbotk]                                 uhash
INFO  [17:12:31.539] [bbotk]  5cd072a6-b072-4c8e-9df1-6c272b55c291
INFO  [17:12:31.545] [bbotk] Finished optimizing after 3 evaluation(s)
INFO  [17:12:31.545] [bbotk] Result:
INFO  [17:12:31.546] [bbotk]  num.trees learner_param_vals  x_domain classif.ce
INFO  [17:12:31.546] [bbotk]      <int>             <list>    <list>      <num>
INFO  [17:12:31.546] [bbotk]        119          <list[2]> <list[1]>   0.106496

### [bt]: Job terminated successfully [batchtools job.id=2478]
### [bt]: Starting job [batchtools job.id=2479]
### [bt]: Generating problem instance for problem '34d90df810f60583' ...
### [bt]: Applying algorithm 'run_learner' on problem '34d90df810f60583' for job 2479 (seed = 2480) ...
INFO  [17:12:32.036] [mlr3] Applying learner 'classif.ranger.tuned' on task 'phoneme' (iter 9/10)
INFO  [17:12:32.089] [bbotk] Starting to optimize 1 parameter(s) with '<OptimizerBatchRandomSearch>' and '<TerminatorEvals> [n_evals=3, k=0]'
INFO  [17:12:32.097] [bbotk] Evaluating 1 configuration(s)
INFO  [17:12:32.105] [mlr3] Running benchmark with 3 resampling iterations
INFO  [17:12:32.110] [mlr3] Applying learner 'classif.ranger' on task 'phoneme' (iter 1/3)
INFO  [17:12:32.479] [mlr3] Applying learner 'classif.ranger' on task 'phoneme' (iter 2/3)
INFO  [17:12:32.815] [mlr3] Applying learner 'classif.ranger' on task 'phoneme' (iter 3/3)
INFO  [17:12:33.114] [mlr3] Finished benchmark
INFO  [17:12:33.125] [bbotk] Result of batch 1:
INFO  [17:12:33.126] [bbotk]  num.trees classif.ce warnings errors runtime_learners
INFO  [17:12:33.126] [bbotk]        160  0.1071121        0      0            0.981
INFO  [17:12:33.126] [bbotk]                                 uhash
INFO  [17:12:33.126] [bbotk]  bdf94c2d-bb02-43ea-b108-7cafd152de43
INFO  [17:12:33.128] [bbotk] Evaluating 1 configuration(s)
INFO  [17:12:33.129] [mlr3] Running benchmark with 3 resampling iterations
INFO  [17:12:33.132] [mlr3] Applying learner 'classif.ranger' on task 'phoneme' (iter 1/3)
INFO  [17:12:34.157] [mlr3] Applying learner 'classif.ranger' on task 'phoneme' (iter 2/3)
INFO  [17:12:35.057] [mlr3] Applying learner 'classif.ranger' on task 'phoneme' (iter 3/3)
INFO  [17:12:35.980] [mlr3] Finished benchmark
INFO  [17:12:35.992] [bbotk] Result of batch 2:
INFO  [17:12:35.993] [bbotk]  num.trees classif.ce warnings errors runtime_learners
INFO  [17:12:35.993] [bbotk]        423  0.1040289        0      0            2.835
INFO  [17:12:35.993] [bbotk]                                 uhash
INFO  [17:12:35.993] [bbotk]  e09befbb-66a7-478e-8f93-b3ae0d611bb2
INFO  [17:12:35.995] [bbotk] Evaluating 1 configuration(s)
INFO  [17:12:35.998] [mlr3] Running benchmark with 3 resampling iterations
INFO  [17:12:36.001] [mlr3] Applying learner 'classif.ranger' on task 'phoneme' (iter 1/3)
INFO  [17:12:36.415] [mlr3] Applying learner 'classif.ranger' on task 'phoneme' (iter 2/3)
INFO  [17:12:36.827] [mlr3] Applying learner 'classif.ranger' on task 'phoneme' (iter 3/3)
INFO  [17:12:37.269] [mlr3] Finished benchmark
INFO  [17:12:37.290] [bbotk] Result of batch 3:
INFO  [17:12:37.292] [bbotk]  num.trees classif.ce warnings errors runtime_learners
INFO  [17:12:37.292] [bbotk]        186   0.106496        0      0            1.251
INFO  [17:12:37.292] [bbotk]                                 uhash
INFO  [17:12:37.292] [bbotk]  3f70f5f1-fe78-453e-aae2-e28f86c4f638
INFO  [17:12:37.302] [bbotk] Finished optimizing after 3 evaluation(s)
INFO  [17:12:37.303] [bbotk] Result:
INFO  [17:12:37.304] [bbotk]  num.trees learner_param_vals  x_domain classif.ce
INFO  [17:12:37.304] [bbotk]      <int>             <list>    <list>      <num>
INFO  [17:12:37.304] [bbotk]        423          <list[2]> <list[1]>  0.1040289

### [bt]: Job terminated successfully [batchtools job.id=2479]
### [bt]: Starting job [batchtools job.id=2480]
### [bt]: Generating problem instance for problem '34d90df810f60583' ...
### [bt]: Applying algorithm 'run_learner' on problem '34d90df810f60583' for job 2480 (seed = 2481) ...
INFO  [17:12:39.231] [mlr3] Applying learner 'classif.ranger.tuned' on task 'phoneme' (iter 10/10)
INFO  [17:12:39.256] [bbotk] Starting to optimize 1 parameter(s) with '<OptimizerBatchRandomSearch>' and '<TerminatorEvals> [n_evals=3, k=0]'
INFO  [17:12:39.265] [bbotk] Evaluating 1 configuration(s)
INFO  [17:12:39.267] [mlr3] Running benchmark with 3 resampling iterations
INFO  [17:12:39.269] [mlr3] Applying learner 'classif.ranger' on task 'phoneme' (iter 1/3)
INFO  [17:12:40.269] [mlr3] Applying learner 'classif.ranger' on task 'phoneme' (iter 2/3)
INFO  [17:12:41.126] [mlr3] Applying learner 'classif.ranger' on task 'phoneme' (iter 3/3)
INFO  [17:12:42.166] [mlr3] Finished benchmark
INFO  [17:12:42.178] [bbotk] Result of batch 1:
INFO  [17:12:42.179] [bbotk]  num.trees classif.ce warnings errors runtime_learners
INFO  [17:12:42.179] [bbotk]        395  0.1062918        0      0            2.882
INFO  [17:12:42.179] [bbotk]                                 uhash
INFO  [17:12:42.179] [bbotk]  0663577b-6583-42cf-8956-a82ef4a69c9e
INFO  [17:12:42.184] [bbotk] Evaluating 1 configuration(s)
INFO  [17:12:42.189] [mlr3] Running benchmark with 3 resampling iterations
INFO  [17:12:42.191] [mlr3] Applying learner 'classif.ranger' on task 'phoneme' (iter 1/3)
INFO  [17:12:42.980] [mlr3] Applying learner 'classif.ranger' on task 'phoneme' (iter 2/3)
INFO  [17:12:43.605] [mlr3] Applying learner 'classif.ranger' on task 'phoneme' (iter 3/3)
INFO  [17:12:44.271] [mlr3] Finished benchmark
INFO  [17:12:44.285] [bbotk] Result of batch 2:
INFO  [17:12:44.286] [bbotk]  num.trees classif.ce warnings errors runtime_learners
INFO  [17:12:44.286] [bbotk]        258  0.1073198        0      0            2.062
INFO  [17:12:44.286] [bbotk]                                 uhash
INFO  [17:12:44.286] [bbotk]  c69404a5-fc6e-4b24-aaf7-c11776e3611e
INFO  [17:12:44.288] [bbotk] Evaluating 1 configuration(s)
INFO  [17:12:44.290] [mlr3] Running benchmark with 3 resampling iterations
INFO  [17:12:44.292] [mlr3] Applying learner 'classif.ranger' on task 'phoneme' (iter 1/3)
INFO  [17:12:45.331] [mlr3] Applying learner 'classif.ranger' on task 'phoneme' (iter 2/3)
INFO  [17:12:46.465] [mlr3] Applying learner 'classif.ranger' on task 'phoneme' (iter 3/3)
INFO  [17:12:47.492] [mlr3] Finished benchmark
INFO  [17:12:47.680] [bbotk] Result of batch 3:
INFO  [17:12:47.681] [bbotk]  num.trees classif.ce warnings errors runtime_learners
INFO  [17:12:47.681] [bbotk]        466  0.1071137        0      0            3.188
INFO  [17:12:47.681] [bbotk]                                 uhash
INFO  [17:12:47.681] [bbotk]  6c1c53a1-0286-42c7-b885-f8f69d3a7a53
INFO  [17:12:47.690] [bbotk] Finished optimizing after 3 evaluation(s)
INFO  [17:12:47.691] [bbotk] Result:
INFO  [17:12:47.692] [bbotk]  num.trees learner_param_vals  x_domain classif.ce
INFO  [17:12:47.692] [bbotk]      <int>             <list>    <list>      <num>
INFO  [17:12:47.692] [bbotk]        395          <list[2]> <list[1]>  0.1062918

### [bt]: Job terminated successfully [batchtools job.id=2480]
### [bt]: Calculation finished!
