### [bt]: This is batchtools v0.9.17
### [bt]: Starting calculation of 5 jobs
### [bt]: Setting working directory to '/Users/User/Documents/Studium/Semester8/Hiwi/mlr3calibration/vignettes'
### [bt]: Memory measurement disabled
### [bt]: Starting job [batchtools job.id=1186]
### [bt]: Generating problem instance for problem '78e20b4b43a56ff6' ...
### [bt]: Applying algorithm 'run_learner' on problem '78e20b4b43a56ff6' for job 1186 (seed = 1187) ...
INFO  [16:48:18.580] [mlr3] Applying learner 'classif.naive_bayes.tuned_calib.oof_platt' on task 'pc3' (iter 6/10)
INFO  [16:48:18.648] [bbotk] Starting to optimize 1 parameter(s) with '<OptimizerBatchRandomSearch>' and '<TerminatorEvals> [n_evals=3, k=0]'
INFO  [16:48:18.665] [bbotk] Evaluating 1 configuration(s)
INFO  [16:48:19.043] [bbotk] Result of batch 1:
INFO  [16:48:19.044] [bbotk]    laplace classif.ce warnings errors runtime_learners
INFO  [16:48:19.044] [bbotk]  0.8949514  0.4977778        0      0            0.345
INFO  [16:48:19.044] [bbotk]                                 uhash
INFO  [16:48:19.044] [bbotk]  0a6e5c2a-205d-46e9-b6c7-e69e5646f991
INFO  [16:48:19.046] [bbotk] Evaluating 1 configuration(s)
INFO  [16:48:19.397] [bbotk] Result of batch 2:
INFO  [16:48:19.397] [bbotk]    laplace classif.ce warnings errors runtime_learners
INFO  [16:48:19.397] [bbotk]  0.8171656  0.4977778        0      0            0.301
INFO  [16:48:19.397] [bbotk]                                 uhash
INFO  [16:48:19.397] [bbotk]  813d8817-fef0-4e0f-9642-c289510418ed
INFO  [16:48:19.402] [bbotk] Evaluating 1 configuration(s)
INFO  [16:48:19.766] [bbotk] Result of batch 3:
INFO  [16:48:19.767] [bbotk]    laplace classif.ce warnings errors runtime_learners
INFO  [16:48:19.767] [bbotk]  0.5364707  0.4977778        0      0            0.317
INFO  [16:48:19.767] [bbotk]                                 uhash
INFO  [16:48:19.767] [bbotk]  4561a17f-7f0b-4fe4-97ae-90e263b738b1
INFO  [16:48:19.778] [bbotk] Finished optimizing after 3 evaluation(s)
INFO  [16:48:19.778] [bbotk] Result:
INFO  [16:48:19.780] [bbotk]    laplace learner_param_vals  x_domain classif.ce
INFO  [16:48:19.780] [bbotk]      <num>             <list>    <list>      <num>
INFO  [16:48:19.780] [bbotk]  0.8949514          <list[1]> <list[1]>  0.4977778
INFO  [16:48:19.919] [bbotk] Starting to optimize 1 parameter(s) with '<OptimizerBatchRandomSearch>' and '<TerminatorEvals> [n_evals=3, k=0]'
INFO  [16:48:19.924] [bbotk] Evaluating 1 configuration(s)
INFO  [16:48:20.277] [bbotk] Result of batch 1:
INFO  [16:48:20.279] [bbotk]    laplace classif.ce warnings errors runtime_learners
INFO  [16:48:20.279] [bbotk]  0.7938345  0.2346667        0      0            0.305
INFO  [16:48:20.279] [bbotk]                                 uhash
INFO  [16:48:20.279] [bbotk]  2b8a99d5-e98b-4899-9ca6-e5d1da932980
INFO  [16:48:20.283] [bbotk] Evaluating 1 configuration(s)
INFO  [16:48:20.647] [bbotk] Result of batch 2:
INFO  [16:48:20.647] [bbotk]    laplace classif.ce warnings errors runtime_learners
INFO  [16:48:20.647] [bbotk]  0.7504184  0.2346667        0      0             0.31
INFO  [16:48:20.647] [bbotk]                                 uhash
INFO  [16:48:20.647] [bbotk]  f01d275b-794f-4ee8-9470-d07ef797e56c
INFO  [16:48:20.654] [bbotk] Evaluating 1 configuration(s)
INFO  [16:48:21.037] [bbotk] Result of batch 3:
INFO  [16:48:21.038] [bbotk]    laplace classif.ce warnings errors runtime_learners
INFO  [16:48:21.038] [bbotk]  0.4289825  0.2346667        0      0            0.346
INFO  [16:48:21.038] [bbotk]                                 uhash
INFO  [16:48:21.038] [bbotk]  d55d95e8-af7d-472e-9186-3a03a00ad3d1
INFO  [16:48:21.053] [bbotk] Finished optimizing after 3 evaluation(s)
INFO  [16:48:21.054] [bbotk] Result:
INFO  [16:48:21.055] [bbotk]    laplace learner_param_vals  x_domain classif.ce
INFO  [16:48:21.055] [bbotk]      <num>             <list>    <list>      <num>
INFO  [16:48:21.055] [bbotk]  0.7938345          <list[1]> <list[1]>  0.2346667
INFO  [16:48:21.192] [bbotk] Starting to optimize 1 parameter(s) with '<OptimizerBatchRandomSearch>' and '<TerminatorEvals> [n_evals=3, k=0]'
INFO  [16:48:21.196] [bbotk] Evaluating 1 configuration(s)
INFO  [16:48:21.540] [bbotk] Result of batch 1:
INFO  [16:48:21.541] [bbotk]    laplace classif.ce warnings errors runtime_learners
INFO  [16:48:21.541] [bbotk]  0.6859571  0.4931489        0      0            0.301
INFO  [16:48:21.541] [bbotk]                                 uhash
INFO  [16:48:21.541] [bbotk]  ea6ec7d8-4c09-4a43-93f3-098833f48e1f
INFO  [16:48:21.543] [bbotk] Evaluating 1 configuration(s)
INFO  [16:48:21.894] [bbotk] Result of batch 2:
INFO  [16:48:21.896] [bbotk]    laplace classif.ce warnings errors runtime_learners
INFO  [16:48:21.896] [bbotk]  0.7952687  0.4931489        0      0            0.315
INFO  [16:48:21.896] [bbotk]                                 uhash
INFO  [16:48:21.896] [bbotk]  73693371-17f8-423c-ae25-6578642c1a81
INFO  [16:48:21.899] [bbotk] Evaluating 1 configuration(s)
INFO  [16:48:22.287] [bbotk] Result of batch 3:
INFO  [16:48:22.288] [bbotk]    laplace classif.ce warnings errors runtime_learners
INFO  [16:48:22.288] [bbotk]  0.6499685  0.4931489        0      0            0.344
INFO  [16:48:22.288] [bbotk]                                 uhash
INFO  [16:48:22.288] [bbotk]  999aa68e-2687-4174-9b36-b5a024463c3d
INFO  [16:48:22.296] [bbotk] Finished optimizing after 3 evaluation(s)
INFO  [16:48:22.296] [bbotk] Result:
INFO  [16:48:22.297] [bbotk]    laplace learner_param_vals  x_domain classif.ce
INFO  [16:48:22.297] [bbotk]      <num>             <list>    <list>      <num>
INFO  [16:48:22.297] [bbotk]  0.6859571          <list[1]> <list[1]>  0.4931489
INFO  [16:48:22.442] [bbotk] Starting to optimize 1 parameter(s) with '<OptimizerBatchRandomSearch>' and '<TerminatorEvals> [n_evals=3, k=0]'
INFO  [16:48:22.448] [bbotk] Evaluating 1 configuration(s)
INFO  [16:48:22.787] [bbotk] Result of batch 1:
INFO  [16:48:22.788] [bbotk]    laplace classif.ce warnings errors runtime_learners
INFO  [16:48:22.788] [bbotk]  0.1137223  0.6271513        0      0            0.295
INFO  [16:48:22.788] [bbotk]                                 uhash
INFO  [16:48:22.788] [bbotk]  e05abe9e-f109-4c4f-bf53-48daced63a24
INFO  [16:48:22.793] [bbotk] Evaluating 1 configuration(s)
INFO  [16:48:23.181] [bbotk] Result of batch 2:
INFO  [16:48:23.182] [bbotk]    laplace classif.ce warnings errors runtime_learners
INFO  [16:48:23.182] [bbotk]  0.1757775  0.6271513        0      0            0.346
INFO  [16:48:23.182] [bbotk]                                 uhash
INFO  [16:48:23.182] [bbotk]  7f78596c-891f-4f06-837d-12b0aa15cdb7
INFO  [16:48:23.184] [bbotk] Evaluating 1 configuration(s)
INFO  [16:48:23.523] [bbotk] Result of batch 3:
INFO  [16:48:23.523] [bbotk]    laplace classif.ce warnings errors runtime_learners
INFO  [16:48:23.523] [bbotk]  0.9422459  0.6271513        0      0            0.295
INFO  [16:48:23.523] [bbotk]                                 uhash
INFO  [16:48:23.523] [bbotk]  f664e92b-284d-4a67-abb2-0115600c3780
INFO  [16:48:23.529] [bbotk] Finished optimizing after 3 evaluation(s)
INFO  [16:48:23.530] [bbotk] Result:
INFO  [16:48:23.530] [bbotk]    laplace learner_param_vals  x_domain classif.ce
INFO  [16:48:23.530] [bbotk]      <num>             <list>    <list>      <num>
INFO  [16:48:23.530] [bbotk]  0.1137223          <list[1]> <list[1]>  0.6271513
INFO  [16:48:23.658] [bbotk] Starting to optimize 1 parameter(s) with '<OptimizerBatchRandomSearch>' and '<TerminatorEvals> [n_evals=3, k=0]'
INFO  [16:48:23.668] [bbotk] Evaluating 1 configuration(s)
INFO  [16:48:24.051] [bbotk] Result of batch 1:
INFO  [16:48:24.052] [bbotk]    laplace classif.ce warnings errors runtime_learners
INFO  [16:48:24.052] [bbotk]  0.1616513  0.5560922        0      0            0.332
INFO  [16:48:24.052] [bbotk]                                 uhash
INFO  [16:48:24.052] [bbotk]  932f9dad-5749-478e-a0d4-d3489faef9d2
INFO  [16:48:24.060] [bbotk] Evaluating 1 configuration(s)
INFO  [16:48:24.408] [bbotk] Result of batch 2:
INFO  [16:48:24.409] [bbotk]    laplace classif.ce warnings errors runtime_learners
INFO  [16:48:24.409] [bbotk]  0.7231306  0.5560922        0      0            0.291
INFO  [16:48:24.409] [bbotk]                                 uhash
INFO  [16:48:24.409] [bbotk]  f4362326-a6dc-4023-861f-37f78bb58066
INFO  [16:48:24.414] [bbotk] Evaluating 1 configuration(s)
INFO  [16:48:24.754] [bbotk] Result of batch 3:
INFO  [16:48:24.755] [bbotk]    laplace classif.ce warnings errors runtime_learners
INFO  [16:48:24.755] [bbotk]  0.1613856  0.5560922        0      0            0.291
INFO  [16:48:24.755] [bbotk]                                 uhash
INFO  [16:48:24.755] [bbotk]  a4820dd9-0fd8-4876-8204-def475aea424
INFO  [16:48:24.775] [bbotk] Finished optimizing after 3 evaluation(s)
INFO  [16:48:24.782] [bbotk] Result:
INFO  [16:48:24.783] [bbotk]    laplace learner_param_vals  x_domain classif.ce
INFO  [16:48:24.783] [bbotk]      <num>             <list>    <list>      <num>
INFO  [16:48:24.783] [bbotk]  0.1616513          <list[1]> <list[1]>  0.5560922

### [bt]: Job terminated successfully [batchtools job.id=1186]
### [bt]: Starting job [batchtools job.id=1187]
### [bt]: Generating problem instance for problem '78e20b4b43a56ff6' ...
### [bt]: Applying algorithm 'run_learner' on problem '78e20b4b43a56ff6' for job 1187 (seed = 1188) ...
INFO  [16:48:25.151] [mlr3] Applying learner 'classif.naive_bayes.tuned_calib.oof_platt' on task 'pc3' (iter 7/10)
INFO  [16:48:25.204] [bbotk] Starting to optimize 1 parameter(s) with '<OptimizerBatchRandomSearch>' and '<TerminatorEvals> [n_evals=3, k=0]'
INFO  [16:48:25.213] [bbotk] Evaluating 1 configuration(s)
INFO  [16:48:25.571] [bbotk] Result of batch 1:
INFO  [16:48:25.571] [bbotk]    laplace classif.ce warnings errors runtime_learners
INFO  [16:48:25.571] [bbotk]  0.1686004  0.5626667        0      0            0.316
INFO  [16:48:25.571] [bbotk]                                 uhash
INFO  [16:48:25.571] [bbotk]  1cd9bd40-f32a-441c-aa9b-09536d191856
INFO  [16:48:25.574] [bbotk] Evaluating 1 configuration(s)
INFO  [16:48:25.954] [bbotk] Result of batch 2:
INFO  [16:48:25.955] [bbotk]    laplace classif.ce warnings errors runtime_learners
INFO  [16:48:25.955] [bbotk]  0.7067197  0.5626667        0      0            0.333
INFO  [16:48:25.955] [bbotk]                                 uhash
INFO  [16:48:25.955] [bbotk]  c0302fbf-8a00-4b31-926c-e890ffb92cdb
INFO  [16:48:25.960] [bbotk] Evaluating 1 configuration(s)
INFO  [16:48:26.415] [bbotk] Result of batch 3:
INFO  [16:48:26.416] [bbotk]    laplace classif.ce warnings errors runtime_learners
INFO  [16:48:26.416] [bbotk]  0.6834516  0.5626667        0      0            0.416
INFO  [16:48:26.416] [bbotk]                                 uhash
INFO  [16:48:26.416] [bbotk]  470fb9e6-8569-4e36-92da-dc7685aca2f7
INFO  [16:48:26.422] [bbotk] Finished optimizing after 3 evaluation(s)
INFO  [16:48:26.422] [bbotk] Result:
INFO  [16:48:26.423] [bbotk]    laplace learner_param_vals  x_domain classif.ce
INFO  [16:48:26.423] [bbotk]      <num>             <list>    <list>      <num>
INFO  [16:48:26.423] [bbotk]  0.1686004          <list[1]> <list[1]>  0.5626667
INFO  [16:48:26.546] [bbotk] Starting to optimize 1 parameter(s) with '<OptimizerBatchRandomSearch>' and '<TerminatorEvals> [n_evals=3, k=0]'
INFO  [16:48:26.556] [bbotk] Evaluating 1 configuration(s)
INFO  [16:48:26.925] [bbotk] Result of batch 1:
INFO  [16:48:26.926] [bbotk]    laplace classif.ce warnings errors runtime_learners
INFO  [16:48:26.926] [bbotk]  0.1830849  0.5217778        0      0            0.329
INFO  [16:48:26.926] [bbotk]                                 uhash
INFO  [16:48:26.926] [bbotk]  40982ab5-ffd6-40cc-93be-987ea5429973
INFO  [16:48:26.929] [bbotk] Evaluating 1 configuration(s)
INFO  [16:48:27.329] [bbotk] Result of batch 2:
INFO  [16:48:27.330] [bbotk]    laplace classif.ce warnings errors runtime_learners
INFO  [16:48:27.330] [bbotk]  0.8494528  0.5217778        0      0             0.35
INFO  [16:48:27.330] [bbotk]                                 uhash
INFO  [16:48:27.330] [bbotk]  513fdb84-f247-4e99-8ac7-00dd6a91d297
INFO  [16:48:27.334] [bbotk] Evaluating 1 configuration(s)
INFO  [16:48:27.660] [bbotk] Result of batch 3:
INFO  [16:48:27.660] [bbotk]    laplace classif.ce warnings errors runtime_learners
INFO  [16:48:27.660] [bbotk]  0.6179793  0.5217778        0      0            0.279
INFO  [16:48:27.660] [bbotk]                                 uhash
INFO  [16:48:27.660] [bbotk]  7bd09e59-4be2-4fed-9062-7bcf0073849e
INFO  [16:48:27.667] [bbotk] Finished optimizing after 3 evaluation(s)
INFO  [16:48:27.667] [bbotk] Result:
INFO  [16:48:27.668] [bbotk]    laplace learner_param_vals  x_domain classif.ce
INFO  [16:48:27.668] [bbotk]      <num>             <list>    <list>      <num>
INFO  [16:48:27.668] [bbotk]  0.1830849          <list[1]> <list[1]>  0.5217778
INFO  [16:48:27.788] [bbotk] Starting to optimize 1 parameter(s) with '<OptimizerBatchRandomSearch>' and '<TerminatorEvals> [n_evals=3, k=0]'
INFO  [16:48:27.797] [bbotk] Evaluating 1 configuration(s)
INFO  [16:48:28.154] [bbotk] Result of batch 1:
INFO  [16:48:28.156] [bbotk]   laplace classif.ce warnings errors runtime_learners
INFO  [16:48:28.156] [bbotk]  0.428705   0.246922        0      0            0.323
INFO  [16:48:28.156] [bbotk]                                 uhash
INFO  [16:48:28.156] [bbotk]  e3a4b2a6-1ee7-4e19-a155-687eae32f36b
INFO  [16:48:28.161] [bbotk] Evaluating 1 configuration(s)
INFO  [16:48:28.497] [bbotk] Result of batch 2:
INFO  [16:48:28.500] [bbotk]     laplace classif.ce warnings errors runtime_learners
INFO  [16:48:28.500] [bbotk]  0.06996355   0.246922        0      0              0.3
INFO  [16:48:28.500] [bbotk]                                 uhash
INFO  [16:48:28.500] [bbotk]  4ceeeb31-b3ef-4a93-a473-2a3fe456ef00
INFO  [16:48:28.505] [bbotk] Evaluating 1 configuration(s)
INFO  [16:48:28.881] [bbotk] Result of batch 3:
INFO  [16:48:28.883] [bbotk]    laplace classif.ce warnings errors runtime_learners
INFO  [16:48:28.883] [bbotk]  0.1259203   0.246922        0      0            0.319
INFO  [16:48:28.883] [bbotk]                                 uhash
INFO  [16:48:28.883] [bbotk]  3e2677ad-46a4-4360-ac77-738109044a2c
INFO  [16:48:28.895] [bbotk] Finished optimizing after 3 evaluation(s)
INFO  [16:48:28.895] [bbotk] Result:
INFO  [16:48:28.896] [bbotk]   laplace learner_param_vals  x_domain classif.ce
INFO  [16:48:28.896] [bbotk]     <num>             <list>    <list>      <num>
INFO  [16:48:28.896] [bbotk]  0.428705          <list[1]> <list[1]>   0.246922
INFO  [16:48:29.064] [bbotk] Starting to optimize 1 parameter(s) with '<OptimizerBatchRandomSearch>' and '<TerminatorEvals> [n_evals=3, k=0]'
INFO  [16:48:29.070] [bbotk] Evaluating 1 configuration(s)
INFO  [16:48:29.477] [bbotk] Result of batch 1:
INFO  [16:48:29.478] [bbotk]    laplace classif.ce warnings errors runtime_learners
INFO  [16:48:29.478] [bbotk]  0.6121032   0.540669        0      0            0.364
INFO  [16:48:29.478] [bbotk]                                 uhash
INFO  [16:48:29.478] [bbotk]  e286c82b-e4cc-4e93-a87c-39c396faaeb5
INFO  [16:48:29.480] [bbotk] Evaluating 1 configuration(s)
INFO  [16:48:29.807] [bbotk] Result of batch 2:
INFO  [16:48:29.808] [bbotk]    laplace classif.ce warnings errors runtime_learners
INFO  [16:48:29.808] [bbotk]  0.9242458   0.540669        0      0             0.29
INFO  [16:48:29.808] [bbotk]                                 uhash
INFO  [16:48:29.808] [bbotk]  a34f4ca2-7bca-4a98-be61-36574f11a7be
INFO  [16:48:29.811] [bbotk] Evaluating 1 configuration(s)
INFO  [16:48:30.195] [bbotk] Result of batch 3:
INFO  [16:48:30.196] [bbotk]    laplace classif.ce warnings errors runtime_learners
INFO  [16:48:30.196] [bbotk]  0.5434445   0.540669        0      0            0.324
INFO  [16:48:30.196] [bbotk]                                 uhash
INFO  [16:48:30.196] [bbotk]  01e6a8af-711d-4d51-b0a6-89f477a7979f
INFO  [16:48:30.213] [bbotk] Finished optimizing after 3 evaluation(s)
INFO  [16:48:30.213] [bbotk] Result:
INFO  [16:48:30.214] [bbotk]    laplace learner_param_vals  x_domain classif.ce
INFO  [16:48:30.214] [bbotk]      <num>             <list>    <list>      <num>
INFO  [16:48:30.214] [bbotk]  0.6121032          <list[1]> <list[1]>   0.540669
INFO  [16:48:30.354] [bbotk] Starting to optimize 1 parameter(s) with '<OptimizerBatchRandomSearch>' and '<TerminatorEvals> [n_evals=3, k=0]'
INFO  [16:48:30.363] [bbotk] Evaluating 1 configuration(s)
INFO  [16:48:30.733] [bbotk] Result of batch 1:
INFO  [16:48:30.734] [bbotk]   laplace classif.ce warnings errors runtime_learners
INFO  [16:48:30.734] [bbotk]  0.209212  0.4928392        0      0            0.327
INFO  [16:48:30.734] [bbotk]                                 uhash
INFO  [16:48:30.734] [bbotk]  b4bdb3f0-01b5-487d-a974-b8efebc7b717
INFO  [16:48:30.740] [bbotk] Evaluating 1 configuration(s)
INFO  [16:48:31.116] [bbotk] Result of batch 2:
INFO  [16:48:31.117] [bbotk]    laplace classif.ce warnings errors runtime_learners
INFO  [16:48:31.117] [bbotk]  0.2816512  0.4928392        0      0            0.327
INFO  [16:48:31.117] [bbotk]                                 uhash
INFO  [16:48:31.117] [bbotk]  aacdcc5c-a0ef-441a-bfcf-faaa505d9916
INFO  [16:48:31.119] [bbotk] Evaluating 1 configuration(s)
INFO  [16:48:31.428] [bbotk] Result of batch 3:
INFO  [16:48:31.430] [bbotk]    laplace classif.ce warnings errors runtime_learners
INFO  [16:48:31.430] [bbotk]  0.8454914  0.4928392        0      0            0.276
INFO  [16:48:31.430] [bbotk]                                 uhash
INFO  [16:48:31.430] [bbotk]  e902f9c1-9801-41c0-a0a4-3225e32e13c7
INFO  [16:48:31.447] [bbotk] Finished optimizing after 3 evaluation(s)
INFO  [16:48:31.450] [bbotk] Result:
INFO  [16:48:31.451] [bbotk]   laplace learner_param_vals  x_domain classif.ce
INFO  [16:48:31.451] [bbotk]     <num>             <list>    <list>      <num>
INFO  [16:48:31.451] [bbotk]  0.209212          <list[1]> <list[1]>  0.4928392

### [bt]: Job terminated successfully [batchtools job.id=1187]
### [bt]: Starting job [batchtools job.id=1188]
### [bt]: Generating problem instance for problem '78e20b4b43a56ff6' ...
### [bt]: Applying algorithm 'run_learner' on problem '78e20b4b43a56ff6' for job 1188 (seed = 1189) ...
INFO  [16:48:31.816] [mlr3] Applying learner 'classif.naive_bayes.tuned_calib.oof_platt' on task 'pc3' (iter 8/10)
INFO  [16:48:31.877] [bbotk] Starting to optimize 1 parameter(s) with '<OptimizerBatchRandomSearch>' and '<TerminatorEvals> [n_evals=3, k=0]'
INFO  [16:48:31.891] [bbotk] Evaluating 1 configuration(s)
INFO  [16:48:32.224] [bbotk] Result of batch 1:
INFO  [16:48:32.226] [bbotk]    laplace classif.ce warnings errors runtime_learners
INFO  [16:48:32.226] [bbotk]  0.5075572      0.512        0      0            0.295
INFO  [16:48:32.226] [bbotk]                                 uhash
INFO  [16:48:32.226] [bbotk]  34960f02-3ec9-4fbc-8012-5a125a2a9488
INFO  [16:48:32.240] [bbotk] Evaluating 1 configuration(s)
INFO  [16:48:32.594] [bbotk] Result of batch 2:
INFO  [16:48:32.598] [bbotk]    laplace classif.ce warnings errors runtime_learners
INFO  [16:48:32.598] [bbotk]  0.8303173      0.512        0      0            0.299
INFO  [16:48:32.598] [bbotk]                                 uhash
INFO  [16:48:32.598] [bbotk]  511ae3c2-2135-4237-a324-e6da26aae348
INFO  [16:48:32.602] [bbotk] Evaluating 1 configuration(s)
INFO  [16:48:32.903] [bbotk] Result of batch 3:
INFO  [16:48:32.904] [bbotk]    laplace classif.ce warnings errors runtime_learners
INFO  [16:48:32.904] [bbotk]  0.4154099      0.512        0      0            0.263
INFO  [16:48:32.904] [bbotk]                                 uhash
INFO  [16:48:32.904] [bbotk]  4d65bf67-7d53-4456-9afb-74da253244cf
INFO  [16:48:32.919] [bbotk] Finished optimizing after 3 evaluation(s)
INFO  [16:48:32.920] [bbotk] Result:
INFO  [16:48:32.921] [bbotk]    laplace learner_param_vals  x_domain classif.ce
INFO  [16:48:32.921] [bbotk]      <num>             <list>    <list>      <num>
INFO  [16:48:32.921] [bbotk]  0.5075572          <list[1]> <list[1]>      0.512
INFO  [16:48:33.098] [bbotk] Starting to optimize 1 parameter(s) with '<OptimizerBatchRandomSearch>' and '<TerminatorEvals> [n_evals=3, k=0]'
INFO  [16:48:33.104] [bbotk] Evaluating 1 configuration(s)
INFO  [16:48:33.490] [bbotk] Result of batch 1:
INFO  [16:48:33.491] [bbotk]    laplace classif.ce warnings errors runtime_learners
INFO  [16:48:33.491] [bbotk]  0.1157149      0.536        0      0            0.336
INFO  [16:48:33.491] [bbotk]                                 uhash
INFO  [16:48:33.491] [bbotk]  6e1b0794-fd20-4973-80af-c7aac38d40b5
INFO  [16:48:33.493] [bbotk] Evaluating 1 configuration(s)
INFO  [16:48:33.822] [bbotk] Result of batch 2:
INFO  [16:48:33.823] [bbotk]       laplace classif.ce warnings errors runtime_learners
INFO  [16:48:33.823] [bbotk]  0.0008605998      0.536        0      0             0.29
INFO  [16:48:33.823] [bbotk]                                 uhash
INFO  [16:48:33.823] [bbotk]  3f8c5cd4-3851-43f1-98a5-a10783be1170
INFO  [16:48:33.825] [bbotk] Evaluating 1 configuration(s)
INFO  [16:48:34.133] [bbotk] Result of batch 3:
INFO  [16:48:34.134] [bbotk]    laplace classif.ce warnings errors runtime_learners
INFO  [16:48:34.134] [bbotk]  0.7448096      0.536        0      0            0.264
INFO  [16:48:34.134] [bbotk]                                 uhash
INFO  [16:48:34.134] [bbotk]  f475bb9c-77a6-4c82-b028-05b22d62a1c6
INFO  [16:48:34.141] [bbotk] Finished optimizing after 3 evaluation(s)
INFO  [16:48:34.141] [bbotk] Result:
INFO  [16:48:34.142] [bbotk]    laplace learner_param_vals  x_domain classif.ce
INFO  [16:48:34.142] [bbotk]      <num>             <list>    <list>      <num>
INFO  [16:48:34.142] [bbotk]  0.1157149          <list[1]> <list[1]>      0.536
INFO  [16:48:34.270] [bbotk] Starting to optimize 1 parameter(s) with '<OptimizerBatchRandomSearch>' and '<TerminatorEvals> [n_evals=3, k=0]'
INFO  [16:48:34.282] [bbotk] Evaluating 1 configuration(s)
INFO  [16:48:34.623] [bbotk] Result of batch 1:
INFO  [16:48:34.625] [bbotk]    laplace classif.ce warnings errors runtime_learners
INFO  [16:48:34.625] [bbotk]  0.3698235  0.5495579        0      0            0.289
INFO  [16:48:34.625] [bbotk]                                 uhash
INFO  [16:48:34.625] [bbotk]  0ebc386c-4aca-4288-b1ae-a941a349fea6
INFO  [16:48:34.630] [bbotk] Evaluating 1 configuration(s)
INFO  [16:48:35.001] [bbotk] Result of batch 2:
INFO  [16:48:35.002] [bbotk]    laplace classif.ce warnings errors runtime_learners
INFO  [16:48:35.002] [bbotk]  0.4837136  0.5495579        0      0            0.314
INFO  [16:48:35.002] [bbotk]                                 uhash
INFO  [16:48:35.002] [bbotk]  80b25c1d-1abe-47e0-b83a-0cc0507692b6
INFO  [16:48:35.004] [bbotk] Evaluating 1 configuration(s)
INFO  [16:48:35.369] [bbotk] Result of batch 3:
INFO  [16:48:35.370] [bbotk]    laplace classif.ce warnings errors runtime_learners
INFO  [16:48:35.370] [bbotk]  0.6514045  0.5495579        0      0            0.323
INFO  [16:48:35.370] [bbotk]                                 uhash
INFO  [16:48:35.370] [bbotk]  52240890-c921-42f2-b55f-7a437d8c68f6
INFO  [16:48:35.378] [bbotk] Finished optimizing after 3 evaluation(s)
INFO  [16:48:35.378] [bbotk] Result:
INFO  [16:48:35.380] [bbotk]    laplace learner_param_vals  x_domain classif.ce
INFO  [16:48:35.380] [bbotk]      <num>             <list>    <list>      <num>
INFO  [16:48:35.380] [bbotk]  0.3698235          <list[1]> <list[1]>  0.5495579
INFO  [16:48:35.520] [bbotk] Starting to optimize 1 parameter(s) with '<OptimizerBatchRandomSearch>' and '<TerminatorEvals> [n_evals=3, k=0]'
INFO  [16:48:35.524] [bbotk] Evaluating 1 configuration(s)
INFO  [16:48:35.957] [bbotk] Result of batch 1:
INFO  [16:48:35.958] [bbotk]     laplace classif.ce warnings errors runtime_learners
INFO  [16:48:35.958] [bbotk]  0.05026452  0.5300024        0      0            0.378
INFO  [16:48:35.958] [bbotk]                                 uhash
INFO  [16:48:35.958] [bbotk]  912b1c40-4331-4e4c-9874-3aebb012bf4f
INFO  [16:48:35.960] [bbotk] Evaluating 1 configuration(s)
INFO  [16:48:36.279] [bbotk] Result of batch 2:
INFO  [16:48:36.280] [bbotk]   laplace classif.ce warnings errors runtime_learners
INFO  [16:48:36.280] [bbotk]  0.371084  0.5300024        0      0            0.271
INFO  [16:48:36.280] [bbotk]                                 uhash
INFO  [16:48:36.280] [bbotk]  2206d5ad-c261-4767-9111-0f11eab7d302
INFO  [16:48:36.283] [bbotk] Evaluating 1 configuration(s)
INFO  [16:48:36.647] [bbotk] Result of batch 3:
INFO  [16:48:36.649] [bbotk]     laplace classif.ce warnings errors runtime_learners
INFO  [16:48:36.649] [bbotk]  0.08097709  0.5300024        0      0            0.306
INFO  [16:48:36.649] [bbotk]                                 uhash
INFO  [16:48:36.649] [bbotk]  bbc2b2af-4b27-4f94-bcd1-3b55f460efa9
INFO  [16:48:36.660] [bbotk] Finished optimizing after 3 evaluation(s)
INFO  [16:48:36.660] [bbotk] Result:
INFO  [16:48:36.661] [bbotk]     laplace learner_param_vals  x_domain classif.ce
INFO  [16:48:36.661] [bbotk]       <num>             <list>    <list>      <num>
INFO  [16:48:36.661] [bbotk]  0.05026452          <list[1]> <list[1]>  0.5300024
INFO  [16:48:36.783] [bbotk] Starting to optimize 1 parameter(s) with '<OptimizerBatchRandomSearch>' and '<TerminatorEvals> [n_evals=3, k=0]'
INFO  [16:48:36.788] [bbotk] Evaluating 1 configuration(s)
INFO  [16:48:37.144] [bbotk] Result of batch 1:
INFO  [16:48:37.146] [bbotk]    laplace classif.ce warnings errors runtime_learners
INFO  [16:48:37.146] [bbotk]  0.6119738  0.2459882        0      0            0.304
INFO  [16:48:37.146] [bbotk]                                 uhash
INFO  [16:48:37.146] [bbotk]  3bb9d437-6d7d-4402-af80-21229dead021
INFO  [16:48:37.149] [bbotk] Evaluating 1 configuration(s)
INFO  [16:48:37.485] [bbotk] Result of batch 2:
INFO  [16:48:37.486] [bbotk]    laplace classif.ce warnings errors runtime_learners
INFO  [16:48:37.486] [bbotk]  0.7239622  0.2459882        0      0              0.3
INFO  [16:48:37.486] [bbotk]                                 uhash
INFO  [16:48:37.486] [bbotk]  854aed87-b251-4320-a872-c0dae5ea445a
INFO  [16:48:37.488] [bbotk] Evaluating 1 configuration(s)
INFO  [16:48:37.852] [bbotk] Result of batch 3:
INFO  [16:48:37.854] [bbotk]    laplace classif.ce warnings errors runtime_learners
INFO  [16:48:37.854] [bbotk]  0.9501771  0.2459882        0      0            0.307
INFO  [16:48:37.854] [bbotk]                                 uhash
INFO  [16:48:37.854] [bbotk]  594fdb56-3222-4105-af9b-3fe086769394
INFO  [16:48:37.865] [bbotk] Finished optimizing after 3 evaluation(s)
INFO  [16:48:37.866] [bbotk] Result:
INFO  [16:48:37.867] [bbotk]    laplace learner_param_vals  x_domain classif.ce
INFO  [16:48:37.867] [bbotk]      <num>             <list>    <list>      <num>
INFO  [16:48:37.867] [bbotk]  0.6119738          <list[1]> <list[1]>  0.2459882

### [bt]: Job terminated successfully [batchtools job.id=1188]
### [bt]: Starting job [batchtools job.id=1189]
### [bt]: Generating problem instance for problem '78e20b4b43a56ff6' ...
### [bt]: Applying algorithm 'run_learner' on problem '78e20b4b43a56ff6' for job 1189 (seed = 1190) ...
INFO  [16:48:38.299] [mlr3] Applying learner 'classif.naive_bayes.tuned_calib.oof_platt' on task 'pc3' (iter 9/10)
INFO  [16:48:38.351] [bbotk] Starting to optimize 1 parameter(s) with '<OptimizerBatchRandomSearch>' and '<TerminatorEvals> [n_evals=3, k=0]'
INFO  [16:48:38.361] [bbotk] Evaluating 1 configuration(s)
INFO  [16:48:38.755] [bbotk] Result of batch 1:
INFO  [16:48:38.758] [bbotk]    laplace classif.ce warnings errors runtime_learners
INFO  [16:48:38.758] [bbotk]  0.7721879  0.2755556        0      0            0.349
INFO  [16:48:38.758] [bbotk]                                 uhash
INFO  [16:48:38.758] [bbotk]  af61634b-8d2c-44e4-82a9-043fbf3c9abc
INFO  [16:48:38.764] [bbotk] Evaluating 1 configuration(s)
INFO  [16:48:39.102] [bbotk] Result of batch 2:
INFO  [16:48:39.104] [bbotk]   laplace classif.ce warnings errors runtime_learners
INFO  [16:48:39.104] [bbotk]  0.806413  0.2755556        0      0            0.294
INFO  [16:48:39.104] [bbotk]                                 uhash
INFO  [16:48:39.104] [bbotk]  2103ed7c-7ca9-4545-bfb2-e3446f40f38c
INFO  [16:48:39.109] [bbotk] Evaluating 1 configuration(s)
INFO  [16:48:39.472] [bbotk] Result of batch 3:
INFO  [16:48:39.473] [bbotk]    laplace classif.ce warnings errors runtime_learners
INFO  [16:48:39.473] [bbotk]  0.5085079  0.2755556        0      0            0.327
INFO  [16:48:39.473] [bbotk]                                 uhash
INFO  [16:48:39.473] [bbotk]  f742f8ed-f77a-480b-815a-c4db65543625
INFO  [16:48:39.486] [bbotk] Finished optimizing after 3 evaluation(s)
INFO  [16:48:39.486] [bbotk] Result:
INFO  [16:48:39.487] [bbotk]    laplace learner_param_vals  x_domain classif.ce
INFO  [16:48:39.487] [bbotk]      <num>             <list>    <list>      <num>
INFO  [16:48:39.487] [bbotk]  0.7721879          <list[1]> <list[1]>  0.2755556
INFO  [16:48:39.618] [bbotk] Starting to optimize 1 parameter(s) with '<OptimizerBatchRandomSearch>' and '<TerminatorEvals> [n_evals=3, k=0]'
INFO  [16:48:39.628] [bbotk] Evaluating 1 configuration(s)
INFO  [16:48:40.024] [bbotk] Result of batch 1:
INFO  [16:48:40.025] [bbotk]    laplace classif.ce warnings errors runtime_learners
INFO  [16:48:40.025] [bbotk]  0.2213402      0.544        0      0            0.345
INFO  [16:48:40.025] [bbotk]                                 uhash
INFO  [16:48:40.025] [bbotk]  b4e1d1ff-5c46-4626-b14b-f6298a771c7e
INFO  [16:48:40.027] [bbotk] Evaluating 1 configuration(s)
INFO  [16:48:40.440] [bbotk] Result of batch 2:
INFO  [16:48:40.443] [bbotk]     laplace classif.ce warnings errors runtime_learners
INFO  [16:48:40.443] [bbotk]  0.00207521      0.544        0      0            0.354
INFO  [16:48:40.443] [bbotk]                                 uhash
INFO  [16:48:40.443] [bbotk]  6b283bee-e6e7-42ba-9153-b7f57b9c1af6
INFO  [16:48:40.446] [bbotk] Evaluating 1 configuration(s)
INFO  [16:48:40.832] [bbotk] Result of batch 3:
INFO  [16:48:40.833] [bbotk]    laplace classif.ce warnings errors runtime_learners
INFO  [16:48:40.833] [bbotk]  0.1227703      0.544        0      0             0.35
INFO  [16:48:40.833] [bbotk]                                 uhash
INFO  [16:48:40.833] [bbotk]  2b0dbc36-dc31-4885-9231-e1ef880bda65
INFO  [16:48:40.852] [bbotk] Finished optimizing after 3 evaluation(s)
INFO  [16:48:40.853] [bbotk] Result:
INFO  [16:48:40.854] [bbotk]    laplace learner_param_vals  x_domain classif.ce
INFO  [16:48:40.854] [bbotk]      <num>             <list>    <list>      <num>
INFO  [16:48:40.854] [bbotk]  0.2213402          <list[1]> <list[1]>      0.544
INFO  [16:48:40.995] [bbotk] Starting to optimize 1 parameter(s) with '<OptimizerBatchRandomSearch>' and '<TerminatorEvals> [n_evals=3, k=0]'
INFO  [16:48:41.007] [bbotk] Evaluating 1 configuration(s)
INFO  [16:48:41.363] [bbotk] Result of batch 1:
INFO  [16:48:41.364] [bbotk]    laplace classif.ce warnings errors runtime_learners
INFO  [16:48:41.364] [bbotk]  0.3409933  0.5035106        0      0            0.314
INFO  [16:48:41.364] [bbotk]                                 uhash
INFO  [16:48:41.364] [bbotk]  728edea6-7e4a-4fe0-92e8-18333261c215
INFO  [16:48:41.367] [bbotk] Evaluating 1 configuration(s)
INFO  [16:48:41.751] [bbotk] Result of batch 2:
INFO  [16:48:41.752] [bbotk]    laplace classif.ce warnings errors runtime_learners
INFO  [16:48:41.752] [bbotk]  0.5932623  0.5035106        0      0            0.331
INFO  [16:48:41.752] [bbotk]                                 uhash
INFO  [16:48:41.752] [bbotk]  d6c01500-636a-4cb3-9199-9687801448b4
INFO  [16:48:41.754] [bbotk] Evaluating 1 configuration(s)
INFO  [16:48:42.151] [bbotk] Result of batch 3:
INFO  [16:48:42.152] [bbotk]    laplace classif.ce warnings errors runtime_learners
INFO  [16:48:42.152] [bbotk]  0.1408154  0.5035106        0      0            0.352
INFO  [16:48:42.152] [bbotk]                                 uhash
INFO  [16:48:42.152] [bbotk]  804e451a-7dd8-4e6c-a22e-4c00ae814b4b
INFO  [16:48:42.158] [bbotk] Finished optimizing after 3 evaluation(s)
INFO  [16:48:42.158] [bbotk] Result:
INFO  [16:48:42.159] [bbotk]    laplace learner_param_vals  x_domain classif.ce
INFO  [16:48:42.159] [bbotk]      <num>             <list>    <list>      <num>
INFO  [16:48:42.159] [bbotk]  0.3409933          <list[1]> <list[1]>  0.5035106
INFO  [16:48:42.317] [bbotk] Starting to optimize 1 parameter(s) with '<OptimizerBatchRandomSearch>' and '<TerminatorEvals> [n_evals=3, k=0]'
INFO  [16:48:42.325] [bbotk] Evaluating 1 configuration(s)
INFO  [16:48:42.686] [bbotk] Result of batch 1:
INFO  [16:48:42.688] [bbotk]  laplace classif.ce warnings errors runtime_learners
INFO  [16:48:42.688] [bbotk]  0.37065  0.5029433        0      0             0.33
INFO  [16:48:42.688] [bbotk]                                 uhash
INFO  [16:48:42.688] [bbotk]  082bfb73-da25-4f38-9430-d55db75d13d6
INFO  [16:48:42.693] [bbotk] Evaluating 1 configuration(s)
INFO  [16:48:43.057] [bbotk] Result of batch 2:
INFO  [16:48:43.058] [bbotk]    laplace classif.ce warnings errors runtime_learners
INFO  [16:48:43.058] [bbotk]  0.2028141  0.5029433        0      0            0.323
INFO  [16:48:43.058] [bbotk]                                 uhash
INFO  [16:48:43.058] [bbotk]  731e366b-e938-4f4c-be7c-46822b74a771
INFO  [16:48:43.060] [bbotk] Evaluating 1 configuration(s)
INFO  [16:48:43.426] [bbotk] Result of batch 3:
INFO  [16:48:43.427] [bbotk]    laplace classif.ce warnings errors runtime_learners
INFO  [16:48:43.427] [bbotk]  0.4060054  0.5029433        0      0            0.332
INFO  [16:48:43.427] [bbotk]                                 uhash
INFO  [16:48:43.427] [bbotk]  1174b2ac-4f5e-4181-bd64-210d1122799e
INFO  [16:48:43.433] [bbotk] Finished optimizing after 3 evaluation(s)
INFO  [16:48:43.433] [bbotk] Result:
INFO  [16:48:43.434] [bbotk]  laplace learner_param_vals  x_domain classif.ce
INFO  [16:48:43.434] [bbotk]    <num>             <list>    <list>      <num>
INFO  [16:48:43.434] [bbotk]  0.37065          <list[1]> <list[1]>  0.5029433
INFO  [16:48:43.555] [bbotk] Starting to optimize 1 parameter(s) with '<OptimizerBatchRandomSearch>' and '<TerminatorEvals> [n_evals=3, k=0]'
INFO  [16:48:43.567] [bbotk] Evaluating 1 configuration(s)
INFO  [16:48:43.950] [bbotk] Result of batch 1:
INFO  [16:48:43.951] [bbotk]    laplace classif.ce warnings errors runtime_learners
INFO  [16:48:43.951] [bbotk]  0.4449559  0.4962624        0      0             0.34
INFO  [16:48:43.951] [bbotk]                                 uhash
INFO  [16:48:43.951] [bbotk]  d220a886-15f9-4746-9555-fda87f40560e
INFO  [16:48:43.953] [bbotk] Evaluating 1 configuration(s)
INFO  [16:48:44.310] [bbotk] Result of batch 2:
INFO  [16:48:44.315] [bbotk]    laplace classif.ce warnings errors runtime_learners
INFO  [16:48:44.315] [bbotk]  0.1258528  0.4962624        0      0            0.309
INFO  [16:48:44.315] [bbotk]                                 uhash
INFO  [16:48:44.315] [bbotk]  99342c3b-cc0a-4328-9d7c-59754964f895
INFO  [16:48:44.320] [bbotk] Evaluating 1 configuration(s)
INFO  [16:48:44.750] [bbotk] Result of batch 3:
INFO  [16:48:44.752] [bbotk]    laplace classif.ce warnings errors runtime_learners
INFO  [16:48:44.752] [bbotk]  0.7680687  0.4962624        0      0             0.38
INFO  [16:48:44.752] [bbotk]                                 uhash
INFO  [16:48:44.752] [bbotk]  16154d23-9415-4c90-a1ee-ba203b5d28c3
INFO  [16:48:44.768] [bbotk] Finished optimizing after 3 evaluation(s)
INFO  [16:48:44.769] [bbotk] Result:
INFO  [16:48:44.770] [bbotk]    laplace learner_param_vals  x_domain classif.ce
INFO  [16:48:44.770] [bbotk]      <num>             <list>    <list>      <num>
INFO  [16:48:44.770] [bbotk]  0.4449559          <list[1]> <list[1]>  0.4962624

### [bt]: Job terminated successfully [batchtools job.id=1189]
### [bt]: Starting job [batchtools job.id=1190]
### [bt]: Generating problem instance for problem '78e20b4b43a56ff6' ...
### [bt]: Applying algorithm 'run_learner' on problem '78e20b4b43a56ff6' for job 1190 (seed = 1191) ...
INFO  [16:48:45.171] [mlr3] Applying learner 'classif.naive_bayes.tuned_calib.oof_platt' on task 'pc3' (iter 10/10)
INFO  [16:48:45.233] [bbotk] Starting to optimize 1 parameter(s) with '<OptimizerBatchRandomSearch>' and '<TerminatorEvals> [n_evals=3, k=0]'
INFO  [16:48:45.238] [bbotk] Evaluating 1 configuration(s)
INFO  [16:48:45.643] [bbotk] Result of batch 1:
INFO  [16:48:45.644] [bbotk]    laplace classif.ce warnings errors runtime_learners
INFO  [16:48:45.644] [bbotk]  0.4978118  0.2337778        0      0            0.364
INFO  [16:48:45.644] [bbotk]                                 uhash
INFO  [16:48:45.644] [bbotk]  74408b7d-a51f-42e0-bd23-2be6904343ea
INFO  [16:48:45.646] [bbotk] Evaluating 1 configuration(s)
INFO  [16:48:46.032] [bbotk] Result of batch 2:
INFO  [16:48:46.034] [bbotk]  laplace classif.ce warnings errors runtime_learners
INFO  [16:48:46.034] [bbotk]  0.79422  0.2337778        0      0            0.327
INFO  [16:48:46.034] [bbotk]                                 uhash
INFO  [16:48:46.034] [bbotk]  0fcc156f-68ee-49ec-85df-3eb6a082b087
INFO  [16:48:46.040] [bbotk] Evaluating 1 configuration(s)
INFO  [16:48:46.400] [bbotk] Result of batch 3:
INFO  [16:48:46.401] [bbotk]    laplace classif.ce warnings errors runtime_learners
INFO  [16:48:46.401] [bbotk]  0.5286959  0.2337778        0      0            0.319
INFO  [16:48:46.401] [bbotk]                                 uhash
INFO  [16:48:46.401] [bbotk]  c59dc618-335c-4554-9ccc-cbe478446489
INFO  [16:48:46.415] [bbotk] Finished optimizing after 3 evaluation(s)
INFO  [16:48:46.415] [bbotk] Result:
INFO  [16:48:46.416] [bbotk]    laplace learner_param_vals  x_domain classif.ce
INFO  [16:48:46.416] [bbotk]      <num>             <list>    <list>      <num>
INFO  [16:48:46.416] [bbotk]  0.4978118          <list[1]> <list[1]>  0.2337778
INFO  [16:48:46.545] [bbotk] Starting to optimize 1 parameter(s) with '<OptimizerBatchRandomSearch>' and '<TerminatorEvals> [n_evals=3, k=0]'
INFO  [16:48:46.549] [bbotk] Evaluating 1 configuration(s)
INFO  [16:48:46.896] [bbotk] Result of batch 1:
INFO  [16:48:46.898] [bbotk]    laplace classif.ce warnings errors runtime_learners
INFO  [16:48:46.898] [bbotk]  0.4440498  0.2986667        0      0            0.304
INFO  [16:48:46.898] [bbotk]                                 uhash
INFO  [16:48:46.898] [bbotk]  f88050b7-f2e4-4f5c-a6cb-fb6083df25ea
INFO  [16:48:46.901] [bbotk] Evaluating 1 configuration(s)
INFO  [16:48:47.330] [bbotk] Result of batch 2:
INFO  [16:48:47.332] [bbotk]    laplace classif.ce warnings errors runtime_learners
INFO  [16:48:47.332] [bbotk]  0.6542522  0.2986667        0      0            0.367
INFO  [16:48:47.332] [bbotk]                                 uhash
INFO  [16:48:47.332] [bbotk]  6ec8b510-378c-44c1-b0b0-406d62d649eb
INFO  [16:48:47.335] [bbotk] Evaluating 1 configuration(s)
INFO  [16:48:47.749] [bbotk] Result of batch 3:
INFO  [16:48:47.751] [bbotk]   laplace classif.ce warnings errors runtime_learners
INFO  [16:48:47.751] [bbotk]  0.223941  0.2986667        0      0            0.369
INFO  [16:48:47.751] [bbotk]                                 uhash
INFO  [16:48:47.751] [bbotk]  b7fb014e-8874-4dda-b423-5a3a39a0b6e3
INFO  [16:48:47.770] [bbotk] Finished optimizing after 3 evaluation(s)
INFO  [16:48:47.770] [bbotk] Result:
INFO  [16:48:47.772] [bbotk]    laplace learner_param_vals  x_domain classif.ce
INFO  [16:48:47.772] [bbotk]      <num>             <list>    <list>      <num>
INFO  [16:48:47.772] [bbotk]  0.4440498          <list[1]> <list[1]>  0.2986667
INFO  [16:48:47.932] [bbotk] Starting to optimize 1 parameter(s) with '<OptimizerBatchRandomSearch>' and '<TerminatorEvals> [n_evals=3, k=0]'
INFO  [16:48:47.939] [bbotk] Evaluating 1 configuration(s)
INFO  [16:48:48.388] [bbotk] Result of batch 1:
INFO  [16:48:48.389] [bbotk]   laplace classif.ce warnings errors runtime_learners
INFO  [16:48:48.389] [bbotk]  0.955884  0.3560757        0      0             0.41
INFO  [16:48:48.389] [bbotk]                                 uhash
INFO  [16:48:48.389] [bbotk]  682a99d4-ad82-4284-ac11-24e732c7a3db
INFO  [16:48:48.393] [bbotk] Evaluating 1 configuration(s)
INFO  [16:48:48.784] [bbotk] Result of batch 2:
INFO  [16:48:48.786] [bbotk]    laplace classif.ce warnings errors runtime_learners
INFO  [16:48:48.786] [bbotk]  0.2992761  0.3560757        0      0             0.33
INFO  [16:48:48.786] [bbotk]                                 uhash
INFO  [16:48:48.786] [bbotk]  aa9acf20-b23f-41ee-829c-7f7fac36f115
INFO  [16:48:48.791] [bbotk] Evaluating 1 configuration(s)
INFO  [16:48:49.171] [bbotk] Result of batch 3:
INFO  [16:48:49.172] [bbotk]    laplace classif.ce warnings errors runtime_learners
INFO  [16:48:49.172] [bbotk]  0.4591798  0.3560757        0      0            0.326
INFO  [16:48:49.172] [bbotk]                                 uhash
INFO  [16:48:49.172] [bbotk]  005cb06d-1801-41d7-aeb1-249dc5376ec5
INFO  [16:48:49.184] [bbotk] Finished optimizing after 3 evaluation(s)
INFO  [16:48:49.184] [bbotk] Result:
INFO  [16:48:49.186] [bbotk]   laplace learner_param_vals  x_domain classif.ce
INFO  [16:48:49.186] [bbotk]     <num>             <list>    <list>      <num>
INFO  [16:48:49.186] [bbotk]  0.955884          <list[1]> <list[1]>  0.3560757
INFO  [16:48:49.331] [bbotk] Starting to optimize 1 parameter(s) with '<OptimizerBatchRandomSearch>' and '<TerminatorEvals> [n_evals=3, k=0]'
INFO  [16:48:49.339] [bbotk] Evaluating 1 configuration(s)
INFO  [16:48:49.705] [bbotk] Result of batch 1:
INFO  [16:48:49.707] [bbotk]    laplace classif.ce warnings errors runtime_learners
INFO  [16:48:49.707] [bbotk]  0.3645699  0.2264303        0      0            0.327
INFO  [16:48:49.707] [bbotk]                                 uhash
INFO  [16:48:49.707] [bbotk]  f7b0b94b-5059-4d1c-8480-0ef44db71d87
INFO  [16:48:49.715] [bbotk] Evaluating 1 configuration(s)
INFO  [16:48:50.111] [bbotk] Result of batch 2:
INFO  [16:48:50.112] [bbotk]    laplace classif.ce warnings errors runtime_learners
INFO  [16:48:50.112] [bbotk]  0.6503246  0.2264303        0      0             0.36
INFO  [16:48:50.112] [bbotk]                                 uhash
INFO  [16:48:50.112] [bbotk]  92de4ba1-b769-4737-9dad-02508541dcbf
INFO  [16:48:50.116] [bbotk] Evaluating 1 configuration(s)
INFO  [16:48:50.508] [bbotk] Result of batch 3:
INFO  [16:48:50.510] [bbotk]    laplace classif.ce warnings errors runtime_learners
INFO  [16:48:50.510] [bbotk]  0.6594251  0.2264303        0      0            0.353
INFO  [16:48:50.510] [bbotk]                                 uhash
INFO  [16:48:50.510] [bbotk]  bedc62d3-13de-4e68-b260-4b03974e36fa
INFO  [16:48:50.525] [bbotk] Finished optimizing after 3 evaluation(s)
INFO  [16:48:50.525] [bbotk] Result:
INFO  [16:48:50.526] [bbotk]    laplace learner_param_vals  x_domain classif.ce
INFO  [16:48:50.526] [bbotk]      <num>             <list>    <list>      <num>
INFO  [16:48:50.526] [bbotk]  0.3645699          <list[1]> <list[1]>  0.2264303
INFO  [16:48:50.652] [bbotk] Starting to optimize 1 parameter(s) with '<OptimizerBatchRandomSearch>' and '<TerminatorEvals> [n_evals=3, k=0]'
INFO  [16:48:50.662] [bbotk] Evaluating 1 configuration(s)
INFO  [16:48:51.048] [bbotk] Result of batch 1:
INFO  [16:48:51.050] [bbotk]    laplace classif.ce warnings errors runtime_learners
INFO  [16:48:51.050] [bbotk]  0.2105315  0.2451489        0      0             0.33
INFO  [16:48:51.050] [bbotk]                                 uhash
INFO  [16:48:51.050] [bbotk]  2b8bf433-a47d-4064-bffe-5eb6e7ebd259
INFO  [16:48:51.055] [bbotk] Evaluating 1 configuration(s)
INFO  [16:48:51.450] [bbotk] Result of batch 2:
INFO  [16:48:51.450] [bbotk]    laplace classif.ce warnings errors runtime_learners
INFO  [16:48:51.450] [bbotk]  0.4290616  0.2451489        0      0            0.342
INFO  [16:48:51.450] [bbotk]                                 uhash
INFO  [16:48:51.450] [bbotk]  50c009ac-8b9a-45b3-ab1a-b4cb7d54ca53
INFO  [16:48:51.457] [bbotk] Evaluating 1 configuration(s)
INFO  [16:48:51.863] [bbotk] Result of batch 3:
INFO  [16:48:51.864] [bbotk]   laplace classif.ce warnings errors runtime_learners
INFO  [16:48:51.864] [bbotk]  0.483415  0.2451489        0      0            0.361
INFO  [16:48:51.864] [bbotk]                                 uhash
INFO  [16:48:51.864] [bbotk]  12be2c25-07d5-46c0-9f8f-0cce7b7c92bd
INFO  [16:48:51.892] [bbotk] Finished optimizing after 3 evaluation(s)
INFO  [16:48:51.892] [bbotk] Result:
INFO  [16:48:51.894] [bbotk]    laplace learner_param_vals  x_domain classif.ce
INFO  [16:48:51.894] [bbotk]      <num>             <list>    <list>      <num>
INFO  [16:48:51.894] [bbotk]  0.2105315          <list[1]> <list[1]>  0.2451489

### [bt]: Job terminated successfully [batchtools job.id=1190]
### [bt]: Calculation finished!
