### [bt]: This is batchtools v0.9.17
### [bt]: Starting calculation of 5 jobs
### [bt]: Setting working directory to '/Users/User/Documents/Studium/Semester8/Hiwi/mlr3calibration/vignettes'
### [bt]: Memory measurement disabled
### [bt]: Starting job [batchtools job.id=2906]
### [bt]: Generating problem instance for problem '6390d9e81da17366' ...
### [bt]: Applying algorithm 'run_learner' on problem '6390d9e81da17366' for job 2906 (seed = 2907) ...
INFO  [17:24:28.165] [mlr3] Applying learner 'classif.ranger.tuned_calib.perfold_platt' on task 'qsar-biodeg' (iter 6/10)
INFO  [17:24:28.194] [bbotk] Starting to optimize 1 parameter(s) with '<OptimizerBatchRandomSearch>' and '<TerminatorEvals> [n_evals=3, k=0]'
INFO  [17:24:28.198] [bbotk] Evaluating 1 configuration(s)
INFO  [17:24:28.326] [bbotk] Result of batch 1:
INFO  [17:24:28.327] [bbotk]  num.trees classif.ce warnings errors runtime_learners
INFO  [17:24:28.327] [bbotk]        102   0.151318        0      0            0.088
INFO  [17:24:28.327] [bbotk]                                 uhash
INFO  [17:24:28.327] [bbotk]  afe7f4ca-60db-46b8-abc7-19d41ec58f2b
INFO  [17:24:28.330] [bbotk] Evaluating 1 configuration(s)
INFO  [17:24:28.684] [bbotk] Result of batch 2:
INFO  [17:24:28.684] [bbotk]  num.trees classif.ce warnings errors runtime_learners
INFO  [17:24:28.684] [bbotk]        383   0.144746        0      0             0.31
INFO  [17:24:28.684] [bbotk]                                 uhash
INFO  [17:24:28.684] [bbotk]  74233b75-d22a-497c-bf57-ac481c7372b5
INFO  [17:24:28.686] [bbotk] Evaluating 1 configuration(s)
INFO  [17:24:28.974] [bbotk] Result of batch 3:
INFO  [17:24:28.975] [bbotk]  num.trees classif.ce warnings errors runtime_learners
INFO  [17:24:28.975] [bbotk]        256  0.1486986        0      0            0.225
INFO  [17:24:28.975] [bbotk]                                 uhash
INFO  [17:24:28.975] [bbotk]  63e05200-a6a8-4eee-9238-fddedbf767dd
INFO  [17:24:29.004] [bbotk] Finished optimizing after 3 evaluation(s)
INFO  [17:24:29.005] [bbotk] Result:
INFO  [17:24:29.015] [bbotk]  num.trees learner_param_vals  x_domain classif.ce
INFO  [17:24:29.015] [bbotk]      <int>             <list>    <list>      <num>
INFO  [17:24:29.015] [bbotk]        383          <list[2]> <list[1]>   0.144746
INFO  [17:24:29.203] [bbotk] Starting to optimize 1 parameter(s) with '<OptimizerBatchRandomSearch>' and '<TerminatorEvals> [n_evals=3, k=0]'
INFO  [17:24:29.212] [bbotk] Evaluating 1 configuration(s)
INFO  [17:24:29.457] [bbotk] Result of batch 1:
INFO  [17:24:29.459] [bbotk]  num.trees classif.ce warnings errors runtime_learners
INFO  [17:24:29.459] [bbotk]        244  0.1302636        0      0            0.201
INFO  [17:24:29.459] [bbotk]                                 uhash
INFO  [17:24:29.459] [bbotk]  fcb744d7-5d3a-448c-b8f6-32b577ed27a5
INFO  [17:24:29.464] [bbotk] Evaluating 1 configuration(s)
INFO  [17:24:29.617] [bbotk] Result of batch 2:
INFO  [17:24:29.618] [bbotk]  num.trees classif.ce warnings errors runtime_learners
INFO  [17:24:29.618] [bbotk]        114  0.1302688        0      0            0.105
INFO  [17:24:29.618] [bbotk]                                 uhash
INFO  [17:24:29.618] [bbotk]  bc895315-7565-456c-8068-f12fdd31bae9
INFO  [17:24:29.620] [bbotk] Evaluating 1 configuration(s)
INFO  [17:24:29.987] [bbotk] Result of batch 3:
INFO  [17:24:29.988] [bbotk]  num.trees classif.ce warnings errors runtime_learners
INFO  [17:24:29.988] [bbotk]        414  0.1355285        0      0            0.322
INFO  [17:24:29.988] [bbotk]                                 uhash
INFO  [17:24:29.988] [bbotk]  e0ecfb12-4f9a-44e9-b7ae-059fe44c1981
INFO  [17:24:30.003] [bbotk] Finished optimizing after 3 evaluation(s)
INFO  [17:24:30.004] [bbotk] Result:
INFO  [17:24:30.005] [bbotk]  num.trees learner_param_vals  x_domain classif.ce
INFO  [17:24:30.005] [bbotk]      <int>             <list>    <list>      <num>
INFO  [17:24:30.005] [bbotk]        244          <list[2]> <list[1]>  0.1302636
INFO  [17:24:30.160] [bbotk] Starting to optimize 1 parameter(s) with '<OptimizerBatchRandomSearch>' and '<TerminatorEvals> [n_evals=3, k=0]'
INFO  [17:24:30.169] [bbotk] Evaluating 1 configuration(s)
INFO  [17:24:30.477] [bbotk] Result of batch 1:
INFO  [17:24:30.478] [bbotk]  num.trees classif.ce warnings errors runtime_learners
INFO  [17:24:30.478] [bbotk]        351  0.1394863        0      0            0.275
INFO  [17:24:30.478] [bbotk]                                 uhash
INFO  [17:24:30.478] [bbotk]  d850055e-bb2a-487d-ab56-a6cbfbde2ea9
INFO  [17:24:30.483] [bbotk] Evaluating 1 configuration(s)
INFO  [17:24:30.904] [bbotk] Result of batch 2:
INFO  [17:24:30.907] [bbotk]  num.trees classif.ce warnings errors runtime_learners
INFO  [17:24:30.907] [bbotk]        285  0.1408142        0      0            0.356
INFO  [17:24:30.907] [bbotk]                                 uhash
INFO  [17:24:30.907] [bbotk]  b679cf0c-500f-40d9-b397-444c4e852c3f
INFO  [17:24:30.914] [bbotk] Evaluating 1 configuration(s)
INFO  [17:24:31.328] [bbotk] Result of batch 3:
INFO  [17:24:31.330] [bbotk]  num.trees classif.ce warnings errors runtime_learners
INFO  [17:24:31.330] [bbotk]        457  0.1381739        0      0            0.354
INFO  [17:24:31.330] [bbotk]                                 uhash
INFO  [17:24:31.330] [bbotk]  bc36b156-56cd-4171-b83a-da181177eab8
INFO  [17:24:31.341] [bbotk] Finished optimizing after 3 evaluation(s)
INFO  [17:24:31.341] [bbotk] Result:
INFO  [17:24:31.342] [bbotk]  num.trees learner_param_vals  x_domain classif.ce
INFO  [17:24:31.342] [bbotk]      <int>             <list>    <list>      <num>
INFO  [17:24:31.342] [bbotk]        457          <list[2]> <list[1]>  0.1381739
INFO  [17:24:31.560] [bbotk] Starting to optimize 1 parameter(s) with '<OptimizerBatchRandomSearch>' and '<TerminatorEvals> [n_evals=3, k=0]'
INFO  [17:24:31.566] [bbotk] Evaluating 1 configuration(s)
INFO  [17:24:31.942] [bbotk] Result of batch 1:
INFO  [17:24:31.943] [bbotk]  num.trees classif.ce warnings errors runtime_learners
INFO  [17:24:31.943] [bbotk]        456  0.1421161        0      0            0.345
INFO  [17:24:31.943] [bbotk]                                 uhash
INFO  [17:24:31.943] [bbotk]  293fd314-1a62-47cb-814b-e599d032028d
INFO  [17:24:31.945] [bbotk] Evaluating 1 configuration(s)
INFO  [17:24:32.282] [bbotk] Result of batch 2:
INFO  [17:24:32.283] [bbotk]  num.trees classif.ce warnings errors runtime_learners
INFO  [17:24:32.283] [bbotk]        360  0.1394811        0      0            0.266
INFO  [17:24:32.283] [bbotk]                                 uhash
INFO  [17:24:32.283] [bbotk]  ed343da5-51ca-44df-a379-10ab312e746c
INFO  [17:24:32.290] [bbotk] Evaluating 1 configuration(s)
INFO  [17:24:32.549] [bbotk] Result of batch 3:
INFO  [17:24:32.550] [bbotk]  num.trees classif.ce warnings errors runtime_learners
INFO  [17:24:32.550] [bbotk]        253  0.1342214        0      0            0.201
INFO  [17:24:32.550] [bbotk]                                 uhash
INFO  [17:24:32.550] [bbotk]  86f1552d-1e51-40bb-9975-b0333fa6b56b
INFO  [17:24:32.559] [bbotk] Finished optimizing after 3 evaluation(s)
INFO  [17:24:32.560] [bbotk] Result:
INFO  [17:24:32.561] [bbotk]  num.trees learner_param_vals  x_domain classif.ce
INFO  [17:24:32.561] [bbotk]      <int>             <list>    <list>      <num>
INFO  [17:24:32.561] [bbotk]        253          <list[2]> <list[1]>  0.1342214
INFO  [17:24:32.737] [bbotk] Starting to optimize 1 parameter(s) with '<OptimizerBatchRandomSearch>' and '<TerminatorEvals> [n_evals=3, k=0]'
INFO  [17:24:32.755] [bbotk] Evaluating 1 configuration(s)
INFO  [17:24:33.028] [bbotk] Result of batch 1:
INFO  [17:24:33.030] [bbotk]  num.trees classif.ce warnings errors runtime_learners
INFO  [17:24:33.030] [bbotk]        207  0.1276493        0      0            0.201
INFO  [17:24:33.030] [bbotk]                                 uhash
INFO  [17:24:33.030] [bbotk]  e7aa876c-f278-498b-b2fa-cc14a643eaf8
INFO  [17:24:33.033] [bbotk] Evaluating 1 configuration(s)
INFO  [17:24:33.190] [bbotk] Result of batch 2:
INFO  [17:24:33.191] [bbotk]  num.trees classif.ce warnings errors runtime_learners
INFO  [17:24:33.191] [bbotk]        107   0.123676        0      0            0.107
INFO  [17:24:33.191] [bbotk]                                 uhash
INFO  [17:24:33.191] [bbotk]  667004e5-2539-40a9-8672-82f7d448ce66
INFO  [17:24:33.193] [bbotk] Evaluating 1 configuration(s)
INFO  [17:24:33.581] [bbotk] Result of batch 3:
INFO  [17:24:33.584] [bbotk]  num.trees classif.ce warnings errors runtime_learners
INFO  [17:24:33.584] [bbotk]        441  0.1263162        0      0            0.347
INFO  [17:24:33.584] [bbotk]                                 uhash
INFO  [17:24:33.584] [bbotk]  c6cfc9f6-cb7c-4127-a416-c2eacc69bfff
INFO  [17:24:33.592] [bbotk] Finished optimizing after 3 evaluation(s)
INFO  [17:24:33.592] [bbotk] Result:
INFO  [17:24:33.594] [bbotk]  num.trees learner_param_vals  x_domain classif.ce
INFO  [17:24:33.594] [bbotk]      <int>             <list>    <list>      <num>
INFO  [17:24:33.594] [bbotk]        107          <list[2]> <list[1]>   0.123676

### [bt]: Job terminated successfully [batchtools job.id=2906]
### [bt]: Starting job [batchtools job.id=2907]
### [bt]: Generating problem instance for problem '6390d9e81da17366' ...
### [bt]: Applying algorithm 'run_learner' on problem '6390d9e81da17366' for job 2907 (seed = 2908) ...
INFO  [17:24:34.046] [mlr3] Applying learner 'classif.ranger.tuned_calib.perfold_platt' on task 'qsar-biodeg' (iter 7/10)
INFO  [17:24:34.135] [bbotk] Starting to optimize 1 parameter(s) with '<OptimizerBatchRandomSearch>' and '<TerminatorEvals> [n_evals=3, k=0]'
INFO  [17:24:34.144] [bbotk] Evaluating 1 configuration(s)
INFO  [17:24:34.363] [bbotk] Result of batch 1:
INFO  [17:24:34.365] [bbotk]  num.trees classif.ce warnings errors runtime_learners
INFO  [17:24:34.365] [bbotk]        146  0.1434129        0      0            0.166
INFO  [17:24:34.365] [bbotk]                                 uhash
INFO  [17:24:34.365] [bbotk]  b53f2a3a-ad49-417e-b4bb-2ee5a98e10f0
INFO  [17:24:34.367] [bbotk] Evaluating 1 configuration(s)
INFO  [17:24:34.575] [bbotk] Result of batch 2:
INFO  [17:24:34.583] [bbotk]  num.trees classif.ce warnings errors runtime_learners
INFO  [17:24:34.583] [bbotk]        105  0.1381376        0      0            0.131
INFO  [17:24:34.583] [bbotk]                                 uhash
INFO  [17:24:34.583] [bbotk]  cbc97aeb-ffc4-4e72-9615-c7b9284c9308
INFO  [17:24:34.602] [bbotk] Evaluating 1 configuration(s)
INFO  [17:24:34.824] [bbotk] Result of batch 3:
INFO  [17:24:34.825] [bbotk]  num.trees classif.ce warnings errors runtime_learners
INFO  [17:24:34.825] [bbotk]        157  0.1407623        0      0            0.163
INFO  [17:24:34.825] [bbotk]                                 uhash
INFO  [17:24:34.825] [bbotk]  182eeb7c-09e7-4ddd-b9e5-74c6b20344ce
INFO  [17:24:34.856] [bbotk] Finished optimizing after 3 evaluation(s)
INFO  [17:24:34.856] [bbotk] Result:
INFO  [17:24:34.857] [bbotk]  num.trees learner_param_vals  x_domain classif.ce
INFO  [17:24:34.857] [bbotk]      <int>             <list>    <list>      <num>
INFO  [17:24:34.857] [bbotk]        105          <list[2]> <list[1]>  0.1381376
INFO  [17:24:35.007] [bbotk] Starting to optimize 1 parameter(s) with '<OptimizerBatchRandomSearch>' and '<TerminatorEvals> [n_evals=3, k=0]'
INFO  [17:24:35.012] [bbotk] Evaluating 1 configuration(s)
INFO  [17:24:35.384] [bbotk] Result of batch 1:
INFO  [17:24:35.385] [bbotk]  num.trees classif.ce warnings errors runtime_learners
INFO  [17:24:35.385] [bbotk]        427  0.1394396        0      0            0.339
INFO  [17:24:35.385] [bbotk]                                 uhash
INFO  [17:24:35.385] [bbotk]  65c6da47-1657-4cf0-8c47-1f7107ca93ae
INFO  [17:24:35.387] [bbotk] Evaluating 1 configuration(s)
INFO  [17:24:35.759] [bbotk] Result of batch 2:
INFO  [17:24:35.760] [bbotk]  num.trees classif.ce warnings errors runtime_learners
INFO  [17:24:35.760] [bbotk]        399  0.1341954        0      0            0.316
INFO  [17:24:35.760] [bbotk]                                 uhash
INFO  [17:24:35.760] [bbotk]  8096c38e-8b6d-494c-ac67-331e44f45d1d
INFO  [17:24:35.762] [bbotk] Evaluating 1 configuration(s)
INFO  [17:24:36.004] [bbotk] Result of batch 3:
INFO  [17:24:36.005] [bbotk]  num.trees classif.ce warnings errors runtime_learners
INFO  [17:24:36.005] [bbotk]        224  0.1354922        0      0            0.188
INFO  [17:24:36.005] [bbotk]                                 uhash
INFO  [17:24:36.005] [bbotk]  37093938-31d8-4378-a5a6-af9140d31bd7
INFO  [17:24:36.019] [bbotk] Finished optimizing after 3 evaluation(s)
INFO  [17:24:36.019] [bbotk] Result:
INFO  [17:24:36.021] [bbotk]  num.trees learner_param_vals  x_domain classif.ce
INFO  [17:24:36.021] [bbotk]      <int>             <list>    <list>      <num>
INFO  [17:24:36.021] [bbotk]        399          <list[2]> <list[1]>  0.1341954
INFO  [17:24:36.237] [bbotk] Starting to optimize 1 parameter(s) with '<OptimizerBatchRandomSearch>' and '<TerminatorEvals> [n_evals=3, k=0]'
INFO  [17:24:36.248] [bbotk] Evaluating 1 configuration(s)
INFO  [17:24:36.509] [bbotk] Result of batch 1:
INFO  [17:24:36.511] [bbotk]  num.trees classif.ce warnings errors runtime_learners
INFO  [17:24:36.511] [bbotk]        198  0.1421109        0      0            0.183
INFO  [17:24:36.511] [bbotk]                                 uhash
INFO  [17:24:36.511] [bbotk]  e47e1d20-bc2b-418d-95ca-793779c20dcf
INFO  [17:24:36.516] [bbotk] Evaluating 1 configuration(s)
INFO  [17:24:36.874] [bbotk] Result of batch 2:
INFO  [17:24:36.876] [bbotk]  num.trees classif.ce warnings errors runtime_learners
INFO  [17:24:36.876] [bbotk]        349  0.1421109        0      0            0.291
INFO  [17:24:36.876] [bbotk]                                 uhash
INFO  [17:24:36.876] [bbotk]  786037fb-3f89-4b29-9911-adf94a5dac63
INFO  [17:24:36.880] [bbotk] Evaluating 1 configuration(s)
INFO  [17:24:37.230] [bbotk] Result of batch 3:
INFO  [17:24:37.231] [bbotk]  num.trees classif.ce warnings errors runtime_learners
INFO  [17:24:37.231] [bbotk]        436  0.1421161        0      0             0.31
INFO  [17:24:37.231] [bbotk]                                 uhash
INFO  [17:24:37.231] [bbotk]  b6f00806-d954-4d7d-8535-2a978540e999
INFO  [17:24:37.240] [bbotk] Finished optimizing after 3 evaluation(s)
INFO  [17:24:37.241] [bbotk] Result:
INFO  [17:24:37.241] [bbotk]  num.trees learner_param_vals  x_domain classif.ce
INFO  [17:24:37.241] [bbotk]      <int>             <list>    <list>      <num>
INFO  [17:24:37.241] [bbotk]        198          <list[2]> <list[1]>  0.1421109
INFO  [17:24:37.355] [bbotk] Starting to optimize 1 parameter(s) with '<OptimizerBatchRandomSearch>' and '<TerminatorEvals> [n_evals=3, k=0]'
INFO  [17:24:37.361] [bbotk] Evaluating 1 configuration(s)
INFO  [17:24:37.525] [bbotk] Result of batch 1:
INFO  [17:24:37.526] [bbotk]  num.trees classif.ce warnings errors runtime_learners
INFO  [17:24:37.526] [bbotk]        146  0.1381584        0      0             0.12
INFO  [17:24:37.526] [bbotk]                                 uhash
INFO  [17:24:37.526] [bbotk]  96f056bb-a502-4d3e-9c44-2dba3e1d30a2
INFO  [17:24:37.532] [bbotk] Evaluating 1 configuration(s)
INFO  [17:24:37.739] [bbotk] Result of batch 2:
INFO  [17:24:37.740] [bbotk]  num.trees classif.ce warnings errors runtime_learners
INFO  [17:24:37.740] [bbotk]        179  0.1381532        0      0            0.154
INFO  [17:24:37.740] [bbotk]                                 uhash
INFO  [17:24:37.740] [bbotk]  72640745-f480-4d9b-9ec0-0fe68fc03790
INFO  [17:24:37.746] [bbotk] Evaluating 1 configuration(s)
INFO  [17:24:38.122] [bbotk] Result of batch 3:
INFO  [17:24:38.125] [bbotk]  num.trees classif.ce warnings errors runtime_learners
INFO  [17:24:38.125] [bbotk]        379  0.1394811        0      0            0.334
INFO  [17:24:38.125] [bbotk]                                 uhash
INFO  [17:24:38.125] [bbotk]  509ad690-7fba-4174-877e-a54c86f1731d
INFO  [17:24:38.151] [bbotk] Finished optimizing after 3 evaluation(s)
INFO  [17:24:38.152] [bbotk] Result:
INFO  [17:24:38.154] [bbotk]  num.trees learner_param_vals  x_domain classif.ce
INFO  [17:24:38.154] [bbotk]      <int>             <list>    <list>      <num>
INFO  [17:24:38.154] [bbotk]        179          <list[2]> <list[1]>  0.1381532
INFO  [17:24:38.292] [bbotk] Starting to optimize 1 parameter(s) with '<OptimizerBatchRandomSearch>' and '<TerminatorEvals> [n_evals=3, k=0]'
INFO  [17:24:38.298] [bbotk] Evaluating 1 configuration(s)
INFO  [17:24:38.591] [bbotk] Result of batch 1:
INFO  [17:24:38.592] [bbotk]  num.trees classif.ce warnings errors runtime_learners
INFO  [17:24:38.592] [bbotk]        342  0.1407934        0      0            0.247
INFO  [17:24:38.592] [bbotk]                                 uhash
INFO  [17:24:38.592] [bbotk]  55909b9c-d367-4225-b0e1-2a3ff6ade2e5
INFO  [17:24:38.594] [bbotk] Evaluating 1 configuration(s)
INFO  [17:24:38.963] [bbotk] Result of batch 2:
INFO  [17:24:38.964] [bbotk]  num.trees classif.ce warnings errors runtime_learners
INFO  [17:24:38.964] [bbotk]        408  0.1421109        0      0            0.323
INFO  [17:24:38.964] [bbotk]                                 uhash
INFO  [17:24:38.964] [bbotk]  fa5eedfa-5080-4892-aed3-7f7fea0d4c1d
INFO  [17:24:38.966] [bbotk] Evaluating 1 configuration(s)
INFO  [17:24:39.255] [bbotk] Result of batch 3:
INFO  [17:24:39.256] [bbotk]  num.trees classif.ce warnings errors runtime_learners
INFO  [17:24:39.256] [bbotk]        312  0.1394759        0      0            0.243
INFO  [17:24:39.256] [bbotk]                                 uhash
INFO  [17:24:39.256] [bbotk]  3f77af33-e64c-47a5-922d-64f4fa857553
INFO  [17:24:39.265] [bbotk] Finished optimizing after 3 evaluation(s)
INFO  [17:24:39.265] [bbotk] Result:
INFO  [17:24:39.266] [bbotk]  num.trees learner_param_vals  x_domain classif.ce
INFO  [17:24:39.266] [bbotk]      <int>             <list>    <list>      <num>
INFO  [17:24:39.266] [bbotk]        312          <list[2]> <list[1]>  0.1394759

### [bt]: Job terminated successfully [batchtools job.id=2907]
### [bt]: Starting job [batchtools job.id=2908]
### [bt]: Generating problem instance for problem '6390d9e81da17366' ...
### [bt]: Applying algorithm 'run_learner' on problem '6390d9e81da17366' for job 2908 (seed = 2909) ...
INFO  [17:24:39.811] [mlr3] Applying learner 'classif.ranger.tuned_calib.perfold_platt' on task 'qsar-biodeg' (iter 8/10)
INFO  [17:24:39.928] [bbotk] Starting to optimize 1 parameter(s) with '<OptimizerBatchRandomSearch>' and '<TerminatorEvals> [n_evals=3, k=0]'
INFO  [17:24:39.942] [bbotk] Evaluating 1 configuration(s)
INFO  [17:24:40.200] [bbotk] Result of batch 1:
INFO  [17:24:40.200] [bbotk]  num.trees classif.ce warnings errors runtime_learners
INFO  [17:24:40.200] [bbotk]        196  0.1263577        0      0            0.193
INFO  [17:24:40.200] [bbotk]                                 uhash
INFO  [17:24:40.200] [bbotk]  65f0689b-6abd-4e18-add1-e1d285bfd8a4
INFO  [17:24:40.206] [bbotk] Evaluating 1 configuration(s)
INFO  [17:24:40.511] [bbotk] Result of batch 2:
INFO  [17:24:40.512] [bbotk]  num.trees classif.ce warnings errors runtime_learners
INFO  [17:24:40.512] [bbotk]        310  0.1250298        0      0            0.242
INFO  [17:24:40.512] [bbotk]                                 uhash
INFO  [17:24:40.512] [bbotk]  af7aa54a-4c13-46d2-9f8c-7e72bf4d5eb4
INFO  [17:24:40.514] [bbotk] Evaluating 1 configuration(s)
INFO  [17:24:40.850] [bbotk] Result of batch 3:
INFO  [17:24:40.851] [bbotk]  num.trees classif.ce warnings errors runtime_learners
INFO  [17:24:40.851] [bbotk]        390  0.1329246        0      0            0.292
INFO  [17:24:40.851] [bbotk]                                 uhash
INFO  [17:24:40.851] [bbotk]  85c4e8ad-9157-4591-bd4b-33bcae9549ec
INFO  [17:24:40.858] [bbotk] Finished optimizing after 3 evaluation(s)
INFO  [17:24:40.858] [bbotk] Result:
INFO  [17:24:40.859] [bbotk]  num.trees learner_param_vals  x_domain classif.ce
INFO  [17:24:40.859] [bbotk]      <int>             <list>    <list>      <num>
INFO  [17:24:40.859] [bbotk]        310          <list[2]> <list[1]>  0.1250298
INFO  [17:24:41.019] [bbotk] Starting to optimize 1 parameter(s) with '<OptimizerBatchRandomSearch>' and '<TerminatorEvals> [n_evals=3, k=0]'
INFO  [17:24:41.024] [bbotk] Evaluating 1 configuration(s)
INFO  [17:24:41.168] [bbotk] Result of batch 1:
INFO  [17:24:41.169] [bbotk]  num.trees classif.ce warnings errors runtime_learners
INFO  [17:24:41.169] [bbotk]        110   0.130274        0      0            0.095
INFO  [17:24:41.169] [bbotk]                                 uhash
INFO  [17:24:41.169] [bbotk]  abc9fcc6-7d81-4fa0-bb5f-9894515f6699
INFO  [17:24:41.172] [bbotk] Evaluating 1 configuration(s)
INFO  [17:24:41.437] [bbotk] Result of batch 2:
INFO  [17:24:41.440] [bbotk]  num.trees classif.ce warnings errors runtime_learners
INFO  [17:24:41.440] [bbotk]        188  0.1355285        0      0            0.192
INFO  [17:24:41.440] [bbotk]                                 uhash
INFO  [17:24:41.440] [bbotk]  925593b3-4265-44c8-b956-1e3bcf31064c
INFO  [17:24:41.447] [bbotk] Evaluating 1 configuration(s)
INFO  [17:24:41.866] [bbotk] Result of batch 3:
INFO  [17:24:41.866] [bbotk]  num.trees classif.ce warnings errors runtime_learners
INFO  [17:24:41.866] [bbotk]        469  0.1315915        0      0            0.374
INFO  [17:24:41.866] [bbotk]                                 uhash
INFO  [17:24:41.866] [bbotk]  93b55874-9b6d-4baf-9bae-19fe8fd828d7
INFO  [17:24:41.878] [bbotk] Finished optimizing after 3 evaluation(s)
INFO  [17:24:41.879] [bbotk] Result:
INFO  [17:24:41.880] [bbotk]  num.trees learner_param_vals  x_domain classif.ce
INFO  [17:24:41.880] [bbotk]      <int>             <list>    <list>      <num>
INFO  [17:24:41.880] [bbotk]        110          <list[2]> <list[1]>   0.130274
INFO  [17:24:41.983] [bbotk] Starting to optimize 1 parameter(s) with '<OptimizerBatchRandomSearch>' and '<TerminatorEvals> [n_evals=3, k=0]'
INFO  [17:24:41.989] [bbotk] Evaluating 1 configuration(s)
INFO  [17:24:42.336] [bbotk] Result of batch 1:
INFO  [17:24:42.337] [bbotk]  num.trees classif.ce warnings errors runtime_learners
INFO  [17:24:42.337] [bbotk]        422  0.1302169        0      0              0.3
INFO  [17:24:42.337] [bbotk]                                 uhash
INFO  [17:24:42.337] [bbotk]  a697afd0-3a4c-4e34-b34e-99b362dfc788
INFO  [17:24:42.339] [bbotk] Evaluating 1 configuration(s)
INFO  [17:24:42.672] [bbotk] Result of batch 2:
INFO  [17:24:42.674] [bbotk]  num.trees classif.ce warnings errors runtime_learners
INFO  [17:24:42.674] [bbotk]        424  0.1275974        0      0            0.299
INFO  [17:24:42.674] [bbotk]                                 uhash
INFO  [17:24:42.674] [bbotk]  a6135063-8de7-41ad-91d3-fff5b74b183d
INFO  [17:24:42.681] [bbotk] Evaluating 1 configuration(s)
INFO  [17:24:42.911] [bbotk] Result of batch 3:
INFO  [17:24:42.912] [bbotk]  num.trees classif.ce warnings errors runtime_learners
INFO  [17:24:42.912] [bbotk]        216  0.1236604        0      0            0.182
INFO  [17:24:42.912] [bbotk]                                 uhash
INFO  [17:24:42.912] [bbotk]  7d85caf7-1fd6-41a4-b700-86af056749bd
INFO  [17:24:42.918] [bbotk] Finished optimizing after 3 evaluation(s)
INFO  [17:24:42.918] [bbotk] Result:
INFO  [17:24:42.919] [bbotk]  num.trees learner_param_vals  x_domain classif.ce
INFO  [17:24:42.919] [bbotk]      <int>             <list>    <list>      <num>
INFO  [17:24:42.919] [bbotk]        216          <list[2]> <list[1]>  0.1236604
INFO  [17:24:43.087] [bbotk] Starting to optimize 1 parameter(s) with '<OptimizerBatchRandomSearch>' and '<TerminatorEvals> [n_evals=3, k=0]'
INFO  [17:24:43.098] [bbotk] Evaluating 1 configuration(s)
INFO  [17:24:43.411] [bbotk] Result of batch 1:
INFO  [17:24:43.412] [bbotk]  num.trees classif.ce warnings errors runtime_learners
INFO  [17:24:43.412] [bbotk]        305  0.1394655        0      0            0.253
INFO  [17:24:43.412] [bbotk]                                 uhash
INFO  [17:24:43.412] [bbotk]  db3ee641-6876-4ac8-9940-ff7e6cb31816
INFO  [17:24:43.414] [bbotk] Evaluating 1 configuration(s)
INFO  [17:24:43.573] [bbotk] Result of batch 2:
INFO  [17:24:43.574] [bbotk]  num.trees classif.ce warnings errors runtime_learners
INFO  [17:24:43.574] [bbotk]        106  0.1394655        0      0              0.1
INFO  [17:24:43.574] [bbotk]                                 uhash
INFO  [17:24:43.574] [bbotk]  905f47e3-8088-402c-8059-f7900b15e48e
INFO  [17:24:43.576] [bbotk] Evaluating 1 configuration(s)
INFO  [17:24:43.990] [bbotk] Result of batch 3:
INFO  [17:24:43.992] [bbotk]  num.trees classif.ce warnings errors runtime_learners
INFO  [17:24:43.992] [bbotk]        473  0.1355233        0      0            0.325
INFO  [17:24:43.992] [bbotk]                                 uhash
INFO  [17:24:43.992] [bbotk]  ef1f8c81-22ac-4c54-a8e7-9ca94cf0b144
INFO  [17:24:44.006] [bbotk] Finished optimizing after 3 evaluation(s)
INFO  [17:24:44.007] [bbotk] Result:
INFO  [17:24:44.008] [bbotk]  num.trees learner_param_vals  x_domain classif.ce
INFO  [17:24:44.008] [bbotk]      <int>             <list>    <list>      <num>
INFO  [17:24:44.008] [bbotk]        473          <list[2]> <list[1]>  0.1355233
INFO  [17:24:44.243] [bbotk] Starting to optimize 1 parameter(s) with '<OptimizerBatchRandomSearch>' and '<TerminatorEvals> [n_evals=3, k=0]'
INFO  [17:24:44.250] [bbotk] Evaluating 1 configuration(s)
INFO  [17:24:44.455] [bbotk] Result of batch 1:
INFO  [17:24:44.456] [bbotk]  num.trees classif.ce warnings errors runtime_learners
INFO  [17:24:44.456] [bbotk]        175  0.1355285        0      0            0.157
INFO  [17:24:44.456] [bbotk]                                 uhash
INFO  [17:24:44.456] [bbotk]  861cb034-0f3f-47d1-b6a3-279c1369b385
INFO  [17:24:44.461] [bbotk] Evaluating 1 configuration(s)
INFO  [17:24:44.722] [bbotk] Result of batch 2:
INFO  [17:24:44.723] [bbotk]  num.trees classif.ce warnings errors runtime_learners
INFO  [17:24:44.723] [bbotk]        178  0.1394966        0      0             0.19
INFO  [17:24:44.723] [bbotk]                                 uhash
INFO  [17:24:44.723] [bbotk]  618d4c28-eac7-4a6c-882c-15b2a4759378
INFO  [17:24:44.727] [bbotk] Evaluating 1 configuration(s)
INFO  [17:24:45.056] [bbotk] Result of batch 3:
INFO  [17:24:45.058] [bbotk]  num.trees classif.ce warnings errors runtime_learners
INFO  [17:24:45.058] [bbotk]        335  0.1394811        0      0            0.255
INFO  [17:24:45.058] [bbotk]                                 uhash
INFO  [17:24:45.058] [bbotk]  7f865986-9dad-4b14-a04f-20e9e44faeed
INFO  [17:24:45.070] [bbotk] Finished optimizing after 3 evaluation(s)
INFO  [17:24:45.070] [bbotk] Result:
INFO  [17:24:45.072] [bbotk]  num.trees learner_param_vals  x_domain classif.ce
INFO  [17:24:45.072] [bbotk]      <int>             <list>    <list>      <num>
INFO  [17:24:45.072] [bbotk]        175          <list[2]> <list[1]>  0.1355285

### [bt]: Job terminated successfully [batchtools job.id=2908]
### [bt]: Starting job [batchtools job.id=2909]
### [bt]: Generating problem instance for problem '6390d9e81da17366' ...
### [bt]: Applying algorithm 'run_learner' on problem '6390d9e81da17366' for job 2909 (seed = 2910) ...
INFO  [17:24:45.575] [mlr3] Applying learner 'classif.ranger.tuned_calib.perfold_platt' on task 'qsar-biodeg' (iter 9/10)
INFO  [17:24:45.645] [bbotk] Starting to optimize 1 parameter(s) with '<OptimizerBatchRandomSearch>' and '<TerminatorEvals> [n_evals=3, k=0]'
INFO  [17:24:45.663] [bbotk] Evaluating 1 configuration(s)
INFO  [17:24:46.063] [bbotk] Result of batch 1:
INFO  [17:24:46.066] [bbotk]  num.trees classif.ce warnings errors runtime_learners
INFO  [17:24:46.066] [bbotk]        394  0.1421317        0      0             0.33
INFO  [17:24:46.066] [bbotk]                                 uhash
INFO  [17:24:46.066] [bbotk]  18da9a5d-9f17-4865-8a48-23761a5a9dd4
INFO  [17:24:46.070] [bbotk] Evaluating 1 configuration(s)
INFO  [17:24:46.355] [bbotk] Result of batch 2:
INFO  [17:24:46.364] [bbotk]  num.trees classif.ce warnings errors runtime_learners
INFO  [17:24:46.364] [bbotk]        231  0.1355389        0      0            0.207
INFO  [17:24:46.364] [bbotk]                                 uhash
INFO  [17:24:46.364] [bbotk]  947e8c6c-4943-41e1-986d-76da75c38f51
INFO  [17:24:46.370] [bbotk] Evaluating 1 configuration(s)
INFO  [17:24:46.654] [bbotk] Result of batch 3:
INFO  [17:24:46.656] [bbotk]  num.trees classif.ce warnings errors runtime_learners
INFO  [17:24:46.656] [bbotk]        284  0.1381791        0      0            0.229
INFO  [17:24:46.656] [bbotk]                                 uhash
INFO  [17:24:46.656] [bbotk]  e2e1ed43-f56f-432d-8497-c28559f41fc4
INFO  [17:24:46.672] [bbotk] Finished optimizing after 3 evaluation(s)
INFO  [17:24:46.672] [bbotk] Result:
INFO  [17:24:46.673] [bbotk]  num.trees learner_param_vals  x_domain classif.ce
INFO  [17:24:46.673] [bbotk]      <int>             <list>    <list>      <num>
INFO  [17:24:46.673] [bbotk]        231          <list[2]> <list[1]>  0.1355389
INFO  [17:24:46.802] [bbotk] Starting to optimize 1 parameter(s) with '<OptimizerBatchRandomSearch>' and '<TerminatorEvals> [n_evals=3, k=0]'
INFO  [17:24:46.813] [bbotk] Evaluating 1 configuration(s)
INFO  [17:24:47.085] [bbotk] Result of batch 1:
INFO  [17:24:47.087] [bbotk]  num.trees classif.ce warnings errors runtime_learners
INFO  [17:24:47.087] [bbotk]        275  0.1223637        0      0            0.221
INFO  [17:24:47.087] [bbotk]                                 uhash
INFO  [17:24:47.087] [bbotk]  03b7cfa6-7665-4070-b980-b3b564364142
INFO  [17:24:47.098] [bbotk] Evaluating 1 configuration(s)
INFO  [17:24:47.316] [bbotk] Result of batch 2:
INFO  [17:24:47.318] [bbotk]  num.trees classif.ce warnings errors runtime_learners
INFO  [17:24:47.318] [bbotk]        128  0.1289461        0      0            0.136
INFO  [17:24:47.318] [bbotk]                                 uhash
INFO  [17:24:47.318] [bbotk]  9c92a7a0-8e03-4e8a-8ab4-c5e9102f4650
INFO  [17:24:47.327] [bbotk] Evaluating 1 configuration(s)
INFO  [17:24:47.654] [bbotk] Result of batch 3:
INFO  [17:24:47.656] [bbotk]  num.trees classif.ce warnings errors runtime_learners
INFO  [17:24:47.656] [bbotk]        332   0.123676        0      0            0.266
INFO  [17:24:47.656] [bbotk]                                 uhash
INFO  [17:24:47.656] [bbotk]  0525c6d0-5520-4ce5-867c-052b32a2c45e
INFO  [17:24:47.674] [bbotk] Finished optimizing after 3 evaluation(s)
INFO  [17:24:47.674] [bbotk] Result:
INFO  [17:24:47.675] [bbotk]  num.trees learner_param_vals  x_domain classif.ce
INFO  [17:24:47.675] [bbotk]      <int>             <list>    <list>      <num>
INFO  [17:24:47.675] [bbotk]        275          <list[2]> <list[1]>  0.1223637
INFO  [17:24:47.815] [bbotk] Starting to optimize 1 parameter(s) with '<OptimizerBatchRandomSearch>' and '<TerminatorEvals> [n_evals=3, k=0]'
INFO  [17:24:47.819] [bbotk] Evaluating 1 configuration(s)
INFO  [17:24:48.219] [bbotk] Result of batch 1:
INFO  [17:24:48.220] [bbotk]  num.trees classif.ce warnings errors runtime_learners
INFO  [17:24:48.220] [bbotk]        465  0.1315863        0      0            0.365
INFO  [17:24:48.220] [bbotk]                                 uhash
INFO  [17:24:48.220] [bbotk]  efecdc79-728e-40a2-8069-0caf323109a4
INFO  [17:24:48.223] [bbotk] Evaluating 1 configuration(s)
INFO  [17:24:48.494] [bbotk] Result of batch 2:
INFO  [17:24:48.494] [bbotk]  num.trees classif.ce warnings errors runtime_learners
INFO  [17:24:48.494] [bbotk]        322  0.1407934        0      0            0.225
INFO  [17:24:48.494] [bbotk]                                 uhash
INFO  [17:24:48.494] [bbotk]  8c1f1103-8147-430b-b141-265e78fdddc0
INFO  [17:24:48.497] [bbotk] Evaluating 1 configuration(s)
INFO  [17:24:48.733] [bbotk] Result of batch 3:
INFO  [17:24:48.737] [bbotk]  num.trees classif.ce warnings errors runtime_learners
INFO  [17:24:48.737] [bbotk]        191  0.1289565        0      0            0.175
INFO  [17:24:48.737] [bbotk]                                 uhash
INFO  [17:24:48.737] [bbotk]  cebd66c0-988d-472e-a61e-02f48484dc79
INFO  [17:24:48.787] [bbotk] Finished optimizing after 3 evaluation(s)
INFO  [17:24:48.787] [bbotk] Result:
INFO  [17:24:48.788] [bbotk]  num.trees learner_param_vals  x_domain classif.ce
INFO  [17:24:48.788] [bbotk]      <int>             <list>    <list>      <num>
INFO  [17:24:48.788] [bbotk]        191          <list[2]> <list[1]>  0.1289565
INFO  [17:24:48.949] [bbotk] Starting to optimize 1 parameter(s) with '<OptimizerBatchRandomSearch>' and '<TerminatorEvals> [n_evals=3, k=0]'
INFO  [17:24:48.957] [bbotk] Evaluating 1 configuration(s)
INFO  [17:24:49.160] [bbotk] Result of batch 1:
INFO  [17:24:49.161] [bbotk]  num.trees classif.ce warnings errors runtime_learners
INFO  [17:24:49.161] [bbotk]        164  0.1368357        0      0            0.155
INFO  [17:24:49.161] [bbotk]                                 uhash
INFO  [17:24:49.161] [bbotk]  a0f5da3f-16ca-4379-bc1f-7de20d22632e
INFO  [17:24:49.163] [bbotk] Evaluating 1 configuration(s)
INFO  [17:24:49.426] [bbotk] Result of batch 2:
INFO  [17:24:49.428] [bbotk]  num.trees classif.ce warnings errors runtime_learners
INFO  [17:24:49.428] [bbotk]        263  0.1407675        0      0            0.219
INFO  [17:24:49.428] [bbotk]                                 uhash
INFO  [17:24:49.428] [bbotk]  3bfff03c-cd3d-4719-8542-463abb85548b
INFO  [17:24:49.431] [bbotk] Evaluating 1 configuration(s)
INFO  [17:24:49.753] [bbotk] Result of batch 3:
INFO  [17:24:49.754] [bbotk]  num.trees classif.ce warnings errors runtime_learners
INFO  [17:24:49.754] [bbotk]        395  0.1394551        0      0             0.29
INFO  [17:24:49.754] [bbotk]                                 uhash
INFO  [17:24:49.754] [bbotk]  e5f7a0a2-2860-4e8d-a010-2e2d8639a77e
INFO  [17:24:49.766] [bbotk] Finished optimizing after 3 evaluation(s)
INFO  [17:24:49.766] [bbotk] Result:
INFO  [17:24:49.767] [bbotk]  num.trees learner_param_vals  x_domain classif.ce
INFO  [17:24:49.767] [bbotk]      <int>             <list>    <list>      <num>
INFO  [17:24:49.767] [bbotk]        164          <list[2]> <list[1]>  0.1368357
INFO  [17:24:49.902] [bbotk] Starting to optimize 1 parameter(s) with '<OptimizerBatchRandomSearch>' and '<TerminatorEvals> [n_evals=3, k=0]'
INFO  [17:24:49.911] [bbotk] Evaluating 1 configuration(s)
INFO  [17:24:50.339] [bbotk] Result of batch 1:
INFO  [17:24:50.342] [bbotk]  num.trees classif.ce warnings errors runtime_learners
INFO  [17:24:50.342] [bbotk]        471  0.1447667        0      0            0.392
INFO  [17:24:50.342] [bbotk]                                 uhash
INFO  [17:24:50.342] [bbotk]  1b3ec009-2b3a-4094-90f1-bf4ac27174ef
INFO  [17:24:50.346] [bbotk] Evaluating 1 configuration(s)
INFO  [17:24:50.739] [bbotk] Result of batch 2:
INFO  [17:24:50.740] [bbotk]  num.trees classif.ce warnings errors runtime_learners
INFO  [17:24:50.740] [bbotk]        398  0.1381947        0      0            0.347
INFO  [17:24:50.740] [bbotk]                                 uhash
INFO  [17:24:50.740] [bbotk]  50309da0-c1e5-4203-b637-47c2a8482e29
INFO  [17:24:50.742] [bbotk] Evaluating 1 configuration(s)
INFO  [17:24:51.152] [bbotk] Result of batch 3:
INFO  [17:24:51.153] [bbotk]  num.trees classif.ce warnings errors runtime_learners
INFO  [17:24:51.153] [bbotk]        444  0.1408297        0      0            0.362
INFO  [17:24:51.153] [bbotk]                                 uhash
INFO  [17:24:51.153] [bbotk]  aa355f51-3c29-46b7-9304-abdd01efc8fa
INFO  [17:24:51.159] [bbotk] Finished optimizing after 3 evaluation(s)
INFO  [17:24:51.159] [bbotk] Result:
INFO  [17:24:51.160] [bbotk]  num.trees learner_param_vals  x_domain classif.ce
INFO  [17:24:51.160] [bbotk]      <int>             <list>    <list>      <num>
INFO  [17:24:51.160] [bbotk]        398          <list[2]> <list[1]>  0.1381947

### [bt]: Job terminated successfully [batchtools job.id=2909]
### [bt]: Starting job [batchtools job.id=2910]
### [bt]: Generating problem instance for problem '6390d9e81da17366' ...
### [bt]: Applying algorithm 'run_learner' on problem '6390d9e81da17366' for job 2910 (seed = 2911) ...
INFO  [17:24:51.840] [mlr3] Applying learner 'classif.ranger.tuned_calib.perfold_platt' on task 'qsar-biodeg' (iter 10/10)
INFO  [17:24:51.881] [bbotk] Starting to optimize 1 parameter(s) with '<OptimizerBatchRandomSearch>' and '<TerminatorEvals> [n_evals=3, k=0]'
INFO  [17:24:51.891] [bbotk] Evaluating 1 configuration(s)
INFO  [17:24:52.347] [bbotk] Result of batch 1:
INFO  [17:24:52.349] [bbotk]  num.trees classif.ce warnings errors runtime_learners
INFO  [17:24:52.349] [bbotk]        483  0.1407623        0      0            0.409
INFO  [17:24:52.349] [bbotk]                                 uhash
INFO  [17:24:52.349] [bbotk]  703c4909-4ce4-4169-bb91-530e03efb8b2
INFO  [17:24:52.353] [bbotk] Evaluating 1 configuration(s)
INFO  [17:24:52.641] [bbotk] Result of batch 2:
INFO  [17:24:52.642] [bbotk]  num.trees classif.ce warnings errors runtime_learners
INFO  [17:24:52.642] [bbotk]        288  0.1368201        0      0             0.24
INFO  [17:24:52.642] [bbotk]                                 uhash
INFO  [17:24:52.642] [bbotk]  adb9c759-4a79-4f92-bf7c-d391fbbec2a5
INFO  [17:24:52.644] [bbotk] Evaluating 1 configuration(s)
INFO  [17:24:52.968] [bbotk] Result of batch 3:
INFO  [17:24:52.969] [bbotk]  num.trees classif.ce warnings errors runtime_learners
INFO  [17:24:52.969] [bbotk]        301  0.1368149        0      0            0.273
INFO  [17:24:52.969] [bbotk]                                 uhash
INFO  [17:24:52.969] [bbotk]  b4133525-8e60-4e1c-b73a-11487d487c8e
INFO  [17:24:52.976] [bbotk] Finished optimizing after 3 evaluation(s)
INFO  [17:24:52.977] [bbotk] Result:
INFO  [17:24:52.977] [bbotk]  num.trees learner_param_vals  x_domain classif.ce
INFO  [17:24:52.977] [bbotk]      <int>             <list>    <list>      <num>
INFO  [17:24:52.977] [bbotk]        301          <list[2]> <list[1]>  0.1368149
INFO  [17:24:53.154] [bbotk] Starting to optimize 1 parameter(s) with '<OptimizerBatchRandomSearch>' and '<TerminatorEvals> [n_evals=3, k=0]'
INFO  [17:24:53.160] [bbotk] Evaluating 1 configuration(s)
INFO  [17:24:53.481] [bbotk] Result of batch 1:
INFO  [17:24:53.482] [bbotk]  num.trees classif.ce warnings errors runtime_learners
INFO  [17:24:53.482] [bbotk]        316  0.1381324        0      0            0.274
INFO  [17:24:53.482] [bbotk]                                 uhash
INFO  [17:24:53.482] [bbotk]  11e04911-7a76-408b-b1f8-dcecf09a3a0d
INFO  [17:24:53.486] [bbotk] Evaluating 1 configuration(s)
INFO  [17:24:53.656] [bbotk] Result of batch 2:
INFO  [17:24:53.657] [bbotk]  num.trees classif.ce warnings errors runtime_learners
INFO  [17:24:53.657] [bbotk]        120   0.135513        0      0            0.112
INFO  [17:24:53.657] [bbotk]                                 uhash
INFO  [17:24:53.657] [bbotk]  84fa0665-ef03-41f8-b4f5-0cb95cff6528
INFO  [17:24:53.662] [bbotk] Evaluating 1 configuration(s)
INFO  [17:24:53.925] [bbotk] Result of batch 3:
INFO  [17:24:53.932] [bbotk]  num.trees classif.ce warnings errors runtime_learners
INFO  [17:24:53.932] [bbotk]        229  0.1315552        0      0            0.208
INFO  [17:24:53.932] [bbotk]                                 uhash
INFO  [17:24:53.932] [bbotk]  7af42e36-2761-45a3-9270-2170d5bea497
INFO  [17:24:53.957] [bbotk] Finished optimizing after 3 evaluation(s)
INFO  [17:24:53.957] [bbotk] Result:
INFO  [17:24:53.958] [bbotk]  num.trees learner_param_vals  x_domain classif.ce
INFO  [17:24:53.958] [bbotk]      <int>             <list>    <list>      <num>
INFO  [17:24:53.958] [bbotk]        229          <list[2]> <list[1]>  0.1315552
INFO  [17:24:54.094] [bbotk] Starting to optimize 1 parameter(s) with '<OptimizerBatchRandomSearch>' and '<TerminatorEvals> [n_evals=3, k=0]'
INFO  [17:24:54.099] [bbotk] Evaluating 1 configuration(s)
INFO  [17:24:54.457] [bbotk] Result of batch 1:
INFO  [17:24:54.459] [bbotk]  num.trees classif.ce warnings errors runtime_learners
INFO  [17:24:54.459] [bbotk]        392   0.142085        0      0            0.314
INFO  [17:24:54.459] [bbotk]                                 uhash
INFO  [17:24:54.459] [bbotk]  79cd7d9f-992b-4fe5-83be-cd88104f3cbb
INFO  [17:24:54.464] [bbotk] Evaluating 1 configuration(s)
INFO  [17:24:54.731] [bbotk] Result of batch 2:
INFO  [17:24:54.732] [bbotk]  num.trees classif.ce warnings errors runtime_learners
INFO  [17:24:54.732] [bbotk]        248  0.1434077        0      0            0.214
INFO  [17:24:54.732] [bbotk]                                 uhash
INFO  [17:24:54.732] [bbotk]  09fafd94-9209-481f-94cc-e053b14a5c45
INFO  [17:24:54.734] [bbotk] Evaluating 1 configuration(s)
INFO  [17:24:54.873] [bbotk] Result of batch 3:
INFO  [17:24:54.874] [bbotk]  num.trees classif.ce warnings errors runtime_learners
INFO  [17:24:54.874] [bbotk]        105   0.140783        0      0            0.097
INFO  [17:24:54.874] [bbotk]                                 uhash
INFO  [17:24:54.874] [bbotk]  528b62fb-dbc0-4b08-a850-f48c86b80cc7
INFO  [17:24:54.886] [bbotk] Finished optimizing after 3 evaluation(s)
INFO  [17:24:54.887] [bbotk] Result:
INFO  [17:24:54.887] [bbotk]  num.trees learner_param_vals  x_domain classif.ce
INFO  [17:24:54.887] [bbotk]      <int>             <list>    <list>      <num>
INFO  [17:24:54.887] [bbotk]        105          <list[2]> <list[1]>   0.140783
INFO  [17:24:54.982] [bbotk] Starting to optimize 1 parameter(s) with '<OptimizerBatchRandomSearch>' and '<TerminatorEvals> [n_evals=3, k=0]'
INFO  [17:24:54.990] [bbotk] Evaluating 1 configuration(s)
INFO  [17:24:55.205] [bbotk] Result of batch 1:
INFO  [17:24:55.206] [bbotk]  num.trees classif.ce warnings errors runtime_learners
INFO  [17:24:55.206] [bbotk]        207  0.1421109        0      0            0.173
INFO  [17:24:55.206] [bbotk]                                 uhash
INFO  [17:24:55.206] [bbotk]  9aff99cc-cb89-4576-bfa1-8e4a205258c9
INFO  [17:24:55.209] [bbotk] Evaluating 1 configuration(s)
INFO  [17:24:55.497] [bbotk] Result of batch 2:
INFO  [17:24:55.498] [bbotk]  num.trees classif.ce warnings errors runtime_learners
INFO  [17:24:55.498] [bbotk]        306  0.1460479        0      0            0.243
INFO  [17:24:55.498] [bbotk]                                 uhash
INFO  [17:24:55.498] [bbotk]  fad6987c-3f89-4b82-8366-bde77a0dafab
INFO  [17:24:55.500] [bbotk] Evaluating 1 configuration(s)
INFO  [17:24:55.653] [bbotk] Result of batch 3:
INFO  [17:24:55.654] [bbotk]  num.trees classif.ce warnings errors runtime_learners
INFO  [17:24:55.654] [bbotk]        120  0.1447201        0      0            0.114
INFO  [17:24:55.654] [bbotk]                                 uhash
INFO  [17:24:55.654] [bbotk]  9b5e71d3-3d73-493b-841d-fcbbd27c6dec
INFO  [17:24:55.660] [bbotk] Finished optimizing after 3 evaluation(s)
INFO  [17:24:55.660] [bbotk] Result:
INFO  [17:24:55.661] [bbotk]  num.trees learner_param_vals  x_domain classif.ce
INFO  [17:24:55.661] [bbotk]      <int>             <list>    <list>      <num>
INFO  [17:24:55.661] [bbotk]        207          <list[2]> <list[1]>  0.1421109
INFO  [17:24:55.793] [bbotk] Starting to optimize 1 parameter(s) with '<OptimizerBatchRandomSearch>' and '<TerminatorEvals> [n_evals=3, k=0]'
INFO  [17:24:55.803] [bbotk] Evaluating 1 configuration(s)
INFO  [17:24:56.260] [bbotk] Result of batch 1:
INFO  [17:24:56.260] [bbotk]  num.trees classif.ce warnings errors runtime_learners
INFO  [17:24:56.260] [bbotk]        456  0.1328987        0      0            0.418
INFO  [17:24:56.260] [bbotk]                                 uhash
INFO  [17:24:56.260] [bbotk]  0c34b436-7eab-419d-83fa-e7ad592e375e
INFO  [17:24:56.263] [bbotk] Evaluating 1 configuration(s)
INFO  [17:24:56.699] [bbotk] Result of batch 2:
INFO  [17:24:56.701] [bbotk]  num.trees classif.ce warnings errors runtime_learners
INFO  [17:24:56.701] [bbotk]        500  0.1289565        0      0            0.394
INFO  [17:24:56.701] [bbotk]                                 uhash
INFO  [17:24:56.701] [bbotk]  1118008a-3060-4014-b4ae-7efd515bfd65
INFO  [17:24:56.712] [bbotk] Evaluating 1 configuration(s)
INFO  [17:24:56.873] [bbotk] Result of batch 3:
INFO  [17:24:56.874] [bbotk]  num.trees classif.ce warnings errors runtime_learners
INFO  [17:24:56.874] [bbotk]        118  0.1329142        0      0            0.112
INFO  [17:24:56.874] [bbotk]                                 uhash
INFO  [17:24:56.874] [bbotk]  c2cd1b64-dc9b-49b0-985f-b44e4cd118f4
INFO  [17:24:56.887] [bbotk] Finished optimizing after 3 evaluation(s)
INFO  [17:24:56.887] [bbotk] Result:
INFO  [17:24:56.888] [bbotk]  num.trees learner_param_vals  x_domain classif.ce
INFO  [17:24:56.888] [bbotk]      <int>             <list>    <list>      <num>
INFO  [17:24:56.888] [bbotk]        500          <list[2]> <list[1]>  0.1289565

### [bt]: Job terminated successfully [batchtools job.id=2910]
### [bt]: Calculation finished!
