### [bt]: This is batchtools v0.9.17
### [bt]: Starting calculation of 5 jobs
### [bt]: Setting working directory to '/Users/User/Documents/Studium/Semester8/Hiwi/mlr3calibration/vignettes'
### [bt]: Memory measurement disabled
### [bt]: Starting job [batchtools job.id=1526]
### [bt]: Generating problem instance for problem '78e20b4b43a56ff6' ...
### [bt]: Applying algorithm 'run_learner' on problem '78e20b4b43a56ff6' for job 1526 (seed = 1527) ...
INFO  [16:57:30.311] [mlr3] Applying learner 'classif.xgboost.tuned_calib.tunefirst.oof_isotonic' on task 'pc3' (iter 6/10)
INFO  [16:57:30.368] [bbotk] Starting to optimize 3 parameter(s) with '<OptimizerBatchRandomSearch>' and '<TerminatorEvals> [n_evals=10, k=0]'
INFO  [16:57:30.399] [bbotk] Evaluating 1 configuration(s)
INFO  [16:57:31.086] [bbotk] Result of batch 1:
INFO  [16:57:31.087] [bbotk]  nrounds       eta max_depth classif.ce warnings errors runtime_learners
INFO  [16:57:31.087] [bbotk]      140 0.1359083         4  0.1137171        0      0            0.649
INFO  [16:57:31.087] [bbotk]                                 uhash
INFO  [16:57:31.087] [bbotk]  5ba80219-1ae4-4c31-93cd-f81b3441fce0
INFO  [16:57:31.091] [bbotk] Evaluating 1 configuration(s)
INFO  [16:57:31.591] [bbotk] Result of batch 2:
INFO  [16:57:31.592] [bbotk]  nrounds        eta max_depth classif.ce warnings errors runtime_learners
INFO  [16:57:31.592] [bbotk]      200 0.07152495         2  0.1058991        0      0            0.456
INFO  [16:57:31.592] [bbotk]                                 uhash
INFO  [16:57:31.592] [bbotk]  3b473dc4-5339-4bd4-ae74-75e8ae477295
INFO  [16:57:31.600] [bbotk] Evaluating 1 configuration(s)
INFO  [16:57:33.575] [bbotk] Result of batch 3:
INFO  [16:57:33.577] [bbotk]  nrounds       eta max_depth classif.ce warnings errors runtime_learners
INFO  [16:57:33.577] [bbotk]      262 0.1250052        10  0.1051883        0      0            1.898
INFO  [16:57:33.577] [bbotk]                                 uhash
INFO  [16:57:33.577] [bbotk]  f31cc448-a225-450d-9d45-8b251a8044ac
INFO  [16:57:33.582] [bbotk] Evaluating 1 configuration(s)
INFO  [16:57:34.683] [bbotk] Result of batch 4:
INFO  [16:57:34.684] [bbotk]  nrounds       eta max_depth classif.ce warnings errors runtime_learners
INFO  [16:57:34.684] [bbotk]      159 0.2418362        10  0.1094527        0      0             1.06
INFO  [16:57:34.684] [bbotk]                                 uhash
INFO  [16:57:34.684] [bbotk]  eef82409-f34c-452f-afe5-f7e6f410616d
INFO  [16:57:34.692] [bbotk] Evaluating 1 configuration(s)
INFO  [16:57:35.927] [bbotk] Result of batch 5:
INFO  [16:57:35.928] [bbotk]  nrounds      eta max_depth classif.ce warnings errors runtime_learners
INFO  [16:57:35.928] [bbotk]      147 0.128177         6  0.1066098        0      0            0.926
INFO  [16:57:35.928] [bbotk]                                 uhash
INFO  [16:57:35.928] [bbotk]  9a7a929b-abe0-4387-8544-6cd56947d132
INFO  [16:57:35.937] [bbotk] Evaluating 1 configuration(s)
INFO  [16:57:36.395] [bbotk] Result of batch 6:
INFO  [16:57:36.397] [bbotk]  nrounds        eta max_depth classif.ce warnings errors runtime_learners
INFO  [16:57:36.397] [bbotk]       52 0.01481264         9  0.1151386        0      0            0.411
INFO  [16:57:36.397] [bbotk]                                 uhash
INFO  [16:57:36.397] [bbotk]  5de0c32d-5621-4e72-92d4-7f88e538fae8
INFO  [16:57:36.411] [bbotk] Evaluating 1 configuration(s)
INFO  [16:57:36.815] [bbotk] Result of batch 7:
INFO  [16:57:36.816] [bbotk]  nrounds        eta max_depth classif.ce warnings errors runtime_learners
INFO  [16:57:36.816] [bbotk]       93 0.01554503         4  0.1023454        0      0            0.367
INFO  [16:57:36.816] [bbotk]                                 uhash
INFO  [16:57:36.816] [bbotk]  6bd2ca2c-e8f6-41a1-b30b-28897767582f
INFO  [16:57:36.823] [bbotk] Evaluating 1 configuration(s)
INFO  [16:57:37.835] [bbotk] Result of batch 8:
INFO  [16:57:37.837] [bbotk]  nrounds        eta max_depth classif.ce warnings errors runtime_learners
INFO  [16:57:37.837] [bbotk]      126 0.01683947         8  0.1108742        0      0            0.979
INFO  [16:57:37.837] [bbotk]                                 uhash
INFO  [16:57:37.837] [bbotk]  a7b705a6-5caa-422c-a9bd-fc20e1315e62
INFO  [16:57:37.843] [bbotk] Evaluating 1 configuration(s)
INFO  [16:57:38.729] [bbotk] Result of batch 9:
INFO  [16:57:38.733] [bbotk]  nrounds        eta max_depth classif.ce warnings errors runtime_learners
INFO  [16:57:38.733] [bbotk]      216 0.09186905         4  0.1101635        0      0            0.856
INFO  [16:57:38.733] [bbotk]                                 uhash
INFO  [16:57:38.733] [bbotk]  9243e7cc-182b-4b0c-b668-ad2d682faf28
INFO  [16:57:38.739] [bbotk] Evaluating 1 configuration(s)
INFO  [16:57:38.984] [bbotk] Result of batch 10:
INFO  [16:57:38.985] [bbotk]  nrounds       eta max_depth classif.ce warnings errors runtime_learners
INFO  [16:57:38.985] [bbotk]      119 0.2830776         2  0.1122957        0      0            0.205
INFO  [16:57:38.985] [bbotk]                                 uhash
INFO  [16:57:38.985] [bbotk]  9c7fe749-1ee8-4202-8881-ab6cc657ecd5
INFO  [16:57:39.000] [bbotk] Finished optimizing after 10 evaluation(s)
INFO  [16:57:39.000] [bbotk] Result:
INFO  [16:57:39.002] [bbotk]  nrounds        eta max_depth learner_param_vals  x_domain classif.ce
INFO  [16:57:39.002] [bbotk]    <int>      <num>     <int>             <list>    <list>      <num>
INFO  [16:57:39.002] [bbotk]       93 0.01554503         4          <list[5]> <list[3]>  0.1023454

### [bt]: Job terminated successfully [batchtools job.id=1526]
### [bt]: Starting job [batchtools job.id=1527]
### [bt]: Generating problem instance for problem '78e20b4b43a56ff6' ...
### [bt]: Applying algorithm 'run_learner' on problem '78e20b4b43a56ff6' for job 1527 (seed = 1528) ...
INFO  [16:57:40.119] [mlr3] Applying learner 'classif.xgboost.tuned_calib.tunefirst.oof_isotonic' on task 'pc3' (iter 7/10)
INFO  [16:57:40.168] [bbotk] Starting to optimize 3 parameter(s) with '<OptimizerBatchRandomSearch>' and '<TerminatorEvals> [n_evals=10, k=0]'
INFO  [16:57:40.191] [bbotk] Evaluating 1 configuration(s)
INFO  [16:57:40.624] [bbotk] Result of batch 1:
INFO  [16:57:40.625] [bbotk]  nrounds      eta max_depth classif.ce warnings errors runtime_learners
INFO  [16:57:40.625] [bbotk]       58 0.279886         6  0.1257996        0      0            0.379
INFO  [16:57:40.625] [bbotk]                                 uhash
INFO  [16:57:40.625] [bbotk]  d0e32862-6d5c-46ed-9c07-506566e83a0e
INFO  [16:57:40.635] [bbotk] Evaluating 1 configuration(s)
INFO  [16:57:41.210] [bbotk] Result of batch 2:
INFO  [16:57:41.211] [bbotk]  nrounds       eta max_depth classif.ce warnings errors runtime_learners
INFO  [16:57:41.211] [bbotk]      244 0.1817242         2   0.119403        0      0            0.543
INFO  [16:57:41.211] [bbotk]                                 uhash
INFO  [16:57:41.211] [bbotk]  3d4ac153-9d39-4a90-b721-c38dc7a746dc
INFO  [16:57:41.219] [bbotk] Evaluating 1 configuration(s)
INFO  [16:57:42.556] [bbotk] Result of batch 3:
INFO  [16:57:42.558] [bbotk]  nrounds       eta max_depth classif.ce warnings errors runtime_learners
INFO  [16:57:42.558] [bbotk]      189 0.1712951         8   0.119403        0      0            1.287
INFO  [16:57:42.558] [bbotk]                                 uhash
INFO  [16:57:42.558] [bbotk]  87248404-767a-4907-97e1-058d6c6abb6c
INFO  [16:57:42.568] [bbotk] Evaluating 1 configuration(s)
INFO  [16:57:43.433] [bbotk] Result of batch 4:
INFO  [16:57:43.434] [bbotk]  nrounds        eta max_depth classif.ce warnings errors runtime_learners
INFO  [16:57:43.434] [bbotk]      188 0.02219982         4  0.1130064        0      0             0.82
INFO  [16:57:43.434] [bbotk]                                 uhash
INFO  [16:57:43.434] [bbotk]  db39f562-1df4-4688-ae08-b22cfcba7913
INFO  [16:57:43.438] [bbotk] Evaluating 1 configuration(s)
INFO  [16:57:43.876] [bbotk] Result of batch 5:
INFO  [16:57:43.878] [bbotk]  nrounds        eta max_depth classif.ce warnings errors runtime_learners
INFO  [16:57:43.878] [bbotk]      130 0.07802539         3  0.1222459        0      0            0.394
INFO  [16:57:43.878] [bbotk]                                 uhash
INFO  [16:57:43.878] [bbotk]  d5a75fe9-28f4-4ad3-9ebb-ded6f80ff4e3
INFO  [16:57:43.887] [bbotk] Evaluating 1 configuration(s)
INFO  [16:57:45.411] [bbotk] Result of batch 6:
INFO  [16:57:45.412] [bbotk]  nrounds        eta max_depth classif.ce warnings errors runtime_learners
INFO  [16:57:45.412] [bbotk]      247 0.06265862         6  0.1250888        0      0            1.482
INFO  [16:57:45.412] [bbotk]                                 uhash
INFO  [16:57:45.412] [bbotk]  fb776ce5-05b2-486e-86c1-1ffabcfd3589
INFO  [16:57:45.416] [bbotk] Evaluating 1 configuration(s)
INFO  [16:57:46.174] [bbotk] Result of batch 7:
INFO  [16:57:46.175] [bbotk]  nrounds       eta max_depth classif.ce warnings errors runtime_learners
INFO  [16:57:46.175] [bbotk]      108 0.2664779         7   0.127221        0      0            0.712
INFO  [16:57:46.175] [bbotk]                                 uhash
INFO  [16:57:46.175] [bbotk]  cc8dcb3f-087c-4843-8c5d-d4b1ddb3a0ff
INFO  [16:57:46.179] [bbotk] Evaluating 1 configuration(s)
INFO  [16:57:46.525] [bbotk] Result of batch 8:
INFO  [16:57:46.529] [bbotk]  nrounds       eta max_depth classif.ce warnings errors runtime_learners
INFO  [16:57:46.529] [bbotk]       63 0.2268646         4  0.1201137        0      0            0.305
INFO  [16:57:46.529] [bbotk]                                 uhash
INFO  [16:57:46.529] [bbotk]  cae7577f-d751-40a4-b2b2-c073fb9f3833
INFO  [16:57:46.538] [bbotk] Evaluating 1 configuration(s)
INFO  [16:57:47.584] [bbotk] Result of batch 9:
INFO  [16:57:47.586] [bbotk]  nrounds       eta max_depth classif.ce warnings errors runtime_learners
INFO  [16:57:47.586] [bbotk]      151 0.1223179         6   0.119403        0      0            1.006
INFO  [16:57:47.586] [bbotk]                                 uhash
INFO  [16:57:47.586] [bbotk]  21b2b73a-8302-490b-8e39-a6d3f022d74d
INFO  [16:57:47.591] [bbotk] Evaluating 1 configuration(s)
INFO  [16:57:47.976] [bbotk] Result of batch 10:
INFO  [16:57:47.977] [bbotk]  nrounds       eta max_depth classif.ce warnings errors runtime_learners
INFO  [16:57:47.977] [bbotk]      148 0.1104061         2  0.1179815        0      0            0.349
INFO  [16:57:47.977] [bbotk]                                 uhash
INFO  [16:57:47.977] [bbotk]  db532811-ea4a-43b5-9eb7-1b7a8b64ff0a
INFO  [16:57:48.000] [bbotk] Finished optimizing after 10 evaluation(s)
INFO  [16:57:48.001] [bbotk] Result:
INFO  [16:57:48.002] [bbotk]  nrounds        eta max_depth learner_param_vals  x_domain classif.ce
INFO  [16:57:48.002] [bbotk]    <int>      <num>     <int>             <list>    <list>      <num>
INFO  [16:57:48.002] [bbotk]      188 0.02219982         4          <list[5]> <list[3]>  0.1130064

### [bt]: Job terminated successfully [batchtools job.id=1527]
### [bt]: Starting job [batchtools job.id=1528]
### [bt]: Generating problem instance for problem '78e20b4b43a56ff6' ...
### [bt]: Applying algorithm 'run_learner' on problem '78e20b4b43a56ff6' for job 1528 (seed = 1529) ...
INFO  [16:57:50.001] [mlr3] Applying learner 'classif.xgboost.tuned_calib.tunefirst.oof_isotonic' on task 'pc3' (iter 8/10)
INFO  [16:57:50.045] [bbotk] Starting to optimize 3 parameter(s) with '<OptimizerBatchRandomSearch>' and '<TerminatorEvals> [n_evals=10, k=0]'
INFO  [16:57:50.073] [bbotk] Evaluating 1 configuration(s)
INFO  [16:57:52.490] [bbotk] Result of batch 1:
INFO  [16:57:52.491] [bbotk]  nrounds        eta max_depth classif.ce warnings errors runtime_learners
INFO  [16:57:52.491] [bbotk]      272 0.03946838         9  0.1080313        0      0            2.376
INFO  [16:57:52.491] [bbotk]                                 uhash
INFO  [16:57:52.491] [bbotk]  db0e293c-be41-491f-bdf9-080c57f59d8d
INFO  [16:57:52.496] [bbotk] Evaluating 1 configuration(s)
INFO  [16:57:53.544] [bbotk] Result of batch 2:
INFO  [16:57:53.546] [bbotk]  nrounds       eta max_depth classif.ce warnings errors runtime_learners
INFO  [16:57:53.546] [bbotk]      162 0.1375298         6  0.1080313        0      0            0.996
INFO  [16:57:53.546] [bbotk]                                 uhash
INFO  [16:57:53.546] [bbotk]  c97b0a51-0983-41c4-9ee6-6e016b929cc3
INFO  [16:57:53.552] [bbotk] Evaluating 1 configuration(s)
INFO  [16:57:54.924] [bbotk] Result of batch 3:
INFO  [16:57:54.926] [bbotk]  nrounds       eta max_depth classif.ce warnings errors runtime_learners
INFO  [16:57:54.926] [bbotk]      243 0.2297454         8  0.1094527        0      0            1.341
INFO  [16:57:54.926] [bbotk]                                 uhash
INFO  [16:57:54.926] [bbotk]  2cd0de62-a4f1-4e77-91ae-83bd8a3e462a
INFO  [16:57:54.934] [bbotk] Evaluating 1 configuration(s)
INFO  [16:57:55.728] [bbotk] Result of batch 4:
INFO  [16:57:55.730] [bbotk]  nrounds       eta max_depth classif.ce warnings errors runtime_learners
INFO  [16:57:55.730] [bbotk]      247 0.2781715         3  0.1108742        0      0            0.754
INFO  [16:57:55.730] [bbotk]                                 uhash
INFO  [16:57:55.730] [bbotk]  ce0f7473-27a0-4f0b-9e80-a4ec3c25cc20
INFO  [16:57:55.737] [bbotk] Evaluating 1 configuration(s)
INFO  [16:57:56.982] [bbotk] Result of batch 5:
INFO  [16:57:56.983] [bbotk]  nrounds        eta max_depth classif.ce warnings errors runtime_learners
INFO  [16:57:56.983] [bbotk]      154 0.07308601         8  0.1094527        0      0            1.197
INFO  [16:57:56.983] [bbotk]                                 uhash
INFO  [16:57:56.983] [bbotk]  088833e2-d2cd-439b-84de-464cdbdc2e78
INFO  [16:57:56.987] [bbotk] Evaluating 1 configuration(s)
INFO  [16:57:58.605] [bbotk] Result of batch 6:
INFO  [16:57:58.606] [bbotk]  nrounds       eta max_depth classif.ce warnings errors runtime_learners
INFO  [16:57:58.606] [bbotk]      267 0.1608299         7   0.108742        0      0            1.585
INFO  [16:57:58.606] [bbotk]                                 uhash
INFO  [16:57:58.606] [bbotk]  6c9b412b-8bd8-46f0-a3f9-faba16ae304c
INFO  [16:57:58.610] [bbotk] Evaluating 1 configuration(s)
INFO  [16:57:59.497] [bbotk] Result of batch 7:
INFO  [16:57:59.498] [bbotk]  nrounds       eta max_depth classif.ce warnings errors runtime_learners
INFO  [16:57:59.498] [bbotk]      129 0.2646872        10  0.1101635        0      0            0.839
INFO  [16:57:59.498] [bbotk]                                 uhash
INFO  [16:57:59.498] [bbotk]  bce7aef6-2851-42b4-ab3d-def159506047
INFO  [16:57:59.506] [bbotk] Evaluating 1 configuration(s)
INFO  [16:58:00.916] [bbotk] Result of batch 8:
INFO  [16:58:00.918] [bbotk]  nrounds        eta max_depth classif.ce warnings errors runtime_learners
INFO  [16:58:00.918] [bbotk]      144 0.01279676        10  0.1186923        0      0            1.367
INFO  [16:58:00.918] [bbotk]                                 uhash
INFO  [16:58:00.918] [bbotk]  ed97e121-16d5-4c7d-a949-9b7ed6f5d3d0
INFO  [16:58:00.925] [bbotk] Evaluating 1 configuration(s)
INFO  [16:58:01.765] [bbotk] Result of batch 9:
INFO  [16:58:01.767] [bbotk]  nrounds        eta max_depth classif.ce warnings errors runtime_learners
INFO  [16:58:01.767] [bbotk]      189 0.03131786         4   0.108742        0      0            0.799
INFO  [16:58:01.767] [bbotk]                                 uhash
INFO  [16:58:01.767] [bbotk]  a35715e4-b25b-43d4-9735-248f84e32d2e
INFO  [16:58:01.775] [bbotk] Evaluating 1 configuration(s)
INFO  [16:58:02.504] [bbotk] Result of batch 10:
INFO  [16:58:02.505] [bbotk]  nrounds       eta max_depth classif.ce warnings errors runtime_learners
INFO  [16:58:02.505] [bbotk]       90 0.1277307         8  0.1108742        0      0            0.688
INFO  [16:58:02.505] [bbotk]                                 uhash
INFO  [16:58:02.505] [bbotk]  6a8a8533-ce1f-4d0d-bb07-2e436d97bb9c
INFO  [16:58:02.513] [bbotk] Finished optimizing after 10 evaluation(s)
INFO  [16:58:02.513] [bbotk] Result:
INFO  [16:58:02.514] [bbotk]  nrounds        eta max_depth learner_param_vals  x_domain classif.ce
INFO  [16:58:02.514] [bbotk]    <int>      <num>     <int>             <list>    <list>      <num>
INFO  [16:58:02.514] [bbotk]      272 0.03946838         9          <list[5]> <list[3]>  0.1080313

### [bt]: Job terminated successfully [batchtools job.id=1528]
### [bt]: Starting job [batchtools job.id=1529]
### [bt]: Generating problem instance for problem '78e20b4b43a56ff6' ...
### [bt]: Applying algorithm 'run_learner' on problem '78e20b4b43a56ff6' for job 1529 (seed = 1530) ...
INFO  [16:58:08.723] [mlr3] Applying learner 'classif.xgboost.tuned_calib.tunefirst.oof_isotonic' on task 'pc3' (iter 9/10)
INFO  [16:58:08.787] [bbotk] Starting to optimize 3 parameter(s) with '<OptimizerBatchRandomSearch>' and '<TerminatorEvals> [n_evals=10, k=0]'
INFO  [16:58:08.797] [bbotk] Evaluating 1 configuration(s)
INFO  [16:58:09.658] [bbotk] Result of batch 1:
INFO  [16:58:09.659] [bbotk]  nrounds       eta max_depth classif.ce warnings errors runtime_learners
INFO  [16:58:09.659] [bbotk]      131 0.2725214         9  0.1108742        0      0            0.814
INFO  [16:58:09.659] [bbotk]                                 uhash
INFO  [16:58:09.659] [bbotk]  be56f3f0-4865-4f0e-adc6-33d6e4d170f6
INFO  [16:58:09.663] [bbotk] Evaluating 1 configuration(s)
INFO  [16:58:10.350] [bbotk] Result of batch 2:
INFO  [16:58:10.351] [bbotk]  nrounds       eta max_depth classif.ce warnings errors runtime_learners
INFO  [16:58:10.351] [bbotk]      188 0.1513039         3  0.1094527        0      0            0.649
INFO  [16:58:10.351] [bbotk]                                 uhash
INFO  [16:58:10.351] [bbotk]  2dbb939d-6c3f-42d3-803d-70a40ae6d905
INFO  [16:58:10.361] [bbotk] Evaluating 1 configuration(s)
INFO  [16:58:10.715] [bbotk] Result of batch 3:
INFO  [16:58:10.716] [bbotk]  nrounds      eta max_depth classif.ce warnings errors runtime_learners
INFO  [16:58:10.716] [bbotk]       89 0.117587         3  0.1144279        0      0            0.307
INFO  [16:58:10.716] [bbotk]                                 uhash
INFO  [16:58:10.716] [bbotk]  2981d0d9-bf6d-428a-b3cb-ab90b3bf8653
INFO  [16:58:10.720] [bbotk] Evaluating 1 configuration(s)
INFO  [16:58:11.038] [bbotk] Result of batch 4:
INFO  [16:58:11.040] [bbotk]  nrounds       eta max_depth classif.ce warnings errors runtime_learners
INFO  [16:58:11.040] [bbotk]      128 0.1574832         2  0.1165601        0      0            0.271
INFO  [16:58:11.040] [bbotk]                                 uhash
INFO  [16:58:11.040] [bbotk]  585d013e-18be-4a3f-b3c0-9e10c21a461e
INFO  [16:58:11.049] [bbotk] Evaluating 1 configuration(s)
INFO  [16:58:11.662] [bbotk] Result of batch 5:
INFO  [16:58:11.664] [bbotk]  nrounds        eta max_depth classif.ce warnings errors runtime_learners
INFO  [16:58:11.664] [bbotk]       72 0.05248777         8   0.108742        0      0            0.569
INFO  [16:58:11.664] [bbotk]                                 uhash
INFO  [16:58:11.664] [bbotk]  9085eb2e-eddc-44ad-a1e2-ed8fc2128aa5
INFO  [16:58:11.669] [bbotk] Evaluating 1 configuration(s)
INFO  [16:58:12.309] [bbotk] Result of batch 6:
INFO  [16:58:12.310] [bbotk]  nrounds       eta max_depth classif.ce warnings errors runtime_learners
INFO  [16:58:12.310] [bbotk]      276 0.2480202         2  0.1115849        0      0            0.601
INFO  [16:58:12.310] [bbotk]                                 uhash
INFO  [16:58:12.310] [bbotk]  54ead35c-1c38-46d7-a41f-358ae7da72b9
INFO  [16:58:12.314] [bbotk] Evaluating 1 configuration(s)
INFO  [16:58:13.545] [bbotk] Result of batch 7:
INFO  [16:58:13.547] [bbotk]  nrounds       eta max_depth classif.ce warnings errors runtime_learners
INFO  [16:58:13.547] [bbotk]      177 0.2274691         7  0.1080313        0      0            1.185
INFO  [16:58:13.547] [bbotk]                                 uhash
INFO  [16:58:13.547] [bbotk]  90cd1125-07cc-4fe4-8e0d-f9c0f3321e5e
INFO  [16:58:13.560] [bbotk] Evaluating 1 configuration(s)
INFO  [16:58:14.705] [bbotk] Result of batch 8:
INFO  [16:58:14.708] [bbotk]  nrounds       eta max_depth classif.ce warnings errors runtime_learners
INFO  [16:58:14.708] [bbotk]      132 0.1702934        10  0.1030561        0      0            1.104
INFO  [16:58:14.708] [bbotk]                                 uhash
INFO  [16:58:14.708] [bbotk]  2716b3b3-d3c5-42b2-8050-d88b16c35e92
INFO  [16:58:14.718] [bbotk] Evaluating 1 configuration(s)
INFO  [16:58:16.319] [bbotk] Result of batch 9:
INFO  [16:58:16.320] [bbotk]  nrounds       eta max_depth classif.ce warnings errors runtime_learners
INFO  [16:58:16.320] [bbotk]      209 0.1036539        10   0.108742        0      0            1.566
INFO  [16:58:16.320] [bbotk]                                 uhash
INFO  [16:58:16.320] [bbotk]  c5214978-c32d-4434-b960-cd4e0df72788
INFO  [16:58:16.327] [bbotk] Evaluating 1 configuration(s)
INFO  [16:58:16.880] [bbotk] Result of batch 10:
INFO  [16:58:16.881] [bbotk]  nrounds       eta max_depth classif.ce warnings errors runtime_learners
INFO  [16:58:16.881] [bbotk]      250 0.1932494         2  0.1151386        0      0            0.516
INFO  [16:58:16.881] [bbotk]                                 uhash
INFO  [16:58:16.881] [bbotk]  8ffc5f8d-b01f-49b7-a447-d2afe97bbed1
INFO  [16:58:16.896] [bbotk] Finished optimizing after 10 evaluation(s)
INFO  [16:58:16.896] [bbotk] Result:
INFO  [16:58:16.897] [bbotk]  nrounds       eta max_depth learner_param_vals  x_domain classif.ce
INFO  [16:58:16.897] [bbotk]    <int>     <num>     <int>             <list>    <list>      <num>
INFO  [16:58:16.897] [bbotk]      132 0.1702934        10          <list[5]> <list[3]>  0.1030561

### [bt]: Job terminated successfully [batchtools job.id=1529]
### [bt]: Starting job [batchtools job.id=1530]
### [bt]: Generating problem instance for problem '78e20b4b43a56ff6' ...
### [bt]: Applying algorithm 'run_learner' on problem '78e20b4b43a56ff6' for job 1530 (seed = 1531) ...
INFO  [16:58:19.864] [mlr3] Applying learner 'classif.xgboost.tuned_calib.tunefirst.oof_isotonic' on task 'pc3' (iter 10/10)
INFO  [16:58:19.908] [bbotk] Starting to optimize 3 parameter(s) with '<OptimizerBatchRandomSearch>' and '<TerminatorEvals> [n_evals=10, k=0]'
INFO  [16:58:19.927] [bbotk] Evaluating 1 configuration(s)
INFO  [16:58:20.715] [bbotk] Result of batch 1:
INFO  [16:58:20.717] [bbotk]  nrounds       eta max_depth classif.ce warnings errors runtime_learners
INFO  [16:58:20.717] [bbotk]      160 0.1676172         4  0.1030561        0      0             0.75
INFO  [16:58:20.717] [bbotk]                                 uhash
INFO  [16:58:20.717] [bbotk]  ebaa3090-c5ad-4bdc-96f7-d9faf5efe017
INFO  [16:58:20.726] [bbotk] Evaluating 1 configuration(s)
INFO  [16:58:21.465] [bbotk] Result of batch 2:
INFO  [16:58:21.466] [bbotk]  nrounds       eta max_depth classif.ce warnings errors runtime_learners
INFO  [16:58:21.466] [bbotk]      157 0.2997758         4  0.1051883        0      0            0.688
INFO  [16:58:21.466] [bbotk]                                 uhash
INFO  [16:58:21.466] [bbotk]  43e268ca-3cd9-46cc-b304-6f57673aa273
INFO  [16:58:21.477] [bbotk] Evaluating 1 configuration(s)
INFO  [16:58:22.297] [bbotk] Result of batch 3:
INFO  [16:58:22.298] [bbotk]  nrounds       eta max_depth classif.ce warnings errors runtime_learners
INFO  [16:58:22.298] [bbotk]      110 0.1774747         7  0.1073205        0      0            0.777
INFO  [16:58:22.298] [bbotk]                                 uhash
INFO  [16:58:22.298] [bbotk]  7b693548-a5ed-48b3-9585-6b9cbea0694f
INFO  [16:58:22.302] [bbotk] Evaluating 1 configuration(s)
INFO  [16:58:23.962] [bbotk] Result of batch 4:
INFO  [16:58:23.964] [bbotk]  nrounds       eta max_depth classif.ce warnings errors runtime_learners
INFO  [16:58:23.964] [bbotk]      291 0.2036896         6 0.09808102        0      0            1.626
INFO  [16:58:23.964] [bbotk]                                 uhash
INFO  [16:58:23.964] [bbotk]  84a19d27-1b1e-4596-b6a7-dba56ec8d23f
INFO  [16:58:23.973] [bbotk] Evaluating 1 configuration(s)
INFO  [16:58:24.625] [bbotk] Result of batch 5:
INFO  [16:58:24.628] [bbotk]  nrounds       eta max_depth classif.ce warnings errors runtime_learners
INFO  [16:58:24.628] [bbotk]      137 0.2650811         4  0.1058991        0      0            0.614
INFO  [16:58:24.628] [bbotk]                                 uhash
INFO  [16:58:24.628] [bbotk]  fce3b4cf-6762-4355-847c-d6ae34fe7046
INFO  [16:58:24.632] [bbotk] Evaluating 1 configuration(s)
INFO  [16:58:25.255] [bbotk] Result of batch 6:
INFO  [16:58:25.256] [bbotk]  nrounds        eta max_depth classif.ce warnings errors runtime_learners
INFO  [16:58:25.256] [bbotk]      202 0.07714547         3  0.1080313        0      0            0.585
INFO  [16:58:25.256] [bbotk]                                 uhash
INFO  [16:58:25.256] [bbotk]  f1bf4b39-b672-4de2-8f8e-e247f33be47f
INFO  [16:58:25.262] [bbotk] Evaluating 1 configuration(s)
INFO  [16:58:25.846] [bbotk] Result of batch 7:
INFO  [16:58:25.848] [bbotk]  nrounds       eta max_depth classif.ce warnings errors runtime_learners
INFO  [16:58:25.848] [bbotk]      239 0.1151787         2  0.1080313        0      0            0.551
INFO  [16:58:25.848] [bbotk]                                 uhash
INFO  [16:58:25.848] [bbotk]  8d4fb0ea-2c12-4b60-9822-f8dfc0d5fc59
INFO  [16:58:25.856] [bbotk] Evaluating 1 configuration(s)
INFO  [16:58:28.140] [bbotk] Result of batch 8:
INFO  [16:58:28.141] [bbotk]  nrounds       eta max_depth classif.ce warnings errors runtime_learners
INFO  [16:58:28.141] [bbotk]      242 0.0186271         9 0.09665956        0      0            2.246
INFO  [16:58:28.141] [bbotk]                                 uhash
INFO  [16:58:28.141] [bbotk]  0e3ba8b3-43e9-4ac0-a7c2-cd0af2a79b22
INFO  [16:58:28.150] [bbotk] Evaluating 1 configuration(s)
INFO  [16:58:29.634] [bbotk] Result of batch 9:
INFO  [16:58:29.636] [bbotk]  nrounds        eta max_depth classif.ce warnings errors runtime_learners
INFO  [16:58:29.636] [bbotk]      175 0.01210337         8 0.09808102        0      0            1.439
INFO  [16:58:29.636] [bbotk]                                 uhash
INFO  [16:58:29.636] [bbotk]  14bccae7-2906-482d-8188-4e800a8ffff2
INFO  [16:58:29.648] [bbotk] Evaluating 1 configuration(s)
INFO  [16:58:31.354] [bbotk] Result of batch 10:
INFO  [16:58:31.356] [bbotk]  nrounds       eta max_depth classif.ce warnings errors runtime_learners
INFO  [16:58:31.356] [bbotk]      295 0.2030352         6  0.1037669        0      0            1.663
INFO  [16:58:31.356] [bbotk]                                 uhash
INFO  [16:58:31.356] [bbotk]  a579627a-90f9-487c-b000-9aaf9d08be60
INFO  [16:58:31.365] [bbotk] Finished optimizing after 10 evaluation(s)
INFO  [16:58:31.365] [bbotk] Result:
INFO  [16:58:31.366] [bbotk]  nrounds       eta max_depth learner_param_vals  x_domain classif.ce
INFO  [16:58:31.366] [bbotk]    <int>     <num>     <int>             <list>    <list>      <num>
INFO  [16:58:31.366] [bbotk]      242 0.0186271         9          <list[5]> <list[3]> 0.09665956

### [bt]: Job terminated successfully [batchtools job.id=1530]
### [bt]: Calculation finished!
