### [bt]: This is batchtools v0.9.17
### [bt]: Starting calculation of 5 jobs
### [bt]: Setting working directory to '/Users/User/Documents/Studium/Semester8/Hiwi/mlr3calibration/vignettes'
### [bt]: Memory measurement disabled
### [bt]: Starting job [batchtools job.id=3471]
### [bt]: Generating problem instance for problem '6fbfe6520e3d949c' ...
### [bt]: Applying algorithm 'run_learner' on problem '6fbfe6520e3d949c' for job 3471 (seed = 3472) ...
INFO  [17:32:20.615] [mlr3] Applying learner 'classif.xgboost.tuned_calib.tunefirst.oof_isotonic' on task 'banknote-authentication' (iter 1/10)
INFO  [17:32:20.706] [bbotk] Starting to optimize 3 parameter(s) with '<OptimizerBatchRandomSearch>' and '<TerminatorEvals> [n_evals=10, k=0]'
INFO  [17:32:20.728] [bbotk] Evaluating 1 configuration(s)
INFO  [17:32:20.903] [bbotk] Result of batch 1:
INFO  [17:32:20.904] [bbotk]  nrounds       eta max_depth  classif.ce warnings errors runtime_learners
INFO  [17:32:20.904] [bbotk]      160 0.2186075        10 0.004051213        0      0            0.128
INFO  [17:32:20.904] [bbotk]                                 uhash
INFO  [17:32:20.904] [bbotk]  a7e2ccba-2acf-46c4-9866-bbe69cb43806
INFO  [17:32:20.918] [bbotk] Evaluating 1 configuration(s)
INFO  [17:32:21.229] [bbotk] Result of batch 2:
INFO  [17:32:21.230] [bbotk]  nrounds        eta max_depth  classif.ce warnings errors runtime_learners
INFO  [17:32:21.230] [bbotk]      197 0.03392324         4 0.003242152        0      0            0.251
INFO  [17:32:21.230] [bbotk]                                 uhash
INFO  [17:32:21.230] [bbotk]  22d8691a-4a8d-48ff-94a7-71921d507192
INFO  [17:32:21.234] [bbotk] Evaluating 1 configuration(s)
INFO  [17:32:21.429] [bbotk] Result of batch 3:
INFO  [17:32:21.431] [bbotk]  nrounds      eta max_depth  classif.ce warnings errors runtime_learners
INFO  [17:32:21.431] [bbotk]      173 0.133657         2 0.004051213        0      0            0.129
INFO  [17:32:21.431] [bbotk]                                 uhash
INFO  [17:32:21.431] [bbotk]  f4c58ac8-1a12-495d-873a-93275a3fc451
INFO  [17:32:21.442] [bbotk] Evaluating 1 configuration(s)
INFO  [17:32:21.651] [bbotk] Result of batch 4:
INFO  [17:32:21.652] [bbotk]  nrounds       eta max_depth  classif.ce warnings errors runtime_learners
INFO  [17:32:21.652] [bbotk]      171 0.1897618         8 0.004862243        0      0            0.167
INFO  [17:32:21.652] [bbotk]                                 uhash
INFO  [17:32:21.652] [bbotk]  be209c50-82ec-4167-94de-f1093e274dfe
INFO  [17:32:21.658] [bbotk] Evaluating 1 configuration(s)
INFO  [17:32:21.897] [bbotk] Result of batch 5:
INFO  [17:32:21.901] [bbotk]  nrounds       eta max_depth  classif.ce warnings errors runtime_learners
INFO  [17:32:21.901] [bbotk]      258 0.2261631         3 0.003242152        0      0            0.182
INFO  [17:32:21.901] [bbotk]                                 uhash
INFO  [17:32:21.901] [bbotk]  10e13948-69f6-496d-a3fc-6295726d10c2
INFO  [17:32:21.910] [bbotk] Evaluating 1 configuration(s)
INFO  [17:32:22.133] [bbotk] Result of batch 6:
INFO  [17:32:22.134] [bbotk]  nrounds       eta max_depth  classif.ce warnings errors runtime_learners
INFO  [17:32:22.134] [bbotk]      234 0.2936692        10 0.006478397        0      0            0.146
INFO  [17:32:22.134] [bbotk]                                 uhash
INFO  [17:32:22.134] [bbotk]  d15e433c-25e2-45a8-9a23-c41b41ee1ff7
INFO  [17:32:22.138] [bbotk] Evaluating 1 configuration(s)
INFO  [17:32:22.391] [bbotk] Result of batch 7:
INFO  [17:32:22.392] [bbotk]  nrounds        eta max_depth  classif.ce warnings errors runtime_learners
INFO  [17:32:22.392] [bbotk]      269 0.04069979         4 0.002431122        0      0            0.206
INFO  [17:32:22.392] [bbotk]                                 uhash
INFO  [17:32:22.392] [bbotk]  4de027a7-f50f-45b9-84da-2bd2c602b0aa
INFO  [17:32:22.399] [bbotk] Evaluating 1 configuration(s)
INFO  [17:32:22.547] [bbotk] Result of batch 8:
INFO  [17:32:22.549] [bbotk]  nrounds       eta max_depth  classif.ce warnings errors runtime_learners
INFO  [17:32:22.549] [bbotk]      174 0.2920341         2 0.001620091        0      0            0.097
INFO  [17:32:22.549] [bbotk]                                 uhash
INFO  [17:32:22.549] [bbotk]  3887ea8c-35ea-470b-9222-354a1d269012
INFO  [17:32:22.556] [bbotk] Evaluating 1 configuration(s)
INFO  [17:32:22.758] [bbotk] Result of batch 9:
INFO  [17:32:22.760] [bbotk]  nrounds      eta max_depth  classif.ce warnings errors runtime_learners
INFO  [17:32:22.760] [bbotk]      238 0.284236         6 0.004051213        0      0            0.154
INFO  [17:32:22.760] [bbotk]                                 uhash
INFO  [17:32:22.760] [bbotk]  13069441-32af-4237-b8e8-554230c3248b
INFO  [17:32:22.770] [bbotk] Evaluating 1 configuration(s)
INFO  [17:32:22.958] [bbotk] Result of batch 10:
INFO  [17:32:22.962] [bbotk]  nrounds       eta max_depth  classif.ce warnings errors runtime_learners
INFO  [17:32:22.962] [bbotk]      166 0.1151177         5 0.003240183        0      0            0.147
INFO  [17:32:22.962] [bbotk]                                 uhash
INFO  [17:32:22.962] [bbotk]  bb92ae26-996b-4732-a306-95d3133e247b
INFO  [17:32:22.971] [bbotk] Finished optimizing after 10 evaluation(s)
INFO  [17:32:22.972] [bbotk] Result:
INFO  [17:32:22.976] [bbotk]  nrounds       eta max_depth learner_param_vals  x_domain  classif.ce
INFO  [17:32:22.976] [bbotk]    <int>     <num>     <int>             <list>    <list>       <num>
INFO  [17:32:22.976] [bbotk]      174 0.2920341         2          <list[5]> <list[3]> 0.001620091

### [bt]: Job terminated successfully [batchtools job.id=3471]
### [bt]: Starting job [batchtools job.id=3472]
### [bt]: Generating problem instance for problem '6fbfe6520e3d949c' ...
### [bt]: Applying algorithm 'run_learner' on problem '6fbfe6520e3d949c' for job 3472 (seed = 3473) ...
INFO  [17:32:23.381] [mlr3] Applying learner 'classif.xgboost.tuned_calib.tunefirst.oof_isotonic' on task 'banknote-authentication' (iter 2/10)
INFO  [17:32:23.444] [bbotk] Starting to optimize 3 parameter(s) with '<OptimizerBatchRandomSearch>' and '<TerminatorEvals> [n_evals=10, k=0]'
INFO  [17:32:23.458] [bbotk] Evaluating 1 configuration(s)
INFO  [17:32:23.639] [bbotk] Result of batch 1:
INFO  [17:32:23.641] [bbotk]  nrounds       eta max_depth  classif.ce warnings errors runtime_learners
INFO  [17:32:23.641] [bbotk]      278 0.2819994         6 0.004049244        0      0            0.138
INFO  [17:32:23.641] [bbotk]                                 uhash
INFO  [17:32:23.641] [bbotk]  66910b28-f118-44a6-b036-da0d4cdcb502
INFO  [17:32:23.655] [bbotk] Evaluating 1 configuration(s)
INFO  [17:32:24.119] [bbotk] Result of batch 2:
INFO  [17:32:24.120] [bbotk]  nrounds        eta max_depth classif.ce warnings errors runtime_learners
INFO  [17:32:24.120] [bbotk]      294 0.01192541        10 0.01539382        0      0            0.407
INFO  [17:32:24.120] [bbotk]                                 uhash
INFO  [17:32:24.120] [bbotk]  0a97b4aa-ad31-421d-b2d9-8665519dfa1d
INFO  [17:32:24.131] [bbotk] Evaluating 1 configuration(s)
INFO  [17:32:24.371] [bbotk] Result of batch 3:
INFO  [17:32:24.372] [bbotk]  nrounds        eta max_depth  classif.ce warnings errors runtime_learners
INFO  [17:32:24.372] [bbotk]      171 0.05397456         4 0.004860274        0      0            0.181
INFO  [17:32:24.372] [bbotk]                                 uhash
INFO  [17:32:24.372] [bbotk]  a911abe4-9757-4bf8-868b-1c5e8afc4ebd
INFO  [17:32:24.377] [bbotk] Evaluating 1 configuration(s)
INFO  [17:32:24.671] [bbotk] Result of batch 4:
INFO  [17:32:24.672] [bbotk]  nrounds        eta max_depth  classif.ce warnings errors runtime_learners
INFO  [17:32:24.672] [bbotk]      291 0.05359942         7 0.004049244        0      0            0.253
INFO  [17:32:24.672] [bbotk]                                 uhash
INFO  [17:32:24.672] [bbotk]  4a745f4d-b9a1-4ce9-a786-75332c11ef5b
INFO  [17:32:24.680] [bbotk] Evaluating 1 configuration(s)
INFO  [17:32:24.841] [bbotk] Result of batch 5:
INFO  [17:32:24.842] [bbotk]  nrounds       eta max_depth  classif.ce warnings errors runtime_learners
INFO  [17:32:24.842] [bbotk]      210 0.2727464         7 0.004049244        0      0             0.12
INFO  [17:32:24.842] [bbotk]                                 uhash
INFO  [17:32:24.842] [bbotk]  9e4c7783-ca37-4e7e-be65-8ad4d91bb152
INFO  [17:32:24.847] [bbotk] Evaluating 1 configuration(s)
INFO  [17:32:25.061] [bbotk] Result of batch 6:
INFO  [17:32:25.064] [bbotk]  nrounds        eta max_depth  classif.ce warnings errors runtime_learners
INFO  [17:32:25.064] [bbotk]      206 0.09754315        10 0.004049244        0      0            0.174
INFO  [17:32:25.064] [bbotk]                                 uhash
INFO  [17:32:25.064] [bbotk]  fad22d1a-d79e-48c2-9dfa-03a5258c5d0d
INFO  [17:32:25.075] [bbotk] Evaluating 1 configuration(s)
INFO  [17:32:25.192] [bbotk] Result of batch 7:
INFO  [17:32:25.193] [bbotk]  nrounds       eta max_depth  classif.ce warnings errors runtime_learners
INFO  [17:32:25.193] [bbotk]       65 0.2320081        10 0.006482335        0      0            0.075
INFO  [17:32:25.193] [bbotk]                                 uhash
INFO  [17:32:25.193] [bbotk]  e4d6bcad-7ed3-4e6f-afd0-d45d504c5f1b
INFO  [17:32:25.197] [bbotk] Evaluating 1 configuration(s)
INFO  [17:32:25.297] [bbotk] Result of batch 8:
INFO  [17:32:25.299] [bbotk]  nrounds       eta max_depth  classif.ce warnings errors runtime_learners
INFO  [17:32:25.299] [bbotk]       66 0.2917052         7 0.004860274        0      0            0.059
INFO  [17:32:25.299] [bbotk]                                 uhash
INFO  [17:32:25.299] [bbotk]  9714bbd2-f2dd-49fb-8230-dbf9014305ea
INFO  [17:32:25.306] [bbotk] Evaluating 1 configuration(s)
INFO  [17:32:25.617] [bbotk] Result of batch 9:
INFO  [17:32:25.618] [bbotk]  nrounds        eta max_depth  classif.ce warnings errors runtime_learners
INFO  [17:32:25.618] [bbotk]      297 0.05573861         5 0.004860274        0      0            0.266
INFO  [17:32:25.618] [bbotk]                                 uhash
INFO  [17:32:25.618] [bbotk]  25df1811-4298-40b5-ba09-61d4da3380ff
INFO  [17:32:25.623] [bbotk] Evaluating 1 configuration(s)
INFO  [17:32:25.830] [bbotk] Result of batch 10:
INFO  [17:32:25.832] [bbotk]  nrounds        eta max_depth classif.ce warnings errors runtime_learners
INFO  [17:32:25.832] [bbotk]      128 0.01238271         5 0.02835062        0      0             0.15
INFO  [17:32:25.832] [bbotk]                                 uhash
INFO  [17:32:25.832] [bbotk]  d6174405-0256-4ecb-ba23-431f6b3bd77d
INFO  [17:32:25.840] [bbotk] Finished optimizing after 10 evaluation(s)
INFO  [17:32:25.840] [bbotk] Result:
INFO  [17:32:25.841] [bbotk]  nrounds       eta max_depth learner_param_vals  x_domain  classif.ce
INFO  [17:32:25.841] [bbotk]    <int>     <num>     <int>             <list>    <list>       <num>
INFO  [17:32:25.841] [bbotk]      278 0.2819994         6          <list[5]> <list[3]> 0.004049244

### [bt]: Job terminated successfully [batchtools job.id=3472]
### [bt]: Starting job [batchtools job.id=3473]
### [bt]: Generating problem instance for problem '6fbfe6520e3d949c' ...
### [bt]: Applying algorithm 'run_learner' on problem '6fbfe6520e3d949c' for job 3473 (seed = 3474) ...
INFO  [17:32:26.294] [mlr3] Applying learner 'classif.xgboost.tuned_calib.tunefirst.oof_isotonic' on task 'banknote-authentication' (iter 3/10)
INFO  [17:32:26.335] [bbotk] Starting to optimize 3 parameter(s) with '<OptimizerBatchRandomSearch>' and '<TerminatorEvals> [n_evals=10, k=0]'
INFO  [17:32:26.350] [bbotk] Evaluating 1 configuration(s)
INFO  [17:32:26.532] [bbotk] Result of batch 1:
INFO  [17:32:26.534] [bbotk]  nrounds       eta max_depth  classif.ce warnings errors runtime_learners
INFO  [17:32:26.534] [bbotk]      108 0.2107326        10 0.007287459        0      0            0.097
INFO  [17:32:26.534] [bbotk]                                 uhash
INFO  [17:32:26.534] [bbotk]  6ecb7da4-b24f-42bf-82c2-a59a37db79f9
INFO  [17:32:26.542] [bbotk] Evaluating 1 configuration(s)
INFO  [17:32:26.722] [bbotk] Result of batch 2:
INFO  [17:32:26.723] [bbotk]  nrounds       eta max_depth  classif.ce warnings errors runtime_learners
INFO  [17:32:26.723] [bbotk]      257 0.2652352        10 0.005667367        0      0            0.135
INFO  [17:32:26.723] [bbotk]                                 uhash
INFO  [17:32:26.723] [bbotk]  6ab71349-3be3-4d45-9922-b9668f15947c
INFO  [17:32:26.727] [bbotk] Evaluating 1 configuration(s)
INFO  [17:32:26.892] [bbotk] Result of batch 3:
INFO  [17:32:26.893] [bbotk]  nrounds       eta max_depth  classif.ce warnings errors runtime_learners
INFO  [17:32:26.893] [bbotk]      187 0.1538345         4 0.005669336        0      0            0.116
INFO  [17:32:26.893] [bbotk]                                 uhash
INFO  [17:32:26.893] [bbotk]  1bc2446d-3928-412a-aac7-653e44d3e244
INFO  [17:32:26.897] [bbotk] Evaluating 1 configuration(s)
INFO  [17:32:27.039] [bbotk] Result of batch 4:
INFO  [17:32:27.042] [bbotk]  nrounds       eta max_depth  classif.ce warnings errors runtime_learners
INFO  [17:32:27.042] [bbotk]      138 0.2449009         4 0.004858306        0      0            0.089
INFO  [17:32:27.042] [bbotk]                                 uhash
INFO  [17:32:27.042] [bbotk]  2cc4197b-e04b-4aa6-9810-b7532b69ef6f
INFO  [17:32:27.049] [bbotk] Evaluating 1 configuration(s)
INFO  [17:32:27.205] [bbotk] Result of batch 5:
INFO  [17:32:27.206] [bbotk]  nrounds       eta max_depth  classif.ce warnings errors runtime_learners
INFO  [17:32:27.206] [bbotk]      111 0.1284468         9 0.008098489        0      0            0.108
INFO  [17:32:27.206] [bbotk]                                 uhash
INFO  [17:32:27.206] [bbotk]  44d1ea77-1558-4899-9c8f-d33cb8060167
INFO  [17:32:27.210] [bbotk] Evaluating 1 configuration(s)
INFO  [17:32:27.564] [bbotk] Result of batch 6:
INFO  [17:32:27.567] [bbotk]  nrounds        eta max_depth classif.ce warnings errors runtime_learners
INFO  [17:32:27.567] [bbotk]      297 0.01571382         4 0.01296073        0      0            0.294
INFO  [17:32:27.567] [bbotk]                                 uhash
INFO  [17:32:27.567] [bbotk]  e4541a02-2be5-4fa3-9410-070b9c220d14
INFO  [17:32:27.584] [bbotk] Evaluating 1 configuration(s)
INFO  [17:32:27.813] [bbotk] Result of batch 7:
INFO  [17:32:27.815] [bbotk]  nrounds        eta max_depth  classif.ce warnings errors runtime_learners
INFO  [17:32:27.815] [bbotk]      106 0.02281116         9 0.009716612        0      0            0.174
INFO  [17:32:27.815] [bbotk]                                 uhash
INFO  [17:32:27.815] [bbotk]  6c4f4b1d-8b0c-4f9c-8c04-85e8a512c0d0
INFO  [17:32:27.828] [bbotk] Evaluating 1 configuration(s)
INFO  [17:32:28.000] [bbotk] Result of batch 8:
INFO  [17:32:28.001] [bbotk]  nrounds       eta max_depth  classif.ce warnings errors runtime_learners
INFO  [17:32:28.001] [bbotk]      237 0.2872676         5 0.006478397        0      0            0.118
INFO  [17:32:28.001] [bbotk]                                 uhash
INFO  [17:32:28.001] [bbotk]  50e80191-b483-4278-a6da-6544246f42c1
INFO  [17:32:28.006] [bbotk] Evaluating 1 configuration(s)
INFO  [17:32:28.141] [bbotk] Result of batch 9:
INFO  [17:32:28.142] [bbotk]  nrounds       eta max_depth  classif.ce warnings errors runtime_learners
INFO  [17:32:28.142] [bbotk]      108 0.1515241         9 0.006476429        0      0            0.095
INFO  [17:32:28.142] [bbotk]                                 uhash
INFO  [17:32:28.142] [bbotk]  9600597b-e640-47dc-a8ee-a7d3e0ca6879
INFO  [17:32:28.152] [bbotk] Evaluating 1 configuration(s)
INFO  [17:32:28.297] [bbotk] Result of batch 10:
INFO  [17:32:28.300] [bbotk]  nrounds       eta max_depth  classif.ce warnings errors runtime_learners
INFO  [17:32:28.300] [bbotk]      173 0.2643725         5 0.006478397        0      0              0.1
INFO  [17:32:28.300] [bbotk]                                 uhash
INFO  [17:32:28.300] [bbotk]  7c4a5dc6-cd9f-4d1d-a1ee-75b005f7d342
INFO  [17:32:28.315] [bbotk] Finished optimizing after 10 evaluation(s)
INFO  [17:32:28.315] [bbotk] Result:
INFO  [17:32:28.316] [bbotk]  nrounds       eta max_depth learner_param_vals  x_domain  classif.ce
INFO  [17:32:28.316] [bbotk]    <int>     <num>     <int>             <list>    <list>       <num>
INFO  [17:32:28.316] [bbotk]      138 0.2449009         4          <list[5]> <list[3]> 0.004858306

### [bt]: Job terminated successfully [batchtools job.id=3473]
### [bt]: Starting job [batchtools job.id=3474]
### [bt]: Generating problem instance for problem '6fbfe6520e3d949c' ...
### [bt]: Applying algorithm 'run_learner' on problem '6fbfe6520e3d949c' for job 3474 (seed = 3475) ...
INFO  [17:32:28.662] [mlr3] Applying learner 'classif.xgboost.tuned_calib.tunefirst.oof_isotonic' on task 'banknote-authentication' (iter 4/10)
INFO  [17:32:28.708] [bbotk] Starting to optimize 3 parameter(s) with '<OptimizerBatchRandomSearch>' and '<TerminatorEvals> [n_evals=10, k=0]'
INFO  [17:32:28.729] [bbotk] Evaluating 1 configuration(s)
INFO  [17:32:28.933] [bbotk] Result of batch 1:
INFO  [17:32:28.934] [bbotk]  nrounds       eta max_depth  classif.ce warnings errors runtime_learners
INFO  [17:32:28.934] [bbotk]      206 0.0614809         8 0.007287459        0      0            0.168
INFO  [17:32:28.934] [bbotk]                                 uhash
INFO  [17:32:28.934] [bbotk]  7c625bc1-1651-4ec0-ad7a-a6adca77fcc0
INFO  [17:32:28.942] [bbotk] Evaluating 1 configuration(s)
INFO  [17:32:29.152] [bbotk] Result of batch 2:
INFO  [17:32:29.153] [bbotk]  nrounds        eta max_depth  classif.ce warnings errors runtime_learners
INFO  [17:32:29.153] [bbotk]      175 0.05491827         4 0.005667367        0      0            0.161
INFO  [17:32:29.153] [bbotk]                                 uhash
INFO  [17:32:29.153] [bbotk]  7791333c-4601-4848-98b8-3b2fa17894a0
INFO  [17:32:29.157] [bbotk] Evaluating 1 configuration(s)
INFO  [17:32:29.372] [bbotk] Result of batch 3:
INFO  [17:32:29.374] [bbotk]  nrounds        eta max_depth  classif.ce warnings errors runtime_learners
INFO  [17:32:29.374] [bbotk]      189 0.07785203         7 0.007287459        0      0             0.18
INFO  [17:32:29.374] [bbotk]                                 uhash
INFO  [17:32:29.374] [bbotk]  f075d584-1d72-410a-bdf8-a90ea2f507c2
INFO  [17:32:29.386] [bbotk] Evaluating 1 configuration(s)
INFO  [17:32:29.547] [bbotk] Result of batch 4:
INFO  [17:32:29.548] [bbotk]  nrounds       eta max_depth  classif.ce warnings errors runtime_learners
INFO  [17:32:29.548] [bbotk]      219 0.2104073        10 0.004049244        0      0            0.128
INFO  [17:32:29.548] [bbotk]                                 uhash
INFO  [17:32:29.548] [bbotk]  367fbafe-759d-46d5-ab90-ce087212427b
INFO  [17:32:29.557] [bbotk] Evaluating 1 configuration(s)
INFO  [17:32:29.804] [bbotk] Result of batch 5:
INFO  [17:32:29.805] [bbotk]  nrounds        eta max_depth  classif.ce warnings errors runtime_learners
INFO  [17:32:29.805] [bbotk]      287 0.09883678         3 0.006476429        0      0            0.178
INFO  [17:32:29.805] [bbotk]                                 uhash
INFO  [17:32:29.805] [bbotk]  4f0bb0cf-b79f-439a-bb44-34d9c1b80e05
INFO  [17:32:29.816] [bbotk] Evaluating 1 configuration(s)
INFO  [17:32:29.970] [bbotk] Result of batch 6:
INFO  [17:32:29.971] [bbotk]  nrounds       eta max_depth  classif.ce warnings errors runtime_learners
INFO  [17:32:29.971] [bbotk]      258 0.2430688         9 0.004049244        0      0             0.11
INFO  [17:32:29.971] [bbotk]                                 uhash
INFO  [17:32:29.971] [bbotk]  90d4107e-dd1c-4772-84bf-eaee2487c8b3
INFO  [17:32:29.975] [bbotk] Evaluating 1 configuration(s)
INFO  [17:32:30.127] [bbotk] Result of batch 7:
INFO  [17:32:30.128] [bbotk]  nrounds       eta max_depth  classif.ce warnings errors runtime_learners
INFO  [17:32:30.128] [bbotk]      261 0.2512334         9 0.004049244        0      0            0.118
INFO  [17:32:30.128] [bbotk]                                 uhash
INFO  [17:32:30.128] [bbotk]  2dfaeea1-d6ac-4b88-a3dd-f7938578ddd7
INFO  [17:32:30.136] [bbotk] Evaluating 1 configuration(s)
INFO  [17:32:30.307] [bbotk] Result of batch 8:
INFO  [17:32:30.308] [bbotk]  nrounds        eta max_depth  classif.ce warnings errors runtime_learners
INFO  [17:32:30.308] [bbotk]      212 0.08115894         3 0.005667367        0      0            0.132
INFO  [17:32:30.308] [bbotk]                                 uhash
INFO  [17:32:30.308] [bbotk]  64a5c5e4-a2ef-4b97-bb1b-c17b5a1748f3
INFO  [17:32:30.313] [bbotk] Evaluating 1 configuration(s)
INFO  [17:32:30.388] [bbotk] Result of batch 9:
INFO  [17:32:30.389] [bbotk]  nrounds        eta max_depth classif.ce warnings errors runtime_learners
INFO  [17:32:30.389] [bbotk]       60 0.02252043         2 0.07692383        0      0            0.035
INFO  [17:32:30.389] [bbotk]                                 uhash
INFO  [17:32:30.389] [bbotk]  81c41687-2d50-474b-8998-353303cd7741
INFO  [17:32:30.394] [bbotk] Evaluating 1 configuration(s)
INFO  [17:32:30.648] [bbotk] Result of batch 10:
INFO  [17:32:30.649] [bbotk]  nrounds        eta max_depth  classif.ce warnings errors runtime_learners
INFO  [17:32:30.649] [bbotk]      208 0.05047035         6 0.007287459        0      0            0.192
INFO  [17:32:30.649] [bbotk]                                 uhash
INFO  [17:32:30.649] [bbotk]  7af20d55-3818-4f9a-a9fa-d9fe958c35ea
INFO  [17:32:30.667] [bbotk] Finished optimizing after 10 evaluation(s)
INFO  [17:32:30.667] [bbotk] Result:
INFO  [17:32:30.669] [bbotk]  nrounds       eta max_depth learner_param_vals  x_domain  classif.ce
INFO  [17:32:30.669] [bbotk]    <int>     <num>     <int>             <list>    <list>       <num>
INFO  [17:32:30.669] [bbotk]      219 0.2104073        10          <list[5]> <list[3]> 0.004049244

### [bt]: Job terminated successfully [batchtools job.id=3474]
### [bt]: Starting job [batchtools job.id=3475]
### [bt]: Generating problem instance for problem '6fbfe6520e3d949c' ...
### [bt]: Applying algorithm 'run_learner' on problem '6fbfe6520e3d949c' for job 3475 (seed = 3476) ...
INFO  [17:32:31.065] [mlr3] Applying learner 'classif.xgboost.tuned_calib.tunefirst.oof_isotonic' on task 'banknote-authentication' (iter 5/10)
INFO  [17:32:31.099] [bbotk] Starting to optimize 3 parameter(s) with '<OptimizerBatchRandomSearch>' and '<TerminatorEvals> [n_evals=10, k=0]'
INFO  [17:32:31.115] [bbotk] Evaluating 1 configuration(s)
INFO  [17:32:31.318] [bbotk] Result of batch 1:
INFO  [17:32:31.319] [bbotk]  nrounds        eta max_depth classif.ce warnings errors runtime_learners
INFO  [17:32:31.319] [bbotk]      141 0.04145175         6  0.0105237        0      0            0.162
INFO  [17:32:31.319] [bbotk]                                 uhash
INFO  [17:32:31.319] [bbotk]  51487536-8743-4699-ac65-3bba4c791b0b
INFO  [17:32:31.326] [bbotk] Evaluating 1 configuration(s)
INFO  [17:32:31.537] [bbotk] Result of batch 2:
INFO  [17:32:31.539] [bbotk]  nrounds       eta max_depth  classif.ce warnings errors runtime_learners
INFO  [17:32:31.539] [bbotk]      297 0.2495811         8 0.006476429        0      0            0.163
INFO  [17:32:31.539] [bbotk]                                 uhash
INFO  [17:32:31.539] [bbotk]  f33e0b8f-0164-4bb4-a5cb-dfb61f51b94a
INFO  [17:32:31.550] [bbotk] Evaluating 1 configuration(s)
INFO  [17:32:31.743] [bbotk] Result of batch 3:
INFO  [17:32:31.745] [bbotk]  nrounds       eta max_depth classif.ce warnings errors runtime_learners
INFO  [17:32:31.745] [bbotk]      261 0.1857499         8 0.00728549        0      0            0.144
INFO  [17:32:31.745] [bbotk]                                 uhash
INFO  [17:32:31.745] [bbotk]  bbb7f0bc-697f-4024-b3e3-ee7fcd43550f
INFO  [17:32:31.758] [bbotk] Evaluating 1 configuration(s)
INFO  [17:32:31.949] [bbotk] Result of batch 4:
INFO  [17:32:31.950] [bbotk]  nrounds       eta max_depth  classif.ce warnings errors runtime_learners
INFO  [17:32:31.950] [bbotk]      286 0.2168573         4 0.004856337        0      0            0.148
INFO  [17:32:31.950] [bbotk]                                 uhash
INFO  [17:32:31.950] [bbotk]  5cabd3d7-8783-4804-ba84-0cc02d21fc98
INFO  [17:32:31.954] [bbotk] Evaluating 1 configuration(s)
INFO  [17:32:32.093] [bbotk] Result of batch 5:
INFO  [17:32:32.094] [bbotk]  nrounds       eta max_depth  classif.ce warnings errors runtime_learners
INFO  [17:32:32.094] [bbotk]      143 0.1629525         4 0.007283522        0      0            0.102
INFO  [17:32:32.094] [bbotk]                                 uhash
INFO  [17:32:32.094] [bbotk]  af245eb6-2aed-46ef-a652-28550d7feaa4
INFO  [17:32:32.098] [bbotk] Evaluating 1 configuration(s)
INFO  [17:32:32.194] [bbotk] Result of batch 6:
INFO  [17:32:32.195] [bbotk]  nrounds       eta max_depth  classif.ce warnings errors runtime_learners
INFO  [17:32:32.195] [bbotk]       70 0.2016975         6 0.008092583        0      0            0.062
INFO  [17:32:32.195] [bbotk]                                 uhash
INFO  [17:32:32.195] [bbotk]  cb0b7eb4-e7f2-4bc6-80c3-9fdce84bb23d
INFO  [17:32:32.204] [bbotk] Evaluating 1 configuration(s)
INFO  [17:32:32.406] [bbotk] Result of batch 7:
INFO  [17:32:32.410] [bbotk]  nrounds       eta max_depth  classif.ce warnings errors runtime_learners
INFO  [17:32:32.410] [bbotk]      290 0.2975946         7 0.005665399        0      0            0.136
INFO  [17:32:32.410] [bbotk]                                 uhash
INFO  [17:32:32.410] [bbotk]  bb20c4c5-bdaf-44f9-ba12-0d99cfb2814b
INFO  [17:32:32.420] [bbotk] Evaluating 1 configuration(s)
INFO  [17:32:32.612] [bbotk] Result of batch 8:
INFO  [17:32:32.613] [bbotk]  nrounds       eta max_depth  classif.ce warnings errors runtime_learners
INFO  [17:32:32.613] [bbotk]      257 0.1543393         3 0.004049244        0      0            0.154
INFO  [17:32:32.613] [bbotk]                                 uhash
INFO  [17:32:32.613] [bbotk]  d5b3165e-7274-46ca-9ce5-14267b98efab
INFO  [17:32:32.620] [bbotk] Evaluating 1 configuration(s)
INFO  [17:32:32.735] [bbotk] Result of batch 9:
INFO  [17:32:32.736] [bbotk]  nrounds        eta max_depth  classif.ce warnings errors runtime_learners
INFO  [17:32:32.736] [bbotk]       62 0.07055237        10 0.008903613        0      0            0.079
INFO  [17:32:32.736] [bbotk]                                 uhash
INFO  [17:32:32.736] [bbotk]  34c0c035-ba52-4a54-9174-67b9b57ab1df
INFO  [17:32:32.740] [bbotk] Evaluating 1 configuration(s)
INFO  [17:32:32.865] [bbotk] Result of batch 10:
INFO  [17:32:32.866] [bbotk]  nrounds       eta max_depth  classif.ce warnings errors runtime_learners
INFO  [17:32:32.866] [bbotk]      166 0.1755904         6 0.005665399        0      0            0.092
INFO  [17:32:32.866] [bbotk]                                 uhash
INFO  [17:32:32.866] [bbotk]  5e3b5fa8-1c5a-4baf-a817-98b83f871ac4
INFO  [17:32:32.875] [bbotk] Finished optimizing after 10 evaluation(s)
INFO  [17:32:32.875] [bbotk] Result:
INFO  [17:32:32.876] [bbotk]  nrounds       eta max_depth learner_param_vals  x_domain  classif.ce
INFO  [17:32:32.876] [bbotk]    <int>     <num>     <int>             <list>    <list>       <num>
INFO  [17:32:32.876] [bbotk]      257 0.1543393         3          <list[5]> <list[3]> 0.004049244

### [bt]: Job terminated successfully [batchtools job.id=3475]
### [bt]: Calculation finished!
