### [bt]: This is batchtools v0.9.17
### [bt]: Starting calculation of 5 jobs
### [bt]: Setting working directory to '/Users/User/Documents/Studium/Semester8/Hiwi/mlr3calibration/vignettes'
### [bt]: Memory measurement disabled
### [bt]: Starting job [batchtools job.id=3061]
### [bt]: Generating problem instance for problem '6390d9e81da17366' ...
### [bt]: Applying algorithm 'run_learner' on problem '6390d9e81da17366' for job 3061 (seed = 3062) ...
INFO  [17:28:18.935] [mlr3] Applying learner 'classif.xgboost.tuned_calib.tunefirst.oof_platt' on task 'qsar-biodeg' (iter 1/10)
INFO  [17:28:18.970] [bbotk] Starting to optimize 3 parameter(s) with '<OptimizerBatchRandomSearch>' and '<TerminatorEvals> [n_evals=10, k=0]'
INFO  [17:28:18.986] [bbotk] Evaluating 1 configuration(s)
INFO  [17:28:19.452] [bbotk] Result of batch 1:
INFO  [17:28:19.454] [bbotk]  nrounds       eta max_depth classif.ce warnings errors runtime_learners
INFO  [17:28:19.454] [bbotk]      207 0.2626914         2  0.1275074        0      0            0.413
INFO  [17:28:19.454] [bbotk]                                 uhash
INFO  [17:28:19.454] [bbotk]  1e224458-e53e-485e-a589-69ae7ca400bc
INFO  [17:28:19.463] [bbotk] Evaluating 1 configuration(s)
INFO  [17:28:20.505] [bbotk] Result of batch 2:
INFO  [17:28:20.507] [bbotk]  nrounds       eta max_depth classif.ce warnings errors runtime_learners
INFO  [17:28:20.507] [bbotk]      194 0.1936172        10  0.1359162        0      0            0.967
INFO  [17:28:20.507] [bbotk]                                 uhash
INFO  [17:28:20.507] [bbotk]  c21661c1-933f-4f4d-8903-987a6b8577b3
INFO  [17:28:20.520] [bbotk] Evaluating 1 configuration(s)
INFO  [17:28:21.168] [bbotk] Result of batch 3:
INFO  [17:28:21.169] [bbotk]  nrounds       eta max_depth classif.ce warnings errors runtime_learners
INFO  [17:28:21.169] [bbotk]      108 0.1272961         6  0.1401423        0      0            0.602
INFO  [17:28:21.169] [bbotk]                                 uhash
INFO  [17:28:21.169] [bbotk]  d13477b0-0a61-4067-a250-b3057858199f
INFO  [17:28:21.172] [bbotk] Evaluating 1 configuration(s)
INFO  [17:28:21.978] [bbotk] Result of batch 4:
INFO  [17:28:21.981] [bbotk]  nrounds       eta max_depth classif.ce warnings errors runtime_learners
INFO  [17:28:21.981] [bbotk]      194 0.1172697         4  0.1348747        0      0            0.757
INFO  [17:28:21.981] [bbotk]                                 uhash
INFO  [17:28:21.981] [bbotk]  a10dc96f-57f1-4d8d-b0e8-26503eacee52
INFO  [17:28:21.992] [bbotk] Evaluating 1 configuration(s)
INFO  [17:28:22.705] [bbotk] Result of batch 5:
INFO  [17:28:22.706] [bbotk]  nrounds       eta max_depth classif.ce warnings errors runtime_learners
INFO  [17:28:22.706] [bbotk]      132 0.1975985         8  0.1380392        0      0             0.67
INFO  [17:28:22.706] [bbotk]                                 uhash
INFO  [17:28:22.706] [bbotk]  960ad9c7-ac6d-430f-8c63-98dd2ec183e2
INFO  [17:28:22.713] [bbotk] Evaluating 1 configuration(s)
INFO  [17:28:23.616] [bbotk] Result of batch 6:
INFO  [17:28:23.617] [bbotk]  nrounds       eta max_depth classif.ce warnings errors runtime_learners
INFO  [17:28:23.617] [bbotk]      162 0.1147453         6  0.1359229        0      0            0.855
INFO  [17:28:23.617] [bbotk]                                 uhash
INFO  [17:28:23.617] [bbotk]  03b90713-3f0c-4ceb-a475-7f39fa9c224f
INFO  [17:28:23.621] [bbotk] Evaluating 1 configuration(s)
INFO  [17:28:24.699] [bbotk] Result of batch 7:
INFO  [17:28:24.700] [bbotk]  nrounds       eta max_depth classif.ce warnings errors runtime_learners
INFO  [17:28:24.700] [bbotk]      191 0.1616041        10  0.1369877        0      0             1.03
INFO  [17:28:24.700] [bbotk]                                 uhash
INFO  [17:28:24.700] [bbotk]  52b7d0b1-9bd6-4cbb-8798-c4d117fe2073
INFO  [17:28:24.707] [bbotk] Evaluating 1 configuration(s)
INFO  [17:28:25.521] [bbotk] Result of batch 8:
INFO  [17:28:25.523] [bbotk]  nrounds       eta max_depth classif.ce warnings errors runtime_learners
INFO  [17:28:25.523] [bbotk]      209 0.1977511         4  0.1422553        0      0            0.773
INFO  [17:28:25.523] [bbotk]                                 uhash
INFO  [17:28:25.523] [bbotk]  a51e8894-822f-4efb-9268-075d2bcb9b78
INFO  [17:28:25.531] [bbotk] Evaluating 1 configuration(s)
INFO  [17:28:27.094] [bbotk] Result of batch 9:
INFO  [17:28:27.096] [bbotk]  nrounds        eta max_depth classif.ce warnings errors runtime_learners
INFO  [17:28:27.096] [bbotk]      220 0.05237137        10  0.1338165        0      0            1.515
INFO  [17:28:27.096] [bbotk]                                 uhash
INFO  [17:28:27.096] [bbotk]  087fed3c-9346-4030-8e83-7641905cecce
INFO  [17:28:27.103] [bbotk] Evaluating 1 configuration(s)
INFO  [17:28:27.668] [bbotk] Result of batch 10:
INFO  [17:28:27.669] [bbotk]  nrounds        eta max_depth classif.ce warnings errors runtime_learners
INFO  [17:28:27.669] [bbotk]      284 0.02598803         2  0.1485844        0      0            0.516
INFO  [17:28:27.669] [bbotk]                                 uhash
INFO  [17:28:27.669] [bbotk]  f806e04a-d11d-4e6d-b791-611ab14c3ec0
INFO  [17:28:27.684] [bbotk] Finished optimizing after 10 evaluation(s)
INFO  [17:28:27.685] [bbotk] Result:
INFO  [17:28:27.687] [bbotk]  nrounds       eta max_depth learner_param_vals  x_domain classif.ce
INFO  [17:28:27.687] [bbotk]    <int>     <num>     <int>             <list>    <list>      <num>
INFO  [17:28:27.687] [bbotk]      207 0.2626914         2          <list[5]> <list[3]>  0.1275074

### [bt]: Job terminated successfully [batchtools job.id=3061]
### [bt]: Starting job [batchtools job.id=3062]
### [bt]: Generating problem instance for problem '6390d9e81da17366' ...
### [bt]: Applying algorithm 'run_learner' on problem '6390d9e81da17366' for job 3062 (seed = 3063) ...
INFO  [17:28:28.823] [mlr3] Applying learner 'classif.xgboost.tuned_calib.tunefirst.oof_platt' on task 'qsar-biodeg' (iter 2/10)
INFO  [17:28:28.893] [bbotk] Starting to optimize 3 parameter(s) with '<OptimizerBatchRandomSearch>' and '<TerminatorEvals> [n_evals=10, k=0]'
INFO  [17:28:28.911] [bbotk] Evaluating 1 configuration(s)
INFO  [17:28:29.431] [bbotk] Result of batch 1:
INFO  [17:28:29.432] [bbotk]  nrounds       eta max_depth classif.ce warnings errors runtime_learners
INFO  [17:28:29.432] [bbotk]       62 0.1779085         9  0.1528005        0      0            0.465
INFO  [17:28:29.432] [bbotk]                                 uhash
INFO  [17:28:29.432] [bbotk]  4b1a5637-9991-48dd-a057-c0734202b02b
INFO  [17:28:29.438] [bbotk] Evaluating 1 configuration(s)
INFO  [17:28:30.359] [bbotk] Result of batch 2:
INFO  [17:28:30.360] [bbotk]  nrounds       eta max_depth classif.ce warnings errors runtime_learners
INFO  [17:28:30.360] [bbotk]      181 0.2068323        10  0.1422853        0      0            0.886
INFO  [17:28:30.360] [bbotk]                                 uhash
INFO  [17:28:30.360] [bbotk]  75d11df5-d736-4882-bc1d-b10119aa5f0d
INFO  [17:28:30.369] [bbotk] Evaluating 1 configuration(s)
INFO  [17:28:30.996] [bbotk] Result of batch 3:
INFO  [17:28:30.999] [bbotk]  nrounds       eta max_depth classif.ce warnings errors runtime_learners
INFO  [17:28:30.999] [bbotk]      222 0.2459377         3  0.1475263        0      0            0.589
INFO  [17:28:30.999] [bbotk]                                 uhash
INFO  [17:28:30.999] [bbotk]  6ecf8303-00a0-4cba-b987-3f8b056f55ba
INFO  [17:28:31.007] [bbotk] Evaluating 1 configuration(s)
INFO  [17:28:32.023] [bbotk] Result of batch 4:
INFO  [17:28:32.025] [bbotk]  nrounds       eta max_depth classif.ce warnings errors runtime_learners
INFO  [17:28:32.025] [bbotk]      159 0.1256978        10  0.1485977        0      0            0.972
INFO  [17:28:32.025] [bbotk]                                 uhash
INFO  [17:28:32.025] [bbotk]  b7543fbd-e1fc-4450-98b4-8b43a172a1bb
INFO  [17:28:32.034] [bbotk] Evaluating 1 configuration(s)
INFO  [17:28:32.814] [bbotk] Result of batch 5:
INFO  [17:28:32.815] [bbotk]  nrounds       eta max_depth classif.ce warnings errors runtime_learners
INFO  [17:28:32.815] [bbotk]      174 0.1582212         5  0.1464847        0      0            0.744
INFO  [17:28:32.815] [bbotk]                                 uhash
INFO  [17:28:32.815] [bbotk]  1acff1ab-dcc7-4785-8f9a-30e3082b9c6f
INFO  [17:28:32.824] [bbotk] Evaluating 1 configuration(s)
INFO  [17:28:33.005] [bbotk] Result of batch 6:
INFO  [17:28:33.006] [bbotk]  nrounds       eta max_depth classif.ce warnings errors runtime_learners
INFO  [17:28:33.006] [bbotk]       68 0.2742655         3   0.149636        0      0            0.142
INFO  [17:28:33.006] [bbotk]                                 uhash
INFO  [17:28:33.006] [bbotk]  2177b363-d13c-41f2-8235-328a5150d1d7
INFO  [17:28:33.024] [bbotk] Evaluating 1 configuration(s)
INFO  [17:28:33.894] [bbotk] Result of batch 7:
INFO  [17:28:33.895] [bbotk]  nrounds        eta max_depth classif.ce warnings errors runtime_learners
INFO  [17:28:33.895] [bbotk]       97 0.06905245        10   0.146488        0      0            0.806
INFO  [17:28:33.895] [bbotk]                                 uhash
INFO  [17:28:33.895] [bbotk]  002167a3-c1eb-4206-933e-a0df4f35ed61
INFO  [17:28:33.900] [bbotk] Evaluating 1 configuration(s)
INFO  [17:28:35.018] [bbotk] Result of batch 8:
INFO  [17:28:35.019] [bbotk]  nrounds       eta max_depth classif.ce warnings errors runtime_learners
INFO  [17:28:35.019] [bbotk]      248 0.2029294         6  0.1391074        0      0            1.057
INFO  [17:28:35.019] [bbotk]                                 uhash
INFO  [17:28:35.019] [bbotk]  8638221d-9847-4290-9754-9c9b4650075f
INFO  [17:28:35.026] [bbotk] Evaluating 1 configuration(s)
INFO  [17:28:36.282] [bbotk] Result of batch 9:
INFO  [17:28:36.283] [bbotk]  nrounds       eta max_depth classif.ce warnings errors runtime_learners
INFO  [17:28:36.283] [bbotk]      270 0.1933268         8  0.1401656        0      0            1.208
INFO  [17:28:36.283] [bbotk]                                 uhash
INFO  [17:28:36.283] [bbotk]  f57301b0-8de0-4e52-9c95-53d8d730f62b
INFO  [17:28:36.291] [bbotk] Evaluating 1 configuration(s)
INFO  [17:28:37.857] [bbotk] Result of batch 10:
INFO  [17:28:37.858] [bbotk]  nrounds       eta max_depth classif.ce warnings errors runtime_learners
INFO  [17:28:37.858] [bbotk]      291 0.0991198         7  0.1433268        0      0            1.525
INFO  [17:28:37.858] [bbotk]                                 uhash
INFO  [17:28:37.858] [bbotk]  7cafb568-a09c-4264-9f08-1b0016db9858
INFO  [17:28:37.869] [bbotk] Finished optimizing after 10 evaluation(s)
INFO  [17:28:37.869] [bbotk] Result:
INFO  [17:28:37.871] [bbotk]  nrounds       eta max_depth learner_param_vals  x_domain classif.ce
INFO  [17:28:37.871] [bbotk]    <int>     <num>     <int>             <list>    <list>      <num>
INFO  [17:28:37.871] [bbotk]      248 0.2029294         6          <list[5]> <list[3]>  0.1391074

### [bt]: Job terminated successfully [batchtools job.id=3062]
### [bt]: Starting job [batchtools job.id=3063]
### [bt]: Generating problem instance for problem '6390d9e81da17366' ...
### [bt]: Applying algorithm 'run_learner' on problem '6390d9e81da17366' for job 3063 (seed = 3064) ...
INFO  [17:28:40.454] [mlr3] Applying learner 'classif.xgboost.tuned_calib.tunefirst.oof_platt' on task 'qsar-biodeg' (iter 3/10)
INFO  [17:28:40.513] [bbotk] Starting to optimize 3 parameter(s) with '<OptimizerBatchRandomSearch>' and '<TerminatorEvals> [n_evals=10, k=0]'
INFO  [17:28:40.536] [bbotk] Evaluating 1 configuration(s)
INFO  [17:28:41.246] [bbotk] Result of batch 1:
INFO  [17:28:41.247] [bbotk]  nrounds       eta max_depth classif.ce warnings errors runtime_learners
INFO  [17:28:41.247] [bbotk]      127 0.1911183         7  0.1338298        0      0             0.64
INFO  [17:28:41.247] [bbotk]                                 uhash
INFO  [17:28:41.247] [bbotk]  19f688bc-d89b-4169-a65a-ef5de671931a
INFO  [17:28:41.251] [bbotk] Evaluating 1 configuration(s)
INFO  [17:28:41.743] [bbotk] Result of batch 2:
INFO  [17:28:41.746] [bbotk]  nrounds       eta max_depth classif.ce warnings errors runtime_learners
INFO  [17:28:41.746] [bbotk]      280 0.2260893         2  0.1369844        0      0            0.458
INFO  [17:28:41.746] [bbotk]                                 uhash
INFO  [17:28:41.746] [bbotk]  690dce9a-ecf9-4799-98d3-9faabed8211f
INFO  [17:28:41.752] [bbotk] Evaluating 1 configuration(s)
INFO  [17:28:42.221] [bbotk] Result of batch 3:
INFO  [17:28:42.223] [bbotk]  nrounds       eta max_depth classif.ce warnings errors runtime_learners
INFO  [17:28:42.223] [bbotk]       70 0.1556341         9  0.1369877        0      0            0.436
INFO  [17:28:42.223] [bbotk]                                 uhash
INFO  [17:28:42.223] [bbotk]  7849afc1-dc82-46f0-9dc6-530078e5cf6d
INFO  [17:28:42.232] [bbotk] Evaluating 1 configuration(s)
INFO  [17:28:42.659] [bbotk] Result of batch 4:
INFO  [17:28:42.660] [bbotk]  nrounds       eta max_depth classif.ce warnings errors runtime_learners
INFO  [17:28:42.660] [bbotk]      185 0.2611425         2  0.1338198        0      0            0.383
INFO  [17:28:42.660] [bbotk]                                 uhash
INFO  [17:28:42.660] [bbotk]  c1102de0-3a29-4ccb-8a91-69f3f25ae225
INFO  [17:28:42.665] [bbotk] Evaluating 1 configuration(s)
INFO  [17:28:43.002] [bbotk] Result of batch 5:
INFO  [17:28:43.004] [bbotk]  nrounds        eta max_depth classif.ce warnings errors runtime_learners
INFO  [17:28:43.004] [bbotk]      148 0.08384636         2  0.1380259        0      0            0.286
INFO  [17:28:43.004] [bbotk]                                 uhash
INFO  [17:28:43.004] [bbotk]  a2a76a33-b8a1-4a16-ba1d-4cf0cc683a4f
INFO  [17:28:43.009] [bbotk] Evaluating 1 configuration(s)
INFO  [17:28:43.952] [bbotk] Result of batch 6:
INFO  [17:28:43.953] [bbotk]  nrounds       eta max_depth classif.ce warnings errors runtime_learners
INFO  [17:28:43.953] [bbotk]      219 0.1817134         9  0.1369977        0      0            0.904
INFO  [17:28:43.953] [bbotk]                                 uhash
INFO  [17:28:43.953] [bbotk]  233a4f8c-bab4-4991-82f8-284b87034e96
INFO  [17:28:43.957] [bbotk] Evaluating 1 configuration(s)
INFO  [17:28:44.882] [bbotk] Result of batch 7:
INFO  [17:28:44.884] [bbotk]  nrounds       eta max_depth classif.ce warnings errors runtime_learners
INFO  [17:28:44.884] [bbotk]      204 0.2175648         9  0.1317334        0      0            0.878
INFO  [17:28:44.884] [bbotk]                                 uhash
INFO  [17:28:44.884] [bbotk]  550f92a3-c90c-4a31-a0a3-05fafbb579c3
INFO  [17:28:44.892] [bbotk] Evaluating 1 configuration(s)
INFO  [17:28:45.611] [bbotk] Result of batch 8:
INFO  [17:28:45.613] [bbotk]  nrounds       eta max_depth classif.ce warnings errors runtime_learners
INFO  [17:28:45.613] [bbotk]      180 0.1378424         4  0.1317201        0      0            0.662
INFO  [17:28:45.613] [bbotk]                                 uhash
INFO  [17:28:45.613] [bbotk]  6f462551-aa85-45f7-9d14-d55af98dd56e
INFO  [17:28:45.619] [bbotk] Evaluating 1 configuration(s)
INFO  [17:28:46.254] [bbotk] Result of batch 9:
INFO  [17:28:46.256] [bbotk]  nrounds        eta max_depth classif.ce warnings errors runtime_learners
INFO  [17:28:46.256] [bbotk]       87 0.07200252         8  0.1317234        0      0            0.579
INFO  [17:28:46.256] [bbotk]                                 uhash
INFO  [17:28:46.256] [bbotk]  b29d24d3-a80c-4a70-8c41-418766248c34
INFO  [17:28:46.262] [bbotk] Evaluating 1 configuration(s)
INFO  [17:28:46.500] [bbotk] Result of batch 10:
INFO  [17:28:46.501] [bbotk]  nrounds       eta max_depth classif.ce warnings errors runtime_learners
INFO  [17:28:46.501] [bbotk]      100 0.1937331         2  0.1359295        0      0              0.2
INFO  [17:28:46.501] [bbotk]                                 uhash
INFO  [17:28:46.501] [bbotk]  fe99a852-9501-4084-91ac-06ade451649f
INFO  [17:28:46.515] [bbotk] Finished optimizing after 10 evaluation(s)
INFO  [17:28:46.515] [bbotk] Result:
INFO  [17:28:46.516] [bbotk]  nrounds       eta max_depth learner_param_vals  x_domain classif.ce
INFO  [17:28:46.516] [bbotk]    <int>     <num>     <int>             <list>    <list>      <num>
INFO  [17:28:46.516] [bbotk]      180 0.1378424         4          <list[5]> <list[3]>  0.1317201

### [bt]: Job terminated successfully [batchtools job.id=3063]
### [bt]: Starting job [batchtools job.id=3064]
### [bt]: Generating problem instance for problem '6390d9e81da17366' ...
### [bt]: Applying algorithm 'run_learner' on problem '6390d9e81da17366' for job 3064 (seed = 3065) ...
INFO  [17:28:48.045] [mlr3] Applying learner 'classif.xgboost.tuned_calib.tunefirst.oof_platt' on task 'qsar-biodeg' (iter 4/10)
INFO  [17:28:48.090] [bbotk] Starting to optimize 3 parameter(s) with '<OptimizerBatchRandomSearch>' and '<TerminatorEvals> [n_evals=10, k=0]'
INFO  [17:28:48.106] [bbotk] Evaluating 1 configuration(s)
INFO  [17:28:48.872] [bbotk] Result of batch 1:
INFO  [17:28:48.873] [bbotk]  nrounds       eta max_depth classif.ce warnings errors runtime_learners
INFO  [17:28:48.873] [bbotk]      101 0.0797936         9  0.1370044        0      0             0.71
INFO  [17:28:48.873] [bbotk]                                 uhash
INFO  [17:28:48.873] [bbotk]  6cb7c94d-0aa6-487a-a9c9-aa596167d84b
INFO  [17:28:48.879] [bbotk] Evaluating 1 configuration(s)
INFO  [17:28:49.445] [bbotk] Result of batch 2:
INFO  [17:28:49.446] [bbotk]  nrounds       eta max_depth classif.ce warnings errors runtime_learners
INFO  [17:28:49.446] [bbotk]       89 0.2755303         8  0.1359428        0      0             0.52
INFO  [17:28:49.446] [bbotk]                                 uhash
INFO  [17:28:49.446] [bbotk]  8f23a9e0-aa18-4ae3-ad8c-6f26620a3335
INFO  [17:28:49.460] [bbotk] Evaluating 1 configuration(s)
INFO  [17:28:50.953] [bbotk] Result of batch 3:
INFO  [17:28:50.962] [bbotk]  nrounds        eta max_depth classif.ce warnings errors runtime_learners
INFO  [17:28:50.962] [bbotk]      284 0.07359484         6  0.1348714        0      0            1.446
INFO  [17:28:50.962] [bbotk]                                 uhash
INFO  [17:28:50.962] [bbotk]  ea75330d-9785-47ac-9771-c7b99a051bed
INFO  [17:28:50.970] [bbotk] Evaluating 1 configuration(s)
INFO  [17:28:51.168] [bbotk] Result of batch 4:
INFO  [17:28:51.169] [bbotk]  nrounds      eta max_depth classif.ce warnings errors runtime_learners
INFO  [17:28:51.169] [bbotk]       54 0.116773         3  0.1464647        0      0            0.154
INFO  [17:28:51.169] [bbotk]                                 uhash
INFO  [17:28:51.169] [bbotk]  df3dd018-ff29-4296-875d-46a99539a8de
INFO  [17:28:51.175] [bbotk] Evaluating 1 configuration(s)
INFO  [17:28:52.490] [bbotk] Result of batch 5:
INFO  [17:28:52.491] [bbotk]  nrounds        eta max_depth classif.ce warnings errors runtime_learners
INFO  [17:28:52.491] [bbotk]      174 0.02080449         9  0.1391041        0      0            1.267
INFO  [17:28:52.491] [bbotk]                                 uhash
INFO  [17:28:52.491] [bbotk]  06d15b71-396c-4a37-9950-6d84984d8c77
INFO  [17:28:52.495] [bbotk] Evaluating 1 configuration(s)
INFO  [17:28:52.677] [bbotk] Result of batch 6:
INFO  [17:28:52.679] [bbotk]  nrounds        eta max_depth classif.ce warnings errors runtime_learners
INFO  [17:28:52.679] [bbotk]       67 0.08672658         2  0.1570066        0      0            0.136
INFO  [17:28:52.679] [bbotk]                                 uhash
INFO  [17:28:52.679] [bbotk]  48e20a35-d76f-4ac3-8251-a7adc5ff776e
INFO  [17:28:52.689] [bbotk] Evaluating 1 configuration(s)
INFO  [17:28:53.560] [bbotk] Result of batch 7:
INFO  [17:28:53.561] [bbotk]  nrounds       eta max_depth classif.ce warnings errors runtime_learners
INFO  [17:28:53.561] [bbotk]      230 0.2204329         4   0.132775        0      0            0.813
INFO  [17:28:53.561] [bbotk]                                 uhash
INFO  [17:28:53.561] [bbotk]  50ef3afe-65bf-4f3e-a1ed-02928cd8cfd2
INFO  [17:28:53.571] [bbotk] Evaluating 1 configuration(s)
INFO  [17:28:54.577] [bbotk] Result of batch 8:
INFO  [17:28:54.578] [bbotk]  nrounds        eta max_depth classif.ce warnings errors runtime_learners
INFO  [17:28:54.578] [bbotk]      159 0.04105163         6  0.1433102        0      0            0.953
INFO  [17:28:54.578] [bbotk]                                 uhash
INFO  [17:28:54.578] [bbotk]  e1183e29-5daa-4f45-9921-b421b3baeeaa
INFO  [17:28:54.585] [bbotk] Evaluating 1 configuration(s)
INFO  [17:28:55.545] [bbotk] Result of batch 9:
INFO  [17:28:55.546] [bbotk]  nrounds       eta max_depth classif.ce warnings errors runtime_learners
INFO  [17:28:55.546] [bbotk]      238 0.2600643         9  0.1285622        0      0             0.92
INFO  [17:28:55.546] [bbotk]                                 uhash
INFO  [17:28:55.546] [bbotk]  5f25b703-af2d-4cba-9b85-5931211146bf
INFO  [17:28:55.555] [bbotk] Evaluating 1 configuration(s)
INFO  [17:28:56.016] [bbotk] Result of batch 10:
INFO  [17:28:56.018] [bbotk]  nrounds       eta max_depth classif.ce warnings errors runtime_learners
INFO  [17:28:56.018] [bbotk]      239 0.1321709         2  0.1454166        0      0            0.418
INFO  [17:28:56.018] [bbotk]                                 uhash
INFO  [17:28:56.018] [bbotk]  942c705a-063d-4543-bc9d-2a73b4523672
INFO  [17:28:56.033] [bbotk] Finished optimizing after 10 evaluation(s)
INFO  [17:28:56.034] [bbotk] Result:
INFO  [17:28:56.034] [bbotk]  nrounds       eta max_depth learner_param_vals  x_domain classif.ce
INFO  [17:28:56.034] [bbotk]    <int>     <num>     <int>             <list>    <list>      <num>
INFO  [17:28:56.034] [bbotk]      238 0.2600643         9          <list[5]> <list[3]>  0.1285622

### [bt]: Job terminated successfully [batchtools job.id=3064]
### [bt]: Starting job [batchtools job.id=3065]
### [bt]: Generating problem instance for problem '6390d9e81da17366' ...
### [bt]: Applying algorithm 'run_learner' on problem '6390d9e81da17366' for job 3065 (seed = 3066) ...
INFO  [17:28:58.616] [mlr3] Applying learner 'classif.xgboost.tuned_calib.tunefirst.oof_platt' on task 'qsar-biodeg' (iter 5/10)
INFO  [17:28:58.656] [bbotk] Starting to optimize 3 parameter(s) with '<OptimizerBatchRandomSearch>' and '<TerminatorEvals> [n_evals=10, k=0]'
INFO  [17:28:58.678] [bbotk] Evaluating 1 configuration(s)
INFO  [17:28:59.769] [bbotk] Result of batch 1:
INFO  [17:28:59.770] [bbotk]  nrounds       eta max_depth classif.ce warnings errors runtime_learners
INFO  [17:28:59.770] [bbotk]      225 0.1789761        10  0.1411872        0      0            1.039
INFO  [17:28:59.770] [bbotk]                                 uhash
INFO  [17:28:59.770] [bbotk]  d0efe208-6136-4b47-a4a7-5e24438a9145
INFO  [17:28:59.774] [bbotk] Evaluating 1 configuration(s)
INFO  [17:29:00.529] [bbotk] Result of batch 2:
INFO  [17:29:00.531] [bbotk]  nrounds       eta max_depth classif.ce warnings errors runtime_learners
INFO  [17:29:00.531] [bbotk]      278 0.2622771         3   0.147503        0      0              0.7
INFO  [17:29:00.531] [bbotk]                                 uhash
INFO  [17:29:00.531] [bbotk]  4d959498-a4be-4128-809c-c159b603e68c
INFO  [17:29:00.540] [bbotk] Evaluating 1 configuration(s)
INFO  [17:29:00.803] [bbotk] Result of batch 3:
INFO  [17:29:00.805] [bbotk]  nrounds       eta max_depth classif.ce warnings errors runtime_learners
INFO  [17:29:00.805] [bbotk]      117 0.2479851         2  0.1401257        0      0            0.221
INFO  [17:29:00.805] [bbotk]                                 uhash
INFO  [17:29:00.805] [bbotk]  56991ef5-c4af-435c-88f9-8392c2add1df
INFO  [17:29:00.815] [bbotk] Evaluating 1 configuration(s)
INFO  [17:29:01.343] [bbotk] Result of batch 4:
INFO  [17:29:01.344] [bbotk]  nrounds       eta max_depth classif.ce warnings errors runtime_learners
INFO  [17:29:01.344] [bbotk]       80 0.2029229         9  0.1474996        0      0            0.486
INFO  [17:29:01.344] [bbotk]                                 uhash
INFO  [17:29:01.344] [bbotk]  71cef231-054b-45c2-ba74-4632fa2332ea
INFO  [17:29:01.350] [bbotk] Evaluating 1 configuration(s)
INFO  [17:29:01.773] [bbotk] Result of batch 5:
INFO  [17:29:01.774] [bbotk]  nrounds        eta max_depth classif.ce warnings errors runtime_learners
INFO  [17:29:01.774] [bbotk]       62 0.02259248         6  0.1643773        0      0            0.378
INFO  [17:29:01.774] [bbotk]                                 uhash
INFO  [17:29:01.774] [bbotk]  d78fb602-5d66-4114-895f-6d1f03a67a07
INFO  [17:29:01.777] [bbotk] Evaluating 1 configuration(s)
INFO  [17:29:02.811] [bbotk] Result of batch 6:
INFO  [17:29:02.814] [bbotk]  nrounds       eta max_depth classif.ce warnings errors runtime_learners
INFO  [17:29:02.814] [bbotk]      289 0.2585693         9  0.1443417        0      0            0.992
INFO  [17:29:02.814] [bbotk]                                 uhash
INFO  [17:29:02.814] [bbotk]  014563d1-3600-401b-83dd-08e0a6b77710
INFO  [17:29:02.818] [bbotk] Evaluating 1 configuration(s)
INFO  [17:29:03.541] [bbotk] Result of batch 7:
INFO  [17:29:03.542] [bbotk]  nrounds       eta max_depth classif.ce warnings errors runtime_learners
INFO  [17:29:03.542] [bbotk]      193 0.1112003         4  0.1517257        0      0            0.683
INFO  [17:29:03.542] [bbotk]                                 uhash
INFO  [17:29:03.542] [bbotk]  1ddf654b-684d-4b5e-b911-65e1485fa842
INFO  [17:29:03.548] [bbotk] Evaluating 1 configuration(s)
INFO  [17:29:04.325] [bbotk] Result of batch 8:
INFO  [17:29:04.326] [bbotk]  nrounds        eta max_depth classif.ce warnings errors runtime_learners
INFO  [17:29:04.326] [bbotk]      204 0.07583725         4  0.1475096        0      0            0.717
INFO  [17:29:04.326] [bbotk]                                 uhash
INFO  [17:29:04.326] [bbotk]  670dbca8-ffd2-44c7-9944-197cf9a9eb36
INFO  [17:29:04.332] [bbotk] Evaluating 1 configuration(s)
INFO  [17:29:04.903] [bbotk] Result of batch 9:
INFO  [17:29:04.904] [bbotk]  nrounds       eta max_depth classif.ce warnings errors runtime_learners
INFO  [17:29:04.904] [bbotk]      117 0.2715552         6  0.1464481        0      0            0.535
INFO  [17:29:04.904] [bbotk]                                 uhash
INFO  [17:29:04.904] [bbotk]  0b63256a-7449-49b3-ac04-eaaef69c88f6
INFO  [17:29:04.913] [bbotk] Evaluating 1 configuration(s)
INFO  [17:29:05.295] [bbotk] Result of batch 10:
INFO  [17:29:05.296] [bbotk]  nrounds       eta max_depth classif.ce warnings errors runtime_learners
INFO  [17:29:05.296] [bbotk]       76 0.2792361        10  0.1369677        0      0            0.357
INFO  [17:29:05.296] [bbotk]                                 uhash
INFO  [17:29:05.296] [bbotk]  f91c30c0-04a0-48f6-ab03-f0f1e9e80ffa
INFO  [17:29:05.304] [bbotk] Finished optimizing after 10 evaluation(s)
INFO  [17:29:05.304] [bbotk] Result:
INFO  [17:29:05.305] [bbotk]  nrounds       eta max_depth learner_param_vals  x_domain classif.ce
INFO  [17:29:05.305] [bbotk]    <int>     <num>     <int>             <list>    <list>      <num>
INFO  [17:29:05.305] [bbotk]       76 0.2792361        10          <list[5]> <list[3]>  0.1369677

### [bt]: Job terminated successfully [batchtools job.id=3065]
### [bt]: Calculation finished!
