### [bt]: This is batchtools v0.9.17
### [bt]: Starting calculation of 5 jobs
### [bt]: Setting working directory to '/Users/User/Documents/Studium/Semester8/Hiwi/mlr3calibration/vignettes'
### [bt]: Memory measurement disabled
### [bt]: Starting job [batchtools job.id=2211]
### [bt]: Generating problem instance for problem 'a63d756aec4c60c1' ...
### [bt]: Applying algorithm 'run_learner' on problem 'a63d756aec4c60c1' for job 2211 (seed = 2212) ...
INFO  [17:08:16.202] [mlr3] Applying learner 'classif.xgboost.tuned' on task 'pc1' (iter 1/10)
INFO  [17:08:16.240] [bbotk] Starting to optimize 3 parameter(s) with '<OptimizerBatchRandomSearch>' and '<TerminatorEvals> [n_evals=10, k=0]'
INFO  [17:08:16.259] [bbotk] Evaluating 1 configuration(s)
INFO  [17:08:16.265] [mlr3] Running benchmark with 3 resampling iterations
INFO  [17:08:16.271] [mlr3] Applying learner 'classif.xgboost' on task 'pc1' (iter 1/3)
INFO  [17:08:16.409] [mlr3] Applying learner 'classif.xgboost' on task 'pc1' (iter 2/3)
INFO  [17:08:16.645] [mlr3] Applying learner 'classif.xgboost' on task 'pc1' (iter 3/3)
INFO  [17:08:16.843] [mlr3] Finished benchmark
INFO  [17:08:16.880] [bbotk] Result of batch 1:
INFO  [17:08:16.881] [bbotk]  nrounds        eta max_depth classif.ce warnings errors runtime_learners
INFO  [17:08:16.881] [bbotk]      119 0.07454116         7  0.0731394        0      0            0.544
INFO  [17:08:16.881] [bbotk]                                 uhash
INFO  [17:08:16.881] [bbotk]  e49351eb-285f-4e81-ae3e-a932d15b54c2
INFO  [17:08:16.893] [bbotk] Evaluating 1 configuration(s)
INFO  [17:08:16.895] [mlr3] Running benchmark with 3 resampling iterations
INFO  [17:08:16.898] [mlr3] Applying learner 'classif.xgboost' on task 'pc1' (iter 1/3)
INFO  [17:08:17.166] [mlr3] Applying learner 'classif.xgboost' on task 'pc1' (iter 2/3)
INFO  [17:08:17.441] [mlr3] Applying learner 'classif.xgboost' on task 'pc1' (iter 3/3)
INFO  [17:08:17.664] [mlr3] Finished benchmark
INFO  [17:08:17.698] [bbotk] Result of batch 2:
INFO  [17:08:17.699] [bbotk]  nrounds       eta max_depth classif.ce warnings errors runtime_learners
INFO  [17:08:17.699] [bbotk]      290 0.2032107         3 0.07814139        0      0            0.719
INFO  [17:08:17.699] [bbotk]                                 uhash
INFO  [17:08:17.699] [bbotk]  e3fcefa2-5fb7-4fa9-8586-785a00172935
INFO  [17:08:17.718] [bbotk] Evaluating 1 configuration(s)
INFO  [17:08:17.725] [mlr3] Running benchmark with 3 resampling iterations
INFO  [17:08:17.734] [mlr3] Applying learner 'classif.xgboost' on task 'pc1' (iter 1/3)
INFO  [17:08:17.944] [mlr3] Applying learner 'classif.xgboost' on task 'pc1' (iter 2/3)
INFO  [17:08:18.166] [mlr3] Applying learner 'classif.xgboost' on task 'pc1' (iter 3/3)
INFO  [17:08:18.366] [mlr3] Finished benchmark
INFO  [17:08:18.396] [bbotk] Result of batch 3:
INFO  [17:08:18.399] [bbotk]  nrounds        eta max_depth classif.ce warnings errors runtime_learners
INFO  [17:08:18.399] [bbotk]      127 0.09344877         7 0.07413739        0      0            0.581
INFO  [17:08:18.399] [bbotk]                                 uhash
INFO  [17:08:18.399] [bbotk]  e228a9c8-7508-486b-9995-083fddbb7b0f
INFO  [17:08:18.404] [bbotk] Evaluating 1 configuration(s)
INFO  [17:08:18.407] [mlr3] Running benchmark with 3 resampling iterations
INFO  [17:08:18.409] [mlr3] Applying learner 'classif.xgboost' on task 'pc1' (iter 1/3)
INFO  [17:08:18.562] [mlr3] Applying learner 'classif.xgboost' on task 'pc1' (iter 2/3)
INFO  [17:08:18.716] [mlr3] Applying learner 'classif.xgboost' on task 'pc1' (iter 3/3)
INFO  [17:08:18.861] [mlr3] Finished benchmark
INFO  [17:08:18.914] [bbotk] Result of batch 4:
INFO  [17:08:18.915] [bbotk]  nrounds       eta max_depth classif.ce warnings errors runtime_learners
INFO  [17:08:18.915] [bbotk]      102 0.1901595         9 0.07815044        0      0            0.414
INFO  [17:08:18.915] [bbotk]                                 uhash
INFO  [17:08:18.915] [bbotk]  17d04f7d-d749-4119-967a-5556d1853017
INFO  [17:08:18.933] [bbotk] Evaluating 1 configuration(s)
INFO  [17:08:18.945] [mlr3] Running benchmark with 3 resampling iterations
INFO  [17:08:18.950] [mlr3] Applying learner 'classif.xgboost' on task 'pc1' (iter 1/3)
INFO  [17:08:19.299] [mlr3] Applying learner 'classif.xgboost' on task 'pc1' (iter 2/3)
INFO  [17:08:19.620] [mlr3] Applying learner 'classif.xgboost' on task 'pc1' (iter 3/3)
INFO  [17:08:19.880] [mlr3] Finished benchmark
INFO  [17:08:19.893] [bbotk] Result of batch 5:
INFO  [17:08:19.894] [bbotk]  nrounds        eta max_depth classif.ce warnings errors runtime_learners
INFO  [17:08:19.894] [bbotk]      179 0.05108712        10 0.07613939        0      0            0.906
INFO  [17:08:19.894] [bbotk]                                 uhash
INFO  [17:08:19.894] [bbotk]  e848529f-631d-43db-875a-b50249789524
INFO  [17:08:19.900] [bbotk] Evaluating 1 configuration(s)
INFO  [17:08:19.910] [mlr3] Running benchmark with 3 resampling iterations
INFO  [17:08:19.915] [mlr3] Applying learner 'classif.xgboost' on task 'pc1' (iter 1/3)
INFO  [17:08:20.127] [mlr3] Applying learner 'classif.xgboost' on task 'pc1' (iter 2/3)
INFO  [17:08:20.394] [mlr3] Applying learner 'classif.xgboost' on task 'pc1' (iter 3/3)
INFO  [17:08:20.629] [mlr3] Finished benchmark
INFO  [17:08:20.659] [bbotk] Result of batch 6:
INFO  [17:08:20.659] [bbotk]  nrounds        eta max_depth classif.ce warnings errors runtime_learners
INFO  [17:08:20.659] [bbotk]      248 0.03998694         3 0.06612335        0      0            0.676
INFO  [17:08:20.659] [bbotk]                                 uhash
INFO  [17:08:20.659] [bbotk]  c4e0ffa3-2959-48a4-93a2-0e28867722a7
INFO  [17:08:20.663] [bbotk] Evaluating 1 configuration(s)
INFO  [17:08:20.666] [mlr3] Running benchmark with 3 resampling iterations
INFO  [17:08:20.669] [mlr3] Applying learner 'classif.xgboost' on task 'pc1' (iter 1/3)
INFO  [17:08:20.989] [mlr3] Applying learner 'classif.xgboost' on task 'pc1' (iter 2/3)
INFO  [17:08:21.245] [mlr3] Applying learner 'classif.xgboost' on task 'pc1' (iter 3/3)
INFO  [17:08:21.626] [mlr3] Finished benchmark
INFO  [17:08:21.677] [bbotk] Result of batch 7:
INFO  [17:08:21.678] [bbotk]  nrounds      eta max_depth classif.ce warnings errors runtime_learners
INFO  [17:08:21.678] [bbotk]      297 0.249687         6 0.07613638        0      0            0.908
INFO  [17:08:21.678] [bbotk]                                 uhash
INFO  [17:08:21.678] [bbotk]  01803ade-f274-4885-a64c-8c33ffa25363
INFO  [17:08:21.686] [bbotk] Evaluating 1 configuration(s)
INFO  [17:08:21.691] [mlr3] Running benchmark with 3 resampling iterations
INFO  [17:08:21.695] [mlr3] Applying learner 'classif.xgboost' on task 'pc1' (iter 1/3)
INFO  [17:08:21.813] [mlr3] Applying learner 'classif.xgboost' on task 'pc1' (iter 2/3)
INFO  [17:08:21.926] [mlr3] Applying learner 'classif.xgboost' on task 'pc1' (iter 3/3)
INFO  [17:08:22.092] [mlr3] Finished benchmark
INFO  [17:08:22.124] [bbotk] Result of batch 8:
INFO  [17:08:22.137] [bbotk]  nrounds       eta max_depth classif.ce warnings errors runtime_learners
INFO  [17:08:22.137] [bbotk]       72 0.2851398         6 0.07815044        0      0            0.354
INFO  [17:08:22.137] [bbotk]                                 uhash
INFO  [17:08:22.137] [bbotk]  ee287a75-1029-4ece-a03f-b69036084494
INFO  [17:08:22.152] [bbotk] Evaluating 1 configuration(s)
INFO  [17:08:22.166] [mlr3] Running benchmark with 3 resampling iterations
INFO  [17:08:22.177] [mlr3] Applying learner 'classif.xgboost' on task 'pc1' (iter 1/3)
INFO  [17:08:22.368] [mlr3] Applying learner 'classif.xgboost' on task 'pc1' (iter 2/3)
INFO  [17:08:22.504] [mlr3] Applying learner 'classif.xgboost' on task 'pc1' (iter 3/3)
INFO  [17:08:22.671] [mlr3] Finished benchmark
INFO  [17:08:22.685] [bbotk] Result of batch 9:
INFO  [17:08:22.708] [bbotk]  nrounds       eta max_depth classif.ce warnings errors runtime_learners
INFO  [17:08:22.708] [bbotk]      155 0.1801842         4 0.07313337        0      0            0.462
INFO  [17:08:22.708] [bbotk]                                 uhash
INFO  [17:08:22.708] [bbotk]  57140e20-9269-4395-a43d-2e796f362240
INFO  [17:08:22.714] [bbotk] Evaluating 1 configuration(s)
INFO  [17:08:22.728] [mlr3] Running benchmark with 3 resampling iterations
INFO  [17:08:22.731] [mlr3] Applying learner 'classif.xgboost' on task 'pc1' (iter 1/3)
INFO  [17:08:22.810] [mlr3] Applying learner 'classif.xgboost' on task 'pc1' (iter 2/3)
INFO  [17:08:22.933] [mlr3] Applying learner 'classif.xgboost' on task 'pc1' (iter 3/3)
INFO  [17:08:23.039] [mlr3] Finished benchmark
INFO  [17:08:23.076] [bbotk] Result of batch 10:
INFO  [17:08:23.078] [bbotk]  nrounds       eta max_depth classif.ce warnings errors runtime_learners
INFO  [17:08:23.078] [bbotk]       68 0.1829676         4  0.0731394        0      0             0.26
INFO  [17:08:23.078] [bbotk]                                 uhash
INFO  [17:08:23.078] [bbotk]  7eca4105-6dec-40f1-8701-9da7af35e045
INFO  [17:08:23.097] [bbotk] Finished optimizing after 10 evaluation(s)
INFO  [17:08:23.098] [bbotk] Result:
INFO  [17:08:23.100] [bbotk]  nrounds        eta max_depth learner_param_vals  x_domain classif.ce
INFO  [17:08:23.100] [bbotk]    <int>      <num>     <int>             <list>    <list>      <num>
INFO  [17:08:23.100] [bbotk]      248 0.03998694         3          <list[5]> <list[3]> 0.06612335

### [bt]: Job terminated successfully [batchtools job.id=2211]
### [bt]: Starting job [batchtools job.id=2212]
### [bt]: Generating problem instance for problem 'a63d756aec4c60c1' ...
### [bt]: Applying algorithm 'run_learner' on problem 'a63d756aec4c60c1' for job 2212 (seed = 2213) ...
INFO  [17:08:23.392] [mlr3] Applying learner 'classif.xgboost.tuned' on task 'pc1' (iter 2/10)
INFO  [17:08:23.450] [bbotk] Starting to optimize 3 parameter(s) with '<OptimizerBatchRandomSearch>' and '<TerminatorEvals> [n_evals=10, k=0]'
INFO  [17:08:23.494] [bbotk] Evaluating 1 configuration(s)
INFO  [17:08:23.498] [mlr3] Running benchmark with 3 resampling iterations
INFO  [17:08:23.503] [mlr3] Applying learner 'classif.xgboost' on task 'pc1' (iter 1/3)
INFO  [17:08:23.575] [mlr3] Applying learner 'classif.xgboost' on task 'pc1' (iter 2/3)
INFO  [17:08:23.665] [mlr3] Applying learner 'classif.xgboost' on task 'pc1' (iter 3/3)
INFO  [17:08:23.720] [mlr3] Finished benchmark
INFO  [17:08:23.768] [bbotk] Result of batch 1:
INFO  [17:08:23.770] [bbotk]  nrounds       eta max_depth classif.ce warnings errors runtime_learners
INFO  [17:08:23.770] [bbotk]      123 0.2666856         2 0.06212538        0      0             0.18
INFO  [17:08:23.770] [bbotk]                                 uhash
INFO  [17:08:23.770] [bbotk]  96210028-c165-4e43-8c1c-4a921ef88e5c
INFO  [17:08:23.775] [bbotk] Evaluating 1 configuration(s)
INFO  [17:08:23.778] [mlr3] Running benchmark with 3 resampling iterations
INFO  [17:08:23.780] [mlr3] Applying learner 'classif.xgboost' on task 'pc1' (iter 1/3)
INFO  [17:08:23.942] [mlr3] Applying learner 'classif.xgboost' on task 'pc1' (iter 2/3)
INFO  [17:08:24.049] [mlr3] Applying learner 'classif.xgboost' on task 'pc1' (iter 3/3)
INFO  [17:08:24.166] [mlr3] Finished benchmark
INFO  [17:08:24.187] [bbotk] Result of batch 2:
INFO  [17:08:24.188] [bbotk]  nrounds       eta max_depth classif.ce warnings errors runtime_learners
INFO  [17:08:24.188] [bbotk]      271 0.2956412         3 0.06612637        0      0            0.368
INFO  [17:08:24.188] [bbotk]                                 uhash
INFO  [17:08:24.188] [bbotk]  b6c35b63-209f-412d-a48b-612989a1de80
INFO  [17:08:24.198] [bbotk] Evaluating 1 configuration(s)
INFO  [17:08:24.203] [mlr3] Running benchmark with 3 resampling iterations
INFO  [17:08:24.207] [mlr3] Applying learner 'classif.xgboost' on task 'pc1' (iter 1/3)
INFO  [17:08:24.314] [mlr3] Applying learner 'classif.xgboost' on task 'pc1' (iter 2/3)
INFO  [17:08:24.402] [mlr3] Applying learner 'classif.xgboost' on task 'pc1' (iter 3/3)
INFO  [17:08:24.502] [mlr3] Finished benchmark
INFO  [17:08:24.515] [bbotk] Result of batch 3:
INFO  [17:08:24.516] [bbotk]  nrounds       eta max_depth classif.ce warnings errors runtime_learners
INFO  [17:08:24.516] [bbotk]      101 0.1034744         8 0.06512235        0      0            0.278
INFO  [17:08:24.516] [bbotk]                                 uhash
INFO  [17:08:24.516] [bbotk]  7bbcb2f5-c950-4d58-9946-e822adbe7982
INFO  [17:08:24.527] [bbotk] Evaluating 1 configuration(s)
INFO  [17:08:24.530] [mlr3] Running benchmark with 3 resampling iterations
INFO  [17:08:24.533] [mlr3] Applying learner 'classif.xgboost' on task 'pc1' (iter 1/3)
INFO  [17:08:24.575] [mlr3] Applying learner 'classif.xgboost' on task 'pc1' (iter 2/3)
INFO  [17:08:24.625] [mlr3] Applying learner 'classif.xgboost' on task 'pc1' (iter 3/3)
INFO  [17:08:24.681] [mlr3] Finished benchmark
INFO  [17:08:24.702] [bbotk] Result of batch 4:
INFO  [17:08:24.705] [bbotk]  nrounds        eta max_depth classif.ce warnings errors runtime_learners
INFO  [17:08:24.705] [bbotk]       50 0.09996378         7 0.06814043        0      0            0.133
INFO  [17:08:24.705] [bbotk]                                 uhash
INFO  [17:08:24.705] [bbotk]  330c922a-080b-4600-95df-5f910c685338
INFO  [17:08:24.719] [bbotk] Evaluating 1 configuration(s)
INFO  [17:08:24.726] [mlr3] Running benchmark with 3 resampling iterations
INFO  [17:08:24.729] [mlr3] Applying learner 'classif.xgboost' on task 'pc1' (iter 1/3)
INFO  [17:08:25.021] [mlr3] Applying learner 'classif.xgboost' on task 'pc1' (iter 2/3)
INFO  [17:08:25.278] [mlr3] Applying learner 'classif.xgboost' on task 'pc1' (iter 3/3)
INFO  [17:08:25.541] [mlr3] Finished benchmark
INFO  [17:08:25.562] [bbotk] Result of batch 5:
INFO  [17:08:25.562] [bbotk]  nrounds        eta max_depth classif.ce warnings errors runtime_learners
INFO  [17:08:25.562] [bbotk]      287 0.01883264        10 0.06612938        0      0              0.8
INFO  [17:08:25.562] [bbotk]                                 uhash
INFO  [17:08:25.562] [bbotk]  8f209eee-05fe-4712-9633-613fb13b083b
INFO  [17:08:25.566] [bbotk] Evaluating 1 configuration(s)
INFO  [17:08:25.569] [mlr3] Running benchmark with 3 resampling iterations
INFO  [17:08:25.571] [mlr3] Applying learner 'classif.xgboost' on task 'pc1' (iter 1/3)
INFO  [17:08:25.722] [mlr3] Applying learner 'classif.xgboost' on task 'pc1' (iter 2/3)
INFO  [17:08:25.878] [mlr3] Applying learner 'classif.xgboost' on task 'pc1' (iter 3/3)
INFO  [17:08:26.035] [mlr3] Finished benchmark
INFO  [17:08:26.048] [bbotk] Result of batch 6:
INFO  [17:08:26.049] [bbotk]  nrounds       eta max_depth classif.ce warnings errors runtime_learners
INFO  [17:08:26.049] [bbotk]      289 0.2109701         5  0.0691354        0      0            0.448
INFO  [17:08:26.049] [bbotk]                                 uhash
INFO  [17:08:26.049] [bbotk]  e9ff5dc9-a962-4452-8933-b212a787db1c
INFO  [17:08:26.053] [bbotk] Evaluating 1 configuration(s)
INFO  [17:08:26.055] [mlr3] Running benchmark with 3 resampling iterations
INFO  [17:08:26.057] [mlr3] Applying learner 'classif.xgboost' on task 'pc1' (iter 1/3)
INFO  [17:08:26.183] [mlr3] Applying learner 'classif.xgboost' on task 'pc1' (iter 2/3)
INFO  [17:08:26.305] [mlr3] Applying learner 'classif.xgboost' on task 'pc1' (iter 3/3)
INFO  [17:08:26.426] [mlr3] Finished benchmark
INFO  [17:08:26.438] [bbotk] Result of batch 7:
INFO  [17:08:26.439] [bbotk]  nrounds       eta max_depth classif.ce warnings errors runtime_learners
INFO  [17:08:26.439] [bbotk]      244 0.2167035         4 0.06712737        0      0            0.357
INFO  [17:08:26.439] [bbotk]                                 uhash
INFO  [17:08:26.439] [bbotk]  5059ee96-53c1-47e4-b9ee-470bea04a239
INFO  [17:08:26.446] [bbotk] Evaluating 1 configuration(s)
INFO  [17:08:26.449] [mlr3] Running benchmark with 3 resampling iterations
INFO  [17:08:26.452] [mlr3] Applying learner 'classif.xgboost' on task 'pc1' (iter 1/3)
INFO  [17:08:26.630] [mlr3] Applying learner 'classif.xgboost' on task 'pc1' (iter 2/3)
INFO  [17:08:26.782] [mlr3] Applying learner 'classif.xgboost' on task 'pc1' (iter 3/3)
INFO  [17:08:26.939] [mlr3] Finished benchmark
INFO  [17:08:26.951] [bbotk] Result of batch 8:
INFO  [17:08:26.952] [bbotk]  nrounds        eta max_depth classif.ce warnings errors runtime_learners
INFO  [17:08:26.952] [bbotk]      191 0.08388924        10 0.06712435        0      0            0.468
INFO  [17:08:26.952] [bbotk]                                 uhash
INFO  [17:08:26.952] [bbotk]  547244bc-35cf-4eff-b8ab-ba4ad9e0753b
INFO  [17:08:26.956] [bbotk] Evaluating 1 configuration(s)
INFO  [17:08:26.958] [mlr3] Running benchmark with 3 resampling iterations
INFO  [17:08:26.961] [mlr3] Applying learner 'classif.xgboost' on task 'pc1' (iter 1/3)
INFO  [17:08:27.005] [mlr3] Applying learner 'classif.xgboost' on task 'pc1' (iter 2/3)
INFO  [17:08:27.050] [mlr3] Applying learner 'classif.xgboost' on task 'pc1' (iter 3/3)
INFO  [17:08:27.107] [mlr3] Finished benchmark
INFO  [17:08:27.127] [bbotk] Result of batch 9:
INFO  [17:08:27.128] [bbotk]  nrounds        eta max_depth classif.ce warnings errors runtime_learners
INFO  [17:08:27.128] [bbotk]       58 0.08865646         5  0.0651314        0      0            0.119
INFO  [17:08:27.128] [bbotk]                                 uhash
INFO  [17:08:27.128] [bbotk]  b843b0b5-5fe1-48ce-abf6-0fe75687c5ec
INFO  [17:08:27.138] [bbotk] Evaluating 1 configuration(s)
INFO  [17:08:27.142] [mlr3] Running benchmark with 3 resampling iterations
INFO  [17:08:27.146] [mlr3] Applying learner 'classif.xgboost' on task 'pc1' (iter 1/3)
INFO  [17:08:27.304] [mlr3] Applying learner 'classif.xgboost' on task 'pc1' (iter 2/3)
INFO  [17:08:27.459] [mlr3] Applying learner 'classif.xgboost' on task 'pc1' (iter 3/3)
INFO  [17:08:27.625] [mlr3] Finished benchmark
INFO  [17:08:27.645] [bbotk] Result of batch 10:
INFO  [17:08:27.646] [bbotk]  nrounds       eta max_depth classif.ce warnings errors runtime_learners
INFO  [17:08:27.646] [bbotk]      226 0.1362964        10 0.06812535        0      0            0.468
INFO  [17:08:27.646] [bbotk]                                 uhash
INFO  [17:08:27.646] [bbotk]  a45e2256-54bf-465c-8996-5746b3c8b3d4
INFO  [17:08:27.654] [bbotk] Finished optimizing after 10 evaluation(s)
INFO  [17:08:27.654] [bbotk] Result:
INFO  [17:08:27.655] [bbotk]  nrounds       eta max_depth learner_param_vals  x_domain classif.ce
INFO  [17:08:27.655] [bbotk]    <int>     <num>     <int>             <list>    <list>      <num>
INFO  [17:08:27.655] [bbotk]      123 0.2666856         2          <list[5]> <list[3]> 0.06212538

### [bt]: Job terminated successfully [batchtools job.id=2212]
### [bt]: Starting job [batchtools job.id=2213]
### [bt]: Generating problem instance for problem 'a63d756aec4c60c1' ...
### [bt]: Applying algorithm 'run_learner' on problem 'a63d756aec4c60c1' for job 2213 (seed = 2214) ...
INFO  [17:08:27.707] [mlr3] Applying learner 'classif.xgboost.tuned' on task 'pc1' (iter 3/10)
INFO  [17:08:27.735] [bbotk] Starting to optimize 3 parameter(s) with '<OptimizerBatchRandomSearch>' and '<TerminatorEvals> [n_evals=10, k=0]'
INFO  [17:08:27.753] [bbotk] Evaluating 1 configuration(s)
INFO  [17:08:27.755] [mlr3] Running benchmark with 3 resampling iterations
INFO  [17:08:27.757] [mlr3] Applying learner 'classif.xgboost' on task 'pc1' (iter 1/3)
INFO  [17:08:27.880] [mlr3] Applying learner 'classif.xgboost' on task 'pc1' (iter 2/3)
INFO  [17:08:27.985] [mlr3] Applying learner 'classif.xgboost' on task 'pc1' (iter 3/3)
INFO  [17:08:28.106] [mlr3] Finished benchmark
INFO  [17:08:28.120] [bbotk] Result of batch 1:
INFO  [17:08:28.121] [bbotk]  nrounds       eta max_depth classif.ce warnings errors runtime_learners
INFO  [17:08:28.121] [bbotk]      214 0.1731916         4  0.0671334        0      0            0.333
INFO  [17:08:28.121] [bbotk]                                 uhash
INFO  [17:08:28.121] [bbotk]  af0ccfcd-0ba6-4684-b13c-ff4bb5cf6426
INFO  [17:08:28.125] [bbotk] Evaluating 1 configuration(s)
INFO  [17:08:28.128] [mlr3] Running benchmark with 3 resampling iterations
INFO  [17:08:28.130] [mlr3] Applying learner 'classif.xgboost' on task 'pc1' (iter 1/3)
INFO  [17:08:28.206] [mlr3] Applying learner 'classif.xgboost' on task 'pc1' (iter 2/3)
INFO  [17:08:28.271] [mlr3] Applying learner 'classif.xgboost' on task 'pc1' (iter 3/3)
INFO  [17:08:28.350] [mlr3] Finished benchmark
INFO  [17:08:28.367] [bbotk] Result of batch 2:
INFO  [17:08:28.368] [bbotk]  nrounds       eta max_depth classif.ce warnings errors runtime_learners
INFO  [17:08:28.368] [bbotk]       87 0.1724909        10  0.0651314        0      0             0.21
INFO  [17:08:28.368] [bbotk]                                 uhash
INFO  [17:08:28.368] [bbotk]  d3590c66-013a-42d1-a471-9791ce987993
INFO  [17:08:28.372] [bbotk] Evaluating 1 configuration(s)
INFO  [17:08:28.374] [mlr3] Running benchmark with 3 resampling iterations
INFO  [17:08:28.376] [mlr3] Applying learner 'classif.xgboost' on task 'pc1' (iter 1/3)
INFO  [17:08:28.496] [mlr3] Applying learner 'classif.xgboost' on task 'pc1' (iter 2/3)
INFO  [17:08:28.622] [mlr3] Applying learner 'classif.xgboost' on task 'pc1' (iter 3/3)
INFO  [17:08:28.738] [mlr3] Finished benchmark
INFO  [17:08:28.752] [bbotk] Result of batch 3:
INFO  [17:08:28.754] [bbotk]  nrounds        eta max_depth classif.ce warnings errors runtime_learners
INFO  [17:08:28.754] [bbotk]      131 0.01128549         9 0.06712737        0      0            0.345
INFO  [17:08:28.754] [bbotk]                                 uhash
INFO  [17:08:28.754] [bbotk]  548212aa-1479-43e5-9194-1f05b114a9a7
INFO  [17:08:28.763] [bbotk] Evaluating 1 configuration(s)
INFO  [17:08:28.776] [mlr3] Running benchmark with 3 resampling iterations
INFO  [17:08:28.781] [mlr3] Applying learner 'classif.xgboost' on task 'pc1' (iter 1/3)
INFO  [17:08:28.866] [mlr3] Applying learner 'classif.xgboost' on task 'pc1' (iter 2/3)
INFO  [17:08:28.961] [mlr3] Applying learner 'classif.xgboost' on task 'pc1' (iter 3/3)
INFO  [17:08:29.050] [mlr3] Finished benchmark
INFO  [17:08:29.061] [bbotk] Result of batch 4:
INFO  [17:08:29.062] [bbotk]  nrounds        eta max_depth classif.ce warnings errors runtime_learners
INFO  [17:08:29.062] [bbotk]      119 0.06009899         5 0.06313241        0      0            0.248
INFO  [17:08:29.062] [bbotk]                                 uhash
INFO  [17:08:29.062] [bbotk]  e52a7a13-6172-4664-aa5f-7e8df97c7ba4
INFO  [17:08:29.069] [bbotk] Evaluating 1 configuration(s)
INFO  [17:08:29.074] [mlr3] Running benchmark with 3 resampling iterations
INFO  [17:08:29.077] [mlr3] Applying learner 'classif.xgboost' on task 'pc1' (iter 1/3)
INFO  [17:08:29.128] [mlr3] Applying learner 'classif.xgboost' on task 'pc1' (iter 2/3)
INFO  [17:08:29.180] [mlr3] Applying learner 'classif.xgboost' on task 'pc1' (iter 3/3)
INFO  [17:08:29.236] [mlr3] Finished benchmark
INFO  [17:08:29.251] [bbotk] Result of batch 5:
INFO  [17:08:29.253] [bbotk]  nrounds       eta max_depth classif.ce warnings errors runtime_learners
INFO  [17:08:29.253] [bbotk]       61 0.2221561         8  0.0661324        0      0            0.146
INFO  [17:08:29.253] [bbotk]                                 uhash
INFO  [17:08:29.253] [bbotk]  f4fc1591-e95d-4bfb-9a14-d4b5aa8df841
INFO  [17:08:29.261] [bbotk] Evaluating 1 configuration(s)
INFO  [17:08:29.263] [mlr3] Running benchmark with 3 resampling iterations
INFO  [17:08:29.267] [mlr3] Applying learner 'classif.xgboost' on task 'pc1' (iter 1/3)
INFO  [17:08:29.322] [mlr3] Applying learner 'classif.xgboost' on task 'pc1' (iter 2/3)
INFO  [17:08:29.371] [mlr3] Applying learner 'classif.xgboost' on task 'pc1' (iter 3/3)
INFO  [17:08:29.425] [mlr3] Finished benchmark
INFO  [17:08:29.439] [bbotk] Result of batch 6:
INFO  [17:08:29.441] [bbotk]  nrounds        eta max_depth classif.ce warnings errors runtime_learners
INFO  [17:08:29.441] [bbotk]      160 0.05219676         2 0.06312035        0      0            0.143
INFO  [17:08:29.441] [bbotk]                                 uhash
INFO  [17:08:29.441] [bbotk]  e595b2ea-fa0a-4f59-97ac-a705c31c2d8a
INFO  [17:08:29.448] [bbotk] Evaluating 1 configuration(s)
INFO  [17:08:29.453] [mlr3] Running benchmark with 3 resampling iterations
INFO  [17:08:29.458] [mlr3] Applying learner 'classif.xgboost' on task 'pc1' (iter 1/3)
INFO  [17:08:29.629] [mlr3] Applying learner 'classif.xgboost' on task 'pc1' (iter 2/3)
INFO  [17:08:29.771] [mlr3] Applying learner 'classif.xgboost' on task 'pc1' (iter 3/3)
INFO  [17:08:29.924] [mlr3] Finished benchmark
INFO  [17:08:29.936] [bbotk] Result of batch 7:
INFO  [17:08:29.938] [bbotk]  nrounds       eta max_depth classif.ce warnings errors runtime_learners
INFO  [17:08:29.938] [bbotk]      272 0.2350462         5 0.07114343        0      0            0.452
INFO  [17:08:29.938] [bbotk]                                 uhash
INFO  [17:08:29.938] [bbotk]  35bb6bc8-043c-4e4f-8de5-46a45664cd3b
INFO  [17:08:29.945] [bbotk] Evaluating 1 configuration(s)
INFO  [17:08:29.947] [mlr3] Running benchmark with 3 resampling iterations
INFO  [17:08:29.950] [mlr3] Applying learner 'classif.xgboost' on task 'pc1' (iter 1/3)
INFO  [17:08:30.012] [mlr3] Applying learner 'classif.xgboost' on task 'pc1' (iter 2/3)
INFO  [17:08:30.067] [mlr3] Applying learner 'classif.xgboost' on task 'pc1' (iter 3/3)
INFO  [17:08:30.123] [mlr3] Finished benchmark
INFO  [17:08:30.137] [bbotk] Result of batch 8:
INFO  [17:08:30.139] [bbotk]  nrounds      eta max_depth classif.ce warnings errors runtime_learners
INFO  [17:08:30.139] [bbotk]       67 0.248469         6 0.06212839        0      0            0.159
INFO  [17:08:30.139] [bbotk]                                 uhash
INFO  [17:08:30.139] [bbotk]  bd8e2e13-54cb-4043-8e24-94fb2c6cb4e6
INFO  [17:08:30.145] [bbotk] Evaluating 1 configuration(s)
INFO  [17:08:30.147] [mlr3] Running benchmark with 3 resampling iterations
INFO  [17:08:30.150] [mlr3] Applying learner 'classif.xgboost' on task 'pc1' (iter 1/3)
INFO  [17:08:30.215] [mlr3] Applying learner 'classif.xgboost' on task 'pc1' (iter 2/3)
INFO  [17:08:30.280] [mlr3] Applying learner 'classif.xgboost' on task 'pc1' (iter 3/3)
INFO  [17:08:30.353] [mlr3] Finished benchmark
INFO  [17:08:30.380] [bbotk] Result of batch 9:
INFO  [17:08:30.381] [bbotk]  nrounds       eta max_depth classif.ce warnings errors runtime_learners
INFO  [17:08:30.381] [bbotk]       81 0.2011988         7 0.07013942        0      0            0.188
INFO  [17:08:30.381] [bbotk]                                 uhash
INFO  [17:08:30.381] [bbotk]  26e5a248-9adb-479d-9a8e-60b978e4b78f
INFO  [17:08:30.387] [bbotk] Evaluating 1 configuration(s)
INFO  [17:08:30.390] [mlr3] Running benchmark with 3 resampling iterations
INFO  [17:08:30.393] [mlr3] Applying learner 'classif.xgboost' on task 'pc1' (iter 1/3)
INFO  [17:08:30.509] [mlr3] Applying learner 'classif.xgboost' on task 'pc1' (iter 2/3)
INFO  [17:08:30.619] [mlr3] Applying learner 'classif.xgboost' on task 'pc1' (iter 3/3)
INFO  [17:08:30.722] [mlr3] Finished benchmark
INFO  [17:08:30.733] [bbotk] Result of batch 10:
INFO  [17:08:30.734] [bbotk]  nrounds       eta max_depth classif.ce warnings errors runtime_learners
INFO  [17:08:30.734] [bbotk]      184 0.2634972         5 0.06913842        0      0            0.312
INFO  [17:08:30.734] [bbotk]                                 uhash
INFO  [17:08:30.734] [bbotk]  cd4c110d-154d-4d60-a045-74e26732f2c5
INFO  [17:08:30.744] [bbotk] Finished optimizing after 10 evaluation(s)
INFO  [17:08:30.744] [bbotk] Result:
INFO  [17:08:30.746] [bbotk]  nrounds      eta max_depth learner_param_vals  x_domain classif.ce
INFO  [17:08:30.746] [bbotk]    <int>    <num>     <int>             <list>    <list>      <num>
INFO  [17:08:30.746] [bbotk]       67 0.248469         6          <list[5]> <list[3]> 0.06212839

### [bt]: Job terminated successfully [batchtools job.id=2213]
### [bt]: Starting job [batchtools job.id=2214]
### [bt]: Generating problem instance for problem 'a63d756aec4c60c1' ...
### [bt]: Applying algorithm 'run_learner' on problem 'a63d756aec4c60c1' for job 2214 (seed = 2215) ...
INFO  [17:08:30.831] [mlr3] Applying learner 'classif.xgboost.tuned' on task 'pc1' (iter 4/10)
INFO  [17:08:30.866] [bbotk] Starting to optimize 3 parameter(s) with '<OptimizerBatchRandomSearch>' and '<TerminatorEvals> [n_evals=10, k=0]'
INFO  [17:08:30.877] [bbotk] Evaluating 1 configuration(s)
INFO  [17:08:30.880] [mlr3] Running benchmark with 3 resampling iterations
INFO  [17:08:30.882] [mlr3] Applying learner 'classif.xgboost' on task 'pc1' (iter 1/3)
INFO  [17:08:31.004] [mlr3] Applying learner 'classif.xgboost' on task 'pc1' (iter 2/3)
INFO  [17:08:31.123] [mlr3] Applying learner 'classif.xgboost' on task 'pc1' (iter 3/3)
INFO  [17:08:31.298] [mlr3] Finished benchmark
INFO  [17:08:31.321] [bbotk] Result of batch 1:
INFO  [17:08:31.322] [bbotk]  nrounds       eta max_depth classif.ce warnings errors runtime_learners
INFO  [17:08:31.322] [bbotk]      183 0.2164433        10 0.07314845        0      0            0.402
INFO  [17:08:31.322] [bbotk]                                 uhash
INFO  [17:08:31.322] [bbotk]  71435325-0512-4b87-8786-fc6910e03125
INFO  [17:08:31.326] [bbotk] Evaluating 1 configuration(s)
INFO  [17:08:31.328] [mlr3] Running benchmark with 3 resampling iterations
INFO  [17:08:31.330] [mlr3] Applying learner 'classif.xgboost' on task 'pc1' (iter 1/3)
INFO  [17:08:31.504] [mlr3] Applying learner 'classif.xgboost' on task 'pc1' (iter 2/3)
INFO  [17:08:31.668] [mlr3] Applying learner 'classif.xgboost' on task 'pc1' (iter 3/3)
INFO  [17:08:31.847] [mlr3] Finished benchmark
INFO  [17:08:31.869] [bbotk] Result of batch 2:
INFO  [17:08:31.871] [bbotk]  nrounds       eta max_depth classif.ce warnings errors runtime_learners
INFO  [17:08:31.871] [bbotk]      235 0.1293463         4 0.07114343        0      0            0.495
INFO  [17:08:31.871] [bbotk]                                 uhash
INFO  [17:08:31.871] [bbotk]  8f23c6b0-7487-4cea-8a56-af69b3b516c5
INFO  [17:08:31.886] [bbotk] Evaluating 1 configuration(s)
INFO  [17:08:31.888] [mlr3] Running benchmark with 3 resampling iterations
INFO  [17:08:31.890] [mlr3] Applying learner 'classif.xgboost' on task 'pc1' (iter 1/3)
INFO  [17:08:32.146] [mlr3] Applying learner 'classif.xgboost' on task 'pc1' (iter 2/3)
INFO  [17:08:32.356] [mlr3] Applying learner 'classif.xgboost' on task 'pc1' (iter 3/3)
INFO  [17:08:32.588] [mlr3] Finished benchmark
INFO  [17:08:32.621] [bbotk] Result of batch 3:
INFO  [17:08:32.624] [bbotk]  nrounds       eta max_depth classif.ce warnings errors runtime_learners
INFO  [17:08:32.624] [bbotk]      266 0.2116211        10  0.0741585        0      0            0.673
INFO  [17:08:32.624] [bbotk]                                 uhash
INFO  [17:08:32.624] [bbotk]  bfde64ef-ddb3-46f6-b884-9164ff417be6
INFO  [17:08:32.639] [bbotk] Evaluating 1 configuration(s)
INFO  [17:08:32.645] [mlr3] Running benchmark with 3 resampling iterations
INFO  [17:08:32.648] [mlr3] Applying learner 'classif.xgboost' on task 'pc1' (iter 1/3)
INFO  [17:08:32.879] [mlr3] Applying learner 'classif.xgboost' on task 'pc1' (iter 2/3)
INFO  [17:08:33.102] [mlr3] Applying learner 'classif.xgboost' on task 'pc1' (iter 3/3)
INFO  [17:08:33.320] [mlr3] Finished benchmark
INFO  [17:08:33.338] [bbotk] Result of batch 4:
INFO  [17:08:33.340] [bbotk]  nrounds       eta max_depth classif.ce warnings errors runtime_learners
INFO  [17:08:33.340] [bbotk]      227 0.1308324         8 0.06713641        0      0            0.649
INFO  [17:08:33.340] [bbotk]                                 uhash
INFO  [17:08:33.340] [bbotk]  91d42e72-4a4e-477b-b6c8-32cb6f2ed24d
INFO  [17:08:33.358] [bbotk] Evaluating 1 configuration(s)
INFO  [17:08:33.361] [mlr3] Running benchmark with 3 resampling iterations
INFO  [17:08:33.363] [mlr3] Applying learner 'classif.xgboost' on task 'pc1' (iter 1/3)
INFO  [17:08:33.499] [mlr3] Applying learner 'classif.xgboost' on task 'pc1' (iter 2/3)
INFO  [17:08:33.661] [mlr3] Applying learner 'classif.xgboost' on task 'pc1' (iter 3/3)
INFO  [17:08:33.825] [mlr3] Finished benchmark
INFO  [17:08:33.852] [bbotk] Result of batch 5:
INFO  [17:08:33.855] [bbotk]  nrounds       eta max_depth classif.ce warnings errors runtime_learners
INFO  [17:08:33.855] [bbotk]      271 0.2817108         3  0.0761605        0      0            0.444
INFO  [17:08:33.855] [bbotk]                                 uhash
INFO  [17:08:33.855] [bbotk]  e080870d-f20b-45e3-afbb-1712ed1410c8
INFO  [17:08:33.867] [bbotk] Evaluating 1 configuration(s)
INFO  [17:08:33.873] [mlr3] Running benchmark with 3 resampling iterations
INFO  [17:08:33.875] [mlr3] Applying learner 'classif.xgboost' on task 'pc1' (iter 1/3)
INFO  [17:08:33.918] [mlr3] Applying learner 'classif.xgboost' on task 'pc1' (iter 2/3)
INFO  [17:08:33.985] [mlr3] Applying learner 'classif.xgboost' on task 'pc1' (iter 3/3)
INFO  [17:08:34.060] [mlr3] Finished benchmark
INFO  [17:08:34.084] [bbotk] Result of batch 6:
INFO  [17:08:34.085] [bbotk]  nrounds       eta max_depth classif.ce warnings errors runtime_learners
INFO  [17:08:34.085] [bbotk]       88 0.2803683         3 0.07115248        0      0            0.171
INFO  [17:08:34.085] [bbotk]                                 uhash
INFO  [17:08:34.085] [bbotk]  8613bdf3-00ee-41f3-b5c0-53d01956f2d2
INFO  [17:08:34.091] [bbotk] Evaluating 1 configuration(s)
INFO  [17:08:34.097] [mlr3] Running benchmark with 3 resampling iterations
INFO  [17:08:34.103] [mlr3] Applying learner 'classif.xgboost' on task 'pc1' (iter 1/3)
INFO  [17:08:34.197] [mlr3] Applying learner 'classif.xgboost' on task 'pc1' (iter 2/3)
INFO  [17:08:34.291] [mlr3] Applying learner 'classif.xgboost' on task 'pc1' (iter 3/3)
INFO  [17:08:34.382] [mlr3] Finished benchmark
INFO  [17:08:34.406] [bbotk] Result of batch 7:
INFO  [17:08:34.407] [bbotk]  nrounds       eta max_depth classif.ce warnings errors runtime_learners
INFO  [17:08:34.407] [bbotk]      140 0.2501641         3 0.07014545        0      0            0.258
INFO  [17:08:34.407] [bbotk]                                 uhash
INFO  [17:08:34.407] [bbotk]  7e2aeb9a-4071-4bf2-bd42-35cdab86b588
INFO  [17:08:34.415] [bbotk] Evaluating 1 configuration(s)
INFO  [17:08:34.424] [mlr3] Running benchmark with 3 resampling iterations
INFO  [17:08:34.429] [mlr3] Applying learner 'classif.xgboost' on task 'pc1' (iter 1/3)
INFO  [17:08:34.708] [mlr3] Applying learner 'classif.xgboost' on task 'pc1' (iter 2/3)
INFO  [17:08:34.966] [mlr3] Applying learner 'classif.xgboost' on task 'pc1' (iter 3/3)
INFO  [17:08:35.165] [mlr3] Finished benchmark
INFO  [17:08:35.179] [bbotk] Result of batch 8:
INFO  [17:08:35.180] [bbotk]  nrounds       eta max_depth classif.ce warnings errors runtime_learners
INFO  [17:08:35.180] [bbotk]      269 0.1055695         5 0.07515045        0      0            0.717
INFO  [17:08:35.180] [bbotk]                                 uhash
INFO  [17:08:35.180] [bbotk]  e769f9b3-f1fb-4f59-bc42-d01a5b38a88f
INFO  [17:08:35.191] [bbotk] Evaluating 1 configuration(s)
INFO  [17:08:35.198] [mlr3] Running benchmark with 3 resampling iterations
INFO  [17:08:35.203] [mlr3] Applying learner 'classif.xgboost' on task 'pc1' (iter 1/3)
INFO  [17:08:35.382] [mlr3] Applying learner 'classif.xgboost' on task 'pc1' (iter 2/3)
INFO  [17:08:35.635] [mlr3] Applying learner 'classif.xgboost' on task 'pc1' (iter 3/3)
INFO  [17:08:35.909] [mlr3] Finished benchmark
INFO  [17:08:35.941] [bbotk] Result of batch 9:
INFO  [17:08:35.943] [bbotk]  nrounds       eta max_depth classif.ce warnings errors runtime_learners
INFO  [17:08:35.943] [bbotk]      281 0.2292691         8 0.07315448        0      0            0.686
INFO  [17:08:35.943] [bbotk]                                 uhash
INFO  [17:08:35.943] [bbotk]  54a3a677-e2bd-4dee-bccc-6b179c0f7585
INFO  [17:08:35.948] [bbotk] Evaluating 1 configuration(s)
INFO  [17:08:35.950] [mlr3] Running benchmark with 3 resampling iterations
INFO  [17:08:35.953] [mlr3] Applying learner 'classif.xgboost' on task 'pc1' (iter 1/3)
INFO  [17:08:36.245] [mlr3] Applying learner 'classif.xgboost' on task 'pc1' (iter 2/3)
INFO  [17:08:36.530] [mlr3] Applying learner 'classif.xgboost' on task 'pc1' (iter 3/3)
INFO  [17:08:36.819] [mlr3] Finished benchmark
INFO  [17:08:36.859] [bbotk] Result of batch 10:
INFO  [17:08:36.861] [bbotk]  nrounds        eta max_depth classif.ce warnings errors runtime_learners
INFO  [17:08:36.861] [bbotk]      254 0.03956195         9 0.06713943        0      0            0.843
INFO  [17:08:36.861] [bbotk]                                 uhash
INFO  [17:08:36.861] [bbotk]  978ba764-91e0-4094-bb8f-d2225c470e0d
INFO  [17:08:36.869] [bbotk] Finished optimizing after 10 evaluation(s)
INFO  [17:08:36.869] [bbotk] Result:
INFO  [17:08:36.870] [bbotk]  nrounds       eta max_depth learner_param_vals  x_domain classif.ce
INFO  [17:08:36.870] [bbotk]    <int>     <num>     <int>             <list>    <list>      <num>
INFO  [17:08:36.870] [bbotk]      227 0.1308324         8          <list[5]> <list[3]> 0.06713641

### [bt]: Job terminated successfully [batchtools job.id=2214]
### [bt]: Starting job [batchtools job.id=2215]
### [bt]: Generating problem instance for problem 'a63d756aec4c60c1' ...
### [bt]: Applying algorithm 'run_learner' on problem 'a63d756aec4c60c1' for job 2215 (seed = 2216) ...
INFO  [17:08:37.253] [mlr3] Applying learner 'classif.xgboost.tuned' on task 'pc1' (iter 5/10)
INFO  [17:08:37.296] [bbotk] Starting to optimize 3 parameter(s) with '<OptimizerBatchRandomSearch>' and '<TerminatorEvals> [n_evals=10, k=0]'
INFO  [17:08:37.316] [bbotk] Evaluating 1 configuration(s)
INFO  [17:08:37.319] [mlr3] Running benchmark with 3 resampling iterations
INFO  [17:08:37.321] [mlr3] Applying learner 'classif.xgboost' on task 'pc1' (iter 1/3)
INFO  [17:08:37.377] [mlr3] Applying learner 'classif.xgboost' on task 'pc1' (iter 2/3)
INFO  [17:08:37.473] [mlr3] Applying learner 'classif.xgboost' on task 'pc1' (iter 3/3)
INFO  [17:08:37.554] [mlr3] Finished benchmark
INFO  [17:08:37.568] [bbotk] Result of batch 1:
INFO  [17:08:37.568] [bbotk]  nrounds       eta max_depth classif.ce warnings errors runtime_learners
INFO  [17:08:37.568] [bbotk]      151 0.2721533         3 0.07114042        0      0            0.213
INFO  [17:08:37.568] [bbotk]                                 uhash
INFO  [17:08:37.568] [bbotk]  734293ef-a7bc-4332-b915-f3eb8a20210b
INFO  [17:08:37.573] [bbotk] Evaluating 1 configuration(s)
INFO  [17:08:37.579] [mlr3] Running benchmark with 3 resampling iterations
INFO  [17:08:37.581] [mlr3] Applying learner 'classif.xgboost' on task 'pc1' (iter 1/3)
INFO  [17:08:37.754] [mlr3] Applying learner 'classif.xgboost' on task 'pc1' (iter 2/3)
INFO  [17:08:37.876] [mlr3] Applying learner 'classif.xgboost' on task 'pc1' (iter 3/3)
INFO  [17:08:38.016] [mlr3] Finished benchmark
INFO  [17:08:38.039] [bbotk] Result of batch 2:
INFO  [17:08:38.041] [bbotk]  nrounds       eta max_depth classif.ce warnings errors runtime_learners
INFO  [17:08:38.041] [bbotk]      131 0.1269675        10  0.0651314        0      0             0.42
INFO  [17:08:38.041] [bbotk]                                 uhash
INFO  [17:08:38.041] [bbotk]  d6503fd1-4955-49c5-96af-100045bef505
INFO  [17:08:38.060] [bbotk] Evaluating 1 configuration(s)
INFO  [17:08:38.069] [mlr3] Running benchmark with 3 resampling iterations
INFO  [17:08:38.075] [mlr3] Applying learner 'classif.xgboost' on task 'pc1' (iter 1/3)
INFO  [17:08:38.188] [mlr3] Applying learner 'classif.xgboost' on task 'pc1' (iter 2/3)
INFO  [17:08:38.296] [mlr3] Applying learner 'classif.xgboost' on task 'pc1' (iter 3/3)
INFO  [17:08:38.385] [mlr3] Finished benchmark
INFO  [17:08:38.406] [bbotk] Result of batch 3:
INFO  [17:08:38.407] [bbotk]  nrounds        eta max_depth classif.ce warnings errors runtime_learners
INFO  [17:08:38.407] [bbotk]      145 0.05776886         3 0.06512235        0      0            0.282
INFO  [17:08:38.407] [bbotk]                                 uhash
INFO  [17:08:38.407] [bbotk]  62b77ab4-abc0-43e1-a843-85b3c9325c80
INFO  [17:08:38.413] [bbotk] Evaluating 1 configuration(s)
INFO  [17:08:38.418] [mlr3] Running benchmark with 3 resampling iterations
INFO  [17:08:38.425] [mlr3] Applying learner 'classif.xgboost' on task 'pc1' (iter 1/3)
INFO  [17:08:38.586] [mlr3] Applying learner 'classif.xgboost' on task 'pc1' (iter 2/3)
INFO  [17:08:38.719] [mlr3] Applying learner 'classif.xgboost' on task 'pc1' (iter 3/3)
INFO  [17:08:38.876] [mlr3] Finished benchmark
INFO  [17:08:38.887] [bbotk] Result of batch 4:
INFO  [17:08:38.888] [bbotk]  nrounds       eta max_depth classif.ce warnings errors runtime_learners
INFO  [17:08:38.888] [bbotk]      187 0.2389221         5 0.06713038        0      0            0.436
INFO  [17:08:38.888] [bbotk]                                 uhash
INFO  [17:08:38.888] [bbotk]  91ffd9a4-f5cb-44f7-a6d2-532b401702e4
INFO  [17:08:38.892] [bbotk] Evaluating 1 configuration(s)
INFO  [17:08:38.896] [mlr3] Running benchmark with 3 resampling iterations
INFO  [17:08:38.901] [mlr3] Applying learner 'classif.xgboost' on task 'pc1' (iter 1/3)
INFO  [17:08:39.078] [mlr3] Applying learner 'classif.xgboost' on task 'pc1' (iter 2/3)
INFO  [17:08:39.276] [mlr3] Applying learner 'classif.xgboost' on task 'pc1' (iter 3/3)
INFO  [17:08:39.464] [mlr3] Finished benchmark
INFO  [17:08:39.478] [bbotk] Result of batch 5:
INFO  [17:08:39.479] [bbotk]  nrounds       eta max_depth classif.ce warnings errors runtime_learners
INFO  [17:08:39.479] [bbotk]      233 0.1864877         5 0.06713038        0      0            0.542
INFO  [17:08:39.479] [bbotk]                                 uhash
INFO  [17:08:39.479] [bbotk]  14bb99f2-c35f-40a4-843b-40a6183eccbb
INFO  [17:08:39.483] [bbotk] Evaluating 1 configuration(s)
INFO  [17:08:39.487] [mlr3] Running benchmark with 3 resampling iterations
INFO  [17:08:39.492] [mlr3] Applying learner 'classif.xgboost' on task 'pc1' (iter 1/3)
INFO  [17:08:39.718] [mlr3] Applying learner 'classif.xgboost' on task 'pc1' (iter 2/3)
INFO  [17:08:39.909] [mlr3] Applying learner 'classif.xgboost' on task 'pc1' (iter 3/3)
INFO  [17:08:40.117] [mlr3] Finished benchmark
INFO  [17:08:40.133] [bbotk] Result of batch 6:
INFO  [17:08:40.133] [bbotk]  nrounds        eta max_depth classif.ce warnings errors runtime_learners
INFO  [17:08:40.133] [bbotk]      237 0.06994003         5  0.0691354        0      0            0.607
INFO  [17:08:40.133] [bbotk]                                 uhash
INFO  [17:08:40.133] [bbotk]  edc13792-0ab9-49a6-b85e-e4c689065219
INFO  [17:08:40.137] [bbotk] Evaluating 1 configuration(s)
INFO  [17:08:40.142] [mlr3] Running benchmark with 3 resampling iterations
INFO  [17:08:40.147] [mlr3] Applying learner 'classif.xgboost' on task 'pc1' (iter 1/3)
INFO  [17:08:40.278] [mlr3] Applying learner 'classif.xgboost' on task 'pc1' (iter 2/3)
INFO  [17:08:40.380] [mlr3] Applying learner 'classif.xgboost' on task 'pc1' (iter 3/3)
INFO  [17:08:40.499] [mlr3] Finished benchmark
INFO  [17:08:40.531] [bbotk] Result of batch 7:
INFO  [17:08:40.534] [bbotk]  nrounds        eta max_depth classif.ce warnings errors runtime_learners
INFO  [17:08:40.534] [bbotk]      274 0.02757725         2 0.06712134        0      0            0.326
INFO  [17:08:40.534] [bbotk]                                 uhash
INFO  [17:08:40.534] [bbotk]  4bc70a49-938f-4f06-a1df-200c68281612
INFO  [17:08:40.547] [bbotk] Evaluating 1 configuration(s)
INFO  [17:08:40.550] [mlr3] Running benchmark with 3 resampling iterations
INFO  [17:08:40.554] [mlr3] Applying learner 'classif.xgboost' on task 'pc1' (iter 1/3)
INFO  [17:08:40.817] [mlr3] Applying learner 'classif.xgboost' on task 'pc1' (iter 2/3)
INFO  [17:08:41.102] [mlr3] Applying learner 'classif.xgboost' on task 'pc1' (iter 3/3)
INFO  [17:08:41.327] [mlr3] Finished benchmark
INFO  [17:08:41.342] [bbotk] Result of batch 8:
INFO  [17:08:41.343] [bbotk]  nrounds        eta max_depth classif.ce warnings errors runtime_learners
INFO  [17:08:41.343] [bbotk]      195 0.01301138        10 0.06713943        0      0            0.742
INFO  [17:08:41.343] [bbotk]                                 uhash
INFO  [17:08:41.343] [bbotk]  c9d6be00-fcdb-42eb-89b1-1c17837f7931
INFO  [17:08:41.351] [bbotk] Evaluating 1 configuration(s)
INFO  [17:08:41.354] [mlr3] Running benchmark with 3 resampling iterations
INFO  [17:08:41.357] [mlr3] Applying learner 'classif.xgboost' on task 'pc1' (iter 1/3)
INFO  [17:08:41.511] [mlr3] Applying learner 'classif.xgboost' on task 'pc1' (iter 2/3)
INFO  [17:08:41.682] [mlr3] Applying learner 'classif.xgboost' on task 'pc1' (iter 3/3)
INFO  [17:08:41.822] [mlr3] Finished benchmark
INFO  [17:08:41.834] [bbotk] Result of batch 9:
INFO  [17:08:41.836] [bbotk]  nrounds        eta max_depth classif.ce warnings errors runtime_learners
INFO  [17:08:41.836] [bbotk]      112 0.06811025        10  0.0661324        0      0            0.438
INFO  [17:08:41.836] [bbotk]                                 uhash
INFO  [17:08:41.836] [bbotk]  4c18ad4d-6447-4a3f-b9e1-e6e38e19dcfc
INFO  [17:08:41.844] [bbotk] Evaluating 1 configuration(s)
INFO  [17:08:41.847] [mlr3] Running benchmark with 3 resampling iterations
INFO  [17:08:41.849] [mlr3] Applying learner 'classif.xgboost' on task 'pc1' (iter 1/3)
INFO  [17:08:42.037] [mlr3] Applying learner 'classif.xgboost' on task 'pc1' (iter 2/3)
INFO  [17:08:42.263] [mlr3] Applying learner 'classif.xgboost' on task 'pc1' (iter 3/3)
INFO  [17:08:42.454] [mlr3] Finished benchmark
INFO  [17:08:42.468] [bbotk] Result of batch 10:
INFO  [17:08:42.470] [bbotk]  nrounds       eta max_depth classif.ce warnings errors runtime_learners
INFO  [17:08:42.470] [bbotk]      175 0.1138312        10 0.06913842        0      0            0.585
INFO  [17:08:42.470] [bbotk]                                 uhash
INFO  [17:08:42.470] [bbotk]  bf99ada5-74dc-45c7-975d-426929779467
INFO  [17:08:42.500] [bbotk] Finished optimizing after 10 evaluation(s)
INFO  [17:08:42.501] [bbotk] Result:
INFO  [17:08:42.503] [bbotk]  nrounds        eta max_depth learner_param_vals  x_domain classif.ce
INFO  [17:08:42.503] [bbotk]    <int>      <num>     <int>             <list>    <list>      <num>
INFO  [17:08:42.503] [bbotk]      145 0.05776886         3          <list[5]> <list[3]> 0.06512235

### [bt]: Job terminated successfully [batchtools job.id=2215]
### [bt]: Calculation finished!
