### [bt]: This is batchtools v0.9.17
### [bt]: Starting calculation of 5 jobs
### [bt]: Setting working directory to '/Users/User/Documents/Studium/Semester8/Hiwi/mlr3calibration/vignettes'
### [bt]: Memory measurement disabled
### [bt]: Starting job [batchtools job.id=466]
### [bt]: Generating problem instance for problem '24c2c3a884d818b0' ...
### [bt]: Applying algorithm 'run_learner' on problem '24c2c3a884d818b0' for job 466 (seed = 467) ...
INFO  [16:41:08.333] [mlr3] Applying learner 'classif.naive_bayes.tuned_calib.tunefirst.oof_platt' on task 'credit-g' (iter 6/10)
INFO  [16:41:08.381] [bbotk] Starting to optimize 1 parameter(s) with '<OptimizerBatchRandomSearch>' and '<TerminatorEvals> [n_evals=3, k=0]'
INFO  [16:41:08.391] [bbotk] Evaluating 1 configuration(s)
INFO  [16:41:08.618] [bbotk] Result of batch 1:
INFO  [16:41:08.619] [bbotk]    laplace classif.ce warnings errors runtime_learners
INFO  [16:41:08.619] [bbotk]  0.3751133  0.2488889        0      0            0.169
INFO  [16:41:08.619] [bbotk]                                 uhash
INFO  [16:41:08.619] [bbotk]  e143ca10-0cb7-4164-93cc-4c9d088d60cd
INFO  [16:41:08.621] [bbotk] Evaluating 1 configuration(s)
INFO  [16:41:08.842] [bbotk] Result of batch 2:
INFO  [16:41:08.844] [bbotk]     laplace classif.ce warnings errors runtime_learners
INFO  [16:41:08.844] [bbotk]  0.08351389  0.2488889        0      0            0.173
INFO  [16:41:08.844] [bbotk]                                 uhash
INFO  [16:41:08.844] [bbotk]  5faf012f-8279-48f9-8870-3659153ebb06
INFO  [16:41:08.850] [bbotk] Evaluating 1 configuration(s)
INFO  [16:41:09.109] [bbotk] Result of batch 3:
INFO  [16:41:09.110] [bbotk]    laplace classif.ce warnings errors runtime_learners
INFO  [16:41:09.110] [bbotk]  0.5623335  0.2477778        0      0            0.217
INFO  [16:41:09.110] [bbotk]                                 uhash
INFO  [16:41:09.110] [bbotk]  8b72ad27-9a41-40a1-a430-d757a5540d40
INFO  [16:41:09.123] [bbotk] Finished optimizing after 3 evaluation(s)
INFO  [16:41:09.123] [bbotk] Result:
INFO  [16:41:09.124] [bbotk]    laplace learner_param_vals  x_domain classif.ce
INFO  [16:41:09.124] [bbotk]      <num>             <list>    <list>      <num>
INFO  [16:41:09.124] [bbotk]  0.5623335          <list[1]> <list[1]>  0.2477778

### [bt]: Job terminated successfully [batchtools job.id=466]
### [bt]: Starting job [batchtools job.id=467]
### [bt]: Generating problem instance for problem '24c2c3a884d818b0' ...
### [bt]: Applying algorithm 'run_learner' on problem '24c2c3a884d818b0' for job 467 (seed = 468) ...
INFO  [16:41:09.550] [mlr3] Applying learner 'classif.naive_bayes.tuned_calib.tunefirst.oof_platt' on task 'credit-g' (iter 7/10)
INFO  [16:41:09.600] [bbotk] Starting to optimize 1 parameter(s) with '<OptimizerBatchRandomSearch>' and '<TerminatorEvals> [n_evals=3, k=0]'
INFO  [16:41:09.605] [bbotk] Evaluating 1 configuration(s)
INFO  [16:41:09.832] [bbotk] Result of batch 1:
INFO  [16:41:09.834] [bbotk]    laplace classif.ce warnings errors runtime_learners
INFO  [16:41:09.834] [bbotk]  0.1599621  0.2688889        0      0            0.182
INFO  [16:41:09.834] [bbotk]                                 uhash
INFO  [16:41:09.834] [bbotk]  e618daba-172a-45cc-be2f-8070f2ff2e08
INFO  [16:41:09.839] [bbotk] Evaluating 1 configuration(s)
INFO  [16:41:10.078] [bbotk] Result of batch 2:
INFO  [16:41:10.079] [bbotk]    laplace classif.ce warnings errors runtime_learners
INFO  [16:41:10.079] [bbotk]  0.6518677       0.27        0      0            0.179
INFO  [16:41:10.079] [bbotk]                                 uhash
INFO  [16:41:10.079] [bbotk]  a3fb8410-c822-4a9b-9f06-e0f7d6a9701f
INFO  [16:41:10.082] [bbotk] Evaluating 1 configuration(s)
INFO  [16:41:10.296] [bbotk] Result of batch 3:
INFO  [16:41:10.298] [bbotk]    laplace classif.ce warnings errors runtime_learners
INFO  [16:41:10.298] [bbotk]  0.5244067       0.27        0      0            0.171
INFO  [16:41:10.298] [bbotk]                                 uhash
INFO  [16:41:10.298] [bbotk]  3a4d815f-b53c-4c47-9ae0-10643a73a2b9
INFO  [16:41:10.327] [bbotk] Finished optimizing after 3 evaluation(s)
INFO  [16:41:10.328] [bbotk] Result:
INFO  [16:41:10.330] [bbotk]    laplace learner_param_vals  x_domain classif.ce
INFO  [16:41:10.330] [bbotk]      <num>             <list>    <list>      <num>
INFO  [16:41:10.330] [bbotk]  0.1599621          <list[1]> <list[1]>  0.2688889

### [bt]: Job terminated successfully [batchtools job.id=467]
### [bt]: Starting job [batchtools job.id=468]
### [bt]: Generating problem instance for problem '24c2c3a884d818b0' ...
### [bt]: Applying algorithm 'run_learner' on problem '24c2c3a884d818b0' for job 468 (seed = 469) ...
INFO  [16:41:10.676] [mlr3] Applying learner 'classif.naive_bayes.tuned_calib.tunefirst.oof_platt' on task 'credit-g' (iter 8/10)
INFO  [16:41:10.739] [bbotk] Starting to optimize 1 parameter(s) with '<OptimizerBatchRandomSearch>' and '<TerminatorEvals> [n_evals=3, k=0]'
INFO  [16:41:10.749] [bbotk] Evaluating 1 configuration(s)
INFO  [16:41:10.949] [bbotk] Result of batch 1:
INFO  [16:41:10.950] [bbotk]    laplace classif.ce warnings errors runtime_learners
INFO  [16:41:10.950] [bbotk]  0.2507778       0.26        0      0            0.164
INFO  [16:41:10.950] [bbotk]                                 uhash
INFO  [16:41:10.950] [bbotk]  a033fe1a-093b-4605-9da5-e3c7cc3b1da6
INFO  [16:41:10.954] [bbotk] Evaluating 1 configuration(s)
INFO  [16:41:11.144] [bbotk] Result of batch 2:
INFO  [16:41:11.145] [bbotk]    laplace classif.ce warnings errors runtime_learners
INFO  [16:41:11.145] [bbotk]  0.2293569       0.26        0      0            0.145
INFO  [16:41:11.145] [bbotk]                                 uhash
INFO  [16:41:11.145] [bbotk]  472c1531-494b-46e0-9052-a5b984306634
INFO  [16:41:11.147] [bbotk] Evaluating 1 configuration(s)
INFO  [16:41:11.303] [bbotk] Result of batch 3:
INFO  [16:41:11.303] [bbotk]    laplace classif.ce warnings errors runtime_learners
INFO  [16:41:11.303] [bbotk]  0.3866364       0.26        0      0            0.127
INFO  [16:41:11.303] [bbotk]                                 uhash
INFO  [16:41:11.303] [bbotk]  264c7770-25e4-4a25-8144-9579b806071c
INFO  [16:41:11.310] [bbotk] Finished optimizing after 3 evaluation(s)
INFO  [16:41:11.311] [bbotk] Result:
INFO  [16:41:11.311] [bbotk]    laplace learner_param_vals  x_domain classif.ce
INFO  [16:41:11.311] [bbotk]      <num>             <list>    <list>      <num>
INFO  [16:41:11.311] [bbotk]  0.2507778          <list[1]> <list[1]>       0.26

### [bt]: Job terminated successfully [batchtools job.id=468]
### [bt]: Starting job [batchtools job.id=469]
### [bt]: Generating problem instance for problem '24c2c3a884d818b0' ...
### [bt]: Applying algorithm 'run_learner' on problem '24c2c3a884d818b0' for job 469 (seed = 470) ...
INFO  [16:41:11.656] [mlr3] Applying learner 'classif.naive_bayes.tuned_calib.tunefirst.oof_platt' on task 'credit-g' (iter 9/10)
INFO  [16:41:11.697] [bbotk] Starting to optimize 1 parameter(s) with '<OptimizerBatchRandomSearch>' and '<TerminatorEvals> [n_evals=3, k=0]'
INFO  [16:41:11.705] [bbotk] Evaluating 1 configuration(s)
INFO  [16:41:11.877] [bbotk] Result of batch 1:
INFO  [16:41:11.878] [bbotk]    laplace classif.ce warnings errors runtime_learners
INFO  [16:41:11.878] [bbotk]  0.7194544       0.25        0      0            0.125
INFO  [16:41:11.878] [bbotk]                                 uhash
INFO  [16:41:11.878] [bbotk]  5f825436-2a96-436b-aa81-3e4282f32b52
INFO  [16:41:11.882] [bbotk] Evaluating 1 configuration(s)
INFO  [16:41:12.041] [bbotk] Result of batch 2:
INFO  [16:41:12.042] [bbotk]    laplace classif.ce warnings errors runtime_learners
INFO  [16:41:12.042] [bbotk]  0.8818608       0.25        0      0            0.125
INFO  [16:41:12.042] [bbotk]                                 uhash
INFO  [16:41:12.042] [bbotk]  3150bafe-d72e-4f85-928c-efcfda475b2d
INFO  [16:41:12.048] [bbotk] Evaluating 1 configuration(s)
INFO  [16:41:12.254] [bbotk] Result of batch 3:
INFO  [16:41:12.257] [bbotk]    laplace classif.ce warnings errors runtime_learners
INFO  [16:41:12.257] [bbotk]  0.3256034  0.2488889        0      0            0.166
INFO  [16:41:12.257] [bbotk]                                 uhash
INFO  [16:41:12.257] [bbotk]  ba9a9cad-2a8a-442a-b90e-7d008661af13
INFO  [16:41:12.269] [bbotk] Finished optimizing after 3 evaluation(s)
INFO  [16:41:12.269] [bbotk] Result:
INFO  [16:41:12.270] [bbotk]    laplace learner_param_vals  x_domain classif.ce
INFO  [16:41:12.270] [bbotk]      <num>             <list>    <list>      <num>
INFO  [16:41:12.270] [bbotk]  0.3256034          <list[1]> <list[1]>  0.2488889

### [bt]: Job terminated successfully [batchtools job.id=469]
### [bt]: Starting job [batchtools job.id=470]
### [bt]: Generating problem instance for problem '24c2c3a884d818b0' ...
### [bt]: Applying algorithm 'run_learner' on problem '24c2c3a884d818b0' for job 470 (seed = 471) ...
INFO  [16:41:12.625] [mlr3] Applying learner 'classif.naive_bayes.tuned_calib.tunefirst.oof_platt' on task 'credit-g' (iter 10/10)
INFO  [16:41:12.653] [bbotk] Starting to optimize 1 parameter(s) with '<OptimizerBatchRandomSearch>' and '<TerminatorEvals> [n_evals=3, k=0]'
INFO  [16:41:12.662] [bbotk] Evaluating 1 configuration(s)
INFO  [16:41:12.832] [bbotk] Result of batch 1:
INFO  [16:41:12.833] [bbotk]     laplace classif.ce warnings errors runtime_learners
INFO  [16:41:12.833] [bbotk]  0.04300621  0.2377778        0      0            0.134
INFO  [16:41:12.833] [bbotk]                                 uhash
INFO  [16:41:12.833] [bbotk]  ae321b05-8ced-4ecc-8951-eab1a0ceeaa4
INFO  [16:41:12.835] [bbotk] Evaluating 1 configuration(s)
INFO  [16:41:13.009] [bbotk] Result of batch 2:
INFO  [16:41:13.010] [bbotk]      laplace classif.ce warnings errors runtime_learners
INFO  [16:41:13.010] [bbotk]  0.003562326  0.2377778        0      0            0.139
INFO  [16:41:13.010] [bbotk]                                 uhash
INFO  [16:41:13.010] [bbotk]  612144f4-1206-44ab-b8ca-fecd796d46ed
INFO  [16:41:13.012] [bbotk] Evaluating 1 configuration(s)
INFO  [16:41:13.170] [bbotk] Result of batch 3:
INFO  [16:41:13.171] [bbotk]     laplace classif.ce warnings errors runtime_learners
INFO  [16:41:13.171] [bbotk]  0.09033974  0.2377778        0      0            0.131
INFO  [16:41:13.171] [bbotk]                                 uhash
INFO  [16:41:13.171] [bbotk]  d8c46650-c09b-497c-97ec-45e820ab3c02
INFO  [16:41:13.178] [bbotk] Finished optimizing after 3 evaluation(s)
INFO  [16:41:13.178] [bbotk] Result:
INFO  [16:41:13.179] [bbotk]     laplace learner_param_vals  x_domain classif.ce
INFO  [16:41:13.179] [bbotk]       <num>             <list>    <list>      <num>
INFO  [16:41:13.179] [bbotk]  0.04300621          <list[1]> <list[1]>  0.2377778

### [bt]: Job terminated successfully [batchtools job.id=470]
### [bt]: Calculation finished!
