### [bt]: This is batchtools v0.9.17
### [bt]: Starting calculation of 5 jobs
### [bt]: Setting working directory to '/Users/User/Documents/Studium/Semester8/Hiwi/mlr3calibration/vignettes'
### [bt]: Memory measurement disabled
### [bt]: Starting job [batchtools job.id=2366]
### [bt]: Generating problem instance for problem '34d90df810f60583' ...
### [bt]: Applying algorithm 'run_learner' on problem '34d90df810f60583' for job 2366 (seed = 2367) ...
INFO  [17:11:07.770] [mlr3] Applying learner 'classif.naive_bayes.tuned_calib.oof_beta' on task 'phoneme' (iter 6/10)
INFO  [17:11:07.836] [bbotk] Starting to optimize 1 parameter(s) with '<OptimizerBatchRandomSearch>' and '<TerminatorEvals> [n_evals=3, k=0]'
INFO  [17:11:07.841] [bbotk] Evaluating 1 configuration(s)
INFO  [17:11:08.163] [bbotk] Result of batch 1:
INFO  [17:11:08.164] [bbotk]    laplace classif.ce warnings errors runtime_learners
INFO  [17:11:08.164] [bbotk]  0.3454531    0.23413        0      0            0.276
INFO  [17:11:08.164] [bbotk]                                 uhash
INFO  [17:11:08.164] [bbotk]  7bad82c0-80f2-49c1-bed8-2e1e985e43cd
INFO  [17:11:08.168] [bbotk] Evaluating 1 configuration(s)
INFO  [17:11:08.543] [bbotk] Result of batch 2:
INFO  [17:11:08.545] [bbotk]    laplace classif.ce warnings errors runtime_learners
INFO  [17:11:08.545] [bbotk]  0.5416591    0.23413        0      0            0.334
INFO  [17:11:08.545] [bbotk]                                 uhash
INFO  [17:11:08.545] [bbotk]  25fbaf5d-92b3-469f-811c-afb37c7340e0
INFO  [17:11:08.550] [bbotk] Evaluating 1 configuration(s)
INFO  [17:11:08.860] [bbotk] Result of batch 3:
INFO  [17:11:08.861] [bbotk]    laplace classif.ce warnings errors runtime_learners
INFO  [17:11:08.861] [bbotk]  0.8526168    0.23413        0      0             0.27
INFO  [17:11:08.861] [bbotk]                                 uhash
INFO  [17:11:08.861] [bbotk]  c2cc4688-c0e9-4989-ba2a-4f7f9234a0d0
INFO  [17:11:08.868] [bbotk] Finished optimizing after 3 evaluation(s)
INFO  [17:11:08.869] [bbotk] Result:
INFO  [17:11:08.869] [bbotk]    laplace learner_param_vals  x_domain classif.ce
INFO  [17:11:08.869] [bbotk]      <num>             <list>    <list>      <num>
INFO  [17:11:08.869] [bbotk]  0.3454531          <list[1]> <list[1]>    0.23413
INFO  [17:11:09.020] [bbotk] Starting to optimize 1 parameter(s) with '<OptimizerBatchRandomSearch>' and '<TerminatorEvals> [n_evals=3, k=0]'
INFO  [17:11:09.029] [bbotk] Evaluating 1 configuration(s)
INFO  [17:11:09.393] [bbotk] Result of batch 1:
INFO  [17:11:09.394] [bbotk]    laplace classif.ce warnings errors runtime_learners
INFO  [17:11:09.394] [bbotk]  0.4478062  0.2346441        0      0            0.312
INFO  [17:11:09.394] [bbotk]                                 uhash
INFO  [17:11:09.394] [bbotk]  5c40a6c9-3897-466a-b039-8b08aefcbcbf
INFO  [17:11:09.396] [bbotk] Evaluating 1 configuration(s)
INFO  [17:11:09.748] [bbotk] Result of batch 2:
INFO  [17:11:09.749] [bbotk]    laplace classif.ce warnings errors runtime_learners
INFO  [17:11:09.749] [bbotk]  0.3312694  0.2346441        0      0            0.298
INFO  [17:11:09.749] [bbotk]                                 uhash
INFO  [17:11:09.749] [bbotk]  3b612753-57c5-46c3-96d9-7669626e9ef0
INFO  [17:11:09.752] [bbotk] Evaluating 1 configuration(s)
INFO  [17:11:10.099] [bbotk] Result of batch 3:
INFO  [17:11:10.102] [bbotk]    laplace classif.ce warnings errors runtime_learners
INFO  [17:11:10.102] [bbotk]  0.1752672  0.2346441        0      0            0.312
INFO  [17:11:10.102] [bbotk]                                 uhash
INFO  [17:11:10.102] [bbotk]  b744cf27-d8ce-47e4-9997-2afd81dae041
INFO  [17:11:10.113] [bbotk] Finished optimizing after 3 evaluation(s)
INFO  [17:11:10.113] [bbotk] Result:
INFO  [17:11:10.119] [bbotk]    laplace learner_param_vals  x_domain classif.ce
INFO  [17:11:10.119] [bbotk]      <num>             <list>    <list>      <num>
INFO  [17:11:10.119] [bbotk]  0.4478062          <list[1]> <list[1]>  0.2346441
INFO  [17:11:10.278] [bbotk] Starting to optimize 1 parameter(s) with '<OptimizerBatchRandomSearch>' and '<TerminatorEvals> [n_evals=3, k=0]'
INFO  [17:11:10.283] [bbotk] Evaluating 1 configuration(s)
INFO  [17:11:10.622] [bbotk] Result of batch 1:
INFO  [17:11:10.623] [bbotk]    laplace classif.ce warnings errors runtime_learners
INFO  [17:11:10.623] [bbotk]  0.9624211  0.2480082        0      0            0.275
INFO  [17:11:10.623] [bbotk]                                 uhash
INFO  [17:11:10.623] [bbotk]  49177a43-7207-49ee-8301-572d944330d0
INFO  [17:11:10.630] [bbotk] Evaluating 1 configuration(s)
INFO  [17:11:10.971] [bbotk] Result of batch 2:
INFO  [17:11:10.973] [bbotk]    laplace classif.ce warnings errors runtime_learners
INFO  [17:11:10.973] [bbotk]  0.6063621  0.2480082        0      0            0.283
INFO  [17:11:10.973] [bbotk]                                 uhash
INFO  [17:11:10.973] [bbotk]  cc408cba-b9bc-45bd-94d4-9a954441b705
INFO  [17:11:10.977] [bbotk] Evaluating 1 configuration(s)
INFO  [17:11:11.484] [bbotk] Result of batch 3:
INFO  [17:11:11.485] [bbotk]   laplace classif.ce warnings errors runtime_learners
INFO  [17:11:11.485] [bbotk]  0.268728  0.2480082        0      0            0.461
INFO  [17:11:11.485] [bbotk]                                 uhash
INFO  [17:11:11.485] [bbotk]  dc590aa1-6381-4e77-bf2a-211605ae2732
INFO  [17:11:11.495] [bbotk] Finished optimizing after 3 evaluation(s)
INFO  [17:11:11.495] [bbotk] Result:
INFO  [17:11:11.501] [bbotk]    laplace learner_param_vals  x_domain classif.ce
INFO  [17:11:11.501] [bbotk]      <num>             <list>    <list>      <num>
INFO  [17:11:11.501] [bbotk]  0.9624211          <list[1]> <list[1]>  0.2480082
INFO  [17:11:11.598] [bbotk] Starting to optimize 1 parameter(s) with '<OptimizerBatchRandomSearch>' and '<TerminatorEvals> [n_evals=3, k=0]'
INFO  [17:11:11.608] [bbotk] Evaluating 1 configuration(s)
INFO  [17:11:11.880] [bbotk] Result of batch 1:
INFO  [17:11:11.880] [bbotk]   laplace classif.ce warnings errors runtime_learners
INFO  [17:11:11.880] [bbotk]  0.657923  0.2459522        0      0            0.227
INFO  [17:11:11.880] [bbotk]                                 uhash
INFO  [17:11:11.880] [bbotk]  bb2f6858-7e0c-4f06-aec4-31feb6bf9e32
INFO  [17:11:11.883] [bbotk] Evaluating 1 configuration(s)
INFO  [17:11:12.136] [bbotk] Result of batch 2:
INFO  [17:11:12.139] [bbotk]    laplace classif.ce warnings errors runtime_learners
INFO  [17:11:12.139] [bbotk]  0.4015948  0.2459522        0      0            0.201
INFO  [17:11:12.139] [bbotk]                                 uhash
INFO  [17:11:12.139] [bbotk]  3fa369d1-e8f1-4352-bff8-b0fdf8a81663
INFO  [17:11:12.150] [bbotk] Evaluating 1 configuration(s)
INFO  [17:11:12.473] [bbotk] Result of batch 3:
INFO  [17:11:12.473] [bbotk]    laplace classif.ce warnings errors runtime_learners
INFO  [17:11:12.473] [bbotk]  0.9903199  0.2459522        0      0             0.28
INFO  [17:11:12.473] [bbotk]                                 uhash
INFO  [17:11:12.473] [bbotk]  ffc02329-434c-4b44-b2ac-cdc97cfc71fc
INFO  [17:11:12.493] [bbotk] Finished optimizing after 3 evaluation(s)
INFO  [17:11:12.494] [bbotk] Result:
INFO  [17:11:12.494] [bbotk]   laplace learner_param_vals  x_domain classif.ce
INFO  [17:11:12.494] [bbotk]     <num>             <list>    <list>      <num>
INFO  [17:11:12.494] [bbotk]  0.657923          <list[1]> <list[1]>  0.2459522
INFO  [17:11:12.602] [bbotk] Starting to optimize 1 parameter(s) with '<OptimizerBatchRandomSearch>' and '<TerminatorEvals> [n_evals=3, k=0]'
INFO  [17:11:12.607] [bbotk] Evaluating 1 configuration(s)
INFO  [17:11:12.927] [bbotk] Result of batch 1:
INFO  [17:11:12.928] [bbotk]    laplace classif.ce warnings errors runtime_learners
INFO  [17:11:12.928] [bbotk]  0.7791784   0.254626        0      0             0.27
INFO  [17:11:12.928] [bbotk]                                 uhash
INFO  [17:11:12.928] [bbotk]  4808c73c-74e3-4a71-8d03-4ce3c64d10f6
INFO  [17:11:12.930] [bbotk] Evaluating 1 configuration(s)
INFO  [17:11:13.275] [bbotk] Result of batch 2:
INFO  [17:11:13.282] [bbotk]    laplace classif.ce warnings errors runtime_learners
INFO  [17:11:13.282] [bbotk]  0.8969892   0.254626        0      0            0.295
INFO  [17:11:13.282] [bbotk]                                 uhash
INFO  [17:11:13.282] [bbotk]  a8824110-da36-4006-b740-8179a37d2618
INFO  [17:11:13.290] [bbotk] Evaluating 1 configuration(s)
INFO  [17:11:13.549] [bbotk] Result of batch 3:
INFO  [17:11:13.551] [bbotk]    laplace classif.ce warnings errors runtime_learners
INFO  [17:11:13.551] [bbotk]  0.1974888   0.254626        0      0            0.219
INFO  [17:11:13.551] [bbotk]                                 uhash
INFO  [17:11:13.551] [bbotk]  c8c84d34-d5af-47ee-9430-34abcc109ceb
INFO  [17:11:13.566] [bbotk] Finished optimizing after 3 evaluation(s)
INFO  [17:11:13.567] [bbotk] Result:
INFO  [17:11:13.568] [bbotk]    laplace learner_param_vals  x_domain classif.ce
INFO  [17:11:13.568] [bbotk]      <num>             <list>    <list>      <num>
INFO  [17:11:13.568] [bbotk]  0.7791784          <list[1]> <list[1]>   0.254626
[1] -8.893801
[1] 16.04382

### [bt]: Job terminated successfully [batchtools job.id=2366]
### [bt]: Starting job [batchtools job.id=2367]
### [bt]: Generating problem instance for problem '34d90df810f60583' ...
### [bt]: Applying algorithm 'run_learner' on problem '34d90df810f60583' for job 2367 (seed = 2368) ...
INFO  [17:11:13.877] [mlr3] Applying learner 'classif.naive_bayes.tuned_calib.oof_beta' on task 'phoneme' (iter 7/10)
INFO  [17:11:13.958] [bbotk] Starting to optimize 1 parameter(s) with '<OptimizerBatchRandomSearch>' and '<TerminatorEvals> [n_evals=3, k=0]'
INFO  [17:11:13.963] [bbotk] Evaluating 1 configuration(s)
INFO  [17:11:14.260] [bbotk] Result of batch 1:
INFO  [17:11:14.261] [bbotk]   laplace classif.ce warnings errors runtime_learners
INFO  [17:11:14.261] [bbotk]  0.481131  0.2415831        0      0            0.259
INFO  [17:11:14.261] [bbotk]                                 uhash
INFO  [17:11:14.261] [bbotk]  9da34159-945b-4d19-845c-edb1b4684441
INFO  [17:11:14.265] [bbotk] Evaluating 1 configuration(s)
INFO  [17:11:14.512] [bbotk] Result of batch 2:
INFO  [17:11:14.514] [bbotk]    laplace classif.ce warnings errors runtime_learners
INFO  [17:11:14.514] [bbotk]  0.6489766  0.2415831        0      0            0.206
INFO  [17:11:14.514] [bbotk]                                 uhash
INFO  [17:11:14.514] [bbotk]  548c8d08-2e8c-4a5c-be2d-16f996f8dc87
INFO  [17:11:14.519] [bbotk] Evaluating 1 configuration(s)
INFO  [17:11:14.779] [bbotk] Result of batch 3:
INFO  [17:11:14.779] [bbotk]    laplace classif.ce warnings errors runtime_learners
INFO  [17:11:14.779] [bbotk]  0.2480785  0.2415831        0      0            0.209
INFO  [17:11:14.779] [bbotk]                                 uhash
INFO  [17:11:14.779] [bbotk]  978b10fb-33f0-4601-9e1b-d4df64195d02
INFO  [17:11:14.787] [bbotk] Finished optimizing after 3 evaluation(s)
INFO  [17:11:14.787] [bbotk] Result:
INFO  [17:11:14.789] [bbotk]   laplace learner_param_vals  x_domain classif.ce
INFO  [17:11:14.789] [bbotk]     <num>             <list>    <list>      <num>
INFO  [17:11:14.789] [bbotk]  0.481131          <list[1]> <list[1]>  0.2415831
INFO  [17:11:14.911] [bbotk] Starting to optimize 1 parameter(s) with '<OptimizerBatchRandomSearch>' and '<TerminatorEvals> [n_evals=3, k=0]'
INFO  [17:11:14.920] [bbotk] Evaluating 1 configuration(s)
INFO  [17:11:15.236] [bbotk] Result of batch 1:
INFO  [17:11:15.237] [bbotk]    laplace classif.ce warnings errors runtime_learners
INFO  [17:11:15.237] [bbotk]  0.4121617  0.2549473        0      0            0.269
INFO  [17:11:15.237] [bbotk]                                 uhash
INFO  [17:11:15.237] [bbotk]  00e026c1-1f5f-49e7-8dba-fbd63f6b9daf
INFO  [17:11:15.239] [bbotk] Evaluating 1 configuration(s)
INFO  [17:11:15.504] [bbotk] Result of batch 2:
INFO  [17:11:15.506] [bbotk]     laplace classif.ce warnings errors runtime_learners
INFO  [17:11:15.506] [bbotk]  0.01732227  0.2549473        0      0            0.208
INFO  [17:11:15.506] [bbotk]                                 uhash
INFO  [17:11:15.506] [bbotk]  8a9619a7-13d6-4cb2-b8a1-b9c8aa0a271d
INFO  [17:11:15.512] [bbotk] Evaluating 1 configuration(s)
INFO  [17:11:15.810] [bbotk] Result of batch 3:
INFO  [17:11:15.812] [bbotk]   laplace classif.ce warnings errors runtime_learners
INFO  [17:11:15.812] [bbotk]  0.110933  0.2549473        0      0            0.248
INFO  [17:11:15.812] [bbotk]                                 uhash
INFO  [17:11:15.812] [bbotk]  72165f65-2296-49f2-a539-e29126c6abdf
INFO  [17:11:15.822] [bbotk] Finished optimizing after 3 evaluation(s)
INFO  [17:11:15.823] [bbotk] Result:
INFO  [17:11:15.823] [bbotk]    laplace learner_param_vals  x_domain classif.ce
INFO  [17:11:15.823] [bbotk]      <num>             <list>    <list>      <num>
INFO  [17:11:15.823] [bbotk]  0.4121617          <list[1]> <list[1]>  0.2549473
INFO  [17:11:15.954] [bbotk] Starting to optimize 1 parameter(s) with '<OptimizerBatchRandomSearch>' and '<TerminatorEvals> [n_evals=3, k=0]'
INFO  [17:11:15.960] [bbotk] Evaluating 1 configuration(s)
INFO  [17:11:16.253] [bbotk] Result of batch 1:
INFO  [17:11:16.254] [bbotk]    laplace classif.ce warnings errors runtime_learners
INFO  [17:11:16.254] [bbotk]  0.4452324  0.2369571        0      0            0.259
INFO  [17:11:16.254] [bbotk]                                 uhash
INFO  [17:11:16.254] [bbotk]  2576b675-45b9-45b9-bc8f-611f31fdd9b9
INFO  [17:11:16.256] [bbotk] Evaluating 1 configuration(s)
INFO  [17:11:16.532] [bbotk] Result of batch 2:
INFO  [17:11:16.534] [bbotk]     laplace classif.ce warnings errors runtime_learners
INFO  [17:11:16.534] [bbotk]  0.04994789  0.2369571        0      0            0.233
INFO  [17:11:16.534] [bbotk]                                 uhash
INFO  [17:11:16.534] [bbotk]  81f6aa34-126c-436a-be29-b171ec070a52
INFO  [17:11:16.539] [bbotk] Evaluating 1 configuration(s)
INFO  [17:11:16.835] [bbotk] Result of batch 3:
INFO  [17:11:16.837] [bbotk]    laplace classif.ce warnings errors runtime_learners
INFO  [17:11:16.837] [bbotk]  0.8889343  0.2369571        0      0            0.241
INFO  [17:11:16.837] [bbotk]                                 uhash
INFO  [17:11:16.837] [bbotk]  07b428fa-8c7f-4ff0-81f0-d17645f68284
INFO  [17:11:16.847] [bbotk] Finished optimizing after 3 evaluation(s)
INFO  [17:11:16.848] [bbotk] Result:
INFO  [17:11:16.849] [bbotk]    laplace learner_param_vals  x_domain classif.ce
INFO  [17:11:16.849] [bbotk]      <num>             <list>    <list>      <num>
INFO  [17:11:16.849] [bbotk]  0.4452324          <list[1]> <list[1]>  0.2369571
INFO  [17:11:16.978] [bbotk] Starting to optimize 1 parameter(s) with '<OptimizerBatchRandomSearch>' and '<TerminatorEvals> [n_evals=3, k=0]'
INFO  [17:11:16.989] [bbotk] Evaluating 1 configuration(s)
INFO  [17:11:17.282] [bbotk] Result of batch 1:
INFO  [17:11:17.284] [bbotk]    laplace classif.ce warnings errors runtime_learners
INFO  [17:11:17.284] [bbotk]  0.6713278  0.2580314        0      0            0.244
INFO  [17:11:17.284] [bbotk]                                 uhash
INFO  [17:11:17.284] [bbotk]  c507ba9f-8fb8-4079-a89f-dc1de8f9c7d1
INFO  [17:11:17.289] [bbotk] Evaluating 1 configuration(s)
INFO  [17:11:17.657] [bbotk] Result of batch 2:
INFO  [17:11:17.658] [bbotk]      laplace classif.ce warnings errors runtime_learners
INFO  [17:11:17.658] [bbotk]  0.003747173  0.2580314        0      0            0.304
INFO  [17:11:17.658] [bbotk]                                 uhash
INFO  [17:11:17.658] [bbotk]  4b32a446-c21c-4c6b-ba6c-6ec542c76abd
INFO  [17:11:17.664] [bbotk] Evaluating 1 configuration(s)
INFO  [17:11:17.989] [bbotk] Result of batch 3:
INFO  [17:11:17.990] [bbotk]    laplace classif.ce warnings errors runtime_learners
INFO  [17:11:17.990] [bbotk]  0.6218724  0.2580314        0      0            0.292
INFO  [17:11:17.990] [bbotk]                                 uhash
INFO  [17:11:17.990] [bbotk]  781a2594-03a6-4779-914b-619472ff2807
INFO  [17:11:17.998] [bbotk] Finished optimizing after 3 evaluation(s)
INFO  [17:11:17.999] [bbotk] Result:
INFO  [17:11:18.001] [bbotk]    laplace learner_param_vals  x_domain classif.ce
INFO  [17:11:18.001] [bbotk]      <num>             <list>    <list>      <num>
INFO  [17:11:18.001] [bbotk]  0.6713278          <list[1]> <list[1]>  0.2580314
INFO  [17:11:18.108] [bbotk] Starting to optimize 1 parameter(s) with '<OptimizerBatchRandomSearch>' and '<TerminatorEvals> [n_evals=3, k=0]'
INFO  [17:11:18.113] [bbotk] Evaluating 1 configuration(s)
INFO  [17:11:18.403] [bbotk] Result of batch 1:
INFO  [17:11:18.405] [bbotk]   laplace classif.ce warnings errors runtime_learners
INFO  [17:11:18.405] [bbotk]  0.915843  0.2433182        0      0            0.245
INFO  [17:11:18.405] [bbotk]                                 uhash
INFO  [17:11:18.405] [bbotk]  d2ae6aaa-629c-477a-a5d6-ae653171626b
INFO  [17:11:18.412] [bbotk] Evaluating 1 configuration(s)
INFO  [17:11:18.722] [bbotk] Result of batch 2:
INFO  [17:11:18.723] [bbotk]    laplace classif.ce warnings errors runtime_learners
INFO  [17:11:18.723] [bbotk]  0.9760651  0.2433182        0      0             0.26
INFO  [17:11:18.723] [bbotk]                                 uhash
INFO  [17:11:18.723] [bbotk]  0e56bf7b-d9a5-438c-83ad-f9d17ff78b6e
INFO  [17:11:18.725] [bbotk] Evaluating 1 configuration(s)
INFO  [17:11:19.091] [bbotk] Result of batch 3:
INFO  [17:11:19.094] [bbotk]    laplace classif.ce warnings errors runtime_learners
INFO  [17:11:19.094] [bbotk]  0.5100097  0.2433182        0      0            0.314
INFO  [17:11:19.094] [bbotk]                                 uhash
INFO  [17:11:19.094] [bbotk]  bf599cd0-8c22-4020-8fa9-f92f8af28ab4
INFO  [17:11:19.114] [bbotk] Finished optimizing after 3 evaluation(s)
INFO  [17:11:19.115] [bbotk] Result:
INFO  [17:11:19.118] [bbotk]   laplace learner_param_vals  x_domain classif.ce
INFO  [17:11:19.118] [bbotk]     <num>             <list>    <list>      <num>
INFO  [17:11:19.118] [bbotk]  0.915843          <list[1]> <list[1]>  0.2433182
[1] -9.369796
[1] 15.47207

### [bt]: Job terminated successfully [batchtools job.id=2367]
### [bt]: Starting job [batchtools job.id=2368]
### [bt]: Generating problem instance for problem '34d90df810f60583' ...
### [bt]: Applying algorithm 'run_learner' on problem '34d90df810f60583' for job 2368 (seed = 2369) ...
INFO  [17:11:19.543] [mlr3] Applying learner 'classif.naive_bayes.tuned_calib.oof_beta' on task 'phoneme' (iter 8/10)
INFO  [17:11:19.595] [bbotk] Starting to optimize 1 parameter(s) with '<OptimizerBatchRandomSearch>' and '<TerminatorEvals> [n_evals=3, k=0]'
INFO  [17:11:19.603] [bbotk] Evaluating 1 configuration(s)
INFO  [17:11:19.960] [bbotk] Result of batch 1:
INFO  [17:11:19.961] [bbotk]    laplace classif.ce warnings errors runtime_learners
INFO  [17:11:19.961] [bbotk]  0.9133145  0.2374711        0      0            0.296
INFO  [17:11:19.961] [bbotk]                                 uhash
INFO  [17:11:19.961] [bbotk]  6827efef-5154-4517-b766-22ea5646a245
INFO  [17:11:19.963] [bbotk] Evaluating 1 configuration(s)
INFO  [17:11:20.290] [bbotk] Result of batch 2:
INFO  [17:11:20.291] [bbotk]    laplace classif.ce warnings errors runtime_learners
INFO  [17:11:20.291] [bbotk]  0.5833441  0.2374711        0      0            0.265
INFO  [17:11:20.291] [bbotk]                                 uhash
INFO  [17:11:20.291] [bbotk]  4a1bae32-2ad9-4c2f-b6dc-dfa810a4dc5c
INFO  [17:11:20.297] [bbotk] Evaluating 1 configuration(s)
INFO  [17:11:20.667] [bbotk] Result of batch 3:
INFO  [17:11:20.672] [bbotk]    laplace classif.ce warnings errors runtime_learners
INFO  [17:11:20.672] [bbotk]  0.5435021  0.2374711        0      0            0.293
INFO  [17:11:20.672] [bbotk]                                 uhash
INFO  [17:11:20.672] [bbotk]  da39c481-2fdf-4ac9-ac65-f90a28ccba75
INFO  [17:11:20.699] [bbotk] Finished optimizing after 3 evaluation(s)
INFO  [17:11:20.699] [bbotk] Result:
INFO  [17:11:20.702] [bbotk]    laplace learner_param_vals  x_domain classif.ce
INFO  [17:11:20.702] [bbotk]      <num>             <list>    <list>      <num>
INFO  [17:11:20.702] [bbotk]  0.9133145          <list[1]> <list[1]>  0.2374711
INFO  [17:11:20.847] [bbotk] Starting to optimize 1 parameter(s) with '<OptimizerBatchRandomSearch>' and '<TerminatorEvals> [n_evals=3, k=0]'
INFO  [17:11:20.852] [bbotk] Evaluating 1 configuration(s)
INFO  [17:11:21.240] [bbotk] Result of batch 1:
INFO  [17:11:21.241] [bbotk]    laplace classif.ce warnings errors runtime_learners
INFO  [17:11:21.241] [bbotk]  0.2848579  0.2415831        0      0            0.312
INFO  [17:11:21.241] [bbotk]                                 uhash
INFO  [17:11:21.241] [bbotk]  cdf05e98-5bf1-4ba7-b915-5b6e2dbf79d2
INFO  [17:11:21.243] [bbotk] Evaluating 1 configuration(s)
INFO  [17:11:21.567] [bbotk] Result of batch 2:
INFO  [17:11:21.576] [bbotk]    laplace classif.ce warnings errors runtime_learners
INFO  [17:11:21.576] [bbotk]  0.2209815  0.2415831        0      0            0.259
INFO  [17:11:21.576] [bbotk]                                 uhash
INFO  [17:11:21.576] [bbotk]  c4bfb0a8-1d3b-4138-9ea0-b2e321c6435a
INFO  [17:11:21.579] [bbotk] Evaluating 1 configuration(s)
INFO  [17:11:21.860] [bbotk] Result of batch 3:
INFO  [17:11:21.861] [bbotk]    laplace classif.ce warnings errors runtime_learners
INFO  [17:11:21.861] [bbotk]  0.8844176  0.2415831        0      0            0.248
INFO  [17:11:21.861] [bbotk]                                 uhash
INFO  [17:11:21.861] [bbotk]  a613c486-5c0a-4c79-8858-3419ba167bf7
INFO  [17:11:21.871] [bbotk] Finished optimizing after 3 evaluation(s)
INFO  [17:11:21.871] [bbotk] Result:
INFO  [17:11:21.872] [bbotk]    laplace learner_param_vals  x_domain classif.ce
INFO  [17:11:21.872] [bbotk]      <num>             <list>    <list>      <num>
INFO  [17:11:21.872] [bbotk]  0.2848579          <list[1]> <list[1]>  0.2415831
INFO  [17:11:21.983] [bbotk] Starting to optimize 1 parameter(s) with '<OptimizerBatchRandomSearch>' and '<TerminatorEvals> [n_evals=3, k=0]'
INFO  [17:11:21.994] [bbotk] Evaluating 1 configuration(s)
INFO  [17:11:22.287] [bbotk] Result of batch 1:
INFO  [17:11:22.287] [bbotk]   laplace classif.ce warnings errors runtime_learners
INFO  [17:11:22.287] [bbotk]  0.289596  0.2369571        0      0            0.257
INFO  [17:11:22.287] [bbotk]                                 uhash
INFO  [17:11:22.287] [bbotk]  bbe608c8-113a-4ea0-969d-cbb2d9e1395b
INFO  [17:11:22.290] [bbotk] Evaluating 1 configuration(s)
INFO  [17:11:22.629] [bbotk] Result of batch 2:
INFO  [17:11:22.629] [bbotk]    laplace classif.ce warnings errors runtime_learners
INFO  [17:11:22.629] [bbotk]  0.8002682  0.2369571        0      0            0.281
INFO  [17:11:22.629] [bbotk]                                 uhash
INFO  [17:11:22.629] [bbotk]  0257848b-ff73-4037-878f-ca77fd5ac7dc
INFO  [17:11:22.632] [bbotk] Evaluating 1 configuration(s)
INFO  [17:11:22.920] [bbotk] Result of batch 3:
INFO  [17:11:22.921] [bbotk]    laplace classif.ce warnings errors runtime_learners
INFO  [17:11:22.921] [bbotk]  0.4260831  0.2369571        0      0            0.249
INFO  [17:11:22.921] [bbotk]                                 uhash
INFO  [17:11:22.921] [bbotk]  15bdd63e-7c68-4310-a7d0-2ab7a29377ee
INFO  [17:11:22.935] [bbotk] Finished optimizing after 3 evaluation(s)
INFO  [17:11:22.936] [bbotk] Result:
INFO  [17:11:22.937] [bbotk]   laplace learner_param_vals  x_domain classif.ce
INFO  [17:11:22.937] [bbotk]     <num>             <list>    <list>      <num>
INFO  [17:11:22.937] [bbotk]  0.289596          <list[1]> <list[1]>  0.2369571
INFO  [17:11:23.063] [bbotk] Starting to optimize 1 parameter(s) with '<OptimizerBatchRandomSearch>' and '<TerminatorEvals> [n_evals=3, k=0]'
INFO  [17:11:23.067] [bbotk] Evaluating 1 configuration(s)
INFO  [17:11:23.427] [bbotk] Result of batch 1:
INFO  [17:11:23.428] [bbotk]    laplace classif.ce warnings errors runtime_learners
INFO  [17:11:23.428] [bbotk]  0.7367538  0.2384991        0      0            0.286
INFO  [17:11:23.428] [bbotk]                                 uhash
INFO  [17:11:23.428] [bbotk]  d8e73f54-1d31-4b5d-ab9f-893d37923c36
INFO  [17:11:23.430] [bbotk] Evaluating 1 configuration(s)
INFO  [17:11:23.735] [bbotk] Result of batch 2:
INFO  [17:11:23.736] [bbotk]    laplace classif.ce warnings errors runtime_learners
INFO  [17:11:23.736] [bbotk]  0.8715136  0.2384991        0      0            0.263
INFO  [17:11:23.736] [bbotk]                                 uhash
INFO  [17:11:23.736] [bbotk]  0b3841f5-643b-4568-a2b1-2adc019f8430
INFO  [17:11:23.741] [bbotk] Evaluating 1 configuration(s)
INFO  [17:11:24.030] [bbotk] Result of batch 3:
INFO  [17:11:24.031] [bbotk]    laplace classif.ce warnings errors runtime_learners
INFO  [17:11:24.031] [bbotk]  0.5477868  0.2384991        0      0            0.262
INFO  [17:11:24.031] [bbotk]                                 uhash
INFO  [17:11:24.031] [bbotk]  a66d892a-f0ce-4bd8-9aab-3311610446df
INFO  [17:11:24.046] [bbotk] Finished optimizing after 3 evaluation(s)
INFO  [17:11:24.046] [bbotk] Result:
INFO  [17:11:24.047] [bbotk]    laplace learner_param_vals  x_domain classif.ce
INFO  [17:11:24.047] [bbotk]      <num>             <list>    <list>      <num>
INFO  [17:11:24.047] [bbotk]  0.7367538          <list[1]> <list[1]>  0.2384991
INFO  [17:11:24.182] [bbotk] Starting to optimize 1 parameter(s) with '<OptimizerBatchRandomSearch>' and '<TerminatorEvals> [n_evals=3, k=0]'
INFO  [17:11:24.190] [bbotk] Evaluating 1 configuration(s)
INFO  [17:11:24.519] [bbotk] Result of batch 1:
INFO  [17:11:24.520] [bbotk]    laplace classif.ce warnings errors runtime_learners
INFO  [17:11:24.520] [bbotk]  0.9605326  0.2425448        0      0            0.294
INFO  [17:11:24.520] [bbotk]                                 uhash
INFO  [17:11:24.520] [bbotk]  fae57ce6-3887-4f35-8a50-5f8654262e62
INFO  [17:11:24.522] [bbotk] Evaluating 1 configuration(s)
INFO  [17:11:24.833] [bbotk] Result of batch 2:
INFO  [17:11:24.834] [bbotk]    laplace classif.ce warnings errors runtime_learners
INFO  [17:11:24.834] [bbotk]  0.5230225  0.2425448        0      0            0.273
INFO  [17:11:24.834] [bbotk]                                 uhash
INFO  [17:11:24.834] [bbotk]  2933c9bb-8e4f-4b4c-b440-54302b79a8ce
INFO  [17:11:24.837] [bbotk] Evaluating 1 configuration(s)
INFO  [17:11:25.187] [bbotk] Result of batch 3:
INFO  [17:11:25.192] [bbotk]    laplace classif.ce warnings errors runtime_learners
INFO  [17:11:25.192] [bbotk]  0.9160721  0.2425448        0      0            0.293
INFO  [17:11:25.192] [bbotk]                                 uhash
INFO  [17:11:25.192] [bbotk]  83d89e2b-6346-4c95-abe3-bb50a267a7ee
INFO  [17:11:25.204] [bbotk] Finished optimizing after 3 evaluation(s)
INFO  [17:11:25.205] [bbotk] Result:
INFO  [17:11:25.206] [bbotk]    laplace learner_param_vals  x_domain classif.ce
INFO  [17:11:25.206] [bbotk]      <num>             <list>    <list>      <num>
INFO  [17:11:25.206] [bbotk]  0.9605326          <list[1]> <list[1]>  0.2425448
[1] -9.377582
[1] 15.69443

### [bt]: Job terminated successfully [batchtools job.id=2368]
### [bt]: Starting job [batchtools job.id=2369]
### [bt]: Generating problem instance for problem '34d90df810f60583' ...
### [bt]: Applying algorithm 'run_learner' on problem '34d90df810f60583' for job 2369 (seed = 2370) ...
INFO  [17:11:25.580] [mlr3] Applying learner 'classif.naive_bayes.tuned_calib.oof_beta' on task 'phoneme' (iter 9/10)
INFO  [17:11:25.644] [bbotk] Starting to optimize 1 parameter(s) with '<OptimizerBatchRandomSearch>' and '<TerminatorEvals> [n_evals=3, k=0]'
INFO  [17:11:25.649] [bbotk] Evaluating 1 configuration(s)
INFO  [17:11:26.024] [bbotk] Result of batch 1:
INFO  [17:11:26.026] [bbotk]    laplace classif.ce warnings errors runtime_learners
INFO  [17:11:26.026] [bbotk]  0.1491783   0.233873        0      0            0.324
INFO  [17:11:26.026] [bbotk]                                 uhash
INFO  [17:11:26.026] [bbotk]  c0761b65-9b63-47a2-9684-aa97cf1b5c4c
INFO  [17:11:26.034] [bbotk] Evaluating 1 configuration(s)
INFO  [17:11:26.343] [bbotk] Result of batch 2:
INFO  [17:11:26.345] [bbotk]    laplace classif.ce warnings errors runtime_learners
INFO  [17:11:26.345] [bbotk]  0.0956595   0.233873        0      0            0.261
INFO  [17:11:26.345] [bbotk]                                 uhash
INFO  [17:11:26.345] [bbotk]  7f87cd81-f169-4760-aa84-e80c1b78891d
INFO  [17:11:26.348] [bbotk] Evaluating 1 configuration(s)
INFO  [17:11:26.696] [bbotk] Result of batch 3:
INFO  [17:11:26.697] [bbotk]    laplace classif.ce warnings errors runtime_learners
INFO  [17:11:26.697] [bbotk]  0.8307916   0.233873        0      0            0.292
INFO  [17:11:26.697] [bbotk]                                 uhash
INFO  [17:11:26.697] [bbotk]  aff3abcc-3b37-43a8-a744-dd224cd8680e
INFO  [17:11:26.715] [bbotk] Finished optimizing after 3 evaluation(s)
INFO  [17:11:26.716] [bbotk] Result:
INFO  [17:11:26.717] [bbotk]    laplace learner_param_vals  x_domain classif.ce
INFO  [17:11:26.717] [bbotk]      <num>             <list>    <list>      <num>
INFO  [17:11:26.717] [bbotk]  0.1491783          <list[1]> <list[1]>   0.233873
INFO  [17:11:26.853] [bbotk] Starting to optimize 1 parameter(s) with '<OptimizerBatchRandomSearch>' and '<TerminatorEvals> [n_evals=3, k=0]'
INFO  [17:11:26.858] [bbotk] Evaluating 1 configuration(s)
INFO  [17:11:27.191] [bbotk] Result of batch 1:
INFO  [17:11:27.193] [bbotk]     laplace classif.ce warnings errors runtime_learners
INFO  [17:11:27.193] [bbotk]  0.09814136  0.2377281        0      0            0.283
INFO  [17:11:27.193] [bbotk]                                 uhash
INFO  [17:11:27.193] [bbotk]  7aa2489a-86f4-4efc-956f-2e4b0e1eeed5
INFO  [17:11:27.198] [bbotk] Evaluating 1 configuration(s)
INFO  [17:11:27.520] [bbotk] Result of batch 2:
INFO  [17:11:27.521] [bbotk]    laplace classif.ce warnings errors runtime_learners
INFO  [17:11:27.521] [bbotk]  0.1336361  0.2377281        0      0            0.294
INFO  [17:11:27.521] [bbotk]                                 uhash
INFO  [17:11:27.521] [bbotk]  cec6f626-b0c7-49c5-8c2c-600d90e796d0
INFO  [17:11:27.523] [bbotk] Evaluating 1 configuration(s)
INFO  [17:11:27.817] [bbotk] Result of batch 3:
INFO  [17:11:27.819] [bbotk]    laplace classif.ce warnings errors runtime_learners
INFO  [17:11:27.819] [bbotk]  0.8448991  0.2377281        0      0            0.254
INFO  [17:11:27.819] [bbotk]                                 uhash
INFO  [17:11:27.819] [bbotk]  fa86f7da-b7c7-481c-8bed-f6dbf1942db9
INFO  [17:11:27.829] [bbotk] Finished optimizing after 3 evaluation(s)
INFO  [17:11:27.830] [bbotk] Result:
INFO  [17:11:27.830] [bbotk]     laplace learner_param_vals  x_domain classif.ce
INFO  [17:11:27.830] [bbotk]       <num>             <list>    <list>      <num>
INFO  [17:11:27.830] [bbotk]  0.09814136          <list[1]> <list[1]>  0.2377281
INFO  [17:11:28.013] [bbotk] Starting to optimize 1 parameter(s) with '<OptimizerBatchRandomSearch>' and '<TerminatorEvals> [n_evals=3, k=0]'
INFO  [17:11:28.017] [bbotk] Evaluating 1 configuration(s)
INFO  [17:11:28.334] [bbotk] Result of batch 1:
INFO  [17:11:28.336] [bbotk]    laplace classif.ce warnings errors runtime_learners
INFO  [17:11:28.336] [bbotk]  0.8199944  0.2382421        0      0            0.264
INFO  [17:11:28.336] [bbotk]                                 uhash
INFO  [17:11:28.336] [bbotk]  4aa26424-1683-420f-af89-a9f2744329c1
INFO  [17:11:28.342] [bbotk] Evaluating 1 configuration(s)
INFO  [17:11:28.686] [bbotk] Result of batch 2:
INFO  [17:11:28.687] [bbotk]    laplace classif.ce warnings errors runtime_learners
INFO  [17:11:28.687] [bbotk]  0.5478009  0.2382421        0      0            0.296
INFO  [17:11:28.687] [bbotk]                                 uhash
INFO  [17:11:28.687] [bbotk]  a933bc7a-8442-448b-ab87-be9832bff6ca
INFO  [17:11:28.689] [bbotk] Evaluating 1 configuration(s)
INFO  [17:11:29.046] [bbotk] Result of batch 3:
INFO  [17:11:29.047] [bbotk]   laplace classif.ce warnings errors runtime_learners
INFO  [17:11:29.047] [bbotk]  0.775162  0.2382421        0      0             0.31
INFO  [17:11:29.047] [bbotk]                                 uhash
INFO  [17:11:29.047] [bbotk]  981b2828-208f-4c00-a835-adf033b1cd36
INFO  [17:11:29.054] [bbotk] Finished optimizing after 3 evaluation(s)
INFO  [17:11:29.054] [bbotk] Result:
INFO  [17:11:29.055] [bbotk]    laplace learner_param_vals  x_domain classif.ce
INFO  [17:11:29.055] [bbotk]      <num>             <list>    <list>      <num>
INFO  [17:11:29.055] [bbotk]  0.8199944          <list[1]> <list[1]>  0.2382421
INFO  [17:11:29.203] [bbotk] Starting to optimize 1 parameter(s) with '<OptimizerBatchRandomSearch>' and '<TerminatorEvals> [n_evals=3, k=0]'
INFO  [17:11:29.212] [bbotk] Evaluating 1 configuration(s)
INFO  [17:11:29.560] [bbotk] Result of batch 1:
INFO  [17:11:29.561] [bbotk]    laplace classif.ce warnings errors runtime_learners
INFO  [17:11:29.561] [bbotk]  0.2648524  0.2564893        0      0            0.301
INFO  [17:11:29.561] [bbotk]                                 uhash
INFO  [17:11:29.561] [bbotk]  4abe66f8-060a-4b68-af9b-3cecda342340
INFO  [17:11:29.564] [bbotk] Evaluating 1 configuration(s)
INFO  [17:11:29.889] [bbotk] Result of batch 2:
INFO  [17:11:29.890] [bbotk]      laplace classif.ce warnings errors runtime_learners
INFO  [17:11:29.890] [bbotk]  0.001704777  0.2564893        0      0            0.271
INFO  [17:11:29.890] [bbotk]                                 uhash
INFO  [17:11:29.890] [bbotk]  a2fff1df-b5a1-45fe-9b7b-146aba7390c1
INFO  [17:11:29.892] [bbotk] Evaluating 1 configuration(s)
INFO  [17:11:30.230] [bbotk] Result of batch 3:
INFO  [17:11:30.231] [bbotk]    laplace classif.ce warnings errors runtime_learners
INFO  [17:11:30.231] [bbotk]  0.3732973  0.2564893        0      0            0.287
INFO  [17:11:30.231] [bbotk]                                 uhash
INFO  [17:11:30.231] [bbotk]  d6fef18a-63f8-41bb-b732-f05008eb3752
INFO  [17:11:30.248] [bbotk] Finished optimizing after 3 evaluation(s)
INFO  [17:11:30.249] [bbotk] Result:
INFO  [17:11:30.251] [bbotk]    laplace learner_param_vals  x_domain classif.ce
INFO  [17:11:30.251] [bbotk]      <num>             <list>    <list>      <num>
INFO  [17:11:30.251] [bbotk]  0.2648524          <list[1]> <list[1]>  0.2564893
INFO  [17:11:30.356] [bbotk] Starting to optimize 1 parameter(s) with '<OptimizerBatchRandomSearch>' and '<TerminatorEvals> [n_evals=3, k=0]'
INFO  [17:11:30.362] [bbotk] Evaluating 1 configuration(s)
INFO  [17:11:30.671] [bbotk] Result of batch 1:
INFO  [17:11:30.671] [bbotk]    laplace classif.ce warnings errors runtime_learners
INFO  [17:11:30.671] [bbotk]  0.2615495  0.2435726        0      0            0.269
INFO  [17:11:30.671] [bbotk]                                 uhash
INFO  [17:11:30.671] [bbotk]  191505e0-895c-498f-a89a-8125adb8c93e
INFO  [17:11:30.676] [bbotk] Evaluating 1 configuration(s)
INFO  [17:11:31.064] [bbotk] Result of batch 2:
INFO  [17:11:31.066] [bbotk]    laplace classif.ce warnings errors runtime_learners
INFO  [17:11:31.066] [bbotk]  0.8366171  0.2435726        0      0            0.327
INFO  [17:11:31.066] [bbotk]                                 uhash
INFO  [17:11:31.066] [bbotk]  42c29b35-7ee3-4b5d-b8d3-93af689dd4a6
INFO  [17:11:31.073] [bbotk] Evaluating 1 configuration(s)
INFO  [17:11:31.494] [bbotk] Result of batch 3:
INFO  [17:11:31.495] [bbotk]    laplace classif.ce warnings errors runtime_learners
INFO  [17:11:31.495] [bbotk]  0.1276815  0.2435726        0      0            0.374
INFO  [17:11:31.495] [bbotk]                                 uhash
INFO  [17:11:31.495] [bbotk]  d53e7935-3d17-4012-af46-4f859df5da5a
INFO  [17:11:31.515] [bbotk] Finished optimizing after 3 evaluation(s)
INFO  [17:11:31.515] [bbotk] Result:
INFO  [17:11:31.517] [bbotk]    laplace learner_param_vals  x_domain classif.ce
INFO  [17:11:31.517] [bbotk]      <num>             <list>    <list>      <num>
INFO  [17:11:31.517] [bbotk]  0.2615495          <list[1]> <list[1]>  0.2435726
[1] -9.169179
[1] 15.87823

### [bt]: Job terminated successfully [batchtools job.id=2369]
### [bt]: Starting job [batchtools job.id=2370]
### [bt]: Generating problem instance for problem '34d90df810f60583' ...
### [bt]: Applying algorithm 'run_learner' on problem '34d90df810f60583' for job 2370 (seed = 2371) ...
INFO  [17:11:31.855] [mlr3] Applying learner 'classif.naive_bayes.tuned_calib.oof_beta' on task 'phoneme' (iter 10/10)
INFO  [17:11:31.906] [bbotk] Starting to optimize 1 parameter(s) with '<OptimizerBatchRandomSearch>' and '<TerminatorEvals> [n_evals=3, k=0]'
INFO  [17:11:31.917] [bbotk] Evaluating 1 configuration(s)
INFO  [17:11:32.241] [bbotk] Result of batch 1:
INFO  [17:11:32.242] [bbotk]    laplace classif.ce warnings errors runtime_learners
INFO  [17:11:32.242] [bbotk]  0.4834785  0.2446672        0      0            0.283
INFO  [17:11:32.242] [bbotk]                                 uhash
INFO  [17:11:32.242] [bbotk]  094d8eb1-da81-4922-95d5-7abe3e3b4e09
INFO  [17:11:32.245] [bbotk] Evaluating 1 configuration(s)
INFO  [17:11:32.551] [bbotk] Result of batch 2:
INFO  [17:11:32.553] [bbotk]    laplace classif.ce warnings errors runtime_learners
INFO  [17:11:32.553] [bbotk]  0.9169857  0.2446672        0      0             0.26
INFO  [17:11:32.553] [bbotk]                                 uhash
INFO  [17:11:32.553] [bbotk]  58e5c7d3-c5ce-405c-87ce-cf354d403414
INFO  [17:11:32.559] [bbotk] Evaluating 1 configuration(s)
INFO  [17:11:32.852] [bbotk] Result of batch 3:
INFO  [17:11:32.853] [bbotk]     laplace classif.ce warnings errors runtime_learners
INFO  [17:11:32.853] [bbotk]  0.07071085  0.2446672        0      0            0.255
INFO  [17:11:32.853] [bbotk]                                 uhash
INFO  [17:11:32.853] [bbotk]  09e72834-48e1-42c5-a0e8-ebf38e43ffef
INFO  [17:11:32.864] [bbotk] Finished optimizing after 3 evaluation(s)
INFO  [17:11:32.865] [bbotk] Result:
INFO  [17:11:32.867] [bbotk]    laplace learner_param_vals  x_domain classif.ce
INFO  [17:11:32.867] [bbotk]      <num>             <list>    <list>      <num>
INFO  [17:11:32.867] [bbotk]  0.4834785          <list[1]> <list[1]>  0.2446672
INFO  [17:11:32.991] [bbotk] Starting to optimize 1 parameter(s) with '<OptimizerBatchRandomSearch>' and '<TerminatorEvals> [n_evals=3, k=0]'
INFO  [17:11:33.000] [bbotk] Evaluating 1 configuration(s)
INFO  [17:11:33.351] [bbotk] Result of batch 1:
INFO  [17:11:33.352] [bbotk]    laplace classif.ce warnings errors runtime_learners
INFO  [17:11:33.352] [bbotk]  0.8370185   0.231817        0      0            0.311
INFO  [17:11:33.352] [bbotk]                                 uhash
INFO  [17:11:33.352] [bbotk]  5f574429-2846-4f7a-b15b-a83f7d5817b3
INFO  [17:11:33.354] [bbotk] Evaluating 1 configuration(s)
INFO  [17:11:33.689] [bbotk] Result of batch 2:
INFO  [17:11:33.691] [bbotk]   laplace classif.ce warnings errors runtime_learners
INFO  [17:11:33.691] [bbotk]  0.919125   0.231817        0      0            0.294
INFO  [17:11:33.691] [bbotk]                                 uhash
INFO  [17:11:33.691] [bbotk]  220bb011-4d15-47a7-8cdb-6486f358b70a
INFO  [17:11:33.697] [bbotk] Evaluating 1 configuration(s)
INFO  [17:11:34.006] [bbotk] Result of batch 3:
INFO  [17:11:34.009] [bbotk]   laplace classif.ce warnings errors runtime_learners
INFO  [17:11:34.009] [bbotk]  0.428892   0.231817        0      0            0.259
INFO  [17:11:34.009] [bbotk]                                 uhash
INFO  [17:11:34.009] [bbotk]  10f8766d-3fbd-42b4-a77d-09e32ddb5041
INFO  [17:11:34.029] [bbotk] Finished optimizing after 3 evaluation(s)
INFO  [17:11:34.029] [bbotk] Result:
INFO  [17:11:34.030] [bbotk]    laplace learner_param_vals  x_domain classif.ce
INFO  [17:11:34.030] [bbotk]      <num>             <list>    <list>      <num>
INFO  [17:11:34.030] [bbotk]  0.8370185          <list[1]> <list[1]>   0.231817
INFO  [17:11:34.144] [bbotk] Starting to optimize 1 parameter(s) with '<OptimizerBatchRandomSearch>' and '<TerminatorEvals> [n_evals=3, k=0]'
INFO  [17:11:34.149] [bbotk] Evaluating 1 configuration(s)
INFO  [17:11:34.463] [bbotk] Result of batch 1:
INFO  [17:11:34.471] [bbotk]    laplace classif.ce warnings errors runtime_learners
INFO  [17:11:34.471] [bbotk]  0.1534099  0.2472372        0      0            0.263
INFO  [17:11:34.471] [bbotk]                                 uhash
INFO  [17:11:34.471] [bbotk]  96431a44-e8ad-42d1-b1e0-912877693223
INFO  [17:11:34.478] [bbotk] Evaluating 1 configuration(s)
INFO  [17:11:34.789] [bbotk] Result of batch 2:
INFO  [17:11:34.791] [bbotk]    laplace classif.ce warnings errors runtime_learners
INFO  [17:11:34.791] [bbotk]  0.9466235  0.2472372        0      0            0.265
INFO  [17:11:34.791] [bbotk]                                 uhash
INFO  [17:11:34.791] [bbotk]  0d584dda-9f46-4dd5-a150-75c15c598cdf
INFO  [17:11:34.797] [bbotk] Evaluating 1 configuration(s)
INFO  [17:11:35.139] [bbotk] Result of batch 3:
INFO  [17:11:35.140] [bbotk]    laplace classif.ce warnings errors runtime_learners
INFO  [17:11:35.140] [bbotk]  0.9991971  0.2472372        0      0            0.279
INFO  [17:11:35.140] [bbotk]                                 uhash
INFO  [17:11:35.140] [bbotk]  8b31a9f7-74df-46aa-8dc4-8a0cc7e60494
INFO  [17:11:35.154] [bbotk] Finished optimizing after 3 evaluation(s)
INFO  [17:11:35.155] [bbotk] Result:
INFO  [17:11:35.157] [bbotk]    laplace learner_param_vals  x_domain classif.ce
INFO  [17:11:35.157] [bbotk]      <num>             <list>    <list>      <num>
INFO  [17:11:35.157] [bbotk]  0.1534099          <list[1]> <list[1]>  0.2472372
INFO  [17:11:35.270] [bbotk] Starting to optimize 1 parameter(s) with '<OptimizerBatchRandomSearch>' and '<TerminatorEvals> [n_evals=3, k=0]'
INFO  [17:11:35.281] [bbotk] Evaluating 1 configuration(s)
INFO  [17:11:35.602] [bbotk] Result of batch 1:
INFO  [17:11:35.605] [bbotk]    laplace classif.ce warnings errors runtime_learners
INFO  [17:11:35.605] [bbotk]  0.6824791  0.2423542        0      0            0.279
INFO  [17:11:35.605] [bbotk]                                 uhash
INFO  [17:11:35.605] [bbotk]  b3da7d15-8c0b-4d06-9f87-db7a8076792f
INFO  [17:11:35.610] [bbotk] Evaluating 1 configuration(s)
INFO  [17:11:35.879] [bbotk] Result of batch 2:
INFO  [17:11:35.880] [bbotk]    laplace classif.ce warnings errors runtime_learners
INFO  [17:11:35.880] [bbotk]  0.6174993  0.2423542        0      0            0.234
INFO  [17:11:35.880] [bbotk]                                 uhash
INFO  [17:11:35.880] [bbotk]  1f605d5d-221d-4191-8445-4ed2cb4c2e27
INFO  [17:11:35.882] [bbotk] Evaluating 1 configuration(s)
INFO  [17:11:36.207] [bbotk] Result of batch 3:
INFO  [17:11:36.209] [bbotk]    laplace classif.ce warnings errors runtime_learners
INFO  [17:11:36.209] [bbotk]  0.2191635  0.2423542        0      0            0.281
INFO  [17:11:36.209] [bbotk]                                 uhash
INFO  [17:11:36.209] [bbotk]  fa66e43d-c56b-4436-a531-b18cbf690638
INFO  [17:11:36.220] [bbotk] Finished optimizing after 3 evaluation(s)
INFO  [17:11:36.220] [bbotk] Result:
INFO  [17:11:36.222] [bbotk]    laplace learner_param_vals  x_domain classif.ce
INFO  [17:11:36.222] [bbotk]      <num>             <list>    <list>      <num>
INFO  [17:11:36.222] [bbotk]  0.6824791          <list[1]> <list[1]>  0.2423542
INFO  [17:11:36.358] [bbotk] Starting to optimize 1 parameter(s) with '<OptimizerBatchRandomSearch>' and '<TerminatorEvals> [n_evals=3, k=0]'
INFO  [17:11:36.372] [bbotk] Evaluating 1 configuration(s)
INFO  [17:11:36.707] [bbotk] Result of batch 1:
INFO  [17:11:36.709] [bbotk]     laplace classif.ce warnings errors runtime_learners
INFO  [17:11:36.709] [bbotk]  0.06562929  0.2548859        0      0            0.285
INFO  [17:11:36.709] [bbotk]                                 uhash
INFO  [17:11:36.709] [bbotk]  5409bc7c-6206-4883-be3c-55f6ac7176b3
INFO  [17:11:36.715] [bbotk] Evaluating 1 configuration(s)
INFO  [17:11:36.992] [bbotk] Result of batch 2:
INFO  [17:11:36.993] [bbotk]    laplace classif.ce warnings errors runtime_learners
INFO  [17:11:36.993] [bbotk]  0.8971051  0.2548859        0      0             0.23
INFO  [17:11:36.993] [bbotk]                                 uhash
INFO  [17:11:36.993] [bbotk]  abe5a9d5-dbfc-40a0-836a-6a7ba5043e27
INFO  [17:11:37.001] [bbotk] Evaluating 1 configuration(s)
INFO  [17:11:37.375] [bbotk] Result of batch 3:
INFO  [17:11:37.376] [bbotk]    laplace classif.ce warnings errors runtime_learners
INFO  [17:11:37.376] [bbotk]  0.9467628  0.2548859        0      0            0.326
INFO  [17:11:37.376] [bbotk]                                 uhash
INFO  [17:11:37.376] [bbotk]  3c555ab5-5067-4739-9947-32c3bc749621
INFO  [17:11:37.390] [bbotk] Finished optimizing after 3 evaluation(s)
INFO  [17:11:37.390] [bbotk] Result:
INFO  [17:11:37.391] [bbotk]     laplace learner_param_vals  x_domain classif.ce
INFO  [17:11:37.391] [bbotk]       <num>             <list>    <list>      <num>
INFO  [17:11:37.391] [bbotk]  0.06562929          <list[1]> <list[1]>  0.2548859
[1] -8.877264
[1] 15.8205

### [bt]: Job terminated successfully [batchtools job.id=2370]
### [bt]: Calculation finished!
