### [bt]: This is batchtools v0.9.17
### [bt]: Starting calculation of 5 jobs
### [bt]: Setting working directory to '/Users/User/Documents/Studium/Semester8/Hiwi/mlr3calibration/vignettes'
### [bt]: Memory measurement disabled
### [bt]: Starting job [batchtools job.id=3771]
### [bt]: Generating problem instance for problem '01ea4b20a58e68c2' ...
### [bt]: Applying algorithm 'run_learner' on problem '01ea4b20a58e68c2' for job 3771 (seed = 3772) ...
INFO  [17:35:37.188] [mlr3] Applying learner 'classif.xgboost.tuned' on task 'wilt' (iter 1/10)
INFO  [17:35:37.217] [bbotk] Starting to optimize 3 parameter(s) with '<OptimizerBatchRandomSearch>' and '<TerminatorEvals> [n_evals=10, k=0]'
INFO  [17:35:37.238] [bbotk] Evaluating 1 configuration(s)
INFO  [17:35:37.241] [mlr3] Running benchmark with 3 resampling iterations
INFO  [17:35:37.243] [mlr3] Applying learner 'classif.xgboost' on task 'wilt' (iter 1/3)
INFO  [17:35:37.886] [mlr3] Applying learner 'classif.xgboost' on task 'wilt' (iter 2/3)
INFO  [17:35:38.781] [mlr3] Applying learner 'classif.xgboost' on task 'wilt' (iter 3/3)
INFO  [17:35:39.419] [mlr3] Finished benchmark
INFO  [17:35:39.448] [bbotk] Result of batch 1:
INFO  [17:35:39.455] [bbotk]  nrounds        eta max_depth classif.ce warnings errors runtime_learners
INFO  [17:35:39.455] [bbotk]      257 0.06721294         7 0.01561524        0      0            2.133
INFO  [17:35:39.455] [bbotk]                                 uhash
INFO  [17:35:39.455] [bbotk]  cac3ec1b-9d77-4ea2-b091-fa2121d0188d
INFO  [17:35:39.485] [bbotk] Evaluating 1 configuration(s)
INFO  [17:35:39.493] [mlr3] Running benchmark with 3 resampling iterations
INFO  [17:35:39.496] [mlr3] Applying learner 'classif.xgboost' on task 'wilt' (iter 1/3)
INFO  [17:35:39.886] [mlr3] Applying learner 'classif.xgboost' on task 'wilt' (iter 2/3)
INFO  [17:35:40.376] [mlr3] Applying learner 'classif.xgboost' on task 'wilt' (iter 3/3)
INFO  [17:35:40.846] [mlr3] Finished benchmark
INFO  [17:35:40.883] [bbotk] Result of batch 2:
INFO  [17:35:40.886] [bbotk]  nrounds       eta max_depth classif.ce warnings errors runtime_learners
INFO  [17:35:40.886] [bbotk]      176 0.2091798         8 0.01561524        0      0            1.317
INFO  [17:35:40.886] [bbotk]                                 uhash
INFO  [17:35:40.886] [bbotk]  6950a75e-a367-4531-b187-0923232871ef
INFO  [17:35:40.892] [bbotk] Evaluating 1 configuration(s)
INFO  [17:35:40.897] [mlr3] Running benchmark with 3 resampling iterations
INFO  [17:35:40.902] [mlr3] Applying learner 'classif.xgboost' on task 'wilt' (iter 1/3)
INFO  [17:35:41.085] [mlr3] Applying learner 'classif.xgboost' on task 'wilt' (iter 2/3)
INFO  [17:35:41.174] [mlr3] Applying learner 'classif.xgboost' on task 'wilt' (iter 3/3)
INFO  [17:35:41.372] [mlr3] Finished benchmark
INFO  [17:35:41.405] [bbotk] Result of batch 3:
INFO  [17:35:41.414] [bbotk]  nrounds        eta max_depth classif.ce warnings errors runtime_learners
INFO  [17:35:41.414] [bbotk]      109 0.04743709         2 0.02502944        0      0            0.429
INFO  [17:35:41.414] [bbotk]                                 uhash
INFO  [17:35:41.414] [bbotk]  6108a924-4952-4388-b76e-ae772638cefa
INFO  [17:35:41.430] [bbotk] Evaluating 1 configuration(s)
INFO  [17:35:41.436] [mlr3] Running benchmark with 3 resampling iterations
INFO  [17:35:41.446] [mlr3] Applying learner 'classif.xgboost' on task 'wilt' (iter 1/3)
INFO  [17:35:41.818] [mlr3] Applying learner 'classif.xgboost' on task 'wilt' (iter 2/3)
INFO  [17:35:42.162] [mlr3] Applying learner 'classif.xgboost' on task 'wilt' (iter 3/3)
INFO  [17:35:42.305] [mlr3] Finished benchmark
INFO  [17:35:42.341] [bbotk] Result of batch 4:
INFO  [17:35:42.342] [bbotk]  nrounds       eta max_depth classif.ce warnings errors runtime_learners
INFO  [17:35:42.342] [bbotk]      262 0.1554887         2 0.01699313        0      0            0.802
INFO  [17:35:42.342] [bbotk]                                 uhash
INFO  [17:35:42.342] [bbotk]  505d189b-c562-4e5d-812b-becee1397265
INFO  [17:35:42.358] [bbotk] Evaluating 1 configuration(s)
INFO  [17:35:42.365] [mlr3] Running benchmark with 3 resampling iterations
INFO  [17:35:42.368] [mlr3] Applying learner 'classif.xgboost' on task 'wilt' (iter 1/3)
INFO  [17:35:42.673] [mlr3] Applying learner 'classif.xgboost' on task 'wilt' (iter 2/3)
INFO  [17:35:43.095] [mlr3] Applying learner 'classif.xgboost' on task 'wilt' (iter 3/3)
INFO  [17:35:43.553] [mlr3] Finished benchmark
INFO  [17:35:43.603] [bbotk] Result of batch 5:
INFO  [17:35:43.604] [bbotk]  nrounds       eta max_depth classif.ce warnings errors runtime_learners
INFO  [17:35:43.604] [bbotk]      176 0.2187263         8  0.0156154        0      0            1.168
INFO  [17:35:43.604] [bbotk]                                 uhash
INFO  [17:35:43.604] [bbotk]  5fbaf82f-5eaa-4698-ae9d-8360375ed1e4
INFO  [17:35:43.608] [bbotk] Evaluating 1 configuration(s)
INFO  [17:35:43.610] [mlr3] Running benchmark with 3 resampling iterations
INFO  [17:35:43.621] [mlr3] Applying learner 'classif.xgboost' on task 'wilt' (iter 1/3)
INFO  [17:35:43.943] [mlr3] Applying learner 'classif.xgboost' on task 'wilt' (iter 2/3)
INFO  [17:35:44.284] [mlr3] Applying learner 'classif.xgboost' on task 'wilt' (iter 3/3)
INFO  [17:35:44.433] [mlr3] Finished benchmark
INFO  [17:35:44.462] [bbotk] Result of batch 6:
INFO  [17:35:44.463] [bbotk]  nrounds      eta max_depth classif.ce warnings errors runtime_learners
INFO  [17:35:44.463] [bbotk]      231 0.120774         2 0.01791156        0      0            0.762
INFO  [17:35:44.463] [bbotk]                                 uhash
INFO  [17:35:44.463] [bbotk]  911f6d43-b490-4a4b-ad8c-8c5966b59013
INFO  [17:35:44.467] [bbotk] Evaluating 1 configuration(s)
INFO  [17:35:44.469] [mlr3] Running benchmark with 3 resampling iterations
INFO  [17:35:44.472] [mlr3] Applying learner 'classif.xgboost' on task 'wilt' (iter 1/3)
INFO  [17:35:44.893] [mlr3] Applying learner 'classif.xgboost' on task 'wilt' (iter 2/3)
INFO  [17:35:45.388] [mlr3] Applying learner 'classif.xgboost' on task 'wilt' (iter 3/3)
INFO  [17:35:45.886] [mlr3] Finished benchmark
INFO  [17:35:45.940] [bbotk] Result of batch 7:
INFO  [17:35:45.942] [bbotk]  nrounds      eta max_depth classif.ce warnings errors runtime_learners
INFO  [17:35:45.942] [bbotk]      173 0.156133         8 0.01538551        0      0            1.372
INFO  [17:35:45.942] [bbotk]                                 uhash
INFO  [17:35:45.942] [bbotk]  ea01de78-7aab-47af-84c0-9c42c1e6508e
INFO  [17:35:45.962] [bbotk] Evaluating 1 configuration(s)
INFO  [17:35:45.976] [mlr3] Running benchmark with 3 resampling iterations
INFO  [17:35:45.994] [mlr3] Applying learner 'classif.xgboost' on task 'wilt' (iter 1/3)
INFO  [17:35:46.779] [mlr3] Applying learner 'classif.xgboost' on task 'wilt' (iter 2/3)
INFO  [17:35:47.549] [mlr3] Applying learner 'classif.xgboost' on task 'wilt' (iter 3/3)
INFO  [17:35:48.265] [mlr3] Finished benchmark
INFO  [17:35:48.328] [bbotk] Result of batch 8:
INFO  [17:35:48.330] [bbotk]  nrounds        eta max_depth classif.ce warnings errors runtime_learners
INFO  [17:35:48.330] [bbotk]      252 0.04704594         5 0.01515563        0      0            2.237
INFO  [17:35:48.330] [bbotk]                                 uhash
INFO  [17:35:48.330] [bbotk]  01931290-c417-4452-87e3-6878c23f2690
INFO  [17:35:48.341] [bbotk] Evaluating 1 configuration(s)
INFO  [17:35:48.344] [mlr3] Running benchmark with 3 resampling iterations
INFO  [17:35:48.350] [mlr3] Applying learner 'classif.xgboost' on task 'wilt' (iter 1/3)
INFO  [17:35:48.590] [mlr3] Applying learner 'classif.xgboost' on task 'wilt' (iter 2/3)
INFO  [17:35:48.899] [mlr3] Applying learner 'classif.xgboost' on task 'wilt' (iter 3/3)
INFO  [17:35:49.138] [mlr3] Finished benchmark
INFO  [17:35:49.166] [bbotk] Result of batch 9:
INFO  [17:35:49.168] [bbotk]  nrounds       eta max_depth classif.ce warnings errors runtime_learners
INFO  [17:35:49.168] [bbotk]       83 0.2243904        10 0.01561524        0      0            0.745
INFO  [17:35:49.168] [bbotk]                                 uhash
INFO  [17:35:49.168] [bbotk]  f7de0163-7760-41a7-b9dd-82637cae7fb5
INFO  [17:35:49.188] [bbotk] Evaluating 1 configuration(s)
INFO  [17:35:49.191] [mlr3] Running benchmark with 3 resampling iterations
INFO  [17:35:49.196] [mlr3] Applying learner 'classif.xgboost' on task 'wilt' (iter 1/3)
INFO  [17:35:49.812] [mlr3] Applying learner 'classif.xgboost' on task 'wilt' (iter 2/3)
INFO  [17:35:50.520] [mlr3] Applying learner 'classif.xgboost' on task 'wilt' (iter 3/3)
INFO  [17:35:51.126] [mlr3] Finished benchmark
INFO  [17:35:51.208] [bbotk] Result of batch 10:
INFO  [17:35:51.210] [bbotk]  nrounds       eta max_depth classif.ce warnings errors runtime_learners
INFO  [17:35:51.210] [bbotk]      286 0.1214193         6 0.01538567        0      0            1.881
INFO  [17:35:51.210] [bbotk]                                 uhash
INFO  [17:35:51.210] [bbotk]  ae3b8055-8af9-4a9f-8033-4c04f5736e26
INFO  [17:35:51.248] [bbotk] Finished optimizing after 10 evaluation(s)
INFO  [17:35:51.249] [bbotk] Result:
INFO  [17:35:51.250] [bbotk]  nrounds        eta max_depth learner_param_vals  x_domain classif.ce
INFO  [17:35:51.250] [bbotk]    <int>      <num>     <int>             <list>    <list>      <num>
INFO  [17:35:51.250] [bbotk]      252 0.04704594         5          <list[5]> <list[3]> 0.01515563

### [bt]: Job terminated successfully [batchtools job.id=3771]
### [bt]: Starting job [batchtools job.id=3772]
### [bt]: Generating problem instance for problem '01ea4b20a58e68c2' ...
### [bt]: Applying algorithm 'run_learner' on problem '01ea4b20a58e68c2' for job 3772 (seed = 3773) ...
INFO  [17:35:52.234] [mlr3] Applying learner 'classif.xgboost.tuned' on task 'wilt' (iter 2/10)
INFO  [17:35:52.325] [bbotk] Starting to optimize 3 parameter(s) with '<OptimizerBatchRandomSearch>' and '<TerminatorEvals> [n_evals=10, k=0]'
INFO  [17:35:52.354] [bbotk] Evaluating 1 configuration(s)
INFO  [17:35:52.363] [mlr3] Running benchmark with 3 resampling iterations
INFO  [17:35:52.373] [mlr3] Applying learner 'classif.xgboost' on task 'wilt' (iter 1/3)
INFO  [17:35:52.508] [mlr3] Applying learner 'classif.xgboost' on task 'wilt' (iter 2/3)
INFO  [17:35:52.609] [mlr3] Applying learner 'classif.xgboost' on task 'wilt' (iter 3/3)
INFO  [17:35:52.674] [mlr3] Finished benchmark
INFO  [17:35:52.689] [bbotk] Result of batch 1:
INFO  [17:35:52.690] [bbotk]  nrounds       eta max_depth classif.ce warnings errors runtime_learners
INFO  [17:35:52.690] [bbotk]       61 0.2909114         3 0.01377774        0      0            0.278
INFO  [17:35:52.690] [bbotk]                                 uhash
INFO  [17:35:52.690] [bbotk]  a525a41e-bb4b-4dd4-a8c2-8e3dd067f572
INFO  [17:35:52.696] [bbotk] Evaluating 1 configuration(s)
INFO  [17:35:52.699] [mlr3] Running benchmark with 3 resampling iterations
INFO  [17:35:52.702] [mlr3] Applying learner 'classif.xgboost' on task 'wilt' (iter 1/3)
INFO  [17:35:52.871] [mlr3] Applying learner 'classif.xgboost' on task 'wilt' (iter 2/3)
INFO  [17:35:53.003] [mlr3] Applying learner 'classif.xgboost' on task 'wilt' (iter 3/3)
INFO  [17:35:53.203] [mlr3] Finished benchmark
INFO  [17:35:53.242] [bbotk] Result of batch 2:
INFO  [17:35:53.248] [bbotk]  nrounds       eta max_depth classif.ce warnings errors runtime_learners
INFO  [17:35:53.248] [bbotk]      110 0.2852846         2  0.0146957        0      0            0.451
INFO  [17:35:53.248] [bbotk]                                 uhash
INFO  [17:35:53.248] [bbotk]  a0a1adc4-38b8-48d3-b54c-f8cfdbbd1101
INFO  [17:35:53.264] [bbotk] Evaluating 1 configuration(s)
INFO  [17:35:53.269] [mlr3] Running benchmark with 3 resampling iterations
INFO  [17:35:53.276] [mlr3] Applying learner 'classif.xgboost' on task 'wilt' (iter 1/3)
INFO  [17:35:53.589] [mlr3] Applying learner 'classif.xgboost' on task 'wilt' (iter 2/3)
INFO  [17:35:53.832] [mlr3] Applying learner 'classif.xgboost' on task 'wilt' (iter 3/3)
INFO  [17:35:54.173] [mlr3] Finished benchmark
INFO  [17:35:54.201] [bbotk] Result of batch 3:
INFO  [17:35:54.204] [bbotk]  nrounds        eta max_depth classif.ce warnings errors runtime_learners
INFO  [17:35:54.204] [bbotk]      151 0.04809018         4 0.01630347        0      0            0.868
INFO  [17:35:54.204] [bbotk]                                 uhash
INFO  [17:35:54.204] [bbotk]  fc62eaf8-1075-4070-8dce-f6727e70147a
INFO  [17:35:54.248] [bbotk] Evaluating 1 configuration(s)
INFO  [17:35:54.264] [mlr3] Running benchmark with 3 resampling iterations
INFO  [17:35:54.280] [mlr3] Applying learner 'classif.xgboost' on task 'wilt' (iter 1/3)
INFO  [17:35:54.389] [mlr3] Applying learner 'classif.xgboost' on task 'wilt' (iter 2/3)
INFO  [17:35:54.530] [mlr3] Applying learner 'classif.xgboost' on task 'wilt' (iter 3/3)
INFO  [17:35:54.606] [mlr3] Finished benchmark
INFO  [17:35:54.645] [bbotk] Result of batch 4:
INFO  [17:35:54.647] [bbotk]  nrounds       eta max_depth classif.ce warnings errors runtime_learners
INFO  [17:35:54.647] [bbotk]       61 0.2966181         2 0.01469602        0      0            0.277
INFO  [17:35:54.647] [bbotk]                                 uhash
INFO  [17:35:54.647] [bbotk]  8a9c3a3d-a18d-4cce-b003-5d80247fb591
INFO  [17:35:54.669] [bbotk] Evaluating 1 configuration(s)
INFO  [17:35:54.683] [mlr3] Running benchmark with 3 resampling iterations
INFO  [17:35:54.686] [mlr3] Applying learner 'classif.xgboost' on task 'wilt' (iter 1/3)
INFO  [17:35:54.815] [mlr3] Applying learner 'classif.xgboost' on task 'wilt' (iter 2/3)
INFO  [17:35:55.009] [mlr3] Applying learner 'classif.xgboost' on task 'wilt' (iter 3/3)
INFO  [17:35:55.179] [mlr3] Finished benchmark
INFO  [17:35:55.215] [bbotk] Result of batch 5:
INFO  [17:35:55.216] [bbotk]  nrounds        eta max_depth classif.ce warnings errors runtime_learners
INFO  [17:35:55.216] [bbotk]      106 0.02517274         3 0.02158481        0      0            0.471
INFO  [17:35:55.216] [bbotk]                                 uhash
INFO  [17:35:55.216] [bbotk]  972db22b-201e-4ae3-a3ac-fa4ef7b29e36
INFO  [17:35:55.221] [bbotk] Evaluating 1 configuration(s)
INFO  [17:35:55.223] [mlr3] Running benchmark with 3 resampling iterations
INFO  [17:35:55.229] [mlr3] Applying learner 'classif.xgboost' on task 'wilt' (iter 1/3)
INFO  [17:35:55.818] [mlr3] Applying learner 'classif.xgboost' on task 'wilt' (iter 2/3)
INFO  [17:35:56.377] [mlr3] Applying learner 'classif.xgboost' on task 'wilt' (iter 3/3)
INFO  [17:35:56.957] [mlr3] Finished benchmark
INFO  [17:35:56.993] [bbotk] Result of batch 6:
INFO  [17:35:56.995] [bbotk]  nrounds        eta max_depth classif.ce warnings errors runtime_learners
INFO  [17:35:56.995] [bbotk]      274 0.09340335         9 0.01423672        0      0            1.696
INFO  [17:35:56.995] [bbotk]                                 uhash
INFO  [17:35:56.995] [bbotk]  4f74573a-6815-4fab-a7d6-609b79ed4ac2
INFO  [17:35:57.004] [bbotk] Evaluating 1 configuration(s)
INFO  [17:35:57.007] [mlr3] Running benchmark with 3 resampling iterations
INFO  [17:35:57.012] [mlr3] Applying learner 'classif.xgboost' on task 'wilt' (iter 1/3)
INFO  [17:35:57.371] [mlr3] Applying learner 'classif.xgboost' on task 'wilt' (iter 2/3)
INFO  [17:35:57.709] [mlr3] Applying learner 'classif.xgboost' on task 'wilt' (iter 3/3)
INFO  [17:35:58.004] [mlr3] Finished benchmark
INFO  [17:35:58.024] [bbotk] Result of batch 7:
INFO  [17:35:58.025] [bbotk]  nrounds       eta max_depth classif.ce warnings errors runtime_learners
INFO  [17:35:58.025] [bbotk]      139 0.1888478         5 0.01377743        0      0            0.965
INFO  [17:35:58.025] [bbotk]                                 uhash
INFO  [17:35:58.025] [bbotk]  5861c977-e750-457d-a6a7-389c79143330
INFO  [17:35:58.064] [bbotk] Evaluating 1 configuration(s)
INFO  [17:35:58.078] [mlr3] Running benchmark with 3 resampling iterations
INFO  [17:35:58.080] [mlr3] Applying learner 'classif.xgboost' on task 'wilt' (iter 1/3)
INFO  [17:35:58.852] [mlr3] Applying learner 'classif.xgboost' on task 'wilt' (iter 2/3)
INFO  [17:35:59.607] [mlr3] Applying learner 'classif.xgboost' on task 'wilt' (iter 3/3)
INFO  [17:36:00.380] [mlr3] Finished benchmark
INFO  [17:36:00.419] [bbotk] Result of batch 8:
INFO  [17:36:00.422] [bbotk]  nrounds        eta max_depth classif.ce warnings errors runtime_learners
INFO  [17:36:00.422] [bbotk]      290 0.01663786         9 0.01515515        0      0            2.268
INFO  [17:36:00.422] [bbotk]                                 uhash
INFO  [17:36:00.422] [bbotk]  d80e9d44-509c-4d20-96fa-3e214893a1e3
INFO  [17:36:00.434] [bbotk] Evaluating 1 configuration(s)
INFO  [17:36:00.439] [mlr3] Running benchmark with 3 resampling iterations
INFO  [17:36:00.444] [mlr3] Applying learner 'classif.xgboost' on task 'wilt' (iter 1/3)
INFO  [17:36:00.825] [mlr3] Applying learner 'classif.xgboost' on task 'wilt' (iter 2/3)
INFO  [17:36:01.262] [mlr3] Applying learner 'classif.xgboost' on task 'wilt' (iter 3/3)
INFO  [17:36:01.589] [mlr3] Finished benchmark
INFO  [17:36:01.623] [bbotk] Result of batch 9:
INFO  [17:36:01.625] [bbotk]  nrounds       eta max_depth classif.ce warnings errors runtime_learners
INFO  [17:36:01.625] [bbotk]      182 0.1802964        10 0.01377743        0      0            1.123
INFO  [17:36:01.625] [bbotk]                                 uhash
INFO  [17:36:01.625] [bbotk]  9fef4c99-ad76-41b1-883c-83106b08af16
INFO  [17:36:01.632] [bbotk] Evaluating 1 configuration(s)
INFO  [17:36:01.640] [mlr3] Running benchmark with 3 resampling iterations
INFO  [17:36:01.646] [mlr3] Applying learner 'classif.xgboost' on task 'wilt' (iter 1/3)
INFO  [17:36:01.967] [mlr3] Applying learner 'classif.xgboost' on task 'wilt' (iter 2/3)
INFO  [17:36:02.314] [mlr3] Applying learner 'classif.xgboost' on task 'wilt' (iter 3/3)
INFO  [17:36:02.586] [mlr3] Finished benchmark
INFO  [17:36:02.617] [bbotk] Result of batch 10:
INFO  [17:36:02.619] [bbotk]  nrounds       eta max_depth classif.ce warnings errors runtime_learners
INFO  [17:36:02.619] [bbotk]      189 0.2508677         5 0.01354802        0      0            0.922
INFO  [17:36:02.619] [bbotk]                                 uhash
INFO  [17:36:02.619] [bbotk]  9c6bd639-2e02-4ad7-9646-123581e46dd2
INFO  [17:36:02.658] [bbotk] Finished optimizing after 10 evaluation(s)
INFO  [17:36:02.658] [bbotk] Result:
INFO  [17:36:02.660] [bbotk]  nrounds       eta max_depth learner_param_vals  x_domain classif.ce
INFO  [17:36:02.660] [bbotk]    <int>     <num>     <int>             <list>    <list>      <num>
INFO  [17:36:02.660] [bbotk]      189 0.2508677         5          <list[5]> <list[3]> 0.01354802

### [bt]: Job terminated successfully [batchtools job.id=3772]
### [bt]: Starting job [batchtools job.id=3773]
### [bt]: Generating problem instance for problem '01ea4b20a58e68c2' ...
### [bt]: Applying algorithm 'run_learner' on problem '01ea4b20a58e68c2' for job 3773 (seed = 3774) ...
INFO  [17:36:03.144] [mlr3] Applying learner 'classif.xgboost.tuned' on task 'wilt' (iter 3/10)
INFO  [17:36:03.240] [bbotk] Starting to optimize 3 parameter(s) with '<OptimizerBatchRandomSearch>' and '<TerminatorEvals> [n_evals=10, k=0]'
INFO  [17:36:03.268] [bbotk] Evaluating 1 configuration(s)
INFO  [17:36:03.275] [mlr3] Running benchmark with 3 resampling iterations
INFO  [17:36:03.279] [mlr3] Applying learner 'classif.xgboost' on task 'wilt' (iter 1/3)
INFO  [17:36:03.712] [mlr3] Applying learner 'classif.xgboost' on task 'wilt' (iter 2/3)
INFO  [17:36:04.141] [mlr3] Applying learner 'classif.xgboost' on task 'wilt' (iter 3/3)
INFO  [17:36:04.547] [mlr3] Finished benchmark
INFO  [17:36:04.562] [bbotk] Result of batch 1:
INFO  [17:36:04.565] [bbotk]  nrounds        eta max_depth classif.ce warnings errors runtime_learners
INFO  [17:36:04.565] [bbotk]      200 0.01635415        10 0.01699138        0      0            1.241
INFO  [17:36:04.565] [bbotk]                                 uhash
INFO  [17:36:04.565] [bbotk]  b0ef4ead-06ce-4150-bbce-4137cd6d6959
INFO  [17:36:04.574] [bbotk] Evaluating 1 configuration(s)
INFO  [17:36:04.577] [mlr3] Running benchmark with 3 resampling iterations
INFO  [17:36:04.580] [mlr3] Applying learner 'classif.xgboost' on task 'wilt' (iter 1/3)
INFO  [17:36:04.888] [mlr3] Applying learner 'classif.xgboost' on task 'wilt' (iter 2/3)
INFO  [17:36:05.147] [mlr3] Applying learner 'classif.xgboost' on task 'wilt' (iter 3/3)
INFO  [17:36:05.432] [mlr3] Finished benchmark
INFO  [17:36:05.465] [bbotk] Result of batch 2:
INFO  [17:36:05.468] [bbotk]  nrounds        eta max_depth classif.ce warnings errors runtime_learners
INFO  [17:36:05.468] [bbotk]      145 0.04882162         8 0.01630252        0      0            0.824
INFO  [17:36:05.468] [bbotk]                                 uhash
INFO  [17:36:05.468] [bbotk]  c3c534b7-ff6c-4f95-b30d-4cc265e61a12
INFO  [17:36:05.475] [bbotk] Evaluating 1 configuration(s)
INFO  [17:36:05.480] [mlr3] Running benchmark with 3 resampling iterations
INFO  [17:36:05.485] [mlr3] Applying learner 'classif.xgboost' on task 'wilt' (iter 1/3)
INFO  [17:36:05.721] [mlr3] Applying learner 'classif.xgboost' on task 'wilt' (iter 2/3)
INFO  [17:36:05.976] [mlr3] Applying learner 'classif.xgboost' on task 'wilt' (iter 3/3)
INFO  [17:36:06.204] [mlr3] Finished benchmark
INFO  [17:36:06.236] [bbotk] Result of batch 3:
INFO  [17:36:06.237] [bbotk]  nrounds       eta max_depth classif.ce warnings errors runtime_learners
INFO  [17:36:06.237] [bbotk]      140 0.0728711         5 0.01630284        0      0            0.702
INFO  [17:36:06.237] [bbotk]                                 uhash
INFO  [17:36:06.237] [bbotk]  bea88b30-33ba-49d1-b226-1c22631da93b
INFO  [17:36:06.242] [bbotk] Evaluating 1 configuration(s)
INFO  [17:36:06.251] [mlr3] Running benchmark with 3 resampling iterations
INFO  [17:36:06.256] [mlr3] Applying learner 'classif.xgboost' on task 'wilt' (iter 1/3)
INFO  [17:36:06.631] [mlr3] Applying learner 'classif.xgboost' on task 'wilt' (iter 2/3)
INFO  [17:36:06.987] [mlr3] Applying learner 'classif.xgboost' on task 'wilt' (iter 3/3)
INFO  [17:36:07.289] [mlr3] Finished benchmark
INFO  [17:36:07.310] [bbotk] Result of batch 4:
INFO  [17:36:07.311] [bbotk]  nrounds       eta max_depth classif.ce warnings errors runtime_learners
INFO  [17:36:07.311] [bbotk]      289 0.2058804         9 0.01538409        0      0            0.999
INFO  [17:36:07.311] [bbotk]                                 uhash
INFO  [17:36:07.311] [bbotk]  a4c8526f-06de-4dff-ae3d-381b61b60d00
INFO  [17:36:07.316] [bbotk] Evaluating 1 configuration(s)
INFO  [17:36:07.318] [mlr3] Running benchmark with 3 resampling iterations
INFO  [17:36:07.320] [mlr3] Applying learner 'classif.xgboost' on task 'wilt' (iter 1/3)
INFO  [17:36:07.402] [mlr3] Applying learner 'classif.xgboost' on task 'wilt' (iter 2/3)
INFO  [17:36:07.470] [mlr3] Applying learner 'classif.xgboost' on task 'wilt' (iter 3/3)
INFO  [17:36:07.550] [mlr3] Finished benchmark
INFO  [17:36:07.577] [bbotk] Result of batch 5:
INFO  [17:36:07.579] [bbotk]  nrounds       eta max_depth classif.ce warnings errors runtime_learners
INFO  [17:36:07.579] [bbotk]       62 0.1743194         4 0.01653241        0      0            0.207
INFO  [17:36:07.579] [bbotk]                                 uhash
INFO  [17:36:07.579] [bbotk]  a3dc08cb-76bf-45ca-ac9e-02dbed03d5f9
INFO  [17:36:07.585] [bbotk] Evaluating 1 configuration(s)
INFO  [17:36:07.589] [mlr3] Running benchmark with 3 resampling iterations
INFO  [17:36:07.592] [mlr3] Applying learner 'classif.xgboost' on task 'wilt' (iter 1/3)
INFO  [17:36:07.941] [mlr3] Applying learner 'classif.xgboost' on task 'wilt' (iter 2/3)
INFO  [17:36:08.318] [mlr3] Applying learner 'classif.xgboost' on task 'wilt' (iter 3/3)
INFO  [17:36:08.651] [mlr3] Finished benchmark
INFO  [17:36:08.663] [bbotk] Result of batch 6:
INFO  [17:36:08.664] [bbotk]  nrounds        eta max_depth classif.ce warnings errors runtime_learners
INFO  [17:36:08.664] [bbotk]      300 0.06515109         4 0.01676213        0      0            1.035
INFO  [17:36:08.664] [bbotk]                                 uhash
INFO  [17:36:08.664] [bbotk]  ec11918a-98e3-45ff-be4e-631e9f4fc645
INFO  [17:36:08.677] [bbotk] Evaluating 1 configuration(s)
INFO  [17:36:08.686] [mlr3] Running benchmark with 3 resampling iterations
INFO  [17:36:08.689] [mlr3] Applying learner 'classif.xgboost' on task 'wilt' (iter 1/3)
INFO  [17:36:08.765] [mlr3] Applying learner 'classif.xgboost' on task 'wilt' (iter 2/3)
INFO  [17:36:08.846] [mlr3] Applying learner 'classif.xgboost' on task 'wilt' (iter 3/3)
INFO  [17:36:08.969] [mlr3] Finished benchmark
INFO  [17:36:08.990] [bbotk] Result of batch 7:
INFO  [17:36:08.991] [bbotk]  nrounds       eta max_depth classif.ce warnings errors runtime_learners
INFO  [17:36:08.991] [bbotk]       70 0.0172017         4 0.02135445        0      0             0.25
INFO  [17:36:08.991] [bbotk]                                 uhash
INFO  [17:36:08.991] [bbotk]  6acf9765-a0fd-43df-8d01-0ffc0e94e9b7
INFO  [17:36:08.999] [bbotk] Evaluating 1 configuration(s)
INFO  [17:36:09.002] [mlr3] Running benchmark with 3 resampling iterations
INFO  [17:36:09.010] [mlr3] Applying learner 'classif.xgboost' on task 'wilt' (iter 1/3)
INFO  [17:36:09.266] [mlr3] Applying learner 'classif.xgboost' on task 'wilt' (iter 2/3)
INFO  [17:36:09.504] [mlr3] Applying learner 'classif.xgboost' on task 'wilt' (iter 3/3)
INFO  [17:36:09.736] [mlr3] Finished benchmark
INFO  [17:36:09.769] [bbotk] Result of batch 8:
INFO  [17:36:09.770] [bbotk]  nrounds        eta max_depth classif.ce warnings errors runtime_learners
INFO  [17:36:09.770] [bbotk]      139 0.09247743         9 0.01538409        0      0            0.708
INFO  [17:36:09.770] [bbotk]                                 uhash
INFO  [17:36:09.770] [bbotk]  e8e1b2d0-df5e-4aef-a2a3-56065c7c920a
INFO  [17:36:09.774] [bbotk] Evaluating 1 configuration(s)
INFO  [17:36:09.776] [mlr3] Running benchmark with 3 resampling iterations
INFO  [17:36:09.781] [mlr3] Applying learner 'classif.xgboost' on task 'wilt' (iter 1/3)
INFO  [17:36:10.045] [mlr3] Applying learner 'classif.xgboost' on task 'wilt' (iter 2/3)
INFO  [17:36:10.274] [mlr3] Applying learner 'classif.xgboost' on task 'wilt' (iter 3/3)
INFO  [17:36:10.532] [mlr3] Finished benchmark
INFO  [17:36:10.553] [bbotk] Result of batch 9:
INFO  [17:36:10.554] [bbotk]  nrounds       eta max_depth classif.ce warnings errors runtime_learners
INFO  [17:36:10.554] [bbotk]      222 0.1564474         4 0.01699123        0      0            0.728
INFO  [17:36:10.554] [bbotk]                                 uhash
INFO  [17:36:10.554] [bbotk]  8b43ccf4-bd6e-478d-a878-5e8205bd6354
INFO  [17:36:10.557] [bbotk] Evaluating 1 configuration(s)
INFO  [17:36:10.562] [mlr3] Running benchmark with 3 resampling iterations
INFO  [17:36:10.568] [mlr3] Applying learner 'classif.xgboost' on task 'wilt' (iter 1/3)
INFO  [17:36:10.746] [mlr3] Applying learner 'classif.xgboost' on task 'wilt' (iter 2/3)
INFO  [17:36:10.924] [mlr3] Applying learner 'classif.xgboost' on task 'wilt' (iter 3/3)
INFO  [17:36:11.093] [mlr3] Finished benchmark
INFO  [17:36:11.111] [bbotk] Result of batch 10:
INFO  [17:36:11.112] [bbotk]  nrounds       eta max_depth classif.ce warnings errors runtime_learners
INFO  [17:36:11.112] [bbotk]      157 0.1770218         4 0.01791029        0      0            0.505
INFO  [17:36:11.112] [bbotk]                                 uhash
INFO  [17:36:11.112] [bbotk]  34b8c96d-b272-4f47-9f22-2130dc3e0b41
INFO  [17:36:11.124] [bbotk] Finished optimizing after 10 evaluation(s)
INFO  [17:36:11.125] [bbotk] Result:
INFO  [17:36:11.126] [bbotk]  nrounds       eta max_depth learner_param_vals  x_domain classif.ce
INFO  [17:36:11.126] [bbotk]    <int>     <num>     <int>             <list>    <list>      <num>
INFO  [17:36:11.126] [bbotk]      289 0.2058804         9          <list[5]> <list[3]> 0.01538409

### [bt]: Job terminated successfully [batchtools job.id=3773]
### [bt]: Starting job [batchtools job.id=3774]
### [bt]: Generating problem instance for problem '01ea4b20a58e68c2' ...
### [bt]: Applying algorithm 'run_learner' on problem '01ea4b20a58e68c2' for job 3774 (seed = 3775) ...
INFO  [17:36:11.588] [mlr3] Applying learner 'classif.xgboost.tuned' on task 'wilt' (iter 4/10)
INFO  [17:36:11.625] [bbotk] Starting to optimize 3 parameter(s) with '<OptimizerBatchRandomSearch>' and '<TerminatorEvals> [n_evals=10, k=0]'
INFO  [17:36:11.644] [bbotk] Evaluating 1 configuration(s)
INFO  [17:36:11.651] [mlr3] Running benchmark with 3 resampling iterations
INFO  [17:36:11.658] [mlr3] Applying learner 'classif.xgboost' on task 'wilt' (iter 1/3)
INFO  [17:36:11.838] [mlr3] Applying learner 'classif.xgboost' on task 'wilt' (iter 2/3)
INFO  [17:36:12.029] [mlr3] Applying learner 'classif.xgboost' on task 'wilt' (iter 3/3)
INFO  [17:36:12.188] [mlr3] Finished benchmark
INFO  [17:36:12.207] [bbotk] Result of batch 1:
INFO  [17:36:12.208] [bbotk]  nrounds       eta max_depth classif.ce warnings errors runtime_learners
INFO  [17:36:12.208] [bbotk]      145 0.2267451         6 0.01699297        0      0            0.512
INFO  [17:36:12.208] [bbotk]                                 uhash
INFO  [17:36:12.208] [bbotk]  e9bb8e78-f2df-4b2c-9ac3-cbc4f7b13b99
INFO  [17:36:12.223] [bbotk] Evaluating 1 configuration(s)
INFO  [17:36:12.227] [mlr3] Running benchmark with 3 resampling iterations
INFO  [17:36:12.229] [mlr3] Applying learner 'classif.xgboost' on task 'wilt' (iter 1/3)
INFO  [17:36:12.424] [mlr3] Applying learner 'classif.xgboost' on task 'wilt' (iter 2/3)
INFO  [17:36:12.618] [mlr3] Applying learner 'classif.xgboost' on task 'wilt' (iter 3/3)
INFO  [17:36:12.829] [mlr3] Finished benchmark
INFO  [17:36:12.859] [bbotk] Result of batch 2:
INFO  [17:36:12.861] [bbotk]  nrounds       eta max_depth classif.ce warnings errors runtime_learners
INFO  [17:36:12.861] [bbotk]      257 0.2790643         3 0.01584481        0      0            0.578
INFO  [17:36:12.861] [bbotk]                                 uhash
INFO  [17:36:12.861] [bbotk]  a7772a4a-3784-4186-a6e4-462576355f9a
INFO  [17:36:12.869] [bbotk] Evaluating 1 configuration(s)
INFO  [17:36:12.872] [mlr3] Running benchmark with 3 resampling iterations
INFO  [17:36:12.874] [mlr3] Applying learner 'classif.xgboost' on task 'wilt' (iter 1/3)
INFO  [17:36:13.137] [mlr3] Applying learner 'classif.xgboost' on task 'wilt' (iter 2/3)
INFO  [17:36:13.384] [mlr3] Applying learner 'classif.xgboost' on task 'wilt' (iter 3/3)
INFO  [17:36:13.658] [mlr3] Finished benchmark
INFO  [17:36:13.676] [bbotk] Result of batch 3:
INFO  [17:36:13.677] [bbotk]  nrounds       eta max_depth classif.ce warnings errors runtime_learners
INFO  [17:36:13.677] [bbotk]      289 0.2681361         9 0.01699313        0      0             0.77
INFO  [17:36:13.677] [bbotk]                                 uhash
INFO  [17:36:13.677] [bbotk]  fb1a6eea-b185-41bc-8b5a-34308ed7399c
INFO  [17:36:13.687] [bbotk] Evaluating 1 configuration(s)
INFO  [17:36:13.692] [mlr3] Running benchmark with 3 resampling iterations
INFO  [17:36:13.694] [mlr3] Applying learner 'classif.xgboost' on task 'wilt' (iter 1/3)
INFO  [17:36:13.847] [mlr3] Applying learner 'classif.xgboost' on task 'wilt' (iter 2/3)
INFO  [17:36:14.027] [mlr3] Applying learner 'classif.xgboost' on task 'wilt' (iter 3/3)
INFO  [17:36:14.182] [mlr3] Finished benchmark
INFO  [17:36:14.202] [bbotk] Result of batch 4:
INFO  [17:36:14.203] [bbotk]  nrounds       eta max_depth classif.ce warnings errors runtime_learners
INFO  [17:36:14.203] [bbotk]      142 0.2040924         3 0.01745226        0      0            0.457
INFO  [17:36:14.203] [bbotk]                                 uhash
INFO  [17:36:14.203] [bbotk]  65c9ab88-e314-43e2-9ea1-6fede11d4848
INFO  [17:36:14.210] [bbotk] Evaluating 1 configuration(s)
INFO  [17:36:14.220] [mlr3] Running benchmark with 3 resampling iterations
INFO  [17:36:14.224] [mlr3] Applying learner 'classif.xgboost' on task 'wilt' (iter 1/3)
INFO  [17:36:14.536] [mlr3] Applying learner 'classif.xgboost' on task 'wilt' (iter 2/3)
INFO  [17:36:14.817] [mlr3] Applying learner 'classif.xgboost' on task 'wilt' (iter 3/3)
INFO  [17:36:15.108] [mlr3] Finished benchmark
INFO  [17:36:15.126] [bbotk] Result of batch 5:
INFO  [17:36:15.127] [bbotk]  nrounds       eta max_depth classif.ce warnings errors runtime_learners
INFO  [17:36:15.127] [bbotk]      275 0.2928469         6 0.01745226        0      0            0.854
INFO  [17:36:15.127] [bbotk]                                 uhash
INFO  [17:36:15.127] [bbotk]  f6c9adbf-4962-45b2-97c3-13ea29c48b7d
INFO  [17:36:15.136] [bbotk] Evaluating 1 configuration(s)
INFO  [17:36:15.142] [mlr3] Running benchmark with 3 resampling iterations
INFO  [17:36:15.147] [mlr3] Applying learner 'classif.xgboost' on task 'wilt' (iter 1/3)
INFO  [17:36:15.229] [mlr3] Applying learner 'classif.xgboost' on task 'wilt' (iter 2/3)
INFO  [17:36:15.308] [mlr3] Applying learner 'classif.xgboost' on task 'wilt' (iter 3/3)
INFO  [17:36:15.388] [mlr3] Finished benchmark
INFO  [17:36:15.402] [bbotk] Result of batch 6:
INFO  [17:36:15.403] [bbotk]  nrounds       eta max_depth classif.ce warnings errors runtime_learners
INFO  [17:36:15.403] [bbotk]       57 0.2677142         4 0.01837085        0      0            0.213
INFO  [17:36:15.403] [bbotk]                                 uhash
INFO  [17:36:15.403] [bbotk]  60dd6125-a9c1-44bb-ad29-a8f08b0d51d4
INFO  [17:36:15.411] [bbotk] Evaluating 1 configuration(s)
INFO  [17:36:15.417] [mlr3] Running benchmark with 3 resampling iterations
INFO  [17:36:15.420] [mlr3] Applying learner 'classif.xgboost' on task 'wilt' (iter 1/3)
INFO  [17:36:15.620] [mlr3] Applying learner 'classif.xgboost' on task 'wilt' (iter 2/3)
INFO  [17:36:15.791] [mlr3] Applying learner 'classif.xgboost' on task 'wilt' (iter 3/3)
INFO  [17:36:15.952] [mlr3] Finished benchmark
INFO  [17:36:15.974] [bbotk] Result of batch 7:
INFO  [17:36:15.976] [bbotk]  nrounds       eta max_depth classif.ce warnings errors runtime_learners
INFO  [17:36:15.976] [bbotk]      131 0.1928186         5 0.01814113        0      0            0.517
INFO  [17:36:15.976] [bbotk]                                 uhash
INFO  [17:36:15.976] [bbotk]  779e45d8-708c-4705-9b2b-32582e2c70d9
INFO  [17:36:15.988] [bbotk] Evaluating 1 configuration(s)
INFO  [17:36:15.994] [mlr3] Running benchmark with 3 resampling iterations
INFO  [17:36:16.000] [mlr3] Applying learner 'classif.xgboost' on task 'wilt' (iter 1/3)
INFO  [17:36:16.265] [mlr3] Applying learner 'classif.xgboost' on task 'wilt' (iter 2/3)
INFO  [17:36:16.594] [mlr3] Applying learner 'classif.xgboost' on task 'wilt' (iter 3/3)
INFO  [17:36:16.908] [mlr3] Finished benchmark
INFO  [17:36:16.939] [bbotk] Result of batch 8:
INFO  [17:36:16.940] [bbotk]  nrounds        eta max_depth classif.ce warnings errors runtime_learners
INFO  [17:36:16.940] [bbotk]      249 0.03696528         4 0.01905956        0      0            0.882
INFO  [17:36:16.940] [bbotk]                                 uhash
INFO  [17:36:16.940] [bbotk]  d13fe3db-f510-4283-b419-adb08f3b9b40
INFO  [17:36:16.951] [bbotk] Evaluating 1 configuration(s)
INFO  [17:36:16.959] [mlr3] Running benchmark with 3 resampling iterations
INFO  [17:36:16.962] [mlr3] Applying learner 'classif.xgboost' on task 'wilt' (iter 1/3)
INFO  [17:36:17.104] [mlr3] Applying learner 'classif.xgboost' on task 'wilt' (iter 2/3)
INFO  [17:36:17.233] [mlr3] Applying learner 'classif.xgboost' on task 'wilt' (iter 3/3)
INFO  [17:36:17.370] [mlr3] Finished benchmark
INFO  [17:36:17.397] [bbotk] Result of batch 9:
INFO  [17:36:17.399] [bbotk]  nrounds       eta max_depth classif.ce warnings errors runtime_learners
INFO  [17:36:17.399] [bbotk]       93 0.1204106         4 0.01882999        0      0            0.386
INFO  [17:36:17.399] [bbotk]                                 uhash
INFO  [17:36:17.399] [bbotk]  74a90d95-5103-46a4-a093-85288e13c7e0
INFO  [17:36:17.406] [bbotk] Evaluating 1 configuration(s)
INFO  [17:36:17.409] [mlr3] Running benchmark with 3 resampling iterations
INFO  [17:36:17.411] [mlr3] Applying learner 'classif.xgboost' on task 'wilt' (iter 1/3)
INFO  [17:36:17.489] [mlr3] Applying learner 'classif.xgboost' on task 'wilt' (iter 2/3)
INFO  [17:36:17.578] [mlr3] Applying learner 'classif.xgboost' on task 'wilt' (iter 3/3)
INFO  [17:36:17.659] [mlr3] Finished benchmark
INFO  [17:36:17.677] [bbotk] Result of batch 10:
INFO  [17:36:17.678] [bbotk]  nrounds        eta max_depth classif.ce warnings errors runtime_learners
INFO  [17:36:17.678] [bbotk]       78 0.09952333         3 0.01768151        0      0            0.232
INFO  [17:36:17.678] [bbotk]                                 uhash
INFO  [17:36:17.678] [bbotk]  73eb4512-1c7a-4b51-b13b-71fb5604b9f0
INFO  [17:36:17.686] [bbotk] Finished optimizing after 10 evaluation(s)
INFO  [17:36:17.686] [bbotk] Result:
INFO  [17:36:17.687] [bbotk]  nrounds       eta max_depth learner_param_vals  x_domain classif.ce
INFO  [17:36:17.687] [bbotk]    <int>     <num>     <int>             <list>    <list>      <num>
INFO  [17:36:17.687] [bbotk]      257 0.2790643         3          <list[5]> <list[3]> 0.01584481

### [bt]: Job terminated successfully [batchtools job.id=3774]
### [bt]: Starting job [batchtools job.id=3775]
### [bt]: Generating problem instance for problem '01ea4b20a58e68c2' ...
### [bt]: Applying algorithm 'run_learner' on problem '01ea4b20a58e68c2' for job 3775 (seed = 3776) ...
INFO  [17:36:18.020] [mlr3] Applying learner 'classif.xgboost.tuned' on task 'wilt' (iter 5/10)
INFO  [17:36:18.061] [bbotk] Starting to optimize 3 parameter(s) with '<OptimizerBatchRandomSearch>' and '<TerminatorEvals> [n_evals=10, k=0]'
INFO  [17:36:18.078] [bbotk] Evaluating 1 configuration(s)
INFO  [17:36:18.083] [mlr3] Running benchmark with 3 resampling iterations
INFO  [17:36:18.086] [mlr3] Applying learner 'classif.xgboost' on task 'wilt' (iter 1/3)
INFO  [17:36:18.555] [mlr3] Applying learner 'classif.xgboost' on task 'wilt' (iter 2/3)
INFO  [17:36:19.032] [mlr3] Applying learner 'classif.xgboost' on task 'wilt' (iter 3/3)
INFO  [17:36:19.493] [mlr3] Finished benchmark
INFO  [17:36:19.522] [bbotk] Result of batch 1:
INFO  [17:36:19.524] [bbotk]  nrounds       eta max_depth classif.ce warnings errors runtime_learners
INFO  [17:36:19.524] [bbotk]      296 0.0506046         9 0.01538472        0      0             1.39
INFO  [17:36:19.524] [bbotk]                                 uhash
INFO  [17:36:19.524] [bbotk]  87714a42-5bed-4a81-a4fb-24e5f5885288
INFO  [17:36:19.529] [bbotk] Evaluating 1 configuration(s)
INFO  [17:36:19.531] [mlr3] Running benchmark with 3 resampling iterations
INFO  [17:36:19.534] [mlr3] Applying learner 'classif.xgboost' on task 'wilt' (iter 1/3)
INFO  [17:36:19.868] [mlr3] Applying learner 'classif.xgboost' on task 'wilt' (iter 2/3)
INFO  [17:36:20.218] [mlr3] Applying learner 'classif.xgboost' on task 'wilt' (iter 3/3)
INFO  [17:36:20.519] [mlr3] Finished benchmark
INFO  [17:36:20.533] [bbotk] Result of batch 2:
INFO  [17:36:20.535] [bbotk]  nrounds       eta max_depth classif.ce warnings errors runtime_learners
INFO  [17:36:20.535] [bbotk]      270 0.1573847         6   0.015155        0      0            0.969
INFO  [17:36:20.535] [bbotk]                                 uhash
INFO  [17:36:20.535] [bbotk]  6320656f-43f3-4d9c-a36d-86f09e2b2dd2
INFO  [17:36:20.544] [bbotk] Evaluating 1 configuration(s)
INFO  [17:36:20.546] [mlr3] Running benchmark with 3 resampling iterations
INFO  [17:36:20.549] [mlr3] Applying learner 'classif.xgboost' on task 'wilt' (iter 1/3)
INFO  [17:36:20.677] [mlr3] Applying learner 'classif.xgboost' on task 'wilt' (iter 2/3)
INFO  [17:36:20.791] [mlr3] Applying learner 'classif.xgboost' on task 'wilt' (iter 3/3)
INFO  [17:36:20.907] [mlr3] Finished benchmark
INFO  [17:36:20.932] [bbotk] Result of batch 3:
INFO  [17:36:20.933] [bbotk]  nrounds      eta max_depth classif.ce warnings errors runtime_learners
INFO  [17:36:20.933] [bbotk]      115 0.134085         3 0.01515484        0      0            0.343
INFO  [17:36:20.933] [bbotk]                                 uhash
INFO  [17:36:20.933] [bbotk]  052e140d-f356-45a0-bfaa-9faa8c6a6c50
INFO  [17:36:20.937] [bbotk] Evaluating 1 configuration(s)
INFO  [17:36:20.939] [mlr3] Running benchmark with 3 resampling iterations
INFO  [17:36:20.941] [mlr3] Applying learner 'classif.xgboost' on task 'wilt' (iter 1/3)
INFO  [17:36:21.068] [mlr3] Applying learner 'classif.xgboost' on task 'wilt' (iter 2/3)
INFO  [17:36:21.188] [mlr3] Applying learner 'classif.xgboost' on task 'wilt' (iter 3/3)
INFO  [17:36:21.323] [mlr3] Finished benchmark
INFO  [17:36:21.688] [bbotk] Result of batch 4:
INFO  [17:36:21.690] [bbotk]  nrounds       eta max_depth classif.ce warnings errors runtime_learners
INFO  [17:36:21.690] [bbotk]      103 0.0866385         4 0.01331813        0      0            0.361
INFO  [17:36:21.690] [bbotk]                                 uhash
INFO  [17:36:21.690] [bbotk]  8493adec-e7f7-4177-a402-05feea736362
INFO  [17:36:21.699] [bbotk] Evaluating 1 configuration(s)
INFO  [17:36:21.704] [mlr3] Running benchmark with 3 resampling iterations
INFO  [17:36:21.710] [mlr3] Applying learner 'classif.xgboost' on task 'wilt' (iter 1/3)
INFO  [17:36:21.981] [mlr3] Applying learner 'classif.xgboost' on task 'wilt' (iter 2/3)
INFO  [17:36:22.263] [mlr3] Applying learner 'classif.xgboost' on task 'wilt' (iter 3/3)
INFO  [17:36:22.477] [mlr3] Finished benchmark
INFO  [17:36:22.495] [bbotk] Result of batch 5:
INFO  [17:36:22.496] [bbotk]  nrounds       eta max_depth classif.ce warnings errors runtime_learners
INFO  [17:36:22.496] [bbotk]      282 0.0598211         3 0.01469554        0      0            0.741
INFO  [17:36:22.496] [bbotk]                                 uhash
INFO  [17:36:22.496] [bbotk]  74767abd-126d-4062-8310-dcd2bf85cb47
INFO  [17:36:22.500] [bbotk] Evaluating 1 configuration(s)
INFO  [17:36:22.503] [mlr3] Running benchmark with 3 resampling iterations
INFO  [17:36:22.508] [mlr3] Applying learner 'classif.xgboost' on task 'wilt' (iter 1/3)
INFO  [17:36:22.681] [mlr3] Applying learner 'classif.xgboost' on task 'wilt' (iter 2/3)
INFO  [17:36:22.890] [mlr3] Applying learner 'classif.xgboost' on task 'wilt' (iter 3/3)
INFO  [17:36:23.091] [mlr3] Finished benchmark
INFO  [17:36:23.104] [bbotk] Result of batch 6:
INFO  [17:36:23.105] [bbotk]  nrounds       eta max_depth classif.ce warnings errors runtime_learners
INFO  [17:36:23.105] [bbotk]      112 0.1109893        10 0.01538488        0      0            0.562
INFO  [17:36:23.105] [bbotk]                                 uhash
INFO  [17:36:23.105] [bbotk]  aa5a8315-82c0-4f11-9da0-e65efee66caa
INFO  [17:36:23.111] [bbotk] Evaluating 1 configuration(s)
INFO  [17:36:23.116] [mlr3] Running benchmark with 3 resampling iterations
INFO  [17:36:23.122] [mlr3] Applying learner 'classif.xgboost' on task 'wilt' (iter 1/3)
INFO  [17:36:23.424] [mlr3] Applying learner 'classif.xgboost' on task 'wilt' (iter 2/3)
INFO  [17:36:23.723] [mlr3] Applying learner 'classif.xgboost' on task 'wilt' (iter 3/3)
INFO  [17:36:24.056] [mlr3] Finished benchmark
INFO  [17:36:24.074] [bbotk] Result of batch 7:
INFO  [17:36:24.076] [bbotk]  nrounds        eta max_depth classif.ce warnings errors runtime_learners
INFO  [17:36:24.076] [bbotk]      281 0.02778545         4 0.01308841        0      0            0.916
INFO  [17:36:24.076] [bbotk]                                 uhash
INFO  [17:36:24.076] [bbotk]  57b45b72-3dac-4db7-af08-7717a6cf2f15
INFO  [17:36:24.080] [bbotk] Evaluating 1 configuration(s)
INFO  [17:36:24.082] [mlr3] Running benchmark with 3 resampling iterations
INFO  [17:36:24.085] [mlr3] Applying learner 'classif.xgboost' on task 'wilt' (iter 1/3)
INFO  [17:36:24.223] [mlr3] Applying learner 'classif.xgboost' on task 'wilt' (iter 2/3)
INFO  [17:36:24.352] [mlr3] Applying learner 'classif.xgboost' on task 'wilt' (iter 3/3)
INFO  [17:36:24.485] [mlr3] Finished benchmark
INFO  [17:36:24.506] [bbotk] Result of batch 8:
INFO  [17:36:24.507] [bbotk]  nrounds       eta max_depth classif.ce warnings errors runtime_learners
INFO  [17:36:24.507] [bbotk]      112 0.2786277         6 0.01515484        0      0            0.384
INFO  [17:36:24.507] [bbotk]                                 uhash
INFO  [17:36:24.507] [bbotk]  2bb96dda-e933-4a59-8988-e32c84633107
INFO  [17:36:24.511] [bbotk] Evaluating 1 configuration(s)
INFO  [17:36:24.514] [mlr3] Running benchmark with 3 resampling iterations
INFO  [17:36:24.517] [mlr3] Applying learner 'classif.xgboost' on task 'wilt' (iter 1/3)
INFO  [17:36:24.768] [mlr3] Applying learner 'classif.xgboost' on task 'wilt' (iter 2/3)
INFO  [17:36:25.041] [mlr3] Applying learner 'classif.xgboost' on task 'wilt' (iter 3/3)
INFO  [17:36:25.312] [mlr3] Finished benchmark
INFO  [17:36:25.333] [bbotk] Result of batch 9:
INFO  [17:36:25.335] [bbotk]  nrounds       eta max_depth classif.ce warnings errors runtime_learners
INFO  [17:36:25.335] [bbotk]      170 0.1107969         7 0.01515515        0      0             0.78
INFO  [17:36:25.335] [bbotk]                                 uhash
INFO  [17:36:25.335] [bbotk]  85a8070a-96c4-47e5-8a6a-c1bfdc703c69
INFO  [17:36:25.345] [bbotk] Evaluating 1 configuration(s)
INFO  [17:36:25.351] [mlr3] Running benchmark with 3 resampling iterations
INFO  [17:36:25.358] [mlr3] Applying learner 'classif.xgboost' on task 'wilt' (iter 1/3)
INFO  [17:36:25.542] [mlr3] Applying learner 'classif.xgboost' on task 'wilt' (iter 2/3)
INFO  [17:36:25.741] [mlr3] Applying learner 'classif.xgboost' on task 'wilt' (iter 3/3)
INFO  [17:36:25.942] [mlr3] Finished benchmark
INFO  [17:36:25.969] [bbotk] Result of batch 10:
INFO  [17:36:25.970] [bbotk]  nrounds        eta max_depth classif.ce warnings errors runtime_learners
INFO  [17:36:25.970] [bbotk]      114 0.02525142         8 0.01469586        0      0            0.563
INFO  [17:36:25.970] [bbotk]                                 uhash
INFO  [17:36:25.970] [bbotk]  dd0f35dc-7dbc-4135-a01c-c14db6b3e508
INFO  [17:36:25.996] [bbotk] Finished optimizing after 10 evaluation(s)
INFO  [17:36:25.997] [bbotk] Result:
INFO  [17:36:25.999] [bbotk]  nrounds        eta max_depth learner_param_vals  x_domain classif.ce
INFO  [17:36:25.999] [bbotk]    <int>      <num>     <int>             <list>    <list>      <num>
INFO  [17:36:25.999] [bbotk]      281 0.02778545         4          <list[5]> <list[3]> 0.01308841

### [bt]: Job terminated successfully [batchtools job.id=3775]
### [bt]: Calculation finished!
