### [bt]: This is batchtools v0.9.17
### [bt]: Starting calculation of 5 jobs
### [bt]: Setting working directory to '/Users/User/Documents/Studium/Semester8/Hiwi/mlr3calibration/vignettes'
### [bt]: Memory measurement disabled
### [bt]: Starting job [batchtools job.id=1196]
### [bt]: Generating problem instance for problem '78e20b4b43a56ff6' ...
### [bt]: Applying algorithm 'run_learner' on problem '78e20b4b43a56ff6' for job 1196 (seed = 1197) ...
INFO  [16:48:42.345] [mlr3] Applying learner 'classif.naive_bayes.tuned_calib.oof_beta' on task 'pc3' (iter 6/10)
INFO  [16:48:42.402] [bbotk] Starting to optimize 1 parameter(s) with '<OptimizerBatchRandomSearch>' and '<TerminatorEvals> [n_evals=3, k=0]'
INFO  [16:48:42.410] [bbotk] Evaluating 1 configuration(s)
INFO  [16:48:42.849] [bbotk] Result of batch 1:
INFO  [16:48:42.853] [bbotk]     laplace classif.ce warnings errors runtime_learners
INFO  [16:48:42.853] [bbotk]  0.09881029  0.4871111        0      0            0.395
INFO  [16:48:42.853] [bbotk]                                 uhash
INFO  [16:48:42.853] [bbotk]  981fbf62-d520-46af-9144-d8f2770d14f7
INFO  [16:48:42.864] [bbotk] Evaluating 1 configuration(s)
INFO  [16:48:43.268] [bbotk] Result of batch 2:
INFO  [16:48:43.269] [bbotk]    laplace classif.ce warnings errors runtime_learners
INFO  [16:48:43.269] [bbotk]  0.3570425  0.4871111        0      0            0.358
INFO  [16:48:43.269] [bbotk]                                 uhash
INFO  [16:48:43.269] [bbotk]  889d3010-7be7-42a8-89f5-ee3a26e8b7ca
INFO  [16:48:43.272] [bbotk] Evaluating 1 configuration(s)
INFO  [16:48:43.615] [bbotk] Result of batch 3:
INFO  [16:48:43.616] [bbotk]    laplace classif.ce warnings errors runtime_learners
INFO  [16:48:43.616] [bbotk]  0.2688575  0.4871111        0      0            0.301
INFO  [16:48:43.616] [bbotk]                                 uhash
INFO  [16:48:43.616] [bbotk]  f072981c-1abb-4627-b1e4-61e01e4a55dd
INFO  [16:48:43.622] [bbotk] Finished optimizing after 3 evaluation(s)
INFO  [16:48:43.623] [bbotk] Result:
INFO  [16:48:43.623] [bbotk]     laplace learner_param_vals  x_domain classif.ce
INFO  [16:48:43.623] [bbotk]       <num>             <list>    <list>      <num>
INFO  [16:48:43.623] [bbotk]  0.09881029          <list[1]> <list[1]>  0.4871111
INFO  [16:48:43.759] [bbotk] Starting to optimize 1 parameter(s) with '<OptimizerBatchRandomSearch>' and '<TerminatorEvals> [n_evals=3, k=0]'
INFO  [16:48:43.767] [bbotk] Evaluating 1 configuration(s)
INFO  [16:48:44.126] [bbotk] Result of batch 1:
INFO  [16:48:44.127] [bbotk]    laplace classif.ce warnings errors runtime_learners
INFO  [16:48:44.127] [bbotk]  0.3556435  0.5244444        0      0            0.325
INFO  [16:48:44.127] [bbotk]                                 uhash
INFO  [16:48:44.127] [bbotk]  84a7fcf8-5d8c-4d70-a449-c149002ffe19
INFO  [16:48:44.136] [bbotk] Evaluating 1 configuration(s)
INFO  [16:48:44.621] [bbotk] Result of batch 2:
INFO  [16:48:44.622] [bbotk]     laplace classif.ce warnings errors runtime_learners
INFO  [16:48:44.622] [bbotk]  0.09548944  0.5244444        0      0            0.432
INFO  [16:48:44.622] [bbotk]                                 uhash
INFO  [16:48:44.622] [bbotk]  912917ae-85cb-498a-ad99-283e5b1b2100
INFO  [16:48:44.625] [bbotk] Evaluating 1 configuration(s)
INFO  [16:48:45.021] [bbotk] Result of batch 3:
INFO  [16:48:45.022] [bbotk]    laplace classif.ce warnings errors runtime_learners
INFO  [16:48:45.022] [bbotk]  0.1733926  0.5244444        0      0            0.353
INFO  [16:48:45.022] [bbotk]                                 uhash
INFO  [16:48:45.022] [bbotk]  75e49057-008a-4d8c-a0b7-6e37c26c1602
INFO  [16:48:45.028] [bbotk] Finished optimizing after 3 evaluation(s)
INFO  [16:48:45.029] [bbotk] Result:
INFO  [16:48:45.029] [bbotk]    laplace learner_param_vals  x_domain classif.ce
INFO  [16:48:45.029] [bbotk]      <num>             <list>    <list>      <num>
INFO  [16:48:45.029] [bbotk]  0.3556435          <list[1]> <list[1]>  0.5244444
INFO  [16:48:45.151] [bbotk] Starting to optimize 1 parameter(s) with '<OptimizerBatchRandomSearch>' and '<TerminatorEvals> [n_evals=3, k=0]'
INFO  [16:48:45.166] [bbotk] Evaluating 1 configuration(s)
INFO  [16:48:45.548] [bbotk] Result of batch 1:
INFO  [16:48:45.549] [bbotk]     laplace classif.ce warnings errors runtime_learners
INFO  [16:48:45.549] [bbotk]  0.01688614  0.5766359        0      0            0.319
INFO  [16:48:45.549] [bbotk]                                 uhash
INFO  [16:48:45.549] [bbotk]  080dcc63-cf02-442c-9244-8d7d100abda2
INFO  [16:48:45.551] [bbotk] Evaluating 1 configuration(s)
INFO  [16:48:45.974] [bbotk] Result of batch 2:
INFO  [16:48:45.975] [bbotk]    laplace classif.ce warnings errors runtime_learners
INFO  [16:48:45.975] [bbotk]  0.5375551  0.5766359        0      0            0.367
INFO  [16:48:45.975] [bbotk]                                 uhash
INFO  [16:48:45.975] [bbotk]  57a92dd0-838e-476b-b635-c3bc962a7f9d
INFO  [16:48:45.977] [bbotk] Evaluating 1 configuration(s)
INFO  [16:48:46.370] [bbotk] Result of batch 3:
INFO  [16:48:46.373] [bbotk]    laplace classif.ce warnings errors runtime_learners
INFO  [16:48:46.373] [bbotk]  0.7605019  0.5766359        0      0            0.326
INFO  [16:48:46.373] [bbotk]                                 uhash
INFO  [16:48:46.373] [bbotk]  67869ba7-4148-4d93-8539-dcab2c8d19dc
INFO  [16:48:46.392] [bbotk] Finished optimizing after 3 evaluation(s)
INFO  [16:48:46.393] [bbotk] Result:
INFO  [16:48:46.395] [bbotk]     laplace learner_param_vals  x_domain classif.ce
INFO  [16:48:46.395] [bbotk]       <num>             <list>    <list>      <num>
INFO  [16:48:46.395] [bbotk]  0.01688614          <list[1]> <list[1]>  0.5766359
INFO  [16:48:46.536] [bbotk] Starting to optimize 1 parameter(s) with '<OptimizerBatchRandomSearch>' and '<TerminatorEvals> [n_evals=3, k=0]'
INFO  [16:48:46.547] [bbotk] Evaluating 1 configuration(s)
INFO  [16:48:46.941] [bbotk] Result of batch 1:
INFO  [16:48:46.943] [bbotk]    laplace classif.ce warnings errors runtime_learners
INFO  [16:48:46.943] [bbotk]  0.6251432  0.5708723        0      0            0.345
INFO  [16:48:46.943] [bbotk]                                 uhash
INFO  [16:48:46.943] [bbotk]  1ed2e319-f2b3-4ce6-b17e-252fcf902c88
INFO  [16:48:46.949] [bbotk] Evaluating 1 configuration(s)
INFO  [16:48:47.464] [bbotk] Result of batch 2:
INFO  [16:48:47.466] [bbotk]    laplace classif.ce warnings errors runtime_learners
INFO  [16:48:47.466] [bbotk]  0.1537177  0.5708723        0      0            0.476
INFO  [16:48:47.466] [bbotk]                                 uhash
INFO  [16:48:47.466] [bbotk]  5e25e453-0340-46d1-9b08-453d078a9de9
INFO  [16:48:47.474] [bbotk] Evaluating 1 configuration(s)
INFO  [16:48:47.891] [bbotk] Result of batch 3:
INFO  [16:48:47.893] [bbotk]    laplace classif.ce warnings errors runtime_learners
INFO  [16:48:47.893] [bbotk]  0.5454638  0.5708723        0      0             0.37
INFO  [16:48:47.893] [bbotk]                                 uhash
INFO  [16:48:47.893] [bbotk]  90cb2664-9653-4a1e-b325-15dbefa44865
INFO  [16:48:47.903] [bbotk] Finished optimizing after 3 evaluation(s)
INFO  [16:48:47.903] [bbotk] Result:
INFO  [16:48:47.904] [bbotk]    laplace learner_param_vals  x_domain classif.ce
INFO  [16:48:47.904] [bbotk]      <num>             <list>    <list>      <num>
INFO  [16:48:47.904] [bbotk]  0.6251432          <list[1]> <list[1]>  0.5708723
INFO  [16:48:48.109] [bbotk] Starting to optimize 1 parameter(s) with '<OptimizerBatchRandomSearch>' and '<TerminatorEvals> [n_evals=3, k=0]'
INFO  [16:48:48.114] [bbotk] Evaluating 1 configuration(s)
INFO  [16:48:48.533] [bbotk] Result of batch 1:
INFO  [16:48:48.534] [bbotk]    laplace classif.ce warnings errors runtime_learners
INFO  [16:48:48.534] [bbotk]  0.5159944  0.2469551        0      0            0.362
INFO  [16:48:48.534] [bbotk]                                 uhash
INFO  [16:48:48.534] [bbotk]  4cbb7b29-4143-42e9-a988-4f9563274d49
INFO  [16:48:48.536] [bbotk] Evaluating 1 configuration(s)
INFO  [16:48:48.941] [bbotk] Result of batch 2:
INFO  [16:48:48.943] [bbotk]    laplace classif.ce warnings errors runtime_learners
INFO  [16:48:48.943] [bbotk]  0.2983196  0.2469551        0      0             0.36
INFO  [16:48:48.943] [bbotk]                                 uhash
INFO  [16:48:48.943] [bbotk]  a09d1213-e345-4e35-80dc-224cc118a427
INFO  [16:48:48.950] [bbotk] Evaluating 1 configuration(s)
INFO  [16:48:49.338] [bbotk] Result of batch 3:
INFO  [16:48:49.339] [bbotk]    laplace classif.ce warnings errors runtime_learners
INFO  [16:48:49.339] [bbotk]  0.9910972  0.2469551        0      0            0.341
INFO  [16:48:49.339] [bbotk]                                 uhash
INFO  [16:48:49.339] [bbotk]  4f03cfab-3e40-4198-8422-23d814991494
INFO  [16:48:49.348] [bbotk] Finished optimizing after 3 evaluation(s)
INFO  [16:48:49.348] [bbotk] Result:
INFO  [16:48:49.350] [bbotk]    laplace learner_param_vals  x_domain classif.ce
INFO  [16:48:49.350] [bbotk]      <num>             <list>    <list>      <num>
INFO  [16:48:49.350] [bbotk]  0.5159944          <list[1]> <list[1]>  0.2469551
[1] -6.128996
[1] -2.346958

### [bt]: Job terminated successfully [batchtools job.id=1196]
### [bt]: Starting job [batchtools job.id=1197]
### [bt]: Generating problem instance for problem '78e20b4b43a56ff6' ...
### [bt]: Applying algorithm 'run_learner' on problem '78e20b4b43a56ff6' for job 1197 (seed = 1198) ...
INFO  [16:48:49.718] [mlr3] Applying learner 'classif.naive_bayes.tuned_calib.oof_beta' on task 'pc3' (iter 7/10)
INFO  [16:48:49.794] [bbotk] Starting to optimize 1 parameter(s) with '<OptimizerBatchRandomSearch>' and '<TerminatorEvals> [n_evals=3, k=0]'
INFO  [16:48:49.802] [bbotk] Evaluating 1 configuration(s)
INFO  [16:48:50.241] [bbotk] Result of batch 1:
INFO  [16:48:50.241] [bbotk]    laplace classif.ce warnings errors runtime_learners
INFO  [16:48:50.241] [bbotk]  0.1199065  0.2346667        0      0            0.374
INFO  [16:48:50.241] [bbotk]                                 uhash
INFO  [16:48:50.241] [bbotk]  bc9c5f35-4b5e-412c-87be-f2484924df15
INFO  [16:48:50.244] [bbotk] Evaluating 1 configuration(s)
INFO  [16:48:50.646] [bbotk] Result of batch 2:
INFO  [16:48:50.647] [bbotk]    laplace classif.ce warnings errors runtime_learners
INFO  [16:48:50.647] [bbotk]  0.9076524  0.2346667        0      0            0.358
INFO  [16:48:50.647] [bbotk]                                 uhash
INFO  [16:48:50.647] [bbotk]  0a688df1-73f5-4b3a-b5ba-f831c5d63efe
INFO  [16:48:50.649] [bbotk] Evaluating 1 configuration(s)
INFO  [16:48:51.051] [bbotk] Result of batch 3:
INFO  [16:48:51.052] [bbotk]    laplace classif.ce warnings errors runtime_learners
INFO  [16:48:51.052] [bbotk]  0.9399761  0.2346667        0      0            0.361
INFO  [16:48:51.052] [bbotk]                                 uhash
INFO  [16:48:51.052] [bbotk]  b92b2bdc-1f87-46aa-8712-ad26fc87be86
INFO  [16:48:51.085] [bbotk] Finished optimizing after 3 evaluation(s)
INFO  [16:48:51.086] [bbotk] Result:
INFO  [16:48:51.087] [bbotk]    laplace learner_param_vals  x_domain classif.ce
INFO  [16:48:51.087] [bbotk]      <num>             <list>    <list>      <num>
INFO  [16:48:51.087] [bbotk]  0.1199065          <list[1]> <list[1]>  0.2346667
INFO  [16:48:51.254] [bbotk] Starting to optimize 1 parameter(s) with '<OptimizerBatchRandomSearch>' and '<TerminatorEvals> [n_evals=3, k=0]'
INFO  [16:48:51.265] [bbotk] Evaluating 1 configuration(s)
INFO  [16:48:51.702] [bbotk] Result of batch 1:
INFO  [16:48:51.709] [bbotk]     laplace classif.ce warnings errors runtime_learners
INFO  [16:48:51.709] [bbotk]  0.01572859  0.4871111        0      0            0.394
INFO  [16:48:51.709] [bbotk]                                 uhash
INFO  [16:48:51.709] [bbotk]  baf23a8e-55a5-4699-98ba-d6c2e3f2cf06
INFO  [16:48:51.715] [bbotk] Evaluating 1 configuration(s)
INFO  [16:48:52.150] [bbotk] Result of batch 2:
INFO  [16:48:52.152] [bbotk]    laplace classif.ce warnings errors runtime_learners
INFO  [16:48:52.152] [bbotk]  0.6440029  0.4871111        0      0            0.368
INFO  [16:48:52.152] [bbotk]                                 uhash
INFO  [16:48:52.152] [bbotk]  ca4f2d89-e77c-46dc-849e-0094c35eb6fa
INFO  [16:48:52.160] [bbotk] Evaluating 1 configuration(s)
INFO  [16:48:52.512] [bbotk] Result of batch 3:
INFO  [16:48:52.513] [bbotk]   laplace classif.ce warnings errors runtime_learners
INFO  [16:48:52.513] [bbotk]  0.558953  0.4871111        0      0            0.318
INFO  [16:48:52.513] [bbotk]                                 uhash
INFO  [16:48:52.513] [bbotk]  ee45a400-840d-43b6-9682-f856abec6ef4
INFO  [16:48:52.524] [bbotk] Finished optimizing after 3 evaluation(s)
INFO  [16:48:52.524] [bbotk] Result:
INFO  [16:48:52.525] [bbotk]     laplace learner_param_vals  x_domain classif.ce
INFO  [16:48:52.525] [bbotk]       <num>             <list>    <list>      <num>
INFO  [16:48:52.525] [bbotk]  0.01572859          <list[1]> <list[1]>  0.4871111
INFO  [16:48:52.661] [bbotk] Starting to optimize 1 parameter(s) with '<OptimizerBatchRandomSearch>' and '<TerminatorEvals> [n_evals=3, k=0]'
INFO  [16:48:52.666] [bbotk] Evaluating 1 configuration(s)
INFO  [16:48:53.128] [bbotk] Result of batch 1:
INFO  [16:48:53.132] [bbotk]    laplace classif.ce warnings errors runtime_learners
INFO  [16:48:53.132] [bbotk]  0.9994955  0.5007518        0      0              0.4
INFO  [16:48:53.132] [bbotk]                                 uhash
INFO  [16:48:53.132] [bbotk]  b6408b31-93e3-4fa7-8a14-cb1335ea3019
INFO  [16:48:53.142] [bbotk] Evaluating 1 configuration(s)
INFO  [16:48:53.550] [bbotk] Result of batch 2:
INFO  [16:48:53.551] [bbotk]    laplace classif.ce warnings errors runtime_learners
INFO  [16:48:53.551] [bbotk]  0.0973014  0.5007518        0      0            0.348
INFO  [16:48:53.551] [bbotk]                                 uhash
INFO  [16:48:53.551] [bbotk]  39b82e75-e834-42da-9439-85cc1f8d589b
INFO  [16:48:53.553] [bbotk] Evaluating 1 configuration(s)
INFO  [16:48:54.000] [bbotk] Result of batch 3:
INFO  [16:48:54.002] [bbotk]   laplace classif.ce warnings errors runtime_learners
INFO  [16:48:54.002] [bbotk]  0.824319  0.5007518        0      0            0.392
INFO  [16:48:54.002] [bbotk]                                 uhash
INFO  [16:48:54.002] [bbotk]  01ba1722-1dfb-48a6-8013-7be29fc963dc
INFO  [16:48:54.015] [bbotk] Finished optimizing after 3 evaluation(s)
INFO  [16:48:54.016] [bbotk] Result:
INFO  [16:48:54.025] [bbotk]    laplace learner_param_vals  x_domain classif.ce
INFO  [16:48:54.025] [bbotk]      <num>             <list>    <list>      <num>
INFO  [16:48:54.025] [bbotk]  0.9994955          <list[1]> <list[1]>  0.5007518
INFO  [16:48:54.195] [bbotk] Starting to optimize 1 parameter(s) with '<OptimizerBatchRandomSearch>' and '<TerminatorEvals> [n_evals=3, k=0]'
INFO  [16:48:54.207] [bbotk] Evaluating 1 configuration(s)
INFO  [16:48:54.609] [bbotk] Result of batch 1:
INFO  [16:48:54.610] [bbotk]    laplace classif.ce warnings errors runtime_learners
INFO  [16:48:54.610] [bbotk]  0.9161332  0.6129243        0      0            0.358
INFO  [16:48:54.610] [bbotk]                                 uhash
INFO  [16:48:54.610] [bbotk]  e73d5eda-ff42-43be-a5b7-f2470e156364
INFO  [16:48:54.615] [bbotk] Evaluating 1 configuration(s)
INFO  [16:48:55.096] [bbotk] Result of batch 2:
INFO  [16:48:55.100] [bbotk]    laplace classif.ce warnings errors runtime_learners
INFO  [16:48:55.100] [bbotk]  0.3599707  0.6129243        0      0            0.424
INFO  [16:48:55.100] [bbotk]                                 uhash
INFO  [16:48:55.100] [bbotk]  d2d6ef43-c079-4c4b-b5ae-37d786512ff1
INFO  [16:48:55.105] [bbotk] Evaluating 1 configuration(s)
INFO  [16:48:55.576] [bbotk] Result of batch 3:
INFO  [16:48:55.579] [bbotk]    laplace classif.ce warnings errors runtime_learners
INFO  [16:48:55.579] [bbotk]  0.4510548  0.6129243        0      0            0.408
INFO  [16:48:55.579] [bbotk]                                 uhash
INFO  [16:48:55.579] [bbotk]  16ae3fe1-f15d-4252-884c-77b2fcce779d
INFO  [16:48:55.595] [bbotk] Finished optimizing after 3 evaluation(s)
INFO  [16:48:55.595] [bbotk] Result:
INFO  [16:48:55.596] [bbotk]    laplace learner_param_vals  x_domain classif.ce
INFO  [16:48:55.596] [bbotk]      <num>             <list>    <list>      <num>
INFO  [16:48:55.596] [bbotk]  0.9161332          <list[1]> <list[1]>  0.6129243
INFO  [16:48:55.722] [bbotk] Starting to optimize 1 parameter(s) with '<OptimizerBatchRandomSearch>' and '<TerminatorEvals> [n_evals=3, k=0]'
INFO  [16:48:55.733] [bbotk] Evaluating 1 configuration(s)
INFO  [16:48:56.130] [bbotk] Result of batch 1:
INFO  [16:48:56.131] [bbotk]    laplace classif.ce warnings errors runtime_learners
INFO  [16:48:56.131] [bbotk]  0.7588296  0.5096359        0      0            0.346
INFO  [16:48:56.131] [bbotk]                                 uhash
INFO  [16:48:56.131] [bbotk]  c52c7b5c-e04e-4e40-a299-8ce37b7e6dd3
INFO  [16:48:56.134] [bbotk] Evaluating 1 configuration(s)
INFO  [16:48:56.554] [bbotk] Result of batch 2:
INFO  [16:48:56.555] [bbotk]    laplace classif.ce warnings errors runtime_learners
INFO  [16:48:56.555] [bbotk]  0.7584784  0.5096359        0      0            0.366
INFO  [16:48:56.555] [bbotk]                                 uhash
INFO  [16:48:56.555] [bbotk]  df62a7a4-6391-4e2e-bbec-7890faae9d4c
INFO  [16:48:56.557] [bbotk] Evaluating 1 configuration(s)
INFO  [16:48:56.999] [bbotk] Result of batch 3:
INFO  [16:48:57.002] [bbotk]    laplace classif.ce warnings errors runtime_learners
INFO  [16:48:57.002] [bbotk]  0.6050355  0.5096359        0      0            0.403
INFO  [16:48:57.002] [bbotk]                                 uhash
INFO  [16:48:57.002] [bbotk]  91b89cb1-154f-4541-b9de-63e54fedbc98
INFO  [16:48:57.020] [bbotk] Finished optimizing after 3 evaluation(s)
INFO  [16:48:57.020] [bbotk] Result:
INFO  [16:48:57.021] [bbotk]    laplace learner_param_vals  x_domain classif.ce
INFO  [16:48:57.021] [bbotk]      <num>             <list>    <list>      <num>
INFO  [16:48:57.021] [bbotk]  0.7588296          <list[1]> <list[1]>  0.5096359
[1] -6.814214
[1] -2.967103

### [bt]: Job terminated successfully [batchtools job.id=1197]
### [bt]: Starting job [batchtools job.id=1198]
### [bt]: Generating problem instance for problem '78e20b4b43a56ff6' ...
### [bt]: Applying algorithm 'run_learner' on problem '78e20b4b43a56ff6' for job 1198 (seed = 1199) ...
INFO  [16:48:57.514] [mlr3] Applying learner 'classif.naive_bayes.tuned_calib.oof_beta' on task 'pc3' (iter 8/10)
INFO  [16:48:57.598] [bbotk] Starting to optimize 1 parameter(s) with '<OptimizerBatchRandomSearch>' and '<TerminatorEvals> [n_evals=3, k=0]'
INFO  [16:48:57.605] [bbotk] Evaluating 1 configuration(s)
INFO  [16:48:58.016] [bbotk] Result of batch 1:
INFO  [16:48:58.017] [bbotk]    laplace classif.ce warnings errors runtime_learners
INFO  [16:48:58.017] [bbotk]  0.3909138  0.5022222        0      0            0.359
INFO  [16:48:58.017] [bbotk]                                 uhash
INFO  [16:48:58.017] [bbotk]  d21717b4-b3b0-4838-a50e-31411b90c9d0
INFO  [16:48:58.020] [bbotk] Evaluating 1 configuration(s)
INFO  [16:48:58.491] [bbotk] Result of batch 2:
INFO  [16:48:58.492] [bbotk]    laplace classif.ce warnings errors runtime_learners
INFO  [16:48:58.492] [bbotk]  0.8429382  0.5022222        0      0            0.426
INFO  [16:48:58.492] [bbotk]                                 uhash
INFO  [16:48:58.492] [bbotk]  841e936a-2e71-4a46-b7da-aad3ae80a502
INFO  [16:48:58.494] [bbotk] Evaluating 1 configuration(s)
INFO  [16:48:58.942] [bbotk] Result of batch 3:
INFO  [16:48:58.943] [bbotk]    laplace classif.ce warnings errors runtime_learners
INFO  [16:48:58.943] [bbotk]  0.7908887  0.5022222        0      0              0.4
INFO  [16:48:58.943] [bbotk]                                 uhash
INFO  [16:48:58.943] [bbotk]  4665bdd1-ab0b-4f68-a1e6-73cbd0b08da4
INFO  [16:48:58.951] [bbotk] Finished optimizing after 3 evaluation(s)
INFO  [16:48:58.952] [bbotk] Result:
INFO  [16:48:58.952] [bbotk]    laplace learner_param_vals  x_domain classif.ce
INFO  [16:48:58.952] [bbotk]      <num>             <list>    <list>      <num>
INFO  [16:48:58.952] [bbotk]  0.3909138          <list[1]> <list[1]>  0.5022222
INFO  [16:48:59.082] [bbotk] Starting to optimize 1 parameter(s) with '<OptimizerBatchRandomSearch>' and '<TerminatorEvals> [n_evals=3, k=0]'
INFO  [16:48:59.087] [bbotk] Evaluating 1 configuration(s)
INFO  [16:48:59.501] [bbotk] Result of batch 1:
INFO  [16:48:59.502] [bbotk]    laplace classif.ce warnings errors runtime_learners
INFO  [16:48:59.502] [bbotk]  0.2162134  0.2871111        0      0            0.369
INFO  [16:48:59.502] [bbotk]                                 uhash
INFO  [16:48:59.502] [bbotk]  8e73f63d-e0dd-4f7f-919f-940bd144f384
INFO  [16:48:59.504] [bbotk] Evaluating 1 configuration(s)
INFO  [16:48:59.949] [bbotk] Result of batch 2:
INFO  [16:48:59.956] [bbotk]    laplace classif.ce warnings errors runtime_learners
INFO  [16:48:59.956] [bbotk]  0.6920913  0.2871111        0      0            0.385
INFO  [16:48:59.956] [bbotk]                                 uhash
INFO  [16:48:59.956] [bbotk]  de56fb68-dc99-4f68-9a5f-7c16907230e8
INFO  [16:48:59.961] [bbotk] Evaluating 1 configuration(s)
INFO  [16:49:00.416] [bbotk] Result of batch 3:
INFO  [16:49:00.419] [bbotk]    laplace classif.ce warnings errors runtime_learners
INFO  [16:49:00.419] [bbotk]  0.9184407  0.2871111        0      0             0.41
INFO  [16:49:00.419] [bbotk]                                 uhash
INFO  [16:49:00.419] [bbotk]  0fdc3372-3d66-46fc-8291-711655ed16a2
INFO  [16:49:00.433] [bbotk] Finished optimizing after 3 evaluation(s)
INFO  [16:49:00.433] [bbotk] Result:
INFO  [16:49:00.435] [bbotk]    laplace learner_param_vals  x_domain classif.ce
INFO  [16:49:00.435] [bbotk]      <num>             <list>    <list>      <num>
INFO  [16:49:00.435] [bbotk]  0.2162134          <list[1]> <list[1]>  0.2871111
INFO  [16:49:00.575] [bbotk] Starting to optimize 1 parameter(s) with '<OptimizerBatchRandomSearch>' and '<TerminatorEvals> [n_evals=3, k=0]'
INFO  [16:49:00.588] [bbotk] Evaluating 1 configuration(s)
INFO  [16:49:01.175] [bbotk] Result of batch 1:
INFO  [16:49:01.176] [bbotk]    laplace classif.ce warnings errors runtime_learners
INFO  [16:49:01.176] [bbotk]  0.0770617  0.4611631        0      0            0.542
INFO  [16:49:01.176] [bbotk]                                 uhash
INFO  [16:49:01.176] [bbotk]  1b82f893-a5c0-4897-b81e-96449c34e700
INFO  [16:49:01.179] [bbotk] Evaluating 1 configuration(s)
INFO  [16:49:01.599] [bbotk] Result of batch 2:
INFO  [16:49:01.599] [bbotk]    laplace classif.ce warnings errors runtime_learners
INFO  [16:49:01.599] [bbotk]  0.8307076  0.4611631        0      0            0.375
INFO  [16:49:01.599] [bbotk]                                 uhash
INFO  [16:49:01.599] [bbotk]  74b6ba48-7437-473f-b087-f4d7f2e64721
INFO  [16:49:01.605] [bbotk] Evaluating 1 configuration(s)
INFO  [16:49:02.034] [bbotk] Result of batch 3:
INFO  [16:49:02.035] [bbotk]    laplace classif.ce warnings errors runtime_learners
INFO  [16:49:02.035] [bbotk]  0.8710307  0.4611631        0      0             0.38
INFO  [16:49:02.035] [bbotk]                                 uhash
INFO  [16:49:02.035] [bbotk]  9bc3636f-26cb-4286-89cd-48a6fec40b4d
INFO  [16:49:02.055] [bbotk] Finished optimizing after 3 evaluation(s)
INFO  [16:49:02.055] [bbotk] Result:
INFO  [16:49:02.057] [bbotk]    laplace learner_param_vals  x_domain classif.ce
INFO  [16:49:02.057] [bbotk]      <num>             <list>    <list>      <num>
INFO  [16:49:02.057] [bbotk]  0.0770617          <list[1]> <list[1]>  0.4611631
INFO  [16:49:02.271] [bbotk] Starting to optimize 1 parameter(s) with '<OptimizerBatchRandomSearch>' and '<TerminatorEvals> [n_evals=3, k=0]'
INFO  [16:49:02.276] [bbotk] Evaluating 1 configuration(s)
INFO  [16:49:02.682] [bbotk] Result of batch 1:
INFO  [16:49:02.686] [bbotk]    laplace classif.ce warnings errors runtime_learners
INFO  [16:49:02.686] [bbotk]  0.9836716   0.541104        0      0            0.343
INFO  [16:49:02.686] [bbotk]                                 uhash
INFO  [16:49:02.686] [bbotk]  87aec920-167c-44ec-be8e-40938f26f0b7
INFO  [16:49:02.689] [bbotk] Evaluating 1 configuration(s)
INFO  [16:49:03.087] [bbotk] Result of batch 2:
INFO  [16:49:03.089] [bbotk]    laplace classif.ce warnings errors runtime_learners
INFO  [16:49:03.089] [bbotk]  0.3079767   0.541104        0      0            0.351
INFO  [16:49:03.089] [bbotk]                                 uhash
INFO  [16:49:03.089] [bbotk]  9c9cb10c-5abc-41c8-aea9-811c4c1a462a
INFO  [16:49:03.093] [bbotk] Evaluating 1 configuration(s)
INFO  [16:49:03.488] [bbotk] Result of batch 3:
INFO  [16:49:03.490] [bbotk]    laplace classif.ce warnings errors runtime_learners
INFO  [16:49:03.490] [bbotk]  0.3964502   0.541104        0      0            0.358
INFO  [16:49:03.490] [bbotk]                                 uhash
INFO  [16:49:03.490] [bbotk]  72064e00-dd1e-4cb3-8d94-75ff1fa0a2ff
INFO  [16:49:03.502] [bbotk] Finished optimizing after 3 evaluation(s)
INFO  [16:49:03.503] [bbotk] Result:
INFO  [16:49:03.503] [bbotk]    laplace learner_param_vals  x_domain classif.ce
INFO  [16:49:03.503] [bbotk]      <num>             <list>    <list>      <num>
INFO  [16:49:03.503] [bbotk]  0.9836716          <list[1]> <list[1]>   0.541104
INFO  [16:49:03.687] [bbotk] Starting to optimize 1 parameter(s) with '<OptimizerBatchRandomSearch>' and '<TerminatorEvals> [n_evals=3, k=0]'
INFO  [16:49:03.694] [bbotk] Evaluating 1 configuration(s)
INFO  [16:49:04.414] [bbotk] Result of batch 1:
INFO  [16:49:04.416] [bbotk]    laplace classif.ce warnings errors runtime_learners
INFO  [16:49:04.416] [bbotk]  0.2176376  0.6686407        0      0            0.673
INFO  [16:49:04.416] [bbotk]                                 uhash
INFO  [16:49:04.416] [bbotk]  c42b3f35-0b28-41ca-bdb9-6a27e64b9dcb
INFO  [16:49:04.423] [bbotk] Evaluating 1 configuration(s)
INFO  [16:49:04.780] [bbotk] Result of batch 2:
INFO  [16:49:04.781] [bbotk]    laplace classif.ce warnings errors runtime_learners
INFO  [16:49:04.781] [bbotk]  0.5384397  0.6686407        0      0            0.302
INFO  [16:49:04.781] [bbotk]                                 uhash
INFO  [16:49:04.781] [bbotk]  a9083607-8914-43c6-b669-63be659c6ec2
INFO  [16:49:04.788] [bbotk] Evaluating 1 configuration(s)
INFO  [16:49:05.159] [bbotk] Result of batch 3:
INFO  [16:49:05.160] [bbotk]    laplace classif.ce warnings errors runtime_learners
INFO  [16:49:05.160] [bbotk]  0.5749162  0.6686407        0      0            0.327
INFO  [16:49:05.160] [bbotk]                                 uhash
INFO  [16:49:05.160] [bbotk]  35f1e93e-4a63-4252-8e2c-c6d72d0d2c64
INFO  [16:49:05.176] [bbotk] Finished optimizing after 3 evaluation(s)
INFO  [16:49:05.177] [bbotk] Result:
INFO  [16:49:05.179] [bbotk]    laplace learner_param_vals  x_domain classif.ce
INFO  [16:49:05.179] [bbotk]      <num>             <list>    <list>      <num>
INFO  [16:49:05.179] [bbotk]  0.2176376          <list[1]> <list[1]>  0.6686407
[1] -6.866226
[1] -2.757165

### [bt]: Job terminated successfully [batchtools job.id=1198]
### [bt]: Starting job [batchtools job.id=1199]
### [bt]: Generating problem instance for problem '78e20b4b43a56ff6' ...
### [bt]: Applying algorithm 'run_learner' on problem '78e20b4b43a56ff6' for job 1199 (seed = 1200) ...
INFO  [16:49:05.563] [mlr3] Applying learner 'classif.naive_bayes.tuned_calib.oof_beta' on task 'pc3' (iter 9/10)
INFO  [16:49:05.618] [bbotk] Starting to optimize 1 parameter(s) with '<OptimizerBatchRandomSearch>' and '<TerminatorEvals> [n_evals=3, k=0]'
INFO  [16:49:05.628] [bbotk] Evaluating 1 configuration(s)
INFO  [16:49:05.968] [bbotk] Result of batch 1:
INFO  [16:49:05.969] [bbotk]   laplace classif.ce warnings errors runtime_learners
INFO  [16:49:05.969] [bbotk]  0.566866  0.2284444        0      0            0.291
INFO  [16:49:05.969] [bbotk]                                 uhash
INFO  [16:49:05.969] [bbotk]  62a9d5f0-0269-42d6-a72d-bde275c52834
INFO  [16:49:05.971] [bbotk] Evaluating 1 configuration(s)
INFO  [16:49:06.359] [bbotk] Result of batch 2:
INFO  [16:49:06.361] [bbotk]    laplace classif.ce warnings errors runtime_learners
INFO  [16:49:06.361] [bbotk]  0.6072733  0.2284444        0      0            0.337
INFO  [16:49:06.361] [bbotk]                                 uhash
INFO  [16:49:06.361] [bbotk]  f5132847-6553-4b08-9062-e7ae322c0878
INFO  [16:49:06.367] [bbotk] Evaluating 1 configuration(s)
INFO  [16:49:06.677] [bbotk] Result of batch 3:
INFO  [16:49:06.678] [bbotk]    laplace classif.ce warnings errors runtime_learners
INFO  [16:49:06.678] [bbotk]  0.7807011  0.2284444        0      0            0.268
INFO  [16:49:06.678] [bbotk]                                 uhash
INFO  [16:49:06.678] [bbotk]  77796e89-f442-481c-bd77-b51313d95f60
INFO  [16:49:06.696] [bbotk] Finished optimizing after 3 evaluation(s)
INFO  [16:49:06.696] [bbotk] Result:
INFO  [16:49:06.698] [bbotk]   laplace learner_param_vals  x_domain classif.ce
INFO  [16:49:06.698] [bbotk]     <num>             <list>    <list>      <num>
INFO  [16:49:06.698] [bbotk]  0.566866          <list[1]> <list[1]>  0.2284444
INFO  [16:49:06.833] [bbotk] Starting to optimize 1 parameter(s) with '<OptimizerBatchRandomSearch>' and '<TerminatorEvals> [n_evals=3, k=0]'
INFO  [16:49:06.842] [bbotk] Evaluating 1 configuration(s)
INFO  [16:49:07.206] [bbotk] Result of batch 1:
INFO  [16:49:07.207] [bbotk]    laplace classif.ce warnings errors runtime_learners
INFO  [16:49:07.207] [bbotk]  0.4863892  0.5848889        0      0            0.302
INFO  [16:49:07.207] [bbotk]                                 uhash
INFO  [16:49:07.207] [bbotk]  09931ee6-5f9b-4e34-b0e1-76286e16ca3f
INFO  [16:49:07.209] [bbotk] Evaluating 1 configuration(s)
INFO  [16:49:07.531] [bbotk] Result of batch 2:
INFO  [16:49:07.533] [bbotk]    laplace classif.ce warnings errors runtime_learners
INFO  [16:49:07.533] [bbotk]  0.4255451  0.5848889        0      0            0.277
INFO  [16:49:07.533] [bbotk]                                 uhash
INFO  [16:49:07.533] [bbotk]  90844a6b-3945-4547-968c-4c4a81bb3c67
INFO  [16:49:07.536] [bbotk] Evaluating 1 configuration(s)
INFO  [16:49:07.879] [bbotk] Result of batch 3:
INFO  [16:49:07.880] [bbotk]    laplace classif.ce warnings errors runtime_learners
INFO  [16:49:07.880] [bbotk]  0.3967255  0.5848889        0      0            0.305
INFO  [16:49:07.880] [bbotk]                                 uhash
INFO  [16:49:07.880] [bbotk]  599c5ff9-dd86-494d-b498-f2e08fc7883e
INFO  [16:49:07.887] [bbotk] Finished optimizing after 3 evaluation(s)
INFO  [16:49:07.887] [bbotk] Result:
INFO  [16:49:07.888] [bbotk]    laplace learner_param_vals  x_domain classif.ce
INFO  [16:49:07.888] [bbotk]      <num>             <list>    <list>      <num>
INFO  [16:49:07.888] [bbotk]  0.4863892          <list[1]> <list[1]>  0.5848889
INFO  [16:49:08.077] [bbotk] Starting to optimize 1 parameter(s) with '<OptimizerBatchRandomSearch>' and '<TerminatorEvals> [n_evals=3, k=0]'
INFO  [16:49:08.086] [bbotk] Evaluating 1 configuration(s)
INFO  [16:49:08.490] [bbotk] Result of batch 1:
INFO  [16:49:08.491] [bbotk]    laplace classif.ce warnings errors runtime_learners
INFO  [16:49:08.491] [bbotk]  0.9075848  0.5286903        0      0            0.351
INFO  [16:49:08.491] [bbotk]                                 uhash
INFO  [16:49:08.491] [bbotk]  e5b36ad1-ed27-4918-8732-b9a518350074
INFO  [16:49:08.494] [bbotk] Evaluating 1 configuration(s)
INFO  [16:49:08.849] [bbotk] Result of batch 2:
INFO  [16:49:08.851] [bbotk]    laplace classif.ce warnings errors runtime_learners
INFO  [16:49:08.851] [bbotk]  0.2621619  0.5286903        0      0            0.304
INFO  [16:49:08.851] [bbotk]                                 uhash
INFO  [16:49:08.851] [bbotk]  a523edf8-590d-40bf-8137-df13067081c7
INFO  [16:49:08.863] [bbotk] Evaluating 1 configuration(s)
INFO  [16:49:09.265] [bbotk] Result of batch 3:
INFO  [16:49:09.267] [bbotk]    laplace classif.ce warnings errors runtime_learners
INFO  [16:49:09.267] [bbotk]  0.8890607  0.5286903        0      0            0.354
INFO  [16:49:09.267] [bbotk]                                 uhash
INFO  [16:49:09.267] [bbotk]  b7e30225-0f56-4f6c-87b3-233ed0c171fd
INFO  [16:49:09.282] [bbotk] Finished optimizing after 3 evaluation(s)
INFO  [16:49:09.283] [bbotk] Result:
INFO  [16:49:09.284] [bbotk]    laplace learner_param_vals  x_domain classif.ce
INFO  [16:49:09.284] [bbotk]      <num>             <list>    <list>      <num>
INFO  [16:49:09.284] [bbotk]  0.9075848          <list[1]> <list[1]>  0.5286903
INFO  [16:49:09.413] [bbotk] Starting to optimize 1 parameter(s) with '<OptimizerBatchRandomSearch>' and '<TerminatorEvals> [n_evals=3, k=0]'
INFO  [16:49:09.420] [bbotk] Evaluating 1 configuration(s)
INFO  [16:49:09.751] [bbotk] Result of batch 1:
INFO  [16:49:09.753] [bbotk]    laplace classif.ce warnings errors runtime_learners
INFO  [16:49:09.753] [bbotk]  0.9700339  0.5072766        0      0            0.298
INFO  [16:49:09.753] [bbotk]                                 uhash
INFO  [16:49:09.753] [bbotk]  da40d04a-273c-4baf-be53-3afc31b7c069
INFO  [16:49:09.758] [bbotk] Evaluating 1 configuration(s)
INFO  [16:49:10.059] [bbotk] Result of batch 2:
INFO  [16:49:10.060] [bbotk]    laplace classif.ce warnings errors runtime_learners
INFO  [16:49:10.060] [bbotk]  0.6543828  0.5072766        0      0            0.261
INFO  [16:49:10.060] [bbotk]                                 uhash
INFO  [16:49:10.060] [bbotk]  044b7ab8-c342-48aa-8c93-8e9a3f89609c
INFO  [16:49:10.065] [bbotk] Evaluating 1 configuration(s)
INFO  [16:49:10.415] [bbotk] Result of batch 3:
INFO  [16:49:10.416] [bbotk]    laplace classif.ce warnings errors runtime_learners
INFO  [16:49:10.416] [bbotk]  0.9714866  0.5072766        0      0            0.299
INFO  [16:49:10.416] [bbotk]                                 uhash
INFO  [16:49:10.416] [bbotk]  bf918e83-34d4-42b5-ac61-93137197334a
INFO  [16:49:10.422] [bbotk] Finished optimizing after 3 evaluation(s)
INFO  [16:49:10.423] [bbotk] Result:
INFO  [16:49:10.425] [bbotk]    laplace learner_param_vals  x_domain classif.ce
INFO  [16:49:10.425] [bbotk]      <num>             <list>    <list>      <num>
INFO  [16:49:10.425] [bbotk]  0.9700339          <list[1]> <list[1]>  0.5072766
INFO  [16:49:10.552] [bbotk] Starting to optimize 1 parameter(s) with '<OptimizerBatchRandomSearch>' and '<TerminatorEvals> [n_evals=3, k=0]'
INFO  [16:49:10.564] [bbotk] Evaluating 1 configuration(s)
INFO  [16:49:10.929] [bbotk] Result of batch 1:
INFO  [16:49:10.930] [bbotk]    laplace classif.ce warnings errors runtime_learners
INFO  [16:49:10.930] [bbotk]  0.7386484  0.5016099        0      0            0.328
INFO  [16:49:10.930] [bbotk]                                 uhash
INFO  [16:49:10.930] [bbotk]  62a543a8-8c74-4fb7-a5e6-97370ba7ad7e
INFO  [16:49:10.933] [bbotk] Evaluating 1 configuration(s)
INFO  [16:49:11.326] [bbotk] Result of batch 2:
INFO  [16:49:11.326] [bbotk]    laplace classif.ce warnings errors runtime_learners
INFO  [16:49:11.326] [bbotk]  0.2232002  0.5016099        0      0             0.34
INFO  [16:49:11.326] [bbotk]                                 uhash
INFO  [16:49:11.326] [bbotk]  16e3da26-1e22-498d-a012-b3e24e2e473e
INFO  [16:49:11.329] [bbotk] Evaluating 1 configuration(s)
INFO  [16:49:11.688] [bbotk] Result of batch 3:
INFO  [16:49:11.690] [bbotk]    laplace classif.ce warnings errors runtime_learners
INFO  [16:49:11.690] [bbotk]  0.6422183  0.5016099        0      0            0.314
INFO  [16:49:11.690] [bbotk]                                 uhash
INFO  [16:49:11.690] [bbotk]  663083db-1f64-4ded-be5c-c2b57c2f64c0
INFO  [16:49:11.702] [bbotk] Finished optimizing after 3 evaluation(s)
INFO  [16:49:11.703] [bbotk] Result:
INFO  [16:49:11.703] [bbotk]    laplace learner_param_vals  x_domain classif.ce
INFO  [16:49:11.703] [bbotk]      <num>             <list>    <list>      <num>
INFO  [16:49:11.703] [bbotk]  0.7386484          <list[1]> <list[1]>  0.5016099
[1] -7.121207
[1] -2.982249

### [bt]: Job terminated successfully [batchtools job.id=1199]
### [bt]: Starting job [batchtools job.id=1200]
### [bt]: Generating problem instance for problem '78e20b4b43a56ff6' ...
### [bt]: Applying algorithm 'run_learner' on problem '78e20b4b43a56ff6' for job 1200 (seed = 1201) ...
INFO  [16:49:12.113] [mlr3] Applying learner 'classif.naive_bayes.tuned_calib.oof_beta' on task 'pc3' (iter 10/10)
INFO  [16:49:12.193] [bbotk] Starting to optimize 1 parameter(s) with '<OptimizerBatchRandomSearch>' and '<TerminatorEvals> [n_evals=3, k=0]'
INFO  [16:49:12.204] [bbotk] Evaluating 1 configuration(s)
INFO  [16:49:12.592] [bbotk] Result of batch 1:
INFO  [16:49:12.594] [bbotk]    laplace classif.ce warnings errors runtime_learners
INFO  [16:49:12.594] [bbotk]  0.2153133  0.4257778        0      0            0.332
INFO  [16:49:12.594] [bbotk]                                 uhash
INFO  [16:49:12.594] [bbotk]  599afb5a-1a71-4325-9127-d8778ba5d70c
INFO  [16:49:12.596] [bbotk] Evaluating 1 configuration(s)
INFO  [16:49:12.923] [bbotk] Result of batch 2:
INFO  [16:49:12.924] [bbotk]    laplace classif.ce warnings errors runtime_learners
INFO  [16:49:12.924] [bbotk]  0.2083298  0.4257778        0      0            0.287
INFO  [16:49:12.924] [bbotk]                                 uhash
INFO  [16:49:12.924] [bbotk]  477c5707-e603-49ed-b8b4-78464a3119c7
INFO  [16:49:12.926] [bbotk] Evaluating 1 configuration(s)
INFO  [16:49:13.287] [bbotk] Result of batch 3:
INFO  [16:49:13.288] [bbotk]    laplace classif.ce warnings errors runtime_learners
INFO  [16:49:13.288] [bbotk]  0.6504243  0.4257778        0      0            0.308
INFO  [16:49:13.288] [bbotk]                                 uhash
INFO  [16:49:13.288] [bbotk]  86ff0429-fd67-492d-8d6f-68ab59ffbfbd
INFO  [16:49:13.303] [bbotk] Finished optimizing after 3 evaluation(s)
INFO  [16:49:13.303] [bbotk] Result:
INFO  [16:49:13.304] [bbotk]    laplace learner_param_vals  x_domain classif.ce
INFO  [16:49:13.304] [bbotk]      <num>             <list>    <list>      <num>
INFO  [16:49:13.304] [bbotk]  0.2153133          <list[1]> <list[1]>  0.4257778
INFO  [16:49:13.417] [bbotk] Starting to optimize 1 parameter(s) with '<OptimizerBatchRandomSearch>' and '<TerminatorEvals> [n_evals=3, k=0]'
INFO  [16:49:13.422] [bbotk] Evaluating 1 configuration(s)
INFO  [16:49:13.780] [bbotk] Result of batch 1:
INFO  [16:49:13.781] [bbotk]    laplace classif.ce warnings errors runtime_learners
INFO  [16:49:13.781] [bbotk]  0.7120791  0.2097778        0      0            0.304
INFO  [16:49:13.781] [bbotk]                                 uhash
INFO  [16:49:13.781] [bbotk]  6a61a86e-80a3-40bc-bf7e-1cd8fad90712
INFO  [16:49:13.783] [bbotk] Evaluating 1 configuration(s)
INFO  [16:49:14.138] [bbotk] Result of batch 2:
INFO  [16:49:14.140] [bbotk]   laplace classif.ce warnings errors runtime_learners
INFO  [16:49:14.140] [bbotk]  0.241489  0.2097778        0      0            0.317
INFO  [16:49:14.140] [bbotk]                                 uhash
INFO  [16:49:14.140] [bbotk]  d75aa5bc-225e-45dc-87ea-98f7cbb35e0f
INFO  [16:49:14.147] [bbotk] Evaluating 1 configuration(s)
INFO  [16:49:14.501] [bbotk] Result of batch 3:
INFO  [16:49:14.502] [bbotk]    laplace classif.ce warnings errors runtime_learners
INFO  [16:49:14.502] [bbotk]  0.6095385  0.2097778        0      0            0.299
INFO  [16:49:14.502] [bbotk]                                 uhash
INFO  [16:49:14.502] [bbotk]  df5ce130-f43e-45f6-b374-399d306418e5
INFO  [16:49:14.508] [bbotk] Finished optimizing after 3 evaluation(s)
INFO  [16:49:14.509] [bbotk] Result:
INFO  [16:49:14.509] [bbotk]    laplace learner_param_vals  x_domain classif.ce
INFO  [16:49:14.509] [bbotk]      <num>             <list>    <list>      <num>
INFO  [16:49:14.509] [bbotk]  0.7120791          <list[1]> <list[1]>  0.2097778
INFO  [16:49:14.633] [bbotk] Starting to optimize 1 parameter(s) with '<OptimizerBatchRandomSearch>' and '<TerminatorEvals> [n_evals=3, k=0]'
INFO  [16:49:14.638] [bbotk] Evaluating 1 configuration(s)
INFO  [16:49:15.019] [bbotk] Result of batch 1:
INFO  [16:49:15.020] [bbotk]    laplace classif.ce warnings errors runtime_learners
INFO  [16:49:15.020] [bbotk]  0.7800785   0.283234        0      0            0.328
INFO  [16:49:15.020] [bbotk]                                 uhash
INFO  [16:49:15.020] [bbotk]  af7c8ba8-4373-4dc3-840e-b3a6813462d8
INFO  [16:49:15.025] [bbotk] Evaluating 1 configuration(s)
INFO  [16:49:15.432] [bbotk] Result of batch 2:
INFO  [16:49:15.433] [bbotk]     laplace classif.ce warnings errors runtime_learners
INFO  [16:49:15.433] [bbotk]  0.09508141   0.283234        0      0            0.362
INFO  [16:49:15.433] [bbotk]                                 uhash
INFO  [16:49:15.433] [bbotk]  818d9273-4d12-41ca-b2f5-85f5a78da8d0
INFO  [16:49:15.436] [bbotk] Evaluating 1 configuration(s)
INFO  [16:49:15.814] [bbotk] Result of batch 3:
INFO  [16:49:15.815] [bbotk]    laplace classif.ce warnings errors runtime_learners
INFO  [16:49:15.815] [bbotk]  0.3938372   0.283234        0      0            0.313
INFO  [16:49:15.815] [bbotk]                                 uhash
INFO  [16:49:15.815] [bbotk]  aaa1ad1f-75e4-47dd-b4ef-518f901f9565
INFO  [16:49:15.838] [bbotk] Finished optimizing after 3 evaluation(s)
INFO  [16:49:15.838] [bbotk] Result:
INFO  [16:49:15.839] [bbotk]    laplace learner_param_vals  x_domain classif.ce
INFO  [16:49:15.839] [bbotk]      <num>             <list>    <list>      <num>
INFO  [16:49:15.839] [bbotk]  0.7800785          <list[1]> <list[1]>   0.283234
INFO  [16:49:16.009] [bbotk] Starting to optimize 1 parameter(s) with '<OptimizerBatchRandomSearch>' and '<TerminatorEvals> [n_evals=3, k=0]'
INFO  [16:49:16.015] [bbotk] Evaluating 1 configuration(s)
INFO  [16:49:16.411] [bbotk] Result of batch 1:
INFO  [16:49:16.411] [bbotk]   laplace classif.ce warnings errors runtime_learners
INFO  [16:49:16.411] [bbotk]  0.947017   0.229052        0      0            0.341
INFO  [16:49:16.411] [bbotk]                                 uhash
INFO  [16:49:16.411] [bbotk]  5cc77b2e-7822-420a-ad50-bf236700cff2
INFO  [16:49:16.414] [bbotk] Evaluating 1 configuration(s)
INFO  [16:49:16.822] [bbotk] Result of batch 2:
INFO  [16:49:16.824] [bbotk]    laplace classif.ce warnings errors runtime_learners
INFO  [16:49:16.824] [bbotk]  0.9184469   0.229052        0      0            0.342
INFO  [16:49:16.824] [bbotk]                                 uhash
INFO  [16:49:16.824] [bbotk]  c971b7e9-fa58-489f-958b-16d31c1c43f2
INFO  [16:49:16.828] [bbotk] Evaluating 1 configuration(s)
INFO  [16:49:17.213] [bbotk] Result of batch 3:
INFO  [16:49:17.214] [bbotk]    laplace classif.ce warnings errors runtime_learners
INFO  [16:49:17.214] [bbotk]  0.1408311   0.229052        0      0            0.341
INFO  [16:49:17.214] [bbotk]                                 uhash
INFO  [16:49:17.214] [bbotk]  2de24dbd-aadd-413a-a5c7-069f47df042a
INFO  [16:49:17.224] [bbotk] Finished optimizing after 3 evaluation(s)
INFO  [16:49:17.224] [bbotk] Result:
INFO  [16:49:17.225] [bbotk]   laplace learner_param_vals  x_domain classif.ce
INFO  [16:49:17.225] [bbotk]     <num>             <list>    <list>      <num>
INFO  [16:49:17.225] [bbotk]  0.947017          <list[1]> <list[1]>   0.229052
INFO  [16:49:17.372] [bbotk] Starting to optimize 1 parameter(s) with '<OptimizerBatchRandomSearch>' and '<TerminatorEvals> [n_evals=3, k=0]'
INFO  [16:49:17.376] [bbotk] Evaluating 1 configuration(s)
INFO  [16:49:17.753] [bbotk] Result of batch 1:
INFO  [16:49:17.755] [bbotk]    laplace classif.ce warnings errors runtime_learners
INFO  [16:49:17.755] [bbotk]  0.9220945  0.2344775        0      0            0.318
INFO  [16:49:17.755] [bbotk]                                 uhash
INFO  [16:49:17.755] [bbotk]  5b1bb9e9-bd65-403b-8818-f2d01e800bbd
INFO  [16:49:17.758] [bbotk] Evaluating 1 configuration(s)
INFO  [16:49:18.127] [bbotk] Result of batch 2:
INFO  [16:49:18.128] [bbotk]    laplace classif.ce warnings errors runtime_learners
INFO  [16:49:18.128] [bbotk]  0.2103244  0.2344775        0      0            0.324
INFO  [16:49:18.128] [bbotk]                                 uhash
INFO  [16:49:18.128] [bbotk]  cf015b8e-cea6-4a78-a2b3-d05c7038b896
INFO  [16:49:18.130] [bbotk] Evaluating 1 configuration(s)
INFO  [16:49:18.479] [bbotk] Result of batch 3:
INFO  [16:49:18.480] [bbotk]    laplace classif.ce warnings errors runtime_learners
INFO  [16:49:18.480] [bbotk]  0.5437384  0.2344775        0      0            0.311
INFO  [16:49:18.480] [bbotk]                                 uhash
INFO  [16:49:18.480] [bbotk]  2532db22-25c8-4843-81d9-bab9e9d8602a
INFO  [16:49:18.498] [bbotk] Finished optimizing after 3 evaluation(s)
INFO  [16:49:18.499] [bbotk] Result:
INFO  [16:49:18.500] [bbotk]    laplace learner_param_vals  x_domain classif.ce
INFO  [16:49:18.500] [bbotk]      <num>             <list>    <list>      <num>
INFO  [16:49:18.500] [bbotk]  0.9220945          <list[1]> <list[1]>  0.2344775
[1] -4.691938
[1] 1.53082

### [bt]: Job terminated successfully [batchtools job.id=1200]
### [bt]: Calculation finished!
