### [bt]: This is batchtools v0.9.17
### [bt]: Starting calculation of 5 jobs
### [bt]: Setting working directory to '/Users/User/Documents/Studium/Semester8/Hiwi/mlr3calibration/vignettes'
### [bt]: Memory measurement disabled
### [bt]: Starting job [batchtools job.id=851]
### [bt]: Generating problem instance for problem '698720b8ce42ae0c' ...
### [bt]: Applying algorithm 'run_learner' on problem '698720b8ce42ae0c' for job 851 (seed = 852) ...
INFO  [16:42:48.199] [mlr3] Applying learner 'classif.naive_bayes.tuned_calib.tunefirst.oof_platt' on task 'pc4' (iter 1/10)
INFO  [16:42:48.243] [bbotk] Starting to optimize 1 parameter(s) with '<OptimizerBatchRandomSearch>' and '<TerminatorEvals> [n_evals=3, k=0]'
INFO  [16:42:48.251] [bbotk] Evaluating 1 configuration(s)
INFO  [16:42:48.731] [bbotk] Result of batch 1:
INFO  [16:42:48.732] [bbotk]    laplace classif.ce warnings errors runtime_learners
INFO  [16:42:48.732] [bbotk]  0.9305818  0.1333918        0      0             0.43
INFO  [16:42:48.732] [bbotk]                                 uhash
INFO  [16:42:48.732] [bbotk]  87b60802-c2df-40e1-b69d-8bbc94f5e9b8
INFO  [16:42:48.738] [bbotk] Evaluating 1 configuration(s)
INFO  [16:42:49.156] [bbotk] Result of batch 2:
INFO  [16:42:49.158] [bbotk]      laplace classif.ce warnings errors runtime_learners
INFO  [16:42:49.158] [bbotk]  0.006951147  0.1333918        0      0            0.377
INFO  [16:42:49.158] [bbotk]                                 uhash
INFO  [16:42:49.158] [bbotk]  0b8b64fc-c990-4e55-91c2-adb29f942796
INFO  [16:42:49.164] [bbotk] Evaluating 1 configuration(s)
INFO  [16:42:49.516] [bbotk] Result of batch 3:
INFO  [16:42:49.517] [bbotk]    laplace classif.ce warnings errors runtime_learners
INFO  [16:42:49.517] [bbotk]  0.5681686  0.1333918        0      0             0.31
INFO  [16:42:49.517] [bbotk]                                 uhash
INFO  [16:42:49.517] [bbotk]  a5478f7f-d122-4082-92a2-eb6478e18112
INFO  [16:42:49.530] [bbotk] Finished optimizing after 3 evaluation(s)
INFO  [16:42:49.531] [bbotk] Result:
INFO  [16:42:49.531] [bbotk]    laplace learner_param_vals  x_domain classif.ce
INFO  [16:42:49.531] [bbotk]      <num>             <list>    <list>      <num>
INFO  [16:42:49.531] [bbotk]  0.9305818          <list[1]> <list[1]>  0.1333918

### [bt]: Job terminated successfully [batchtools job.id=851]
### [bt]: Starting job [batchtools job.id=852]
### [bt]: Generating problem instance for problem '698720b8ce42ae0c' ...
### [bt]: Applying algorithm 'run_learner' on problem '698720b8ce42ae0c' for job 852 (seed = 853) ...
INFO  [16:42:50.097] [mlr3] Applying learner 'classif.naive_bayes.tuned_calib.tunefirst.oof_platt' on task 'pc4' (iter 2/10)
INFO  [16:42:50.152] [bbotk] Starting to optimize 1 parameter(s) with '<OptimizerBatchRandomSearch>' and '<TerminatorEvals> [n_evals=3, k=0]'
INFO  [16:42:50.160] [bbotk] Evaluating 1 configuration(s)
INFO  [16:42:50.485] [bbotk] Result of batch 1:
INFO  [16:42:50.486] [bbotk]   laplace classif.ce warnings errors runtime_learners
INFO  [16:42:50.486] [bbotk]  0.814959  0.1387295        0      0            0.285
INFO  [16:42:50.486] [bbotk]                                 uhash
INFO  [16:42:50.486] [bbotk]  7c534323-adc5-4da4-bfc8-21180778cc86
INFO  [16:42:50.489] [bbotk] Evaluating 1 configuration(s)
INFO  [16:42:51.017] [bbotk] Result of batch 2:
INFO  [16:42:51.017] [bbotk]    laplace classif.ce warnings errors runtime_learners
INFO  [16:42:51.017] [bbotk]  0.1348804  0.1387295        0      0            0.474
INFO  [16:42:51.017] [bbotk]                                 uhash
INFO  [16:42:51.017] [bbotk]  cc6d3425-307b-4811-b934-b1a808d6f5e2
INFO  [16:42:51.020] [bbotk] Evaluating 1 configuration(s)
INFO  [16:42:51.506] [bbotk] Result of batch 3:
INFO  [16:42:51.509] [bbotk]    laplace classif.ce warnings errors runtime_learners
INFO  [16:42:51.509] [bbotk]  0.6145007  0.1387295        0      0            0.437
INFO  [16:42:51.509] [bbotk]                                 uhash
INFO  [16:42:51.509] [bbotk]  d2d1a0ef-bfd9-4363-92d7-dada8217ee7b
INFO  [16:42:51.530] [bbotk] Finished optimizing after 3 evaluation(s)
INFO  [16:42:51.531] [bbotk] Result:
INFO  [16:42:51.531] [bbotk]   laplace learner_param_vals  x_domain classif.ce
INFO  [16:42:51.531] [bbotk]     <num>             <list>    <list>      <num>
INFO  [16:42:51.531] [bbotk]  0.814959          <list[1]> <list[1]>  0.1387295

### [bt]: Job terminated successfully [batchtools job.id=852]
### [bt]: Starting job [batchtools job.id=853]
### [bt]: Generating problem instance for problem '698720b8ce42ae0c' ...
### [bt]: Applying algorithm 'run_learner' on problem '698720b8ce42ae0c' for job 853 (seed = 854) ...
INFO  [16:42:52.242] [mlr3] Applying learner 'classif.naive_bayes.tuned_calib.tunefirst.oof_platt' on task 'pc4' (iter 3/10)
INFO  [16:42:52.276] [bbotk] Starting to optimize 1 parameter(s) with '<OptimizerBatchRandomSearch>' and '<TerminatorEvals> [n_evals=3, k=0]'
INFO  [16:42:52.281] [bbotk] Evaluating 1 configuration(s)
INFO  [16:42:52.702] [bbotk] Result of batch 1:
INFO  [16:42:52.703] [bbotk]    laplace classif.ce warnings errors runtime_learners
INFO  [16:42:52.703] [bbotk]  0.1169918  0.1287925        0      0            0.379
INFO  [16:42:52.703] [bbotk]                                 uhash
INFO  [16:42:52.703] [bbotk]  8df0b7ac-f8e8-4071-9e3a-9165d1db78fb
INFO  [16:42:52.707] [bbotk] Evaluating 1 configuration(s)
INFO  [16:42:53.143] [bbotk] Result of batch 2:
INFO  [16:42:53.144] [bbotk]    laplace classif.ce warnings errors runtime_learners
INFO  [16:42:53.144] [bbotk]  0.4772907  0.1287925        0      0            0.387
INFO  [16:42:53.144] [bbotk]                                 uhash
INFO  [16:42:53.144] [bbotk]  d3098a50-c088-411c-b8e4-f73e0fa9df1b
INFO  [16:42:53.147] [bbotk] Evaluating 1 configuration(s)
INFO  [16:42:53.574] [bbotk] Result of batch 3:
INFO  [16:42:53.575] [bbotk]    laplace classif.ce warnings errors runtime_learners
INFO  [16:42:53.575] [bbotk]  0.8839897  0.1287925        0      0            0.379
INFO  [16:42:53.575] [bbotk]                                 uhash
INFO  [16:42:53.575] [bbotk]  4218bb96-c0ae-435c-860a-98f46df490a2
INFO  [16:42:53.589] [bbotk] Finished optimizing after 3 evaluation(s)
INFO  [16:42:53.590] [bbotk] Result:
INFO  [16:42:53.590] [bbotk]    laplace learner_param_vals  x_domain classif.ce
INFO  [16:42:53.590] [bbotk]      <num>             <list>    <list>      <num>
INFO  [16:42:53.590] [bbotk]  0.1169918          <list[1]> <list[1]>  0.1287925

### [bt]: Job terminated successfully [batchtools job.id=853]
### [bt]: Starting job [batchtools job.id=854]
### [bt]: Generating problem instance for problem '698720b8ce42ae0c' ...
### [bt]: Applying algorithm 'run_learner' on problem '698720b8ce42ae0c' for job 854 (seed = 855) ...
INFO  [16:42:54.344] [mlr3] Applying learner 'classif.naive_bayes.tuned_calib.tunefirst.oof_platt' on task 'pc4' (iter 4/10)
INFO  [16:42:54.389] [bbotk] Starting to optimize 1 parameter(s) with '<OptimizerBatchRandomSearch>' and '<TerminatorEvals> [n_evals=3, k=0]'
INFO  [16:42:54.398] [bbotk] Evaluating 1 configuration(s)
INFO  [16:42:54.880] [bbotk] Result of batch 1:
INFO  [16:42:54.881] [bbotk]    laplace classif.ce warnings errors runtime_learners
INFO  [16:42:54.881] [bbotk]  0.8141468  0.1456294        0      0            0.412
INFO  [16:42:54.881] [bbotk]                                 uhash
INFO  [16:42:54.881] [bbotk]  86dec645-f7f5-441a-9c84-e4f37016316b
INFO  [16:42:54.887] [bbotk] Evaluating 1 configuration(s)
INFO  [16:42:55.345] [bbotk] Result of batch 2:
INFO  [16:42:55.346] [bbotk]    laplace classif.ce warnings errors runtime_learners
INFO  [16:42:55.346] [bbotk]  0.3947165  0.1456294        0      0              0.4
INFO  [16:42:55.346] [bbotk]                                 uhash
INFO  [16:42:55.346] [bbotk]  d73e17b7-5a61-4f40-ae81-b52dc18033c3
INFO  [16:42:55.353] [bbotk] Evaluating 1 configuration(s)
INFO  [16:42:55.784] [bbotk] Result of batch 3:
INFO  [16:42:55.785] [bbotk]     laplace classif.ce warnings errors runtime_learners
INFO  [16:42:55.785] [bbotk]  0.01712767  0.1456294        0      0            0.388
INFO  [16:42:55.785] [bbotk]                                 uhash
INFO  [16:42:55.785] [bbotk]  c0be1029-4646-476d-ade7-f569425aa1ae
INFO  [16:42:55.798] [bbotk] Finished optimizing after 3 evaluation(s)
INFO  [16:42:55.799] [bbotk] Result:
INFO  [16:42:55.799] [bbotk]    laplace learner_param_vals  x_domain classif.ce
INFO  [16:42:55.799] [bbotk]      <num>             <list>    <list>      <num>
INFO  [16:42:55.799] [bbotk]  0.8141468          <list[1]> <list[1]>  0.1456294

### [bt]: Job terminated successfully [batchtools job.id=854]
### [bt]: Starting job [batchtools job.id=855]
### [bt]: Generating problem instance for problem '698720b8ce42ae0c' ...
### [bt]: Applying algorithm 'run_learner' on problem '698720b8ce42ae0c' for job 855 (seed = 856) ...
INFO  [16:42:56.608] [mlr3] Applying learner 'classif.naive_bayes.tuned_calib.tunefirst.oof_platt' on task 'pc4' (iter 5/10)
INFO  [16:42:56.649] [bbotk] Starting to optimize 1 parameter(s) with '<OptimizerBatchRandomSearch>' and '<TerminatorEvals> [n_evals=3, k=0]'
INFO  [16:42:56.664] [bbotk] Evaluating 1 configuration(s)
INFO  [16:42:57.178] [bbotk] Result of batch 1:
INFO  [16:42:57.179] [bbotk]    laplace classif.ce warnings errors runtime_learners
INFO  [16:42:57.179] [bbotk]  0.3747552   0.130346        0      0            0.439
INFO  [16:42:57.179] [bbotk]                                 uhash
INFO  [16:42:57.179] [bbotk]  c64c2b39-2019-40c8-8398-3d7730debc19
INFO  [16:42:57.183] [bbotk] Evaluating 1 configuration(s)
INFO  [16:42:57.683] [bbotk] Result of batch 2:
INFO  [16:42:57.685] [bbotk]    laplace classif.ce warnings errors runtime_learners
INFO  [16:42:57.685] [bbotk]  0.0270118   0.130346        0      0            0.405
INFO  [16:42:57.685] [bbotk]                                 uhash
INFO  [16:42:57.685] [bbotk]  d91414d2-cfdc-4ee2-aad6-b29aab95e654
INFO  [16:42:57.687] [bbotk] Evaluating 1 configuration(s)
INFO  [16:42:58.167] [bbotk] Result of batch 3:
INFO  [16:42:58.169] [bbotk]    laplace classif.ce warnings errors runtime_learners
INFO  [16:42:58.169] [bbotk]  0.2239248   0.130346        0      0            0.409
INFO  [16:42:58.169] [bbotk]                                 uhash
INFO  [16:42:58.169] [bbotk]  19357e7e-3d97-4f8f-8c92-b56ae8704538
INFO  [16:42:58.187] [bbotk] Finished optimizing after 3 evaluation(s)
INFO  [16:42:58.187] [bbotk] Result:
INFO  [16:42:58.188] [bbotk]    laplace learner_param_vals  x_domain classif.ce
INFO  [16:42:58.188] [bbotk]      <num>             <list>    <list>      <num>
INFO  [16:42:58.188] [bbotk]  0.3747552          <list[1]> <list[1]>   0.130346

### [bt]: Job terminated successfully [batchtools job.id=855]
### [bt]: Calculation finished!
