### [bt]: This is batchtools v0.9.17
### [bt]: Starting calculation of 5 jobs
### [bt]: Setting working directory to '/Users/User/Documents/Studium/Semester8/Hiwi/mlr3calibration/vignettes'
### [bt]: Memory measurement disabled
### [bt]: Starting job [batchtools job.id=2991]
### [bt]: Generating problem instance for problem '6390d9e81da17366' ...
### [bt]: Applying algorithm 'run_learner' on problem '6390d9e81da17366' for job 2991 (seed = 2992) ...
INFO  [17:25:19.095] [mlr3] Applying learner 'classif.xgboost.tuned' on task 'qsar-biodeg' (iter 1/10)
INFO  [17:25:19.135] [bbotk] Starting to optimize 3 parameter(s) with '<OptimizerBatchRandomSearch>' and '<TerminatorEvals> [n_evals=10, k=0]'
INFO  [17:25:19.154] [bbotk] Evaluating 1 configuration(s)
INFO  [17:25:19.156] [mlr3] Running benchmark with 3 resampling iterations
INFO  [17:25:19.159] [mlr3] Applying learner 'classif.xgboost' on task 'qsar-biodeg' (iter 1/3)
INFO  [17:25:19.337] [mlr3] Applying learner 'classif.xgboost' on task 'qsar-biodeg' (iter 2/3)
INFO  [17:25:19.613] [mlr3] Applying learner 'classif.xgboost' on task 'qsar-biodeg' (iter 3/3)
INFO  [17:25:19.896] [mlr3] Finished benchmark
INFO  [17:25:19.937] [bbotk] Result of batch 1:
INFO  [17:25:19.939] [bbotk]  nrounds       eta max_depth classif.ce warnings errors runtime_learners
INFO  [17:25:19.939] [bbotk]      100 0.0482903         5  0.1443684        0      0            0.697
INFO  [17:25:19.939] [bbotk]                                 uhash
INFO  [17:25:19.939] [bbotk]  90b2296c-d75f-4d89-9e2f-68e9637c9b41
INFO  [17:25:19.943] [bbotk] Evaluating 1 configuration(s)
INFO  [17:25:19.946] [mlr3] Running benchmark with 3 resampling iterations
INFO  [17:25:19.948] [mlr3] Applying learner 'classif.xgboost' on task 'qsar-biodeg' (iter 1/3)
INFO  [17:25:20.399] [mlr3] Applying learner 'classif.xgboost' on task 'qsar-biodeg' (iter 2/3)
INFO  [17:25:20.841] [mlr3] Applying learner 'classif.xgboost' on task 'qsar-biodeg' (iter 3/3)
INFO  [17:25:21.289] [mlr3] Finished benchmark
INFO  [17:25:21.332] [bbotk] Result of batch 2:
INFO  [17:25:21.334] [bbotk]  nrounds       eta max_depth classif.ce warnings errors runtime_learners
INFO  [17:25:21.334] [bbotk]      148 0.1486627         7  0.1411938        0      0            1.303
INFO  [17:25:21.334] [bbotk]                                 uhash
INFO  [17:25:21.334] [bbotk]  2e8a1520-02a3-435a-bcba-1f2510c1d1a7
INFO  [17:25:21.351] [bbotk] Evaluating 1 configuration(s)
INFO  [17:25:21.360] [mlr3] Running benchmark with 3 resampling iterations
INFO  [17:25:21.366] [mlr3] Applying learner 'classif.xgboost' on task 'qsar-biodeg' (iter 1/3)
INFO  [17:25:21.689] [mlr3] Applying learner 'classif.xgboost' on task 'qsar-biodeg' (iter 2/3)
INFO  [17:25:21.949] [mlr3] Applying learner 'classif.xgboost' on task 'qsar-biodeg' (iter 3/3)
INFO  [17:25:22.313] [mlr3] Finished benchmark
INFO  [17:25:22.353] [bbotk] Result of batch 3:
INFO  [17:25:22.355] [bbotk]  nrounds       eta max_depth classif.ce warnings errors runtime_learners
INFO  [17:25:22.355] [bbotk]      244 0.1201937         3  0.1411938        0      0            0.925
INFO  [17:25:22.355] [bbotk]                                 uhash
INFO  [17:25:22.355] [bbotk]  19be612c-0a9e-4670-b92c-fbea728ac071
INFO  [17:25:22.364] [bbotk] Evaluating 1 configuration(s)
INFO  [17:25:22.381] [mlr3] Running benchmark with 3 resampling iterations
INFO  [17:25:22.386] [mlr3] Applying learner 'classif.xgboost' on task 'qsar-biodeg' (iter 1/3)
INFO  [17:25:22.612] [mlr3] Applying learner 'classif.xgboost' on task 'qsar-biodeg' (iter 2/3)
INFO  [17:25:22.838] [mlr3] Applying learner 'classif.xgboost' on task 'qsar-biodeg' (iter 3/3)
INFO  [17:25:23.083] [mlr3] Finished benchmark
INFO  [17:25:23.119] [bbotk] Result of batch 4:
INFO  [17:25:23.126] [bbotk]  nrounds     eta max_depth classif.ce warnings errors runtime_learners
INFO  [17:25:23.126] [bbotk]       69 0.25088         8  0.1433002        0      0            0.655
INFO  [17:25:23.126] [bbotk]                                 uhash
INFO  [17:25:23.126] [bbotk]  5741095a-d6c5-4646-9594-48cc84a8c34a
INFO  [17:25:23.136] [bbotk] Evaluating 1 configuration(s)
INFO  [17:25:23.176] [mlr3] Running benchmark with 3 resampling iterations
INFO  [17:25:23.190] [mlr3] Applying learner 'classif.xgboost' on task 'qsar-biodeg' (iter 1/3)
INFO  [17:25:24.005] [mlr3] Applying learner 'classif.xgboost' on task 'qsar-biodeg' (iter 2/3)
INFO  [17:25:24.774] [mlr3] Applying learner 'classif.xgboost' on task 'qsar-biodeg' (iter 3/3)
INFO  [17:25:25.616] [mlr3] Finished benchmark
INFO  [17:25:25.636] [bbotk] Result of batch 5:
INFO  [17:25:25.636] [bbotk]  nrounds        eta max_depth classif.ce warnings errors runtime_learners
INFO  [17:25:25.636] [bbotk]      283 0.08629685         9  0.1443517        0      0            2.401
INFO  [17:25:25.636] [bbotk]                                 uhash
INFO  [17:25:25.636] [bbotk]  90a1d51e-e467-4345-b756-78a92e1b726d
INFO  [17:25:25.640] [bbotk] Evaluating 1 configuration(s)
INFO  [17:25:25.646] [mlr3] Running benchmark with 3 resampling iterations
INFO  [17:25:25.648] [mlr3] Applying learner 'classif.xgboost' on task 'qsar-biodeg' (iter 1/3)
INFO  [17:25:26.031] [mlr3] Applying learner 'classif.xgboost' on task 'qsar-biodeg' (iter 2/3)
INFO  [17:25:26.447] [mlr3] Applying learner 'classif.xgboost' on task 'qsar-biodeg' (iter 3/3)
INFO  [17:25:26.838] [mlr3] Finished benchmark
INFO  [17:25:26.884] [bbotk] Result of batch 6:
INFO  [17:25:26.885] [bbotk]  nrounds      eta max_depth classif.ce warnings errors runtime_learners
INFO  [17:25:26.885] [bbotk]      154 0.147778         7  0.1422453        0      0            1.174
INFO  [17:25:26.885] [bbotk]                                 uhash
INFO  [17:25:26.885] [bbotk]  2fb11a9b-bba3-4e6c-9095-09b43e7fb597
INFO  [17:25:26.889] [bbotk] Evaluating 1 configuration(s)
INFO  [17:25:26.891] [mlr3] Running benchmark with 3 resampling iterations
INFO  [17:25:26.898] [mlr3] Applying learner 'classif.xgboost' on task 'qsar-biodeg' (iter 1/3)
INFO  [17:25:27.538] [mlr3] Applying learner 'classif.xgboost' on task 'qsar-biodeg' (iter 2/3)
INFO  [17:25:28.177] [mlr3] Applying learner 'classif.xgboost' on task 'qsar-biodeg' (iter 3/3)
INFO  [17:25:28.892] [mlr3] Finished benchmark
INFO  [17:25:28.936] [bbotk] Result of batch 7:
INFO  [17:25:28.937] [bbotk]  nrounds       eta max_depth classif.ce warnings errors runtime_learners
INFO  [17:25:28.937] [bbotk]      288 0.1676448         9   0.140139        0      0            1.927
INFO  [17:25:28.937] [bbotk]                                 uhash
INFO  [17:25:28.937] [bbotk]  b966077a-17bb-4d4d-a32b-1b8ba48cc16a
INFO  [17:25:28.949] [bbotk] Evaluating 1 configuration(s)
INFO  [17:25:28.969] [mlr3] Running benchmark with 3 resampling iterations
INFO  [17:25:28.979] [mlr3] Applying learner 'classif.xgboost' on task 'qsar-biodeg' (iter 1/3)
INFO  [17:25:29.260] [mlr3] Applying learner 'classif.xgboost' on task 'qsar-biodeg' (iter 2/3)
INFO  [17:25:29.462] [mlr3] Applying learner 'classif.xgboost' on task 'qsar-biodeg' (iter 3/3)
INFO  [17:25:29.712] [mlr3] Finished benchmark
INFO  [17:25:29.733] [bbotk] Result of batch 8:
INFO  [17:25:29.734] [bbotk]  nrounds       eta max_depth classif.ce warnings errors runtime_learners
INFO  [17:25:29.734] [bbotk]      158 0.2533776         3  0.1422553        0      0            0.678
INFO  [17:25:29.734] [bbotk]                                 uhash
INFO  [17:25:29.734] [bbotk]  5613db5c-6752-4097-9575-491183d3d7e9
INFO  [17:25:29.741] [bbotk] Evaluating 1 configuration(s)
INFO  [17:25:29.747] [mlr3] Running benchmark with 3 resampling iterations
INFO  [17:25:29.752] [mlr3] Applying learner 'classif.xgboost' on task 'qsar-biodeg' (iter 1/3)
INFO  [17:25:30.050] [mlr3] Applying learner 'classif.xgboost' on task 'qsar-biodeg' (iter 2/3)
INFO  [17:25:30.323] [mlr3] Applying learner 'classif.xgboost' on task 'qsar-biodeg' (iter 3/3)
INFO  [17:25:30.655] [mlr3] Finished benchmark
INFO  [17:25:30.703] [bbotk] Result of batch 9:
INFO  [17:25:30.710] [bbotk]  nrounds        eta max_depth classif.ce warnings errors runtime_learners
INFO  [17:25:30.710] [bbotk]      104 0.03536999         7  0.1475196        0      0            0.883
INFO  [17:25:30.710] [bbotk]                                 uhash
INFO  [17:25:30.710] [bbotk]  7a99944f-6989-4a10-bddb-36182f784b21
INFO  [17:25:30.721] [bbotk] Evaluating 1 configuration(s)
INFO  [17:25:30.728] [mlr3] Running benchmark with 3 resampling iterations
INFO  [17:25:30.730] [mlr3] Applying learner 'classif.xgboost' on task 'qsar-biodeg' (iter 1/3)
INFO  [17:25:30.963] [mlr3] Applying learner 'classif.xgboost' on task 'qsar-biodeg' (iter 2/3)
INFO  [17:25:31.210] [mlr3] Applying learner 'classif.xgboost' on task 'qsar-biodeg' (iter 3/3)
INFO  [17:25:31.440] [mlr3] Finished benchmark
INFO  [17:25:31.459] [bbotk] Result of batch 10:
INFO  [17:25:31.460] [bbotk]  nrounds        eta max_depth classif.ce warnings errors runtime_learners
INFO  [17:25:31.460] [bbotk]      273 0.04011679         3   0.144355        0      0            0.691
INFO  [17:25:31.460] [bbotk]                                 uhash
INFO  [17:25:31.460] [bbotk]  89d8d25b-9c6c-4a99-9164-7ec6f508460f
INFO  [17:25:31.468] [bbotk] Finished optimizing after 10 evaluation(s)
INFO  [17:25:31.469] [bbotk] Result:
INFO  [17:25:31.470] [bbotk]  nrounds       eta max_depth learner_param_vals  x_domain classif.ce
INFO  [17:25:31.470] [bbotk]    <int>     <num>     <int>             <list>    <list>      <num>
INFO  [17:25:31.470] [bbotk]      288 0.1676448         9          <list[5]> <list[3]>   0.140139

### [bt]: Job terminated successfully [batchtools job.id=2991]
### [bt]: Starting job [batchtools job.id=2992]
### [bt]: Generating problem instance for problem '6390d9e81da17366' ...
### [bt]: Applying algorithm 'run_learner' on problem '6390d9e81da17366' for job 2992 (seed = 2993) ...
INFO  [17:25:32.059] [mlr3] Applying learner 'classif.xgboost.tuned' on task 'qsar-biodeg' (iter 2/10)
INFO  [17:25:32.087] [bbotk] Starting to optimize 3 parameter(s) with '<OptimizerBatchRandomSearch>' and '<TerminatorEvals> [n_evals=10, k=0]'
INFO  [17:25:32.105] [bbotk] Evaluating 1 configuration(s)
INFO  [17:25:32.109] [mlr3] Running benchmark with 3 resampling iterations
INFO  [17:25:32.114] [mlr3] Applying learner 'classif.xgboost' on task 'qsar-biodeg' (iter 1/3)
INFO  [17:25:32.284] [mlr3] Applying learner 'classif.xgboost' on task 'qsar-biodeg' (iter 2/3)
INFO  [17:25:32.456] [mlr3] Applying learner 'classif.xgboost' on task 'qsar-biodeg' (iter 3/3)
INFO  [17:25:32.636] [mlr3] Finished benchmark
INFO  [17:25:32.647] [bbotk] Result of batch 1:
INFO  [17:25:32.648] [bbotk]  nrounds       eta max_depth classif.ce warnings errors runtime_learners
INFO  [17:25:32.648] [bbotk]      126 0.1276866         6   0.151739        0      0            0.502
INFO  [17:25:32.648] [bbotk]                                 uhash
INFO  [17:25:32.648] [bbotk]  6146d638-bb5c-44ef-81bc-ff185a290ad2
INFO  [17:25:32.654] [bbotk] Evaluating 1 configuration(s)
INFO  [17:25:32.660] [mlr3] Running benchmark with 3 resampling iterations
INFO  [17:25:32.662] [mlr3] Applying learner 'classif.xgboost' on task 'qsar-biodeg' (iter 1/3)
INFO  [17:25:32.877] [mlr3] Applying learner 'classif.xgboost' on task 'qsar-biodeg' (iter 2/3)
INFO  [17:25:33.080] [mlr3] Applying learner 'classif.xgboost' on task 'qsar-biodeg' (iter 3/3)
INFO  [17:25:33.277] [mlr3] Finished benchmark
INFO  [17:25:33.294] [bbotk] Result of batch 2:
INFO  [17:25:33.295] [bbotk]  nrounds        eta max_depth classif.ce warnings errors runtime_learners
INFO  [17:25:33.295] [bbotk]      217 0.04507717         4  0.1538421        0      0              0.6
INFO  [17:25:33.295] [bbotk]                                 uhash
INFO  [17:25:33.295] [bbotk]  2b6a6b6a-6a87-4943-af5b-ca0f855b2b0a
INFO  [17:25:33.300] [bbotk] Evaluating 1 configuration(s)
INFO  [17:25:33.304] [mlr3] Running benchmark with 3 resampling iterations
INFO  [17:25:33.307] [mlr3] Applying learner 'classif.xgboost' on task 'qsar-biodeg' (iter 1/3)
INFO  [17:25:33.372] [mlr3] Applying learner 'classif.xgboost' on task 'qsar-biodeg' (iter 2/3)
INFO  [17:25:33.444] [mlr3] Applying learner 'classif.xgboost' on task 'qsar-biodeg' (iter 3/3)
INFO  [17:25:33.517] [mlr3] Finished benchmark
INFO  [17:25:33.528] [bbotk] Result of batch 3:
INFO  [17:25:33.529] [bbotk]  nrounds       eta max_depth classif.ce warnings errors runtime_learners
INFO  [17:25:33.529] [bbotk]       81 0.2671816         3  0.1528005        0      0            0.196
INFO  [17:25:33.529] [bbotk]                                 uhash
INFO  [17:25:33.529] [bbotk]  d8c92eec-5015-4beb-8a38-b8a1dd8263a9
INFO  [17:25:33.533] [bbotk] Evaluating 1 configuration(s)
INFO  [17:25:33.535] [mlr3] Running benchmark with 3 resampling iterations
INFO  [17:25:33.539] [mlr3] Applying learner 'classif.xgboost' on task 'qsar-biodeg' (iter 1/3)
INFO  [17:25:33.690] [mlr3] Applying learner 'classif.xgboost' on task 'qsar-biodeg' (iter 2/3)
INFO  [17:25:33.824] [mlr3] Applying learner 'classif.xgboost' on task 'qsar-biodeg' (iter 3/3)
INFO  [17:25:33.969] [mlr3] Finished benchmark
INFO  [17:25:33.998] [bbotk] Result of batch 4:
INFO  [17:25:34.001] [bbotk]  nrounds       eta max_depth classif.ce warnings errors runtime_learners
INFO  [17:25:34.001] [bbotk]      101 0.2010341         8  0.1538421        0      0            0.416
INFO  [17:25:34.001] [bbotk]                                 uhash
INFO  [17:25:34.001] [bbotk]  f427a91b-4288-46b1-896e-1f5fb6e6aa64
INFO  [17:25:34.006] [bbotk] Evaluating 1 configuration(s)
INFO  [17:25:34.009] [mlr3] Running benchmark with 3 resampling iterations
INFO  [17:25:34.011] [mlr3] Applying learner 'classif.xgboost' on task 'qsar-biodeg' (iter 1/3)
INFO  [17:25:34.200] [mlr3] Applying learner 'classif.xgboost' on task 'qsar-biodeg' (iter 2/3)
INFO  [17:25:34.395] [mlr3] Applying learner 'classif.xgboost' on task 'qsar-biodeg' (iter 3/3)
INFO  [17:25:34.611] [mlr3] Finished benchmark
INFO  [17:25:34.627] [bbotk] Result of batch 5:
INFO  [17:25:34.629] [bbotk]  nrounds       eta max_depth classif.ce warnings errors runtime_learners
INFO  [17:25:34.629] [bbotk]      129 0.1019427         7   0.151739        0      0            0.585
INFO  [17:25:34.629] [bbotk]                                 uhash
INFO  [17:25:34.629] [bbotk]  db27b1bd-9c46-4e4c-aedd-6c44f12e7c67
INFO  [17:25:34.633] [bbotk] Evaluating 1 configuration(s)
INFO  [17:25:34.635] [mlr3] Running benchmark with 3 resampling iterations
INFO  [17:25:34.637] [mlr3] Applying learner 'classif.xgboost' on task 'qsar-biodeg' (iter 1/3)
INFO  [17:25:34.914] [mlr3] Applying learner 'classif.xgboost' on task 'qsar-biodeg' (iter 2/3)
INFO  [17:25:35.190] [mlr3] Applying learner 'classif.xgboost' on task 'qsar-biodeg' (iter 3/3)
INFO  [17:25:35.462] [mlr3] Finished benchmark
INFO  [17:25:35.479] [bbotk] Result of batch 6:
INFO  [17:25:35.480] [bbotk]  nrounds        eta max_depth classif.ce warnings errors runtime_learners
INFO  [17:25:35.480] [bbotk]      166 0.04840387         8  0.1454132        0      0            0.811
INFO  [17:25:35.480] [bbotk]                                 uhash
INFO  [17:25:35.480] [bbotk]  996e0286-972e-4c39-96dc-0cc2e241dc5a
INFO  [17:25:35.484] [bbotk] Evaluating 1 configuration(s)
INFO  [17:25:35.486] [mlr3] Running benchmark with 3 resampling iterations
INFO  [17:25:35.489] [mlr3] Applying learner 'classif.xgboost' on task 'qsar-biodeg' (iter 1/3)
INFO  [17:25:35.636] [mlr3] Applying learner 'classif.xgboost' on task 'qsar-biodeg' (iter 2/3)
INFO  [17:25:35.774] [mlr3] Applying learner 'classif.xgboost' on task 'qsar-biodeg' (iter 3/3)
INFO  [17:25:35.920] [mlr3] Finished benchmark
INFO  [17:25:35.931] [bbotk] Result of batch 7:
INFO  [17:25:35.932] [bbotk]  nrounds       eta max_depth classif.ce warnings errors runtime_learners
INFO  [17:25:35.932] [bbotk]      102 0.1810284        10  0.1622775        0      0            0.418
INFO  [17:25:35.932] [bbotk]                                 uhash
INFO  [17:25:35.932] [bbotk]  3d87cc95-7205-4e68-9b8c-8cacbddf3ebc
INFO  [17:25:35.937] [bbotk] Evaluating 1 configuration(s)
INFO  [17:25:35.943] [mlr3] Running benchmark with 3 resampling iterations
INFO  [17:25:35.949] [mlr3] Applying learner 'classif.xgboost' on task 'qsar-biodeg' (iter 1/3)
INFO  [17:25:36.214] [mlr3] Applying learner 'classif.xgboost' on task 'qsar-biodeg' (iter 2/3)
INFO  [17:25:36.457] [mlr3] Applying learner 'classif.xgboost' on task 'qsar-biodeg' (iter 3/3)
INFO  [17:25:36.720] [mlr3] Finished benchmark
INFO  [17:25:36.731] [bbotk] Result of batch 8:
INFO  [17:25:36.731] [bbotk]  nrounds      eta max_depth classif.ce warnings errors runtime_learners
INFO  [17:25:36.731] [bbotk]      241 0.173408         6  0.1622676        0      0            0.758
INFO  [17:25:36.731] [bbotk]                                 uhash
INFO  [17:25:36.731] [bbotk]  5b90bc4a-eef8-4c2c-8a38-f463a49bd59b
INFO  [17:25:36.736] [bbotk] Evaluating 1 configuration(s)
INFO  [17:25:36.738] [mlr3] Running benchmark with 3 resampling iterations
INFO  [17:25:36.740] [mlr3] Applying learner 'classif.xgboost' on task 'qsar-biodeg' (iter 1/3)
INFO  [17:25:37.025] [mlr3] Applying learner 'classif.xgboost' on task 'qsar-biodeg' (iter 2/3)
INFO  [17:25:37.310] [mlr3] Applying learner 'classif.xgboost' on task 'qsar-biodeg' (iter 3/3)
INFO  [17:25:37.614] [mlr3] Finished benchmark
INFO  [17:25:37.631] [bbotk] Result of batch 9:
INFO  [17:25:37.632] [bbotk]  nrounds        eta max_depth classif.ce warnings errors runtime_learners
INFO  [17:25:37.632] [bbotk]      243 0.09051996         6  0.1559451        0      0            0.855
INFO  [17:25:37.632] [bbotk]                                 uhash
INFO  [17:25:37.632] [bbotk]  13e0d880-12f3-48bb-be69-53fe443bd5f6
INFO  [17:25:37.642] [bbotk] Evaluating 1 configuration(s)
INFO  [17:25:37.645] [mlr3] Running benchmark with 3 resampling iterations
INFO  [17:25:37.647] [mlr3] Applying learner 'classif.xgboost' on task 'qsar-biodeg' (iter 1/3)
INFO  [17:25:37.881] [mlr3] Applying learner 'classif.xgboost' on task 'qsar-biodeg' (iter 2/3)
INFO  [17:25:38.096] [mlr3] Applying learner 'classif.xgboost' on task 'qsar-biodeg' (iter 3/3)
INFO  [17:25:38.355] [mlr3] Finished benchmark
INFO  [17:25:38.371] [bbotk] Result of batch 10:
INFO  [17:25:38.372] [bbotk]  nrounds        eta max_depth classif.ce warnings errors runtime_learners
INFO  [17:25:38.372] [bbotk]      129 0.06320572         9  0.1538554        0      0            0.693
INFO  [17:25:38.372] [bbotk]                                 uhash
INFO  [17:25:38.372] [bbotk]  b1f0b9b1-fd48-420d-9825-22fa5e09c17f
INFO  [17:25:38.385] [bbotk] Finished optimizing after 10 evaluation(s)
INFO  [17:25:38.385] [bbotk] Result:
INFO  [17:25:38.386] [bbotk]  nrounds        eta max_depth learner_param_vals  x_domain classif.ce
INFO  [17:25:38.386] [bbotk]    <int>      <num>     <int>             <list>    <list>      <num>
INFO  [17:25:38.386] [bbotk]      166 0.04840387         8          <list[5]> <list[3]>  0.1454132

### [bt]: Job terminated successfully [batchtools job.id=2992]
### [bt]: Starting job [batchtools job.id=2993]
### [bt]: Generating problem instance for problem '6390d9e81da17366' ...
### [bt]: Applying algorithm 'run_learner' on problem '6390d9e81da17366' for job 2993 (seed = 2994) ...
INFO  [17:25:38.974] [mlr3] Applying learner 'classif.xgboost.tuned' on task 'qsar-biodeg' (iter 3/10)
INFO  [17:25:39.005] [bbotk] Starting to optimize 3 parameter(s) with '<OptimizerBatchRandomSearch>' and '<TerminatorEvals> [n_evals=10, k=0]'
INFO  [17:25:39.027] [bbotk] Evaluating 1 configuration(s)
INFO  [17:25:39.030] [mlr3] Running benchmark with 3 resampling iterations
INFO  [17:25:39.032] [mlr3] Applying learner 'classif.xgboost' on task 'qsar-biodeg' (iter 1/3)
INFO  [17:25:39.361] [mlr3] Applying learner 'classif.xgboost' on task 'qsar-biodeg' (iter 2/3)
INFO  [17:25:39.712] [mlr3] Applying learner 'classif.xgboost' on task 'qsar-biodeg' (iter 3/3)
INFO  [17:25:40.030] [mlr3] Finished benchmark
INFO  [17:25:40.048] [bbotk] Result of batch 1:
INFO  [17:25:40.050] [bbotk]  nrounds      eta max_depth classif.ce warnings errors runtime_learners
INFO  [17:25:40.050] [bbotk]      200 0.219452         8   0.132735        0      0            0.965
INFO  [17:25:40.050] [bbotk]                                 uhash
INFO  [17:25:40.050] [bbotk]  f23dc514-6c74-4d6e-ab31-c51240212d4a
INFO  [17:25:40.057] [bbotk] Evaluating 1 configuration(s)
INFO  [17:25:40.061] [mlr3] Running benchmark with 3 resampling iterations
INFO  [17:25:40.065] [mlr3] Applying learner 'classif.xgboost' on task 'qsar-biodeg' (iter 1/3)
INFO  [17:25:40.329] [mlr3] Applying learner 'classif.xgboost' on task 'qsar-biodeg' (iter 2/3)
INFO  [17:25:40.607] [mlr3] Applying learner 'classif.xgboost' on task 'qsar-biodeg' (iter 3/3)
INFO  [17:25:40.880] [mlr3] Finished benchmark
INFO  [17:25:40.899] [bbotk] Result of batch 2:
INFO  [17:25:40.900] [bbotk]  nrounds       eta max_depth classif.ce warnings errors runtime_learners
INFO  [17:25:40.900] [bbotk]      163 0.2163135         7  0.1411672        0      0            0.803
INFO  [17:25:40.900] [bbotk]                                 uhash
INFO  [17:25:40.900] [bbotk]  f94dff83-7895-4acb-9b27-9dfd8e7942e5
INFO  [17:25:40.910] [bbotk] Evaluating 1 configuration(s)
INFO  [17:25:40.917] [mlr3] Running benchmark with 3 resampling iterations
INFO  [17:25:40.920] [mlr3] Applying learner 'classif.xgboost' on task 'qsar-biodeg' (iter 1/3)
INFO  [17:25:41.076] [mlr3] Applying learner 'classif.xgboost' on task 'qsar-biodeg' (iter 2/3)
INFO  [17:25:41.245] [mlr3] Applying learner 'classif.xgboost' on task 'qsar-biodeg' (iter 3/3)
INFO  [17:25:41.398] [mlr3] Finished benchmark
INFO  [17:25:41.409] [bbotk] Result of batch 3:
INFO  [17:25:41.410] [bbotk]  nrounds       eta max_depth classif.ce warnings errors runtime_learners
INFO  [17:25:41.410] [bbotk]       65 0.1243016         8  0.1358963        0      0             0.46
INFO  [17:25:41.410] [bbotk]                                 uhash
INFO  [17:25:41.410] [bbotk]  744c8f31-c58d-4002-a8fd-354fdc361d61
INFO  [17:25:41.414] [bbotk] Evaluating 1 configuration(s)
INFO  [17:25:41.417] [mlr3] Running benchmark with 3 resampling iterations
INFO  [17:25:41.422] [mlr3] Applying learner 'classif.xgboost' on task 'qsar-biodeg' (iter 1/3)
INFO  [17:25:41.774] [mlr3] Applying learner 'classif.xgboost' on task 'qsar-biodeg' (iter 2/3)
INFO  [17:25:42.157] [mlr3] Applying learner 'classif.xgboost' on task 'qsar-biodeg' (iter 3/3)
INFO  [17:25:42.587] [mlr3] Finished benchmark
INFO  [17:25:42.603] [bbotk] Result of batch 4:
INFO  [17:25:42.606] [bbotk]  nrounds       eta max_depth classif.ce warnings errors runtime_learners
INFO  [17:25:42.606] [bbotk]      239 0.1309011         7  0.1316802        0      0            1.144
INFO  [17:25:42.606] [bbotk]                                 uhash
INFO  [17:25:42.606] [bbotk]  ecb7d4d0-fcd0-4660-bb5a-121e7aff52af
INFO  [17:25:42.615] [bbotk] Evaluating 1 configuration(s)
INFO  [17:25:42.619] [mlr3] Running benchmark with 3 resampling iterations
INFO  [17:25:42.626] [mlr3] Applying learner 'classif.xgboost' on task 'qsar-biodeg' (iter 1/3)
INFO  [17:25:42.909] [mlr3] Applying learner 'classif.xgboost' on task 'qsar-biodeg' (iter 2/3)
INFO  [17:25:43.259] [mlr3] Applying learner 'classif.xgboost' on task 'qsar-biodeg' (iter 3/3)
INFO  [17:25:43.546] [mlr3] Finished benchmark
INFO  [17:25:43.563] [bbotk] Result of batch 5:
INFO  [17:25:43.564] [bbotk]  nrounds       eta max_depth classif.ce warnings errors runtime_learners
INFO  [17:25:43.564] [bbotk]      187 0.2743312         8  0.1348348        0      0            0.894
INFO  [17:25:43.564] [bbotk]                                 uhash
INFO  [17:25:43.564] [bbotk]  987f8087-7c82-49bc-8887-47bfdada64e2
INFO  [17:25:43.575] [bbotk] Evaluating 1 configuration(s)
INFO  [17:25:43.586] [mlr3] Running benchmark with 3 resampling iterations
INFO  [17:25:43.590] [mlr3] Applying learner 'classif.xgboost' on task 'qsar-biodeg' (iter 1/3)
INFO  [17:25:43.743] [mlr3] Applying learner 'classif.xgboost' on task 'qsar-biodeg' (iter 2/3)
INFO  [17:25:43.914] [mlr3] Applying learner 'classif.xgboost' on task 'qsar-biodeg' (iter 3/3)
INFO  [17:25:44.039] [mlr3] Finished benchmark
INFO  [17:25:44.057] [bbotk] Result of batch 6:
INFO  [17:25:44.058] [bbotk]  nrounds        eta max_depth classif.ce warnings errors runtime_learners
INFO  [17:25:44.058] [bbotk]       91 0.09838614         5  0.1337832        0      0            0.428
INFO  [17:25:44.058] [bbotk]                                 uhash
INFO  [17:25:44.058] [bbotk]  b59d8936-767b-4e2f-84f6-0ffb2d2014b3
INFO  [17:25:44.068] [bbotk] Evaluating 1 configuration(s)
INFO  [17:25:44.070] [mlr3] Running benchmark with 3 resampling iterations
INFO  [17:25:44.073] [mlr3] Applying learner 'classif.xgboost' on task 'qsar-biodeg' (iter 1/3)
INFO  [17:25:44.237] [mlr3] Applying learner 'classif.xgboost' on task 'qsar-biodeg' (iter 2/3)
INFO  [17:25:44.361] [mlr3] Applying learner 'classif.xgboost' on task 'qsar-biodeg' (iter 3/3)
INFO  [17:25:44.504] [mlr3] Finished benchmark
INFO  [17:25:44.520] [bbotk] Result of batch 7:
INFO  [17:25:44.521] [bbotk]  nrounds       eta max_depth classif.ce warnings errors runtime_learners
INFO  [17:25:44.521] [bbotk]      133 0.1929679         3  0.1359029        0      0            0.416
INFO  [17:25:44.521] [bbotk]                                 uhash
INFO  [17:25:44.521] [bbotk]  a26d0583-75c1-41ae-b820-056d792397ac
INFO  [17:25:44.533] [bbotk] Evaluating 1 configuration(s)
INFO  [17:25:44.538] [mlr3] Running benchmark with 3 resampling iterations
INFO  [17:25:44.543] [mlr3] Applying learner 'classif.xgboost' on task 'qsar-biodeg' (iter 1/3)
INFO  [17:25:44.722] [mlr3] Applying learner 'classif.xgboost' on task 'qsar-biodeg' (iter 2/3)
INFO  [17:25:44.866] [mlr3] Applying learner 'classif.xgboost' on task 'qsar-biodeg' (iter 3/3)
INFO  [17:25:45.003] [mlr3] Finished benchmark
INFO  [17:25:45.023] [bbotk] Result of batch 8:
INFO  [17:25:45.025] [bbotk]  nrounds       eta max_depth classif.ce warnings errors runtime_learners
INFO  [17:25:45.025] [bbotk]      134 0.1787969         3  0.1358896        0      0            0.435
INFO  [17:25:45.025] [bbotk]                                 uhash
INFO  [17:25:45.025] [bbotk]  5c58c47a-4f24-4f6a-a760-a292d126f525
INFO  [17:25:45.034] [bbotk] Evaluating 1 configuration(s)
INFO  [17:25:45.036] [mlr3] Running benchmark with 3 resampling iterations
INFO  [17:25:45.044] [mlr3] Applying learner 'classif.xgboost' on task 'qsar-biodeg' (iter 1/3)
INFO  [17:25:45.254] [mlr3] Applying learner 'classif.xgboost' on task 'qsar-biodeg' (iter 2/3)
INFO  [17:25:45.528] [mlr3] Applying learner 'classif.xgboost' on task 'qsar-biodeg' (iter 3/3)
INFO  [17:25:45.749] [mlr3] Finished benchmark
INFO  [17:25:45.774] [bbotk] Result of batch 9:
INFO  [17:25:45.776] [bbotk]  nrounds        eta max_depth classif.ce warnings errors runtime_learners
INFO  [17:25:45.776] [bbotk]      293 0.09884978         2  0.1295805        0      0            0.672
INFO  [17:25:45.776] [bbotk]                                 uhash
INFO  [17:25:45.776] [bbotk]  cfb2c95e-6872-402a-83a0-eaaccfc17a81
INFO  [17:25:45.782] [bbotk] Evaluating 1 configuration(s)
INFO  [17:25:45.785] [mlr3] Running benchmark with 3 resampling iterations
INFO  [17:25:45.789] [mlr3] Applying learner 'classif.xgboost' on task 'qsar-biodeg' (iter 1/3)
INFO  [17:25:45.921] [mlr3] Applying learner 'classif.xgboost' on task 'qsar-biodeg' (iter 2/3)
INFO  [17:25:46.050] [mlr3] Applying learner 'classif.xgboost' on task 'qsar-biodeg' (iter 3/3)
INFO  [17:25:46.193] [mlr3] Finished benchmark
INFO  [17:25:46.231] [bbotk] Result of batch 10:
INFO  [17:25:46.232] [bbotk]  nrounds        eta max_depth classif.ce warnings errors runtime_learners
INFO  [17:25:46.232] [bbotk]       50 0.08073875         8  0.1379927        0      0            0.379
INFO  [17:25:46.232] [bbotk]                                 uhash
INFO  [17:25:46.232] [bbotk]  fe2aa7c5-9cc9-47d8-9976-26312a6d7a07
INFO  [17:25:46.253] [bbotk] Finished optimizing after 10 evaluation(s)
INFO  [17:25:46.253] [bbotk] Result:
INFO  [17:25:46.254] [bbotk]  nrounds        eta max_depth learner_param_vals  x_domain classif.ce
INFO  [17:25:46.254] [bbotk]    <int>      <num>     <int>             <list>    <list>      <num>
INFO  [17:25:46.254] [bbotk]      293 0.09884978         2          <list[5]> <list[3]>  0.1295805

### [bt]: Job terminated successfully [batchtools job.id=2993]
### [bt]: Starting job [batchtools job.id=2994]
### [bt]: Generating problem instance for problem '6390d9e81da17366' ...
### [bt]: Applying algorithm 'run_learner' on problem '6390d9e81da17366' for job 2994 (seed = 2995) ...
INFO  [17:25:46.497] [mlr3] Applying learner 'classif.xgboost.tuned' on task 'qsar-biodeg' (iter 4/10)
INFO  [17:25:46.536] [bbotk] Starting to optimize 3 parameter(s) with '<OptimizerBatchRandomSearch>' and '<TerminatorEvals> [n_evals=10, k=0]'
INFO  [17:25:46.564] [bbotk] Evaluating 1 configuration(s)
INFO  [17:25:46.567] [mlr3] Running benchmark with 3 resampling iterations
INFO  [17:25:46.575] [mlr3] Applying learner 'classif.xgboost' on task 'qsar-biodeg' (iter 1/3)
INFO  [17:25:46.915] [mlr3] Applying learner 'classif.xgboost' on task 'qsar-biodeg' (iter 2/3)
INFO  [17:25:47.251] [mlr3] Applying learner 'classif.xgboost' on task 'qsar-biodeg' (iter 3/3)
INFO  [17:25:47.591] [mlr3] Finished benchmark
INFO  [17:25:47.603] [bbotk] Result of batch 1:
INFO  [17:25:47.604] [bbotk]  nrounds        eta max_depth classif.ce warnings errors runtime_learners
INFO  [17:25:47.604] [bbotk]      276 0.07838553         4  0.1317367        0      0            0.993
INFO  [17:25:47.604] [bbotk]                                 uhash
INFO  [17:25:47.604] [bbotk]  0352fe7d-55ce-45e3-bd65-dd6d9cec7ba7
INFO  [17:25:47.613] [bbotk] Evaluating 1 configuration(s)
INFO  [17:25:47.616] [mlr3] Running benchmark with 3 resampling iterations
INFO  [17:25:47.622] [mlr3] Applying learner 'classif.xgboost' on task 'qsar-biodeg' (iter 1/3)
INFO  [17:25:47.810] [mlr3] Applying learner 'classif.xgboost' on task 'qsar-biodeg' (iter 2/3)
INFO  [17:25:47.994] [mlr3] Applying learner 'classif.xgboost' on task 'qsar-biodeg' (iter 3/3)
INFO  [17:25:48.228] [mlr3] Finished benchmark
INFO  [17:25:48.273] [bbotk] Result of batch 2:
INFO  [17:25:48.274] [bbotk]  nrounds       eta max_depth classif.ce warnings errors runtime_learners
INFO  [17:25:48.274] [bbotk]      298 0.2875143         2  0.1317334        0      0            0.579
INFO  [17:25:48.274] [bbotk]                                 uhash
INFO  [17:25:48.274] [bbotk]  c2fe401c-0748-4bb4-ba20-7c62e61b4ffa
INFO  [17:25:48.284] [bbotk] Evaluating 1 configuration(s)
INFO  [17:25:48.299] [mlr3] Running benchmark with 3 resampling iterations
INFO  [17:25:48.304] [mlr3] Applying learner 'classif.xgboost' on task 'qsar-biodeg' (iter 1/3)
INFO  [17:25:48.598] [mlr3] Applying learner 'classif.xgboost' on task 'qsar-biodeg' (iter 2/3)
INFO  [17:25:48.868] [mlr3] Applying learner 'classif.xgboost' on task 'qsar-biodeg' (iter 3/3)
INFO  [17:25:49.163] [mlr3] Finished benchmark
INFO  [17:25:49.188] [bbotk] Result of batch 3:
INFO  [17:25:49.189] [bbotk]  nrounds      eta max_depth classif.ce warnings errors runtime_learners
INFO  [17:25:49.189] [bbotk]      179 0.120352         5  0.1338431        0      0            0.846
INFO  [17:25:49.189] [bbotk]                                 uhash
INFO  [17:25:49.189] [bbotk]  811da02c-a8f8-4378-82e1-ac487818355d
INFO  [17:25:49.193] [bbotk] Evaluating 1 configuration(s)
INFO  [17:25:49.196] [mlr3] Running benchmark with 3 resampling iterations
INFO  [17:25:49.198] [mlr3] Applying learner 'classif.xgboost' on task 'qsar-biodeg' (iter 1/3)
INFO  [17:25:49.481] [mlr3] Applying learner 'classif.xgboost' on task 'qsar-biodeg' (iter 2/3)
INFO  [17:25:49.761] [mlr3] Applying learner 'classif.xgboost' on task 'qsar-biodeg' (iter 3/3)
INFO  [17:25:50.025] [mlr3] Finished benchmark
INFO  [17:25:50.047] [bbotk] Result of batch 4:
INFO  [17:25:50.048] [bbotk]  nrounds        eta max_depth classif.ce warnings errors runtime_learners
INFO  [17:25:50.048] [bbotk]      280 0.05563347         3  0.1338398        0      0             0.81
INFO  [17:25:50.048] [bbotk]                                 uhash
INFO  [17:25:50.048] [bbotk]  d918b10f-0d61-45a0-8014-bd4bc114e6ca
INFO  [17:25:50.052] [bbotk] Evaluating 1 configuration(s)
INFO  [17:25:50.054] [mlr3] Running benchmark with 3 resampling iterations
INFO  [17:25:50.057] [mlr3] Applying learner 'classif.xgboost' on task 'qsar-biodeg' (iter 1/3)
INFO  [17:25:50.304] [mlr3] Applying learner 'classif.xgboost' on task 'qsar-biodeg' (iter 2/3)
INFO  [17:25:50.573] [mlr3] Applying learner 'classif.xgboost' on task 'qsar-biodeg' (iter 3/3)
INFO  [17:25:50.820] [mlr3] Finished benchmark
INFO  [17:25:50.854] [bbotk] Result of batch 5:
INFO  [17:25:50.857] [bbotk]  nrounds        eta max_depth classif.ce warnings errors runtime_learners
INFO  [17:25:50.857] [bbotk]      161 0.07745446         5  0.1359428        0      0            0.741
INFO  [17:25:50.857] [bbotk]                                 uhash
INFO  [17:25:50.857] [bbotk]  9c3c6ac1-d031-44d2-9eb5-8ee8a4d680db
INFO  [17:25:50.867] [bbotk] Evaluating 1 configuration(s)
INFO  [17:25:50.870] [mlr3] Running benchmark with 3 resampling iterations
INFO  [17:25:50.880] [mlr3] Applying learner 'classif.xgboost' on task 'qsar-biodeg' (iter 1/3)
INFO  [17:25:51.196] [mlr3] Applying learner 'classif.xgboost' on task 'qsar-biodeg' (iter 2/3)
INFO  [17:25:51.486] [mlr3] Applying learner 'classif.xgboost' on task 'qsar-biodeg' (iter 3/3)
INFO  [17:25:51.755] [mlr3] Finished benchmark
INFO  [17:25:51.775] [bbotk] Result of batch 6:
INFO  [17:25:51.775] [bbotk]  nrounds        eta max_depth classif.ce warnings errors runtime_learners
INFO  [17:25:51.775] [bbotk]      132 0.07741254         9  0.1348847        0      0            0.856
INFO  [17:25:51.775] [bbotk]                                 uhash
INFO  [17:25:51.775] [bbotk]  83558226-8f01-44a9-b95e-8ae558f7a18a
INFO  [17:25:51.780] [bbotk] Evaluating 1 configuration(s)
INFO  [17:25:51.782] [mlr3] Running benchmark with 3 resampling iterations
INFO  [17:25:51.785] [mlr3] Applying learner 'classif.xgboost' on task 'qsar-biodeg' (iter 1/3)
INFO  [17:25:51.889] [mlr3] Applying learner 'classif.xgboost' on task 'qsar-biodeg' (iter 2/3)
INFO  [17:25:52.002] [mlr3] Applying learner 'classif.xgboost' on task 'qsar-biodeg' (iter 3/3)
INFO  [17:25:52.100] [mlr3] Finished benchmark
INFO  [17:25:52.119] [bbotk] Result of batch 7:
INFO  [17:25:52.122] [bbotk]  nrounds       eta max_depth classif.ce warnings errors runtime_learners
INFO  [17:25:52.122] [bbotk]      113 0.1590505         3  0.1338365        0      0            0.301
INFO  [17:25:52.122] [bbotk]                                 uhash
INFO  [17:25:52.122] [bbotk]  7056316c-cb08-47da-8138-e02553ad5f20
INFO  [17:25:52.126] [bbotk] Evaluating 1 configuration(s)
INFO  [17:25:52.128] [mlr3] Running benchmark with 3 resampling iterations
INFO  [17:25:52.132] [mlr3] Applying learner 'classif.xgboost' on task 'qsar-biodeg' (iter 1/3)
INFO  [17:25:52.258] [mlr3] Applying learner 'classif.xgboost' on task 'qsar-biodeg' (iter 2/3)
INFO  [17:25:52.377] [mlr3] Applying learner 'classif.xgboost' on task 'qsar-biodeg' (iter 3/3)
INFO  [17:25:52.490] [mlr3] Finished benchmark
INFO  [17:25:52.513] [bbotk] Result of batch 8:
INFO  [17:25:52.514] [bbotk]  nrounds       eta max_depth classif.ce warnings errors runtime_learners
INFO  [17:25:52.514] [bbotk]      181 0.1041199         2  0.1306786        0      0            0.341
INFO  [17:25:52.514] [bbotk]                                 uhash
INFO  [17:25:52.514] [bbotk]  a77a4f84-e2df-4a87-92df-a31b1fe53218
INFO  [17:25:52.521] [bbotk] Evaluating 1 configuration(s)
INFO  [17:25:52.526] [mlr3] Running benchmark with 3 resampling iterations
INFO  [17:25:52.533] [mlr3] Applying learner 'classif.xgboost' on task 'qsar-biodeg' (iter 1/3)
INFO  [17:25:52.796] [mlr3] Applying learner 'classif.xgboost' on task 'qsar-biodeg' (iter 2/3)
INFO  [17:25:53.039] [mlr3] Applying learner 'classif.xgboost' on task 'qsar-biodeg' (iter 3/3)
INFO  [17:25:53.273] [mlr3] Finished benchmark
INFO  [17:25:53.287] [bbotk] Result of batch 9:
INFO  [17:25:53.288] [bbotk]  nrounds        eta max_depth classif.ce warnings errors runtime_learners
INFO  [17:25:53.288] [bbotk]      135 0.09671098         6  0.1348946        0      0            0.718
INFO  [17:25:53.288] [bbotk]                                 uhash
INFO  [17:25:53.288] [bbotk]  c3650d4b-8380-4ce7-b18c-66212b5cf2d1
INFO  [17:25:53.297] [bbotk] Evaluating 1 configuration(s)
INFO  [17:25:53.300] [mlr3] Running benchmark with 3 resampling iterations
INFO  [17:25:53.303] [mlr3] Applying learner 'classif.xgboost' on task 'qsar-biodeg' (iter 1/3)
INFO  [17:25:53.649] [mlr3] Applying learner 'classif.xgboost' on task 'qsar-biodeg' (iter 2/3)
INFO  [17:25:53.966] [mlr3] Applying learner 'classif.xgboost' on task 'qsar-biodeg' (iter 3/3)
INFO  [17:25:54.276] [mlr3] Finished benchmark
INFO  [17:25:54.294] [bbotk] Result of batch 10:
INFO  [17:25:54.295] [bbotk]  nrounds       eta max_depth classif.ce warnings errors runtime_learners
INFO  [17:25:54.295] [bbotk]      194 0.1330414         7   0.134898        0      0            0.946
INFO  [17:25:54.295] [bbotk]                                 uhash
INFO  [17:25:54.295] [bbotk]  f9ec7206-76c4-4abc-8095-e34a474b138f
INFO  [17:25:54.313] [bbotk] Finished optimizing after 10 evaluation(s)
INFO  [17:25:54.313] [bbotk] Result:
INFO  [17:25:54.314] [bbotk]  nrounds       eta max_depth learner_param_vals  x_domain classif.ce
INFO  [17:25:54.314] [bbotk]    <int>     <num>     <int>             <list>    <list>      <num>
INFO  [17:25:54.314] [bbotk]      181 0.1041199         2          <list[5]> <list[3]>  0.1306786

### [bt]: Job terminated successfully [batchtools job.id=2994]
### [bt]: Starting job [batchtools job.id=2995]
### [bt]: Generating problem instance for problem '6390d9e81da17366' ...
### [bt]: Applying algorithm 'run_learner' on problem '6390d9e81da17366' for job 2995 (seed = 2996) ...
INFO  [17:25:54.466] [mlr3] Applying learner 'classif.xgboost.tuned' on task 'qsar-biodeg' (iter 5/10)
INFO  [17:25:54.521] [bbotk] Starting to optimize 3 parameter(s) with '<OptimizerBatchRandomSearch>' and '<TerminatorEvals> [n_evals=10, k=0]'
INFO  [17:25:54.542] [bbotk] Evaluating 1 configuration(s)
INFO  [17:25:54.547] [mlr3] Running benchmark with 3 resampling iterations
INFO  [17:25:54.550] [mlr3] Applying learner 'classif.xgboost' on task 'qsar-biodeg' (iter 1/3)
INFO  [17:25:54.789] [mlr3] Applying learner 'classif.xgboost' on task 'qsar-biodeg' (iter 2/3)
INFO  [17:25:55.028] [mlr3] Applying learner 'classif.xgboost' on task 'qsar-biodeg' (iter 3/3)
INFO  [17:25:55.279] [mlr3] Finished benchmark
INFO  [17:25:55.302] [bbotk] Result of batch 1:
INFO  [17:25:55.304] [bbotk]  nrounds       eta max_depth classif.ce warnings errors runtime_learners
INFO  [17:25:55.304] [bbotk]      148 0.2708286        10   0.127524        0      0            0.714
INFO  [17:25:55.304] [bbotk]                                 uhash
INFO  [17:25:55.304] [bbotk]  39554cf5-277e-4dcd-ae70-6cdfb72000b0
INFO  [17:25:55.309] [bbotk] Evaluating 1 configuration(s)
INFO  [17:25:55.311] [mlr3] Running benchmark with 3 resampling iterations
INFO  [17:25:55.322] [mlr3] Applying learner 'classif.xgboost' on task 'qsar-biodeg' (iter 1/3)
INFO  [17:25:55.746] [mlr3] Applying learner 'classif.xgboost' on task 'qsar-biodeg' (iter 2/3)
INFO  [17:25:56.110] [mlr3] Applying learner 'classif.xgboost' on task 'qsar-biodeg' (iter 3/3)
INFO  [17:25:56.492] [mlr3] Finished benchmark
INFO  [17:25:56.531] [bbotk] Result of batch 2:
INFO  [17:25:56.532] [bbotk]  nrounds       eta max_depth classif.ce warnings errors runtime_learners
INFO  [17:25:56.532] [bbotk]      238 0.2099945        10  0.1306686        0      0            1.146
INFO  [17:25:56.532] [bbotk]                                 uhash
INFO  [17:25:56.532] [bbotk]  d57cc3e8-251c-4015-8ca5-3edc1114142f
INFO  [17:25:56.548] [bbotk] Evaluating 1 configuration(s)
INFO  [17:25:56.557] [mlr3] Running benchmark with 3 resampling iterations
INFO  [17:25:56.564] [mlr3] Applying learner 'classif.xgboost' on task 'qsar-biodeg' (iter 1/3)
INFO  [17:25:57.112] [mlr3] Applying learner 'classif.xgboost' on task 'qsar-biodeg' (iter 2/3)
INFO  [17:25:57.657] [mlr3] Applying learner 'classif.xgboost' on task 'qsar-biodeg' (iter 3/3)
INFO  [17:25:58.171] [mlr3] Finished benchmark
INFO  [17:25:58.208] [bbotk] Result of batch 3:
INFO  [17:25:58.209] [bbotk]  nrounds        eta max_depth classif.ce warnings errors runtime_learners
INFO  [17:25:58.209] [bbotk]      252 0.09774484         9  0.1285722        0      0            1.577
INFO  [17:25:58.209] [bbotk]                                 uhash
INFO  [17:25:58.209] [bbotk]  ea7cbaf7-88b7-4c2b-83d1-cf14fc5ca61c
INFO  [17:25:58.214] [bbotk] Evaluating 1 configuration(s)
INFO  [17:25:58.216] [mlr3] Running benchmark with 3 resampling iterations
INFO  [17:25:58.218] [mlr3] Applying learner 'classif.xgboost' on task 'qsar-biodeg' (iter 1/3)
INFO  [17:25:58.601] [mlr3] Applying learner 'classif.xgboost' on task 'qsar-biodeg' (iter 2/3)
INFO  [17:25:58.933] [mlr3] Applying learner 'classif.xgboost' on task 'qsar-biodeg' (iter 3/3)
INFO  [17:25:59.271] [mlr3] Finished benchmark
INFO  [17:25:59.291] [bbotk] Result of batch 4:
INFO  [17:25:59.293] [bbotk]  nrounds       eta max_depth classif.ce warnings errors runtime_learners
INFO  [17:25:59.293] [bbotk]      255 0.2279588         6  0.1306852        0      0            1.033
INFO  [17:25:59.293] [bbotk]                                 uhash
INFO  [17:25:59.293] [bbotk]  ff467577-1524-4822-a965-bdf8f65e099e
INFO  [17:25:59.306] [bbotk] Evaluating 1 configuration(s)
INFO  [17:25:59.308] [mlr3] Running benchmark with 3 resampling iterations
INFO  [17:25:59.311] [mlr3] Applying learner 'classif.xgboost' on task 'qsar-biodeg' (iter 1/3)
INFO  [17:25:59.613] [mlr3] Applying learner 'classif.xgboost' on task 'qsar-biodeg' (iter 2/3)
INFO  [17:25:59.859] [mlr3] Applying learner 'classif.xgboost' on task 'qsar-biodeg' (iter 3/3)
INFO  [17:26:00.084] [mlr3] Finished benchmark
INFO  [17:26:00.100] [bbotk] Result of batch 5:
INFO  [17:26:00.101] [bbotk]  nrounds      eta max_depth classif.ce warnings errors runtime_learners
INFO  [17:26:00.101] [bbotk]      102 0.127089         9  0.1296237        0      0            0.753
INFO  [17:26:00.101] [bbotk]                                 uhash
INFO  [17:26:00.101] [bbotk]  3b767314-7838-4cd7-a1be-dc4d02b5c994
INFO  [17:26:00.105] [bbotk] Evaluating 1 configuration(s)
INFO  [17:26:00.107] [mlr3] Running benchmark with 3 resampling iterations
INFO  [17:26:00.109] [mlr3] Applying learner 'classif.xgboost' on task 'qsar-biodeg' (iter 1/3)
INFO  [17:26:00.228] [mlr3] Applying learner 'classif.xgboost' on task 'qsar-biodeg' (iter 2/3)
INFO  [17:26:00.338] [mlr3] Applying learner 'classif.xgboost' on task 'qsar-biodeg' (iter 3/3)
INFO  [17:26:00.457] [mlr3] Finished benchmark
INFO  [17:26:00.470] [bbotk] Result of batch 6:
INFO  [17:26:00.472] [bbotk]  nrounds       eta max_depth classif.ce warnings errors runtime_learners
INFO  [17:26:00.472] [bbotk]      176 0.1048481         2  0.1348913        0      0             0.33
INFO  [17:26:00.472] [bbotk]                                 uhash
INFO  [17:26:00.472] [bbotk]  f65ad70b-cebc-4773-92dd-d767a90320b1
INFO  [17:26:00.484] [bbotk] Evaluating 1 configuration(s)
INFO  [17:26:00.489] [mlr3] Running benchmark with 3 resampling iterations
INFO  [17:26:00.493] [mlr3] Applying learner 'classif.xgboost' on task 'qsar-biodeg' (iter 1/3)
INFO  [17:26:00.728] [mlr3] Applying learner 'classif.xgboost' on task 'qsar-biodeg' (iter 2/3)
INFO  [17:26:00.925] [mlr3] Applying learner 'classif.xgboost' on task 'qsar-biodeg' (iter 3/3)
INFO  [17:26:01.135] [mlr3] Finished benchmark
INFO  [17:26:01.150] [bbotk] Result of batch 7:
INFO  [17:26:01.152] [bbotk]  nrounds       eta max_depth classif.ce warnings errors runtime_learners
INFO  [17:26:01.152] [bbotk]       74 0.0930565         9  0.1285722        0      0            0.619
INFO  [17:26:01.152] [bbotk]                                 uhash
INFO  [17:26:01.152] [bbotk]  e62bd6b2-b2e7-4a50-b48f-930d78ccc0ca
INFO  [17:26:01.157] [bbotk] Evaluating 1 configuration(s)
INFO  [17:26:01.160] [mlr3] Running benchmark with 3 resampling iterations
INFO  [17:26:01.162] [mlr3] Applying learner 'classif.xgboost' on task 'qsar-biodeg' (iter 1/3)
INFO  [17:26:01.474] [mlr3] Applying learner 'classif.xgboost' on task 'qsar-biodeg' (iter 2/3)
INFO  [17:26:01.813] [mlr3] Applying learner 'classif.xgboost' on task 'qsar-biodeg' (iter 3/3)
INFO  [17:26:02.074] [mlr3] Finished benchmark
INFO  [17:26:02.092] [bbotk] Result of batch 8:
INFO  [17:26:02.093] [bbotk]  nrounds       eta max_depth classif.ce warnings errors runtime_learners
INFO  [17:26:02.093] [bbotk]      144 0.0742228         6  0.1348913        0      0            0.885
INFO  [17:26:02.093] [bbotk]                                 uhash
INFO  [17:26:02.093] [bbotk]  b050434f-cf34-4964-823e-3044515d8a87
INFO  [17:26:02.098] [bbotk] Evaluating 1 configuration(s)
INFO  [17:26:02.103] [mlr3] Running benchmark with 3 resampling iterations
INFO  [17:26:02.106] [mlr3] Applying learner 'classif.xgboost' on task 'qsar-biodeg' (iter 1/3)
INFO  [17:26:02.218] [mlr3] Applying learner 'classif.xgboost' on task 'qsar-biodeg' (iter 2/3)
INFO  [17:26:02.349] [mlr3] Applying learner 'classif.xgboost' on task 'qsar-biodeg' (iter 3/3)
INFO  [17:26:02.477] [mlr3] Finished benchmark
INFO  [17:26:02.494] [bbotk] Result of batch 9:
INFO  [17:26:02.496] [bbotk]  nrounds        eta max_depth classif.ce warnings errors runtime_learners
INFO  [17:26:02.496] [bbotk]      200 0.06291021         2  0.1380559        0      0            0.353
INFO  [17:26:02.496] [bbotk]                                 uhash
INFO  [17:26:02.496] [bbotk]  75dde2af-3ef9-4d88-a12b-0afaef02c1e1
INFO  [17:26:02.501] [bbotk] Evaluating 1 configuration(s)
INFO  [17:26:02.503] [mlr3] Running benchmark with 3 resampling iterations
INFO  [17:26:02.506] [mlr3] Applying learner 'classif.xgboost' on task 'qsar-biodeg' (iter 1/3)
INFO  [17:26:02.960] [mlr3] Applying learner 'classif.xgboost' on task 'qsar-biodeg' (iter 2/3)
INFO  [17:26:03.430] [mlr3] Applying learner 'classif.xgboost' on task 'qsar-biodeg' (iter 3/3)
INFO  [17:26:03.959] [mlr3] Finished benchmark
INFO  [17:26:03.976] [bbotk] Result of batch 10:
INFO  [17:26:03.977] [bbotk]  nrounds        eta max_depth classif.ce warnings errors runtime_learners
INFO  [17:26:03.977] [bbotk]      253 0.05537089         7  0.1254143        0      0            1.408
INFO  [17:26:03.977] [bbotk]                                 uhash
INFO  [17:26:03.977] [bbotk]  2a356919-f447-405b-b506-d9400716af46
INFO  [17:26:03.995] [bbotk] Finished optimizing after 10 evaluation(s)
INFO  [17:26:03.995] [bbotk] Result:
INFO  [17:26:03.997] [bbotk]  nrounds        eta max_depth learner_param_vals  x_domain classif.ce
INFO  [17:26:03.997] [bbotk]    <int>      <num>     <int>             <list>    <list>      <num>
INFO  [17:26:03.997] [bbotk]      253 0.05537089         7          <list[5]> <list[3]>  0.1254143

### [bt]: Job terminated successfully [batchtools job.id=2995]
### [bt]: Calculation finished!
