### [bt]: This is batchtools v0.9.17
### [bt]: Starting calculation of 5 jobs
### [bt]: Setting working directory to '/Users/User/Documents/Studium/Semester8/Hiwi/mlr3calibration/vignettes'
### [bt]: Memory measurement disabled
### [bt]: Starting job [batchtools job.id=696]
### [bt]: Generating problem instance for problem '24c2c3a884d818b0' ...
### [bt]: Applying algorithm 'run_learner' on problem '24c2c3a884d818b0' for job 696 (seed = 697) ...
INFO  [16:42:15.401] [mlr3] Applying learner 'classif.xgboost.tuned_calib.perfold_platt' on task 'credit-g' (iter 6/10)
Error : <TaskClassif:credit-g> has the following unsupported feature types: factor
This happened PipeOp classif.xgboost's $train()

### [bt]: Job terminated with an exception [batchtools job.id=696]
### [bt]: Starting job [batchtools job.id=697]
### [bt]: Generating problem instance for problem '24c2c3a884d818b0' ...
### [bt]: Applying algorithm 'run_learner' on problem '24c2c3a884d818b0' for job 697 (seed = 698) ...
INFO  [16:42:15.417] [mlr3] Applying learner 'classif.xgboost.tuned_calib.perfold_platt' on task 'credit-g' (iter 7/10)
Error : <TaskClassif:credit-g> has the following unsupported feature types: factor
This happened PipeOp classif.xgboost's $train()

### [bt]: Job terminated with an exception [batchtools job.id=697]
### [bt]: Starting job [batchtools job.id=698]
### [bt]: Generating problem instance for problem '24c2c3a884d818b0' ...
### [bt]: Applying algorithm 'run_learner' on problem '24c2c3a884d818b0' for job 698 (seed = 699) ...
INFO  [16:42:15.434] [mlr3] Applying learner 'classif.xgboost.tuned_calib.perfold_platt' on task 'credit-g' (iter 8/10)
Error : <TaskClassif:credit-g> has the following unsupported feature types: factor
This happened PipeOp classif.xgboost's $train()

### [bt]: Job terminated with an exception [batchtools job.id=698]
### [bt]: Starting job [batchtools job.id=699]
### [bt]: Generating problem instance for problem '24c2c3a884d818b0' ...
### [bt]: Applying algorithm 'run_learner' on problem '24c2c3a884d818b0' for job 699 (seed = 700) ...
INFO  [16:42:15.442] [mlr3] Applying learner 'classif.xgboost.tuned_calib.perfold_platt' on task 'credit-g' (iter 9/10)
Error : <TaskClassif:credit-g> has the following unsupported feature types: factor
This happened PipeOp classif.xgboost's $train()

### [bt]: Job terminated with an exception [batchtools job.id=699]
### [bt]: Starting job [batchtools job.id=700]
### [bt]: Generating problem instance for problem '24c2c3a884d818b0' ...
### [bt]: Applying algorithm 'run_learner' on problem '24c2c3a884d818b0' for job 700 (seed = 701) ...
INFO  [16:42:15.452] [mlr3] Applying learner 'classif.xgboost.tuned_calib.perfold_platt' on task 'credit-g' (iter 10/10)
Error : <TaskClassif:credit-g> has the following unsupported feature types: factor
This happened PipeOp classif.xgboost's $train()

### [bt]: Job terminated with an exception [batchtools job.id=700]
### [bt]: Calculation finished!
