### [bt]: This is batchtools v0.9.17
### [bt]: Starting calculation of 5 jobs
### [bt]: Setting working directory to '/Users/User/Documents/Studium/Semester8/Hiwi/mlr3calibration/vignettes'
### [bt]: Memory measurement disabled
### [bt]: Starting job [batchtools job.id=2901]
### [bt]: Generating problem instance for problem '6390d9e81da17366' ...
### [bt]: Applying algorithm 'run_learner' on problem '6390d9e81da17366' for job 2901 (seed = 2902) ...
INFO  [17:24:20.876] [mlr3] Applying learner 'classif.ranger.tuned_calib.perfold_platt' on task 'qsar-biodeg' (iter 1/10)
INFO  [17:24:20.926] [bbotk] Starting to optimize 1 parameter(s) with '<OptimizerBatchRandomSearch>' and '<TerminatorEvals> [n_evals=3, k=0]'
INFO  [17:24:20.931] [bbotk] Evaluating 1 configuration(s)
INFO  [17:24:21.170] [bbotk] Result of batch 1:
INFO  [17:24:21.171] [bbotk]  num.trees classif.ce warnings errors runtime_learners
INFO  [17:24:21.171] [bbotk]        231  0.1396574        0      0            0.206
INFO  [17:24:21.171] [bbotk]                                 uhash
INFO  [17:24:21.171] [bbotk]  3b2b4864-a785-4e45-8c2f-4cb0eac3d5f0
INFO  [17:24:21.176] [bbotk] Evaluating 1 configuration(s)
INFO  [17:24:21.622] [bbotk] Result of batch 2:
INFO  [17:24:21.622] [bbotk]  num.trees classif.ce warnings errors runtime_learners
INFO  [17:24:21.622] [bbotk]        492   0.140975        0      0            0.391
INFO  [17:24:21.622] [bbotk]                                 uhash
INFO  [17:24:21.622] [bbotk]  9f9a727a-c577-4293-a0b9-9d231b0b6a3b
INFO  [17:24:21.626] [bbotk] Evaluating 1 configuration(s)
INFO  [17:24:21.945] [bbotk] Result of batch 3:
INFO  [17:24:21.945] [bbotk]  num.trees classif.ce warnings errors runtime_learners
INFO  [17:24:21.945] [bbotk]        353  0.1396574        0      0            0.264
INFO  [17:24:21.945] [bbotk]                                 uhash
INFO  [17:24:21.945] [bbotk]  1d61e82b-91d5-42a2-950b-8a2b489318fb
INFO  [17:24:21.958] [bbotk] Finished optimizing after 3 evaluation(s)
INFO  [17:24:21.959] [bbotk] Result:
INFO  [17:24:21.961] [bbotk]  num.trees learner_param_vals  x_domain classif.ce
INFO  [17:24:21.961] [bbotk]      <int>             <list>    <list>      <num>
INFO  [17:24:21.961] [bbotk]        231          <list[2]> <list[1]>  0.1396574
INFO  [17:24:22.124] [bbotk] Starting to optimize 1 parameter(s) with '<OptimizerBatchRandomSearch>' and '<TerminatorEvals> [n_evals=3, k=0]'
INFO  [17:24:22.150] [bbotk] Evaluating 1 configuration(s)
INFO  [17:24:22.338] [bbotk] Result of batch 1:
INFO  [17:24:22.339] [bbotk]  num.trees classif.ce warnings errors runtime_learners
INFO  [17:24:22.339] [bbotk]        145  0.1462451        0      0            0.143
INFO  [17:24:22.339] [bbotk]                                 uhash
INFO  [17:24:22.339] [bbotk]  65bdf3ef-69f1-4b01-b68a-0cc20cb1bbcf
INFO  [17:24:22.343] [bbotk] Evaluating 1 configuration(s)
INFO  [17:24:22.532] [bbotk] Result of batch 2:
INFO  [17:24:22.537] [bbotk]  num.trees classif.ce warnings errors runtime_learners
INFO  [17:24:22.537] [bbotk]        184    0.14361        0      0            0.152
INFO  [17:24:22.537] [bbotk]                                 uhash
INFO  [17:24:22.537] [bbotk]  f5ca922e-2024-4306-91d2-36a17d5ed468
INFO  [17:24:22.542] [bbotk] Evaluating 1 configuration(s)
INFO  [17:24:22.936] [bbotk] Result of batch 3:
INFO  [17:24:22.938] [bbotk]  num.trees classif.ce warnings errors runtime_learners
INFO  [17:24:22.938] [bbotk]        486  0.1422925        0      0            0.347
INFO  [17:24:22.938] [bbotk]                                 uhash
INFO  [17:24:22.938] [bbotk]  c34ccd2b-34a1-4e47-ae27-8ab1026c4d50
INFO  [17:24:22.945] [bbotk] Finished optimizing after 3 evaluation(s)
INFO  [17:24:22.945] [bbotk] Result:
INFO  [17:24:22.945] [bbotk]  num.trees learner_param_vals  x_domain classif.ce
INFO  [17:24:22.945] [bbotk]      <int>             <list>    <list>      <num>
INFO  [17:24:22.945] [bbotk]        486          <list[2]> <list[1]>  0.1422925
INFO  [17:24:23.173] [bbotk] Starting to optimize 1 parameter(s) with '<OptimizerBatchRandomSearch>' and '<TerminatorEvals> [n_evals=3, k=0]'
INFO  [17:24:23.177] [bbotk] Evaluating 1 configuration(s)
INFO  [17:24:23.439] [bbotk] Result of batch 1:
INFO  [17:24:23.439] [bbotk]  num.trees classif.ce warnings errors runtime_learners
INFO  [17:24:23.439] [bbotk]        281  0.1554677        0      0            0.217
INFO  [17:24:23.439] [bbotk]                                 uhash
INFO  [17:24:23.439] [bbotk]  7d72df4c-9ddd-45cb-985b-fbbfbd12c81e
INFO  [17:24:23.442] [bbotk] Evaluating 1 configuration(s)
INFO  [17:24:23.828] [bbotk] Result of batch 2:
INFO  [17:24:23.830] [bbotk]  num.trees classif.ce warnings errors runtime_learners
INFO  [17:24:23.830] [bbotk]        457  0.1515152        0      0            0.343
INFO  [17:24:23.830] [bbotk]                                 uhash
INFO  [17:24:23.830] [bbotk]  b4ea76ed-5f6f-408e-b58d-8aa1dee33efe
INFO  [17:24:23.833] [bbotk] Evaluating 1 configuration(s)
INFO  [17:24:24.185] [bbotk] Result of batch 3:
INFO  [17:24:24.188] [bbotk]  num.trees classif.ce warnings errors runtime_learners
INFO  [17:24:24.188] [bbotk]        435  0.1501976        0      0            0.316
INFO  [17:24:24.188] [bbotk]                                 uhash
INFO  [17:24:24.188] [bbotk]  5f1dba77-8776-49db-8457-8e87cbe1c352
INFO  [17:24:24.201] [bbotk] Finished optimizing after 3 evaluation(s)
INFO  [17:24:24.202] [bbotk] Result:
INFO  [17:24:24.203] [bbotk]  num.trees learner_param_vals  x_domain classif.ce
INFO  [17:24:24.203] [bbotk]      <int>             <list>    <list>      <num>
INFO  [17:24:24.203] [bbotk]        435          <list[2]> <list[1]>  0.1501976
INFO  [17:24:24.401] [bbotk] Starting to optimize 1 parameter(s) with '<OptimizerBatchRandomSearch>' and '<TerminatorEvals> [n_evals=3, k=0]'
INFO  [17:24:24.406] [bbotk] Evaluating 1 configuration(s)
INFO  [17:24:24.807] [bbotk] Result of batch 1:
INFO  [17:24:24.808] [bbotk]  num.trees classif.ce warnings errors runtime_learners
INFO  [17:24:24.808] [bbotk]        458  0.1343874        0      0            0.337
INFO  [17:24:24.808] [bbotk]                                 uhash
INFO  [17:24:24.808] [bbotk]  02d7e8b5-7ec5-48de-8429-57390e6ddcf2
INFO  [17:24:24.814] [bbotk] Evaluating 1 configuration(s)
INFO  [17:24:25.198] [bbotk] Result of batch 2:
INFO  [17:24:25.199] [bbotk]  num.trees classif.ce warnings errors runtime_learners
INFO  [17:24:25.199] [bbotk]        439  0.1330698        0      0             0.34
INFO  [17:24:25.199] [bbotk]                                 uhash
INFO  [17:24:25.199] [bbotk]  8e269331-7c66-4651-80ea-654c1f245dad
INFO  [17:24:25.202] [bbotk] Evaluating 1 configuration(s)
INFO  [17:24:25.597] [bbotk] Result of batch 3:
INFO  [17:24:25.599] [bbotk]  num.trees classif.ce warnings errors runtime_learners
INFO  [17:24:25.599] [bbotk]        469  0.1343874        0      0            0.343
INFO  [17:24:25.599] [bbotk]                                 uhash
INFO  [17:24:25.599] [bbotk]  d03fe5d0-1994-495b-bb3c-c1d9ce709439
INFO  [17:24:25.608] [bbotk] Finished optimizing after 3 evaluation(s)
INFO  [17:24:25.608] [bbotk] Result:
INFO  [17:24:25.609] [bbotk]  num.trees learner_param_vals  x_domain classif.ce
INFO  [17:24:25.609] [bbotk]      <int>             <list>    <list>      <num>
INFO  [17:24:25.609] [bbotk]        439          <list[2]> <list[1]>  0.1330698
INFO  [17:24:25.816] [bbotk] Starting to optimize 1 parameter(s) with '<OptimizerBatchRandomSearch>' and '<TerminatorEvals> [n_evals=3, k=0]'
INFO  [17:24:25.821] [bbotk] Evaluating 1 configuration(s)
INFO  [17:24:26.004] [bbotk] Result of batch 1:
INFO  [17:24:26.006] [bbotk]  num.trees classif.ce warnings errors runtime_learners
INFO  [17:24:26.006] [bbotk]        137  0.1684562        0      0            0.129
INFO  [17:24:26.006] [bbotk]                                 uhash
INFO  [17:24:26.006] [bbotk]  e8620920-493e-4e00-92d6-76c636bacb34
INFO  [17:24:26.013] [bbotk] Evaluating 1 configuration(s)
INFO  [17:24:26.427] [bbotk] Result of batch 2:
INFO  [17:24:26.428] [bbotk]  num.trees classif.ce warnings errors runtime_learners
INFO  [17:24:26.428] [bbotk]        465  0.1605615        0      0            0.361
INFO  [17:24:26.428] [bbotk]                                 uhash
INFO  [17:24:26.428] [bbotk]  af168d92-41c4-4009-a2ee-9e09edd5352a
INFO  [17:24:26.430] [bbotk] Evaluating 1 configuration(s)
INFO  [17:24:26.809] [bbotk] Result of batch 3:
INFO  [17:24:26.810] [bbotk]  num.trees classif.ce warnings errors runtime_learners
INFO  [17:24:26.810] [bbotk]        423  0.1671387        0      0             0.34
INFO  [17:24:26.810] [bbotk]                                 uhash
INFO  [17:24:26.810] [bbotk]  05868bac-ca25-45ca-bf13-a10ff5444698
INFO  [17:24:26.817] [bbotk] Finished optimizing after 3 evaluation(s)
INFO  [17:24:26.817] [bbotk] Result:
INFO  [17:24:26.818] [bbotk]  num.trees learner_param_vals  x_domain classif.ce
INFO  [17:24:26.818] [bbotk]      <int>             <list>    <list>      <num>
INFO  [17:24:26.818] [bbotk]        465          <list[2]> <list[1]>  0.1605615

### [bt]: Job terminated successfully [batchtools job.id=2901]
### [bt]: Starting job [batchtools job.id=2902]
### [bt]: Generating problem instance for problem '6390d9e81da17366' ...
### [bt]: Applying algorithm 'run_learner' on problem '6390d9e81da17366' for job 2902 (seed = 2903) ...
INFO  [17:24:27.344] [mlr3] Applying learner 'classif.ranger.tuned_calib.perfold_platt' on task 'qsar-biodeg' (iter 2/10)
INFO  [17:24:27.416] [bbotk] Starting to optimize 1 parameter(s) with '<OptimizerBatchRandomSearch>' and '<TerminatorEvals> [n_evals=3, k=0]'
INFO  [17:24:27.431] [bbotk] Evaluating 1 configuration(s)
INFO  [17:24:27.785] [bbotk] Result of batch 1:
INFO  [17:24:27.786] [bbotk]  num.trees classif.ce warnings errors runtime_learners
INFO  [17:24:27.786] [bbotk]        376  0.1462451        0      0              0.3
INFO  [17:24:27.786] [bbotk]                                 uhash
INFO  [17:24:27.786] [bbotk]  9d4425f9-cdab-4734-93f5-89fc90f9c050
INFO  [17:24:27.788] [bbotk] Evaluating 1 configuration(s)
INFO  [17:24:28.112] [bbotk] Result of batch 2:
INFO  [17:24:28.113] [bbotk]  num.trees classif.ce warnings errors runtime_learners
INFO  [17:24:28.113] [bbotk]        397  0.1462451        0      0            0.286
INFO  [17:24:28.113] [bbotk]                                 uhash
INFO  [17:24:28.113] [bbotk]  2da2bb0a-b6ea-4e6c-a0f2-2e4edb9cdd28
INFO  [17:24:28.115] [bbotk] Evaluating 1 configuration(s)
INFO  [17:24:28.525] [bbotk] Result of batch 3:
INFO  [17:24:28.531] [bbotk]  num.trees classif.ce warnings errors runtime_learners
INFO  [17:24:28.531] [bbotk]        483    0.14361        0      0            0.368
INFO  [17:24:28.531] [bbotk]                                 uhash
INFO  [17:24:28.531] [bbotk]  eaa3dc3d-188e-4408-a1a3-cd1951ce0832
INFO  [17:24:28.543] [bbotk] Finished optimizing after 3 evaluation(s)
INFO  [17:24:28.543] [bbotk] Result:
INFO  [17:24:28.544] [bbotk]  num.trees learner_param_vals  x_domain classif.ce
INFO  [17:24:28.544] [bbotk]      <int>             <list>    <list>      <num>
INFO  [17:24:28.544] [bbotk]        483          <list[2]> <list[1]>    0.14361
INFO  [17:24:28.782] [bbotk] Starting to optimize 1 parameter(s) with '<OptimizerBatchRandomSearch>' and '<TerminatorEvals> [n_evals=3, k=0]'
INFO  [17:24:28.787] [bbotk] Evaluating 1 configuration(s)
INFO  [17:24:28.967] [bbotk] Result of batch 1:
INFO  [17:24:28.968] [bbotk]  num.trees classif.ce warnings errors runtime_learners
INFO  [17:24:28.968] [bbotk]        166  0.1422925        0      0            0.135
INFO  [17:24:28.968] [bbotk]                                 uhash
INFO  [17:24:28.968] [bbotk]  0ff6762a-0979-491e-bcb1-c97a0de663be
INFO  [17:24:28.970] [bbotk] Evaluating 1 configuration(s)
INFO  [17:24:29.220] [bbotk] Result of batch 2:
INFO  [17:24:29.223] [bbotk]  num.trees classif.ce warnings errors runtime_learners
INFO  [17:24:29.223] [bbotk]        236  0.1488801        0      0            0.183
INFO  [17:24:29.223] [bbotk]                                 uhash
INFO  [17:24:29.223] [bbotk]  95bd94a6-435a-455d-9185-c5946da1454d
INFO  [17:24:29.232] [bbotk] Evaluating 1 configuration(s)
INFO  [17:24:29.612] [bbotk] Result of batch 3:
INFO  [17:24:29.614] [bbotk]  num.trees classif.ce warnings errors runtime_learners
INFO  [17:24:29.614] [bbotk]        478   0.140975        0      0            0.348
INFO  [17:24:29.614] [bbotk]                                 uhash
INFO  [17:24:29.614] [bbotk]  1e128c03-4f83-4570-9043-068d73411b41
INFO  [17:24:29.630] [bbotk] Finished optimizing after 3 evaluation(s)
INFO  [17:24:29.631] [bbotk] Result:
INFO  [17:24:29.632] [bbotk]  num.trees learner_param_vals  x_domain classif.ce
INFO  [17:24:29.632] [bbotk]      <int>             <list>    <list>      <num>
INFO  [17:24:29.632] [bbotk]        478          <list[2]> <list[1]>   0.140975
INFO  [17:24:29.839] [bbotk] Starting to optimize 1 parameter(s) with '<OptimizerBatchRandomSearch>' and '<TerminatorEvals> [n_evals=3, k=0]'
INFO  [17:24:29.849] [bbotk] Evaluating 1 configuration(s)
INFO  [17:24:30.052] [bbotk] Result of batch 1:
INFO  [17:24:30.053] [bbotk]  num.trees classif.ce warnings errors runtime_learners
INFO  [17:24:30.053] [bbotk]        200  0.1488801        0      0            0.167
INFO  [17:24:30.053] [bbotk]                                 uhash
INFO  [17:24:30.053] [bbotk]  7f9ba846-826c-45ef-bc34-f1b85f37d211
INFO  [17:24:30.055] [bbotk] Evaluating 1 configuration(s)
INFO  [17:24:30.308] [bbotk] Result of batch 2:
INFO  [17:24:30.309] [bbotk]  num.trees classif.ce warnings errors runtime_learners
INFO  [17:24:30.309] [bbotk]        239  0.1449275        0      0            0.202
INFO  [17:24:30.309] [bbotk]                                 uhash
INFO  [17:24:30.309] [bbotk]  aafba754-dbea-4ce6-b529-45407b21b6aa
INFO  [17:24:30.311] [bbotk] Evaluating 1 configuration(s)
INFO  [17:24:30.564] [bbotk] Result of batch 3:
INFO  [17:24:30.566] [bbotk]  num.trees classif.ce warnings errors runtime_learners
INFO  [17:24:30.566] [bbotk]        251  0.1462451        0      0              0.2
INFO  [17:24:30.566] [bbotk]                                 uhash
INFO  [17:24:30.566] [bbotk]  48e57d40-a9ea-4c2a-ae0b-8e68bce52e69
INFO  [17:24:30.580] [bbotk] Finished optimizing after 3 evaluation(s)
INFO  [17:24:30.580] [bbotk] Result:
INFO  [17:24:30.582] [bbotk]  num.trees learner_param_vals  x_domain classif.ce
INFO  [17:24:30.582] [bbotk]      <int>             <list>    <list>      <num>
INFO  [17:24:30.582] [bbotk]        239          <list[2]> <list[1]>  0.1449275
INFO  [17:24:30.723] [bbotk] Starting to optimize 1 parameter(s) with '<OptimizerBatchRandomSearch>' and '<TerminatorEvals> [n_evals=3, k=0]'
INFO  [17:24:30.741] [bbotk] Evaluating 1 configuration(s)
INFO  [17:24:31.148] [bbotk] Result of batch 1:
INFO  [17:24:31.149] [bbotk]  num.trees classif.ce warnings errors runtime_learners
INFO  [17:24:31.149] [bbotk]        474  0.1330698        0      0            0.358
INFO  [17:24:31.149] [bbotk]                                 uhash
INFO  [17:24:31.149] [bbotk]  a876f6c7-71a3-43e7-a1e5-1be96b18cdf6
INFO  [17:24:31.151] [bbotk] Evaluating 1 configuration(s)
INFO  [17:24:31.483] [bbotk] Result of batch 2:
INFO  [17:24:31.485] [bbotk]  num.trees classif.ce warnings errors runtime_learners
INFO  [17:24:31.485] [bbotk]        375  0.1357049        0      0            0.289
INFO  [17:24:31.485] [bbotk]                                 uhash
INFO  [17:24:31.485] [bbotk]  8d46501a-0a85-4a5c-bbaf-2b2714c3fb2b
INFO  [17:24:31.505] [bbotk] Evaluating 1 configuration(s)
INFO  [17:24:31.717] [bbotk] Result of batch 3:
INFO  [17:24:31.718] [bbotk]  num.trees classif.ce warnings errors runtime_learners
INFO  [17:24:31.718] [bbotk]        232  0.1330698        0      0            0.169
INFO  [17:24:31.718] [bbotk]                                 uhash
INFO  [17:24:31.718] [bbotk]  0a9a3ce3-5cbc-456a-8fd8-32f4a4a17151
INFO  [17:24:31.726] [bbotk] Finished optimizing after 3 evaluation(s)
INFO  [17:24:31.726] [bbotk] Result:
INFO  [17:24:31.727] [bbotk]  num.trees learner_param_vals  x_domain classif.ce
INFO  [17:24:31.727] [bbotk]      <int>             <list>    <list>      <num>
INFO  [17:24:31.727] [bbotk]        474          <list[2]> <list[1]>  0.1330698
INFO  [17:24:31.948] [bbotk] Starting to optimize 1 parameter(s) with '<OptimizerBatchRandomSearch>' and '<TerminatorEvals> [n_evals=3, k=0]'
INFO  [17:24:31.961] [bbotk] Evaluating 1 configuration(s)
INFO  [17:24:32.259] [bbotk] Result of batch 1:
INFO  [17:24:32.259] [bbotk]  num.trees classif.ce warnings errors runtime_learners
INFO  [17:24:32.259] [bbotk]        273  0.1512973        0      0            0.252
INFO  [17:24:32.259] [bbotk]                                 uhash
INFO  [17:24:32.259] [bbotk]  8f233bb2-8cee-42fb-8629-74405fa9e472
INFO  [17:24:32.262] [bbotk] Evaluating 1 configuration(s)
INFO  [17:24:32.428] [bbotk] Result of batch 2:
INFO  [17:24:32.428] [bbotk]  num.trees classif.ce warnings errors runtime_learners
INFO  [17:24:32.428] [bbotk]        122  0.1591765        0      0            0.118
INFO  [17:24:32.428] [bbotk]                                 uhash
INFO  [17:24:32.428] [bbotk]  e308c653-40df-4fc1-9ca2-f110da5d8e3b
INFO  [17:24:32.431] [bbotk] Evaluating 1 configuration(s)
INFO  [17:24:32.764] [bbotk] Result of batch 3:
INFO  [17:24:32.765] [bbotk]  num.trees classif.ce warnings errors runtime_learners
INFO  [17:24:32.765] [bbotk]        360  0.1578849        0      0            0.291
INFO  [17:24:32.765] [bbotk]                                 uhash
INFO  [17:24:32.765] [bbotk]  f7c62a21-0381-49a7-aa18-49e504c82cbc
INFO  [17:24:32.772] [bbotk] Finished optimizing after 3 evaluation(s)
INFO  [17:24:32.773] [bbotk] Result:
INFO  [17:24:32.773] [bbotk]  num.trees learner_param_vals  x_domain classif.ce
INFO  [17:24:32.773] [bbotk]      <int>             <list>    <list>      <num>
INFO  [17:24:32.773] [bbotk]        273          <list[2]> <list[1]>  0.1512973

### [bt]: Job terminated successfully [batchtools job.id=2902]
### [bt]: Starting job [batchtools job.id=2903]
### [bt]: Generating problem instance for problem '6390d9e81da17366' ...
### [bt]: Applying algorithm 'run_learner' on problem '6390d9e81da17366' for job 2903 (seed = 2904) ...
INFO  [17:24:33.292] [mlr3] Applying learner 'classif.ranger.tuned_calib.perfold_platt' on task 'qsar-biodeg' (iter 3/10)
INFO  [17:24:33.414] [bbotk] Starting to optimize 1 parameter(s) with '<OptimizerBatchRandomSearch>' and '<TerminatorEvals> [n_evals=3, k=0]'
INFO  [17:24:33.428] [bbotk] Evaluating 1 configuration(s)
INFO  [17:24:33.713] [bbotk] Result of batch 1:
INFO  [17:24:33.714] [bbotk]  num.trees classif.ce warnings errors runtime_learners
INFO  [17:24:33.714] [bbotk]        226  0.1264822        0      0            0.198
INFO  [17:24:33.714] [bbotk]                                 uhash
INFO  [17:24:33.714] [bbotk]  b563567f-b23d-431e-a217-afafbaa38716
INFO  [17:24:33.717] [bbotk] Evaluating 1 configuration(s)
INFO  [17:24:34.058] [bbotk] Result of batch 2:
INFO  [17:24:34.059] [bbotk]  num.trees classif.ce warnings errors runtime_learners
INFO  [17:24:34.059] [bbotk]        426  0.1238472        0      0            0.305
INFO  [17:24:34.059] [bbotk]                                 uhash
INFO  [17:24:34.059] [bbotk]  e1bbd52f-1022-4d81-9c76-20d2beb796e8
INFO  [17:24:34.061] [bbotk] Evaluating 1 configuration(s)
INFO  [17:24:34.205] [bbotk] Result of batch 3:
INFO  [17:24:34.207] [bbotk]  num.trees classif.ce warnings errors runtime_learners
INFO  [17:24:34.207] [bbotk]        122  0.1370224        0      0            0.101
INFO  [17:24:34.207] [bbotk]                                 uhash
INFO  [17:24:34.207] [bbotk]  1c106747-b0a9-40c5-9adb-1bf44cbc4ce4
INFO  [17:24:34.215] [bbotk] Finished optimizing after 3 evaluation(s)
INFO  [17:24:34.216] [bbotk] Result:
INFO  [17:24:34.216] [bbotk]  num.trees learner_param_vals  x_domain classif.ce
INFO  [17:24:34.216] [bbotk]      <int>             <list>    <list>      <num>
INFO  [17:24:34.216] [bbotk]        426          <list[2]> <list[1]>  0.1238472
INFO  [17:24:34.447] [bbotk] Starting to optimize 1 parameter(s) with '<OptimizerBatchRandomSearch>' and '<TerminatorEvals> [n_evals=3, k=0]'
INFO  [17:24:34.463] [bbotk] Evaluating 1 configuration(s)
INFO  [17:24:34.666] [bbotk] Result of batch 1:
INFO  [17:24:34.672] [bbotk]  num.trees classif.ce warnings errors runtime_learners
INFO  [17:24:34.672] [bbotk]        151  0.1212121        0      0            0.155
INFO  [17:24:34.672] [bbotk]                                 uhash
INFO  [17:24:34.672] [bbotk]  28b2b302-1eff-4120-a9ad-c9cd38134517
INFO  [17:24:34.677] [bbotk] Evaluating 1 configuration(s)
INFO  [17:24:35.068] [bbotk] Result of batch 2:
INFO  [17:24:35.069] [bbotk]  num.trees classif.ce warnings errors runtime_learners
INFO  [17:24:35.069] [bbotk]        500  0.1185771        0      0             0.35
INFO  [17:24:35.069] [bbotk]                                 uhash
INFO  [17:24:35.069] [bbotk]  9f7fd325-1ae6-427e-9c56-e6b0997b69d9
INFO  [17:24:35.073] [bbotk] Evaluating 1 configuration(s)
INFO  [17:24:35.369] [bbotk] Result of batch 3:
INFO  [17:24:35.370] [bbotk]  num.trees classif.ce warnings errors runtime_learners
INFO  [17:24:35.370] [bbotk]        376  0.1185771        0      0            0.253
INFO  [17:24:35.370] [bbotk]                                 uhash
INFO  [17:24:35.370] [bbotk]  fda8fa1d-e38d-4a45-90ef-57b4841db404
INFO  [17:24:35.400] [bbotk] Finished optimizing after 3 evaluation(s)
INFO  [17:24:35.401] [bbotk] Result:
INFO  [17:24:35.404] [bbotk]  num.trees learner_param_vals  x_domain classif.ce
INFO  [17:24:35.404] [bbotk]      <int>             <list>    <list>      <num>
INFO  [17:24:35.404] [bbotk]        500          <list[2]> <list[1]>  0.1185771
INFO  [17:24:35.660] [bbotk] Starting to optimize 1 parameter(s) with '<OptimizerBatchRandomSearch>' and '<TerminatorEvals> [n_evals=3, k=0]'
INFO  [17:24:35.666] [bbotk] Evaluating 1 configuration(s)
INFO  [17:24:35.931] [bbotk] Result of batch 1:
INFO  [17:24:35.932] [bbotk]  num.trees classif.ce warnings errors runtime_learners
INFO  [17:24:35.932] [bbotk]        270   0.140975        0      0            0.216
INFO  [17:24:35.932] [bbotk]                                 uhash
INFO  [17:24:35.932] [bbotk]  755b9e2e-17d0-4235-aea1-d3f8590a4935
INFO  [17:24:35.936] [bbotk] Evaluating 1 configuration(s)
INFO  [17:24:36.220] [bbotk] Result of batch 2:
INFO  [17:24:36.222] [bbotk]  num.trees classif.ce warnings errors runtime_learners
INFO  [17:24:36.222] [bbotk]        312  0.1449275        0      0            0.229
INFO  [17:24:36.222] [bbotk]                                 uhash
INFO  [17:24:36.222] [bbotk]  464c12ff-f2b2-497b-afa5-a31004166e95
INFO  [17:24:36.230] [bbotk] Evaluating 1 configuration(s)
INFO  [17:24:36.598] [bbotk] Result of batch 3:
INFO  [17:24:36.599] [bbotk]  num.trees classif.ce warnings errors runtime_learners
INFO  [17:24:36.599] [bbotk]        387   0.140975        0      0            0.315
INFO  [17:24:36.599] [bbotk]                                 uhash
INFO  [17:24:36.599] [bbotk]  700de443-bc27-40b4-bd13-da7e4dddf6b8
INFO  [17:24:36.608] [bbotk] Finished optimizing after 3 evaluation(s)
INFO  [17:24:36.609] [bbotk] Result:
INFO  [17:24:36.609] [bbotk]  num.trees learner_param_vals  x_domain classif.ce
INFO  [17:24:36.609] [bbotk]      <int>             <list>    <list>      <num>
INFO  [17:24:36.609] [bbotk]        270          <list[2]> <list[1]>   0.140975
INFO  [17:24:36.767] [bbotk] Starting to optimize 1 parameter(s) with '<OptimizerBatchRandomSearch>' and '<TerminatorEvals> [n_evals=3, k=0]'
INFO  [17:24:36.780] [bbotk] Evaluating 1 configuration(s)
INFO  [17:24:37.020] [bbotk] Result of batch 1:
INFO  [17:24:37.021] [bbotk]  num.trees classif.ce warnings errors runtime_learners
INFO  [17:24:37.021] [bbotk]        234  0.1449275        0      0            0.185
INFO  [17:24:37.021] [bbotk]                                 uhash
INFO  [17:24:37.021] [bbotk]  02138ccc-646c-41fd-b4cc-30ab544c6540
INFO  [17:24:37.025] [bbotk] Evaluating 1 configuration(s)
INFO  [17:24:37.255] [bbotk] Result of batch 2:
INFO  [17:24:37.258] [bbotk]  num.trees classif.ce warnings errors runtime_learners
INFO  [17:24:37.258] [bbotk]        218  0.1422925        0      0            0.179
INFO  [17:24:37.258] [bbotk]                                 uhash
INFO  [17:24:37.258] [bbotk]  5f77b044-cbb4-4b93-b335-5d9b41a22a2b
INFO  [17:24:37.260] [bbotk] Evaluating 1 configuration(s)
INFO  [17:24:37.419] [bbotk] Result of batch 3:
INFO  [17:24:37.420] [bbotk]  num.trees classif.ce warnings errors runtime_learners
INFO  [17:24:37.420] [bbotk]        124  0.1475626        0      0            0.114
INFO  [17:24:37.420] [bbotk]                                 uhash
INFO  [17:24:37.420] [bbotk]  ded3157c-9a1d-4afc-ad45-5ac68c33d967
INFO  [17:24:37.451] [bbotk] Finished optimizing after 3 evaluation(s)
INFO  [17:24:37.451] [bbotk] Result:
INFO  [17:24:37.452] [bbotk]  num.trees learner_param_vals  x_domain classif.ce
INFO  [17:24:37.452] [bbotk]      <int>             <list>    <list>      <num>
INFO  [17:24:37.452] [bbotk]        218          <list[2]> <list[1]>  0.1422925
INFO  [17:24:37.644] [bbotk] Starting to optimize 1 parameter(s) with '<OptimizerBatchRandomSearch>' and '<TerminatorEvals> [n_evals=3, k=0]'
INFO  [17:24:37.650] [bbotk] Evaluating 1 configuration(s)
INFO  [17:24:37.842] [bbotk] Result of batch 1:
INFO  [17:24:37.843] [bbotk]  num.trees classif.ce warnings errors runtime_learners
INFO  [17:24:37.843] [bbotk]        138  0.1499798        0      0            0.137
INFO  [17:24:37.843] [bbotk]                                 uhash
INFO  [17:24:37.843] [bbotk]  25548980-7e1a-4d3a-bf66-291f93c1ad38
INFO  [17:24:37.852] [bbotk] Evaluating 1 configuration(s)
INFO  [17:24:38.077] [bbotk] Result of batch 2:
INFO  [17:24:38.078] [bbotk]  num.trees classif.ce warnings errors runtime_learners
INFO  [17:24:38.078] [bbotk]        173  0.1513129        0      0            0.148
INFO  [17:24:38.078] [bbotk]                                 uhash
INFO  [17:24:38.078] [bbotk]  879c166f-3c8d-4de2-93f2-c945c9755ef7
INFO  [17:24:38.081] [bbotk] Evaluating 1 configuration(s)
INFO  [17:24:38.456] [bbotk] Result of batch 3:
INFO  [17:24:38.458] [bbotk]  num.trees classif.ce warnings errors runtime_learners
INFO  [17:24:38.458] [bbotk]        458   0.142085        0      0            0.332
INFO  [17:24:38.458] [bbotk]                                 uhash
INFO  [17:24:38.458] [bbotk]  f17e8685-c749-4b20-a9bb-1f4475e3221c
INFO  [17:24:38.468] [bbotk] Finished optimizing after 3 evaluation(s)
INFO  [17:24:38.468] [bbotk] Result:
INFO  [17:24:38.469] [bbotk]  num.trees learner_param_vals  x_domain classif.ce
INFO  [17:24:38.469] [bbotk]      <int>             <list>    <list>      <num>
INFO  [17:24:38.469] [bbotk]        458          <list[2]> <list[1]>   0.142085

### [bt]: Job terminated successfully [batchtools job.id=2903]
### [bt]: Starting job [batchtools job.id=2904]
### [bt]: Generating problem instance for problem '6390d9e81da17366' ...
### [bt]: Applying algorithm 'run_learner' on problem '6390d9e81da17366' for job 2904 (seed = 2905) ...
INFO  [17:24:39.041] [mlr3] Applying learner 'classif.ranger.tuned_calib.perfold_platt' on task 'qsar-biodeg' (iter 4/10)
INFO  [17:24:39.130] [bbotk] Starting to optimize 1 parameter(s) with '<OptimizerBatchRandomSearch>' and '<TerminatorEvals> [n_evals=3, k=0]'
INFO  [17:24:39.140] [bbotk] Evaluating 1 configuration(s)
INFO  [17:24:39.443] [bbotk] Result of batch 1:
INFO  [17:24:39.444] [bbotk]  num.trees classif.ce warnings errors runtime_learners
INFO  [17:24:39.444] [bbotk]        307  0.1462451        0      0            0.254
INFO  [17:24:39.444] [bbotk]                                 uhash
INFO  [17:24:39.444] [bbotk]  22c0d37d-d76d-4216-a3ba-a3bb8d391a53
INFO  [17:24:39.446] [bbotk] Evaluating 1 configuration(s)
INFO  [17:24:39.788] [bbotk] Result of batch 2:
INFO  [17:24:39.789] [bbotk]  num.trees classif.ce warnings errors runtime_learners
INFO  [17:24:39.789] [bbotk]        364   0.140975        0      0             0.29
INFO  [17:24:39.789] [bbotk]                                 uhash
INFO  [17:24:39.789] [bbotk]  2126655c-d02e-4413-a345-c837101fb864
INFO  [17:24:39.802] [bbotk] Evaluating 1 configuration(s)
INFO  [17:24:40.227] [bbotk] Result of batch 3:
INFO  [17:24:40.228] [bbotk]  num.trees classif.ce warnings errors runtime_learners
INFO  [17:24:40.228] [bbotk]        452  0.1396574        0      0            0.376
INFO  [17:24:40.228] [bbotk]                                 uhash
INFO  [17:24:40.228] [bbotk]  f38d118b-267c-4c5e-b453-37c8a0ab2a7c
INFO  [17:24:40.234] [bbotk] Finished optimizing after 3 evaluation(s)
INFO  [17:24:40.235] [bbotk] Result:
INFO  [17:24:40.235] [bbotk]  num.trees learner_param_vals  x_domain classif.ce
INFO  [17:24:40.235] [bbotk]      <int>             <list>    <list>      <num>
INFO  [17:24:40.235] [bbotk]        452          <list[2]> <list[1]>  0.1396574
INFO  [17:24:40.453] [bbotk] Starting to optimize 1 parameter(s) with '<OptimizerBatchRandomSearch>' and '<TerminatorEvals> [n_evals=3, k=0]'
INFO  [17:24:40.458] [bbotk] Evaluating 1 configuration(s)
INFO  [17:24:40.745] [bbotk] Result of batch 1:
INFO  [17:24:40.747] [bbotk]  num.trees classif.ce warnings errors runtime_learners
INFO  [17:24:40.747] [bbotk]        327    0.14361        0      0            0.243
INFO  [17:24:40.747] [bbotk]                                 uhash
INFO  [17:24:40.747] [bbotk]  ed96380d-045e-4909-83e5-53c67f73bdc1
INFO  [17:24:40.749] [bbotk] Evaluating 1 configuration(s)
INFO  [17:24:40.919] [bbotk] Result of batch 2:
INFO  [17:24:40.920] [bbotk]  num.trees classif.ce warnings errors runtime_learners
INFO  [17:24:40.920] [bbotk]        158  0.1462451        0      0            0.129
INFO  [17:24:40.920] [bbotk]                                 uhash
INFO  [17:24:40.920] [bbotk]  e453494a-fac2-4231-bc55-bdf21d6a464b
INFO  [17:24:40.923] [bbotk] Evaluating 1 configuration(s)
INFO  [17:24:41.102] [bbotk] Result of batch 3:
INFO  [17:24:41.103] [bbotk]  num.trees classif.ce warnings errors runtime_learners
INFO  [17:24:41.103] [bbotk]        141  0.1383399        0      0            0.133
INFO  [17:24:41.103] [bbotk]                                 uhash
INFO  [17:24:41.103] [bbotk]  d095be84-d023-4a47-934c-37d189f48d07
INFO  [17:24:41.114] [bbotk] Finished optimizing after 3 evaluation(s)
INFO  [17:24:41.115] [bbotk] Result:
INFO  [17:24:41.117] [bbotk]  num.trees learner_param_vals  x_domain classif.ce
INFO  [17:24:41.117] [bbotk]      <int>             <list>    <list>      <num>
INFO  [17:24:41.117] [bbotk]        141          <list[2]> <list[1]>  0.1383399
INFO  [17:24:41.250] [bbotk] Starting to optimize 1 parameter(s) with '<OptimizerBatchRandomSearch>' and '<TerminatorEvals> [n_evals=3, k=0]'
INFO  [17:24:41.255] [bbotk] Evaluating 1 configuration(s)
INFO  [17:24:41.584] [bbotk] Result of batch 1:
INFO  [17:24:41.586] [bbotk]  num.trees classif.ce warnings errors runtime_learners
INFO  [17:24:41.586] [bbotk]        381  0.1317523        0      0             0.29
INFO  [17:24:41.586] [bbotk]                                 uhash
INFO  [17:24:41.586] [bbotk]  be9395ff-71c7-4db5-a5f0-234e0c9d2517
INFO  [17:24:41.590] [bbotk] Evaluating 1 configuration(s)
INFO  [17:24:41.864] [bbotk] Result of batch 2:
INFO  [17:24:41.864] [bbotk]  num.trees classif.ce warnings errors runtime_learners
INFO  [17:24:41.864] [bbotk]        302  0.1370224        0      0            0.231
INFO  [17:24:41.864] [bbotk]                                 uhash
INFO  [17:24:41.864] [bbotk]  3315232d-11dc-4a3f-ae7f-0008a88efab4
INFO  [17:24:41.867] [bbotk] Evaluating 1 configuration(s)
INFO  [17:24:42.107] [bbotk] Result of batch 3:
INFO  [17:24:42.108] [bbotk]  num.trees classif.ce warnings errors runtime_learners
INFO  [17:24:42.108] [bbotk]        259  0.1383399        0      0            0.195
INFO  [17:24:42.108] [bbotk]                                 uhash
INFO  [17:24:42.108] [bbotk]  64efbb7f-a3a5-4ccc-820b-5e9463a54a73
INFO  [17:24:42.129] [bbotk] Finished optimizing after 3 evaluation(s)
INFO  [17:24:42.130] [bbotk] Result:
INFO  [17:24:42.131] [bbotk]  num.trees learner_param_vals  x_domain classif.ce
INFO  [17:24:42.131] [bbotk]      <int>             <list>    <list>      <num>
INFO  [17:24:42.131] [bbotk]        381          <list[2]> <list[1]>  0.1317523
INFO  [17:24:42.343] [bbotk] Starting to optimize 1 parameter(s) with '<OptimizerBatchRandomSearch>' and '<TerminatorEvals> [n_evals=3, k=0]'
INFO  [17:24:42.347] [bbotk] Evaluating 1 configuration(s)
INFO  [17:24:42.656] [bbotk] Result of batch 1:
INFO  [17:24:42.657] [bbotk]  num.trees classif.ce warnings errors runtime_learners
INFO  [17:24:42.657] [bbotk]        322  0.1528327        0      0            0.258
INFO  [17:24:42.657] [bbotk]                                 uhash
INFO  [17:24:42.657] [bbotk]  825564bb-fd77-4fb4-836c-4c7bb7182f10
INFO  [17:24:42.659] [bbotk] Evaluating 1 configuration(s)
INFO  [17:24:42.897] [bbotk] Result of batch 2:
INFO  [17:24:42.898] [bbotk]  num.trees classif.ce warnings errors runtime_learners
INFO  [17:24:42.898] [bbotk]        275  0.1528327        0      0            0.202
INFO  [17:24:42.898] [bbotk]                                 uhash
INFO  [17:24:42.898] [bbotk]  d30db6ad-521a-4d1c-8332-35862040e444
INFO  [17:24:42.901] [bbotk] Evaluating 1 configuration(s)
INFO  [17:24:43.273] [bbotk] Result of batch 3:
INFO  [17:24:43.275] [bbotk]  num.trees classif.ce warnings errors runtime_learners
INFO  [17:24:43.275] [bbotk]        394  0.1488801        0      0            0.307
INFO  [17:24:43.275] [bbotk]                                 uhash
INFO  [17:24:43.275] [bbotk]  beb39e25-aa04-4a34-abbd-bf3832d4e9d0
INFO  [17:24:43.285] [bbotk] Finished optimizing after 3 evaluation(s)
INFO  [17:24:43.285] [bbotk] Result:
INFO  [17:24:43.286] [bbotk]  num.trees learner_param_vals  x_domain classif.ce
INFO  [17:24:43.286] [bbotk]      <int>             <list>    <list>      <num>
INFO  [17:24:43.286] [bbotk]        394          <list[2]> <list[1]>  0.1488801
INFO  [17:24:43.492] [bbotk] Starting to optimize 1 parameter(s) with '<OptimizerBatchRandomSearch>' and '<TerminatorEvals> [n_evals=3, k=0]'
INFO  [17:24:43.496] [bbotk] Evaluating 1 configuration(s)
INFO  [17:24:43.910] [bbotk] Result of batch 1:
INFO  [17:24:43.911] [bbotk]  num.trees classif.ce warnings errors runtime_learners
INFO  [17:24:43.911] [bbotk]        492  0.1184007        0      0            0.363
INFO  [17:24:43.911] [bbotk]                                 uhash
INFO  [17:24:43.911] [bbotk]  dfc55211-4460-4d9a-9e2d-c1b697b92bcc
INFO  [17:24:43.916] [bbotk] Evaluating 1 configuration(s)
INFO  [17:24:44.215] [bbotk] Result of batch 2:
INFO  [17:24:44.216] [bbotk]  num.trees classif.ce warnings errors runtime_learners
INFO  [17:24:44.216] [bbotk]        344  0.1157709        0      0             0.25
INFO  [17:24:44.216] [bbotk]                                 uhash
INFO  [17:24:44.216] [bbotk]  af3a1602-d152-4dad-8fbf-d26fdf334018
INFO  [17:24:44.218] [bbotk] Evaluating 1 configuration(s)
INFO  [17:24:44.443] [bbotk] Result of batch 3:
INFO  [17:24:44.444] [bbotk]  num.trees classif.ce warnings errors runtime_learners
INFO  [17:24:44.444] [bbotk]        214  0.1196975        0      0            0.186
INFO  [17:24:44.444] [bbotk]                                 uhash
INFO  [17:24:44.444] [bbotk]  f062d3dc-a2fc-4f46-8e3e-bb5cc71e0163
INFO  [17:24:44.461] [bbotk] Finished optimizing after 3 evaluation(s)
INFO  [17:24:44.461] [bbotk] Result:
INFO  [17:24:44.462] [bbotk]  num.trees learner_param_vals  x_domain classif.ce
INFO  [17:24:44.462] [bbotk]      <int>             <list>    <list>      <num>
INFO  [17:24:44.462] [bbotk]        344          <list[2]> <list[1]>  0.1157709

### [bt]: Job terminated successfully [batchtools job.id=2904]
### [bt]: Starting job [batchtools job.id=2905]
### [bt]: Generating problem instance for problem '6390d9e81da17366' ...
### [bt]: Applying algorithm 'run_learner' on problem '6390d9e81da17366' for job 2905 (seed = 2906) ...
INFO  [17:24:44.923] [mlr3] Applying learner 'classif.ranger.tuned_calib.perfold_platt' on task 'qsar-biodeg' (iter 5/10)
INFO  [17:24:45.009] [bbotk] Starting to optimize 1 parameter(s) with '<OptimizerBatchRandomSearch>' and '<TerminatorEvals> [n_evals=3, k=0]'
INFO  [17:24:45.024] [bbotk] Evaluating 1 configuration(s)
INFO  [17:24:45.310] [bbotk] Result of batch 1:
INFO  [17:24:45.312] [bbotk]  num.trees classif.ce warnings errors runtime_learners
INFO  [17:24:45.312] [bbotk]        310  0.1212121        0      0            0.231
INFO  [17:24:45.312] [bbotk]                                 uhash
INFO  [17:24:45.312] [bbotk]  8d8ff5c7-3243-45f5-8d64-040f0db47671
INFO  [17:24:45.323] [bbotk] Evaluating 1 configuration(s)
INFO  [17:24:45.517] [bbotk] Result of batch 2:
INFO  [17:24:45.519] [bbotk]  num.trees classif.ce warnings errors runtime_learners
INFO  [17:24:45.519] [bbotk]        173  0.1277997        0      0            0.149
INFO  [17:24:45.519] [bbotk]                                 uhash
INFO  [17:24:45.519] [bbotk]  8cfd99a6-a91e-47fb-980f-0ed721eb9467
INFO  [17:24:45.523] [bbotk] Evaluating 1 configuration(s)
INFO  [17:24:45.909] [bbotk] Result of batch 3:
INFO  [17:24:45.909] [bbotk]  num.trees classif.ce warnings errors runtime_learners
INFO  [17:24:45.909] [bbotk]        443  0.1251647        0      0            0.345
INFO  [17:24:45.909] [bbotk]                                 uhash
INFO  [17:24:45.909] [bbotk]  c2dcd608-1945-4c45-8ee4-c711478ab3ca
INFO  [17:24:45.921] [bbotk] Finished optimizing after 3 evaluation(s)
INFO  [17:24:45.922] [bbotk] Result:
INFO  [17:24:45.923] [bbotk]  num.trees learner_param_vals  x_domain classif.ce
INFO  [17:24:45.923] [bbotk]      <int>             <list>    <list>      <num>
INFO  [17:24:45.923] [bbotk]        310          <list[2]> <list[1]>  0.1212121
INFO  [17:24:46.073] [bbotk] Starting to optimize 1 parameter(s) with '<OptimizerBatchRandomSearch>' and '<TerminatorEvals> [n_evals=3, k=0]'
INFO  [17:24:46.084] [bbotk] Evaluating 1 configuration(s)
INFO  [17:24:46.505] [bbotk] Result of batch 1:
INFO  [17:24:46.506] [bbotk]  num.trees classif.ce warnings errors runtime_learners
INFO  [17:24:46.506] [bbotk]        499  0.1264822        0      0            0.367
INFO  [17:24:46.506] [bbotk]                                 uhash
INFO  [17:24:46.506] [bbotk]  5a1c2649-ea45-4c07-b95a-8a4e5663afb8
INFO  [17:24:46.508] [bbotk] Evaluating 1 configuration(s)
INFO  [17:24:46.740] [bbotk] Result of batch 2:
INFO  [17:24:46.741] [bbotk]  num.trees classif.ce warnings errors runtime_learners
INFO  [17:24:46.741] [bbotk]        249  0.1304348        0      0            0.195
INFO  [17:24:46.741] [bbotk]                                 uhash
INFO  [17:24:46.741] [bbotk]  67859aa7-3310-4323-aedd-2cce1e95dbc4
INFO  [17:24:46.746] [bbotk] Evaluating 1 configuration(s)
INFO  [17:24:47.051] [bbotk] Result of batch 3:
INFO  [17:24:47.052] [bbotk]  num.trees classif.ce warnings errors runtime_learners
INFO  [17:24:47.052] [bbotk]        341  0.1264822        0      0            0.263
INFO  [17:24:47.052] [bbotk]                                 uhash
INFO  [17:24:47.052] [bbotk]  37e6635c-fbe2-441b-b03f-138c59f137b3
INFO  [17:24:47.062] [bbotk] Finished optimizing after 3 evaluation(s)
INFO  [17:24:47.063] [bbotk] Result:
INFO  [17:24:47.063] [bbotk]  num.trees learner_param_vals  x_domain classif.ce
INFO  [17:24:47.063] [bbotk]      <int>             <list>    <list>      <num>
INFO  [17:24:47.063] [bbotk]        499          <list[2]> <list[1]>  0.1264822
INFO  [17:24:47.260] [bbotk] Starting to optimize 1 parameter(s) with '<OptimizerBatchRandomSearch>' and '<TerminatorEvals> [n_evals=3, k=0]'
INFO  [17:24:47.265] [bbotk] Evaluating 1 configuration(s)
INFO  [17:24:47.602] [bbotk] Result of batch 1:
INFO  [17:24:47.603] [bbotk]  num.trees classif.ce warnings errors runtime_learners
INFO  [17:24:47.603] [bbotk]        367  0.1594203        0      0            0.284
INFO  [17:24:47.603] [bbotk]                                 uhash
INFO  [17:24:47.603] [bbotk]  9c57095a-a0f5-49e4-b56c-8d2c3749adf5
INFO  [17:24:47.605] [bbotk] Evaluating 1 configuration(s)
INFO  [17:24:47.783] [bbotk] Result of batch 2:
INFO  [17:24:47.784] [bbotk]  num.trees classif.ce warnings errors runtime_learners
INFO  [17:24:47.784] [bbotk]        154  0.1594203        0      0            0.139
INFO  [17:24:47.784] [bbotk]                                 uhash
INFO  [17:24:47.784] [bbotk]  605812ef-572a-44f2-9db3-c20dde15b06c
INFO  [17:24:47.786] [bbotk] Evaluating 1 configuration(s)
INFO  [17:24:48.005] [bbotk] Result of batch 3:
INFO  [17:24:48.006] [bbotk]  num.trees classif.ce warnings errors runtime_learners
INFO  [17:24:48.006] [bbotk]        195  0.1633729        0      0            0.166
INFO  [17:24:48.006] [bbotk]                                 uhash
INFO  [17:24:48.006] [bbotk]  c8afd091-ff2f-4bda-b1e7-80846239521d
INFO  [17:24:48.012] [bbotk] Finished optimizing after 3 evaluation(s)
INFO  [17:24:48.013] [bbotk] Result:
INFO  [17:24:48.014] [bbotk]  num.trees learner_param_vals  x_domain classif.ce
INFO  [17:24:48.014] [bbotk]      <int>             <list>    <list>      <num>
INFO  [17:24:48.014] [bbotk]        367          <list[2]> <list[1]>  0.1594203
INFO  [17:24:48.205] [bbotk] Starting to optimize 1 parameter(s) with '<OptimizerBatchRandomSearch>' and '<TerminatorEvals> [n_evals=3, k=0]'
INFO  [17:24:48.209] [bbotk] Evaluating 1 configuration(s)
INFO  [17:24:48.415] [bbotk] Result of batch 1:
INFO  [17:24:48.422] [bbotk]  num.trees classif.ce warnings errors runtime_learners
INFO  [17:24:48.422] [bbotk]        209  0.1396574        0      0            0.161
INFO  [17:24:48.422] [bbotk]                                 uhash
INFO  [17:24:48.422] [bbotk]  491a7fd0-7915-4187-a639-6bea3bae5ca2
INFO  [17:24:48.428] [bbotk] Evaluating 1 configuration(s)
INFO  [17:24:48.684] [bbotk] Result of batch 2:
INFO  [17:24:48.687] [bbotk]  num.trees classif.ce warnings errors runtime_learners
INFO  [17:24:48.687] [bbotk]        253   0.140975        0      0              0.2
INFO  [17:24:48.687] [bbotk]                                 uhash
INFO  [17:24:48.687] [bbotk]  55690dbc-79d5-47e1-b2ed-c8b4dfd8db61
INFO  [17:24:48.693] [bbotk] Evaluating 1 configuration(s)
INFO  [17:24:49.003] [bbotk] Result of batch 3:
INFO  [17:24:49.003] [bbotk]  num.trees classif.ce warnings errors runtime_learners
INFO  [17:24:49.003] [bbotk]        320    0.14361        0      0            0.233
INFO  [17:24:49.003] [bbotk]                                 uhash
INFO  [17:24:49.003] [bbotk]  ad6a2b32-f431-4b2f-a33b-3bbcd5544783
INFO  [17:24:49.009] [bbotk] Finished optimizing after 3 evaluation(s)
INFO  [17:24:49.010] [bbotk] Result:
INFO  [17:24:49.010] [bbotk]  num.trees learner_param_vals  x_domain classif.ce
INFO  [17:24:49.010] [bbotk]      <int>             <list>    <list>      <num>
INFO  [17:24:49.010] [bbotk]        209          <list[2]> <list[1]>  0.1396574
INFO  [17:24:49.162] [bbotk] Starting to optimize 1 parameter(s) with '<OptimizerBatchRandomSearch>' and '<TerminatorEvals> [n_evals=3, k=0]'
INFO  [17:24:49.167] [bbotk] Evaluating 1 configuration(s)
INFO  [17:24:49.547] [bbotk] Result of batch 1:
INFO  [17:24:49.547] [bbotk]  num.trees classif.ce warnings errors runtime_learners
INFO  [17:24:49.547] [bbotk]        444  0.1513284        0      0            0.339
INFO  [17:24:49.547] [bbotk]                                 uhash
INFO  [17:24:49.547] [bbotk]  41b9d0a8-ded2-49cd-b966-70daa0ce0dcc
INFO  [17:24:49.550] [bbotk] Evaluating 1 configuration(s)
INFO  [17:24:49.713] [bbotk] Result of batch 2:
INFO  [17:24:49.714] [bbotk]  num.trees classif.ce warnings errors runtime_learners
INFO  [17:24:49.714] [bbotk]        123  0.1486986        0      0            0.119
INFO  [17:24:49.714] [bbotk]                                 uhash
INFO  [17:24:49.714] [bbotk]  1293923a-b161-4165-a70b-83442c1d7cdb
INFO  [17:24:49.717] [bbotk] Evaluating 1 configuration(s)
INFO  [17:24:50.057] [bbotk] Result of batch 3:
INFO  [17:24:50.058] [bbotk]  num.trees classif.ce warnings errors runtime_learners
INFO  [17:24:50.058] [bbotk]        441  0.1526408        0      0            0.306
INFO  [17:24:50.058] [bbotk]                                 uhash
INFO  [17:24:50.058] [bbotk]  9298fb4d-bc2f-4f88-abe1-1fb862a29354
INFO  [17:24:50.064] [bbotk] Finished optimizing after 3 evaluation(s)
INFO  [17:24:50.065] [bbotk] Result:
INFO  [17:24:50.065] [bbotk]  num.trees learner_param_vals  x_domain classif.ce
INFO  [17:24:50.065] [bbotk]      <int>             <list>    <list>      <num>
INFO  [17:24:50.065] [bbotk]        123          <list[2]> <list[1]>  0.1486986

### [bt]: Job terminated successfully [batchtools job.id=2905]
### [bt]: Calculation finished!
