### [bt]: This is batchtools v0.9.17
### [bt]: Starting calculation of 5 jobs
### [bt]: Setting working directory to '/Users/User/Documents/Studium/Semester8/Hiwi/mlr3calibration/vignettes'
### [bt]: Memory measurement disabled
### [bt]: Starting job [batchtools job.id=1286]
### [bt]: Generating problem instance for problem '78e20b4b43a56ff6' ...
### [bt]: Applying algorithm 'run_learner' on problem '78e20b4b43a56ff6' for job 1286 (seed = 1287) ...
INFO  [16:49:41.690] [mlr3] Applying learner 'classif.naive_bayes.tuned_calib.tunefirst.perfold_beta' on task 'pc3' (iter 6/10)
INFO  [16:49:41.761] [bbotk] Starting to optimize 1 parameter(s) with '<OptimizerBatchRandomSearch>' and '<TerminatorEvals> [n_evals=3, k=0]'
INFO  [16:49:41.773] [bbotk] Evaluating 1 configuration(s)
INFO  [16:49:42.220] [bbotk] Result of batch 1:
INFO  [16:49:42.221] [bbotk]    laplace classif.ce warnings errors runtime_learners
INFO  [16:49:42.221] [bbotk]  0.4658509  0.5046198        0      0            0.395
INFO  [16:49:42.221] [bbotk]                                 uhash
INFO  [16:49:42.221] [bbotk]  00de5fcd-a54d-4d3a-b10f-f83c31d7afa1
INFO  [16:49:42.224] [bbotk] Evaluating 1 configuration(s)
INFO  [16:49:42.730] [bbotk] Result of batch 2:
INFO  [16:49:42.733] [bbotk]   laplace classif.ce warnings errors runtime_learners
INFO  [16:49:42.733] [bbotk]  0.548655  0.5046198        0      0            0.436
INFO  [16:49:42.733] [bbotk]                                 uhash
INFO  [16:49:42.733] [bbotk]  432bf17a-6c38-4161-8ac2-332e6747f9e9
INFO  [16:49:42.739] [bbotk] Evaluating 1 configuration(s)
INFO  [16:49:43.263] [bbotk] Result of batch 3:
INFO  [16:49:43.269] [bbotk]    laplace classif.ce warnings errors runtime_learners
INFO  [16:49:43.269] [bbotk]  0.4819934  0.5046198        0      0            0.457
INFO  [16:49:43.269] [bbotk]                                 uhash
INFO  [16:49:43.269] [bbotk]  99b80725-2ffb-4280-9671-92cf71c07a00
INFO  [16:49:43.276] [bbotk] Finished optimizing after 3 evaluation(s)
INFO  [16:49:43.277] [bbotk] Result:
INFO  [16:49:43.277] [bbotk]    laplace learner_param_vals  x_domain classif.ce
INFO  [16:49:43.277] [bbotk]      <num>             <list>    <list>      <num>
INFO  [16:49:43.277] [bbotk]  0.4658509          <list[1]> <list[1]>  0.5046198
[1] -8.222077
[1] -3.744091
[1] -7.517835
[1] -3.242161
[1] -8.036604
[1] 8.698709
[1] -4.339545
[1] 3.917202
[1] -5.026203
[1] 1.030249

### [bt]: Job terminated successfully [batchtools job.id=1286]
### [bt]: Starting job [batchtools job.id=1287]
### [bt]: Generating problem instance for problem '78e20b4b43a56ff6' ...
### [bt]: Applying algorithm 'run_learner' on problem '78e20b4b43a56ff6' for job 1287 (seed = 1288) ...
INFO  [16:49:44.194] [mlr3] Applying learner 'classif.naive_bayes.tuned_calib.tunefirst.perfold_beta' on task 'pc3' (iter 7/10)
INFO  [16:49:44.252] [bbotk] Starting to optimize 1 parameter(s) with '<OptimizerBatchRandomSearch>' and '<TerminatorEvals> [n_evals=3, k=0]'
INFO  [16:49:44.259] [bbotk] Evaluating 1 configuration(s)
INFO  [16:49:44.717] [bbotk] Result of batch 1:
INFO  [16:49:44.719] [bbotk]   laplace classif.ce warnings errors runtime_learners
INFO  [16:49:44.719] [bbotk]  0.933799  0.5138593        0      0            0.415
INFO  [16:49:44.719] [bbotk]                                 uhash
INFO  [16:49:44.719] [bbotk]  60b9c2c7-d222-4618-b194-b2f76c07c383
INFO  [16:49:44.724] [bbotk] Evaluating 1 configuration(s)
INFO  [16:49:45.199] [bbotk] Result of batch 2:
INFO  [16:49:45.200] [bbotk]    laplace classif.ce warnings errors runtime_learners
INFO  [16:49:45.200] [bbotk]  0.3206153  0.5138593        0      0            0.437
INFO  [16:49:45.200] [bbotk]                                 uhash
INFO  [16:49:45.200] [bbotk]  5a732e69-2457-457f-adbd-9771b05c396e
INFO  [16:49:45.203] [bbotk] Evaluating 1 configuration(s)
INFO  [16:49:45.673] [bbotk] Result of batch 3:
INFO  [16:49:45.675] [bbotk]    laplace classif.ce warnings errors runtime_learners
INFO  [16:49:45.675] [bbotk]  0.4996705  0.5138593        0      0            0.413
INFO  [16:49:45.675] [bbotk]                                 uhash
INFO  [16:49:45.675] [bbotk]  6e0a5760-6e82-4590-b75a-a74f813b4d5f
INFO  [16:49:45.694] [bbotk] Finished optimizing after 3 evaluation(s)
INFO  [16:49:45.695] [bbotk] Result:
INFO  [16:49:45.697] [bbotk]   laplace learner_param_vals  x_domain classif.ce
INFO  [16:49:45.697] [bbotk]     <num>             <list>    <list>      <num>
INFO  [16:49:45.697] [bbotk]  0.933799          <list[1]> <list[1]>  0.5138593
[1] -8.203104
[1] -3.167159
[1] -5.002727
[1] -1.638301
Warning in value[[3L]](cond) :
  beta_calibration failed: uniroot endpoint sign mismatch.
This happened PipeOp classif.naive_bayes's $train()
[1] -6.861644
[1] -2.375125
[1] -6.108341
[1] -2.908278
[1] -8.590983
[1] -2.888825

### [bt]: Job terminated successfully [batchtools job.id=1287]
### [bt]: Starting job [batchtools job.id=1288]
### [bt]: Generating problem instance for problem '78e20b4b43a56ff6' ...
### [bt]: Applying algorithm 'run_learner' on problem '78e20b4b43a56ff6' for job 1288 (seed = 1289) ...
INFO  [16:49:46.833] [mlr3] Applying learner 'classif.naive_bayes.tuned_calib.tunefirst.perfold_beta' on task 'pc3' (iter 8/10)
INFO  [16:49:46.883] [bbotk] Starting to optimize 1 parameter(s) with '<OptimizerBatchRandomSearch>' and '<TerminatorEvals> [n_evals=3, k=0]'
INFO  [16:49:46.890] [bbotk] Evaluating 1 configuration(s)
INFO  [16:49:47.332] [bbotk] Result of batch 1:
INFO  [16:49:47.333] [bbotk]    laplace classif.ce warnings errors runtime_learners
INFO  [16:49:47.333] [bbotk]  0.7049036  0.5074627        0      0            0.397
INFO  [16:49:47.333] [bbotk]                                 uhash
INFO  [16:49:47.333] [bbotk]  c4fb3601-cfae-4edd-a037-5dd70eae7736
INFO  [16:49:47.336] [bbotk] Evaluating 1 configuration(s)
INFO  [16:49:47.740] [bbotk] Result of batch 2:
INFO  [16:49:47.741] [bbotk]    laplace classif.ce warnings errors runtime_learners
INFO  [16:49:47.741] [bbotk]  0.6692211  0.5074627        0      0            0.354
INFO  [16:49:47.741] [bbotk]                                 uhash
INFO  [16:49:47.741] [bbotk]  73353c76-e747-41b8-9c4e-b3fb504d21a7
INFO  [16:49:47.752] [bbotk] Evaluating 1 configuration(s)
INFO  [16:49:48.224] [bbotk] Result of batch 3:
INFO  [16:49:48.228] [bbotk]    laplace classif.ce warnings errors runtime_learners
INFO  [16:49:48.228] [bbotk]  0.7007031  0.5074627        0      0             0.44
INFO  [16:49:48.228] [bbotk]                                 uhash
INFO  [16:49:48.228] [bbotk]  b34da556-f146-46f0-832d-dfe401ee6bcc
INFO  [16:49:48.243] [bbotk] Finished optimizing after 3 evaluation(s)
INFO  [16:49:48.244] [bbotk] Result:
INFO  [16:49:48.244] [bbotk]    laplace learner_param_vals  x_domain classif.ce
INFO  [16:49:48.244] [bbotk]      <num>             <list>    <list>      <num>
INFO  [16:49:48.244] [bbotk]  0.7049036          <list[1]> <list[1]>  0.5074627
[1] -8.748643
[1] -3.164057
[1] -1.81881
[1] 11.70323
Warning in value[[3L]](cond) :
  beta_calibration failed: uniroot endpoint sign mismatch.
This happened PipeOp classif.naive_bayes's $train()
[1] -8.198931
[1] -1.743234
[1] -6.333783
[1] -3.277271
Warning in value[[3L]](cond) :
  beta_calibration failed: uniroot endpoint sign mismatch.
This happened PipeOp classif.naive_bayes's $train()
[1] -7.959493
[1] -3.273726

### [bt]: Job terminated successfully [batchtools job.id=1288]
### [bt]: Starting job [batchtools job.id=1289]
### [bt]: Generating problem instance for problem '78e20b4b43a56ff6' ...
### [bt]: Applying algorithm 'run_learner' on problem '78e20b4b43a56ff6' for job 1289 (seed = 1290) ...
INFO  [16:49:49.036] [mlr3] Applying learner 'classif.naive_bayes.tuned_calib.tunefirst.perfold_beta' on task 'pc3' (iter 9/10)
INFO  [16:49:49.070] [bbotk] Starting to optimize 1 parameter(s) with '<OptimizerBatchRandomSearch>' and '<TerminatorEvals> [n_evals=3, k=0]'
INFO  [16:49:49.076] [bbotk] Evaluating 1 configuration(s)
INFO  [16:49:49.528] [bbotk] Result of batch 1:
INFO  [16:49:49.529] [bbotk]    laplace classif.ce warnings errors runtime_learners
INFO  [16:49:49.529] [bbotk]  0.7573415  0.4889837        0      0              0.4
INFO  [16:49:49.529] [bbotk]                                 uhash
INFO  [16:49:49.529] [bbotk]  fe22c58a-59da-4881-b240-a0ae6b61108c
INFO  [16:49:49.533] [bbotk] Evaluating 1 configuration(s)
INFO  [16:49:49.938] [bbotk] Result of batch 2:
INFO  [16:49:49.939] [bbotk]    laplace classif.ce warnings errors runtime_learners
INFO  [16:49:49.939] [bbotk]  0.5166847  0.4889837        0      0            0.365
INFO  [16:49:49.939] [bbotk]                                 uhash
INFO  [16:49:49.939] [bbotk]  d5a37c06-2375-4c5b-9d57-626f86fd543d
INFO  [16:49:49.942] [bbotk] Evaluating 1 configuration(s)
INFO  [16:49:50.430] [bbotk] Result of batch 3:
INFO  [16:49:50.431] [bbotk]   laplace classif.ce warnings errors runtime_learners
INFO  [16:49:50.431] [bbotk]  0.660837  0.4889837        0      0            0.444
INFO  [16:49:50.431] [bbotk]                                 uhash
INFO  [16:49:50.431] [bbotk]  80582a03-1d1f-41eb-96f2-a4a74908f6e2
INFO  [16:49:50.442] [bbotk] Finished optimizing after 3 evaluation(s)
INFO  [16:49:50.442] [bbotk] Result:
INFO  [16:49:50.443] [bbotk]    laplace learner_param_vals  x_domain classif.ce
INFO  [16:49:50.443] [bbotk]      <num>             <list>    <list>      <num>
INFO  [16:49:50.443] [bbotk]  0.7573415          <list[1]> <list[1]>  0.4889837
[1] -1.924504
[1] 7.025613
Warning in value[[3L]](cond) :
  beta_calibration failed: uniroot endpoint sign mismatch.
This happened PipeOp classif.naive_bayes's $train()
[1] -8.591004
[1] -3.313589
[1] -4.404201
[1] 0.717419
Warning in value[[3L]](cond) :
  beta_calibration failed: uniroot endpoint sign mismatch.
This happened PipeOp classif.naive_bayes's $train()
[1] -7.757067
[1] -3.069409
[1] -7.339862
[1] -3.310719

### [bt]: Job terminated successfully [batchtools job.id=1289]
### [bt]: Starting job [batchtools job.id=1290]
### [bt]: Generating problem instance for problem '78e20b4b43a56ff6' ...
### [bt]: Applying algorithm 'run_learner' on problem '78e20b4b43a56ff6' for job 1290 (seed = 1291) ...
INFO  [16:49:51.441] [mlr3] Applying learner 'classif.naive_bayes.tuned_calib.tunefirst.perfold_beta' on task 'pc3' (iter 10/10)
INFO  [16:49:51.496] [bbotk] Starting to optimize 1 parameter(s) with '<OptimizerBatchRandomSearch>' and '<TerminatorEvals> [n_evals=3, k=0]'
INFO  [16:49:51.503] [bbotk] Evaluating 1 configuration(s)
INFO  [16:49:52.016] [bbotk] Result of batch 1:
INFO  [16:49:52.017] [bbotk]    laplace classif.ce warnings errors runtime_learners
INFO  [16:49:52.017] [bbotk]  0.3153893  0.2501777        0      0            0.458
INFO  [16:49:52.017] [bbotk]                                 uhash
INFO  [16:49:52.017] [bbotk]  92aabc0b-a3af-4a7a-80f2-f2d710795148
INFO  [16:49:52.020] [bbotk] Evaluating 1 configuration(s)
INFO  [16:49:52.505] [bbotk] Result of batch 2:
INFO  [16:49:52.506] [bbotk]    laplace classif.ce warnings errors runtime_learners
INFO  [16:49:52.506] [bbotk]  0.4703527  0.2501777        0      0            0.431
INFO  [16:49:52.506] [bbotk]                                 uhash
INFO  [16:49:52.506] [bbotk]  1349658a-2c49-4bbd-99ff-9b75dc83a79c
INFO  [16:49:52.508] [bbotk] Evaluating 1 configuration(s)
INFO  [16:49:53.016] [bbotk] Result of batch 3:
INFO  [16:49:53.023] [bbotk]    laplace classif.ce warnings errors runtime_learners
INFO  [16:49:53.023] [bbotk]  0.1992632  0.2501777        0      0            0.446
INFO  [16:49:53.023] [bbotk]                                 uhash
INFO  [16:49:53.023] [bbotk]  c4ec0fd2-0fa7-43d4-8746-55d7d774e7bc
INFO  [16:49:53.041] [bbotk] Finished optimizing after 3 evaluation(s)
INFO  [16:49:53.042] [bbotk] Result:
INFO  [16:49:53.043] [bbotk]    laplace learner_param_vals  x_domain classif.ce
INFO  [16:49:53.043] [bbotk]      <num>             <list>    <list>      <num>
INFO  [16:49:53.043] [bbotk]  0.3153893          <list[1]> <list[1]>  0.2501777
[1] -10.35277
[1] -2.944049
[1] -5.917475
[1] -1.419752
[1] -2.683554
[1] 4.798824
Warning in value[[3L]](cond) :
  beta_calibration failed: uniroot endpoint sign mismatch.
This happened PipeOp classif.naive_bayes's $train()
[1] -2.651659
[1] 4.485099
Warning in value[[3L]](cond) :
  beta_calibration failed: uniroot endpoint sign mismatch.
This happened PipeOp classif.naive_bayes's $train()
[1] -3.002569
[1] 13.66734

### [bt]: Job terminated successfully [batchtools job.id=1290]
### [bt]: Calculation finished!
