### [bt]: This is batchtools v0.9.17
### [bt]: Starting calculation of 5 jobs
### [bt]: Setting working directory to '/Users/User/Documents/Studium/Semester8/Hiwi/mlr3calibration/vignettes'
### [bt]: Memory measurement disabled
### [bt]: Starting job [batchtools job.id=671]
### [bt]: Generating problem instance for problem '24c2c3a884d818b0' ...
### [bt]: Applying algorithm 'run_learner' on problem '24c2c3a884d818b0' for job 671 (seed = 672) ...
INFO  [16:42:15.372] [mlr3] Applying learner 'classif.xgboost.tuned_calib.oof_beta' on task 'credit-g' (iter 1/10)
Error : <TaskClassif:credit-g> has the following unsupported feature types: factor
This happened PipeOp classif.xgboost's $train()

### [bt]: Job terminated with an exception [batchtools job.id=671]
### [bt]: Starting job [batchtools job.id=672]
### [bt]: Generating problem instance for problem '24c2c3a884d818b0' ...
### [bt]: Applying algorithm 'run_learner' on problem '24c2c3a884d818b0' for job 672 (seed = 673) ...
INFO  [16:42:15.381] [mlr3] Applying learner 'classif.xgboost.tuned_calib.oof_beta' on task 'credit-g' (iter 2/10)
Error : <TaskClassif:credit-g> has the following unsupported feature types: factor
This happened PipeOp classif.xgboost's $train()

### [bt]: Job terminated with an exception [batchtools job.id=672]
### [bt]: Starting job [batchtools job.id=673]
### [bt]: Generating problem instance for problem '24c2c3a884d818b0' ...
### [bt]: Applying algorithm 'run_learner' on problem '24c2c3a884d818b0' for job 673 (seed = 674) ...
INFO  [16:42:15.400] [mlr3] Applying learner 'classif.xgboost.tuned_calib.oof_beta' on task 'credit-g' (iter 3/10)
Error : <TaskClassif:credit-g> has the following unsupported feature types: factor
This happened PipeOp classif.xgboost's $train()

### [bt]: Job terminated with an exception [batchtools job.id=673]
### [bt]: Starting job [batchtools job.id=674]
### [bt]: Generating problem instance for problem '24c2c3a884d818b0' ...
### [bt]: Applying algorithm 'run_learner' on problem '24c2c3a884d818b0' for job 674 (seed = 675) ...
INFO  [16:42:15.412] [mlr3] Applying learner 'classif.xgboost.tuned_calib.oof_beta' on task 'credit-g' (iter 4/10)
Error : <TaskClassif:credit-g> has the following unsupported feature types: factor
This happened PipeOp classif.xgboost's $train()

### [bt]: Job terminated with an exception [batchtools job.id=674]
### [bt]: Starting job [batchtools job.id=675]
### [bt]: Generating problem instance for problem '24c2c3a884d818b0' ...
### [bt]: Applying algorithm 'run_learner' on problem '24c2c3a884d818b0' for job 675 (seed = 676) ...
INFO  [16:42:15.419] [mlr3] Applying learner 'classif.xgboost.tuned_calib.oof_beta' on task 'credit-g' (iter 5/10)
Error : <TaskClassif:credit-g> has the following unsupported feature types: factor
This happened PipeOp classif.xgboost's $train()

### [bt]: Job terminated with an exception [batchtools job.id=675]
### [bt]: Calculation finished!
