### [bt]: This is batchtools v0.9.17
### [bt]: Starting calculation of 5 jobs
### [bt]: Setting working directory to '/Users/User/Documents/Studium/Semester8/Hiwi/mlr3calibration/vignettes'
### [bt]: Memory measurement disabled
### [bt]: Starting job [batchtools job.id=141]
### [bt]: Generating problem instance for problem '70bd5a65df34c4f3' ...
### [bt]: Applying algorithm 'run_learner' on problem '70bd5a65df34c4f3' for job 141 (seed = 142) ...
INFO  [16:38:44.285] [mlr3] Applying learner 'classif.ranger.tuned_calib.oof_platt' on task 'kr-vs-kp' (iter 1/10)
INFO  [16:38:44.342] [bbotk] Starting to optimize 1 parameter(s) with '<OptimizerBatchRandomSearch>' and '<TerminatorEvals> [n_evals=3, k=0]'
INFO  [16:38:44.347] [bbotk] Evaluating 1 configuration(s)
INFO  [16:38:44.887] [bbotk] Result of batch 1:
INFO  [16:38:44.888] [bbotk]  num.trees classif.ce warnings errors runtime_learners
INFO  [16:38:44.888] [bbotk]        306 0.02217846        0      0              0.5
INFO  [16:38:44.888] [bbotk]                                 uhash
INFO  [16:38:44.888] [bbotk]  c25df833-7ad3-4c13-a325-6345b44070f3
INFO  [16:38:44.890] [bbotk] Evaluating 1 configuration(s)
INFO  [16:38:45.739] [bbotk] Result of batch 2:
INFO  [16:38:45.740] [bbotk]  num.trees classif.ce warnings errors runtime_learners
INFO  [16:38:45.740] [bbotk]        468 0.02261476        0      0            0.807
INFO  [16:38:45.740] [bbotk]                                 uhash
INFO  [16:38:45.740] [bbotk]  cfdfb07a-7c43-42f2-8224-132cba208f1f
INFO  [16:38:45.742] [bbotk] Evaluating 1 configuration(s)
INFO  [16:38:46.348] [bbotk] Result of batch 3:
INFO  [16:38:46.349] [bbotk]  num.trees classif.ce warnings errors runtime_learners
INFO  [16:38:46.349] [bbotk]        389 0.02304935        0      0            0.576
INFO  [16:38:46.349] [bbotk]                                 uhash
INFO  [16:38:46.349] [bbotk]  b762b2a5-fcc8-4185-bcb4-0da96dc1fb53
INFO  [16:38:46.362] [bbotk] Finished optimizing after 3 evaluation(s)
INFO  [16:38:46.364] [bbotk] Result:
INFO  [16:38:46.369] [bbotk]  num.trees learner_param_vals  x_domain classif.ce
INFO  [16:38:46.369] [bbotk]      <int>             <list>    <list>      <num>
INFO  [16:38:46.369] [bbotk]        306          <list[2]> <list[1]> 0.02217846
INFO  [16:38:46.662] [bbotk] Starting to optimize 1 parameter(s) with '<OptimizerBatchRandomSearch>' and '<TerminatorEvals> [n_evals=3, k=0]'
INFO  [16:38:46.666] [bbotk] Evaluating 1 configuration(s)
INFO  [16:38:47.322] [bbotk] Result of batch 1:
INFO  [16:38:47.324] [bbotk]  num.trees classif.ce warnings errors runtime_learners
INFO  [16:38:47.324] [bbotk]        390  0.0208605        0      0            0.618
INFO  [16:38:47.324] [bbotk]                                 uhash
INFO  [16:38:47.324] [bbotk]  792914b2-d155-4b58-9750-1a9981aca959
INFO  [16:38:47.329] [bbotk] Evaluating 1 configuration(s)
INFO  [16:38:48.030] [bbotk] Result of batch 2:
INFO  [16:38:48.031] [bbotk]  num.trees classif.ce warnings errors runtime_learners
INFO  [16:38:48.031] [bbotk]        386 0.02216428        0      0            0.656
INFO  [16:38:48.031] [bbotk]                                 uhash
INFO  [16:38:48.031] [bbotk]  c12f8629-79bd-42eb-9364-c3b96e08ba04
INFO  [16:38:48.033] [bbotk] Evaluating 1 configuration(s)
INFO  [16:38:48.373] [bbotk] Result of batch 3:
INFO  [16:38:48.374] [bbotk]  num.trees classif.ce warnings errors runtime_learners
INFO  [16:38:48.374] [bbotk]        144 0.01955671        0      0            0.291
INFO  [16:38:48.374] [bbotk]                                 uhash
INFO  [16:38:48.374] [bbotk]  a03803ef-e18c-46d2-9278-02ccb584f767
INFO  [16:38:48.388] [bbotk] Finished optimizing after 3 evaluation(s)
INFO  [16:38:48.388] [bbotk] Result:
INFO  [16:38:48.389] [bbotk]  num.trees learner_param_vals  x_domain classif.ce
INFO  [16:38:48.389] [bbotk]      <int>             <list>    <list>      <num>
INFO  [16:38:48.389] [bbotk]        144          <list[2]> <list[1]> 0.01955671
INFO  [16:38:48.574] [bbotk] Starting to optimize 1 parameter(s) with '<OptimizerBatchRandomSearch>' and '<TerminatorEvals> [n_evals=3, k=0]'
INFO  [16:38:48.579] [bbotk] Evaluating 1 configuration(s)
INFO  [16:38:48.949] [bbotk] Result of batch 1:
INFO  [16:38:48.950] [bbotk]  num.trees classif.ce warnings errors runtime_learners
INFO  [16:38:48.950] [bbotk]        191  0.0204259        0      0            0.337
INFO  [16:38:48.950] [bbotk]                                 uhash
INFO  [16:38:48.950] [bbotk]  49ca1a81-73f9-4244-bd69-fcc7b4806945
INFO  [16:38:48.952] [bbotk] Evaluating 1 configuration(s)
INFO  [16:38:49.275] [bbotk] Result of batch 2:
INFO  [16:38:49.276] [bbotk]  num.trees classif.ce warnings errors runtime_learners
INFO  [16:38:49.276] [bbotk]        154 0.02172968        0      0            0.287
INFO  [16:38:49.276] [bbotk]                                 uhash
INFO  [16:38:49.276] [bbotk]  0a571e1f-4de4-4faf-a105-29a74b800f47
INFO  [16:38:49.278] [bbotk] Evaluating 1 configuration(s)
INFO  [16:38:50.176] [bbotk] Result of batch 3:
INFO  [16:38:50.178] [bbotk]  num.trees classif.ce warnings errors runtime_learners
INFO  [16:38:50.178] [bbotk]        478 0.02303346        0      0            0.854
INFO  [16:38:50.178] [bbotk]                                 uhash
INFO  [16:38:50.178] [bbotk]  6291a478-8fb7-41dd-bb34-ae6911eb3399
INFO  [16:38:50.190] [bbotk] Finished optimizing after 3 evaluation(s)
INFO  [16:38:50.190] [bbotk] Result:
INFO  [16:38:50.191] [bbotk]  num.trees learner_param_vals  x_domain classif.ce
INFO  [16:38:50.191] [bbotk]      <int>             <list>    <list>      <num>
INFO  [16:38:50.191] [bbotk]        191          <list[2]> <list[1]>  0.0204259
INFO  [16:38:50.449] [bbotk] Starting to optimize 1 parameter(s) with '<OptimizerBatchRandomSearch>' and '<TerminatorEvals> [n_evals=3, k=0]'
INFO  [16:38:50.455] [bbotk] Evaluating 1 configuration(s)
INFO  [16:38:50.878] [bbotk] Result of batch 1:
INFO  [16:38:50.879] [bbotk]  num.trees classif.ce warnings errors runtime_learners
INFO  [16:38:50.879] [bbotk]        191 0.02129509        0      0            0.376
INFO  [16:38:50.879] [bbotk]                                 uhash
INFO  [16:38:50.879] [bbotk]  08d62acd-3314-4c6f-914d-dee58f3988e0
INFO  [16:38:50.882] [bbotk] Evaluating 1 configuration(s)
INFO  [16:38:51.458] [bbotk] Result of batch 2:
INFO  [16:38:51.460] [bbotk]  num.trees classif.ce warnings errors runtime_learners
INFO  [16:38:51.460] [bbotk]        283  0.0204259        0      0            0.538
INFO  [16:38:51.460] [bbotk]                                 uhash
INFO  [16:38:51.460] [bbotk]  3e1f12cc-54b4-4a97-b305-972c9942673d
INFO  [16:38:51.463] [bbotk] Evaluating 1 configuration(s)
INFO  [16:38:51.882] [bbotk] Result of batch 3:
INFO  [16:38:51.883] [bbotk]  num.trees classif.ce warnings errors runtime_learners
INFO  [16:38:51.883] [bbotk]        220 0.02129509        0      0            0.383
INFO  [16:38:51.883] [bbotk]                                 uhash
INFO  [16:38:51.883] [bbotk]  2fd06574-c140-406d-90c5-00d8afb9cdbe
INFO  [16:38:51.889] [bbotk] Finished optimizing after 3 evaluation(s)
INFO  [16:38:51.890] [bbotk] Result:
INFO  [16:38:51.890] [bbotk]  num.trees learner_param_vals  x_domain classif.ce
INFO  [16:38:51.890] [bbotk]      <int>             <list>    <list>      <num>
INFO  [16:38:51.890] [bbotk]        283          <list[2]> <list[1]>  0.0204259
INFO  [16:38:52.142] [bbotk] Starting to optimize 1 parameter(s) with '<OptimizerBatchRandomSearch>' and '<TerminatorEvals> [n_evals=3, k=0]'
INFO  [16:38:52.154] [bbotk] Evaluating 1 configuration(s)
INFO  [16:38:52.772] [bbotk] Result of batch 1:
INFO  [16:38:52.773] [bbotk]  num.trees classif.ce warnings errors runtime_learners
INFO  [16:38:52.773] [bbotk]        382 0.01999131        0      0            0.588
INFO  [16:38:52.773] [bbotk]                                 uhash
INFO  [16:38:52.773] [bbotk]  4845f181-17e2-46f8-b442-88b4fc193fe4
INFO  [16:38:52.775] [bbotk] Evaluating 1 configuration(s)
INFO  [16:38:53.373] [bbotk] Result of batch 2:
INFO  [16:38:53.374] [bbotk]  num.trees classif.ce warnings errors runtime_learners
INFO  [16:38:53.374] [bbotk]        343 0.01868753        0      0            0.565
INFO  [16:38:53.374] [bbotk]                                 uhash
INFO  [16:38:53.374] [bbotk]  47143db7-a09c-4a7b-ab2b-bd9a1012603c
INFO  [16:38:53.376] [bbotk] Evaluating 1 configuration(s)
INFO  [16:38:53.685] [bbotk] Result of batch 3:
INFO  [16:38:53.686] [bbotk]  num.trees classif.ce warnings errors runtime_learners
INFO  [16:38:53.686] [bbotk]        104 0.01781834        0      0            0.258
INFO  [16:38:53.686] [bbotk]                                 uhash
INFO  [16:38:53.686] [bbotk]  3f08c442-2a0a-45e9-adf9-eb4ba03737f4
INFO  [16:38:53.694] [bbotk] Finished optimizing after 3 evaluation(s)
INFO  [16:38:53.694] [bbotk] Result:
INFO  [16:38:53.695] [bbotk]  num.trees learner_param_vals  x_domain classif.ce
INFO  [16:38:53.695] [bbotk]      <int>             <list>    <list>      <num>
INFO  [16:38:53.695] [bbotk]        104          <list[2]> <list[1]> 0.01781834

### [bt]: Job terminated successfully [batchtools job.id=141]
### [bt]: Starting job [batchtools job.id=142]
### [bt]: Generating problem instance for problem '70bd5a65df34c4f3' ...
### [bt]: Applying algorithm 'run_learner' on problem '70bd5a65df34c4f3' for job 142 (seed = 143) ...
INFO  [16:38:53.992] [mlr3] Applying learner 'classif.ranger.tuned_calib.oof_platt' on task 'kr-vs-kp' (iter 2/10)
INFO  [16:38:54.038] [bbotk] Starting to optimize 1 parameter(s) with '<OptimizerBatchRandomSearch>' and '<TerminatorEvals> [n_evals=3, k=0]'
INFO  [16:38:54.044] [bbotk] Evaluating 1 configuration(s)
INFO  [16:38:54.765] [bbotk] Result of batch 1:
INFO  [16:38:54.765] [bbotk]  num.trees classif.ce warnings errors runtime_learners
INFO  [16:38:54.765] [bbotk]        301 0.02173365        0      0            0.679
INFO  [16:38:54.765] [bbotk]                                 uhash
INFO  [16:38:54.765] [bbotk]  1ce70d3a-4046-4f20-bad8-0af021c8bdb7
INFO  [16:38:54.768] [bbotk] Evaluating 1 configuration(s)
INFO  [16:38:55.504] [bbotk] Result of batch 2:
INFO  [16:38:55.505] [bbotk]  num.trees classif.ce warnings errors runtime_learners
INFO  [16:38:55.505] [bbotk]        458 0.02216882        0      0            0.704
INFO  [16:38:55.505] [bbotk]                                 uhash
INFO  [16:38:55.505] [bbotk]  463ff8c3-f8aa-447e-ad38-d3a27019d512
INFO  [16:38:55.508] [bbotk] Evaluating 1 configuration(s)
INFO  [16:38:56.039] [bbotk] Result of batch 3:
INFO  [16:38:56.041] [bbotk]  num.trees classif.ce warnings errors runtime_learners
INFO  [16:38:56.041] [bbotk]        305 0.02390832        0      0            0.492
INFO  [16:38:56.041] [bbotk]                                 uhash
INFO  [16:38:56.041] [bbotk]  d765fa6e-e70e-4e25-b8b1-1714ad755962
INFO  [16:38:56.052] [bbotk] Finished optimizing after 3 evaluation(s)
INFO  [16:38:56.052] [bbotk] Result:
INFO  [16:38:56.052] [bbotk]  num.trees learner_param_vals  x_domain classif.ce
INFO  [16:38:56.052] [bbotk]      <int>             <list>    <list>      <num>
INFO  [16:38:56.052] [bbotk]        301          <list[2]> <list[1]> 0.02173365
INFO  [16:38:56.373] [bbotk] Starting to optimize 1 parameter(s) with '<OptimizerBatchRandomSearch>' and '<TerminatorEvals> [n_evals=3, k=0]'
INFO  [16:38:56.382] [bbotk] Evaluating 1 configuration(s)
INFO  [16:38:57.118] [bbotk] Result of batch 1:
INFO  [16:38:57.119] [bbotk]  num.trees classif.ce warnings errors runtime_learners
INFO  [16:38:57.119] [bbotk]        410 0.02129509        0      0            0.678
INFO  [16:38:57.119] [bbotk]                                 uhash
INFO  [16:38:57.119] [bbotk]  5db3780d-2fd3-443d-88f1-f3ff6f462a40
INFO  [16:38:57.121] [bbotk] Evaluating 1 configuration(s)
INFO  [16:38:58.004] [bbotk] Result of batch 2:
INFO  [16:38:58.006] [bbotk]  num.trees classif.ce warnings errors runtime_learners
INFO  [16:38:58.006] [bbotk]        479 0.02172968        0      0            0.841
INFO  [16:38:58.006] [bbotk]                                 uhash
INFO  [16:38:58.006] [bbotk]  af4492b6-8f13-4e68-84b3-ddfb9e5bad61
INFO  [16:38:58.012] [bbotk] Evaluating 1 configuration(s)
INFO  [16:38:58.588] [bbotk] Result of batch 3:
INFO  [16:38:58.589] [bbotk]  num.trees classif.ce warnings errors runtime_learners
INFO  [16:38:58.589] [bbotk]        291 0.01912212        0      0             0.54
INFO  [16:38:58.589] [bbotk]                                 uhash
INFO  [16:38:58.589] [bbotk]  30158139-a702-4772-a70e-2e7a64fb199d
INFO  [16:38:58.602] [bbotk] Finished optimizing after 3 evaluation(s)
INFO  [16:38:58.602] [bbotk] Result:
INFO  [16:38:58.603] [bbotk]  num.trees learner_param_vals  x_domain classif.ce
INFO  [16:38:58.603] [bbotk]      <int>             <list>    <list>      <num>
INFO  [16:38:58.603] [bbotk]        291          <list[2]> <list[1]> 0.01912212
INFO  [16:38:58.931] [bbotk] Starting to optimize 1 parameter(s) with '<OptimizerBatchRandomSearch>' and '<TerminatorEvals> [n_evals=3, k=0]'
INFO  [16:38:58.939] [bbotk] Evaluating 1 configuration(s)
INFO  [16:38:59.623] [bbotk] Result of batch 1:
INFO  [16:38:59.625] [bbotk]  num.trees classif.ce warnings errors runtime_learners
INFO  [16:38:59.625] [bbotk]        369  0.0204259        0      0            0.648
INFO  [16:38:59.625] [bbotk]                                 uhash
INFO  [16:38:59.625] [bbotk]  4ff45f48-85f7-46f6-a489-2b697ddbf22c
INFO  [16:38:59.628] [bbotk] Evaluating 1 configuration(s)
INFO  [16:39:00.412] [bbotk] Result of batch 2:
INFO  [16:39:00.413] [bbotk]  num.trees classif.ce warnings errors runtime_learners
INFO  [16:39:00.413] [bbotk]        414 0.01955671        0      0            0.736
INFO  [16:39:00.413] [bbotk]                                 uhash
INFO  [16:39:00.413] [bbotk]  ab939224-96c7-4287-9db4-feabfe9ae1e1
INFO  [16:39:00.415] [bbotk] Evaluating 1 configuration(s)
INFO  [16:39:00.905] [bbotk] Result of batch 3:
INFO  [16:39:00.905] [bbotk]  num.trees classif.ce warnings errors runtime_learners
INFO  [16:39:00.905] [bbotk]        235  0.0204259        0      0            0.445
INFO  [16:39:00.905] [bbotk]                                 uhash
INFO  [16:39:00.905] [bbotk]  43d87216-b2d6-4a91-b4eb-4fb2a58eef05
INFO  [16:39:00.912] [bbotk] Finished optimizing after 3 evaluation(s)
INFO  [16:39:00.912] [bbotk] Result:
INFO  [16:39:00.913] [bbotk]  num.trees learner_param_vals  x_domain classif.ce
INFO  [16:39:00.913] [bbotk]      <int>             <list>    <list>      <num>
INFO  [16:39:00.913] [bbotk]        414          <list[2]> <list[1]> 0.01955671
INFO  [16:39:01.393] [bbotk] Starting to optimize 1 parameter(s) with '<OptimizerBatchRandomSearch>' and '<TerminatorEvals> [n_evals=3, k=0]'
INFO  [16:39:01.404] [bbotk] Evaluating 1 configuration(s)
INFO  [16:39:01.965] [bbotk] Result of batch 1:
INFO  [16:39:01.967] [bbotk]  num.trees classif.ce warnings errors runtime_learners
INFO  [16:39:01.967] [bbotk]        276 0.02303346        0      0            0.501
INFO  [16:39:01.967] [bbotk]                                 uhash
INFO  [16:39:01.967] [bbotk]  313d016e-7fe3-46d6-80e2-20956a5dae43
INFO  [16:39:01.977] [bbotk] Evaluating 1 configuration(s)
INFO  [16:39:02.936] [bbotk] Result of batch 2:
INFO  [16:39:02.937] [bbotk]  num.trees classif.ce warnings errors runtime_learners
INFO  [16:39:02.937] [bbotk]        484 0.02303346        0      0            0.921
INFO  [16:39:02.937] [bbotk]                                 uhash
INFO  [16:39:02.937] [bbotk]  591acc9b-3301-4e86-ae09-b9734673ca80
INFO  [16:39:02.939] [bbotk] Evaluating 1 configuration(s)
INFO  [16:39:03.578] [bbotk] Result of batch 3:
INFO  [16:39:03.580] [bbotk]  num.trees classif.ce warnings errors runtime_learners
INFO  [16:39:03.580] [bbotk]        360 0.02259887        0      0            0.603
INFO  [16:39:03.580] [bbotk]                                 uhash
INFO  [16:39:03.580] [bbotk]  b5763706-a0f2-444d-af57-7cbf76c86235
INFO  [16:39:03.590] [bbotk] Finished optimizing after 3 evaluation(s)
INFO  [16:39:03.590] [bbotk] Result:
INFO  [16:39:03.591] [bbotk]  num.trees learner_param_vals  x_domain classif.ce
INFO  [16:39:03.591] [bbotk]      <int>             <list>    <list>      <num>
INFO  [16:39:03.591] [bbotk]        360          <list[2]> <list[1]> 0.02259887
INFO  [16:39:03.916] [bbotk] Starting to optimize 1 parameter(s) with '<OptimizerBatchRandomSearch>' and '<TerminatorEvals> [n_evals=3, k=0]'
INFO  [16:39:03.921] [bbotk] Evaluating 1 configuration(s)
INFO  [16:39:04.681] [bbotk] Result of batch 1:
INFO  [16:39:04.682] [bbotk]  num.trees classif.ce warnings errors runtime_learners
INFO  [16:39:04.682] [bbotk]        373 0.01955671        0      0            0.725
INFO  [16:39:04.682] [bbotk]                                 uhash
INFO  [16:39:04.682] [bbotk]  b091c500-6246-4cfe-a50d-d06276529355
INFO  [16:39:04.684] [bbotk] Evaluating 1 configuration(s)
INFO  [16:39:05.268] [bbotk] Result of batch 2:
INFO  [16:39:05.268] [bbotk]  num.trees classif.ce warnings errors runtime_learners
INFO  [16:39:05.268] [bbotk]        121  0.0208605        0      0            0.529
INFO  [16:39:05.268] [bbotk]                                 uhash
INFO  [16:39:05.268] [bbotk]  f7e430cb-773a-448f-8497-d81dec2f8e8f
INFO  [16:39:05.273] [bbotk] Evaluating 1 configuration(s)
INFO  [16:39:05.557] [bbotk] Result of batch 3:
INFO  [16:39:05.558] [bbotk]  num.trees classif.ce warnings errors runtime_learners
INFO  [16:39:05.558] [bbotk]        100 0.02216428        0      0            0.227
INFO  [16:39:05.558] [bbotk]                                 uhash
INFO  [16:39:05.558] [bbotk]  639144b2-ba15-41e9-a9b5-3d89fc17b07a
INFO  [16:39:05.565] [bbotk] Finished optimizing after 3 evaluation(s)
INFO  [16:39:05.565] [bbotk] Result:
INFO  [16:39:05.566] [bbotk]  num.trees learner_param_vals  x_domain classif.ce
INFO  [16:39:05.566] [bbotk]      <int>             <list>    <list>      <num>
INFO  [16:39:05.566] [bbotk]        373          <list[2]> <list[1]> 0.01955671

### [bt]: Job terminated successfully [batchtools job.id=142]
### [bt]: Starting job [batchtools job.id=143]
### [bt]: Generating problem instance for problem '70bd5a65df34c4f3' ...
### [bt]: Applying algorithm 'run_learner' on problem '70bd5a65df34c4f3' for job 143 (seed = 144) ...
INFO  [16:39:06.202] [mlr3] Applying learner 'classif.ranger.tuned_calib.oof_platt' on task 'kr-vs-kp' (iter 3/10)
INFO  [16:39:06.260] [bbotk] Starting to optimize 1 parameter(s) with '<OptimizerBatchRandomSearch>' and '<TerminatorEvals> [n_evals=3, k=0]'
INFO  [16:39:06.264] [bbotk] Evaluating 1 configuration(s)
INFO  [16:39:06.830] [bbotk] Result of batch 1:
INFO  [16:39:06.831] [bbotk]  num.trees classif.ce warnings errors runtime_learners
INFO  [16:39:06.831] [bbotk]        303  0.0186949        0      0            0.524
INFO  [16:39:06.831] [bbotk]                                 uhash
INFO  [16:39:06.831] [bbotk]  628cdf13-5da9-45df-8ed6-e7dbafa8a8f4
INFO  [16:39:06.834] [bbotk] Evaluating 1 configuration(s)
INFO  [16:39:07.464] [bbotk] Result of batch 2:
INFO  [16:39:07.466] [bbotk]  num.trees classif.ce warnings errors runtime_learners
INFO  [16:39:07.466] [bbotk]        302  0.0186949        0      0            0.565
INFO  [16:39:07.466] [bbotk]                                 uhash
INFO  [16:39:07.466] [bbotk]  262899e6-7a51-46b9-a952-37ce4fae0c33
INFO  [16:39:07.470] [bbotk] Evaluating 1 configuration(s)
INFO  [16:39:07.997] [bbotk] Result of batch 3:
INFO  [16:39:07.998] [bbotk]  num.trees classif.ce warnings errors runtime_learners
INFO  [16:39:07.998] [bbotk]        259 0.01782515        0      0            0.487
INFO  [16:39:07.998] [bbotk]                                 uhash
INFO  [16:39:07.998] [bbotk]  a06339da-8baa-4adb-ba54-b7bcd4439d26
INFO  [16:39:08.012] [bbotk] Finished optimizing after 3 evaluation(s)
INFO  [16:39:08.013] [bbotk] Result:
INFO  [16:39:08.013] [bbotk]  num.trees learner_param_vals  x_domain classif.ce
INFO  [16:39:08.013] [bbotk]      <int>             <list>    <list>      <num>
INFO  [16:39:08.013] [bbotk]        259          <list[2]> <list[1]> 0.01782515
INFO  [16:39:08.266] [bbotk] Starting to optimize 1 parameter(s) with '<OptimizerBatchRandomSearch>' and '<TerminatorEvals> [n_evals=3, k=0]'
INFO  [16:39:08.271] [bbotk] Evaluating 1 configuration(s)
INFO  [16:39:09.072] [bbotk] Result of batch 1:
INFO  [16:39:09.073] [bbotk]  num.trees classif.ce warnings errors runtime_learners
INFO  [16:39:09.073] [bbotk]        427 0.02216428        0      0            0.757
INFO  [16:39:09.073] [bbotk]                                 uhash
INFO  [16:39:09.073] [bbotk]  8370ee0e-99b9-48f4-a3a5-6fc6217ad256
INFO  [16:39:09.075] [bbotk] Evaluating 1 configuration(s)
INFO  [16:39:09.676] [bbotk] Result of batch 2:
INFO  [16:39:09.677] [bbotk]  num.trees classif.ce warnings errors runtime_learners
INFO  [16:39:09.677] [bbotk]        350  0.0208605        0      0            0.564
INFO  [16:39:09.677] [bbotk]                                 uhash
INFO  [16:39:09.677] [bbotk]  09662be3-f787-4a70-8d05-1a555e4cb986
INFO  [16:39:09.680] [bbotk] Evaluating 1 configuration(s)
INFO  [16:39:10.528] [bbotk] Result of batch 3:
INFO  [16:39:10.530] [bbotk]  num.trees classif.ce warnings errors runtime_learners
INFO  [16:39:10.530] [bbotk]        417 0.01955671        0      0            0.809
INFO  [16:39:10.530] [bbotk]                                 uhash
INFO  [16:39:10.530] [bbotk]  69952276-eb0d-4ecb-971c-9fc9d44a3f39
INFO  [16:39:10.540] [bbotk] Finished optimizing after 3 evaluation(s)
INFO  [16:39:10.541] [bbotk] Result:
INFO  [16:39:10.543] [bbotk]  num.trees learner_param_vals  x_domain classif.ce
INFO  [16:39:10.543] [bbotk]      <int>             <list>    <list>      <num>
INFO  [16:39:10.543] [bbotk]        417          <list[2]> <list[1]> 0.01955671
INFO  [16:39:11.015] [bbotk] Starting to optimize 1 parameter(s) with '<OptimizerBatchRandomSearch>' and '<TerminatorEvals> [n_evals=3, k=0]'
INFO  [16:39:11.026] [bbotk] Evaluating 1 configuration(s)
INFO  [16:39:11.375] [bbotk] Result of batch 1:
INFO  [16:39:11.376] [bbotk]  num.trees classif.ce warnings errors runtime_learners
INFO  [16:39:11.376] [bbotk]        137 0.02477184        0      0            0.261
INFO  [16:39:11.376] [bbotk]                                 uhash
INFO  [16:39:11.376] [bbotk]  92ef0929-6dd6-4c4a-b6c3-ea541625bfed
INFO  [16:39:11.386] [bbotk] Evaluating 1 configuration(s)
INFO  [16:39:11.915] [bbotk] Result of batch 2:
INFO  [16:39:11.915] [bbotk]  num.trees classif.ce warnings errors runtime_learners
INFO  [16:39:11.915] [bbotk]        284 0.02129509        0      0            0.489
INFO  [16:39:11.915] [bbotk]                                 uhash
INFO  [16:39:11.915] [bbotk]  64842ed3-5b63-471c-a50b-12c52166e8c6
INFO  [16:39:11.920] [bbotk] Evaluating 1 configuration(s)
INFO  [16:39:12.239] [bbotk] Result of batch 3:
INFO  [16:39:12.240] [bbotk]  num.trees classif.ce warnings errors runtime_learners
INFO  [16:39:12.240] [bbotk]        131 0.02172968        0      0            0.272
INFO  [16:39:12.240] [bbotk]                                 uhash
INFO  [16:39:12.240] [bbotk]  87d348f6-63ce-4946-bca6-cc1e2033ab02
INFO  [16:39:12.248] [bbotk] Finished optimizing after 3 evaluation(s)
INFO  [16:39:12.249] [bbotk] Result:
INFO  [16:39:12.250] [bbotk]  num.trees learner_param_vals  x_domain classif.ce
INFO  [16:39:12.250] [bbotk]      <int>             <list>    <list>      <num>
INFO  [16:39:12.250] [bbotk]        284          <list[2]> <list[1]> 0.02129509
INFO  [16:39:12.583] [bbotk] Starting to optimize 1 parameter(s) with '<OptimizerBatchRandomSearch>' and '<TerminatorEvals> [n_evals=3, k=0]'
INFO  [16:39:12.589] [bbotk] Evaluating 1 configuration(s)
INFO  [16:39:13.169] [bbotk] Result of batch 1:
INFO  [16:39:13.177] [bbotk]  num.trees classif.ce warnings errors runtime_learners
INFO  [16:39:13.177] [bbotk]        317 0.02216428        0      0            0.525
INFO  [16:39:13.177] [bbotk]                                 uhash
INFO  [16:39:13.177] [bbotk]  d3c395b6-e8fb-417c-839a-7916e46dc81d
INFO  [16:39:13.183] [bbotk] Evaluating 1 configuration(s)
INFO  [16:39:13.953] [bbotk] Result of batch 2:
INFO  [16:39:13.955] [bbotk]  num.trees classif.ce warnings errors runtime_learners
INFO  [16:39:13.955] [bbotk]        248 0.02172968        0      0            0.722
INFO  [16:39:13.955] [bbotk]                                 uhash
INFO  [16:39:13.955] [bbotk]  a3568cb9-8279-4c93-931c-ec0db66ebe55
INFO  [16:39:13.957] [bbotk] Evaluating 1 configuration(s)
INFO  [16:39:14.873] [bbotk] Result of batch 3:
INFO  [16:39:14.874] [bbotk]  num.trees classif.ce warnings errors runtime_learners
INFO  [16:39:14.874] [bbotk]        475 0.02303346        0      0            0.878
INFO  [16:39:14.874] [bbotk]                                 uhash
INFO  [16:39:14.874] [bbotk]  02cff137-9e22-40a1-856a-2ab7d17b84c1
INFO  [16:39:14.880] [bbotk] Finished optimizing after 3 evaluation(s)
INFO  [16:39:14.881] [bbotk] Result:
INFO  [16:39:14.882] [bbotk]  num.trees learner_param_vals  x_domain classif.ce
INFO  [16:39:14.882] [bbotk]      <int>             <list>    <list>      <num>
INFO  [16:39:14.882] [bbotk]        248          <list[2]> <list[1]> 0.02172968
INFO  [16:39:15.115] [bbotk] Starting to optimize 1 parameter(s) with '<OptimizerBatchRandomSearch>' and '<TerminatorEvals> [n_evals=3, k=0]'
INFO  [16:39:15.123] [bbotk] Evaluating 1 configuration(s)
INFO  [16:39:15.419] [bbotk] Result of batch 1:
INFO  [16:39:15.420] [bbotk]  num.trees classif.ce warnings errors runtime_learners
INFO  [16:39:15.420] [bbotk]        119  0.0208605        0      0            0.229
INFO  [16:39:15.420] [bbotk]                                 uhash
INFO  [16:39:15.420] [bbotk]  29474207-75e4-4219-92e0-893ab9cbd5f2
INFO  [16:39:15.424] [bbotk] Evaluating 1 configuration(s)
INFO  [16:39:16.296] [bbotk] Result of batch 2:
INFO  [16:39:16.299] [bbotk]  num.trees classif.ce warnings errors runtime_learners
INFO  [16:39:16.299] [bbotk]        478  0.0208605        0      0             0.83
INFO  [16:39:16.299] [bbotk]                                 uhash
INFO  [16:39:16.299] [bbotk]  d5c6b989-d498-48ca-82e8-da3ffe203047
INFO  [16:39:16.304] [bbotk] Evaluating 1 configuration(s)
INFO  [16:39:16.887] [bbotk] Result of batch 3:
INFO  [16:39:16.888] [bbotk]  num.trees classif.ce warnings errors runtime_learners
INFO  [16:39:16.888] [bbotk]        302 0.02129509        0      0            0.543
INFO  [16:39:16.888] [bbotk]                                 uhash
INFO  [16:39:16.888] [bbotk]  e9dcc79a-8578-4912-bd5d-73079a9b162d
INFO  [16:39:16.897] [bbotk] Finished optimizing after 3 evaluation(s)
INFO  [16:39:16.898] [bbotk] Result:
INFO  [16:39:16.899] [bbotk]  num.trees learner_param_vals  x_domain classif.ce
INFO  [16:39:16.899] [bbotk]      <int>             <list>    <list>      <num>
INFO  [16:39:16.899] [bbotk]        119          <list[2]> <list[1]>  0.0208605

### [bt]: Job terminated successfully [batchtools job.id=143]
### [bt]: Starting job [batchtools job.id=144]
### [bt]: Generating problem instance for problem '70bd5a65df34c4f3' ...
### [bt]: Applying algorithm 'run_learner' on problem '70bd5a65df34c4f3' for job 144 (seed = 145) ...
INFO  [16:39:17.238] [mlr3] Applying learner 'classif.ranger.tuned_calib.oof_platt' on task 'kr-vs-kp' (iter 4/10)
INFO  [16:39:17.284] [bbotk] Starting to optimize 1 parameter(s) with '<OptimizerBatchRandomSearch>' and '<TerminatorEvals> [n_evals=3, k=0]'
INFO  [16:39:17.290] [bbotk] Evaluating 1 configuration(s)
INFO  [16:39:17.732] [bbotk] Result of batch 1:
INFO  [16:39:17.733] [bbotk]  num.trees classif.ce warnings errors runtime_learners
INFO  [16:39:17.733] [bbotk]        210 0.01956409        0      0             0.41
INFO  [16:39:17.733] [bbotk]                                 uhash
INFO  [16:39:17.733] [bbotk]  a5ca23f0-862a-4880-ab5e-60531f7e4eef
INFO  [16:39:17.739] [bbotk] Evaluating 1 configuration(s)
INFO  [16:39:18.647] [bbotk] Result of batch 2:
INFO  [16:39:18.647] [bbotk]  num.trees classif.ce warnings errors runtime_learners
INFO  [16:39:18.647] [bbotk]        467 0.02043498        0      0            0.862
INFO  [16:39:18.647] [bbotk]                                 uhash
INFO  [16:39:18.647] [bbotk]  1cc7f65d-47fc-4fce-9c67-04245d1c7c4d
INFO  [16:39:18.650] [bbotk] Evaluating 1 configuration(s)
INFO  [16:39:19.343] [bbotk] Result of batch 3:
INFO  [16:39:19.343] [bbotk]  num.trees classif.ce warnings errors runtime_learners
INFO  [16:39:19.343] [bbotk]        352 0.01999925        0      0            0.658
INFO  [16:39:19.343] [bbotk]                                 uhash
INFO  [16:39:19.343] [bbotk]  5531203e-8430-4368-9789-6daf6fd00729
INFO  [16:39:19.350] [bbotk] Finished optimizing after 3 evaluation(s)
INFO  [16:39:19.350] [bbotk] Result:
INFO  [16:39:19.351] [bbotk]  num.trees learner_param_vals  x_domain classif.ce
INFO  [16:39:19.351] [bbotk]      <int>             <list>    <list>      <num>
INFO  [16:39:19.351] [bbotk]        210          <list[2]> <list[1]> 0.01956409
INFO  [16:39:19.569] [bbotk] Starting to optimize 1 parameter(s) with '<OptimizerBatchRandomSearch>' and '<TerminatorEvals> [n_evals=3, k=0]'
INFO  [16:39:19.578] [bbotk] Evaluating 1 configuration(s)
INFO  [16:39:19.901] [bbotk] Result of batch 1:
INFO  [16:39:19.913] [bbotk]  num.trees classif.ce warnings errors runtime_learners
INFO  [16:39:19.913] [bbotk]        125 0.02303346        0      0            0.281
INFO  [16:39:19.913] [bbotk]                                 uhash
INFO  [16:39:19.913] [bbotk]  1c11baf6-0852-4faa-a2ba-37a3eef737b2
INFO  [16:39:19.918] [bbotk] Evaluating 1 configuration(s)
INFO  [16:39:20.754] [bbotk] Result of batch 2:
INFO  [16:39:20.754] [bbotk]  num.trees classif.ce warnings errors runtime_learners
INFO  [16:39:20.754] [bbotk]        377 0.02216428        0      0            0.798
INFO  [16:39:20.754] [bbotk]                                 uhash
INFO  [16:39:20.754] [bbotk]  00a2fcc7-dfd8-4f0d-8614-1aa64f29fc2b
INFO  [16:39:20.756] [bbotk] Evaluating 1 configuration(s)
INFO  [16:39:21.437] [bbotk] Result of batch 3:
INFO  [16:39:21.438] [bbotk]  num.trees classif.ce warnings errors runtime_learners
INFO  [16:39:21.438] [bbotk]        325 0.02216428        0      0            0.646
INFO  [16:39:21.438] [bbotk]                                 uhash
INFO  [16:39:21.438] [bbotk]  0e9696b2-e495-448a-9356-a4e72bed517f
INFO  [16:39:21.448] [bbotk] Finished optimizing after 3 evaluation(s)
INFO  [16:39:21.448] [bbotk] Result:
INFO  [16:39:21.449] [bbotk]  num.trees learner_param_vals  x_domain classif.ce
INFO  [16:39:21.449] [bbotk]      <int>             <list>    <list>      <num>
INFO  [16:39:21.449] [bbotk]        377          <list[2]> <list[1]> 0.02216428
INFO  [16:39:21.810] [bbotk] Starting to optimize 1 parameter(s) with '<OptimizerBatchRandomSearch>' and '<TerminatorEvals> [n_evals=3, k=0]'
INFO  [16:39:21.814] [bbotk] Evaluating 1 configuration(s)
INFO  [16:39:22.303] [bbotk] Result of batch 1:
INFO  [16:39:22.304] [bbotk]  num.trees classif.ce warnings errors runtime_learners
INFO  [16:39:22.304] [bbotk]        281 0.01999131        0      0            0.451
INFO  [16:39:22.304] [bbotk]                                 uhash
INFO  [16:39:22.304] [bbotk]  6392d840-e8ef-48b5-9a92-7da67d9f6e3f
INFO  [16:39:22.309] [bbotk] Evaluating 1 configuration(s)
INFO  [16:39:22.928] [bbotk] Result of batch 2:
INFO  [16:39:22.929] [bbotk]  num.trees classif.ce warnings errors runtime_learners
INFO  [16:39:22.929] [bbotk]        341  0.0204259        0      0            0.573
INFO  [16:39:22.929] [bbotk]                                 uhash
INFO  [16:39:22.929] [bbotk]  aa253c01-c50f-4627-8762-44f447fbc794
INFO  [16:39:22.931] [bbotk] Evaluating 1 configuration(s)
INFO  [16:39:23.717] [bbotk] Result of batch 3:
INFO  [16:39:23.718] [bbotk]  num.trees classif.ce warnings errors runtime_learners
INFO  [16:39:23.718] [bbotk]        425 0.01999131        0      0            0.749
INFO  [16:39:23.718] [bbotk]                                 uhash
INFO  [16:39:23.718] [bbotk]  432d2415-acba-46db-8d30-82f0826c31c8
INFO  [16:39:23.730] [bbotk] Finished optimizing after 3 evaluation(s)
INFO  [16:39:23.732] [bbotk] Result:
INFO  [16:39:23.732] [bbotk]  num.trees learner_param_vals  x_domain classif.ce
INFO  [16:39:23.732] [bbotk]      <int>             <list>    <list>      <num>
INFO  [16:39:23.732] [bbotk]        281          <list[2]> <list[1]> 0.01999131
INFO  [16:39:24.014] [bbotk] Starting to optimize 1 parameter(s) with '<OptimizerBatchRandomSearch>' and '<TerminatorEvals> [n_evals=3, k=0]'
INFO  [16:39:24.027] [bbotk] Evaluating 1 configuration(s)
INFO  [16:39:24.620] [bbotk] Result of batch 1:
INFO  [16:39:24.621] [bbotk]  num.trees classif.ce warnings errors runtime_learners
INFO  [16:39:24.621] [bbotk]        325  0.0204259        0      0            0.549
INFO  [16:39:24.621] [bbotk]                                 uhash
INFO  [16:39:24.621] [bbotk]  160c4fdd-83ba-4571-b5b3-d837b32ea6a5
INFO  [16:39:24.623] [bbotk] Evaluating 1 configuration(s)
INFO  [16:39:25.188] [bbotk] Result of batch 2:
INFO  [16:39:25.190] [bbotk]  num.trees classif.ce warnings errors runtime_learners
INFO  [16:39:25.190] [bbotk]        332 0.02216428        0      0            0.524
INFO  [16:39:25.190] [bbotk]                                 uhash
INFO  [16:39:25.190] [bbotk]  63537092-8caa-47f1-bd12-7135edd476a5
INFO  [16:39:25.196] [bbotk] Evaluating 1 configuration(s)
INFO  [16:39:26.125] [bbotk] Result of batch 3:
INFO  [16:39:26.127] [bbotk]  num.trees classif.ce warnings errors runtime_learners
INFO  [16:39:26.127] [bbotk]        454 0.01955671        0      0             0.89
INFO  [16:39:26.127] [bbotk]                                 uhash
INFO  [16:39:26.127] [bbotk]  70f2c7d3-2bc3-461f-83f7-ea8f83321d6f
INFO  [16:39:26.139] [bbotk] Finished optimizing after 3 evaluation(s)
INFO  [16:39:26.139] [bbotk] Result:
INFO  [16:39:26.139] [bbotk]  num.trees learner_param_vals  x_domain classif.ce
INFO  [16:39:26.139] [bbotk]      <int>             <list>    <list>      <num>
INFO  [16:39:26.139] [bbotk]        454          <list[2]> <list[1]> 0.01955671
INFO  [16:39:26.656] [bbotk] Starting to optimize 1 parameter(s) with '<OptimizerBatchRandomSearch>' and '<TerminatorEvals> [n_evals=3, k=0]'
INFO  [16:39:26.662] [bbotk] Evaluating 1 configuration(s)
INFO  [16:39:27.121] [bbotk] Result of batch 1:
INFO  [16:39:27.122] [bbotk]  num.trees classif.ce warnings errors runtime_learners
INFO  [16:39:27.122] [bbotk]        229 0.01955671        0      0            0.413
INFO  [16:39:27.122] [bbotk]                                 uhash
INFO  [16:39:27.122] [bbotk]  9f26854a-9244-4c76-9d07-29bc85d45a6d
INFO  [16:39:27.125] [bbotk] Evaluating 1 configuration(s)
INFO  [16:39:27.800] [bbotk] Result of batch 2:
INFO  [16:39:27.802] [bbotk]  num.trees classif.ce warnings errors runtime_learners
INFO  [16:39:27.802] [bbotk]        343  0.0204259        0      0            0.629
INFO  [16:39:27.802] [bbotk]                                 uhash
INFO  [16:39:27.802] [bbotk]  ecc0c751-bcdc-413d-93b8-dde219e5619f
INFO  [16:39:27.809] [bbotk] Evaluating 1 configuration(s)
INFO  [16:39:28.140] [bbotk] Result of batch 3:
INFO  [16:39:28.143] [bbotk]  num.trees classif.ce warnings errors runtime_learners
INFO  [16:39:28.143] [bbotk]        129 0.02172968        0      0            0.259
INFO  [16:39:28.143] [bbotk]                                 uhash
INFO  [16:39:28.143] [bbotk]  0688f2dd-8ea4-4ed9-9c4b-2b4f8d7029c3
INFO  [16:39:28.155] [bbotk] Finished optimizing after 3 evaluation(s)
INFO  [16:39:28.156] [bbotk] Result:
INFO  [16:39:28.156] [bbotk]  num.trees learner_param_vals  x_domain classif.ce
INFO  [16:39:28.156] [bbotk]      <int>             <list>    <list>      <num>
INFO  [16:39:28.156] [bbotk]        229          <list[2]> <list[1]> 0.01955671

### [bt]: Job terminated successfully [batchtools job.id=144]
### [bt]: Starting job [batchtools job.id=145]
### [bt]: Generating problem instance for problem '70bd5a65df34c4f3' ...
### [bt]: Applying algorithm 'run_learner' on problem '70bd5a65df34c4f3' for job 145 (seed = 146) ...
INFO  [16:39:28.655] [mlr3] Applying learner 'classif.ranger.tuned_calib.oof_platt' on task 'kr-vs-kp' (iter 5/10)
INFO  [16:39:28.748] [bbotk] Starting to optimize 1 parameter(s) with '<OptimizerBatchRandomSearch>' and '<TerminatorEvals> [n_evals=3, k=0]'
INFO  [16:39:28.757] [bbotk] Evaluating 1 configuration(s)
INFO  [16:39:29.627] [bbotk] Result of batch 1:
INFO  [16:39:29.632] [bbotk]  num.trees classif.ce warnings errors runtime_learners
INFO  [16:39:29.632] [bbotk]        393 0.01913404        0      0            0.779
INFO  [16:39:29.632] [bbotk]                                 uhash
INFO  [16:39:29.632] [bbotk]  10c88105-30ef-4e9c-a7d0-917766028a21
INFO  [16:39:29.639] [bbotk] Evaluating 1 configuration(s)
INFO  [16:39:30.501] [bbotk] Result of batch 2:
INFO  [16:39:30.501] [bbotk]  num.trees classif.ce warnings errors runtime_learners
INFO  [16:39:30.501] [bbotk]        450 0.01869717        0      0            0.806
INFO  [16:39:30.501] [bbotk]                                 uhash
INFO  [16:39:30.501] [bbotk]  a5c0f61d-c6a1-4f25-a6ba-3c94501e6138
INFO  [16:39:30.504] [bbotk] Evaluating 1 configuration(s)
INFO  [16:39:31.189] [bbotk] Result of batch 3:
INFO  [16:39:31.190] [bbotk]  num.trees classif.ce warnings errors runtime_learners
INFO  [16:39:31.190] [bbotk]        335 0.01869831        0      0            0.636
INFO  [16:39:31.190] [bbotk]                                 uhash
INFO  [16:39:31.190] [bbotk]  1b7a905b-0f17-490d-bbad-de66e29c62fe
INFO  [16:39:31.203] [bbotk] Finished optimizing after 3 evaluation(s)
INFO  [16:39:31.203] [bbotk] Result:
INFO  [16:39:31.205] [bbotk]  num.trees learner_param_vals  x_domain classif.ce
INFO  [16:39:31.205] [bbotk]      <int>             <list>    <list>      <num>
INFO  [16:39:31.205] [bbotk]        450          <list[2]> <list[1]> 0.01869717
INFO  [16:39:31.862] [bbotk] Starting to optimize 1 parameter(s) with '<OptimizerBatchRandomSearch>' and '<TerminatorEvals> [n_evals=3, k=0]'
INFO  [16:39:31.866] [bbotk] Evaluating 1 configuration(s)
INFO  [16:39:32.193] [bbotk] Result of batch 1:
INFO  [16:39:32.203] [bbotk]  num.trees classif.ce warnings errors runtime_learners
INFO  [16:39:32.203] [bbotk]        116 0.01651456        0      0            0.256
INFO  [16:39:32.203] [bbotk]                                 uhash
INFO  [16:39:32.203] [bbotk]  d6d30a17-e036-4707-acc6-37547c0e6ac6
INFO  [16:39:32.220] [bbotk] Evaluating 1 configuration(s)
INFO  [16:39:32.601] [bbotk] Result of batch 2:
INFO  [16:39:32.604] [bbotk]  num.trees classif.ce warnings errors runtime_learners
INFO  [16:39:32.604] [bbotk]        150 0.01521078        0      0            0.295
INFO  [16:39:32.604] [bbotk]                                 uhash
INFO  [16:39:32.604] [bbotk]  3f70c0dd-5874-4403-b014-34ff298d716a
INFO  [16:39:32.612] [bbotk] Evaluating 1 configuration(s)
INFO  [16:39:33.181] [bbotk] Result of batch 3:
INFO  [16:39:33.183] [bbotk]  num.trees classif.ce warnings errors runtime_learners
INFO  [16:39:33.183] [bbotk]        241 0.01738375        0      0            0.496
INFO  [16:39:33.183] [bbotk]                                 uhash
INFO  [16:39:33.183] [bbotk]  dd83b6c7-cd41-4ecd-bfec-60f1c582355c
INFO  [16:39:33.194] [bbotk] Finished optimizing after 3 evaluation(s)
INFO  [16:39:33.194] [bbotk] Result:
INFO  [16:39:33.195] [bbotk]  num.trees learner_param_vals  x_domain classif.ce
INFO  [16:39:33.195] [bbotk]      <int>             <list>    <list>      <num>
INFO  [16:39:33.195] [bbotk]        150          <list[2]> <list[1]> 0.01521078
INFO  [16:39:33.392] [bbotk] Starting to optimize 1 parameter(s) with '<OptimizerBatchRandomSearch>' and '<TerminatorEvals> [n_evals=3, k=0]'
INFO  [16:39:33.400] [bbotk] Evaluating 1 configuration(s)
INFO  [16:39:33.829] [bbotk] Result of batch 1:
INFO  [16:39:33.830] [bbotk]  num.trees classif.ce warnings errors runtime_learners
INFO  [16:39:33.830] [bbotk]        205 0.02607562        0      0            0.384
INFO  [16:39:33.830] [bbotk]                                 uhash
INFO  [16:39:33.830] [bbotk]  68136d75-be21-4246-8927-dabfb7cf608b
INFO  [16:39:33.832] [bbotk] Evaluating 1 configuration(s)
INFO  [16:39:34.221] [bbotk] Result of batch 2:
INFO  [16:39:34.225] [bbotk]  num.trees classif.ce warnings errors runtime_learners
INFO  [16:39:34.225] [bbotk]        165 0.02433724        0      0            0.324
INFO  [16:39:34.225] [bbotk]                                 uhash
INFO  [16:39:34.225] [bbotk]  da768c89-a01b-45ad-bbc6-053382f5339a
INFO  [16:39:34.231] [bbotk] Evaluating 1 configuration(s)
INFO  [16:39:34.906] [bbotk] Result of batch 3:
INFO  [16:39:34.907] [bbotk]  num.trees classif.ce warnings errors runtime_learners
INFO  [16:39:34.907] [bbotk]        310 0.02216428        0      0            0.614
INFO  [16:39:34.907] [bbotk]                                 uhash
INFO  [16:39:34.907] [bbotk]  2b45bcdf-8f91-4922-8383-27a3851469fd
INFO  [16:39:34.918] [bbotk] Finished optimizing after 3 evaluation(s)
INFO  [16:39:34.918] [bbotk] Result:
INFO  [16:39:34.919] [bbotk]  num.trees learner_param_vals  x_domain classif.ce
INFO  [16:39:34.919] [bbotk]      <int>             <list>    <list>      <num>
INFO  [16:39:34.919] [bbotk]        310          <list[2]> <list[1]> 0.02216428
INFO  [16:39:35.311] [bbotk] Starting to optimize 1 parameter(s) with '<OptimizerBatchRandomSearch>' and '<TerminatorEvals> [n_evals=3, k=0]'
INFO  [16:39:35.318] [bbotk] Evaluating 1 configuration(s)
INFO  [16:39:35.797] [bbotk] Result of batch 1:
INFO  [16:39:35.798] [bbotk]  num.trees classif.ce warnings errors runtime_learners
INFO  [16:39:35.798] [bbotk]        213 0.02172968        0      0            0.431
INFO  [16:39:35.798] [bbotk]                                 uhash
INFO  [16:39:35.798] [bbotk]  07fe0709-f669-47cf-8b0d-6da8bbc87e8e
INFO  [16:39:35.802] [bbotk] Evaluating 1 configuration(s)
INFO  [16:39:36.878] [bbotk] Result of batch 2:
INFO  [16:39:36.879] [bbotk]  num.trees classif.ce warnings errors runtime_learners
INFO  [16:39:36.879] [bbotk]        481 0.02172968        0      0            1.033
INFO  [16:39:36.879] [bbotk]                                 uhash
INFO  [16:39:36.879] [bbotk]  41b750fb-4fae-4261-bff4-17febb39076f
INFO  [16:39:36.881] [bbotk] Evaluating 1 configuration(s)
INFO  [16:39:38.105] [bbotk] Result of batch 3:
INFO  [16:39:38.107] [bbotk]  num.trees classif.ce warnings errors runtime_learners
INFO  [16:39:38.107] [bbotk]        438 0.02172968        0      0            1.161
INFO  [16:39:38.107] [bbotk]                                 uhash
INFO  [16:39:38.107] [bbotk]  dc7a36d4-f563-46a3-83c0-8f6c7983c92e
INFO  [16:39:38.114] [bbotk] Finished optimizing after 3 evaluation(s)
INFO  [16:39:38.115] [bbotk] Result:
INFO  [16:39:38.116] [bbotk]  num.trees learner_param_vals  x_domain classif.ce
INFO  [16:39:38.116] [bbotk]      <int>             <list>    <list>      <num>
INFO  [16:39:38.116] [bbotk]        213          <list[2]> <list[1]> 0.02172968
INFO  [16:39:38.372] [bbotk] Starting to optimize 1 parameter(s) with '<OptimizerBatchRandomSearch>' and '<TerminatorEvals> [n_evals=3, k=0]'
INFO  [16:39:38.390] [bbotk] Evaluating 1 configuration(s)
INFO  [16:39:38.986] [bbotk] Result of batch 1:
INFO  [16:39:38.987] [bbotk]  num.trees classif.ce warnings errors runtime_learners
INFO  [16:39:38.987] [bbotk]        275 0.01955671        0      0            0.558
INFO  [16:39:38.987] [bbotk]                                 uhash
INFO  [16:39:38.987] [bbotk]  084a9f72-6b94-41f9-956f-30b08fc920cc
INFO  [16:39:38.989] [bbotk] Evaluating 1 configuration(s)
INFO  [16:39:39.628] [bbotk] Result of batch 2:
INFO  [16:39:39.629] [bbotk]  num.trees classif.ce warnings errors runtime_learners
INFO  [16:39:39.629] [bbotk]        312 0.01868753        0      0            0.606
INFO  [16:39:39.629] [bbotk]                                 uhash
INFO  [16:39:39.629] [bbotk]  46f828ac-e0ae-42c6-853d-62eaca4bc9ec
INFO  [16:39:39.635] [bbotk] Evaluating 1 configuration(s)
INFO  [16:39:39.942] [bbotk] Result of batch 3:
INFO  [16:39:39.943] [bbotk]  num.trees classif.ce warnings errors runtime_learners
INFO  [16:39:39.943] [bbotk]        143  0.0204259        0      0            0.265
INFO  [16:39:39.943] [bbotk]                                 uhash
INFO  [16:39:39.943] [bbotk]  7bc72a34-d1e8-4a74-b292-24c1600d9893
INFO  [16:39:39.949] [bbotk] Finished optimizing after 3 evaluation(s)
INFO  [16:39:39.949] [bbotk] Result:
INFO  [16:39:39.950] [bbotk]  num.trees learner_param_vals  x_domain classif.ce
INFO  [16:39:39.950] [bbotk]      <int>             <list>    <list>      <num>
INFO  [16:39:39.950] [bbotk]        312          <list[2]> <list[1]> 0.01868753

### [bt]: Job terminated successfully [batchtools job.id=145]
### [bt]: Calculation finished!
