### [bt]: This is batchtools v0.9.17
### [bt]: Starting calculation of 5 jobs
### [bt]: Setting working directory to '/Users/User/Documents/Studium/Semester8/Hiwi/mlr3calibration/vignettes'
### [bt]: Memory measurement disabled
### [bt]: Starting job [batchtools job.id=1576]
### [bt]: Generating problem instance for problem '42e9f2146ba77696' ...
### [bt]: Applying algorithm 'run_learner' on problem '42e9f2146ba77696' for job 1576 (seed = 1577) ...
INFO  [16:58:44.566] [mlr3] Applying learner 'classif.naive_bayes.tuned_calib.oof_platt' on task 'kc1' (iter 6/10)
INFO  [16:58:44.598] [bbotk] Starting to optimize 1 parameter(s) with '<OptimizerBatchRandomSearch>' and '<TerminatorEvals> [n_evals=3, k=0]'
INFO  [16:58:44.607] [bbotk] Evaluating 1 configuration(s)
INFO  [16:58:44.955] [bbotk] Result of batch 1:
INFO  [16:58:44.956] [bbotk]    laplace classif.ce warnings errors runtime_learners
INFO  [16:58:44.956] [bbotk]  0.3574123  0.1699605        0      0            0.308
INFO  [16:58:44.956] [bbotk]                                 uhash
INFO  [16:58:44.956] [bbotk]  1dc0790e-effd-4d2f-8f48-02d3f7808434
INFO  [16:58:44.958] [bbotk] Evaluating 1 configuration(s)
INFO  [16:58:45.248] [bbotk] Result of batch 2:
INFO  [16:58:45.249] [bbotk]     laplace classif.ce warnings errors runtime_learners
INFO  [16:58:45.249] [bbotk]  0.07814231  0.1699605        0      0            0.245
INFO  [16:58:45.249] [bbotk]                                 uhash
INFO  [16:58:45.249] [bbotk]  5aa426ec-bd47-46b8-8a3c-195db49af6b6
INFO  [16:58:45.254] [bbotk] Evaluating 1 configuration(s)
INFO  [16:58:45.607] [bbotk] Result of batch 3:
INFO  [16:58:45.609] [bbotk]    laplace classif.ce warnings errors runtime_learners
INFO  [16:58:45.609] [bbotk]  0.5724311  0.1699605        0      0            0.317
INFO  [16:58:45.609] [bbotk]                                 uhash
INFO  [16:58:45.609] [bbotk]  08615a9c-0d4c-4e4e-befe-30e8a7bdff2b
INFO  [16:58:45.616] [bbotk] Finished optimizing after 3 evaluation(s)
INFO  [16:58:45.616] [bbotk] Result:
INFO  [16:58:45.616] [bbotk]    laplace learner_param_vals  x_domain classif.ce
INFO  [16:58:45.616] [bbotk]      <num>             <list>    <list>      <num>
INFO  [16:58:45.616] [bbotk]  0.3574123          <list[1]> <list[1]>  0.1699605
INFO  [16:58:45.731] [bbotk] Starting to optimize 1 parameter(s) with '<OptimizerBatchRandomSearch>' and '<TerminatorEvals> [n_evals=3, k=0]'
INFO  [16:58:45.735] [bbotk] Evaluating 1 configuration(s)
INFO  [16:58:46.052] [bbotk] Result of batch 1:
INFO  [16:58:46.053] [bbotk]    laplace classif.ce warnings errors runtime_learners
INFO  [16:58:46.053] [bbotk]  0.6852114  0.1785244        0      0            0.276
INFO  [16:58:46.053] [bbotk]                                 uhash
INFO  [16:58:46.053] [bbotk]  b3d2839f-5fb5-49b6-9a6f-05b5294f78eb
INFO  [16:58:46.059] [bbotk] Evaluating 1 configuration(s)
INFO  [16:58:46.374] [bbotk] Result of batch 2:
INFO  [16:58:46.375] [bbotk]   laplace classif.ce warnings errors runtime_learners
INFO  [16:58:46.375] [bbotk]  0.799902  0.1785244        0      0            0.268
INFO  [16:58:46.375] [bbotk]                                 uhash
INFO  [16:58:46.375] [bbotk]  3808c036-1e2b-418e-9cdc-6cae6bd56ab9
INFO  [16:58:46.377] [bbotk] Evaluating 1 configuration(s)
INFO  [16:58:46.701] [bbotk] Result of batch 3:
INFO  [16:58:46.703] [bbotk]    laplace classif.ce warnings errors runtime_learners
INFO  [16:58:46.703] [bbotk]  0.8157015  0.1785244        0      0             0.27
INFO  [16:58:46.703] [bbotk]                                 uhash
INFO  [16:58:46.703] [bbotk]  562dbd12-68c7-4b28-93d8-68ab05a2eca1
INFO  [16:58:46.720] [bbotk] Finished optimizing after 3 evaluation(s)
INFO  [16:58:46.720] [bbotk] Result:
INFO  [16:58:46.721] [bbotk]    laplace learner_param_vals  x_domain classif.ce
INFO  [16:58:46.721] [bbotk]      <num>             <list>    <list>      <num>
INFO  [16:58:46.721] [bbotk]  0.6852114          <list[1]> <list[1]>  0.1785244
INFO  [16:58:46.859] [bbotk] Starting to optimize 1 parameter(s) with '<OptimizerBatchRandomSearch>' and '<TerminatorEvals> [n_evals=3, k=0]'
INFO  [16:58:46.866] [bbotk] Evaluating 1 configuration(s)
INFO  [16:58:47.171] [bbotk] Result of batch 1:
INFO  [16:58:47.172] [bbotk]    laplace classif.ce warnings errors runtime_learners
INFO  [16:58:47.172] [bbotk]  0.8834077  0.1725955        0      0            0.262
INFO  [16:58:47.172] [bbotk]                                 uhash
INFO  [16:58:47.172] [bbotk]  f4122710-75ec-4c81-922b-48bb70fe1168
INFO  [16:58:47.174] [bbotk] Evaluating 1 configuration(s)
INFO  [16:58:47.373] [bbotk] Result of batch 2:
INFO  [16:58:47.374] [bbotk]    laplace classif.ce warnings errors runtime_learners
INFO  [16:58:47.374] [bbotk]  0.5509113  0.1725955        0      0            0.164
INFO  [16:58:47.374] [bbotk]                                 uhash
INFO  [16:58:47.374] [bbotk]  acdbdcdc-b8dc-462b-bf06-be5f183f03ef
INFO  [16:58:47.376] [bbotk] Evaluating 1 configuration(s)
INFO  [16:58:47.613] [bbotk] Result of batch 3:
INFO  [16:58:47.615] [bbotk]    laplace classif.ce warnings errors runtime_learners
INFO  [16:58:47.615] [bbotk]  0.2713301  0.1725955        0      0            0.202
INFO  [16:58:47.615] [bbotk]                                 uhash
INFO  [16:58:47.615] [bbotk]  b0592b74-facc-4824-ba79-f977c0d02c22
INFO  [16:58:47.626] [bbotk] Finished optimizing after 3 evaluation(s)
INFO  [16:58:47.626] [bbotk] Result:
INFO  [16:58:47.627] [bbotk]    laplace learner_param_vals  x_domain classif.ce
INFO  [16:58:47.627] [bbotk]      <num>             <list>    <list>      <num>
INFO  [16:58:47.627] [bbotk]  0.8834077          <list[1]> <list[1]>  0.1725955
INFO  [16:58:47.793] [bbotk] Starting to optimize 1 parameter(s) with '<OptimizerBatchRandomSearch>' and '<TerminatorEvals> [n_evals=3, k=0]'
INFO  [16:58:47.797] [bbotk] Evaluating 1 configuration(s)
INFO  [16:58:48.115] [bbotk] Result of batch 1:
INFO  [16:58:48.115] [bbotk]    laplace classif.ce warnings errors runtime_learners
INFO  [16:58:48.115] [bbotk]  0.3152753  0.1816895        0      0            0.271
INFO  [16:58:48.115] [bbotk]                                 uhash
INFO  [16:58:48.115] [bbotk]  ab32ac86-b777-4333-8120-6544c639ced4
INFO  [16:58:48.122] [bbotk] Evaluating 1 configuration(s)
INFO  [16:58:48.429] [bbotk] Result of batch 2:
INFO  [16:58:48.432] [bbotk]     laplace classif.ce warnings errors runtime_learners
INFO  [16:58:48.432] [bbotk]  0.08903766  0.1816895        0      0            0.265
INFO  [16:58:48.432] [bbotk]                                 uhash
INFO  [16:58:48.432] [bbotk]  e0aa77d3-c702-41f0-aef4-1410a13afb2a
INFO  [16:58:48.439] [bbotk] Evaluating 1 configuration(s)
INFO  [16:58:48.766] [bbotk] Result of batch 3:
INFO  [16:58:48.768] [bbotk]    laplace classif.ce warnings errors runtime_learners
INFO  [16:58:48.768] [bbotk]  0.3175288  0.1816895        0      0            0.283
INFO  [16:58:48.768] [bbotk]                                 uhash
INFO  [16:58:48.768] [bbotk]  6e3db480-9b6d-4123-ac14-fcffd9c13e14
INFO  [16:58:48.789] [bbotk] Finished optimizing after 3 evaluation(s)
INFO  [16:58:48.791] [bbotk] Result:
INFO  [16:58:48.792] [bbotk]    laplace learner_param_vals  x_domain classif.ce
INFO  [16:58:48.792] [bbotk]      <num>             <list>    <list>      <num>
INFO  [16:58:48.792] [bbotk]  0.3152753          <list[1]> <list[1]>  0.1816895
INFO  [16:58:48.892] [bbotk] Starting to optimize 1 parameter(s) with '<OptimizerBatchRandomSearch>' and '<TerminatorEvals> [n_evals=3, k=0]'
INFO  [16:58:48.906] [bbotk] Evaluating 1 configuration(s)
INFO  [16:58:49.178] [bbotk] Result of batch 1:
INFO  [16:58:49.180] [bbotk]    laplace classif.ce warnings errors runtime_learners
INFO  [16:58:49.180] [bbotk]  0.6330182  0.1823717        0      0            0.235
INFO  [16:58:49.180] [bbotk]                                 uhash
INFO  [16:58:49.180] [bbotk]  d06ce997-5c09-4e70-86a6-163fd2f15ced
INFO  [16:58:49.185] [bbotk] Evaluating 1 configuration(s)
INFO  [16:58:49.521] [bbotk] Result of batch 2:
INFO  [16:58:49.523] [bbotk]    laplace classif.ce warnings errors runtime_learners
INFO  [16:58:49.523] [bbotk]  0.8558368  0.1823717        0      0            0.285
INFO  [16:58:49.523] [bbotk]                                 uhash
INFO  [16:58:49.523] [bbotk]  babbc6d5-895d-44a9-8145-bc073eb649dd
INFO  [16:58:49.527] [bbotk] Evaluating 1 configuration(s)
INFO  [16:58:49.847] [bbotk] Result of batch 3:
INFO  [16:58:49.849] [bbotk]    laplace classif.ce warnings errors runtime_learners
INFO  [16:58:49.849] [bbotk]  0.9072309  0.1823717        0      0            0.285
INFO  [16:58:49.849] [bbotk]                                 uhash
INFO  [16:58:49.849] [bbotk]  fcf187f8-f601-4e6b-94f8-ef3facec00de
INFO  [16:58:49.862] [bbotk] Finished optimizing after 3 evaluation(s)
INFO  [16:58:49.862] [bbotk] Result:
INFO  [16:58:49.863] [bbotk]    laplace learner_param_vals  x_domain classif.ce
INFO  [16:58:49.863] [bbotk]      <num>             <list>    <list>      <num>
INFO  [16:58:49.863] [bbotk]  0.6330182          <list[1]> <list[1]>  0.1823717

### [bt]: Job terminated successfully [batchtools job.id=1576]
### [bt]: Starting job [batchtools job.id=1577]
### [bt]: Generating problem instance for problem '42e9f2146ba77696' ...
### [bt]: Applying algorithm 'run_learner' on problem '42e9f2146ba77696' for job 1577 (seed = 1578) ...
INFO  [16:58:50.187] [mlr3] Applying learner 'classif.naive_bayes.tuned_calib.oof_platt' on task 'kc1' (iter 7/10)
INFO  [16:58:50.241] [bbotk] Starting to optimize 1 parameter(s) with '<OptimizerBatchRandomSearch>' and '<TerminatorEvals> [n_evals=3, k=0]'
INFO  [16:58:50.246] [bbotk] Evaluating 1 configuration(s)
INFO  [16:58:50.541] [bbotk] Result of batch 1:
INFO  [16:58:50.542] [bbotk]    laplace classif.ce warnings errors runtime_learners
INFO  [16:58:50.542] [bbotk]  0.7953807  0.1765481        0      0            0.244
INFO  [16:58:50.542] [bbotk]                                 uhash
INFO  [16:58:50.542] [bbotk]  1d8a8d36-5622-4423-b538-ef145d52710d
INFO  [16:58:50.544] [bbotk] Evaluating 1 configuration(s)
INFO  [16:58:50.884] [bbotk] Result of batch 2:
INFO  [16:58:50.885] [bbotk]    laplace classif.ce warnings errors runtime_learners
INFO  [16:58:50.885] [bbotk]  0.4776355  0.1765481        0      0            0.297
INFO  [16:58:50.885] [bbotk]                                 uhash
INFO  [16:58:50.885] [bbotk]  ded69a04-7395-4cba-955d-c42d0c18cb5f
INFO  [16:58:50.887] [bbotk] Evaluating 1 configuration(s)
INFO  [16:58:51.186] [bbotk] Result of batch 3:
INFO  [16:58:51.188] [bbotk]    laplace classif.ce warnings errors runtime_learners
INFO  [16:58:51.188] [bbotk]  0.4998014  0.1765481        0      0            0.246
INFO  [16:58:51.188] [bbotk]                                 uhash
INFO  [16:58:51.188] [bbotk]  984bb754-e0fd-4213-908c-bd6fe100166f
INFO  [16:58:51.202] [bbotk] Finished optimizing after 3 evaluation(s)
INFO  [16:58:51.202] [bbotk] Result:
INFO  [16:58:51.203] [bbotk]    laplace learner_param_vals  x_domain classif.ce
INFO  [16:58:51.203] [bbotk]      <num>             <list>    <list>      <num>
INFO  [16:58:51.203] [bbotk]  0.7953807          <list[1]> <list[1]>  0.1765481
INFO  [16:58:51.302] [bbotk] Starting to optimize 1 parameter(s) with '<OptimizerBatchRandomSearch>' and '<TerminatorEvals> [n_evals=3, k=0]'
INFO  [16:58:51.306] [bbotk] Evaluating 1 configuration(s)
INFO  [16:58:51.681] [bbotk] Result of batch 1:
INFO  [16:58:51.682] [bbotk]    laplace classif.ce warnings errors runtime_learners
INFO  [16:58:51.682] [bbotk]  0.2854229  0.1706192        0      0            0.324
INFO  [16:58:51.682] [bbotk]                                 uhash
INFO  [16:58:51.682] [bbotk]  155ce7cd-e796-436c-8bed-01e2ab6aaf35
INFO  [16:58:51.684] [bbotk] Evaluating 1 configuration(s)
INFO  [16:58:51.971] [bbotk] Result of batch 2:
INFO  [16:58:51.973] [bbotk]    laplace classif.ce warnings errors runtime_learners
INFO  [16:58:51.973] [bbotk]  0.8476056  0.1706192        0      0            0.257
INFO  [16:58:51.973] [bbotk]                                 uhash
INFO  [16:58:51.973] [bbotk]  c306f4db-84fc-4fb5-874b-ddcba18ee592
INFO  [16:58:51.978] [bbotk] Evaluating 1 configuration(s)
INFO  [16:58:52.306] [bbotk] Result of batch 3:
INFO  [16:58:52.308] [bbotk]    laplace classif.ce warnings errors runtime_learners
INFO  [16:58:52.308] [bbotk]  0.1034611  0.1706192        0      0            0.279
INFO  [16:58:52.308] [bbotk]                                 uhash
INFO  [16:58:52.308] [bbotk]  6158d53c-b15a-44a6-af42-909a9ba2b96c
INFO  [16:58:52.317] [bbotk] Finished optimizing after 3 evaluation(s)
INFO  [16:58:52.317] [bbotk] Result:
INFO  [16:58:52.318] [bbotk]    laplace learner_param_vals  x_domain classif.ce
INFO  [16:58:52.318] [bbotk]      <num>             <list>    <list>      <num>
INFO  [16:58:52.318] [bbotk]  0.2854229          <list[1]> <list[1]>  0.1706192
INFO  [16:58:52.467] [bbotk] Starting to optimize 1 parameter(s) with '<OptimizerBatchRandomSearch>' and '<TerminatorEvals> [n_evals=3, k=0]'
INFO  [16:58:52.471] [bbotk] Evaluating 1 configuration(s)
INFO  [16:58:52.790] [bbotk] Result of batch 1:
INFO  [16:58:52.793] [bbotk]    laplace classif.ce warnings errors runtime_learners
INFO  [16:58:52.793] [bbotk]  0.3998212  0.1785244        0      0            0.285
INFO  [16:58:52.793] [bbotk]                                 uhash
INFO  [16:58:52.793] [bbotk]  7b53abe5-386a-41ac-b8af-d9c41fe1bd91
INFO  [16:58:52.798] [bbotk] Evaluating 1 configuration(s)
INFO  [16:58:53.123] [bbotk] Result of batch 2:
INFO  [16:58:53.124] [bbotk]    laplace classif.ce warnings errors runtime_learners
INFO  [16:58:53.124] [bbotk]  0.1238685  0.1785244        0      0             0.27
INFO  [16:58:53.124] [bbotk]                                 uhash
INFO  [16:58:53.124] [bbotk]  8ca5ecf6-54d3-40b3-a5a7-783b1190c262
INFO  [16:58:53.134] [bbotk] Evaluating 1 configuration(s)
INFO  [16:58:53.461] [bbotk] Result of batch 3:
INFO  [16:58:53.465] [bbotk]   laplace classif.ce warnings errors runtime_learners
INFO  [16:58:53.465] [bbotk]  0.756081  0.1785244        0      0            0.282
INFO  [16:58:53.465] [bbotk]                                 uhash
INFO  [16:58:53.465] [bbotk]  e0143732-52a9-4888-a497-b76edc19d243
INFO  [16:58:53.485] [bbotk] Finished optimizing after 3 evaluation(s)
INFO  [16:58:53.485] [bbotk] Result:
INFO  [16:58:53.486] [bbotk]    laplace learner_param_vals  x_domain classif.ce
INFO  [16:58:53.486] [bbotk]      <num>             <list>    <list>      <num>
INFO  [16:58:53.486] [bbotk]  0.3998212          <list[1]> <list[1]>  0.1785244
INFO  [16:58:53.597] [bbotk] Starting to optimize 1 parameter(s) with '<OptimizerBatchRandomSearch>' and '<TerminatorEvals> [n_evals=3, k=0]'
INFO  [16:58:53.604] [bbotk] Evaluating 1 configuration(s)
INFO  [16:58:53.943] [bbotk] Result of batch 1:
INFO  [16:58:53.944] [bbotk]    laplace classif.ce warnings errors runtime_learners
INFO  [16:58:53.944] [bbotk]  0.4408392   0.169863        0      0            0.297
INFO  [16:58:53.944] [bbotk]                                 uhash
INFO  [16:58:53.944] [bbotk]  093f279a-d0ef-43ef-97e4-a434de6204a0
INFO  [16:58:53.947] [bbotk] Evaluating 1 configuration(s)
INFO  [16:58:54.285] [bbotk] Result of batch 2:
INFO  [16:58:54.286] [bbotk]    laplace classif.ce warnings errors runtime_learners
INFO  [16:58:54.286] [bbotk]  0.4465091   0.169863        0      0            0.295
INFO  [16:58:54.286] [bbotk]                                 uhash
INFO  [16:58:54.286] [bbotk]  1366d6ec-8e6e-4b65-883e-06f9095755d5
INFO  [16:58:54.289] [bbotk] Evaluating 1 configuration(s)
INFO  [16:58:54.611] [bbotk] Result of batch 3:
INFO  [16:58:54.612] [bbotk]    laplace classif.ce warnings errors runtime_learners
INFO  [16:58:54.612] [bbotk]  0.6068677   0.169863        0      0            0.273
INFO  [16:58:54.612] [bbotk]                                 uhash
INFO  [16:58:54.612] [bbotk]  601ab047-ae68-4c4c-8809-daf68ff8b5f8
INFO  [16:58:54.630] [bbotk] Finished optimizing after 3 evaluation(s)
INFO  [16:58:54.631] [bbotk] Result:
INFO  [16:58:54.632] [bbotk]    laplace learner_param_vals  x_domain classif.ce
INFO  [16:58:54.632] [bbotk]      <num>             <list>    <list>      <num>
INFO  [16:58:54.632] [bbotk]  0.4408392          <list[1]> <list[1]>   0.169863
INFO  [16:58:54.723] [bbotk] Starting to optimize 1 parameter(s) with '<OptimizerBatchRandomSearch>' and '<TerminatorEvals> [n_evals=3, k=0]'
INFO  [16:58:54.728] [bbotk] Evaluating 1 configuration(s)
INFO  [16:58:55.018] [bbotk] Result of batch 1:
INFO  [16:58:55.019] [bbotk]    laplace classif.ce warnings errors runtime_learners
INFO  [16:58:55.019] [bbotk]  0.1681266  0.1790675        0      0            0.246
INFO  [16:58:55.019] [bbotk]                                 uhash
INFO  [16:58:55.019] [bbotk]  31b10db5-e416-42a9-8656-ce3fa80cdfe2
INFO  [16:58:55.022] [bbotk] Evaluating 1 configuration(s)
INFO  [16:58:55.344] [bbotk] Result of batch 2:
INFO  [16:58:55.346] [bbotk]    laplace classif.ce warnings errors runtime_learners
INFO  [16:58:55.346] [bbotk]  0.2782506  0.1790675        0      0            0.274
INFO  [16:58:55.346] [bbotk]                                 uhash
INFO  [16:58:55.346] [bbotk]  248a104c-0d5e-47d6-8b2e-d012474aba0a
INFO  [16:58:55.351] [bbotk] Evaluating 1 configuration(s)
INFO  [16:58:55.676] [bbotk] Result of batch 3:
INFO  [16:58:55.677] [bbotk]    laplace classif.ce warnings errors runtime_learners
INFO  [16:58:55.677] [bbotk]  0.1105587  0.1790675        0      0             0.28
INFO  [16:58:55.677] [bbotk]                                 uhash
INFO  [16:58:55.677] [bbotk]  66040b45-5bf2-4537-a5db-94d4339b943e
INFO  [16:58:55.685] [bbotk] Finished optimizing after 3 evaluation(s)
INFO  [16:58:55.685] [bbotk] Result:
INFO  [16:58:55.686] [bbotk]    laplace learner_param_vals  x_domain classif.ce
INFO  [16:58:55.686] [bbotk]      <num>             <list>    <list>      <num>
INFO  [16:58:55.686] [bbotk]  0.1681266          <list[1]> <list[1]>  0.1790675

### [bt]: Job terminated successfully [batchtools job.id=1577]
### [bt]: Starting job [batchtools job.id=1578]
### [bt]: Generating problem instance for problem '42e9f2146ba77696' ...
### [bt]: Applying algorithm 'run_learner' on problem '42e9f2146ba77696' for job 1578 (seed = 1579) ...
INFO  [16:58:56.045] [mlr3] Applying learner 'classif.naive_bayes.tuned_calib.oof_platt' on task 'kc1' (iter 8/10)
INFO  [16:58:56.096] [bbotk] Starting to optimize 1 parameter(s) with '<OptimizerBatchRandomSearch>' and '<TerminatorEvals> [n_evals=3, k=0]'
INFO  [16:58:56.102] [bbotk] Evaluating 1 configuration(s)
INFO  [16:58:56.477] [bbotk] Result of batch 1:
INFO  [16:58:56.478] [bbotk]    laplace classif.ce warnings errors runtime_learners
INFO  [16:58:56.478] [bbotk]  0.8571664  0.1732543        0      0            0.334
INFO  [16:58:56.478] [bbotk]                                 uhash
INFO  [16:58:56.478] [bbotk]  f28a6871-b0aa-43c5-913c-6fc5df669f2d
INFO  [16:58:56.480] [bbotk] Evaluating 1 configuration(s)
INFO  [16:58:56.824] [bbotk] Result of batch 2:
INFO  [16:58:56.826] [bbotk]    laplace classif.ce warnings errors runtime_learners
INFO  [16:58:56.826] [bbotk]  0.4257849  0.1732543        0      0            0.293
INFO  [16:58:56.826] [bbotk]                                 uhash
INFO  [16:58:56.826] [bbotk]  47d9598a-1eaf-45f2-8c89-5761a38edc32
INFO  [16:58:56.830] [bbotk] Evaluating 1 configuration(s)
INFO  [16:58:57.140] [bbotk] Result of batch 3:
INFO  [16:58:57.141] [bbotk]    laplace classif.ce warnings errors runtime_learners
INFO  [16:58:57.141] [bbotk]  0.9710795  0.1732543        0      0            0.258
INFO  [16:58:57.141] [bbotk]                                 uhash
INFO  [16:58:57.141] [bbotk]  d5f56e07-66b2-41c3-a98e-8bb0b6e409da
INFO  [16:58:57.150] [bbotk] Finished optimizing after 3 evaluation(s)
INFO  [16:58:57.150] [bbotk] Result:
INFO  [16:58:57.152] [bbotk]    laplace learner_param_vals  x_domain classif.ce
INFO  [16:58:57.152] [bbotk]      <num>             <list>    <list>      <num>
INFO  [16:58:57.152] [bbotk]  0.8571664          <list[1]> <list[1]>  0.1732543
INFO  [16:58:57.264] [bbotk] Starting to optimize 1 parameter(s) with '<OptimizerBatchRandomSearch>' and '<TerminatorEvals> [n_evals=3, k=0]'
INFO  [16:58:57.275] [bbotk] Evaluating 1 configuration(s)
INFO  [16:58:57.558] [bbotk] Result of batch 1:
INFO  [16:58:57.559] [bbotk]    laplace classif.ce warnings errors runtime_learners
INFO  [16:58:57.559] [bbotk]  0.9723129  0.1732543        0      0            0.244
INFO  [16:58:57.559] [bbotk]                                 uhash
INFO  [16:58:57.559] [bbotk]  8c56110d-f57c-4bf0-8b88-12f8c3dc13bb
INFO  [16:58:57.561] [bbotk] Evaluating 1 configuration(s)
INFO  [16:58:57.789] [bbotk] Result of batch 2:
INFO  [16:58:57.790] [bbotk]  laplace classif.ce warnings errors runtime_learners
INFO  [16:58:57.790] [bbotk]  0.57716  0.1732543        0      0            0.199
INFO  [16:58:57.790] [bbotk]                                 uhash
INFO  [16:58:57.790] [bbotk]  5631e463-21ea-45ca-ba99-039af9f7e399
INFO  [16:58:57.792] [bbotk] Evaluating 1 configuration(s)
INFO  [16:58:58.000] [bbotk] Result of batch 3:
INFO  [16:58:58.001] [bbotk]    laplace classif.ce warnings errors runtime_learners
INFO  [16:58:58.001] [bbotk]  0.6048157  0.1732543        0      0            0.182
INFO  [16:58:58.001] [bbotk]                                 uhash
INFO  [16:58:58.001] [bbotk]  e73d7814-8877-43b6-89af-c8700d5a92d9
INFO  [16:58:58.007] [bbotk] Finished optimizing after 3 evaluation(s)
INFO  [16:58:58.008] [bbotk] Result:
INFO  [16:58:58.008] [bbotk]    laplace learner_param_vals  x_domain classif.ce
INFO  [16:58:58.008] [bbotk]      <num>             <list>    <list>      <num>
INFO  [16:58:58.008] [bbotk]  0.9723129          <list[1]> <list[1]>  0.1732543
INFO  [16:58:58.118] [bbotk] Starting to optimize 1 parameter(s) with '<OptimizerBatchRandomSearch>' and '<TerminatorEvals> [n_evals=3, k=0]'
INFO  [16:58:58.123] [bbotk] Evaluating 1 configuration(s)
INFO  [16:58:58.418] [bbotk] Result of batch 1:
INFO  [16:58:58.419] [bbotk]   laplace classif.ce warnings errors runtime_learners
INFO  [16:58:58.419] [bbotk]  0.434113  0.1725955        0      0            0.269
INFO  [16:58:58.419] [bbotk]                                 uhash
INFO  [16:58:58.419] [bbotk]  85a07b6b-6fe5-4e70-a9d0-bf1e900ee496
INFO  [16:58:58.421] [bbotk] Evaluating 1 configuration(s)
INFO  [16:58:58.780] [bbotk] Result of batch 2:
INFO  [16:58:58.782] [bbotk]    laplace classif.ce warnings errors runtime_learners
INFO  [16:58:58.782] [bbotk]  0.6197651  0.1725955        0      0            0.322
INFO  [16:58:58.782] [bbotk]                                 uhash
INFO  [16:58:58.782] [bbotk]  db160bf2-b465-4a98-a55c-6347e15e1813
INFO  [16:58:58.784] [bbotk] Evaluating 1 configuration(s)
INFO  [16:58:59.100] [bbotk] Result of batch 3:
INFO  [16:58:59.102] [bbotk]    laplace classif.ce warnings errors runtime_learners
INFO  [16:58:59.102] [bbotk]  0.5199886  0.1725955        0      0            0.284
INFO  [16:58:59.102] [bbotk]                                 uhash
INFO  [16:58:59.102] [bbotk]  9eb0fd03-fc3a-4482-b4a7-84b2a77966b4
INFO  [16:58:59.116] [bbotk] Finished optimizing after 3 evaluation(s)
INFO  [16:58:59.117] [bbotk] Result:
INFO  [16:58:59.117] [bbotk]   laplace learner_param_vals  x_domain classif.ce
INFO  [16:58:59.117] [bbotk]     <num>             <list>    <list>      <num>
INFO  [16:58:59.117] [bbotk]  0.434113          <list[1]> <list[1]>  0.1725955
INFO  [16:58:59.220] [bbotk] Starting to optimize 1 parameter(s) with '<OptimizerBatchRandomSearch>' and '<TerminatorEvals> [n_evals=3, k=0]'
INFO  [16:58:59.224] [bbotk] Evaluating 1 configuration(s)
INFO  [16:58:59.532] [bbotk] Result of batch 1:
INFO  [16:58:59.534] [bbotk]    laplace classif.ce warnings errors runtime_learners
INFO  [16:58:59.534] [bbotk]  0.2890395  0.1764195        0      0            0.267
INFO  [16:58:59.534] [bbotk]                                 uhash
INFO  [16:58:59.534] [bbotk]  75ab8a77-f657-46bf-b1dc-401a39489fda
INFO  [16:58:59.537] [bbotk] Evaluating 1 configuration(s)
INFO  [16:58:59.827] [bbotk] Result of batch 2:
INFO  [16:58:59.829] [bbotk]    laplace classif.ce warnings errors runtime_learners
INFO  [16:58:59.829] [bbotk]  0.9872155  0.1764195        0      0            0.246
INFO  [16:58:59.829] [bbotk]                                 uhash
INFO  [16:58:59.829] [bbotk]  863bab3e-8fea-4f95-934b-d30fac43c6f4
INFO  [16:58:59.833] [bbotk] Evaluating 1 configuration(s)
INFO  [16:59:00.165] [bbotk] Result of batch 3:
INFO  [16:59:00.166] [bbotk]    laplace classif.ce warnings errors runtime_learners
INFO  [16:59:00.166] [bbotk]  0.4876686  0.1764195        0      0            0.268
INFO  [16:59:00.166] [bbotk]                                 uhash
INFO  [16:59:00.166] [bbotk]  d6f1b9da-e1a6-4642-855a-24a18fc94570
INFO  [16:59:00.172] [bbotk] Finished optimizing after 3 evaluation(s)
INFO  [16:59:00.172] [bbotk] Result:
INFO  [16:59:00.173] [bbotk]    laplace learner_param_vals  x_domain classif.ce
INFO  [16:59:00.173] [bbotk]      <num>             <list>    <list>      <num>
INFO  [16:59:00.173] [bbotk]  0.2890395          <list[1]> <list[1]>  0.1764195
INFO  [16:59:00.286] [bbotk] Starting to optimize 1 parameter(s) with '<OptimizerBatchRandomSearch>' and '<TerminatorEvals> [n_evals=3, k=0]'
INFO  [16:59:00.301] [bbotk] Evaluating 1 configuration(s)
INFO  [16:59:00.636] [bbotk] Result of batch 1:
INFO  [16:59:00.636] [bbotk]    laplace classif.ce warnings errors runtime_learners
INFO  [16:59:00.636] [bbotk]  0.9856346   0.180385        0      0             0.28
INFO  [16:59:00.636] [bbotk]                                 uhash
INFO  [16:59:00.636] [bbotk]  130859a2-a211-4e61-b6bf-b226b06c40c8
INFO  [16:59:00.639] [bbotk] Evaluating 1 configuration(s)
INFO  [16:59:01.006] [bbotk] Result of batch 2:
INFO  [16:59:01.007] [bbotk]    laplace classif.ce warnings errors runtime_learners
INFO  [16:59:01.007] [bbotk]  0.9353944   0.180385        0      0            0.319
INFO  [16:59:01.007] [bbotk]                                 uhash
INFO  [16:59:01.007] [bbotk]  e5318aac-7bdf-4f1d-9b1c-2b8a7428ebff
INFO  [16:59:01.010] [bbotk] Evaluating 1 configuration(s)
INFO  [16:59:01.329] [bbotk] Result of batch 3:
INFO  [16:59:01.331] [bbotk]     laplace classif.ce warnings errors runtime_learners
INFO  [16:59:01.331] [bbotk]  0.07556578   0.180385        0      0            0.277
INFO  [16:59:01.331] [bbotk]                                 uhash
INFO  [16:59:01.331] [bbotk]  5b0f0533-8775-42d8-8ef5-6141b98ee605
INFO  [16:59:01.342] [bbotk] Finished optimizing after 3 evaluation(s)
INFO  [16:59:01.343] [bbotk] Result:
INFO  [16:59:01.344] [bbotk]    laplace learner_param_vals  x_domain classif.ce
INFO  [16:59:01.344] [bbotk]      <num>             <list>    <list>      <num>
INFO  [16:59:01.344] [bbotk]  0.9856346          <list[1]> <list[1]>   0.180385

### [bt]: Job terminated successfully [batchtools job.id=1578]
### [bt]: Starting job [batchtools job.id=1579]
### [bt]: Generating problem instance for problem '42e9f2146ba77696' ...
### [bt]: Applying algorithm 'run_learner' on problem '42e9f2146ba77696' for job 1579 (seed = 1580) ...
INFO  [16:59:01.713] [mlr3] Applying learner 'classif.naive_bayes.tuned_calib.oof_platt' on task 'kc1' (iter 9/10)
INFO  [16:59:01.771] [bbotk] Starting to optimize 1 parameter(s) with '<OptimizerBatchRandomSearch>' and '<TerminatorEvals> [n_evals=3, k=0]'
INFO  [16:59:01.783] [bbotk] Evaluating 1 configuration(s)
INFO  [16:59:02.081] [bbotk] Result of batch 1:
INFO  [16:59:02.089] [bbotk]    laplace classif.ce warnings errors runtime_learners
INFO  [16:59:02.089] [bbotk]  0.2249084  0.1791831        0      0            0.264
INFO  [16:59:02.089] [bbotk]                                 uhash
INFO  [16:59:02.089] [bbotk]  a941e7ad-a908-415f-b289-ab7018a592a8
INFO  [16:59:02.095] [bbotk] Evaluating 1 configuration(s)
INFO  [16:59:02.442] [bbotk] Result of batch 2:
INFO  [16:59:02.443] [bbotk]    laplace classif.ce warnings errors runtime_learners
INFO  [16:59:02.443] [bbotk]  0.2629927  0.1791831        0      0              0.3
INFO  [16:59:02.443] [bbotk]                                 uhash
INFO  [16:59:02.443] [bbotk]  a7ff5820-1d63-4179-a6bd-1bc39c70a731
INFO  [16:59:02.451] [bbotk] Evaluating 1 configuration(s)
INFO  [16:59:02.817] [bbotk] Result of batch 3:
INFO  [16:59:02.819] [bbotk]     laplace classif.ce warnings errors runtime_learners
INFO  [16:59:02.819] [bbotk]  0.09050714  0.1791831        0      0            0.304
INFO  [16:59:02.819] [bbotk]                                 uhash
INFO  [16:59:02.819] [bbotk]  0802c930-48cb-4561-ba9a-b6fa802cbced
INFO  [16:59:02.835] [bbotk] Finished optimizing after 3 evaluation(s)
INFO  [16:59:02.835] [bbotk] Result:
INFO  [16:59:02.837] [bbotk]    laplace learner_param_vals  x_domain classif.ce
INFO  [16:59:02.837] [bbotk]      <num>             <list>    <list>      <num>
INFO  [16:59:02.837] [bbotk]  0.2249084          <list[1]> <list[1]>  0.1791831
INFO  [16:59:02.938] [bbotk] Starting to optimize 1 parameter(s) with '<OptimizerBatchRandomSearch>' and '<TerminatorEvals> [n_evals=3, k=0]'
INFO  [16:59:02.950] [bbotk] Evaluating 1 configuration(s)
INFO  [16:59:03.278] [bbotk] Result of batch 1:
INFO  [16:59:03.279] [bbotk]    laplace classif.ce warnings errors runtime_learners
INFO  [16:59:03.279] [bbotk]  0.7741317  0.1679842        0      0            0.293
INFO  [16:59:03.279] [bbotk]                                 uhash
INFO  [16:59:03.279] [bbotk]  adedbd8c-01eb-40e0-9b9d-702929366304
INFO  [16:59:03.281] [bbotk] Evaluating 1 configuration(s)
INFO  [16:59:03.602] [bbotk] Result of batch 2:
INFO  [16:59:03.604] [bbotk]      laplace classif.ce warnings errors runtime_learners
INFO  [16:59:03.604] [bbotk]  0.001334782  0.1679842        0      0            0.264
INFO  [16:59:03.604] [bbotk]                                 uhash
INFO  [16:59:03.604] [bbotk]  0946678c-136e-47b6-ae3f-582c64311f2d
INFO  [16:59:03.607] [bbotk] Evaluating 1 configuration(s)
INFO  [16:59:03.919] [bbotk] Result of batch 3:
INFO  [16:59:03.920] [bbotk]    laplace classif.ce warnings errors runtime_learners
INFO  [16:59:03.920] [bbotk]  0.5746725  0.1679842        0      0            0.268
INFO  [16:59:03.920] [bbotk]                                 uhash
INFO  [16:59:03.920] [bbotk]  714a98a1-2994-4f46-8b87-99ef80d24ea5
INFO  [16:59:03.933] [bbotk] Finished optimizing after 3 evaluation(s)
INFO  [16:59:03.933] [bbotk] Result:
INFO  [16:59:03.935] [bbotk]    laplace learner_param_vals  x_domain classif.ce
INFO  [16:59:03.935] [bbotk]      <num>             <list>    <list>      <num>
INFO  [16:59:03.935] [bbotk]  0.7741317          <list[1]> <list[1]>  0.1679842
INFO  [16:59:04.059] [bbotk] Starting to optimize 1 parameter(s) with '<OptimizerBatchRandomSearch>' and '<TerminatorEvals> [n_evals=3, k=0]'
INFO  [16:59:04.071] [bbotk] Evaluating 1 configuration(s)
INFO  [16:59:04.381] [bbotk] Result of batch 1:
INFO  [16:59:04.382] [bbotk]    laplace classif.ce warnings errors runtime_learners
INFO  [16:59:04.382] [bbotk]  0.2515348   0.173913        0      0            0.269
INFO  [16:59:04.382] [bbotk]                                 uhash
INFO  [16:59:04.382] [bbotk]  40580e48-85eb-4995-bc88-e1245adb3b18
INFO  [16:59:04.384] [bbotk] Evaluating 1 configuration(s)
INFO  [16:59:04.647] [bbotk] Result of batch 2:
INFO  [16:59:04.648] [bbotk]    laplace classif.ce warnings errors runtime_learners
INFO  [16:59:04.648] [bbotk]  0.8881004   0.173913        0      0            0.211
INFO  [16:59:04.648] [bbotk]                                 uhash
INFO  [16:59:04.648] [bbotk]  2bdd5bd9-44ff-4f91-8a6d-4c44fd330662
INFO  [16:59:04.651] [bbotk] Evaluating 1 configuration(s)
INFO  [16:59:04.935] [bbotk] Result of batch 3:
INFO  [16:59:04.936] [bbotk]    laplace classif.ce warnings errors runtime_learners
INFO  [16:59:04.936] [bbotk]  0.7218416   0.173913        0      0            0.229
INFO  [16:59:04.936] [bbotk]                                 uhash
INFO  [16:59:04.936] [bbotk]  c040aa16-97f0-44e1-8e18-d2f640b20828
INFO  [16:59:04.942] [bbotk] Finished optimizing after 3 evaluation(s)
INFO  [16:59:04.942] [bbotk] Result:
INFO  [16:59:04.943] [bbotk]    laplace learner_param_vals  x_domain classif.ce
INFO  [16:59:04.943] [bbotk]      <num>             <list>    <list>      <num>
INFO  [16:59:04.943] [bbotk]  0.2515348          <list[1]> <list[1]>   0.173913
INFO  [16:59:05.024] [bbotk] Starting to optimize 1 parameter(s) with '<OptimizerBatchRandomSearch>' and '<TerminatorEvals> [n_evals=3, k=0]'
INFO  [16:59:05.031] [bbotk] Evaluating 1 configuration(s)
INFO  [16:59:05.327] [bbotk] Result of batch 1:
INFO  [16:59:05.328] [bbotk]    laplace classif.ce warnings errors runtime_learners
INFO  [16:59:05.328] [bbotk]  0.6177091  0.1816662        0      0            0.249
INFO  [16:59:05.328] [bbotk]                                 uhash
INFO  [16:59:05.328] [bbotk]  6ff995db-bfe8-4cd2-b114-922be0c2f62c
INFO  [16:59:05.333] [bbotk] Evaluating 1 configuration(s)
INFO  [16:59:05.667] [bbotk] Result of batch 2:
INFO  [16:59:05.669] [bbotk]    laplace classif.ce warnings errors runtime_learners
INFO  [16:59:05.669] [bbotk]  0.9329152  0.1816662        0      0             0.28
INFO  [16:59:05.669] [bbotk]                                 uhash
INFO  [16:59:05.669] [bbotk]  3250fe1d-fe82-487b-8442-fd60ed51f9a9
INFO  [16:59:05.672] [bbotk] Evaluating 1 configuration(s)
INFO  [16:59:06.035] [bbotk] Result of batch 3:
INFO  [16:59:06.039] [bbotk]    laplace classif.ce warnings errors runtime_learners
INFO  [16:59:06.039] [bbotk]  0.1793028  0.1816662        0      0            0.305
INFO  [16:59:06.039] [bbotk]                                 uhash
INFO  [16:59:06.039] [bbotk]  a6d57f4c-fa77-4490-b7e5-28c0f43668a6
INFO  [16:59:06.052] [bbotk] Finished optimizing after 3 evaluation(s)
INFO  [16:59:06.053] [bbotk] Result:
INFO  [16:59:06.053] [bbotk]    laplace learner_param_vals  x_domain classif.ce
INFO  [16:59:06.053] [bbotk]      <num>             <list>    <list>      <num>
INFO  [16:59:06.053] [bbotk]  0.6177091          <list[1]> <list[1]>  0.1816662
INFO  [16:59:06.213] [bbotk] Starting to optimize 1 parameter(s) with '<OptimizerBatchRandomSearch>' and '<TerminatorEvals> [n_evals=3, k=0]'
INFO  [16:59:06.225] [bbotk] Evaluating 1 configuration(s)
INFO  [16:59:06.550] [bbotk] Result of batch 1:
INFO  [16:59:06.552] [bbotk]     laplace classif.ce warnings errors runtime_learners
INFO  [16:59:06.552] [bbotk]  0.08007755  0.1678724        0      0            0.267
INFO  [16:59:06.552] [bbotk]                                 uhash
INFO  [16:59:06.552] [bbotk]  e108b63f-b406-48ca-a5dd-f17adc8d3ac2
INFO  [16:59:06.557] [bbotk] Evaluating 1 configuration(s)
INFO  [16:59:06.867] [bbotk] Result of batch 2:
INFO  [16:59:06.868] [bbotk]    laplace classif.ce warnings errors runtime_learners
INFO  [16:59:06.868] [bbotk]  0.5930733  0.1678724        0      0            0.261
INFO  [16:59:06.868] [bbotk]                                 uhash
INFO  [16:59:06.868] [bbotk]  09d3e010-f852-4090-b190-82b577a56715
INFO  [16:59:06.870] [bbotk] Evaluating 1 configuration(s)
INFO  [16:59:07.217] [bbotk] Result of batch 3:
INFO  [16:59:07.221] [bbotk]   laplace classif.ce warnings errors runtime_learners
INFO  [16:59:07.221] [bbotk]  0.620249  0.1678724        0      0            0.274
INFO  [16:59:07.221] [bbotk]                                 uhash
INFO  [16:59:07.221] [bbotk]  fac3cc0b-f4bf-44b6-b97d-bd2a0a0ec8fe
INFO  [16:59:07.233] [bbotk] Finished optimizing after 3 evaluation(s)
INFO  [16:59:07.233] [bbotk] Result:
INFO  [16:59:07.234] [bbotk]     laplace learner_param_vals  x_domain classif.ce
INFO  [16:59:07.234] [bbotk]       <num>             <list>    <list>      <num>
INFO  [16:59:07.234] [bbotk]  0.08007755          <list[1]> <list[1]>  0.1678724

### [bt]: Job terminated successfully [batchtools job.id=1579]
### [bt]: Starting job [batchtools job.id=1580]
### [bt]: Generating problem instance for problem '42e9f2146ba77696' ...
### [bt]: Applying algorithm 'run_learner' on problem '42e9f2146ba77696' for job 1580 (seed = 1581) ...
INFO  [16:59:07.591] [mlr3] Applying learner 'classif.naive_bayes.tuned_calib.oof_platt' on task 'kc1' (iter 10/10)
INFO  [16:59:07.652] [bbotk] Starting to optimize 1 parameter(s) with '<OptimizerBatchRandomSearch>' and '<TerminatorEvals> [n_evals=3, k=0]'
INFO  [16:59:07.657] [bbotk] Evaluating 1 configuration(s)
INFO  [16:59:07.983] [bbotk] Result of batch 1:
INFO  [16:59:07.984] [bbotk]    laplace classif.ce warnings errors runtime_learners
INFO  [16:59:07.984] [bbotk]  0.8131649  0.1751149        0      0            0.291
INFO  [16:59:07.984] [bbotk]                                 uhash
INFO  [16:59:07.984] [bbotk]  d39ef669-b3f0-4a2d-9dda-ba7b7d6e77d6
INFO  [16:59:07.986] [bbotk] Evaluating 1 configuration(s)
INFO  [16:59:08.289] [bbotk] Result of batch 2:
INFO  [16:59:08.290] [bbotk]   laplace classif.ce warnings errors runtime_learners
INFO  [16:59:08.290] [bbotk]  0.157953  0.1751149        0      0            0.269
INFO  [16:59:08.290] [bbotk]                                 uhash
INFO  [16:59:08.290] [bbotk]  b27e1db7-7e2c-460c-a0e7-7edd03b31ae7
INFO  [16:59:08.292] [bbotk] Evaluating 1 configuration(s)
INFO  [16:59:08.592] [bbotk] Result of batch 3:
INFO  [16:59:08.593] [bbotk]    laplace classif.ce warnings errors runtime_learners
INFO  [16:59:08.593] [bbotk]  0.8560313  0.1751149        0      0            0.253
INFO  [16:59:08.593] [bbotk]                                 uhash
INFO  [16:59:08.593] [bbotk]  b68d2af5-f487-422d-8687-ed20cfc4f52f
INFO  [16:59:08.617] [bbotk] Finished optimizing after 3 evaluation(s)
INFO  [16:59:08.617] [bbotk] Result:
INFO  [16:59:08.618] [bbotk]    laplace learner_param_vals  x_domain classif.ce
INFO  [16:59:08.618] [bbotk]      <num>             <list>    <list>      <num>
INFO  [16:59:08.618] [bbotk]  0.8131649          <list[1]> <list[1]>  0.1751149
INFO  [16:59:08.753] [bbotk] Starting to optimize 1 parameter(s) with '<OptimizerBatchRandomSearch>' and '<TerminatorEvals> [n_evals=3, k=0]'
INFO  [16:59:08.771] [bbotk] Evaluating 1 configuration(s)
INFO  [16:59:09.090] [bbotk] Result of batch 1:
INFO  [16:59:09.091] [bbotk]   laplace classif.ce warnings errors runtime_learners
INFO  [16:59:09.091] [bbotk]  0.358148  0.1764337        0      0            0.282
INFO  [16:59:09.091] [bbotk]                                 uhash
INFO  [16:59:09.091] [bbotk]  453112d4-1b9b-4a64-9183-07a5258f9910
INFO  [16:59:09.093] [bbotk] Evaluating 1 configuration(s)
INFO  [16:59:09.433] [bbotk] Result of batch 2:
INFO  [16:59:09.434] [bbotk]    laplace classif.ce warnings errors runtime_learners
INFO  [16:59:09.434] [bbotk]  0.3011834  0.1764337        0      0             0.29
INFO  [16:59:09.434] [bbotk]                                 uhash
INFO  [16:59:09.434] [bbotk]  cbb2f1fd-4969-4630-915c-0a5235f74dca
INFO  [16:59:09.436] [bbotk] Evaluating 1 configuration(s)
INFO  [16:59:09.759] [bbotk] Result of batch 3:
INFO  [16:59:09.760] [bbotk]    laplace classif.ce warnings errors runtime_learners
INFO  [16:59:09.760] [bbotk]  0.9430105  0.1764337        0      0            0.278
INFO  [16:59:09.760] [bbotk]                                 uhash
INFO  [16:59:09.760] [bbotk]  647608b8-29bd-473d-8c1a-1c9120efdf6b
INFO  [16:59:09.766] [bbotk] Finished optimizing after 3 evaluation(s)
INFO  [16:59:09.766] [bbotk] Result:
INFO  [16:59:09.767] [bbotk]   laplace learner_param_vals  x_domain classif.ce
INFO  [16:59:09.767] [bbotk]     <num>             <list>    <list>      <num>
INFO  [16:59:09.767] [bbotk]  0.358148          <list[1]> <list[1]>  0.1764337
INFO  [16:59:09.917] [bbotk] Starting to optimize 1 parameter(s) with '<OptimizerBatchRandomSearch>' and '<TerminatorEvals> [n_evals=3, k=0]'
INFO  [16:59:09.921] [bbotk] Evaluating 1 configuration(s)
INFO  [16:59:10.238] [bbotk] Result of batch 1:
INFO  [16:59:10.238] [bbotk]    laplace classif.ce warnings errors runtime_learners
INFO  [16:59:10.238] [bbotk]  0.8420218  0.1810126        0      0            0.276
INFO  [16:59:10.238] [bbotk]                                 uhash
INFO  [16:59:10.238] [bbotk]  2d92bfe3-9c84-4f36-b664-f00042d68c47
INFO  [16:59:10.241] [bbotk] Evaluating 1 configuration(s)
INFO  [16:59:10.784] [bbotk] Result of batch 2:
INFO  [16:59:10.785] [bbotk]     laplace classif.ce warnings errors runtime_learners
INFO  [16:59:10.785] [bbotk]  0.07344246  0.1810126        0      0            0.497
INFO  [16:59:10.785] [bbotk]                                 uhash
INFO  [16:59:10.785] [bbotk]  8db96168-c065-44b6-948f-45e92b0b6b4e
INFO  [16:59:10.787] [bbotk] Evaluating 1 configuration(s)
INFO  [16:59:11.113] [bbotk] Result of batch 3:
INFO  [16:59:11.114] [bbotk]    laplace classif.ce warnings errors runtime_learners
INFO  [16:59:11.114] [bbotk]  0.8490048  0.1810126        0      0            0.273
INFO  [16:59:11.114] [bbotk]                                 uhash
INFO  [16:59:11.114] [bbotk]  3ef67b85-8324-485c-87c0-e2be01e9f476
INFO  [16:59:11.120] [bbotk] Finished optimizing after 3 evaluation(s)
INFO  [16:59:11.121] [bbotk] Result:
INFO  [16:59:11.121] [bbotk]    laplace learner_param_vals  x_domain classif.ce
INFO  [16:59:11.121] [bbotk]      <num>             <list>    <list>      <num>
INFO  [16:59:11.121] [bbotk]  0.8420218          <list[1]> <list[1]>  0.1810126
INFO  [16:59:11.194] [bbotk] Starting to optimize 1 parameter(s) with '<OptimizerBatchRandomSearch>' and '<TerminatorEvals> [n_evals=3, k=0]'
INFO  [16:59:11.200] [bbotk] Evaluating 1 configuration(s)
INFO  [16:59:11.510] [bbotk] Result of batch 1:
INFO  [16:59:11.511] [bbotk]    laplace classif.ce warnings errors runtime_learners
INFO  [16:59:11.511] [bbotk]  0.7665715  0.1652465        0      0             0.27
INFO  [16:59:11.511] [bbotk]                                 uhash
INFO  [16:59:11.511] [bbotk]  baf60d26-7c3c-4930-9e96-dfa7c92f8577
INFO  [16:59:11.513] [bbotk] Evaluating 1 configuration(s)
INFO  [16:59:11.776] [bbotk] Result of batch 2:
INFO  [16:59:11.777] [bbotk]    laplace classif.ce warnings errors runtime_learners
INFO  [16:59:11.777] [bbotk]  0.1503663  0.1652465        0      0            0.227
INFO  [16:59:11.777] [bbotk]                                 uhash
INFO  [16:59:11.777] [bbotk]  a66c51b4-2604-4fb3-a726-69ff92957421
INFO  [16:59:11.779] [bbotk] Evaluating 1 configuration(s)
INFO  [16:59:12.028] [bbotk] Result of batch 3:
INFO  [16:59:12.029] [bbotk]    laplace classif.ce warnings errors runtime_learners
INFO  [16:59:12.029] [bbotk]  0.3271763  0.1652465        0      0            0.216
INFO  [16:59:12.029] [bbotk]                                 uhash
INFO  [16:59:12.029] [bbotk]  6112dd38-6009-4e8a-8ef4-02e03688b192
INFO  [16:59:12.035] [bbotk] Finished optimizing after 3 evaluation(s)
INFO  [16:59:12.036] [bbotk] Result:
INFO  [16:59:12.036] [bbotk]    laplace learner_param_vals  x_domain classif.ce
INFO  [16:59:12.036] [bbotk]      <num>             <list>    <list>      <num>
INFO  [16:59:12.036] [bbotk]  0.7665715          <list[1]> <list[1]>  0.1652465
INFO  [16:59:12.155] [bbotk] Starting to optimize 1 parameter(s) with '<OptimizerBatchRandomSearch>' and '<TerminatorEvals> [n_evals=3, k=0]'
INFO  [16:59:12.160] [bbotk] Evaluating 1 configuration(s)
INFO  [16:59:12.411] [bbotk] Result of batch 1:
INFO  [16:59:12.413] [bbotk]    laplace classif.ce warnings errors runtime_learners
INFO  [16:59:12.413] [bbotk]  0.2991191  0.1789298        0      0            0.209
INFO  [16:59:12.413] [bbotk]                                 uhash
INFO  [16:59:12.413] [bbotk]  8375ed6d-8a3d-434c-829d-aa9edfee1af8
INFO  [16:59:12.418] [bbotk] Evaluating 1 configuration(s)
INFO  [16:59:12.748] [bbotk] Result of batch 2:
INFO  [16:59:12.749] [bbotk]    laplace classif.ce warnings errors runtime_learners
INFO  [16:59:12.749] [bbotk]  0.3294053  0.1789298        0      0            0.275
INFO  [16:59:12.749] [bbotk]                                 uhash
INFO  [16:59:12.749] [bbotk]  9edb1ff9-9bea-4236-bfba-9a2846a5b6d7
INFO  [16:59:12.756] [bbotk] Evaluating 1 configuration(s)
INFO  [16:59:13.063] [bbotk] Result of batch 3:
INFO  [16:59:13.064] [bbotk]    laplace classif.ce warnings errors runtime_learners
INFO  [16:59:13.064] [bbotk]  0.6472947  0.1789298        0      0            0.253
INFO  [16:59:13.064] [bbotk]                                 uhash
INFO  [16:59:13.064] [bbotk]  07dbe73d-1ad6-4fdd-8465-1e9ed2c176c9
INFO  [16:59:13.081] [bbotk] Finished optimizing after 3 evaluation(s)
INFO  [16:59:13.081] [bbotk] Result:
INFO  [16:59:13.083] [bbotk]    laplace learner_param_vals  x_domain classif.ce
INFO  [16:59:13.083] [bbotk]      <num>             <list>    <list>      <num>
INFO  [16:59:13.083] [bbotk]  0.2991191          <list[1]> <list[1]>  0.1789298

### [bt]: Job terminated successfully [batchtools job.id=1580]
### [bt]: Calculation finished!
