### [bt]: This is batchtools v0.9.17
### [bt]: Starting calculation of 5 jobs
### [bt]: Setting working directory to '/Users/User/Documents/Studium/Semester8/Hiwi/mlr3calibration/vignettes'
### [bt]: Memory measurement disabled
### [bt]: Starting job [batchtools job.id=2796]
### [bt]: Generating problem instance for problem '6390d9e81da17366' ...
### [bt]: Applying algorithm 'run_learner' on problem '6390d9e81da17366' for job 2796 (seed = 2797) ...
INFO  [17:23:40.316] [mlr3] Applying learner 'classif.naive_bayes.tuned_calib.perfold_isotonic' on task 'qsar-biodeg' (iter 6/10)
INFO  [17:23:40.346] [bbotk] Starting to optimize 1 parameter(s) with '<OptimizerBatchRandomSearch>' and '<TerminatorEvals> [n_evals=3, k=0]'
INFO  [17:23:40.351] [bbotk] Evaluating 1 configuration(s)
INFO  [17:23:40.562] [bbotk] Result of batch 1:
INFO  [17:23:40.563] [bbotk]    laplace classif.ce warnings errors runtime_learners
INFO  [17:23:40.563] [bbotk]  0.1792082  0.3131555        0      0            0.176
INFO  [17:23:40.563] [bbotk]                                 uhash
INFO  [17:23:40.563] [bbotk]  600f47f8-b00a-415a-845a-fe74fb429b19
INFO  [17:23:40.565] [bbotk] Evaluating 1 configuration(s)
INFO  [17:23:40.807] [bbotk] Result of batch 2:
INFO  [17:23:40.816] [bbotk]    laplace classif.ce warnings errors runtime_learners
INFO  [17:23:40.816] [bbotk]  0.8735112  0.3131555        0      0            0.207
INFO  [17:23:40.816] [bbotk]                                 uhash
INFO  [17:23:40.816] [bbotk]  30a78278-2606-4c22-a754-9741edd38491
INFO  [17:23:40.823] [bbotk] Evaluating 1 configuration(s)
INFO  [17:23:41.151] [bbotk] Result of batch 3:
INFO  [17:23:41.153] [bbotk]     laplace classif.ce warnings errors runtime_learners
INFO  [17:23:41.153] [bbotk]  0.05914362  0.3131555        0      0            0.267
INFO  [17:23:41.153] [bbotk]                                 uhash
INFO  [17:23:41.153] [bbotk]  ec635aa7-ae15-40cf-a56a-c086bf88d894
INFO  [17:23:41.165] [bbotk] Finished optimizing after 3 evaluation(s)
INFO  [17:23:41.166] [bbotk] Result:
INFO  [17:23:41.166] [bbotk]    laplace learner_param_vals  x_domain classif.ce
INFO  [17:23:41.166] [bbotk]      <num>             <list>    <list>      <num>
INFO  [17:23:41.166] [bbotk]  0.1792082          <list[1]> <list[1]>  0.3131555
INFO  [17:23:41.295] [bbotk] Starting to optimize 1 parameter(s) with '<OptimizerBatchRandomSearch>' and '<TerminatorEvals> [n_evals=3, k=0]'
INFO  [17:23:41.300] [bbotk] Evaluating 1 configuration(s)
INFO  [17:23:41.571] [bbotk] Result of batch 1:
INFO  [17:23:41.573] [bbotk]     laplace classif.ce warnings errors runtime_learners
INFO  [17:23:41.573] [bbotk]  0.01778074  0.2763427        0      0            0.223
INFO  [17:23:41.573] [bbotk]                                 uhash
INFO  [17:23:41.573] [bbotk]  aa1bf706-0117-4514-9fa6-308eebb6ee02
INFO  [17:23:41.578] [bbotk] Evaluating 1 configuration(s)
INFO  [17:23:41.922] [bbotk] Result of batch 2:
INFO  [17:23:41.924] [bbotk]    laplace classif.ce warnings errors runtime_learners
INFO  [17:23:41.924] [bbotk]  0.6836291  0.2763427        0      0            0.294
INFO  [17:23:41.924] [bbotk]                                 uhash
INFO  [17:23:41.924] [bbotk]  cda1e88c-a652-4e51-a98a-492e3857f188
INFO  [17:23:41.926] [bbotk] Evaluating 1 configuration(s)
INFO  [17:23:42.209] [bbotk] Result of batch 3:
INFO  [17:23:42.210] [bbotk]    laplace classif.ce warnings errors runtime_learners
INFO  [17:23:42.210] [bbotk]  0.0888769  0.2763427        0      0            0.248
INFO  [17:23:42.210] [bbotk]                                 uhash
INFO  [17:23:42.210] [bbotk]  3c9dbfb1-9565-4186-a3dc-076d0f28fa5a
INFO  [17:23:42.228] [bbotk] Finished optimizing after 3 evaluation(s)
INFO  [17:23:42.228] [bbotk] Result:
INFO  [17:23:42.229] [bbotk]     laplace learner_param_vals  x_domain classif.ce
INFO  [17:23:42.229] [bbotk]       <num>             <list>    <list>      <num>
INFO  [17:23:42.229] [bbotk]  0.01778074          <list[1]> <list[1]>  0.2763427
INFO  [17:23:42.359] [bbotk] Starting to optimize 1 parameter(s) with '<OptimizerBatchRandomSearch>' and '<TerminatorEvals> [n_evals=3, k=0]'
INFO  [17:23:42.365] [bbotk] Evaluating 1 configuration(s)
INFO  [17:23:42.681] [bbotk] Result of batch 1:
INFO  [17:23:42.682] [bbotk]    laplace classif.ce warnings errors runtime_learners
INFO  [17:23:42.682] [bbotk]  0.6239178  0.2894557        0      0            0.257
INFO  [17:23:42.682] [bbotk]                                 uhash
INFO  [17:23:42.682] [bbotk]  e44f3812-6670-4115-aef6-103f1907ba17
INFO  [17:23:42.685] [bbotk] Evaluating 1 configuration(s)
INFO  [17:23:42.963] [bbotk] Result of batch 2:
INFO  [17:23:42.964] [bbotk]    laplace classif.ce warnings errors runtime_learners
INFO  [17:23:42.964] [bbotk]  0.1045425  0.2894557        0      0            0.239
INFO  [17:23:42.964] [bbotk]                                 uhash
INFO  [17:23:42.964] [bbotk]  667c27ed-dab3-4686-92f4-961819902dbc
INFO  [17:23:42.966] [bbotk] Evaluating 1 configuration(s)
INFO  [17:23:43.279] [bbotk] Result of batch 3:
INFO  [17:23:43.280] [bbotk]     laplace classif.ce warnings errors runtime_learners
INFO  [17:23:43.280] [bbotk]  0.08462035  0.2894557        0      0            0.259
INFO  [17:23:43.280] [bbotk]                                 uhash
INFO  [17:23:43.280] [bbotk]  6f7c5b64-da65-4a69-a52c-7b23a78e1219
INFO  [17:23:43.287] [bbotk] Finished optimizing after 3 evaluation(s)
INFO  [17:23:43.288] [bbotk] Result:
INFO  [17:23:43.306] [bbotk]    laplace learner_param_vals  x_domain classif.ce
INFO  [17:23:43.306] [bbotk]      <num>             <list>    <list>      <num>
INFO  [17:23:43.306] [bbotk]  0.6239178          <list[1]> <list[1]>  0.2894557
INFO  [17:23:43.424] [bbotk] Starting to optimize 1 parameter(s) with '<OptimizerBatchRandomSearch>' and '<TerminatorEvals> [n_evals=3, k=0]'
INFO  [17:23:43.434] [bbotk] Evaluating 1 configuration(s)
INFO  [17:23:43.709] [bbotk] Result of batch 1:
INFO  [17:23:43.710] [bbotk]    laplace classif.ce warnings errors runtime_learners
INFO  [17:23:43.710] [bbotk]  0.5722945  0.3171029        0      0            0.228
INFO  [17:23:43.710] [bbotk]                                 uhash
INFO  [17:23:43.710] [bbotk]  f36e29c6-3ce0-4986-ba19-1dcab16c77ab
INFO  [17:23:43.712] [bbotk] Evaluating 1 configuration(s)
INFO  [17:23:44.074] [bbotk] Result of batch 2:
INFO  [17:23:44.075] [bbotk]   laplace classif.ce warnings errors runtime_learners
INFO  [17:23:44.075] [bbotk]  0.599164  0.3171029        0      0            0.301
INFO  [17:23:44.075] [bbotk]                                 uhash
INFO  [17:23:44.075] [bbotk]  80e76e56-69d7-455e-9a60-35ef55cf8b15
INFO  [17:23:44.077] [bbotk] Evaluating 1 configuration(s)
INFO  [17:23:44.427] [bbotk] Result of batch 3:
INFO  [17:23:44.429] [bbotk]    laplace classif.ce warnings errors runtime_learners
INFO  [17:23:44.429] [bbotk]  0.2049483  0.3171029        0      0            0.307
INFO  [17:23:44.429] [bbotk]                                 uhash
INFO  [17:23:44.429] [bbotk]  8c7a2838-7553-4104-af21-c1b4a005a3b6
INFO  [17:23:44.439] [bbotk] Finished optimizing after 3 evaluation(s)
INFO  [17:23:44.439] [bbotk] Result:
INFO  [17:23:44.440] [bbotk]    laplace learner_param_vals  x_domain classif.ce
INFO  [17:23:44.440] [bbotk]      <num>             <list>    <list>      <num>
INFO  [17:23:44.440] [bbotk]  0.5722945          <list[1]> <list[1]>  0.3171029
INFO  [17:23:44.563] [bbotk] Starting to optimize 1 parameter(s) with '<OptimizerBatchRandomSearch>' and '<TerminatorEvals> [n_evals=3, k=0]'
INFO  [17:23:44.570] [bbotk] Evaluating 1 configuration(s)
INFO  [17:23:44.868] [bbotk] Result of batch 1:
INFO  [17:23:44.869] [bbotk]    laplace classif.ce warnings errors runtime_learners
INFO  [17:23:44.869] [bbotk]  0.9975593  0.3091511        0      0            0.233
INFO  [17:23:44.869] [bbotk]                                 uhash
INFO  [17:23:44.869] [bbotk]  acf5c7e9-32b2-4ba7-b932-187ba96f0dfd
INFO  [17:23:44.871] [bbotk] Evaluating 1 configuration(s)
INFO  [17:23:45.191] [bbotk] Result of batch 2:
INFO  [17:23:45.193] [bbotk]     laplace classif.ce warnings errors runtime_learners
INFO  [17:23:45.193] [bbotk]  0.07945286  0.3091511        0      0             0.25
INFO  [17:23:45.193] [bbotk]                                 uhash
INFO  [17:23:45.193] [bbotk]  214cb73d-9d9e-40ef-a226-ff05a29a9852
INFO  [17:23:45.198] [bbotk] Evaluating 1 configuration(s)
INFO  [17:23:45.495] [bbotk] Result of batch 3:
INFO  [17:23:45.496] [bbotk]    laplace classif.ce warnings errors runtime_learners
INFO  [17:23:45.496] [bbotk]  0.2475098  0.3091511        0      0            0.252
INFO  [17:23:45.496] [bbotk]                                 uhash
INFO  [17:23:45.496] [bbotk]  7493e916-71ad-44ac-91ad-07b9bfc886de
INFO  [17:23:45.513] [bbotk] Finished optimizing after 3 evaluation(s)
INFO  [17:23:45.513] [bbotk] Result:
INFO  [17:23:45.515] [bbotk]    laplace learner_param_vals  x_domain classif.ce
INFO  [17:23:45.515] [bbotk]      <num>             <list>    <list>      <num>
INFO  [17:23:45.515] [bbotk]  0.9975593          <list[1]> <list[1]>  0.3091511

### [bt]: Job terminated successfully [batchtools job.id=2796]
### [bt]: Starting job [batchtools job.id=2797]
### [bt]: Generating problem instance for problem '6390d9e81da17366' ...
### [bt]: Applying algorithm 'run_learner' on problem '6390d9e81da17366' for job 2797 (seed = 2798) ...
INFO  [17:23:45.887] [mlr3] Applying learner 'classif.naive_bayes.tuned_calib.perfold_isotonic' on task 'qsar-biodeg' (iter 7/10)
INFO  [17:23:45.964] [bbotk] Starting to optimize 1 parameter(s) with '<OptimizerBatchRandomSearch>' and '<TerminatorEvals> [n_evals=3, k=0]'
INFO  [17:23:45.971] [bbotk] Evaluating 1 configuration(s)
INFO  [17:23:46.340] [bbotk] Result of batch 1:
INFO  [17:23:46.341] [bbotk]     laplace classif.ce warnings errors runtime_learners
INFO  [17:23:46.341] [bbotk]  0.01366645  0.3038965        0      0            0.288
INFO  [17:23:46.341] [bbotk]                                 uhash
INFO  [17:23:46.341] [bbotk]  d4b68358-a6d4-4623-9f33-5f3b31b6484d
INFO  [17:23:46.344] [bbotk] Evaluating 1 configuration(s)
INFO  [17:23:46.688] [bbotk] Result of batch 2:
INFO  [17:23:46.689] [bbotk]     laplace classif.ce warnings errors runtime_learners
INFO  [17:23:46.689] [bbotk]  0.01122822  0.3038965        0      0            0.278
INFO  [17:23:46.689] [bbotk]                                 uhash
INFO  [17:23:46.689] [bbotk]  bd089f5e-f8ed-418d-a83d-b1df984390a0
INFO  [17:23:46.693] [bbotk] Evaluating 1 configuration(s)
INFO  [17:23:47.010] [bbotk] Result of batch 3:
INFO  [17:23:47.011] [bbotk]    laplace classif.ce warnings errors runtime_learners
INFO  [17:23:47.011] [bbotk]  0.9958614  0.3038965        0      0            0.263
INFO  [17:23:47.011] [bbotk]                                 uhash
INFO  [17:23:47.011] [bbotk]  793f8bf2-f295-4a58-be6f-e7176d8695f0
INFO  [17:23:47.030] [bbotk] Finished optimizing after 3 evaluation(s)
INFO  [17:23:47.031] [bbotk] Result:
INFO  [17:23:47.031] [bbotk]     laplace learner_param_vals  x_domain classif.ce
INFO  [17:23:47.031] [bbotk]       <num>             <list>    <list>      <num>
INFO  [17:23:47.031] [bbotk]  0.01366645          <list[1]> <list[1]>  0.3038965
INFO  [17:23:47.201] [bbotk] Starting to optimize 1 parameter(s) with '<OptimizerBatchRandomSearch>' and '<TerminatorEvals> [n_evals=3, k=0]'
INFO  [17:23:47.210] [bbotk] Evaluating 1 configuration(s)
INFO  [17:23:47.525] [bbotk] Result of batch 1:
INFO  [17:23:47.526] [bbotk]    laplace classif.ce warnings errors runtime_learners
INFO  [17:23:47.526] [bbotk]  0.3314888  0.3196809        0      0            0.264
INFO  [17:23:47.526] [bbotk]                                 uhash
INFO  [17:23:47.526] [bbotk]  a77cbf9d-d816-4c72-aa99-906ef999a132
INFO  [17:23:47.529] [bbotk] Evaluating 1 configuration(s)
INFO  [17:23:47.845] [bbotk] Result of batch 2:
INFO  [17:23:47.848] [bbotk]    laplace classif.ce warnings errors runtime_learners
INFO  [17:23:47.848] [bbotk]  0.7203686  0.3196809        0      0            0.262
INFO  [17:23:47.848] [bbotk]                                 uhash
INFO  [17:23:47.848] [bbotk]  b698a6fb-3cbc-4832-8cf9-16fdf7a1e8df
INFO  [17:23:47.852] [bbotk] Evaluating 1 configuration(s)
INFO  [17:23:48.146] [bbotk] Result of batch 3:
INFO  [17:23:48.147] [bbotk]    laplace classif.ce warnings errors runtime_learners
INFO  [17:23:48.147] [bbotk]  0.1608623  0.3196809        0      0            0.246
INFO  [17:23:48.147] [bbotk]                                 uhash
INFO  [17:23:48.147] [bbotk]  b34ea821-54b5-4e6b-8b48-bc84f884ee3d
INFO  [17:23:48.157] [bbotk] Finished optimizing after 3 evaluation(s)
INFO  [17:23:48.158] [bbotk] Result:
INFO  [17:23:48.159] [bbotk]    laplace learner_param_vals  x_domain classif.ce
INFO  [17:23:48.159] [bbotk]      <num>             <list>    <list>      <num>
INFO  [17:23:48.159] [bbotk]  0.3314888          <list[1]> <list[1]>  0.3196809
INFO  [17:23:48.360] [bbotk] Starting to optimize 1 parameter(s) with '<OptimizerBatchRandomSearch>' and '<TerminatorEvals> [n_evals=3, k=0]'
INFO  [17:23:48.365] [bbotk] Evaluating 1 configuration(s)
INFO  [17:23:48.660] [bbotk] Result of batch 1:
INFO  [17:23:48.661] [bbotk]    laplace classif.ce warnings errors runtime_learners
INFO  [17:23:48.661] [bbotk]  0.5360905  0.3209725        0      0            0.254
INFO  [17:23:48.661] [bbotk]                                 uhash
INFO  [17:23:48.661] [bbotk]  d6832db5-0f3b-4a03-8206-3d79a084efc8
INFO  [17:23:48.663] [bbotk] Evaluating 1 configuration(s)
INFO  [17:23:48.963] [bbotk] Result of batch 2:
INFO  [17:23:48.964] [bbotk]    laplace classif.ce warnings errors runtime_learners
INFO  [17:23:48.964] [bbotk]  0.5673749  0.3209725        0      0            0.253
INFO  [17:23:48.964] [bbotk]                                 uhash
INFO  [17:23:48.964] [bbotk]  3c2db108-2319-489d-834c-ca3aacbf74a3
INFO  [17:23:48.971] [bbotk] Evaluating 1 configuration(s)
INFO  [17:23:49.340] [bbotk] Result of batch 3:
INFO  [17:23:49.341] [bbotk]    laplace classif.ce warnings errors runtime_learners
INFO  [17:23:49.341] [bbotk]  0.9912484  0.3209725        0      0            0.303
INFO  [17:23:49.341] [bbotk]                                 uhash
INFO  [17:23:49.341] [bbotk]  e200a0ca-eca8-4577-a2eb-743e0045e35f
INFO  [17:23:49.372] [bbotk] Finished optimizing after 3 evaluation(s)
INFO  [17:23:49.373] [bbotk] Result:
INFO  [17:23:49.375] [bbotk]    laplace learner_param_vals  x_domain classif.ce
INFO  [17:23:49.375] [bbotk]      <num>             <list>    <list>      <num>
INFO  [17:23:49.375] [bbotk]  0.5360905          <list[1]> <list[1]>  0.3209725
INFO  [17:23:49.491] [bbotk] Starting to optimize 1 parameter(s) with '<OptimizerBatchRandomSearch>' and '<TerminatorEvals> [n_evals=3, k=0]'
INFO  [17:23:49.495] [bbotk] Evaluating 1 configuration(s)
INFO  [17:23:49.790] [bbotk] Result of batch 1:
INFO  [17:23:49.791] [bbotk]    laplace classif.ce warnings errors runtime_learners
INFO  [17:23:49.791] [bbotk]  0.9682917   0.323675        0      0            0.252
INFO  [17:23:49.791] [bbotk]                                 uhash
INFO  [17:23:49.791] [bbotk]  cda03728-55c0-466d-975d-05448c0fb33d
INFO  [17:23:49.794] [bbotk] Evaluating 1 configuration(s)
INFO  [17:23:50.178] [bbotk] Result of batch 2:
INFO  [17:23:50.180] [bbotk]    laplace classif.ce warnings errors runtime_learners
INFO  [17:23:50.180] [bbotk]  0.4847213   0.323675        0      0            0.328
INFO  [17:23:50.180] [bbotk]                                 uhash
INFO  [17:23:50.180] [bbotk]  3f2457ff-d66e-4937-9db4-c605777dd93f
INFO  [17:23:50.182] [bbotk] Evaluating 1 configuration(s)
INFO  [17:23:50.522] [bbotk] Result of batch 3:
INFO  [17:23:50.523] [bbotk]    laplace classif.ce warnings errors runtime_learners
INFO  [17:23:50.523] [bbotk]  0.4747249   0.323675        0      0             0.28
INFO  [17:23:50.523] [bbotk]                                 uhash
INFO  [17:23:50.523] [bbotk]  6ecdf332-f442-4c11-82c7-9f4f97cdeb01
INFO  [17:23:50.530] [bbotk] Finished optimizing after 3 evaluation(s)
INFO  [17:23:50.530] [bbotk] Result:
INFO  [17:23:50.531] [bbotk]    laplace learner_param_vals  x_domain classif.ce
INFO  [17:23:50.531] [bbotk]      <num>             <list>    <list>      <num>
INFO  [17:23:50.531] [bbotk]  0.9682917          <list[1]> <list[1]>   0.323675
INFO  [17:23:50.622] [bbotk] Starting to optimize 1 parameter(s) with '<OptimizerBatchRandomSearch>' and '<TerminatorEvals> [n_evals=3, k=0]'
INFO  [17:23:50.627] [bbotk] Evaluating 1 configuration(s)
INFO  [17:23:50.964] [bbotk] Result of batch 1:
INFO  [17:23:50.965] [bbotk]    laplace classif.ce warnings errors runtime_learners
INFO  [17:23:50.965] [bbotk]  0.7308758  0.2999388        0      0            0.285
INFO  [17:23:50.965] [bbotk]                                 uhash
INFO  [17:23:50.965] [bbotk]  d8475829-2e5b-44a0-8a4b-988ab13c82f4
INFO  [17:23:50.967] [bbotk] Evaluating 1 configuration(s)
INFO  [17:23:51.308] [bbotk] Result of batch 2:
INFO  [17:23:51.309] [bbotk]    laplace classif.ce warnings errors runtime_learners
INFO  [17:23:51.309] [bbotk]  0.4938985  0.2999388        0      0            0.292
INFO  [17:23:51.309] [bbotk]                                 uhash
INFO  [17:23:51.309] [bbotk]  b39caf5a-e4c3-435b-bf9b-d1c68b99a859
INFO  [17:23:51.311] [bbotk] Evaluating 1 configuration(s)
INFO  [17:23:51.622] [bbotk] Result of batch 3:
INFO  [17:23:51.622] [bbotk]    laplace classif.ce warnings errors runtime_learners
INFO  [17:23:51.622] [bbotk]  0.7642008  0.2999388        0      0            0.266
INFO  [17:23:51.622] [bbotk]                                 uhash
INFO  [17:23:51.622] [bbotk]  6688ddff-9013-4690-a654-76a6423cb087
INFO  [17:23:51.635] [bbotk] Finished optimizing after 3 evaluation(s)
INFO  [17:23:51.636] [bbotk] Result:
INFO  [17:23:51.636] [bbotk]    laplace learner_param_vals  x_domain classif.ce
INFO  [17:23:51.636] [bbotk]      <num>             <list>    <list>      <num>
INFO  [17:23:51.636] [bbotk]  0.7308758          <list[1]> <list[1]>  0.2999388

### [bt]: Job terminated successfully [batchtools job.id=2797]
### [bt]: Starting job [batchtools job.id=2798]
### [bt]: Generating problem instance for problem '6390d9e81da17366' ...
### [bt]: Applying algorithm 'run_learner' on problem '6390d9e81da17366' for job 2798 (seed = 2799) ...
INFO  [17:23:51.999] [mlr3] Applying learner 'classif.naive_bayes.tuned_calib.perfold_isotonic' on task 'qsar-biodeg' (iter 8/10)
INFO  [17:23:52.073] [bbotk] Starting to optimize 1 parameter(s) with '<OptimizerBatchRandomSearch>' and '<TerminatorEvals> [n_evals=3, k=0]'
INFO  [17:23:52.086] [bbotk] Evaluating 1 configuration(s)
INFO  [17:23:52.418] [bbotk] Result of batch 1:
INFO  [17:23:52.419] [bbotk]    laplace classif.ce warnings errors runtime_learners
INFO  [17:23:52.419] [bbotk]  0.8026841  0.3144679        0      0            0.295
INFO  [17:23:52.419] [bbotk]                                 uhash
INFO  [17:23:52.419] [bbotk]  d6e55993-a68b-448f-ab9e-c176885c026a
INFO  [17:23:52.422] [bbotk] Evaluating 1 configuration(s)
INFO  [17:23:52.746] [bbotk] Result of batch 2:
INFO  [17:23:52.747] [bbotk]    laplace classif.ce warnings errors runtime_learners
INFO  [17:23:52.747] [bbotk]  0.5582612  0.3144679        0      0            0.267
INFO  [17:23:52.747] [bbotk]                                 uhash
INFO  [17:23:52.747] [bbotk]  853be7b7-82f0-4d8a-8d7a-3c8368a8c07d
INFO  [17:23:52.749] [bbotk] Evaluating 1 configuration(s)
INFO  [17:23:53.019] [bbotk] Result of batch 3:
INFO  [17:23:53.021] [bbotk]    laplace classif.ce warnings errors runtime_learners
INFO  [17:23:53.021] [bbotk]  0.8357181  0.3144679        0      0            0.218
INFO  [17:23:53.021] [bbotk]                                 uhash
INFO  [17:23:53.021] [bbotk]  e40fbf4b-5e76-4c32-a672-6804d6618b30
INFO  [17:23:53.037] [bbotk] Finished optimizing after 3 evaluation(s)
INFO  [17:23:53.037] [bbotk] Result:
INFO  [17:23:53.039] [bbotk]    laplace learner_param_vals  x_domain classif.ce
INFO  [17:23:53.039] [bbotk]      <num>             <list>    <list>      <num>
INFO  [17:23:53.039] [bbotk]  0.8026841          <list[1]> <list[1]>  0.3144679
INFO  [17:23:53.149] [bbotk] Starting to optimize 1 parameter(s) with '<OptimizerBatchRandomSearch>' and '<TerminatorEvals> [n_evals=3, k=0]'
INFO  [17:23:53.169] [bbotk] Evaluating 1 configuration(s)
INFO  [17:23:53.491] [bbotk] Result of batch 1:
INFO  [17:23:53.492] [bbotk]   laplace classif.ce warnings errors runtime_learners
INFO  [17:23:53.492] [bbotk]  0.720668  0.2921063        0      0            0.264
INFO  [17:23:53.492] [bbotk]                                 uhash
INFO  [17:23:53.492] [bbotk]  8b23db6a-9881-4fdb-b342-adfc16b1e6e7
INFO  [17:23:53.494] [bbotk] Evaluating 1 configuration(s)
INFO  [17:23:53.867] [bbotk] Result of batch 2:
INFO  [17:23:53.868] [bbotk]   laplace classif.ce warnings errors runtime_learners
INFO  [17:23:53.868] [bbotk]  0.747056  0.2921063        0      0            0.317
INFO  [17:23:53.868] [bbotk]                                 uhash
INFO  [17:23:53.868] [bbotk]  5929912c-8197-48e1-92fe-98f10d63520f
INFO  [17:23:53.871] [bbotk] Evaluating 1 configuration(s)
INFO  [17:23:54.178] [bbotk] Result of batch 3:
INFO  [17:23:54.180] [bbotk]    laplace classif.ce warnings errors runtime_learners
INFO  [17:23:54.180] [bbotk]  0.8209364  0.2921063        0      0            0.263
INFO  [17:23:54.180] [bbotk]                                 uhash
INFO  [17:23:54.180] [bbotk]  1c4c04cb-1779-4dad-acf1-0c444f8a90f4
INFO  [17:23:54.191] [bbotk] Finished optimizing after 3 evaluation(s)
INFO  [17:23:54.192] [bbotk] Result:
INFO  [17:23:54.193] [bbotk]   laplace learner_param_vals  x_domain classif.ce
INFO  [17:23:54.193] [bbotk]     <num>             <list>    <list>      <num>
INFO  [17:23:54.193] [bbotk]  0.720668          <list[1]> <list[1]>  0.2921063
INFO  [17:23:54.360] [bbotk] Starting to optimize 1 parameter(s) with '<OptimizerBatchRandomSearch>' and '<TerminatorEvals> [n_evals=3, k=0]'
INFO  [17:23:54.368] [bbotk] Evaluating 1 configuration(s)
INFO  [17:23:54.672] [bbotk] Result of batch 1:
INFO  [17:23:54.673] [bbotk]    laplace classif.ce warnings errors runtime_learners
INFO  [17:23:54.673] [bbotk]  0.2158433  0.3170562        0      0            0.264
INFO  [17:23:54.673] [bbotk]                                 uhash
INFO  [17:23:54.673] [bbotk]  8c264693-9863-4f3d-a2c0-b36aa197a942
INFO  [17:23:54.676] [bbotk] Evaluating 1 configuration(s)
INFO  [17:23:55.013] [bbotk] Result of batch 2:
INFO  [17:23:55.014] [bbotk]    laplace classif.ce warnings errors runtime_learners
INFO  [17:23:55.014] [bbotk]  0.5580763  0.3170562        0      0            0.288
INFO  [17:23:55.014] [bbotk]                                 uhash
INFO  [17:23:55.014] [bbotk]  c2c8923f-eb51-41a7-9c0a-a8a10170813d
INFO  [17:23:55.018] [bbotk] Evaluating 1 configuration(s)
INFO  [17:23:55.328] [bbotk] Result of batch 3:
INFO  [17:23:55.330] [bbotk]    laplace classif.ce warnings errors runtime_learners
INFO  [17:23:55.330] [bbotk]  0.9948568  0.3170562        0      0            0.257
INFO  [17:23:55.330] [bbotk]                                 uhash
INFO  [17:23:55.330] [bbotk]  53847bc1-0e9f-4bf6-a942-1a7233820377
INFO  [17:23:55.342] [bbotk] Finished optimizing after 3 evaluation(s)
INFO  [17:23:55.342] [bbotk] Result:
INFO  [17:23:55.343] [bbotk]    laplace learner_param_vals  x_domain classif.ce
INFO  [17:23:55.343] [bbotk]      <num>             <list>    <list>      <num>
INFO  [17:23:55.343] [bbotk]  0.2158433          <list[1]> <list[1]>  0.3170562
INFO  [17:23:55.476] [bbotk] Starting to optimize 1 parameter(s) with '<OptimizerBatchRandomSearch>' and '<TerminatorEvals> [n_evals=3, k=0]'
INFO  [17:23:55.487] [bbotk] Evaluating 1 configuration(s)
INFO  [17:23:55.732] [bbotk] Result of batch 1:
INFO  [17:23:55.733] [bbotk]    laplace classif.ce warnings errors runtime_learners
INFO  [17:23:55.733] [bbotk]  0.2381272   0.307958        0      0            0.214
INFO  [17:23:55.733] [bbotk]                                 uhash
INFO  [17:23:55.733] [bbotk]  c4f940fa-bb80-4489-bef8-ad6a3c254093
INFO  [17:23:55.736] [bbotk] Evaluating 1 configuration(s)
INFO  [17:23:56.085] [bbotk] Result of batch 2:
INFO  [17:23:56.086] [bbotk]     laplace classif.ce warnings errors runtime_learners
INFO  [17:23:56.086] [bbotk]  0.06332872   0.307958        0      0            0.302
INFO  [17:23:56.086] [bbotk]                                 uhash
INFO  [17:23:56.086] [bbotk]  0da8284c-093e-45b4-9ec5-6425e1d2b05b
INFO  [17:23:56.090] [bbotk] Evaluating 1 configuration(s)
INFO  [17:23:56.397] [bbotk] Result of batch 3:
INFO  [17:23:56.398] [bbotk]   laplace classif.ce warnings errors runtime_learners
INFO  [17:23:56.398] [bbotk]  0.631834   0.307958        0      0            0.252
INFO  [17:23:56.398] [bbotk]                                 uhash
INFO  [17:23:56.398] [bbotk]  9264d034-1707-429c-97cd-c3cb653dd654
INFO  [17:23:56.415] [bbotk] Finished optimizing after 3 evaluation(s)
INFO  [17:23:56.416] [bbotk] Result:
INFO  [17:23:56.417] [bbotk]    laplace learner_param_vals  x_domain classif.ce
INFO  [17:23:56.417] [bbotk]      <num>             <list>    <list>      <num>
INFO  [17:23:56.417] [bbotk]  0.2381272          <list[1]> <list[1]>   0.307958
INFO  [17:23:56.520] [bbotk] Starting to optimize 1 parameter(s) with '<OptimizerBatchRandomSearch>' and '<TerminatorEvals> [n_evals=3, k=0]'
INFO  [17:23:56.529] [bbotk] Evaluating 1 configuration(s)
INFO  [17:23:56.768] [bbotk] Result of batch 1:
INFO  [17:23:56.769] [bbotk]    laplace classif.ce warnings errors runtime_learners
INFO  [17:23:56.769] [bbotk]  0.7173616  0.3051726        0      0            0.206
INFO  [17:23:56.769] [bbotk]                                 uhash
INFO  [17:23:56.769] [bbotk]  cdfbf530-0c06-471d-b0be-859e7338f6e3
INFO  [17:23:56.773] [bbotk] Evaluating 1 configuration(s)
INFO  [17:23:57.075] [bbotk] Result of batch 2:
INFO  [17:23:57.076] [bbotk]    laplace classif.ce warnings errors runtime_learners
INFO  [17:23:57.076] [bbotk]  0.8280252  0.3051726        0      0             0.26
INFO  [17:23:57.076] [bbotk]                                 uhash
INFO  [17:23:57.076] [bbotk]  3bf6be8c-f84a-41f6-ae86-3729d0e2ea05
INFO  [17:23:57.084] [bbotk] Evaluating 1 configuration(s)
INFO  [17:23:57.379] [bbotk] Result of batch 3:
INFO  [17:23:57.380] [bbotk]    laplace classif.ce warnings errors runtime_learners
INFO  [17:23:57.380] [bbotk]  0.5684459  0.3051726        0      0            0.256
INFO  [17:23:57.380] [bbotk]                                 uhash
INFO  [17:23:57.380] [bbotk]  49e7303a-77bd-4be4-aba5-4f16165a2922
INFO  [17:23:57.388] [bbotk] Finished optimizing after 3 evaluation(s)
INFO  [17:23:57.391] [bbotk] Result:
INFO  [17:23:57.391] [bbotk]    laplace learner_param_vals  x_domain classif.ce
INFO  [17:23:57.391] [bbotk]      <num>             <list>    <list>      <num>
INFO  [17:23:57.391] [bbotk]  0.7173616          <list[1]> <list[1]>  0.3051726

### [bt]: Job terminated successfully [batchtools job.id=2798]
### [bt]: Starting job [batchtools job.id=2799]
### [bt]: Generating problem instance for problem '6390d9e81da17366' ...
### [bt]: Applying algorithm 'run_learner' on problem '6390d9e81da17366' for job 2799 (seed = 2800) ...
INFO  [17:23:57.738] [mlr3] Applying learner 'classif.naive_bayes.tuned_calib.perfold_isotonic' on task 'qsar-biodeg' (iter 9/10)
INFO  [17:23:57.788] [bbotk] Starting to optimize 1 parameter(s) with '<OptimizerBatchRandomSearch>' and '<TerminatorEvals> [n_evals=3, k=0]'
INFO  [17:23:57.792] [bbotk] Evaluating 1 configuration(s)
INFO  [17:23:58.052] [bbotk] Result of batch 1:
INFO  [17:23:58.053] [bbotk]     laplace classif.ce warnings errors runtime_learners
INFO  [17:23:58.053] [bbotk]  0.01951794  0.3105308        0      0             0.23
INFO  [17:23:58.053] [bbotk]                                 uhash
INFO  [17:23:58.053] [bbotk]  3cfbe4d5-ed1e-4bed-909f-d108e9977f9e
INFO  [17:23:58.057] [bbotk] Evaluating 1 configuration(s)
INFO  [17:23:58.336] [bbotk] Result of batch 2:
INFO  [17:23:58.338] [bbotk]    laplace classif.ce warnings errors runtime_learners
INFO  [17:23:58.338] [bbotk]  0.6810352  0.3105308        0      0            0.229
INFO  [17:23:58.338] [bbotk]                                 uhash
INFO  [17:23:58.338] [bbotk]  da420b31-549b-4697-a0e1-28f16c11e77e
INFO  [17:23:58.342] [bbotk] Evaluating 1 configuration(s)
INFO  [17:23:58.559] [bbotk] Result of batch 3:
INFO  [17:23:58.560] [bbotk]    laplace classif.ce warnings errors runtime_learners
INFO  [17:23:58.560] [bbotk]  0.6360503  0.3105308        0      0            0.186
INFO  [17:23:58.560] [bbotk]                                 uhash
INFO  [17:23:58.560] [bbotk]  479bcb79-bc94-47d1-ac86-eaca58c57b13
INFO  [17:23:58.573] [bbotk] Finished optimizing after 3 evaluation(s)
INFO  [17:23:58.573] [bbotk] Result:
INFO  [17:23:58.574] [bbotk]     laplace learner_param_vals  x_domain classif.ce
INFO  [17:23:58.574] [bbotk]       <num>             <list>    <list>      <num>
INFO  [17:23:58.574] [bbotk]  0.01951794          <list[1]> <list[1]>  0.3105308
INFO  [17:23:58.673] [bbotk] Starting to optimize 1 parameter(s) with '<OptimizerBatchRandomSearch>' and '<TerminatorEvals> [n_evals=3, k=0]'
INFO  [17:23:58.681] [bbotk] Evaluating 1 configuration(s)
INFO  [17:23:58.918] [bbotk] Result of batch 1:
INFO  [17:23:58.919] [bbotk]    laplace classif.ce warnings errors runtime_learners
INFO  [17:23:58.919] [bbotk]  0.3290796  0.3197224        0      0             0.19
INFO  [17:23:58.919] [bbotk]                                 uhash
INFO  [17:23:58.919] [bbotk]  12cdc0f4-41c4-4e09-b54c-4110281f84e3
INFO  [17:23:58.921] [bbotk] Evaluating 1 configuration(s)
INFO  [17:23:59.224] [bbotk] Result of batch 2:
INFO  [17:23:59.225] [bbotk]     laplace classif.ce warnings errors runtime_learners
INFO  [17:23:59.225] [bbotk]  0.04382198  0.3197224        0      0            0.266
INFO  [17:23:59.225] [bbotk]                                 uhash
INFO  [17:23:59.225] [bbotk]  50864199-5267-44c0-a3c1-3ac43def1111
INFO  [17:23:59.229] [bbotk] Evaluating 1 configuration(s)
INFO  [17:23:59.482] [bbotk] Result of batch 3:
INFO  [17:23:59.483] [bbotk]    laplace classif.ce warnings errors runtime_learners
INFO  [17:23:59.483] [bbotk]  0.8609275  0.3197224        0      0            0.215
INFO  [17:23:59.483] [bbotk]                                 uhash
INFO  [17:23:59.483] [bbotk]  511279b2-3a72-42ad-89ed-d275df8430a1
INFO  [17:23:59.495] [bbotk] Finished optimizing after 3 evaluation(s)
INFO  [17:23:59.496] [bbotk] Result:
INFO  [17:23:59.498] [bbotk]    laplace learner_param_vals  x_domain classif.ce
INFO  [17:23:59.498] [bbotk]      <num>             <list>    <list>      <num>
INFO  [17:23:59.498] [bbotk]  0.3290796          <list[1]> <list[1]>  0.3197224
INFO  [17:23:59.624] [bbotk] Starting to optimize 1 parameter(s) with '<OptimizerBatchRandomSearch>' and '<TerminatorEvals> [n_evals=3, k=0]'
INFO  [17:23:59.629] [bbotk] Evaluating 1 configuration(s)
INFO  [17:23:59.874] [bbotk] Result of batch 1:
INFO  [17:23:59.875] [bbotk]    laplace classif.ce warnings errors runtime_learners
INFO  [17:23:59.875] [bbotk]  0.6579284  0.3171444        0      0            0.203
INFO  [17:23:59.875] [bbotk]                                 uhash
INFO  [17:23:59.875] [bbotk]  5db7780d-fcc6-4bae-8db2-1401bc79e6b0
INFO  [17:23:59.877] [bbotk] Evaluating 1 configuration(s)
INFO  [17:24:00.104] [bbotk] Result of batch 2:
INFO  [17:24:00.105] [bbotk]    laplace classif.ce warnings errors runtime_learners
INFO  [17:24:00.105] [bbotk]  0.8514005  0.3171444        0      0            0.189
INFO  [17:24:00.105] [bbotk]                                 uhash
INFO  [17:24:00.105] [bbotk]  1ef9d1af-e2cf-49f8-bc0e-fc5c4337ade7
INFO  [17:24:00.110] [bbotk] Evaluating 1 configuration(s)
INFO  [17:24:00.318] [bbotk] Result of batch 3:
INFO  [17:24:00.320] [bbotk]    laplace classif.ce warnings errors runtime_learners
INFO  [17:24:00.320] [bbotk]  0.2310094  0.3171444        0      0            0.167
INFO  [17:24:00.320] [bbotk]                                 uhash
INFO  [17:24:00.320] [bbotk]  595711b5-b1f8-4119-bab5-ebc81e5c98b4
INFO  [17:24:00.333] [bbotk] Finished optimizing after 3 evaluation(s)
INFO  [17:24:00.334] [bbotk] Result:
INFO  [17:24:00.335] [bbotk]    laplace learner_param_vals  x_domain classif.ce
INFO  [17:24:00.335] [bbotk]      <num>             <list>    <list>      <num>
INFO  [17:24:00.335] [bbotk]  0.6579284          <list[1]> <list[1]>  0.3171444
INFO  [17:24:00.438] [bbotk] Starting to optimize 1 parameter(s) with '<OptimizerBatchRandomSearch>' and '<TerminatorEvals> [n_evals=3, k=0]'
INFO  [17:24:00.444] [bbotk] Evaluating 1 configuration(s)
INFO  [17:24:00.652] [bbotk] Result of batch 1:
INFO  [17:24:00.653] [bbotk]    laplace classif.ce warnings errors runtime_learners
INFO  [17:24:00.653] [bbotk]  0.9634168   0.310562        0      0            0.178
INFO  [17:24:00.653] [bbotk]                                 uhash
INFO  [17:24:00.653] [bbotk]  c712241f-3a8f-436a-ab30-ae11d3257b1d
INFO  [17:24:00.655] [bbotk] Evaluating 1 configuration(s)
INFO  [17:24:00.880] [bbotk] Result of batch 2:
INFO  [17:24:00.881] [bbotk]    laplace classif.ce warnings errors runtime_learners
INFO  [17:24:00.881] [bbotk]  0.8648217   0.310562        0      0              0.2
INFO  [17:24:00.881] [bbotk]                                 uhash
INFO  [17:24:00.881] [bbotk]  eda99dcb-5340-4f09-a7cd-4136affb7c8e
INFO  [17:24:00.883] [bbotk] Evaluating 1 configuration(s)
INFO  [17:24:01.076] [bbotk] Result of batch 3:
INFO  [17:24:01.077] [bbotk]    laplace classif.ce warnings errors runtime_learners
INFO  [17:24:01.077] [bbotk]  0.8741351   0.310562        0      0            0.162
INFO  [17:24:01.077] [bbotk]                                 uhash
INFO  [17:24:01.077] [bbotk]  bb54e9db-0980-4846-bb68-068af1ef10a0
INFO  [17:24:01.088] [bbotk] Finished optimizing after 3 evaluation(s)
INFO  [17:24:01.089] [bbotk] Result:
INFO  [17:24:01.090] [bbotk]    laplace learner_param_vals  x_domain classif.ce
INFO  [17:24:01.090] [bbotk]      <num>             <list>    <list>      <num>
INFO  [17:24:01.090] [bbotk]  0.9634168          <list[1]> <list[1]>   0.310562
INFO  [17:24:01.189] [bbotk] Starting to optimize 1 parameter(s) with '<OptimizerBatchRandomSearch>' and '<TerminatorEvals> [n_evals=3, k=0]'
INFO  [17:24:01.194] [bbotk] Evaluating 1 configuration(s)
INFO  [17:24:01.378] [bbotk] Result of batch 1:
INFO  [17:24:01.379] [bbotk]    laplace classif.ce warnings errors runtime_learners
INFO  [17:24:01.379] [bbotk]  0.2726256  0.3369072        0      0            0.159
INFO  [17:24:01.379] [bbotk]                                 uhash
INFO  [17:24:01.379] [bbotk]  1fdf31b6-677a-4146-92c0-d385bee56057
INFO  [17:24:01.381] [bbotk] Evaluating 1 configuration(s)
INFO  [17:24:01.581] [bbotk] Result of batch 2:
INFO  [17:24:01.582] [bbotk]   laplace classif.ce warnings errors runtime_learners
INFO  [17:24:01.582] [bbotk]  0.460709  0.3369072        0      0            0.168
INFO  [17:24:01.582] [bbotk]                                 uhash
INFO  [17:24:01.582] [bbotk]  946dfa3f-d4d5-4b22-86ed-4d9acbda179c
INFO  [17:24:01.584] [bbotk] Evaluating 1 configuration(s)
INFO  [17:24:01.775] [bbotk] Result of batch 3:
INFO  [17:24:01.777] [bbotk]    laplace classif.ce warnings errors runtime_learners
INFO  [17:24:01.777] [bbotk]  0.8496807  0.3369072        0      0            0.158
INFO  [17:24:01.777] [bbotk]                                 uhash
INFO  [17:24:01.777] [bbotk]  0b4a4b45-3773-4fea-93b7-f8335db691c5
INFO  [17:24:01.785] [bbotk] Finished optimizing after 3 evaluation(s)
INFO  [17:24:01.785] [bbotk] Result:
INFO  [17:24:01.786] [bbotk]    laplace learner_param_vals  x_domain classif.ce
INFO  [17:24:01.786] [bbotk]      <num>             <list>    <list>      <num>
INFO  [17:24:01.786] [bbotk]  0.2726256          <list[1]> <list[1]>  0.3369072

### [bt]: Job terminated successfully [batchtools job.id=2799]
### [bt]: Starting job [batchtools job.id=2800]
### [bt]: Generating problem instance for problem '6390d9e81da17366' ...
### [bt]: Applying algorithm 'run_learner' on problem '6390d9e81da17366' for job 2800 (seed = 2801) ...
INFO  [17:24:02.033] [mlr3] Applying learner 'classif.naive_bayes.tuned_calib.perfold_isotonic' on task 'qsar-biodeg' (iter 10/10)
INFO  [17:24:02.066] [bbotk] Starting to optimize 1 parameter(s) with '<OptimizerBatchRandomSearch>' and '<TerminatorEvals> [n_evals=3, k=0]'
INFO  [17:24:02.071] [bbotk] Evaluating 1 configuration(s)
INFO  [17:24:02.272] [bbotk] Result of batch 1:
INFO  [17:24:02.273] [bbotk]     laplace classif.ce warnings errors runtime_learners
INFO  [17:24:02.273] [bbotk]  0.03636903   0.314556        0      0            0.174
INFO  [17:24:02.273] [bbotk]                                 uhash
INFO  [17:24:02.273] [bbotk]  da10fd96-23c9-41e2-9c7e-222859aa6a15
INFO  [17:24:02.276] [bbotk] Evaluating 1 configuration(s)
INFO  [17:24:02.474] [bbotk] Result of batch 2:
INFO  [17:24:02.474] [bbotk]    laplace classif.ce warnings errors runtime_learners
INFO  [17:24:02.474] [bbotk]  0.7751289   0.314556        0      0            0.172
INFO  [17:24:02.474] [bbotk]                                 uhash
INFO  [17:24:02.474] [bbotk]  932a86f0-33e3-4da3-a9f8-246fce7bf452
INFO  [17:24:02.476] [bbotk] Evaluating 1 configuration(s)
INFO  [17:24:02.651] [bbotk] Result of batch 3:
INFO  [17:24:02.652] [bbotk]    laplace classif.ce warnings errors runtime_learners
INFO  [17:24:02.652] [bbotk]  0.4352357   0.314556        0      0            0.145
INFO  [17:24:02.652] [bbotk]                                 uhash
INFO  [17:24:02.652] [bbotk]  4286bcf7-2c04-43b0-a945-e98dc4b0d7a3
INFO  [17:24:02.658] [bbotk] Finished optimizing after 3 evaluation(s)
INFO  [17:24:02.658] [bbotk] Result:
INFO  [17:24:02.659] [bbotk]     laplace learner_param_vals  x_domain classif.ce
INFO  [17:24:02.659] [bbotk]       <num>             <list>    <list>      <num>
INFO  [17:24:02.659] [bbotk]  0.03636903          <list[1]> <list[1]>   0.314556
INFO  [17:24:02.730] [bbotk] Starting to optimize 1 parameter(s) with '<OptimizerBatchRandomSearch>' and '<TerminatorEvals> [n_evals=3, k=0]'
INFO  [17:24:02.734] [bbotk] Evaluating 1 configuration(s)
INFO  [17:24:02.924] [bbotk] Result of batch 1:
INFO  [17:24:02.924] [bbotk]   laplace classif.ce warnings errors runtime_learners
INFO  [17:24:02.924] [bbotk]  0.446382  0.2828784        0      0            0.161
INFO  [17:24:02.924] [bbotk]                                 uhash
INFO  [17:24:02.924] [bbotk]  176801aa-0251-4553-9234-107d74a519a7
INFO  [17:24:02.927] [bbotk] Evaluating 1 configuration(s)
INFO  [17:24:03.150] [bbotk] Result of batch 2:
INFO  [17:24:03.151] [bbotk]    laplace classif.ce warnings errors runtime_learners
INFO  [17:24:03.151] [bbotk]  0.1623122  0.2828784        0      0            0.193
INFO  [17:24:03.151] [bbotk]                                 uhash
INFO  [17:24:03.151] [bbotk]  cfe5544b-99cb-48dc-ac29-a1751b304f93
INFO  [17:24:03.153] [bbotk] Evaluating 1 configuration(s)
INFO  [17:24:03.323] [bbotk] Result of batch 3:
INFO  [17:24:03.324] [bbotk]    laplace classif.ce warnings errors runtime_learners
INFO  [17:24:03.324] [bbotk]  0.5892363  0.2828784        0      0            0.145
INFO  [17:24:03.324] [bbotk]                                 uhash
INFO  [17:24:03.324] [bbotk]  b14f5306-f453-4c47-a0df-711eb9e85962
INFO  [17:24:03.331] [bbotk] Finished optimizing after 3 evaluation(s)
INFO  [17:24:03.331] [bbotk] Result:
INFO  [17:24:03.332] [bbotk]   laplace learner_param_vals  x_domain classif.ce
INFO  [17:24:03.332] [bbotk]     <num>             <list>    <list>      <num>
INFO  [17:24:03.332] [bbotk]  0.446382          <list[1]> <list[1]>  0.2828784
INFO  [17:24:03.412] [bbotk] Starting to optimize 1 parameter(s) with '<OptimizerBatchRandomSearch>' and '<TerminatorEvals> [n_evals=3, k=0]'
INFO  [17:24:03.424] [bbotk] Evaluating 1 configuration(s)
INFO  [17:24:03.598] [bbotk] Result of batch 1:
INFO  [17:24:03.599] [bbotk]    laplace classif.ce warnings errors runtime_learners
INFO  [17:24:03.599] [bbotk]  0.2757171   0.297423        0      0            0.147
INFO  [17:24:03.599] [bbotk]                                 uhash
INFO  [17:24:03.599] [bbotk]  624894c2-507f-495d-bc46-f9c4d0da847d
INFO  [17:24:03.601] [bbotk] Evaluating 1 configuration(s)
INFO  [17:24:03.805] [bbotk] Result of batch 2:
INFO  [17:24:03.806] [bbotk]    laplace classif.ce warnings errors runtime_learners
INFO  [17:24:03.806] [bbotk]  0.4030811   0.297423        0      0            0.169
INFO  [17:24:03.806] [bbotk]                                 uhash
INFO  [17:24:03.806] [bbotk]  dc4b88a8-8b54-4215-86f9-6c59e2d4eea8
INFO  [17:24:03.808] [bbotk] Evaluating 1 configuration(s)
INFO  [17:24:03.992] [bbotk] Result of batch 3:
INFO  [17:24:03.993] [bbotk]    laplace classif.ce warnings errors runtime_learners
INFO  [17:24:03.993] [bbotk]  0.5162214   0.297423        0      0            0.158
INFO  [17:24:03.993] [bbotk]                                 uhash
INFO  [17:24:03.993] [bbotk]  eceee794-1b2e-47e6-89d3-a67c1757dd04
INFO  [17:24:03.999] [bbotk] Finished optimizing after 3 evaluation(s)
INFO  [17:24:03.999] [bbotk] Result:
INFO  [17:24:04.000] [bbotk]    laplace learner_param_vals  x_domain classif.ce
INFO  [17:24:04.000] [bbotk]      <num>             <list>    <list>      <num>
INFO  [17:24:04.000] [bbotk]  0.2757171          <list[1]> <list[1]>   0.297423
INFO  [17:24:04.092] [bbotk] Starting to optimize 1 parameter(s) with '<OptimizerBatchRandomSearch>' and '<TerminatorEvals> [n_evals=3, k=0]'
INFO  [17:24:04.096] [bbotk] Evaluating 1 configuration(s)
INFO  [17:24:04.268] [bbotk] Result of batch 1:
INFO  [17:24:04.269] [bbotk]    laplace classif.ce warnings errors runtime_learners
INFO  [17:24:04.269] [bbotk]  0.5192535  0.3053282        0      0            0.149
INFO  [17:24:04.269] [bbotk]                                 uhash
INFO  [17:24:04.269] [bbotk]  0bb3943c-a954-439b-b124-bc4d0013a1c6
INFO  [17:24:04.272] [bbotk] Evaluating 1 configuration(s)
INFO  [17:24:04.460] [bbotk] Result of batch 2:
INFO  [17:24:04.461] [bbotk]    laplace classif.ce warnings errors runtime_learners
INFO  [17:24:04.461] [bbotk]  0.3904839  0.3053282        0      0            0.163
INFO  [17:24:04.461] [bbotk]                                 uhash
INFO  [17:24:04.461] [bbotk]  3e1c9517-a271-4b7e-9b54-f6ef9134cec5
INFO  [17:24:04.463] [bbotk] Evaluating 1 configuration(s)
INFO  [17:24:04.634] [bbotk] Result of batch 3:
INFO  [17:24:04.635] [bbotk]   laplace classif.ce warnings errors runtime_learners
INFO  [17:24:04.635] [bbotk]  0.140655  0.3053282        0      0            0.146
INFO  [17:24:04.635] [bbotk]                                 uhash
INFO  [17:24:04.635] [bbotk]  9a2fd004-53bf-449f-bf9e-c01f03aa829d
INFO  [17:24:04.648] [bbotk] Finished optimizing after 3 evaluation(s)
INFO  [17:24:04.649] [bbotk] Result:
INFO  [17:24:04.650] [bbotk]    laplace learner_param_vals  x_domain classif.ce
INFO  [17:24:04.650] [bbotk]      <num>             <list>    <list>      <num>
INFO  [17:24:04.650] [bbotk]  0.5192535          <list[1]> <list[1]>  0.3053282
INFO  [17:24:04.728] [bbotk] Starting to optimize 1 parameter(s) with '<OptimizerBatchRandomSearch>' and '<TerminatorEvals> [n_evals=3, k=0]'
INFO  [17:24:04.733] [bbotk] Evaluating 1 configuration(s)
INFO  [17:24:04.906] [bbotk] Result of batch 1:
INFO  [17:24:04.907] [bbotk]    laplace classif.ce warnings errors runtime_learners
INFO  [17:24:04.907] [bbotk]  0.4295275  0.2959966        0      0             0.15
INFO  [17:24:04.907] [bbotk]                                 uhash
INFO  [17:24:04.907] [bbotk]  143ff40f-f238-4273-b75c-d84312724efd
INFO  [17:24:04.909] [bbotk] Evaluating 1 configuration(s)
INFO  [17:24:05.101] [bbotk] Result of batch 2:
INFO  [17:24:05.102] [bbotk]    laplace classif.ce warnings errors runtime_learners
INFO  [17:24:05.102] [bbotk]  0.7517799  0.2959966        0      0            0.162
INFO  [17:24:05.102] [bbotk]                                 uhash
INFO  [17:24:05.102] [bbotk]  6213ff03-1c43-486f-8b76-97d77debd147
INFO  [17:24:05.104] [bbotk] Evaluating 1 configuration(s)
INFO  [17:24:05.291] [bbotk] Result of batch 3:
INFO  [17:24:05.292] [bbotk]   laplace classif.ce warnings errors runtime_learners
INFO  [17:24:05.292] [bbotk]  0.930448  0.2959966        0      0            0.157
INFO  [17:24:05.292] [bbotk]                                 uhash
INFO  [17:24:05.292] [bbotk]  9aa2e01a-be74-44c0-8041-0059b6d66974
INFO  [17:24:05.299] [bbotk] Finished optimizing after 3 evaluation(s)
INFO  [17:24:05.299] [bbotk] Result:
INFO  [17:24:05.300] [bbotk]    laplace learner_param_vals  x_domain classif.ce
INFO  [17:24:05.300] [bbotk]      <num>             <list>    <list>      <num>
INFO  [17:24:05.300] [bbotk]  0.4295275          <list[1]> <list[1]>  0.2959966

### [bt]: Job terminated successfully [batchtools job.id=2800]
### [bt]: Calculation finished!
