### [bt]: This is batchtools v0.9.17
### [bt]: Starting calculation of 5 jobs
### [bt]: Setting working directory to '/Users/User/Documents/Studium/Semester8/Hiwi/mlr3calibration/vignettes'
### [bt]: Memory measurement disabled
### [bt]: Starting job [batchtools job.id=811]
### [bt]: Generating problem instance for problem '698720b8ce42ae0c' ...
### [bt]: Applying algorithm 'run_learner' on problem '698720b8ce42ae0c' for job 811 (seed = 812) ...
INFO  [16:42:15.713] [mlr3] Applying learner 'classif.naive_bayes.tuned_calib.oof_isotonic' on task 'pc4' (iter 1/10)
INFO  [16:42:15.782] [bbotk] Starting to optimize 1 parameter(s) with '<OptimizerBatchRandomSearch>' and '<TerminatorEvals> [n_evals=3, k=0]'
INFO  [16:42:15.787] [bbotk] Evaluating 1 configuration(s)
INFO  [16:42:16.120] [bbotk] Result of batch 1:
INFO  [16:42:16.124] [bbotk]    laplace classif.ce warnings errors runtime_learners
INFO  [16:42:16.124] [bbotk]  0.8062862  0.1315214        0      0            0.279
INFO  [16:42:16.124] [bbotk]                                 uhash
INFO  [16:42:16.124] [bbotk]  a9b4521f-fc5f-4520-b43d-f7c40fc68aa0
INFO  [16:42:16.131] [bbotk] Evaluating 1 configuration(s)
INFO  [16:42:16.541] [bbotk] Result of batch 2:
INFO  [16:42:16.542] [bbotk]    laplace classif.ce warnings errors runtime_learners
INFO  [16:42:16.542] [bbotk]  0.9529319  0.1315214        0      0             0.37
INFO  [16:42:16.542] [bbotk]                                 uhash
INFO  [16:42:16.542] [bbotk]  1ac9eab4-1174-4ba1-a246-9f3052686050
INFO  [16:42:16.548] [bbotk] Evaluating 1 configuration(s)
INFO  [16:42:16.960] [bbotk] Result of batch 3:
INFO  [16:42:16.961] [bbotk]    laplace classif.ce warnings errors runtime_learners
INFO  [16:42:16.961] [bbotk]  0.8258008  0.1315214        0      0            0.347
INFO  [16:42:16.961] [bbotk]                                 uhash
INFO  [16:42:16.961] [bbotk]  29404cbf-9993-4a02-8b6b-ef2b5a5dae02
INFO  [16:42:16.969] [bbotk] Finished optimizing after 3 evaluation(s)
INFO  [16:42:16.969] [bbotk] Result:
INFO  [16:42:16.970] [bbotk]    laplace learner_param_vals  x_domain classif.ce
INFO  [16:42:16.970] [bbotk]      <num>             <list>    <list>      <num>
INFO  [16:42:16.970] [bbotk]  0.8062862          <list[1]> <list[1]>  0.1315214
INFO  [16:42:17.133] [bbotk] Starting to optimize 1 parameter(s) with '<OptimizerBatchRandomSearch>' and '<TerminatorEvals> [n_evals=3, k=0]'
INFO  [16:42:17.138] [bbotk] Evaluating 1 configuration(s)
INFO  [16:42:17.533] [bbotk] Result of batch 1:
INFO  [16:42:17.534] [bbotk]    laplace classif.ce warnings errors runtime_learners
INFO  [16:42:17.534] [bbotk]  0.1632932  0.1601146        0      0            0.354
INFO  [16:42:17.534] [bbotk]                                 uhash
INFO  [16:42:17.534] [bbotk]  a57a2077-308e-421e-90b6-38caae9b1eaa
INFO  [16:42:17.537] [bbotk] Evaluating 1 configuration(s)
INFO  [16:42:17.894] [bbotk] Result of batch 2:
INFO  [16:42:17.896] [bbotk]    laplace classif.ce warnings errors runtime_learners
INFO  [16:42:17.896] [bbotk]  0.3960192  0.1601146        0      0            0.313
INFO  [16:42:17.896] [bbotk]                                 uhash
INFO  [16:42:17.896] [bbotk]  5c9728c3-66f2-4ef5-af11-c659587fcb17
INFO  [16:42:17.899] [bbotk] Evaluating 1 configuration(s)
INFO  [16:42:18.277] [bbotk] Result of batch 3:
INFO  [16:42:18.278] [bbotk]    laplace classif.ce warnings errors runtime_learners
INFO  [16:42:18.278] [bbotk]  0.3249112  0.1601146        0      0            0.333
INFO  [16:42:18.278] [bbotk]                                 uhash
INFO  [16:42:18.278] [bbotk]  12f47fcf-fd55-41a0-8173-d4a6ff4e96b8
INFO  [16:42:18.286] [bbotk] Finished optimizing after 3 evaluation(s)
INFO  [16:42:18.286] [bbotk] Result:
INFO  [16:42:18.287] [bbotk]    laplace learner_param_vals  x_domain classif.ce
INFO  [16:42:18.287] [bbotk]      <num>             <list>    <list>      <num>
INFO  [16:42:18.287] [bbotk]  0.1632932          <list[1]> <list[1]>  0.1601146
INFO  [16:42:18.452] [bbotk] Starting to optimize 1 parameter(s) with '<OptimizerBatchRandomSearch>' and '<TerminatorEvals> [n_evals=3, k=0]'
INFO  [16:42:18.460] [bbotk] Evaluating 1 configuration(s)
INFO  [16:42:18.801] [bbotk] Result of batch 1:
INFO  [16:42:18.803] [bbotk]     laplace classif.ce warnings errors runtime_learners
INFO  [16:42:18.803] [bbotk]  0.04164836  0.1228571        0      0            0.288
INFO  [16:42:18.803] [bbotk]                                 uhash
INFO  [16:42:18.803] [bbotk]  e005f029-d05f-4a53-91a7-14ddd957e9f4
INFO  [16:42:18.811] [bbotk] Evaluating 1 configuration(s)
INFO  [16:42:19.164] [bbotk] Result of batch 2:
INFO  [16:42:19.164] [bbotk]    laplace classif.ce warnings errors runtime_learners
INFO  [16:42:19.164] [bbotk]  0.5612918  0.1228571        0      0            0.286
INFO  [16:42:19.164] [bbotk]                                 uhash
INFO  [16:42:19.164] [bbotk]  2b7febe3-a302-4196-8405-0e06f03ddcfc
INFO  [16:42:19.167] [bbotk] Evaluating 1 configuration(s)
INFO  [16:42:19.550] [bbotk] Result of batch 3:
INFO  [16:42:19.551] [bbotk]    laplace classif.ce warnings errors runtime_learners
INFO  [16:42:19.551] [bbotk]  0.5051932  0.1228571        0      0            0.296
INFO  [16:42:19.551] [bbotk]                                 uhash
INFO  [16:42:19.551] [bbotk]  00af46d2-3625-4839-adf8-c059755aa5b2
INFO  [16:42:19.558] [bbotk] Finished optimizing after 3 evaluation(s)
INFO  [16:42:19.558] [bbotk] Result:
INFO  [16:42:19.560] [bbotk]     laplace learner_param_vals  x_domain classif.ce
INFO  [16:42:19.560] [bbotk]       <num>             <list>    <list>      <num>
INFO  [16:42:19.560] [bbotk]  0.04164836          <list[1]> <list[1]>  0.1228571
INFO  [16:42:19.722] [bbotk] Starting to optimize 1 parameter(s) with '<OptimizerBatchRandomSearch>' and '<TerminatorEvals> [n_evals=3, k=0]'
INFO  [16:42:19.735] [bbotk] Evaluating 1 configuration(s)
INFO  [16:42:20.097] [bbotk] Result of batch 1:
INFO  [16:42:20.097] [bbotk]    laplace classif.ce warnings errors runtime_learners
INFO  [16:42:20.097] [bbotk]  0.9986733  0.1285714        0      0            0.307
INFO  [16:42:20.097] [bbotk]                                 uhash
INFO  [16:42:20.097] [bbotk]  c5836fa9-3eaa-4fed-9e69-d6b18875fe8b
INFO  [16:42:20.100] [bbotk] Evaluating 1 configuration(s)
INFO  [16:42:20.481] [bbotk] Result of batch 2:
INFO  [16:42:20.483] [bbotk]    laplace classif.ce warnings errors runtime_learners
INFO  [16:42:20.483] [bbotk]  0.5821749  0.1285714        0      0            0.323
INFO  [16:42:20.483] [bbotk]                                 uhash
INFO  [16:42:20.483] [bbotk]  17bfdc26-b963-45e5-a16b-c4c434390b33
INFO  [16:42:20.489] [bbotk] Evaluating 1 configuration(s)
INFO  [16:42:20.870] [bbotk] Result of batch 3:
INFO  [16:42:20.872] [bbotk]    laplace classif.ce warnings errors runtime_learners
INFO  [16:42:20.872] [bbotk]  0.5742102  0.1285714        0      0            0.316
INFO  [16:42:20.872] [bbotk]                                 uhash
INFO  [16:42:20.872] [bbotk]  f1f1744a-894a-44e8-9dd6-8b28b07fbb50
INFO  [16:42:20.892] [bbotk] Finished optimizing after 3 evaluation(s)
INFO  [16:42:20.892] [bbotk] Result:
INFO  [16:42:20.893] [bbotk]    laplace learner_param_vals  x_domain classif.ce
INFO  [16:42:20.893] [bbotk]      <num>             <list>    <list>      <num>
INFO  [16:42:20.893] [bbotk]  0.9986733          <list[1]> <list[1]>  0.1285714
INFO  [16:42:21.056] [bbotk] Starting to optimize 1 parameter(s) with '<OptimizerBatchRandomSearch>' and '<TerminatorEvals> [n_evals=3, k=0]'
INFO  [16:42:21.063] [bbotk] Evaluating 1 configuration(s)
INFO  [16:42:21.438] [bbotk] Result of batch 1:
INFO  [16:42:21.439] [bbotk]     laplace classif.ce warnings errors runtime_learners
INFO  [16:42:21.439] [bbotk]  0.04149115  0.1742857        0      0            0.328
INFO  [16:42:21.439] [bbotk]                                 uhash
INFO  [16:42:21.439] [bbotk]  bdb602c6-4a38-4c5e-8ccf-82cd6740dfb9
INFO  [16:42:21.447] [bbotk] Evaluating 1 configuration(s)
INFO  [16:42:21.810] [bbotk] Result of batch 2:
INFO  [16:42:21.812] [bbotk]     laplace classif.ce warnings errors runtime_learners
INFO  [16:42:21.812] [bbotk]  0.08885473  0.1742857        0      0            0.307
INFO  [16:42:21.812] [bbotk]                                 uhash
INFO  [16:42:21.812] [bbotk]  fbe0a67f-135a-4005-96f6-6a0bfcae24d0
INFO  [16:42:21.817] [bbotk] Evaluating 1 configuration(s)
INFO  [16:42:22.232] [bbotk] Result of batch 3:
INFO  [16:42:22.233] [bbotk]    laplace classif.ce warnings errors runtime_learners
INFO  [16:42:22.233] [bbotk]  0.8050916  0.1742857        0      0            0.371
INFO  [16:42:22.233] [bbotk]                                 uhash
INFO  [16:42:22.233] [bbotk]  98289d4a-8da3-434d-9122-0b7a5ab3a3f1
INFO  [16:42:22.246] [bbotk] Finished optimizing after 3 evaluation(s)
INFO  [16:42:22.247] [bbotk] Result:
INFO  [16:42:22.248] [bbotk]     laplace learner_param_vals  x_domain classif.ce
INFO  [16:42:22.248] [bbotk]       <num>             <list>    <list>      <num>
INFO  [16:42:22.248] [bbotk]  0.04149115          <list[1]> <list[1]>  0.1742857

### [bt]: Job terminated successfully [batchtools job.id=811]
### [bt]: Starting job [batchtools job.id=812]
### [bt]: Generating problem instance for problem '698720b8ce42ae0c' ...
### [bt]: Applying algorithm 'run_learner' on problem '698720b8ce42ae0c' for job 812 (seed = 813) ...
INFO  [16:42:22.634] [mlr3] Applying learner 'classif.naive_bayes.tuned_calib.oof_isotonic' on task 'pc4' (iter 2/10)
INFO  [16:42:22.702] [bbotk] Starting to optimize 1 parameter(s) with '<OptimizerBatchRandomSearch>' and '<TerminatorEvals> [n_evals=3, k=0]'
INFO  [16:42:22.709] [bbotk] Evaluating 1 configuration(s)
INFO  [16:42:23.115] [bbotk] Result of batch 1:
INFO  [16:42:23.116] [bbotk]    laplace classif.ce warnings errors runtime_learners
INFO  [16:42:23.116] [bbotk]  0.7885711  0.1467977        0      0            0.344
INFO  [16:42:23.116] [bbotk]                                 uhash
INFO  [16:42:23.116] [bbotk]  2182be99-5e30-4d35-8365-64a4642a56a8
INFO  [16:42:23.118] [bbotk] Evaluating 1 configuration(s)
INFO  [16:42:23.495] [bbotk] Result of batch 2:
INFO  [16:42:23.496] [bbotk]    laplace classif.ce warnings errors runtime_learners
INFO  [16:42:23.496] [bbotk]  0.5587128  0.1467977        0      0            0.322
INFO  [16:42:23.496] [bbotk]                                 uhash
INFO  [16:42:23.496] [bbotk]  38379948-0b68-43f0-a37a-1caecd0acc94
INFO  [16:42:23.498] [bbotk] Evaluating 1 configuration(s)
INFO  [16:42:23.842] [bbotk] Result of batch 3:
INFO  [16:42:23.843] [bbotk]    laplace classif.ce warnings errors runtime_learners
INFO  [16:42:23.843] [bbotk]  0.9889768  0.1467977        0      0            0.294
INFO  [16:42:23.843] [bbotk]                                 uhash
INFO  [16:42:23.843] [bbotk]  9a7ace6f-efc5-4f97-b36e-f73873a6b054
INFO  [16:42:23.850] [bbotk] Finished optimizing after 3 evaluation(s)
INFO  [16:42:23.851] [bbotk] Result:
INFO  [16:42:23.851] [bbotk]    laplace learner_param_vals  x_domain classif.ce
INFO  [16:42:23.851] [bbotk]      <num>             <list>    <list>      <num>
INFO  [16:42:23.851] [bbotk]  0.7885711          <list[1]> <list[1]>  0.1467977
INFO  [16:42:23.983] [bbotk] Starting to optimize 1 parameter(s) with '<OptimizerBatchRandomSearch>' and '<TerminatorEvals> [n_evals=3, k=0]'
INFO  [16:42:23.994] [bbotk] Evaluating 1 configuration(s)
INFO  [16:42:24.287] [bbotk] Result of batch 1:
INFO  [16:42:24.289] [bbotk]    laplace classif.ce warnings errors runtime_learners
INFO  [16:42:24.289] [bbotk]  0.2994831  0.1248574        0      0            0.249
INFO  [16:42:24.289] [bbotk]                                 uhash
INFO  [16:42:24.289] [bbotk]  3fc84b1a-78a7-4880-9dbd-63bc7706c4a7
INFO  [16:42:24.292] [bbotk] Evaluating 1 configuration(s)
INFO  [16:42:24.617] [bbotk] Result of batch 2:
INFO  [16:42:24.618] [bbotk]    laplace classif.ce warnings errors runtime_learners
INFO  [16:42:24.618] [bbotk]  0.9541007  0.1248574        0      0            0.281
INFO  [16:42:24.618] [bbotk]                                 uhash
INFO  [16:42:24.618] [bbotk]  7ec332c5-3179-480c-8268-ecb7d77c36a3
INFO  [16:42:24.620] [bbotk] Evaluating 1 configuration(s)
INFO  [16:42:24.948] [bbotk] Result of batch 3:
INFO  [16:42:24.949] [bbotk]    laplace classif.ce warnings errors runtime_learners
INFO  [16:42:24.949] [bbotk]  0.2716639  0.1248574        0      0            0.268
INFO  [16:42:24.949] [bbotk]                                 uhash
INFO  [16:42:24.949] [bbotk]  1a1387cf-6d08-437d-b2c9-abac41c183f1
INFO  [16:42:24.956] [bbotk] Finished optimizing after 3 evaluation(s)
INFO  [16:42:24.956] [bbotk] Result:
INFO  [16:42:24.957] [bbotk]    laplace learner_param_vals  x_domain classif.ce
INFO  [16:42:24.957] [bbotk]      <num>             <list>    <list>      <num>
INFO  [16:42:24.957] [bbotk]  0.2994831          <list[1]> <list[1]>  0.1248574
INFO  [16:42:25.080] [bbotk] Starting to optimize 1 parameter(s) with '<OptimizerBatchRandomSearch>' and '<TerminatorEvals> [n_evals=3, k=0]'
INFO  [16:42:25.085] [bbotk] Evaluating 1 configuration(s)
INFO  [16:42:25.387] [bbotk] Result of batch 1:
INFO  [16:42:25.389] [bbotk]    laplace classif.ce warnings errors runtime_learners
INFO  [16:42:25.389] [bbotk]  0.3219164       0.14        0      0            0.268
INFO  [16:42:25.389] [bbotk]                                 uhash
INFO  [16:42:25.389] [bbotk]  023a882e-a517-4ebb-83c9-111bbc41645f
INFO  [16:42:25.397] [bbotk] Evaluating 1 configuration(s)
INFO  [16:42:25.736] [bbotk] Result of batch 2:
INFO  [16:42:25.737] [bbotk]    laplace classif.ce warnings errors runtime_learners
INFO  [16:42:25.737] [bbotk]  0.1296389       0.14        0      0            0.293
INFO  [16:42:25.737] [bbotk]                                 uhash
INFO  [16:42:25.737] [bbotk]  aa15f23e-eed8-4bc2-8a52-ebcf5a849424
INFO  [16:42:25.739] [bbotk] Evaluating 1 configuration(s)
INFO  [16:42:26.003] [bbotk] Result of batch 3:
INFO  [16:42:26.005] [bbotk]    laplace classif.ce warnings errors runtime_learners
INFO  [16:42:26.005] [bbotk]  0.1740962       0.14        0      0            0.234
INFO  [16:42:26.005] [bbotk]                                 uhash
INFO  [16:42:26.005] [bbotk]  5640f968-4900-4672-bd67-d05012be535d
INFO  [16:42:26.023] [bbotk] Finished optimizing after 3 evaluation(s)
INFO  [16:42:26.023] [bbotk] Result:
INFO  [16:42:26.025] [bbotk]    laplace learner_param_vals  x_domain classif.ce
INFO  [16:42:26.025] [bbotk]      <num>             <list>    <list>      <num>
INFO  [16:42:26.025] [bbotk]  0.3219164          <list[1]> <list[1]>       0.14
INFO  [16:42:26.148] [bbotk] Starting to optimize 1 parameter(s) with '<OptimizerBatchRandomSearch>' and '<TerminatorEvals> [n_evals=3, k=0]'
INFO  [16:42:26.160] [bbotk] Evaluating 1 configuration(s)
INFO  [16:42:26.464] [bbotk] Result of batch 1:
INFO  [16:42:26.465] [bbotk]    laplace classif.ce warnings errors runtime_learners
INFO  [16:42:26.465] [bbotk]  0.5336217   0.127619        0      0            0.261
INFO  [16:42:26.465] [bbotk]                                 uhash
INFO  [16:42:26.465] [bbotk]  7f88f5f9-9dcd-401b-8cd3-2b4392cf8e89
INFO  [16:42:26.468] [bbotk] Evaluating 1 configuration(s)
INFO  [16:42:26.773] [bbotk] Result of batch 2:
INFO  [16:42:26.774] [bbotk]    laplace classif.ce warnings errors runtime_learners
INFO  [16:42:26.774] [bbotk]  0.7341234   0.127619        0      0            0.267
INFO  [16:42:26.774] [bbotk]                                 uhash
INFO  [16:42:26.774] [bbotk]  bdc3171b-aebd-417c-8a81-e541822ca9b3
INFO  [16:42:26.778] [bbotk] Evaluating 1 configuration(s)
INFO  [16:42:27.080] [bbotk] Result of batch 3:
INFO  [16:42:27.082] [bbotk]    laplace classif.ce warnings errors runtime_learners
INFO  [16:42:27.082] [bbotk]  0.3804903   0.127619        0      0            0.263
INFO  [16:42:27.082] [bbotk]                                 uhash
INFO  [16:42:27.082] [bbotk]  d3cb3aae-53fe-467b-ba35-8c9530d7f64e
INFO  [16:42:27.090] [bbotk] Finished optimizing after 3 evaluation(s)
INFO  [16:42:27.090] [bbotk] Result:
INFO  [16:42:27.091] [bbotk]    laplace learner_param_vals  x_domain classif.ce
INFO  [16:42:27.091] [bbotk]      <num>             <list>    <list>      <num>
INFO  [16:42:27.091] [bbotk]  0.5336217          <list[1]> <list[1]>   0.127619
INFO  [16:42:27.215] [bbotk] Starting to optimize 1 parameter(s) with '<OptimizerBatchRandomSearch>' and '<TerminatorEvals> [n_evals=3, k=0]'
INFO  [16:42:27.219] [bbotk] Evaluating 1 configuration(s)
INFO  [16:42:27.520] [bbotk] Result of batch 1:
INFO  [16:42:27.521] [bbotk]    laplace classif.ce warnings errors runtime_learners
INFO  [16:42:27.521] [bbotk]  0.7198403  0.1390476        0      0            0.261
INFO  [16:42:27.521] [bbotk]                                 uhash
INFO  [16:42:27.521] [bbotk]  77610803-ba03-4670-8d4b-8d054da7a969
INFO  [16:42:27.523] [bbotk] Evaluating 1 configuration(s)
INFO  [16:42:27.848] [bbotk] Result of batch 2:
INFO  [16:42:27.849] [bbotk]   laplace classif.ce warnings errors runtime_learners
INFO  [16:42:27.849] [bbotk]  0.772808  0.1390476        0      0            0.277
INFO  [16:42:27.849] [bbotk]                                 uhash
INFO  [16:42:27.849] [bbotk]  69ba9584-bd6b-4f99-b330-5bec60a525bd
INFO  [16:42:27.852] [bbotk] Evaluating 1 configuration(s)
INFO  [16:42:28.184] [bbotk] Result of batch 3:
INFO  [16:42:28.187] [bbotk]    laplace classif.ce warnings errors runtime_learners
INFO  [16:42:28.187] [bbotk]  0.9582059  0.1390476        0      0            0.293
INFO  [16:42:28.187] [bbotk]                                 uhash
INFO  [16:42:28.187] [bbotk]  c5210397-8298-4d23-a65e-41a0cdfbb68a
INFO  [16:42:28.204] [bbotk] Finished optimizing after 3 evaluation(s)
INFO  [16:42:28.204] [bbotk] Result:
INFO  [16:42:28.206] [bbotk]    laplace learner_param_vals  x_domain classif.ce
INFO  [16:42:28.206] [bbotk]      <num>             <list>    <list>      <num>
INFO  [16:42:28.206] [bbotk]  0.7198403          <list[1]> <list[1]>  0.1390476

### [bt]: Job terminated successfully [batchtools job.id=812]
### [bt]: Starting job [batchtools job.id=813]
### [bt]: Generating problem instance for problem '698720b8ce42ae0c' ...
### [bt]: Applying algorithm 'run_learner' on problem '698720b8ce42ae0c' for job 813 (seed = 814) ...
INFO  [16:42:28.586] [mlr3] Applying learner 'classif.naive_bayes.tuned_calib.oof_isotonic' on task 'pc4' (iter 3/10)
INFO  [16:42:28.647] [bbotk] Starting to optimize 1 parameter(s) with '<OptimizerBatchRandomSearch>' and '<TerminatorEvals> [n_evals=3, k=0]'
INFO  [16:42:28.652] [bbotk] Evaluating 1 configuration(s)
INFO  [16:42:29.025] [bbotk] Result of batch 1:
INFO  [16:42:29.026] [bbotk]    laplace classif.ce warnings errors runtime_learners
INFO  [16:42:29.026] [bbotk]  0.6938087  0.1334889        0      0             0.33
INFO  [16:42:29.026] [bbotk]                                 uhash
INFO  [16:42:29.026] [bbotk]  4dc5667c-fe99-46a3-bc17-844df87114d5
INFO  [16:42:29.031] [bbotk] Evaluating 1 configuration(s)
INFO  [16:42:29.383] [bbotk] Result of batch 2:
INFO  [16:42:29.384] [bbotk]    laplace classif.ce warnings errors runtime_learners
INFO  [16:42:29.384] [bbotk]  0.9096178  0.1334889        0      0            0.292
INFO  [16:42:29.384] [bbotk]                                 uhash
INFO  [16:42:29.384] [bbotk]  07c8b0c2-ce0d-4461-9d3a-4c81dd611cdd
INFO  [16:42:29.386] [bbotk] Evaluating 1 configuration(s)
INFO  [16:42:29.791] [bbotk] Result of batch 3:
INFO  [16:42:29.796] [bbotk]    laplace classif.ce warnings errors runtime_learners
INFO  [16:42:29.796] [bbotk]  0.1716873  0.1334889        0      0            0.344
INFO  [16:42:29.796] [bbotk]                                 uhash
INFO  [16:42:29.796] [bbotk]  7053402c-f9ce-4f3f-8ad0-31a22c7ff7aa
INFO  [16:42:29.804] [bbotk] Finished optimizing after 3 evaluation(s)
INFO  [16:42:29.804] [bbotk] Result:
INFO  [16:42:29.805] [bbotk]    laplace learner_param_vals  x_domain classif.ce
INFO  [16:42:29.805] [bbotk]      <num>             <list>    <list>      <num>
INFO  [16:42:29.805] [bbotk]  0.6938087          <list[1]> <list[1]>  0.1334889
INFO  [16:42:29.948] [bbotk] Starting to optimize 1 parameter(s) with '<OptimizerBatchRandomSearch>' and '<TerminatorEvals> [n_evals=3, k=0]'
INFO  [16:42:29.959] [bbotk] Evaluating 1 configuration(s)
INFO  [16:42:30.302] [bbotk] Result of batch 1:
INFO  [16:42:30.303] [bbotk]    laplace classif.ce warnings errors runtime_learners
INFO  [16:42:30.303] [bbotk]  0.3541301  0.1906972        0      0            0.295
INFO  [16:42:30.303] [bbotk]                                 uhash
INFO  [16:42:30.303] [bbotk]  4c125b6f-d661-48f9-8329-813b76fcaaee
INFO  [16:42:30.306] [bbotk] Evaluating 1 configuration(s)
INFO  [16:42:30.664] [bbotk] Result of batch 2:
INFO  [16:42:30.665] [bbotk]    laplace classif.ce warnings errors runtime_learners
INFO  [16:42:30.665] [bbotk]  0.6048244  0.1906972        0      0            0.307
INFO  [16:42:30.665] [bbotk]                                 uhash
INFO  [16:42:30.665] [bbotk]  6f82c0e9-6b91-403e-a3a6-36b067f23254
INFO  [16:42:30.669] [bbotk] Evaluating 1 configuration(s)
INFO  [16:42:31.052] [bbotk] Result of batch 3:
INFO  [16:42:31.054] [bbotk]    laplace classif.ce warnings errors runtime_learners
INFO  [16:42:31.054] [bbotk]  0.8934867  0.1906972        0      0             0.34
INFO  [16:42:31.054] [bbotk]                                 uhash
INFO  [16:42:31.054] [bbotk]  a188d4f3-0df0-4407-a86c-3c7ed994ac15
INFO  [16:42:31.066] [bbotk] Finished optimizing after 3 evaluation(s)
INFO  [16:42:31.066] [bbotk] Result:
INFO  [16:42:31.067] [bbotk]    laplace learner_param_vals  x_domain classif.ce
INFO  [16:42:31.067] [bbotk]      <num>             <list>    <list>      <num>
INFO  [16:42:31.067] [bbotk]  0.3541301          <list[1]> <list[1]>  0.1906972
INFO  [16:42:31.217] [bbotk] Starting to optimize 1 parameter(s) with '<OptimizerBatchRandomSearch>' and '<TerminatorEvals> [n_evals=3, k=0]'
INFO  [16:42:31.231] [bbotk] Evaluating 1 configuration(s)
INFO  [16:42:31.601] [bbotk] Result of batch 1:
INFO  [16:42:31.601] [bbotk]    laplace classif.ce warnings errors runtime_learners
INFO  [16:42:31.601] [bbotk]  0.2286985  0.1419048        0      0            0.325
INFO  [16:42:31.601] [bbotk]                                 uhash
INFO  [16:42:31.601] [bbotk]  471755ee-ba31-4e41-8f27-366291c282dd
INFO  [16:42:31.605] [bbotk] Evaluating 1 configuration(s)
INFO  [16:42:31.964] [bbotk] Result of batch 2:
INFO  [16:42:31.964] [bbotk]    laplace classif.ce warnings errors runtime_learners
INFO  [16:42:31.964] [bbotk]  0.7143565  0.1419048        0      0            0.322
INFO  [16:42:31.964] [bbotk]                                 uhash
INFO  [16:42:31.964] [bbotk]  57e56aca-c7a5-44cf-923e-73ba0410f629
INFO  [16:42:31.967] [bbotk] Evaluating 1 configuration(s)
INFO  [16:42:32.341] [bbotk] Result of batch 3:
INFO  [16:42:32.342] [bbotk]   laplace classif.ce warnings errors runtime_learners
INFO  [16:42:32.342] [bbotk]  0.380168  0.1419048        0      0            0.319
INFO  [16:42:32.342] [bbotk]                                 uhash
INFO  [16:42:32.342] [bbotk]  0ebefb17-7526-4b7b-bb94-7c0369678cab
INFO  [16:42:32.348] [bbotk] Finished optimizing after 3 evaluation(s)
INFO  [16:42:32.349] [bbotk] Result:
INFO  [16:42:32.350] [bbotk]    laplace learner_param_vals  x_domain classif.ce
INFO  [16:42:32.350] [bbotk]      <num>             <list>    <list>      <num>
INFO  [16:42:32.350] [bbotk]  0.2286985          <list[1]> <list[1]>  0.1419048
INFO  [16:42:32.488] [bbotk] Starting to optimize 1 parameter(s) with '<OptimizerBatchRandomSearch>' and '<TerminatorEvals> [n_evals=3, k=0]'
INFO  [16:42:32.504] [bbotk] Evaluating 1 configuration(s)
INFO  [16:42:32.837] [bbotk] Result of batch 1:
INFO  [16:42:32.838] [bbotk]    laplace classif.ce warnings errors runtime_learners
INFO  [16:42:32.838] [bbotk]  0.8498706  0.1695238        0      0            0.293
INFO  [16:42:32.838] [bbotk]                                 uhash
INFO  [16:42:32.838] [bbotk]  e02f89c8-d42c-4799-bc29-119ea45b3f2e
INFO  [16:42:32.844] [bbotk] Evaluating 1 configuration(s)
INFO  [16:42:33.203] [bbotk] Result of batch 2:
INFO  [16:42:33.205] [bbotk]    laplace classif.ce warnings errors runtime_learners
INFO  [16:42:33.205] [bbotk]  0.4643556  0.1695238        0      0            0.296
INFO  [16:42:33.205] [bbotk]                                 uhash
INFO  [16:42:33.205] [bbotk]  0d56ddd1-1d29-4c2e-ba8a-23bf72cfdbed
INFO  [16:42:33.215] [bbotk] Evaluating 1 configuration(s)
INFO  [16:42:33.567] [bbotk] Result of batch 3:
INFO  [16:42:33.567] [bbotk]    laplace classif.ce warnings errors runtime_learners
INFO  [16:42:33.567] [bbotk]  0.8165658  0.1695238        0      0            0.303
INFO  [16:42:33.567] [bbotk]                                 uhash
INFO  [16:42:33.567] [bbotk]  c42101db-37f2-4116-b616-c03dc2a5874f
INFO  [16:42:33.582] [bbotk] Finished optimizing after 3 evaluation(s)
INFO  [16:42:33.583] [bbotk] Result:
INFO  [16:42:33.583] [bbotk]    laplace learner_param_vals  x_domain classif.ce
INFO  [16:42:33.583] [bbotk]      <num>             <list>    <list>      <num>
INFO  [16:42:33.583] [bbotk]  0.8498706          <list[1]> <list[1]>  0.1695238
INFO  [16:42:33.722] [bbotk] Starting to optimize 1 parameter(s) with '<OptimizerBatchRandomSearch>' and '<TerminatorEvals> [n_evals=3, k=0]'
INFO  [16:42:33.733] [bbotk] Evaluating 1 configuration(s)
INFO  [16:42:34.078] [bbotk] Result of batch 1:
INFO  [16:42:34.079] [bbotk]    laplace classif.ce warnings errors runtime_learners
INFO  [16:42:34.079] [bbotk]  0.6981201  0.1733333        0      0            0.306
INFO  [16:42:34.079] [bbotk]                                 uhash
INFO  [16:42:34.079] [bbotk]  1c12be64-8289-46aa-ab6a-db29218fc398
INFO  [16:42:34.090] [bbotk] Evaluating 1 configuration(s)
INFO  [16:42:34.429] [bbotk] Result of batch 2:
INFO  [16:42:34.431] [bbotk]    laplace classif.ce warnings errors runtime_learners
INFO  [16:42:34.431] [bbotk]  0.7201151  0.1733333        0      0            0.297
INFO  [16:42:34.431] [bbotk]                                 uhash
INFO  [16:42:34.431] [bbotk]  46da7c41-ca2b-4a6e-9d44-741ce12b3404
INFO  [16:42:34.436] [bbotk] Evaluating 1 configuration(s)
INFO  [16:42:34.860] [bbotk] Result of batch 3:
INFO  [16:42:34.861] [bbotk]   laplace classif.ce warnings errors runtime_learners
INFO  [16:42:34.861] [bbotk]  0.527381  0.1733333        0      0            0.352
INFO  [16:42:34.861] [bbotk]                                 uhash
INFO  [16:42:34.861] [bbotk]  ad01f3f9-a103-4977-a8d8-5efdf0fbcf90
INFO  [16:42:34.869] [bbotk] Finished optimizing after 3 evaluation(s)
INFO  [16:42:34.870] [bbotk] Result:
INFO  [16:42:34.871] [bbotk]    laplace learner_param_vals  x_domain classif.ce
INFO  [16:42:34.871] [bbotk]      <num>             <list>    <list>      <num>
INFO  [16:42:34.871] [bbotk]  0.6981201          <list[1]> <list[1]>  0.1733333

### [bt]: Job terminated successfully [batchtools job.id=813]
### [bt]: Starting job [batchtools job.id=814]
### [bt]: Generating problem instance for problem '698720b8ce42ae0c' ...
### [bt]: Applying algorithm 'run_learner' on problem '698720b8ce42ae0c' for job 814 (seed = 815) ...
INFO  [16:42:35.295] [mlr3] Applying learner 'classif.naive_bayes.tuned_calib.oof_isotonic' on task 'pc4' (iter 4/10)
INFO  [16:42:35.348] [bbotk] Starting to optimize 1 parameter(s) with '<OptimizerBatchRandomSearch>' and '<TerminatorEvals> [n_evals=3, k=0]'
INFO  [16:42:35.359] [bbotk] Evaluating 1 configuration(s)
INFO  [16:42:35.705] [bbotk] Result of batch 1:
INFO  [16:42:35.707] [bbotk]    laplace classif.ce warnings errors runtime_learners
INFO  [16:42:35.707] [bbotk]  0.7555178   0.208787        0      0            0.297
INFO  [16:42:35.707] [bbotk]                                 uhash
INFO  [16:42:35.707] [bbotk]  dd787872-d6d4-49a9-8ec3-8eaa022d317d
INFO  [16:42:35.710] [bbotk] Evaluating 1 configuration(s)
INFO  [16:42:36.118] [bbotk] Result of batch 2:
INFO  [16:42:36.119] [bbotk]     laplace classif.ce warnings errors runtime_learners
INFO  [16:42:36.119] [bbotk]  0.04306397   0.208787        0      0            0.365
INFO  [16:42:36.119] [bbotk]                                 uhash
INFO  [16:42:36.119] [bbotk]  c2d258fe-a530-409c-8d00-1c3d322e85d4
INFO  [16:42:36.122] [bbotk] Evaluating 1 configuration(s)
INFO  [16:42:36.494] [bbotk] Result of batch 3:
INFO  [16:42:36.495] [bbotk]    laplace classif.ce warnings errors runtime_learners
INFO  [16:42:36.495] [bbotk]  0.8556503   0.208787        0      0            0.325
INFO  [16:42:36.495] [bbotk]                                 uhash
INFO  [16:42:36.495] [bbotk]  eef6b6ad-501b-44a2-b222-f4f256c16ce0
INFO  [16:42:36.502] [bbotk] Finished optimizing after 3 evaluation(s)
INFO  [16:42:36.502] [bbotk] Result:
INFO  [16:42:36.502] [bbotk]    laplace learner_param_vals  x_domain classif.ce
INFO  [16:42:36.502] [bbotk]      <num>             <list>    <list>      <num>
INFO  [16:42:36.502] [bbotk]  0.7555178          <list[1]> <list[1]>   0.208787
INFO  [16:42:36.646] [bbotk] Starting to optimize 1 parameter(s) with '<OptimizerBatchRandomSearch>' and '<TerminatorEvals> [n_evals=3, k=0]'
INFO  [16:42:36.655] [bbotk] Evaluating 1 configuration(s)
INFO  [16:42:37.019] [bbotk] Result of batch 1:
INFO  [16:42:37.021] [bbotk]  laplace classif.ce warnings errors runtime_learners
INFO  [16:42:37.021] [bbotk]  0.41857  0.1487051        0      0            0.324
INFO  [16:42:37.021] [bbotk]                                 uhash
INFO  [16:42:37.021] [bbotk]  42ea8a19-dcdd-4c27-8bd3-35fbf5096628
INFO  [16:42:37.027] [bbotk] Evaluating 1 configuration(s)
INFO  [16:42:37.393] [bbotk] Result of batch 2:
INFO  [16:42:37.395] [bbotk]    laplace classif.ce warnings errors runtime_learners
INFO  [16:42:37.395] [bbotk]  0.9063331  0.1487051        0      0            0.302
INFO  [16:42:37.395] [bbotk]                                 uhash
INFO  [16:42:37.395] [bbotk]  8b27ddb6-c5a7-4328-a361-6421f24f9cb9
INFO  [16:42:37.398] [bbotk] Evaluating 1 configuration(s)
INFO  [16:42:37.747] [bbotk] Result of batch 3:
INFO  [16:42:37.748] [bbotk]    laplace classif.ce warnings errors runtime_learners
INFO  [16:42:37.748] [bbotk]  0.6311691  0.1487051        0      0            0.306
INFO  [16:42:37.748] [bbotk]                                 uhash
INFO  [16:42:37.748] [bbotk]  cafa1255-709e-4c9a-8427-1ddd4eb7b072
INFO  [16:42:37.755] [bbotk] Finished optimizing after 3 evaluation(s)
INFO  [16:42:37.756] [bbotk] Result:
INFO  [16:42:37.760] [bbotk]  laplace learner_param_vals  x_domain classif.ce
INFO  [16:42:37.760] [bbotk]    <num>             <list>    <list>      <num>
INFO  [16:42:37.760] [bbotk]  0.41857          <list[1]> <list[1]>  0.1487051
INFO  [16:42:37.880] [bbotk] Starting to optimize 1 parameter(s) with '<OptimizerBatchRandomSearch>' and '<TerminatorEvals> [n_evals=3, k=0]'
INFO  [16:42:37.884] [bbotk] Evaluating 1 configuration(s)
INFO  [16:42:38.283] [bbotk] Result of batch 1:
INFO  [16:42:38.284] [bbotk]    laplace classif.ce warnings errors runtime_learners
INFO  [16:42:38.284] [bbotk]  0.1856606  0.1285714        0      0            0.364
INFO  [16:42:38.284] [bbotk]                                 uhash
INFO  [16:42:38.284] [bbotk]  6260b8d6-05ad-4e85-a0da-a6b021b75fa9
INFO  [16:42:38.289] [bbotk] Evaluating 1 configuration(s)
INFO  [16:42:38.604] [bbotk] Result of batch 2:
INFO  [16:42:38.605] [bbotk]    laplace classif.ce warnings errors runtime_learners
INFO  [16:42:38.605] [bbotk]  0.3581425  0.1285714        0      0            0.259
INFO  [16:42:38.605] [bbotk]                                 uhash
INFO  [16:42:38.605] [bbotk]  95698a29-67f8-4c3a-bc13-864af4108fd9
INFO  [16:42:38.607] [bbotk] Evaluating 1 configuration(s)
INFO  [16:42:38.928] [bbotk] Result of batch 3:
INFO  [16:42:38.930] [bbotk]   laplace classif.ce warnings errors runtime_learners
INFO  [16:42:38.930] [bbotk]  0.177092  0.1285714        0      0            0.276
INFO  [16:42:38.930] [bbotk]                                 uhash
INFO  [16:42:38.930] [bbotk]  a39773ef-a1ed-4eec-ba64-a39b419b39da
INFO  [16:42:38.954] [bbotk] Finished optimizing after 3 evaluation(s)
INFO  [16:42:38.955] [bbotk] Result:
INFO  [16:42:38.956] [bbotk]    laplace learner_param_vals  x_domain classif.ce
INFO  [16:42:38.956] [bbotk]      <num>             <list>    <list>      <num>
INFO  [16:42:38.956] [bbotk]  0.1856606          <list[1]> <list[1]>  0.1285714
INFO  [16:42:39.090] [bbotk] Starting to optimize 1 parameter(s) with '<OptimizerBatchRandomSearch>' and '<TerminatorEvals> [n_evals=3, k=0]'
INFO  [16:42:39.095] [bbotk] Evaluating 1 configuration(s)
INFO  [16:42:39.419] [bbotk] Result of batch 1:
INFO  [16:42:39.420] [bbotk]    laplace classif.ce warnings errors runtime_learners
INFO  [16:42:39.420] [bbotk]  0.4726498  0.1133333        0      0            0.277
INFO  [16:42:39.420] [bbotk]                                 uhash
INFO  [16:42:39.420] [bbotk]  f53f38d9-5bfd-4dcf-893d-1928012414d4
INFO  [16:42:39.423] [bbotk] Evaluating 1 configuration(s)
INFO  [16:42:39.720] [bbotk] Result of batch 2:
INFO  [16:42:39.722] [bbotk]    laplace classif.ce warnings errors runtime_learners
INFO  [16:42:39.722] [bbotk]  0.7675275  0.1133333        0      0            0.255
INFO  [16:42:39.722] [bbotk]                                 uhash
INFO  [16:42:39.722] [bbotk]  3af463e7-9d62-4c4f-a352-09fd1e2d9417
INFO  [16:42:39.731] [bbotk] Evaluating 1 configuration(s)
INFO  [16:42:40.105] [bbotk] Result of batch 3:
INFO  [16:42:40.106] [bbotk]    laplace classif.ce warnings errors runtime_learners
INFO  [16:42:40.106] [bbotk]  0.7826858  0.1133333        0      0            0.324
INFO  [16:42:40.106] [bbotk]                                 uhash
INFO  [16:42:40.106] [bbotk]  46557303-84b3-44d2-b0b1-e306458842c9
INFO  [16:42:40.113] [bbotk] Finished optimizing after 3 evaluation(s)
INFO  [16:42:40.113] [bbotk] Result:
INFO  [16:42:40.113] [bbotk]    laplace learner_param_vals  x_domain classif.ce
INFO  [16:42:40.113] [bbotk]      <num>             <list>    <list>      <num>
INFO  [16:42:40.113] [bbotk]  0.4726498          <list[1]> <list[1]>  0.1133333
INFO  [16:42:40.225] [bbotk] Starting to optimize 1 parameter(s) with '<OptimizerBatchRandomSearch>' and '<TerminatorEvals> [n_evals=3, k=0]'
INFO  [16:42:40.231] [bbotk] Evaluating 1 configuration(s)
INFO  [16:42:40.561] [bbotk] Result of batch 1:
INFO  [16:42:40.562] [bbotk]    laplace classif.ce warnings errors runtime_learners
INFO  [16:42:40.562] [bbotk]  0.3711086  0.1304762        0      0             0.26
INFO  [16:42:40.562] [bbotk]                                 uhash
INFO  [16:42:40.562] [bbotk]  e8fb7def-57c2-4861-b8bf-073fec6bf30f
INFO  [16:42:40.565] [bbotk] Evaluating 1 configuration(s)
INFO  [16:42:40.913] [bbotk] Result of batch 2:
INFO  [16:42:40.914] [bbotk]    laplace classif.ce warnings errors runtime_learners
INFO  [16:42:40.914] [bbotk]  0.6522636  0.1304762        0      0            0.293
INFO  [16:42:40.914] [bbotk]                                 uhash
INFO  [16:42:40.914] [bbotk]  89225518-ea9f-4c5c-b9e3-f1a0ed97e3ae
INFO  [16:42:40.918] [bbotk] Evaluating 1 configuration(s)
INFO  [16:42:41.246] [bbotk] Result of batch 3:
INFO  [16:42:41.248] [bbotk]   laplace classif.ce warnings errors runtime_learners
INFO  [16:42:41.248] [bbotk]  0.323619  0.1304762        0      0            0.288
INFO  [16:42:41.248] [bbotk]                                 uhash
INFO  [16:42:41.248] [bbotk]  30a24122-cff8-4478-acf7-b1a11cfd185b
INFO  [16:42:41.266] [bbotk] Finished optimizing after 3 evaluation(s)
INFO  [16:42:41.266] [bbotk] Result:
INFO  [16:42:41.268] [bbotk]    laplace learner_param_vals  x_domain classif.ce
INFO  [16:42:41.268] [bbotk]      <num>             <list>    <list>      <num>
INFO  [16:42:41.268] [bbotk]  0.3711086          <list[1]> <list[1]>  0.1304762

### [bt]: Job terminated successfully [batchtools job.id=814]
### [bt]: Starting job [batchtools job.id=815]
### [bt]: Generating problem instance for problem '698720b8ce42ae0c' ...
### [bt]: Applying algorithm 'run_learner' on problem '698720b8ce42ae0c' for job 815 (seed = 816) ...
INFO  [16:42:41.647] [mlr3] Applying learner 'classif.naive_bayes.tuned_calib.oof_isotonic' on task 'pc4' (iter 5/10)
INFO  [16:42:41.701] [bbotk] Starting to optimize 1 parameter(s) with '<OptimizerBatchRandomSearch>' and '<TerminatorEvals> [n_evals=3, k=0]'
INFO  [16:42:41.712] [bbotk] Evaluating 1 configuration(s)
INFO  [16:42:42.076] [bbotk] Result of batch 1:
INFO  [16:42:42.077] [bbotk]    laplace classif.ce warnings errors runtime_learners
INFO  [16:42:42.077] [bbotk]  0.6667118  0.1306072        0      0             0.32
INFO  [16:42:42.077] [bbotk]                                 uhash
INFO  [16:42:42.077] [bbotk]  ef227fa2-2c50-40e2-b530-a17370e44a42
INFO  [16:42:42.079] [bbotk] Evaluating 1 configuration(s)
INFO  [16:42:42.420] [bbotk] Result of batch 2:
INFO  [16:42:42.422] [bbotk]    laplace classif.ce warnings errors runtime_learners
INFO  [16:42:42.422] [bbotk]  0.1945524  0.1306072        0      0            0.293
INFO  [16:42:42.422] [bbotk]                                 uhash
INFO  [16:42:42.422] [bbotk]  9999b474-b267-4628-9811-61564ede09ec
INFO  [16:42:42.425] [bbotk] Evaluating 1 configuration(s)
INFO  [16:42:42.774] [bbotk] Result of batch 3:
INFO  [16:42:42.775] [bbotk]    laplace classif.ce warnings errors runtime_learners
INFO  [16:42:42.775] [bbotk]  0.9730761  0.1306072        0      0            0.296
INFO  [16:42:42.775] [bbotk]                                 uhash
INFO  [16:42:42.775] [bbotk]  6d53a261-9a83-4b8b-bc2b-34ac0d6de009
INFO  [16:42:42.782] [bbotk] Finished optimizing after 3 evaluation(s)
INFO  [16:42:42.782] [bbotk] Result:
INFO  [16:42:42.783] [bbotk]    laplace learner_param_vals  x_domain classif.ce
INFO  [16:42:42.783] [bbotk]      <num>             <list>    <list>      <num>
INFO  [16:42:42.783] [bbotk]  0.6667118          <list[1]> <list[1]>  0.1306072
INFO  [16:42:42.970] [bbotk] Starting to optimize 1 parameter(s) with '<OptimizerBatchRandomSearch>' and '<TerminatorEvals> [n_evals=3, k=0]'
INFO  [16:42:42.974] [bbotk] Evaluating 1 configuration(s)
INFO  [16:42:43.283] [bbotk] Result of batch 1:
INFO  [16:42:43.285] [bbotk]    laplace classif.ce warnings errors runtime_learners
INFO  [16:42:43.285] [bbotk]  0.5175715  0.1267977        0      0            0.264
INFO  [16:42:43.285] [bbotk]                                 uhash
INFO  [16:42:43.285] [bbotk]  470522ab-48a6-4826-9f5f-6ea93bc2e075
INFO  [16:42:43.287] [bbotk] Evaluating 1 configuration(s)
INFO  [16:42:43.644] [bbotk] Result of batch 2:
INFO  [16:42:43.645] [bbotk]    laplace classif.ce warnings errors runtime_learners
INFO  [16:42:43.645] [bbotk]  0.5246198  0.1267977        0      0            0.315
INFO  [16:42:43.645] [bbotk]                                 uhash
INFO  [16:42:43.645] [bbotk]  56348a34-7bca-4b55-a9da-b1543ab79b8c
INFO  [16:42:43.649] [bbotk] Evaluating 1 configuration(s)
INFO  [16:42:44.025] [bbotk] Result of batch 3:
INFO  [16:42:44.026] [bbotk]    laplace classif.ce warnings errors runtime_learners
INFO  [16:42:44.026] [bbotk]  0.6659111  0.1267977        0      0             0.33
INFO  [16:42:44.026] [bbotk]                                 uhash
INFO  [16:42:44.026] [bbotk]  798aa997-9c4b-4098-8c7a-8400fc0f3771
INFO  [16:42:44.034] [bbotk] Finished optimizing after 3 evaluation(s)
INFO  [16:42:44.035] [bbotk] Result:
INFO  [16:42:44.036] [bbotk]    laplace learner_param_vals  x_domain classif.ce
INFO  [16:42:44.036] [bbotk]      <num>             <list>    <list>      <num>
INFO  [16:42:44.036] [bbotk]  0.5175715          <list[1]> <list[1]>  0.1267977
INFO  [16:42:44.153] [bbotk] Starting to optimize 1 parameter(s) with '<OptimizerBatchRandomSearch>' and '<TerminatorEvals> [n_evals=3, k=0]'
INFO  [16:42:44.165] [bbotk] Evaluating 1 configuration(s)
INFO  [16:42:44.546] [bbotk] Result of batch 1:
INFO  [16:42:44.547] [bbotk]    laplace classif.ce warnings errors runtime_learners
INFO  [16:42:44.547] [bbotk]  0.2493842  0.1438095        0      0             0.31
INFO  [16:42:44.547] [bbotk]                                 uhash
INFO  [16:42:44.547] [bbotk]  ff18f718-d817-47fc-a214-d659b94dd27f
INFO  [16:42:44.550] [bbotk] Evaluating 1 configuration(s)
INFO  [16:42:44.916] [bbotk] Result of batch 2:
INFO  [16:42:44.918] [bbotk]    laplace classif.ce warnings errors runtime_learners
INFO  [16:42:44.918] [bbotk]  0.9853001  0.1438095        0      0            0.308
INFO  [16:42:44.918] [bbotk]                                 uhash
INFO  [16:42:44.918] [bbotk]  e217ea5d-3dfe-4921-95d1-c3f104cb5b44
INFO  [16:42:44.923] [bbotk] Evaluating 1 configuration(s)
INFO  [16:42:45.260] [bbotk] Result of batch 3:
INFO  [16:42:45.261] [bbotk]     laplace classif.ce warnings errors runtime_learners
INFO  [16:42:45.261] [bbotk]  0.04910279  0.1438095        0      0            0.285
INFO  [16:42:45.261] [bbotk]                                 uhash
INFO  [16:42:45.261] [bbotk]  93faf281-1004-421f-beea-56a40928e216
INFO  [16:42:45.274] [bbotk] Finished optimizing after 3 evaluation(s)
INFO  [16:42:45.275] [bbotk] Result:
INFO  [16:42:45.276] [bbotk]    laplace learner_param_vals  x_domain classif.ce
INFO  [16:42:45.276] [bbotk]      <num>             <list>    <list>      <num>
INFO  [16:42:45.276] [bbotk]  0.2493842          <list[1]> <list[1]>  0.1438095
INFO  [16:42:45.377] [bbotk] Starting to optimize 1 parameter(s) with '<OptimizerBatchRandomSearch>' and '<TerminatorEvals> [n_evals=3, k=0]'
INFO  [16:42:45.382] [bbotk] Evaluating 1 configuration(s)
INFO  [16:42:45.724] [bbotk] Result of batch 1:
INFO  [16:42:45.725] [bbotk]     laplace classif.ce warnings errors runtime_learners
INFO  [16:42:45.725] [bbotk]  0.01090461   0.127619        0      0            0.285
INFO  [16:42:45.725] [bbotk]                                 uhash
INFO  [16:42:45.725] [bbotk]  1487ec38-c0fd-43d0-a246-4523db069161
INFO  [16:42:45.728] [bbotk] Evaluating 1 configuration(s)
INFO  [16:42:46.073] [bbotk] Result of batch 2:
INFO  [16:42:46.073] [bbotk]    laplace classif.ce warnings errors runtime_learners
INFO  [16:42:46.073] [bbotk]  0.2109941   0.127619        0      0            0.311
INFO  [16:42:46.073] [bbotk]                                 uhash
INFO  [16:42:46.073] [bbotk]  eb8ee867-0d70-4cf9-90b9-5ef1c99b33d7
INFO  [16:42:46.076] [bbotk] Evaluating 1 configuration(s)
INFO  [16:42:46.449] [bbotk] Result of batch 3:
INFO  [16:42:46.451] [bbotk]    laplace classif.ce warnings errors runtime_learners
INFO  [16:42:46.451] [bbotk]  0.9276719   0.127619        0      0            0.325
INFO  [16:42:46.451] [bbotk]                                 uhash
INFO  [16:42:46.451] [bbotk]  334cbc28-6a55-400b-9345-574805999d9d
INFO  [16:42:46.478] [bbotk] Finished optimizing after 3 evaluation(s)
INFO  [16:42:46.479] [bbotk] Result:
INFO  [16:42:46.480] [bbotk]     laplace learner_param_vals  x_domain classif.ce
INFO  [16:42:46.480] [bbotk]       <num>             <list>    <list>      <num>
INFO  [16:42:46.480] [bbotk]  0.01090461          <list[1]> <list[1]>   0.127619
INFO  [16:42:46.647] [bbotk] Starting to optimize 1 parameter(s) with '<OptimizerBatchRandomSearch>' and '<TerminatorEvals> [n_evals=3, k=0]'
INFO  [16:42:46.660] [bbotk] Evaluating 1 configuration(s)
INFO  [16:42:46.970] [bbotk] Result of batch 1:
INFO  [16:42:46.971] [bbotk]     laplace classif.ce warnings errors runtime_learners
INFO  [16:42:46.971] [bbotk]  0.07365573  0.1838095        0      0            0.261
INFO  [16:42:46.971] [bbotk]                                 uhash
INFO  [16:42:46.971] [bbotk]  5eae9fce-dffc-4baa-84ac-44fa4a7991cd
INFO  [16:42:46.973] [bbotk] Evaluating 1 configuration(s)
INFO  [16:42:47.319] [bbotk] Result of batch 2:
INFO  [16:42:47.320] [bbotk]    laplace classif.ce warnings errors runtime_learners
INFO  [16:42:47.320] [bbotk]  0.5799497  0.1838095        0      0            0.307
INFO  [16:42:47.320] [bbotk]                                 uhash
INFO  [16:42:47.320] [bbotk]  d13a7908-92bd-454b-b486-357157f20d0b
INFO  [16:42:47.322] [bbotk] Evaluating 1 configuration(s)
INFO  [16:42:47.639] [bbotk] Result of batch 3:
INFO  [16:42:47.641] [bbotk]    laplace classif.ce warnings errors runtime_learners
INFO  [16:42:47.641] [bbotk]  0.7540851  0.1838095        0      0            0.255
INFO  [16:42:47.641] [bbotk]                                 uhash
INFO  [16:42:47.641] [bbotk]  801fe472-52a4-4b0d-a89e-1a3e9f92ee20
INFO  [16:42:47.651] [bbotk] Finished optimizing after 3 evaluation(s)
INFO  [16:42:47.651] [bbotk] Result:
INFO  [16:42:47.652] [bbotk]     laplace learner_param_vals  x_domain classif.ce
INFO  [16:42:47.652] [bbotk]       <num>             <list>    <list>      <num>
INFO  [16:42:47.652] [bbotk]  0.07365573          <list[1]> <list[1]>  0.1838095

### [bt]: Job terminated successfully [batchtools job.id=815]
### [bt]: Calculation finished!
