### [bt]: This is batchtools v0.9.17
### [bt]: Starting calculation of 5 jobs
### [bt]: Setting working directory to '/Users/User/Documents/Studium/Semester8/Hiwi/mlr3calibration/vignettes'
### [bt]: Memory measurement disabled
### [bt]: Starting job [batchtools job.id=1306]
### [bt]: Generating problem instance for problem '78e20b4b43a56ff6' ...
### [bt]: Applying algorithm 'run_learner' on problem '78e20b4b43a56ff6' for job 1306 (seed = 1307) ...
INFO  [16:49:54.684] [mlr3] Applying learner 'classif.ranger.tuned' on task 'pc3' (iter 6/10)
INFO  [16:49:54.708] [bbotk] Starting to optimize 1 parameter(s) with '<OptimizerBatchRandomSearch>' and '<TerminatorEvals> [n_evals=3, k=0]'
INFO  [16:49:54.712] [bbotk] Evaluating 1 configuration(s)
INFO  [16:49:54.714] [mlr3] Running benchmark with 3 resampling iterations
INFO  [16:49:54.719] [mlr3] Applying learner 'classif.ranger' on task 'pc3' (iter 1/3)
INFO  [16:49:54.808] [mlr3] Applying learner 'classif.ranger' on task 'pc3' (iter 2/3)
INFO  [16:49:54.899] [mlr3] Applying learner 'classif.ranger' on task 'pc3' (iter 3/3)
INFO  [16:49:54.995] [mlr3] Finished benchmark
INFO  [16:49:55.006] [bbotk] Result of batch 1:
INFO  [16:49:55.007] [bbotk]  num.trees classif.ce warnings errors runtime_learners
INFO  [16:49:55.007] [bbotk]        250  0.1122957        0      0            0.263
INFO  [16:49:55.007] [bbotk]                                 uhash
INFO  [16:49:55.007] [bbotk]  871bc73f-079c-4a6f-8df9-b3b73739f6df
INFO  [16:49:55.009] [bbotk] Evaluating 1 configuration(s)
INFO  [16:49:55.013] [mlr3] Running benchmark with 3 resampling iterations
INFO  [16:49:55.016] [mlr3] Applying learner 'classif.ranger' on task 'pc3' (iter 1/3)
INFO  [16:49:55.175] [mlr3] Applying learner 'classif.ranger' on task 'pc3' (iter 2/3)
INFO  [16:49:55.324] [mlr3] Applying learner 'classif.ranger' on task 'pc3' (iter 3/3)
INFO  [16:49:55.480] [mlr3] Finished benchmark
INFO  [16:49:55.491] [bbotk] Result of batch 2:
INFO  [16:49:55.492] [bbotk]  num.trees classif.ce warnings errors runtime_learners
INFO  [16:49:55.492] [bbotk]        460  0.1094527        0      0            0.449
INFO  [16:49:55.492] [bbotk]                                 uhash
INFO  [16:49:55.492] [bbotk]  90c9e809-5e64-46ab-9114-f45e07384119
INFO  [16:49:55.494] [bbotk] Evaluating 1 configuration(s)
INFO  [16:49:55.496] [mlr3] Running benchmark with 3 resampling iterations
INFO  [16:49:55.499] [mlr3] Applying learner 'classif.ranger' on task 'pc3' (iter 1/3)
INFO  [16:49:55.642] [mlr3] Applying learner 'classif.ranger' on task 'pc3' (iter 2/3)
INFO  [16:49:55.770] [mlr3] Applying learner 'classif.ranger' on task 'pc3' (iter 3/3)
INFO  [16:49:55.901] [mlr3] Finished benchmark
INFO  [16:49:55.912] [bbotk] Result of batch 3:
INFO  [16:49:55.913] [bbotk]  num.trees classif.ce warnings errors runtime_learners
INFO  [16:49:55.913] [bbotk]        398  0.1080313        0      0            0.392
INFO  [16:49:55.913] [bbotk]                                 uhash
INFO  [16:49:55.913] [bbotk]  834e1a1c-66b8-41dd-b252-fc9930bf81a3
INFO  [16:49:55.919] [bbotk] Finished optimizing after 3 evaluation(s)
INFO  [16:49:55.920] [bbotk] Result:
INFO  [16:49:55.920] [bbotk]  num.trees learner_param_vals  x_domain classif.ce
INFO  [16:49:55.920] [bbotk]      <int>             <list>    <list>      <num>
INFO  [16:49:55.920] [bbotk]        398          <list[2]> <list[1]>  0.1080313

### [bt]: Job terminated successfully [batchtools job.id=1306]
### [bt]: Starting job [batchtools job.id=1307]
### [bt]: Generating problem instance for problem '78e20b4b43a56ff6' ...
### [bt]: Applying algorithm 'run_learner' on problem '78e20b4b43a56ff6' for job 1307 (seed = 1308) ...
INFO  [16:49:56.115] [mlr3] Applying learner 'classif.ranger.tuned' on task 'pc3' (iter 7/10)
INFO  [16:49:56.137] [bbotk] Starting to optimize 1 parameter(s) with '<OptimizerBatchRandomSearch>' and '<TerminatorEvals> [n_evals=3, k=0]'
INFO  [16:49:56.141] [bbotk] Evaluating 1 configuration(s)
INFO  [16:49:56.143] [mlr3] Running benchmark with 3 resampling iterations
INFO  [16:49:56.146] [mlr3] Applying learner 'classif.ranger' on task 'pc3' (iter 1/3)
INFO  [16:49:56.198] [mlr3] Applying learner 'classif.ranger' on task 'pc3' (iter 2/3)
INFO  [16:49:56.249] [mlr3] Applying learner 'classif.ranger' on task 'pc3' (iter 3/3)
INFO  [16:49:56.303] [mlr3] Finished benchmark
INFO  [16:49:56.316] [bbotk] Result of batch 1:
INFO  [16:49:56.317] [bbotk]  num.trees classif.ce warnings errors runtime_learners
INFO  [16:49:56.317] [bbotk]        140   0.100924        0      0            0.145
INFO  [16:49:56.317] [bbotk]                                 uhash
INFO  [16:49:56.317] [bbotk]  582debe4-2a75-4346-b22d-8eb7d9272856
INFO  [16:49:56.322] [bbotk] Evaluating 1 configuration(s)
INFO  [16:49:56.324] [mlr3] Running benchmark with 3 resampling iterations
INFO  [16:49:56.327] [mlr3] Applying learner 'classif.ranger' on task 'pc3' (iter 1/3)
INFO  [16:49:56.400] [mlr3] Applying learner 'classif.ranger' on task 'pc3' (iter 2/3)
INFO  [16:49:56.472] [mlr3] Applying learner 'classif.ranger' on task 'pc3' (iter 3/3)
INFO  [16:49:56.544] [mlr3] Finished benchmark
INFO  [16:49:56.557] [bbotk] Result of batch 2:
INFO  [16:49:56.557] [bbotk]  num.trees classif.ce warnings errors runtime_learners
INFO  [16:49:56.557] [bbotk]        206  0.1002132        0      0            0.201
INFO  [16:49:56.557] [bbotk]                                 uhash
INFO  [16:49:56.557] [bbotk]  0ae972ba-83ee-42c0-b461-4b81e159a843
INFO  [16:49:56.560] [bbotk] Evaluating 1 configuration(s)
INFO  [16:49:56.562] [mlr3] Running benchmark with 3 resampling iterations
INFO  [16:49:56.564] [mlr3] Applying learner 'classif.ranger' on task 'pc3' (iter 1/3)
INFO  [16:49:56.622] [mlr3] Applying learner 'classif.ranger' on task 'pc3' (iter 2/3)
INFO  [16:49:56.679] [mlr3] Applying learner 'classif.ranger' on task 'pc3' (iter 3/3)
INFO  [16:49:56.738] [mlr3] Finished benchmark
INFO  [16:49:56.750] [bbotk] Result of batch 3:
INFO  [16:49:56.751] [bbotk]  num.trees classif.ce warnings errors runtime_learners
INFO  [16:49:56.751] [bbotk]        167 0.09879176        0      0            0.163
INFO  [16:49:56.751] [bbotk]                                 uhash
INFO  [16:49:56.751] [bbotk]  73d3bc22-cbf3-47be-8cf2-21e8057ecfe8
INFO  [16:49:56.757] [bbotk] Finished optimizing after 3 evaluation(s)
INFO  [16:49:56.758] [bbotk] Result:
INFO  [16:49:56.758] [bbotk]  num.trees learner_param_vals  x_domain classif.ce
INFO  [16:49:56.758] [bbotk]      <int>             <list>    <list>      <num>
INFO  [16:49:56.758] [bbotk]        167          <list[2]> <list[1]> 0.09879176

### [bt]: Job terminated successfully [batchtools job.id=1307]
### [bt]: Starting job [batchtools job.id=1308]
### [bt]: Generating problem instance for problem '78e20b4b43a56ff6' ...
### [bt]: Applying algorithm 'run_learner' on problem '78e20b4b43a56ff6' for job 1308 (seed = 1309) ...
INFO  [16:49:56.847] [mlr3] Applying learner 'classif.ranger.tuned' on task 'pc3' (iter 8/10)
INFO  [16:49:56.875] [bbotk] Starting to optimize 1 parameter(s) with '<OptimizerBatchRandomSearch>' and '<TerminatorEvals> [n_evals=3, k=0]'
INFO  [16:49:56.880] [bbotk] Evaluating 1 configuration(s)
INFO  [16:49:56.882] [mlr3] Running benchmark with 3 resampling iterations
INFO  [16:49:56.885] [mlr3] Applying learner 'classif.ranger' on task 'pc3' (iter 1/3)
INFO  [16:49:57.025] [mlr3] Applying learner 'classif.ranger' on task 'pc3' (iter 2/3)
INFO  [16:49:57.167] [mlr3] Applying learner 'classif.ranger' on task 'pc3' (iter 3/3)
INFO  [16:49:57.306] [mlr3] Finished benchmark
INFO  [16:49:57.316] [bbotk] Result of batch 1:
INFO  [16:49:57.317] [bbotk]  num.trees classif.ce warnings errors runtime_learners
INFO  [16:49:57.317] [bbotk]        433  0.1030561        0      0            0.407
INFO  [16:49:57.317] [bbotk]                                 uhash
INFO  [16:49:57.317] [bbotk]  302ce038-b9bc-4aa6-9f59-7cf85971ad67
INFO  [16:49:57.320] [bbotk] Evaluating 1 configuration(s)
INFO  [16:49:57.323] [mlr3] Running benchmark with 3 resampling iterations
INFO  [16:49:57.325] [mlr3] Applying learner 'classif.ranger' on task 'pc3' (iter 1/3)
INFO  [16:49:57.436] [mlr3] Applying learner 'classif.ranger' on task 'pc3' (iter 2/3)
INFO  [16:49:57.548] [mlr3] Applying learner 'classif.ranger' on task 'pc3' (iter 3/3)
INFO  [16:49:57.653] [mlr3] Finished benchmark
INFO  [16:49:57.665] [bbotk] Result of batch 2:
INFO  [16:49:57.666] [bbotk]  num.trees classif.ce warnings errors runtime_learners
INFO  [16:49:57.666] [bbotk]        339  0.1016347        0      0            0.316
INFO  [16:49:57.666] [bbotk]                                 uhash
INFO  [16:49:57.666] [bbotk]  06bc4719-978d-42c5-91f7-a53756356295
INFO  [16:49:57.668] [bbotk] Evaluating 1 configuration(s)
INFO  [16:49:57.670] [mlr3] Running benchmark with 3 resampling iterations
INFO  [16:49:57.673] [mlr3] Applying learner 'classif.ranger' on task 'pc3' (iter 1/3)
INFO  [16:49:57.752] [mlr3] Applying learner 'classif.ranger' on task 'pc3' (iter 2/3)
INFO  [16:49:57.833] [mlr3] Applying learner 'classif.ranger' on task 'pc3' (iter 3/3)
INFO  [16:49:57.907] [mlr3] Finished benchmark
INFO  [16:49:57.928] [bbotk] Result of batch 3:
INFO  [16:49:57.934] [bbotk]  num.trees classif.ce warnings errors runtime_learners
INFO  [16:49:57.934] [bbotk]        232  0.1023454        0      0            0.223
INFO  [16:49:57.934] [bbotk]                                 uhash
INFO  [16:49:57.934] [bbotk]  86c72307-242b-4c7b-b8e4-50d1a581694a
INFO  [16:49:57.940] [bbotk] Finished optimizing after 3 evaluation(s)
INFO  [16:49:57.941] [bbotk] Result:
INFO  [16:49:57.941] [bbotk]  num.trees learner_param_vals  x_domain classif.ce
INFO  [16:49:57.941] [bbotk]      <int>             <list>    <list>      <num>
INFO  [16:49:57.941] [bbotk]        339          <list[2]> <list[1]>  0.1016347

### [bt]: Job terminated successfully [batchtools job.id=1308]
### [bt]: Starting job [batchtools job.id=1309]
### [bt]: Generating problem instance for problem '78e20b4b43a56ff6' ...
### [bt]: Applying algorithm 'run_learner' on problem '78e20b4b43a56ff6' for job 1309 (seed = 1310) ...
INFO  [16:49:58.114] [mlr3] Applying learner 'classif.ranger.tuned' on task 'pc3' (iter 9/10)
INFO  [16:49:58.138] [bbotk] Starting to optimize 1 parameter(s) with '<OptimizerBatchRandomSearch>' and '<TerminatorEvals> [n_evals=3, k=0]'
INFO  [16:49:58.143] [bbotk] Evaluating 1 configuration(s)
INFO  [16:49:58.145] [mlr3] Running benchmark with 3 resampling iterations
INFO  [16:49:58.147] [mlr3] Applying learner 'classif.ranger' on task 'pc3' (iter 1/3)
INFO  [16:49:58.284] [mlr3] Applying learner 'classif.ranger' on task 'pc3' (iter 2/3)
INFO  [16:49:58.431] [mlr3] Applying learner 'classif.ranger' on task 'pc3' (iter 3/3)
INFO  [16:49:58.566] [mlr3] Finished benchmark
INFO  [16:49:58.579] [bbotk] Result of batch 1:
INFO  [16:49:58.580] [bbotk]  num.trees classif.ce warnings errors runtime_learners
INFO  [16:49:58.580] [bbotk]        285  0.1002132        0      0            0.401
INFO  [16:49:58.580] [bbotk]                                 uhash
INFO  [16:49:58.580] [bbotk]  66dc0cfa-e8e5-447d-925a-e875c8d1673c
INFO  [16:49:58.582] [bbotk] Evaluating 1 configuration(s)
INFO  [16:49:58.585] [mlr3] Running benchmark with 3 resampling iterations
INFO  [16:49:58.590] [mlr3] Applying learner 'classif.ranger' on task 'pc3' (iter 1/3)
INFO  [16:49:58.757] [mlr3] Applying learner 'classif.ranger' on task 'pc3' (iter 2/3)
INFO  [16:49:58.906] [mlr3] Applying learner 'classif.ranger' on task 'pc3' (iter 3/3)
INFO  [16:49:59.104] [mlr3] Finished benchmark
INFO  [16:49:59.118] [bbotk] Result of batch 2:
INFO  [16:49:59.119] [bbotk]  num.trees classif.ce warnings errors runtime_learners
INFO  [16:49:59.119] [bbotk]        425  0.1037669        0      0            0.491
INFO  [16:49:59.119] [bbotk]                                 uhash
INFO  [16:49:59.119] [bbotk]  b6ecda81-f673-4daf-aff6-acc855080e08
INFO  [16:49:59.122] [bbotk] Evaluating 1 configuration(s)
INFO  [16:49:59.124] [mlr3] Running benchmark with 3 resampling iterations
INFO  [16:49:59.127] [mlr3] Applying learner 'classif.ranger' on task 'pc3' (iter 1/3)
INFO  [16:49:59.291] [mlr3] Applying learner 'classif.ranger' on task 'pc3' (iter 2/3)
INFO  [16:49:59.475] [mlr3] Applying learner 'classif.ranger' on task 'pc3' (iter 3/3)
INFO  [16:49:59.628] [mlr3] Finished benchmark
INFO  [16:49:59.643] [bbotk] Result of batch 3:
INFO  [16:49:59.645] [bbotk]  num.trees classif.ce warnings errors runtime_learners
INFO  [16:49:59.645] [bbotk]        411 0.09950249        0      0            0.489
INFO  [16:49:59.645] [bbotk]                                 uhash
INFO  [16:49:59.645] [bbotk]  19e61ca4-f8ab-4161-9f3d-e8a5ccf5c3d2
INFO  [16:49:59.658] [bbotk] Finished optimizing after 3 evaluation(s)
INFO  [16:49:59.658] [bbotk] Result:
INFO  [16:49:59.660] [bbotk]  num.trees learner_param_vals  x_domain classif.ce
INFO  [16:49:59.660] [bbotk]      <int>             <list>    <list>      <num>
INFO  [16:49:59.660] [bbotk]        411          <list[2]> <list[1]> 0.09950249

### [bt]: Job terminated successfully [batchtools job.id=1309]
### [bt]: Starting job [batchtools job.id=1310]
### [bt]: Generating problem instance for problem '78e20b4b43a56ff6' ...
### [bt]: Applying algorithm 'run_learner' on problem '78e20b4b43a56ff6' for job 1310 (seed = 1311) ...
INFO  [16:49:59.980] [mlr3] Applying learner 'classif.ranger.tuned' on task 'pc3' (iter 10/10)
INFO  [16:50:00.004] [bbotk] Starting to optimize 1 parameter(s) with '<OptimizerBatchRandomSearch>' and '<TerminatorEvals> [n_evals=3, k=0]'
INFO  [16:50:00.009] [bbotk] Evaluating 1 configuration(s)
INFO  [16:50:00.011] [mlr3] Running benchmark with 3 resampling iterations
INFO  [16:50:00.014] [mlr3] Applying learner 'classif.ranger' on task 'pc3' (iter 1/3)
INFO  [16:50:00.144] [mlr3] Applying learner 'classif.ranger' on task 'pc3' (iter 2/3)
INFO  [16:50:00.303] [mlr3] Applying learner 'classif.ranger' on task 'pc3' (iter 3/3)
INFO  [16:50:00.456] [mlr3] Finished benchmark
INFO  [16:50:00.476] [bbotk] Result of batch 1:
INFO  [16:50:00.478] [bbotk]  num.trees classif.ce warnings errors runtime_learners
INFO  [16:50:00.478] [bbotk]        339  0.1058991        0      0            0.424
INFO  [16:50:00.478] [bbotk]                                 uhash
INFO  [16:50:00.478] [bbotk]  7600a25c-ab0b-46c6-ac48-ea29f8cf963b
INFO  [16:50:00.483] [bbotk] Evaluating 1 configuration(s)
INFO  [16:50:00.485] [mlr3] Running benchmark with 3 resampling iterations
INFO  [16:50:00.490] [mlr3] Applying learner 'classif.ranger' on task 'pc3' (iter 1/3)
INFO  [16:50:00.686] [mlr3] Applying learner 'classif.ranger' on task 'pc3' (iter 2/3)
INFO  [16:50:00.853] [mlr3] Applying learner 'classif.ranger' on task 'pc3' (iter 3/3)
INFO  [16:50:01.014] [mlr3] Finished benchmark
INFO  [16:50:01.025] [bbotk] Result of batch 2:
INFO  [16:50:01.026] [bbotk]  num.trees classif.ce warnings errors runtime_learners
INFO  [16:50:01.026] [bbotk]        384  0.1066098        0      0            0.506
INFO  [16:50:01.026] [bbotk]                                 uhash
INFO  [16:50:01.026] [bbotk]  1dc06791-642c-4da7-bd48-b0332b7b2768
INFO  [16:50:01.029] [bbotk] Evaluating 1 configuration(s)
INFO  [16:50:01.031] [mlr3] Running benchmark with 3 resampling iterations
INFO  [16:50:01.033] [mlr3] Applying learner 'classif.ranger' on task 'pc3' (iter 1/3)
INFO  [16:50:01.139] [mlr3] Applying learner 'classif.ranger' on task 'pc3' (iter 2/3)
INFO  [16:50:01.266] [mlr3] Applying learner 'classif.ranger' on task 'pc3' (iter 3/3)
INFO  [16:50:01.372] [mlr3] Finished benchmark
INFO  [16:50:01.382] [bbotk] Result of batch 3:
INFO  [16:50:01.383] [bbotk]  num.trees classif.ce warnings errors runtime_learners
INFO  [16:50:01.383] [bbotk]        282  0.1030561        0      0            0.318
INFO  [16:50:01.383] [bbotk]                                 uhash
INFO  [16:50:01.383] [bbotk]  8f2b0ab7-e820-40f6-8d63-9c2229b1ea5b
INFO  [16:50:01.396] [bbotk] Finished optimizing after 3 evaluation(s)
INFO  [16:50:01.397] [bbotk] Result:
INFO  [16:50:01.397] [bbotk]  num.trees learner_param_vals  x_domain classif.ce
INFO  [16:50:01.397] [bbotk]      <int>             <list>    <list>      <num>
INFO  [16:50:01.397] [bbotk]        282          <list[2]> <list[1]>  0.1030561

### [bt]: Job terminated successfully [batchtools job.id=1310]
### [bt]: Calculation finished!
