### [bt]: This is batchtools v0.9.17
### [bt]: Starting calculation of 5 jobs
### [bt]: Setting working directory to '/Users/User/Documents/Studium/Semester8/Hiwi/mlr3calibration/vignettes'
### [bt]: Memory measurement disabled
### [bt]: Starting job [batchtools job.id=2096]
### [bt]: Generating problem instance for problem 'a63d756aec4c60c1' ...
### [bt]: Applying algorithm 'run_learner' on problem 'a63d756aec4c60c1' for job 2096 (seed = 2097) ...
INFO  [17:07:26.332] [mlr3] Applying learner 'classif.ranger.tuned_calib.oof_platt' on task 'pc1' (iter 6/10)
INFO  [17:07:26.383] [bbotk] Starting to optimize 1 parameter(s) with '<OptimizerBatchRandomSearch>' and '<TerminatorEvals> [n_evals=3, k=0]'
INFO  [17:07:26.390] [bbotk] Evaluating 1 configuration(s)
INFO  [17:07:26.678] [bbotk] Result of batch 1:
INFO  [17:07:26.680] [bbotk]  num.trees classif.ce warnings errors runtime_learners
INFO  [17:07:26.680] [bbotk]        473  0.0726817        0      0            0.247
INFO  [17:07:26.680] [bbotk]                                 uhash
INFO  [17:07:26.680] [bbotk]  4b96d078-a7fd-4944-9aa9-51853240da83
INFO  [17:07:26.683] [bbotk] Evaluating 1 configuration(s)
INFO  [17:07:26.824] [bbotk] Result of batch 2:
INFO  [17:07:26.825] [bbotk]  num.trees classif.ce warnings errors runtime_learners
INFO  [17:07:26.825] [bbotk]        100 0.07518797        0      0            0.077
INFO  [17:07:26.825] [bbotk]                                 uhash
INFO  [17:07:26.825] [bbotk]  f6aaab3a-b3d2-410a-bf3c-59ccebcc42fd
INFO  [17:07:26.828] [bbotk] Evaluating 1 configuration(s)
INFO  [17:07:27.113] [bbotk] Result of batch 3:
INFO  [17:07:27.114] [bbotk]  num.trees classif.ce warnings errors runtime_learners
INFO  [17:07:27.114] [bbotk]        463 0.07142857        0      0            0.242
INFO  [17:07:27.114] [bbotk]                                 uhash
INFO  [17:07:27.114] [bbotk]  9fd7b417-fdd6-4618-8454-e443c8aebee3
INFO  [17:07:27.123] [bbotk] Finished optimizing after 3 evaluation(s)
INFO  [17:07:27.123] [bbotk] Result:
INFO  [17:07:27.125] [bbotk]  num.trees learner_param_vals  x_domain classif.ce
INFO  [17:07:27.125] [bbotk]      <int>             <list>    <list>      <num>
INFO  [17:07:27.125] [bbotk]        463          <list[2]> <list[1]> 0.07142857
INFO  [17:07:27.295] [bbotk] Starting to optimize 1 parameter(s) with '<OptimizerBatchRandomSearch>' and '<TerminatorEvals> [n_evals=3, k=0]'
INFO  [17:07:27.300] [bbotk] Evaluating 1 configuration(s)
INFO  [17:07:27.415] [bbotk] Result of batch 1:
INFO  [17:07:27.416] [bbotk]  num.trees classif.ce warnings errors runtime_learners
INFO  [17:07:27.416] [bbotk]        100  0.0764411        0      0            0.074
INFO  [17:07:27.416] [bbotk]                                 uhash
INFO  [17:07:27.416] [bbotk]  e8f781c4-d3b4-4c3e-bbf1-820bcddcf67a
INFO  [17:07:27.419] [bbotk] Evaluating 1 configuration(s)
INFO  [17:07:27.615] [bbotk] Result of batch 2:
INFO  [17:07:27.617] [bbotk]  num.trees classif.ce warnings errors runtime_learners
INFO  [17:07:27.617] [bbotk]        215 0.07017544        0      0            0.137
INFO  [17:07:27.617] [bbotk]                                 uhash
INFO  [17:07:27.617] [bbotk]  3c6a8959-616e-4100-a259-216c1140b52c
INFO  [17:07:27.621] [bbotk] Evaluating 1 configuration(s)
INFO  [17:07:27.753] [bbotk] Result of batch 3:
INFO  [17:07:27.755] [bbotk]  num.trees classif.ce warnings errors runtime_learners
INFO  [17:07:27.755] [bbotk]        108 0.07142857        0      0            0.075
INFO  [17:07:27.755] [bbotk]                                 uhash
INFO  [17:07:27.755] [bbotk]  f71818eb-fd8d-4cd7-9ff8-35b804092925
INFO  [17:07:27.768] [bbotk] Finished optimizing after 3 evaluation(s)
INFO  [17:07:27.768] [bbotk] Result:
INFO  [17:07:27.769] [bbotk]  num.trees learner_param_vals  x_domain classif.ce
INFO  [17:07:27.769] [bbotk]      <int>             <list>    <list>      <num>
INFO  [17:07:27.769] [bbotk]        215          <list[2]> <list[1]> 0.07017544
INFO  [17:07:27.875] [bbotk] Starting to optimize 1 parameter(s) with '<OptimizerBatchRandomSearch>' and '<TerminatorEvals> [n_evals=3, k=0]'
INFO  [17:07:27.879] [bbotk] Evaluating 1 configuration(s)
INFO  [17:07:28.001] [bbotk] Result of batch 1:
INFO  [17:07:28.005] [bbotk]  num.trees classif.ce warnings errors runtime_learners
INFO  [17:07:28.005] [bbotk]        101 0.06390977        0      0            0.076
INFO  [17:07:28.005] [bbotk]                                 uhash
INFO  [17:07:28.005] [bbotk]  4c9e521c-bae2-4a1e-968e-c34c6ddf0db7
INFO  [17:07:28.011] [bbotk] Evaluating 1 configuration(s)
INFO  [17:07:28.284] [bbotk] Result of batch 2:
INFO  [17:07:28.285] [bbotk]  num.trees classif.ce warnings errors runtime_learners
INFO  [17:07:28.285] [bbotk]        392 0.06140351        0      0             0.23
INFO  [17:07:28.285] [bbotk]                                 uhash
INFO  [17:07:28.285] [bbotk]  d0a59814-1dcb-41e1-9838-ef5a184efe67
INFO  [17:07:28.287] [bbotk] Evaluating 1 configuration(s)
INFO  [17:07:28.565] [bbotk] Result of batch 3:
INFO  [17:07:28.579] [bbotk]  num.trees classif.ce warnings errors runtime_learners
INFO  [17:07:28.579] [bbotk]        247 0.06390977        0      0            0.203
INFO  [17:07:28.579] [bbotk]                                 uhash
INFO  [17:07:28.579] [bbotk]  94573b59-5d9e-4e17-9186-5b3b284c8552
INFO  [17:07:28.625] [bbotk] Finished optimizing after 3 evaluation(s)
INFO  [17:07:28.631] [bbotk] Result:
INFO  [17:07:28.635] [bbotk]  num.trees learner_param_vals  x_domain classif.ce
INFO  [17:07:28.635] [bbotk]      <int>             <list>    <list>      <num>
INFO  [17:07:28.635] [bbotk]        392          <list[2]> <list[1]> 0.06140351
INFO  [17:07:28.841] [bbotk] Starting to optimize 1 parameter(s) with '<OptimizerBatchRandomSearch>' and '<TerminatorEvals> [n_evals=3, k=0]'
INFO  [17:07:28.852] [bbotk] Evaluating 1 configuration(s)
INFO  [17:07:29.014] [bbotk] Result of batch 1:
INFO  [17:07:29.015] [bbotk]  num.trees classif.ce warnings errors runtime_learners
INFO  [17:07:29.015] [bbotk]        135 0.06880966        0      0            0.091
INFO  [17:07:29.015] [bbotk]                                 uhash
INFO  [17:07:29.015] [bbotk]  200908d2-9eaa-487c-8e3b-57e06e7a7ad9
INFO  [17:07:29.017] [bbotk] Evaluating 1 configuration(s)
INFO  [17:07:29.298] [bbotk] Result of batch 2:
INFO  [17:07:29.299] [bbotk]  num.trees classif.ce warnings errors runtime_learners
INFO  [17:07:29.299] [bbotk]        374 0.06631279        0      0            0.226
INFO  [17:07:29.299] [bbotk]                                 uhash
INFO  [17:07:29.299] [bbotk]  0d3b532a-ec9a-4bee-946d-ab9b785bada4
INFO  [17:07:29.302] [bbotk] Evaluating 1 configuration(s)
INFO  [17:07:29.496] [bbotk] Result of batch 3:
INFO  [17:07:29.497] [bbotk]  num.trees classif.ce warnings errors runtime_learners
INFO  [17:07:29.497] [bbotk]        235 0.06381121        0      0            0.146
INFO  [17:07:29.497] [bbotk]                                 uhash
INFO  [17:07:29.497] [bbotk]  19543ddd-4d7a-41fc-b9eb-5c5de81efa25
INFO  [17:07:29.506] [bbotk] Finished optimizing after 3 evaluation(s)
INFO  [17:07:29.506] [bbotk] Result:
INFO  [17:07:29.507] [bbotk]  num.trees learner_param_vals  x_domain classif.ce
INFO  [17:07:29.507] [bbotk]      <int>             <list>    <list>      <num>
INFO  [17:07:29.507] [bbotk]        235          <list[2]> <list[1]> 0.06381121
INFO  [17:07:29.683] [bbotk] Starting to optimize 1 parameter(s) with '<OptimizerBatchRandomSearch>' and '<TerminatorEvals> [n_evals=3, k=0]'
INFO  [17:07:29.697] [bbotk] Evaluating 1 configuration(s)
INFO  [17:07:29.927] [bbotk] Result of batch 1:
INFO  [17:07:29.929] [bbotk]  num.trees classif.ce warnings errors runtime_learners
INFO  [17:07:29.929] [bbotk]        337 0.06379713        0      0            0.178
INFO  [17:07:29.929] [bbotk]                                 uhash
INFO  [17:07:29.929] [bbotk]  a48c9705-f535-4b69-8e24-b96dd4e5079a
INFO  [17:07:29.934] [bbotk] Evaluating 1 configuration(s)
INFO  [17:07:30.181] [bbotk] Result of batch 2:
INFO  [17:07:30.182] [bbotk]  num.trees classif.ce warnings errors runtime_learners
INFO  [17:07:30.182] [bbotk]        372 0.06505027        0      0            0.201
INFO  [17:07:30.182] [bbotk]                                 uhash
INFO  [17:07:30.182] [bbotk]  640b323a-e4ea-4fae-a589-0e2564877710
INFO  [17:07:30.186] [bbotk] Evaluating 1 configuration(s)
INFO  [17:07:30.331] [bbotk] Result of batch 3:
INFO  [17:07:30.332] [bbotk]  num.trees classif.ce warnings errors runtime_learners
INFO  [17:07:30.332] [bbotk]        174  0.0663034        0      0            0.108
INFO  [17:07:30.332] [bbotk]                                 uhash
INFO  [17:07:30.332] [bbotk]  48afbac5-b347-4133-b423-8ff45bdaba2e
INFO  [17:07:30.339] [bbotk] Finished optimizing after 3 evaluation(s)
INFO  [17:07:30.339] [bbotk] Result:
INFO  [17:07:30.339] [bbotk]  num.trees learner_param_vals  x_domain classif.ce
INFO  [17:07:30.339] [bbotk]      <int>             <list>    <list>      <num>
INFO  [17:07:30.339] [bbotk]        337          <list[2]> <list[1]> 0.06379713

### [bt]: Job terminated successfully [batchtools job.id=2096]
### [bt]: Starting job [batchtools job.id=2097]
### [bt]: Generating problem instance for problem 'a63d756aec4c60c1' ...
### [bt]: Applying algorithm 'run_learner' on problem 'a63d756aec4c60c1' for job 2097 (seed = 2098) ...
INFO  [17:07:30.625] [mlr3] Applying learner 'classif.ranger.tuned_calib.oof_platt' on task 'pc1' (iter 7/10)
INFO  [17:07:30.683] [bbotk] Starting to optimize 1 parameter(s) with '<OptimizerBatchRandomSearch>' and '<TerminatorEvals> [n_evals=3, k=0]'
INFO  [17:07:30.690] [bbotk] Evaluating 1 configuration(s)
INFO  [17:07:30.967] [bbotk] Result of batch 1:
INFO  [17:07:30.969] [bbotk]  num.trees classif.ce warnings errors runtime_learners
INFO  [17:07:30.969] [bbotk]        375 0.07393484        0      0            0.233
INFO  [17:07:30.969] [bbotk]                                 uhash
INFO  [17:07:30.969] [bbotk]  1123674f-12af-4751-b043-aadc5190880f
INFO  [17:07:30.975] [bbotk] Evaluating 1 configuration(s)
INFO  [17:07:31.230] [bbotk] Result of batch 2:
INFO  [17:07:31.231] [bbotk]  num.trees classif.ce warnings errors runtime_learners
INFO  [17:07:31.231] [bbotk]        417  0.0726817        0      0            0.213
INFO  [17:07:31.231] [bbotk]                                 uhash
INFO  [17:07:31.231] [bbotk]  fb641aad-b9bd-48e4-b752-615a437a2092
INFO  [17:07:31.233] [bbotk] Evaluating 1 configuration(s)
INFO  [17:07:31.539] [bbotk] Result of batch 3:
INFO  [17:07:31.540] [bbotk]  num.trees classif.ce warnings errors runtime_learners
INFO  [17:07:31.540] [bbotk]        480 0.07393484        0      0            0.256
INFO  [17:07:31.540] [bbotk]                                 uhash
INFO  [17:07:31.540] [bbotk]  2a0f5060-d4d1-4f1c-be92-cd5e6bbe32a4
INFO  [17:07:31.548] [bbotk] Finished optimizing after 3 evaluation(s)
INFO  [17:07:31.548] [bbotk] Result:
INFO  [17:07:31.549] [bbotk]  num.trees learner_param_vals  x_domain classif.ce
INFO  [17:07:31.549] [bbotk]      <int>             <list>    <list>      <num>
INFO  [17:07:31.549] [bbotk]        417          <list[2]> <list[1]>  0.0726817
INFO  [17:07:31.687] [bbotk] Starting to optimize 1 parameter(s) with '<OptimizerBatchRandomSearch>' and '<TerminatorEvals> [n_evals=3, k=0]'
INFO  [17:07:31.691] [bbotk] Evaluating 1 configuration(s)
INFO  [17:07:31.829] [bbotk] Result of batch 1:
INFO  [17:07:31.830] [bbotk]  num.trees classif.ce warnings errors runtime_learners
INFO  [17:07:31.830] [bbotk]        126 0.06265664        0      0            0.102
INFO  [17:07:31.830] [bbotk]                                 uhash
INFO  [17:07:31.830] [bbotk]  55fac795-5ba6-4283-b1ed-78dd8d14afb7
INFO  [17:07:31.833] [bbotk] Evaluating 1 configuration(s)
INFO  [17:07:32.118] [bbotk] Result of batch 2:
INFO  [17:07:32.120] [bbotk]  num.trees classif.ce warnings errors runtime_learners
INFO  [17:07:32.120] [bbotk]        442 0.06140351        0      0            0.239
INFO  [17:07:32.120] [bbotk]                                 uhash
INFO  [17:07:32.120] [bbotk]  8d6fb5f0-49c6-4c5c-bd2b-8f09a2bf4a4f
INFO  [17:07:32.122] [bbotk] Evaluating 1 configuration(s)
INFO  [17:07:32.414] [bbotk] Result of batch 3:
INFO  [17:07:32.416] [bbotk]  num.trees classif.ce warnings errors runtime_learners
INFO  [17:07:32.416] [bbotk]        408 0.06140351        0      0            0.247
INFO  [17:07:32.416] [bbotk]                                 uhash
INFO  [17:07:32.416] [bbotk]  ee09fb05-8e85-4cef-9f92-d0c8e4143a32
INFO  [17:07:32.438] [bbotk] Finished optimizing after 3 evaluation(s)
INFO  [17:07:32.438] [bbotk] Result:
INFO  [17:07:32.439] [bbotk]  num.trees learner_param_vals  x_domain classif.ce
INFO  [17:07:32.439] [bbotk]      <int>             <list>    <list>      <num>
INFO  [17:07:32.439] [bbotk]        442          <list[2]> <list[1]> 0.06140351
INFO  [17:07:32.613] [bbotk] Starting to optimize 1 parameter(s) with '<OptimizerBatchRandomSearch>' and '<TerminatorEvals> [n_evals=3, k=0]'
INFO  [17:07:32.618] [bbotk] Evaluating 1 configuration(s)
INFO  [17:07:32.875] [bbotk] Result of batch 1:
INFO  [17:07:32.876] [bbotk]  num.trees classif.ce warnings errors runtime_learners
INFO  [17:07:32.876] [bbotk]        374 0.06015038        0      0            0.224
INFO  [17:07:32.876] [bbotk]                                 uhash
INFO  [17:07:32.876] [bbotk]  8406bcff-3b32-4787-a29e-6b69a25223ad
INFO  [17:07:32.878] [bbotk] Evaluating 1 configuration(s)
INFO  [17:07:33.122] [bbotk] Result of batch 2:
INFO  [17:07:33.123] [bbotk]  num.trees classif.ce warnings errors runtime_learners
INFO  [17:07:33.123] [bbotk]        363 0.06140351        0      0            0.205
INFO  [17:07:33.123] [bbotk]                                 uhash
INFO  [17:07:33.123] [bbotk]  69c482cf-3ffb-4357-ba37-dc299d25a998
INFO  [17:07:33.125] [bbotk] Evaluating 1 configuration(s)
INFO  [17:07:33.260] [bbotk] Result of batch 3:
INFO  [17:07:33.264] [bbotk]  num.trees classif.ce warnings errors runtime_learners
INFO  [17:07:33.264] [bbotk]        120 0.06015038        0      0            0.094
INFO  [17:07:33.264] [bbotk]                                 uhash
INFO  [17:07:33.264] [bbotk]  803b1568-f072-49f7-9606-c405a89091b9
INFO  [17:07:33.271] [bbotk] Finished optimizing after 3 evaluation(s)
INFO  [17:07:33.271] [bbotk] Result:
INFO  [17:07:33.272] [bbotk]  num.trees learner_param_vals  x_domain classif.ce
INFO  [17:07:33.272] [bbotk]      <int>             <list>    <list>      <num>
INFO  [17:07:33.272] [bbotk]        374          <list[2]> <list[1]> 0.06015038
INFO  [17:07:33.430] [bbotk] Starting to optimize 1 parameter(s) with '<OptimizerBatchRandomSearch>' and '<TerminatorEvals> [n_evals=3, k=0]'
INFO  [17:07:33.441] [bbotk] Evaluating 1 configuration(s)
INFO  [17:07:33.578] [bbotk] Result of batch 1:
INFO  [17:07:33.579] [bbotk]  num.trees classif.ce warnings errors runtime_learners
INFO  [17:07:33.579] [bbotk]        110 0.06261909        0      0            0.105
INFO  [17:07:33.579] [bbotk]                                 uhash
INFO  [17:07:33.579] [bbotk]  96101b8c-2372-45d0-b6bd-b907eae8c83f
INFO  [17:07:33.581] [bbotk] Evaluating 1 configuration(s)
INFO  [17:07:33.814] [bbotk] Result of batch 2:
INFO  [17:07:33.817] [bbotk]  num.trees classif.ce warnings errors runtime_learners
INFO  [17:07:33.817] [bbotk]        267 0.06512536        0      0            0.173
INFO  [17:07:33.817] [bbotk]                                 uhash
INFO  [17:07:33.817] [bbotk]  deec8511-f325-4fcc-b592-e8f04c76ecbb
INFO  [17:07:33.820] [bbotk] Evaluating 1 configuration(s)
INFO  [17:07:34.103] [bbotk] Result of batch 3:
INFO  [17:07:34.104] [bbotk]  num.trees classif.ce warnings errors runtime_learners
INFO  [17:07:34.104] [bbotk]        419 0.06261909        0      0            0.241
INFO  [17:07:34.104] [bbotk]                                 uhash
INFO  [17:07:34.104] [bbotk]  82308b21-929b-4b30-957c-4a6d8d16bf53
INFO  [17:07:34.114] [bbotk] Finished optimizing after 3 evaluation(s)
INFO  [17:07:34.115] [bbotk] Result:
INFO  [17:07:34.117] [bbotk]  num.trees learner_param_vals  x_domain classif.ce
INFO  [17:07:34.117] [bbotk]      <int>             <list>    <list>      <num>
INFO  [17:07:34.117] [bbotk]        110          <list[2]> <list[1]> 0.06261909
INFO  [17:07:34.213] [bbotk] Starting to optimize 1 parameter(s) with '<OptimizerBatchRandomSearch>' and '<TerminatorEvals> [n_evals=3, k=0]'
INFO  [17:07:34.219] [bbotk] Evaluating 1 configuration(s)
INFO  [17:07:34.355] [bbotk] Result of batch 1:
INFO  [17:07:34.356] [bbotk]  num.trees classif.ce warnings errors runtime_learners
INFO  [17:07:34.356] [bbotk]        143 0.05632527        0      0            0.092
INFO  [17:07:34.356] [bbotk]                                 uhash
INFO  [17:07:34.356] [bbotk]  a7c53639-28aa-4d69-a935-3246855feaba
INFO  [17:07:34.358] [bbotk] Evaluating 1 configuration(s)
INFO  [17:07:34.588] [bbotk] Result of batch 2:
INFO  [17:07:34.589] [bbotk]  num.trees classif.ce warnings errors runtime_learners
INFO  [17:07:34.589] [bbotk]        354 0.05631588        0      0            0.195
INFO  [17:07:34.589] [bbotk]                                 uhash
INFO  [17:07:34.589] [bbotk]  e494144f-c518-4a40-bdf5-333ae4d3bf35
INFO  [17:07:34.593] [bbotk] Evaluating 1 configuration(s)
INFO  [17:07:34.816] [bbotk] Result of batch 3:
INFO  [17:07:34.817] [bbotk]  num.trees classif.ce warnings errors runtime_learners
INFO  [17:07:34.817] [bbotk]        311 0.05631588        0      0            0.176
INFO  [17:07:34.817] [bbotk]                                 uhash
INFO  [17:07:34.817] [bbotk]  b0d88f93-d59a-4070-98af-05157676a89c
INFO  [17:07:34.834] [bbotk] Finished optimizing after 3 evaluation(s)
INFO  [17:07:34.835] [bbotk] Result:
INFO  [17:07:34.837] [bbotk]  num.trees learner_param_vals  x_domain classif.ce
INFO  [17:07:34.837] [bbotk]      <int>             <list>    <list>      <num>
INFO  [17:07:34.837] [bbotk]        354          <list[2]> <list[1]> 0.05631588

### [bt]: Job terminated successfully [batchtools job.id=2097]
### [bt]: Starting job [batchtools job.id=2098]
### [bt]: Generating problem instance for problem 'a63d756aec4c60c1' ...
### [bt]: Applying algorithm 'run_learner' on problem 'a63d756aec4c60c1' for job 2098 (seed = 2099) ...
INFO  [17:07:35.085] [mlr3] Applying learner 'classif.ranger.tuned_calib.oof_platt' on task 'pc1' (iter 8/10)
INFO  [17:07:35.125] [bbotk] Starting to optimize 1 parameter(s) with '<OptimizerBatchRandomSearch>' and '<TerminatorEvals> [n_evals=3, k=0]'
INFO  [17:07:35.132] [bbotk] Evaluating 1 configuration(s)
INFO  [17:07:35.317] [bbotk] Result of batch 1:
INFO  [17:07:35.319] [bbotk]  num.trees classif.ce warnings errors runtime_learners
INFO  [17:07:35.319] [bbotk]        160 0.05889724        0      0            0.125
INFO  [17:07:35.319] [bbotk]                                 uhash
INFO  [17:07:35.319] [bbotk]  4ea1a164-17cf-41b4-9793-dbe7b8432da2
INFO  [17:07:35.321] [bbotk] Evaluating 1 configuration(s)
INFO  [17:07:35.623] [bbotk] Result of batch 2:
INFO  [17:07:35.624] [bbotk]  num.trees classif.ce warnings errors runtime_learners
INFO  [17:07:35.624] [bbotk]        430 0.05889724        0      0             0.26
INFO  [17:07:35.624] [bbotk]                                 uhash
INFO  [17:07:35.624] [bbotk]  0d63ef12-15b7-4161-8290-63ed4dbaf592
INFO  [17:07:35.629] [bbotk] Evaluating 1 configuration(s)
INFO  [17:07:35.859] [bbotk] Result of batch 3:
INFO  [17:07:35.860] [bbotk]  num.trees classif.ce warnings errors runtime_learners
INFO  [17:07:35.860] [bbotk]        262 0.06015038        0      0             0.18
INFO  [17:07:35.860] [bbotk]                                 uhash
INFO  [17:07:35.860] [bbotk]  efe08240-17a7-4604-8713-6210e21f56a4
INFO  [17:07:35.866] [bbotk] Finished optimizing after 3 evaluation(s)
INFO  [17:07:35.867] [bbotk] Result:
INFO  [17:07:35.868] [bbotk]  num.trees learner_param_vals  x_domain classif.ce
INFO  [17:07:35.868] [bbotk]      <int>             <list>    <list>      <num>
INFO  [17:07:35.868] [bbotk]        160          <list[2]> <list[1]> 0.05889724
INFO  [17:07:35.970] [bbotk] Starting to optimize 1 parameter(s) with '<OptimizerBatchRandomSearch>' and '<TerminatorEvals> [n_evals=3, k=0]'
INFO  [17:07:35.987] [bbotk] Evaluating 1 configuration(s)
INFO  [17:07:36.251] [bbotk] Result of batch 1:
INFO  [17:07:36.252] [bbotk]  num.trees classif.ce warnings errors runtime_learners
INFO  [17:07:36.252] [bbotk]        338 0.07142857        0      0            0.198
INFO  [17:07:36.252] [bbotk]                                 uhash
INFO  [17:07:36.252] [bbotk]  6bea693e-6c2b-48d3-b85c-344936b553f6
INFO  [17:07:36.254] [bbotk] Evaluating 1 configuration(s)
INFO  [17:07:36.580] [bbotk] Result of batch 2:
INFO  [17:07:36.581] [bbotk]  num.trees classif.ce warnings errors runtime_learners
INFO  [17:07:36.581] [bbotk]        440 0.07017544        0      0            0.274
INFO  [17:07:36.581] [bbotk]                                 uhash
INFO  [17:07:36.581] [bbotk]  46ac3e92-440f-40b2-8cee-3b41803c053f
INFO  [17:07:36.583] [bbotk] Evaluating 1 configuration(s)
INFO  [17:07:36.896] [bbotk] Result of batch 3:
INFO  [17:07:36.897] [bbotk]  num.trees classif.ce warnings errors runtime_learners
INFO  [17:07:36.897] [bbotk]        440 0.07142857        0      0            0.256
INFO  [17:07:36.897] [bbotk]                                 uhash
INFO  [17:07:36.897] [bbotk]  33c3bde0-7a2a-4477-952e-cc80000d92d1
INFO  [17:07:36.904] [bbotk] Finished optimizing after 3 evaluation(s)
INFO  [17:07:36.904] [bbotk] Result:
INFO  [17:07:36.905] [bbotk]  num.trees learner_param_vals  x_domain classif.ce
INFO  [17:07:36.905] [bbotk]      <int>             <list>    <list>      <num>
INFO  [17:07:36.905] [bbotk]        440          <list[2]> <list[1]> 0.07017544
INFO  [17:07:37.074] [bbotk] Starting to optimize 1 parameter(s) with '<OptimizerBatchRandomSearch>' and '<TerminatorEvals> [n_evals=3, k=0]'
INFO  [17:07:37.081] [bbotk] Evaluating 1 configuration(s)
INFO  [17:07:37.257] [bbotk] Result of batch 1:
INFO  [17:07:37.282] [bbotk]  num.trees classif.ce warnings errors runtime_learners
INFO  [17:07:37.282] [bbotk]        204 0.05388471        0      0            0.126
INFO  [17:07:37.282] [bbotk]                                 uhash
INFO  [17:07:37.282] [bbotk]  8b686393-61f4-4725-af35-741eeaf3b49f
INFO  [17:07:37.289] [bbotk] Evaluating 1 configuration(s)
INFO  [17:07:37.602] [bbotk] Result of batch 2:
INFO  [17:07:37.603] [bbotk]  num.trees classif.ce warnings errors runtime_learners
INFO  [17:07:37.603] [bbotk]        443 0.05764411        0      0             0.27
INFO  [17:07:37.603] [bbotk]                                 uhash
INFO  [17:07:37.603] [bbotk]  41dbb177-eae7-4e9d-8d7c-7ed34fa4b8b2
INFO  [17:07:37.608] [bbotk] Evaluating 1 configuration(s)
INFO  [17:07:37.903] [bbotk] Result of batch 3:
INFO  [17:07:37.906] [bbotk]  num.trees classif.ce warnings errors runtime_learners
INFO  [17:07:37.906] [bbotk]        376 0.05388471        0      0            0.222
INFO  [17:07:37.906] [bbotk]                                 uhash
INFO  [17:07:37.906] [bbotk]  0f1af6c5-4bca-4bc8-b91d-9c44bb8a1c7b
INFO  [17:07:37.921] [bbotk] Finished optimizing after 3 evaluation(s)
INFO  [17:07:37.921] [bbotk] Result:
INFO  [17:07:37.922] [bbotk]  num.trees learner_param_vals  x_domain classif.ce
INFO  [17:07:37.922] [bbotk]      <int>             <list>    <list>      <num>
INFO  [17:07:37.922] [bbotk]        204          <list[2]> <list[1]> 0.05388471
INFO  [17:07:38.049] [bbotk] Starting to optimize 1 parameter(s) with '<OptimizerBatchRandomSearch>' and '<TerminatorEvals> [n_evals=3, k=0]'
INFO  [17:07:38.055] [bbotk] Evaluating 1 configuration(s)
INFO  [17:07:38.292] [bbotk] Result of batch 1:
INFO  [17:07:38.293] [bbotk]  num.trees classif.ce warnings errors runtime_learners
INFO  [17:07:38.293] [bbotk]        302 0.07636132        0      0            0.179
INFO  [17:07:38.293] [bbotk]                                 uhash
INFO  [17:07:38.293] [bbotk]  374758ef-c1a2-448f-afa5-086cb274f999
INFO  [17:07:38.295] [bbotk] Evaluating 1 configuration(s)
INFO  [17:07:38.422] [bbotk] Result of batch 2:
INFO  [17:07:38.422] [bbotk]  num.trees classif.ce warnings errors runtime_learners
INFO  [17:07:38.422] [bbotk]        112 0.07134878        0      0             0.08
INFO  [17:07:38.422] [bbotk]                                 uhash
INFO  [17:07:38.422] [bbotk]  b3599b01-2ae5-4179-b3db-76c909647da7
INFO  [17:07:38.427] [bbotk] Evaluating 1 configuration(s)
INFO  [17:07:38.680] [bbotk] Result of batch 3:
INFO  [17:07:38.682] [bbotk]  num.trees classif.ce warnings errors runtime_learners
INFO  [17:07:38.682] [bbotk]        391 0.07385036        0      0            0.204
INFO  [17:07:38.682] [bbotk]                                 uhash
INFO  [17:07:38.682] [bbotk]  fd10f16d-08e2-41d3-89e5-49f1f0eabc1a
INFO  [17:07:38.706] [bbotk] Finished optimizing after 3 evaluation(s)
INFO  [17:07:38.707] [bbotk] Result:
INFO  [17:07:38.708] [bbotk]  num.trees learner_param_vals  x_domain classif.ce
INFO  [17:07:38.708] [bbotk]      <int>             <list>    <list>      <num>
INFO  [17:07:38.708] [bbotk]        112          <list[2]> <list[1]> 0.07134878
INFO  [17:07:38.790] [bbotk] Starting to optimize 1 parameter(s) with '<OptimizerBatchRandomSearch>' and '<TerminatorEvals> [n_evals=3, k=0]'
INFO  [17:07:38.795] [bbotk] Evaluating 1 configuration(s)
INFO  [17:07:39.085] [bbotk] Result of batch 1:
INFO  [17:07:39.088] [bbotk]  num.trees classif.ce warnings errors runtime_learners
INFO  [17:07:39.088] [bbotk]        489 0.06132372        0      0            0.255
INFO  [17:07:39.088] [bbotk]                                 uhash
INFO  [17:07:39.088] [bbotk]  c37d2482-0875-42a7-86e7-062fb812c6f7
INFO  [17:07:39.094] [bbotk] Evaluating 1 configuration(s)
INFO  [17:07:39.252] [bbotk] Result of batch 2:
INFO  [17:07:39.253] [bbotk]  num.trees classif.ce warnings errors runtime_learners
INFO  [17:07:39.253] [bbotk]        201 0.05882684        0      0            0.118
INFO  [17:07:39.253] [bbotk]                                 uhash
INFO  [17:07:39.253] [bbotk]  cd9d7500-a7d6-44bf-9e1b-00b6c1f51415
INFO  [17:07:39.256] [bbotk] Evaluating 1 configuration(s)
INFO  [17:07:39.501] [bbotk] Result of batch 3:
INFO  [17:07:39.504] [bbotk]  num.trees classif.ce warnings errors runtime_learners
INFO  [17:07:39.504] [bbotk]        342 0.06007528        0      0            0.196
INFO  [17:07:39.504] [bbotk]                                 uhash
INFO  [17:07:39.504] [bbotk]  0262ffe1-3dae-4f9d-9ff3-dffd9b34b255
INFO  [17:07:39.516] [bbotk] Finished optimizing after 3 evaluation(s)
INFO  [17:07:39.517] [bbotk] Result:
INFO  [17:07:39.518] [bbotk]  num.trees learner_param_vals  x_domain classif.ce
INFO  [17:07:39.518] [bbotk]      <int>             <list>    <list>      <num>
INFO  [17:07:39.518] [bbotk]        201          <list[2]> <list[1]> 0.05882684

### [bt]: Job terminated successfully [batchtools job.id=2098]
### [bt]: Starting job [batchtools job.id=2099]
### [bt]: Generating problem instance for problem 'a63d756aec4c60c1' ...
### [bt]: Applying algorithm 'run_learner' on problem 'a63d756aec4c60c1' for job 2099 (seed = 2100) ...
INFO  [17:07:39.692] [mlr3] Applying learner 'classif.ranger.tuned_calib.oof_platt' on task 'pc1' (iter 9/10)
INFO  [17:07:39.724] [bbotk] Starting to optimize 1 parameter(s) with '<OptimizerBatchRandomSearch>' and '<TerminatorEvals> [n_evals=3, k=0]'
INFO  [17:07:39.735] [bbotk] Evaluating 1 configuration(s)
INFO  [17:07:39.942] [bbotk] Result of batch 1:
INFO  [17:07:39.944] [bbotk]  num.trees classif.ce warnings errors runtime_learners
INFO  [17:07:39.944] [bbotk]        270 0.05764411        0      0            0.166
INFO  [17:07:39.944] [bbotk]                                 uhash
INFO  [17:07:39.944] [bbotk]  f72d9e78-7b70-4a79-8bb9-c987da35b7de
INFO  [17:07:39.963] [bbotk] Evaluating 1 configuration(s)
INFO  [17:07:40.121] [bbotk] Result of batch 2:
INFO  [17:07:40.123] [bbotk]  num.trees classif.ce warnings errors runtime_learners
INFO  [17:07:40.123] [bbotk]        112 0.05513784        0      0            0.096
INFO  [17:07:40.123] [bbotk]                                 uhash
INFO  [17:07:40.123] [bbotk]  5dec9771-4303-4688-9974-bc38b5cc1ba7
INFO  [17:07:40.131] [bbotk] Evaluating 1 configuration(s)
INFO  [17:07:40.420] [bbotk] Result of batch 3:
INFO  [17:07:40.421] [bbotk]  num.trees classif.ce warnings errors runtime_learners
INFO  [17:07:40.421] [bbotk]        443 0.05764411        0      0            0.243
INFO  [17:07:40.421] [bbotk]                                 uhash
INFO  [17:07:40.421] [bbotk]  9a82617b-bf3b-4399-a46a-5a3cdea8776f
INFO  [17:07:40.427] [bbotk] Finished optimizing after 3 evaluation(s)
INFO  [17:07:40.428] [bbotk] Result:
INFO  [17:07:40.428] [bbotk]  num.trees learner_param_vals  x_domain classif.ce
INFO  [17:07:40.428] [bbotk]      <int>             <list>    <list>      <num>
INFO  [17:07:40.428] [bbotk]        112          <list[2]> <list[1]> 0.05513784
INFO  [17:07:40.508] [bbotk] Starting to optimize 1 parameter(s) with '<OptimizerBatchRandomSearch>' and '<TerminatorEvals> [n_evals=3, k=0]'
INFO  [17:07:40.516] [bbotk] Evaluating 1 configuration(s)
INFO  [17:07:40.799] [bbotk] Result of batch 1:
INFO  [17:07:40.802] [bbotk]  num.trees classif.ce warnings errors runtime_learners
INFO  [17:07:40.802] [bbotk]        340 0.06641604        0      0            0.199
INFO  [17:07:40.802] [bbotk]                                 uhash
INFO  [17:07:40.802] [bbotk]  d5a10b1b-486f-4351-a111-83cdf4679b14
INFO  [17:07:40.805] [bbotk] Evaluating 1 configuration(s)
INFO  [17:07:40.969] [bbotk] Result of batch 2:
INFO  [17:07:40.971] [bbotk]  num.trees classif.ce warnings errors runtime_learners
INFO  [17:07:40.971] [bbotk]        160 0.06766917        0      0            0.104
INFO  [17:07:40.971] [bbotk]                                 uhash
INFO  [17:07:40.971] [bbotk]  4325842e-5aad-4d1c-915e-bf97031f9efa
INFO  [17:07:40.973] [bbotk] Evaluating 1 configuration(s)
INFO  [17:07:41.156] [bbotk] Result of batch 3:
INFO  [17:07:41.157] [bbotk]  num.trees classif.ce warnings errors runtime_learners
INFO  [17:07:41.157] [bbotk]        224 0.07017544        0      0            0.146
INFO  [17:07:41.157] [bbotk]                                 uhash
INFO  [17:07:41.157] [bbotk]  07b5e0b9-1c4c-457a-a403-3577a107831d
INFO  [17:07:41.163] [bbotk] Finished optimizing after 3 evaluation(s)
INFO  [17:07:41.164] [bbotk] Result:
INFO  [17:07:41.164] [bbotk]  num.trees learner_param_vals  x_domain classif.ce
INFO  [17:07:41.164] [bbotk]      <int>             <list>    <list>      <num>
INFO  [17:07:41.164] [bbotk]        340          <list[2]> <list[1]> 0.06641604
INFO  [17:07:41.306] [bbotk] Starting to optimize 1 parameter(s) with '<OptimizerBatchRandomSearch>' and '<TerminatorEvals> [n_evals=3, k=0]'
INFO  [17:07:41.311] [bbotk] Evaluating 1 configuration(s)
INFO  [17:07:41.788] [bbotk] Result of batch 1:
INFO  [17:07:41.789] [bbotk]  num.trees classif.ce warnings errors runtime_learners
INFO  [17:07:41.789] [bbotk]        260 0.06265664        0      0            0.149
INFO  [17:07:41.789] [bbotk]                                 uhash
INFO  [17:07:41.789] [bbotk]  f130bb15-4dc4-40a4-82dc-658af5693f93
INFO  [17:07:41.791] [bbotk] Evaluating 1 configuration(s)
INFO  [17:07:41.953] [bbotk] Result of batch 2:
INFO  [17:07:41.954] [bbotk]  num.trees classif.ce warnings errors runtime_learners
INFO  [17:07:41.954] [bbotk]        167 0.06390977        0      0            0.106
INFO  [17:07:41.954] [bbotk]                                 uhash
INFO  [17:07:41.954] [bbotk]  6a8c404b-9c5a-41a9-801a-ebbab2a0312d
INFO  [17:07:41.956] [bbotk] Evaluating 1 configuration(s)
INFO  [17:07:42.213] [bbotk] Result of batch 3:
INFO  [17:07:42.214] [bbotk]  num.trees classif.ce warnings errors runtime_learners
INFO  [17:07:42.214] [bbotk]        437 0.06390977        0      0            0.226
INFO  [17:07:42.214] [bbotk]                                 uhash
INFO  [17:07:42.214] [bbotk]  3831eea9-147c-4f89-b492-68bd1f3f5d00
INFO  [17:07:42.223] [bbotk] Finished optimizing after 3 evaluation(s)
INFO  [17:07:42.224] [bbotk] Result:
INFO  [17:07:42.225] [bbotk]  num.trees learner_param_vals  x_domain classif.ce
INFO  [17:07:42.225] [bbotk]      <int>             <list>    <list>      <num>
INFO  [17:07:42.225] [bbotk]        260          <list[2]> <list[1]> 0.06265664
INFO  [17:07:42.341] [bbotk] Starting to optimize 1 parameter(s) with '<OptimizerBatchRandomSearch>' and '<TerminatorEvals> [n_evals=3, k=0]'
INFO  [17:07:42.346] [bbotk] Evaluating 1 configuration(s)
INFO  [17:07:42.544] [bbotk] Result of batch 1:
INFO  [17:07:42.545] [bbotk]  num.trees classif.ce warnings errors runtime_learners
INFO  [17:07:42.545] [bbotk]        297 0.06008936        0      0             0.16
INFO  [17:07:42.545] [bbotk]                                 uhash
INFO  [17:07:42.545] [bbotk]  61b92773-c3d7-4f26-aa6c-eb95e4644b5d
INFO  [17:07:42.547] [bbotk] Evaluating 1 configuration(s)
INFO  [17:07:42.824] [bbotk] Result of batch 2:
INFO  [17:07:42.825] [bbotk]  num.trees classif.ce warnings errors runtime_learners
INFO  [17:07:42.825] [bbotk]        449 0.05883623        0      0            0.229
INFO  [17:07:42.825] [bbotk]                                 uhash
INFO  [17:07:42.825] [bbotk]  4ae99ca5-051c-454f-9f45-d44247b01d7f
INFO  [17:07:42.828] [bbotk] Evaluating 1 configuration(s)
INFO  [17:07:43.120] [bbotk] Result of batch 3:
INFO  [17:07:43.121] [bbotk]  num.trees classif.ce warnings errors runtime_learners
INFO  [17:07:43.121] [bbotk]        433 0.05883623        0      0            0.245
INFO  [17:07:43.121] [bbotk]                                 uhash
INFO  [17:07:43.121] [bbotk]  bf6906a5-5b90-4bb3-9239-2c39f42ee273
INFO  [17:07:43.127] [bbotk] Finished optimizing after 3 evaluation(s)
INFO  [17:07:43.127] [bbotk] Result:
INFO  [17:07:43.128] [bbotk]  num.trees learner_param_vals  x_domain classif.ce
INFO  [17:07:43.128] [bbotk]      <int>             <list>    <list>      <num>
INFO  [17:07:43.128] [bbotk]        449          <list[2]> <list[1]> 0.05883623
INFO  [17:07:43.275] [bbotk] Starting to optimize 1 parameter(s) with '<OptimizerBatchRandomSearch>' and '<TerminatorEvals> [n_evals=3, k=0]'
INFO  [17:07:43.279] [bbotk] Evaluating 1 configuration(s)
INFO  [17:07:43.558] [bbotk] Result of batch 1:
INFO  [17:07:43.559] [bbotk]  num.trees classif.ce warnings errors runtime_learners
INFO  [17:07:43.559] [bbotk]        471 0.06382999        0      0            0.244
INFO  [17:07:43.559] [bbotk]                                 uhash
INFO  [17:07:43.559] [bbotk]  8a876db9-2199-46ae-a903-cbaf7b7bed00
INFO  [17:07:43.563] [bbotk] Evaluating 1 configuration(s)
INFO  [17:07:43.730] [bbotk] Result of batch 2:
INFO  [17:07:43.731] [bbotk]  num.trees classif.ce warnings errors runtime_learners
INFO  [17:07:43.731] [bbotk]        225 0.06508312        0      0            0.126
INFO  [17:07:43.731] [bbotk]                                 uhash
INFO  [17:07:43.731] [bbotk]  5089d740-2b82-4f6a-8da5-4dcf05d9b58b
INFO  [17:07:43.733] [bbotk] Evaluating 1 configuration(s)
INFO  [17:07:43.849] [bbotk] Result of batch 3:
INFO  [17:07:43.850] [bbotk]  num.trees classif.ce warnings errors runtime_learners
INFO  [17:07:43.850] [bbotk]        103 0.06508312        0      0            0.071
INFO  [17:07:43.850] [bbotk]                                 uhash
INFO  [17:07:43.850] [bbotk]  549d1ee2-497c-4451-9e1d-f8d7736bc9eb
INFO  [17:07:43.863] [bbotk] Finished optimizing after 3 evaluation(s)
INFO  [17:07:43.863] [bbotk] Result:
INFO  [17:07:43.863] [bbotk]  num.trees learner_param_vals  x_domain classif.ce
INFO  [17:07:43.863] [bbotk]      <int>             <list>    <list>      <num>
INFO  [17:07:43.863] [bbotk]        471          <list[2]> <list[1]> 0.06382999

### [bt]: Job terminated successfully [batchtools job.id=2099]
### [bt]: Starting job [batchtools job.id=2100]
### [bt]: Generating problem instance for problem 'a63d756aec4c60c1' ...
### [bt]: Applying algorithm 'run_learner' on problem 'a63d756aec4c60c1' for job 2100 (seed = 2101) ...
INFO  [17:07:44.125] [mlr3] Applying learner 'classif.ranger.tuned_calib.oof_platt' on task 'pc1' (iter 10/10)
INFO  [17:07:44.186] [bbotk] Starting to optimize 1 parameter(s) with '<OptimizerBatchRandomSearch>' and '<TerminatorEvals> [n_evals=3, k=0]'
INFO  [17:07:44.204] [bbotk] Evaluating 1 configuration(s)
INFO  [17:07:44.395] [bbotk] Result of batch 1:
INFO  [17:07:44.397] [bbotk]  num.trees classif.ce warnings errors runtime_learners
INFO  [17:07:44.397] [bbotk]        253 0.06007998        0      0            0.143
INFO  [17:07:44.397] [bbotk]                                 uhash
INFO  [17:07:44.397] [bbotk]  678a210c-7029-43d6-af67-9f7184b5e7fa
INFO  [17:07:44.400] [bbotk] Evaluating 1 configuration(s)
INFO  [17:07:44.638] [bbotk] Result of batch 2:
INFO  [17:07:44.640] [bbotk]  num.trees classif.ce warnings errors runtime_learners
INFO  [17:07:44.640] [bbotk]        340 0.06133311        0      0            0.194
INFO  [17:07:44.640] [bbotk]                                 uhash
INFO  [17:07:44.640] [bbotk]  b1b5174d-66da-498d-8d1b-5c724ebb2431
INFO  [17:07:44.649] [bbotk] Evaluating 1 configuration(s)
INFO  [17:07:44.964] [bbotk] Result of batch 3:
INFO  [17:07:44.965] [bbotk]  num.trees classif.ce warnings errors runtime_learners
INFO  [17:07:44.965] [bbotk]        471 0.06132841        0      0            0.266
INFO  [17:07:44.965] [bbotk]                                 uhash
INFO  [17:07:44.965] [bbotk]  fa1794bb-dbdf-4745-8795-426d3978b96f
INFO  [17:07:44.975] [bbotk] Finished optimizing after 3 evaluation(s)
INFO  [17:07:44.975] [bbotk] Result:
INFO  [17:07:44.976] [bbotk]  num.trees learner_param_vals  x_domain classif.ce
INFO  [17:07:44.976] [bbotk]      <int>             <list>    <list>      <num>
INFO  [17:07:44.976] [bbotk]        253          <list[2]> <list[1]> 0.06007998
INFO  [17:07:45.106] [bbotk] Starting to optimize 1 parameter(s) with '<OptimizerBatchRandomSearch>' and '<TerminatorEvals> [n_evals=3, k=0]'
INFO  [17:07:45.114] [bbotk] Evaluating 1 configuration(s)
INFO  [17:07:45.272] [bbotk] Result of batch 1:
INFO  [17:07:45.273] [bbotk]  num.trees classif.ce warnings errors runtime_learners
INFO  [17:07:45.273] [bbotk]        183 0.05882684        0      0            0.113
INFO  [17:07:45.273] [bbotk]                                 uhash
INFO  [17:07:45.273] [bbotk]  bbb4c57e-9084-4aaf-b7f2-c6e73abc2ec4
INFO  [17:07:45.275] [bbotk] Evaluating 1 configuration(s)
INFO  [17:07:45.436] [bbotk] Result of batch 2:
INFO  [17:07:45.440] [bbotk]  num.trees classif.ce warnings errors runtime_learners
INFO  [17:07:45.440] [bbotk]        235 0.06007528        0      0            0.115
INFO  [17:07:45.440] [bbotk]                                 uhash
INFO  [17:07:45.440] [bbotk]  b3f62023-53fa-4661-add5-1aa9c3e2db69
INFO  [17:07:45.443] [bbotk] Evaluating 1 configuration(s)
INFO  [17:07:45.729] [bbotk] Result of batch 3:
INFO  [17:07:45.736] [bbotk]  num.trees classif.ce warnings errors runtime_learners
INFO  [17:07:45.736] [bbotk]        440 0.05882684        0      0            0.234
INFO  [17:07:45.736] [bbotk]                                 uhash
INFO  [17:07:45.736] [bbotk]  55114243-c462-42e7-b5dc-d4936da7b094
INFO  [17:07:45.743] [bbotk] Finished optimizing after 3 evaluation(s)
INFO  [17:07:45.743] [bbotk] Result:
INFO  [17:07:45.744] [bbotk]  num.trees learner_param_vals  x_domain classif.ce
INFO  [17:07:45.744] [bbotk]      <int>             <list>    <list>      <num>
INFO  [17:07:45.744] [bbotk]        183          <list[2]> <list[1]> 0.05882684
INFO  [17:07:45.831] [bbotk] Starting to optimize 1 parameter(s) with '<OptimizerBatchRandomSearch>' and '<TerminatorEvals> [n_evals=3, k=0]'
INFO  [17:07:45.835] [bbotk] Evaluating 1 configuration(s)
INFO  [17:07:46.051] [bbotk] Result of batch 1:
INFO  [17:07:46.054] [bbotk]  num.trees classif.ce warnings errors runtime_learners
INFO  [17:07:46.054] [bbotk]        320 0.06133311        0      0            0.179
INFO  [17:07:46.054] [bbotk]                                 uhash
INFO  [17:07:46.054] [bbotk]  be4db7ed-aa7e-4dfc-904a-9f9433486e41
INFO  [17:07:46.057] [bbotk] Evaluating 1 configuration(s)
INFO  [17:07:46.255] [bbotk] Result of batch 2:
INFO  [17:07:46.255] [bbotk]  num.trees classif.ce warnings errors runtime_learners
INFO  [17:07:46.255] [bbotk]        315 0.06258155        0      0            0.157
INFO  [17:07:46.255] [bbotk]                                 uhash
INFO  [17:07:46.255] [bbotk]  2dd21cae-9f60-4a54-affa-d0a5370e707c
INFO  [17:07:46.257] [bbotk] Evaluating 1 configuration(s)
INFO  [17:07:46.498] [bbotk] Result of batch 3:
INFO  [17:07:46.498] [bbotk]  num.trees classif.ce warnings errors runtime_learners
INFO  [17:07:46.498] [bbotk]        332 0.06007998        0      0            0.195
INFO  [17:07:46.498] [bbotk]                                 uhash
INFO  [17:07:46.498] [bbotk]  09f0a296-8f0f-4b23-b8ba-828de2f1cc99
INFO  [17:07:46.509] [bbotk] Finished optimizing after 3 evaluation(s)
INFO  [17:07:46.510] [bbotk] Result:
INFO  [17:07:46.511] [bbotk]  num.trees learner_param_vals  x_domain classif.ce
INFO  [17:07:46.511] [bbotk]      <int>             <list>    <list>      <num>
INFO  [17:07:46.511] [bbotk]        332          <list[2]> <list[1]> 0.06007998
INFO  [17:07:46.636] [bbotk] Starting to optimize 1 parameter(s) with '<OptimizerBatchRandomSearch>' and '<TerminatorEvals> [n_evals=3, k=0]'
INFO  [17:07:46.641] [bbotk] Evaluating 1 configuration(s)
INFO  [17:07:46.921] [bbotk] Result of batch 1:
INFO  [17:07:46.922] [bbotk]  num.trees classif.ce warnings errors runtime_learners
INFO  [17:07:46.922] [bbotk]        496 0.06256747        0      0            0.249
INFO  [17:07:46.922] [bbotk]                                 uhash
INFO  [17:07:46.922] [bbotk]  3861b796-432b-4efe-b6d2-a5de7dac14af
INFO  [17:07:46.924] [bbotk] Evaluating 1 configuration(s)
INFO  [17:07:47.105] [bbotk] Result of batch 2:
INFO  [17:07:47.106] [bbotk]  num.trees classif.ce warnings errors runtime_learners
INFO  [17:07:47.106] [bbotk]        286 0.06131903        0      0             0.14
INFO  [17:07:47.106] [bbotk]                                 uhash
INFO  [17:07:47.106] [bbotk]  5ba4a83f-a690-4dc8-9e82-66ad3e70d0a6
INFO  [17:07:47.108] [bbotk] Evaluating 1 configuration(s)
INFO  [17:07:47.337] [bbotk] Result of batch 3:
INFO  [17:07:47.338] [bbotk]  num.trees classif.ce warnings errors runtime_learners
INFO  [17:07:47.338] [bbotk]        368 0.06132372        0      0            0.177
INFO  [17:07:47.338] [bbotk]                                 uhash
INFO  [17:07:47.338] [bbotk]  3be986e4-c13b-44e6-bd96-00a5618c4ae9
INFO  [17:07:47.348] [bbotk] Finished optimizing after 3 evaluation(s)
INFO  [17:07:47.349] [bbotk] Result:
INFO  [17:07:47.349] [bbotk]  num.trees learner_param_vals  x_domain classif.ce
INFO  [17:07:47.349] [bbotk]      <int>             <list>    <list>      <num>
INFO  [17:07:47.349] [bbotk]        286          <list[2]> <list[1]> 0.06131903
INFO  [17:07:47.468] [bbotk] Starting to optimize 1 parameter(s) with '<OptimizerBatchRandomSearch>' and '<TerminatorEvals> [n_evals=3, k=0]'
INFO  [17:07:47.472] [bbotk] Evaluating 1 configuration(s)
INFO  [17:07:47.620] [bbotk] Result of batch 1:
INFO  [17:07:47.621] [bbotk]  num.trees classif.ce warnings errors runtime_learners
INFO  [17:07:47.621] [bbotk]        139 0.06497987        0      0            0.097
INFO  [17:07:47.621] [bbotk]                                 uhash
INFO  [17:07:47.621] [bbotk]  5cdf072f-db83-4ecc-8f19-c322f641c06d
INFO  [17:07:47.626] [bbotk] Evaluating 1 configuration(s)
INFO  [17:07:47.851] [bbotk] Result of batch 2:
INFO  [17:07:47.852] [bbotk]  num.trees classif.ce warnings errors runtime_learners
INFO  [17:07:47.852] [bbotk]        333 0.06123455        0      0            0.186
INFO  [17:07:47.852] [bbotk]                                 uhash
INFO  [17:07:47.852] [bbotk]  5d965bf1-f7e0-4b3f-9c85-33b9adfbf19f
INFO  [17:07:47.854] [bbotk] Evaluating 1 configuration(s)
INFO  [17:07:48.007] [bbotk] Result of batch 3:
INFO  [17:07:48.010] [bbotk]  num.trees classif.ce warnings errors runtime_learners
INFO  [17:07:48.010] [bbotk]        191 0.06497987        0      0             0.11
INFO  [17:07:48.010] [bbotk]                                 uhash
INFO  [17:07:48.010] [bbotk]  55720481-f81f-4130-9495-37139fcea53f
INFO  [17:07:48.026] [bbotk] Finished optimizing after 3 evaluation(s)
INFO  [17:07:48.027] [bbotk] Result:
INFO  [17:07:48.028] [bbotk]  num.trees learner_param_vals  x_domain classif.ce
INFO  [17:07:48.028] [bbotk]      <int>             <list>    <list>      <num>
INFO  [17:07:48.028] [bbotk]        333          <list[2]> <list[1]> 0.06123455

### [bt]: Job terminated successfully [batchtools job.id=2100]
### [bt]: Calculation finished!
