### [bt]: This is batchtools v0.9.17
### [bt]: Starting calculation of 5 jobs
### [bt]: Setting working directory to '/Users/User/Documents/Studium/Semester8/Hiwi/mlr3calibration/vignettes'
### [bt]: Memory measurement disabled
### [bt]: Starting job [batchtools job.id=2891]
### [bt]: Generating problem instance for problem '6390d9e81da17366' ...
### [bt]: Applying algorithm 'run_learner' on problem '6390d9e81da17366' for job 2891 (seed = 2892) ...
INFO  [17:24:20.862] [mlr3] Applying learner 'classif.ranger.tuned_calib.oof_isotonic' on task 'qsar-biodeg' (iter 1/10)
INFO  [17:24:20.937] [bbotk] Starting to optimize 1 parameter(s) with '<OptimizerBatchRandomSearch>' and '<TerminatorEvals> [n_evals=3, k=0]'
INFO  [17:24:20.942] [bbotk] Evaluating 1 configuration(s)
INFO  [17:24:21.400] [bbotk] Result of batch 1:
INFO  [17:24:21.402] [bbotk]  num.trees classif.ce warnings errors runtime_learners
INFO  [17:24:21.402] [bbotk]        495  0.1422925        0      0            0.412
INFO  [17:24:21.402] [bbotk]                                 uhash
INFO  [17:24:21.402] [bbotk]  53daebbf-739c-4d8c-bd11-7dcd332754c8
INFO  [17:24:21.407] [bbotk] Evaluating 1 configuration(s)
INFO  [17:24:21.620] [bbotk] Result of batch 2:
INFO  [17:24:21.620] [bbotk]  num.trees classif.ce warnings errors runtime_learners
INFO  [17:24:21.620] [bbotk]        205  0.1357049        0      0            0.167
INFO  [17:24:21.620] [bbotk]                                 uhash
INFO  [17:24:21.620] [bbotk]  f20049f3-9dc9-4b33-ab79-74fed5ac87db
INFO  [17:24:21.625] [bbotk] Evaluating 1 configuration(s)
INFO  [17:24:21.823] [bbotk] Result of batch 3:
INFO  [17:24:21.825] [bbotk]  num.trees classif.ce warnings errors runtime_learners
INFO  [17:24:21.825] [bbotk]        168  0.1383399        0      0            0.147
INFO  [17:24:21.825] [bbotk]                                 uhash
INFO  [17:24:21.825] [bbotk]  a1a39307-0ad8-44ba-8da4-fb25c3e4b5ff
INFO  [17:24:21.839] [bbotk] Finished optimizing after 3 evaluation(s)
INFO  [17:24:21.839] [bbotk] Result:
INFO  [17:24:21.840] [bbotk]  num.trees learner_param_vals  x_domain classif.ce
INFO  [17:24:21.840] [bbotk]      <int>             <list>    <list>      <num>
INFO  [17:24:21.840] [bbotk]        205          <list[2]> <list[1]>  0.1357049
INFO  [17:24:22.003] [bbotk] Starting to optimize 1 parameter(s) with '<OptimizerBatchRandomSearch>' and '<TerminatorEvals> [n_evals=3, k=0]'
INFO  [17:24:22.016] [bbotk] Evaluating 1 configuration(s)
INFO  [17:24:22.211] [bbotk] Result of batch 1:
INFO  [17:24:22.212] [bbotk]  num.trees classif.ce warnings errors runtime_learners
INFO  [17:24:22.212] [bbotk]        121    0.14361        0      0            0.122
INFO  [17:24:22.212] [bbotk]                                 uhash
INFO  [17:24:22.212] [bbotk]  b1999bdf-6d5e-4bd9-88cd-e15a9e5ee1bb
INFO  [17:24:22.219] [bbotk] Evaluating 1 configuration(s)
INFO  [17:24:22.629] [bbotk] Result of batch 2:
INFO  [17:24:22.630] [bbotk]  num.trees classif.ce warnings errors runtime_learners
INFO  [17:24:22.630] [bbotk]        384  0.1396574        0      0            0.348
INFO  [17:24:22.630] [bbotk]                                 uhash
INFO  [17:24:22.630] [bbotk]  08112764-26de-44d2-a2e7-e3069340ef83
INFO  [17:24:22.633] [bbotk] Evaluating 1 configuration(s)
INFO  [17:24:22.945] [bbotk] Result of batch 3:
INFO  [17:24:22.946] [bbotk]  num.trees classif.ce warnings errors runtime_learners
INFO  [17:24:22.946] [bbotk]        330  0.1449275        0      0            0.271
INFO  [17:24:22.946] [bbotk]                                 uhash
INFO  [17:24:22.946] [bbotk]  b4670d34-ed3d-4c98-8992-78110af40ea5
INFO  [17:24:22.954] [bbotk] Finished optimizing after 3 evaluation(s)
INFO  [17:24:22.955] [bbotk] Result:
INFO  [17:24:22.956] [bbotk]  num.trees learner_param_vals  x_domain classif.ce
INFO  [17:24:22.956] [bbotk]      <int>             <list>    <list>      <num>
INFO  [17:24:22.956] [bbotk]        384          <list[2]> <list[1]>  0.1396574
INFO  [17:24:23.154] [bbotk] Starting to optimize 1 parameter(s) with '<OptimizerBatchRandomSearch>' and '<TerminatorEvals> [n_evals=3, k=0]'
INFO  [17:24:23.159] [bbotk] Evaluating 1 configuration(s)
INFO  [17:24:23.387] [bbotk] Result of batch 1:
INFO  [17:24:23.388] [bbotk]  num.trees classif.ce warnings errors runtime_learners
INFO  [17:24:23.388] [bbotk]        190  0.1501976        0      0            0.177
INFO  [17:24:23.388] [bbotk]                                 uhash
INFO  [17:24:23.388] [bbotk]  351444ad-f2b8-44ba-926a-d3c823980049
INFO  [17:24:23.390] [bbotk] Evaluating 1 configuration(s)
INFO  [17:24:23.764] [bbotk] Result of batch 2:
INFO  [17:24:23.765] [bbotk]  num.trees classif.ce warnings errors runtime_learners
INFO  [17:24:23.765] [bbotk]        429  0.1422925        0      0            0.329
INFO  [17:24:23.765] [bbotk]                                 uhash
INFO  [17:24:23.765] [bbotk]  30b21880-4471-4729-aa59-a7836bb6eea7
INFO  [17:24:23.770] [bbotk] Evaluating 1 configuration(s)
INFO  [17:24:24.067] [bbotk] Result of batch 3:
INFO  [17:24:24.068] [bbotk]  num.trees classif.ce warnings errors runtime_learners
INFO  [17:24:24.068] [bbotk]        319    0.14361        0      0            0.257
INFO  [17:24:24.068] [bbotk]                                 uhash
INFO  [17:24:24.068] [bbotk]  5c231e37-9bf6-4a9f-be3c-c32ff8a90a63
INFO  [17:24:24.085] [bbotk] Finished optimizing after 3 evaluation(s)
INFO  [17:24:24.086] [bbotk] Result:
INFO  [17:24:24.087] [bbotk]  num.trees learner_param_vals  x_domain classif.ce
INFO  [17:24:24.087] [bbotk]      <int>             <list>    <list>      <num>
INFO  [17:24:24.087] [bbotk]        429          <list[2]> <list[1]>  0.1422925
INFO  [17:24:24.291] [bbotk] Starting to optimize 1 parameter(s) with '<OptimizerBatchRandomSearch>' and '<TerminatorEvals> [n_evals=3, k=0]'
INFO  [17:24:24.296] [bbotk] Evaluating 1 configuration(s)
INFO  [17:24:24.645] [bbotk] Result of batch 1:
INFO  [17:24:24.646] [bbotk]  num.trees classif.ce warnings errors runtime_learners
INFO  [17:24:24.646] [bbotk]        356  0.1396574        0      0            0.296
INFO  [17:24:24.646] [bbotk]                                 uhash
INFO  [17:24:24.646] [bbotk]  01359bd5-f3df-423a-9238-5628a0f8e5e5
INFO  [17:24:24.651] [bbotk] Evaluating 1 configuration(s)
INFO  [17:24:25.006] [bbotk] Result of batch 2:
INFO  [17:24:25.007] [bbotk]  num.trees classif.ce warnings errors runtime_learners
INFO  [17:24:25.007] [bbotk]        364   0.140975        0      0            0.298
INFO  [17:24:25.007] [bbotk]                                 uhash
INFO  [17:24:25.007] [bbotk]  04ff8d55-6995-438b-8719-72af21430257
INFO  [17:24:25.009] [bbotk] Evaluating 1 configuration(s)
INFO  [17:24:25.251] [bbotk] Result of batch 3:
INFO  [17:24:25.252] [bbotk]  num.trees classif.ce warnings errors runtime_learners
INFO  [17:24:25.252] [bbotk]        201   0.140975        0      0            0.186
INFO  [17:24:25.252] [bbotk]                                 uhash
INFO  [17:24:25.252] [bbotk]  113b383f-9caa-4db4-8d0f-c4132bd1dafc
INFO  [17:24:25.261] [bbotk] Finished optimizing after 3 evaluation(s)
INFO  [17:24:25.261] [bbotk] Result:
INFO  [17:24:25.263] [bbotk]  num.trees learner_param_vals  x_domain classif.ce
INFO  [17:24:25.263] [bbotk]      <int>             <list>    <list>      <num>
INFO  [17:24:25.263] [bbotk]        356          <list[2]> <list[1]>  0.1396574
INFO  [17:24:25.444] [bbotk] Starting to optimize 1 parameter(s) with '<OptimizerBatchRandomSearch>' and '<TerminatorEvals> [n_evals=3, k=0]'
INFO  [17:24:25.449] [bbotk] Evaluating 1 configuration(s)
INFO  [17:24:25.701] [bbotk] Result of batch 1:
INFO  [17:24:25.703] [bbotk]  num.trees classif.ce warnings errors runtime_learners
INFO  [17:24:25.703] [bbotk]        248  0.1605511        0      0            0.203
INFO  [17:24:25.703] [bbotk]                                 uhash
INFO  [17:24:25.703] [bbotk]  1d278de1-f1c0-4919-947d-be6cd1eb77bc
INFO  [17:24:25.711] [bbotk] Evaluating 1 configuration(s)
INFO  [17:24:26.108] [bbotk] Result of batch 2:
INFO  [17:24:26.109] [bbotk]  num.trees classif.ce warnings errors runtime_learners
INFO  [17:24:26.109] [bbotk]        491  0.1579212        0      0            0.354
INFO  [17:24:26.109] [bbotk]                                 uhash
INFO  [17:24:26.109] [bbotk]  7c776b3c-ec31-43da-89c4-5a86fb028a03
INFO  [17:24:26.111] [bbotk] Evaluating 1 configuration(s)
INFO  [17:24:26.471] [bbotk] Result of batch 3:
INFO  [17:24:26.474] [bbotk]  num.trees classif.ce warnings errors runtime_learners
INFO  [17:24:26.474] [bbotk]        380  0.1566141        0      0            0.317
INFO  [17:24:26.474] [bbotk]                                 uhash
INFO  [17:24:26.474] [bbotk]  8ba5a200-f570-4a73-810b-ee3a161678d3
INFO  [17:24:26.489] [bbotk] Finished optimizing after 3 evaluation(s)
INFO  [17:24:26.489] [bbotk] Result:
INFO  [17:24:26.490] [bbotk]  num.trees learner_param_vals  x_domain classif.ce
INFO  [17:24:26.490] [bbotk]      <int>             <list>    <list>      <num>
INFO  [17:24:26.490] [bbotk]        380          <list[2]> <list[1]>  0.1566141

### [bt]: Job terminated successfully [batchtools job.id=2891]
### [bt]: Starting job [batchtools job.id=2892]
### [bt]: Generating problem instance for problem '6390d9e81da17366' ...
### [bt]: Applying algorithm 'run_learner' on problem '6390d9e81da17366' for job 2892 (seed = 2893) ...
INFO  [17:24:26.772] [mlr3] Applying learner 'classif.ranger.tuned_calib.oof_isotonic' on task 'qsar-biodeg' (iter 2/10)
INFO  [17:24:26.881] [bbotk] Starting to optimize 1 parameter(s) with '<OptimizerBatchRandomSearch>' and '<TerminatorEvals> [n_evals=3, k=0]'
INFO  [17:24:26.899] [bbotk] Evaluating 1 configuration(s)
INFO  [17:24:27.254] [bbotk] Result of batch 1:
INFO  [17:24:27.255] [bbotk]  num.trees classif.ce warnings errors runtime_learners
INFO  [17:24:27.255] [bbotk]        383  0.1396574        0      0            0.294
INFO  [17:24:27.255] [bbotk]                                 uhash
INFO  [17:24:27.255] [bbotk]  cdb813f4-1a5d-40ff-8573-e742f89d4f45
INFO  [17:24:27.258] [bbotk] Evaluating 1 configuration(s)
INFO  [17:24:27.439] [bbotk] Result of batch 2:
INFO  [17:24:27.440] [bbotk]  num.trees classif.ce warnings errors runtime_learners
INFO  [17:24:27.440] [bbotk]        153  0.1501976        0      0            0.129
INFO  [17:24:27.440] [bbotk]                                 uhash
INFO  [17:24:27.440] [bbotk]  413cd24b-2fca-4192-9a03-f83fcaecef36
INFO  [17:24:27.442] [bbotk] Evaluating 1 configuration(s)
INFO  [17:24:27.841] [bbotk] Result of batch 3:
INFO  [17:24:27.842] [bbotk]  num.trees classif.ce warnings errors runtime_learners
INFO  [17:24:27.842] [bbotk]        445   0.140975        0      0            0.359
INFO  [17:24:27.842] [bbotk]                                 uhash
INFO  [17:24:27.842] [bbotk]  db87a78f-12e1-4c35-bdc4-485a20664d91
INFO  [17:24:27.849] [bbotk] Finished optimizing after 3 evaluation(s)
INFO  [17:24:27.849] [bbotk] Result:
INFO  [17:24:27.850] [bbotk]  num.trees learner_param_vals  x_domain classif.ce
INFO  [17:24:27.850] [bbotk]      <int>             <list>    <list>      <num>
INFO  [17:24:27.850] [bbotk]        383          <list[2]> <list[1]>  0.1396574
INFO  [17:24:28.049] [bbotk] Starting to optimize 1 parameter(s) with '<OptimizerBatchRandomSearch>' and '<TerminatorEvals> [n_evals=3, k=0]'
INFO  [17:24:28.055] [bbotk] Evaluating 1 configuration(s)
INFO  [17:24:28.389] [bbotk] Result of batch 1:
INFO  [17:24:28.391] [bbotk]  num.trees classif.ce warnings errors runtime_learners
INFO  [17:24:28.391] [bbotk]        406  0.1357049        0      0            0.297
INFO  [17:24:28.391] [bbotk]                                 uhash
INFO  [17:24:28.391] [bbotk]  635a9f87-ba21-417b-94de-c224f21070c6
INFO  [17:24:28.394] [bbotk] Evaluating 1 configuration(s)
INFO  [17:24:28.562] [bbotk] Result of batch 2:
INFO  [17:24:28.563] [bbotk]  num.trees classif.ce warnings errors runtime_learners
INFO  [17:24:28.563] [bbotk]        110  0.1449275        0      0            0.098
INFO  [17:24:28.563] [bbotk]                                 uhash
INFO  [17:24:28.563] [bbotk]  d7c07dbd-6c37-493e-8d99-cdecc317955b
INFO  [17:24:28.566] [bbotk] Evaluating 1 configuration(s)
INFO  [17:24:28.811] [bbotk] Result of batch 3:
INFO  [17:24:28.813] [bbotk]  num.trees classif.ce warnings errors runtime_learners
INFO  [17:24:28.813] [bbotk]        276  0.1449275        0      0            0.207
INFO  [17:24:28.813] [bbotk]                                 uhash
INFO  [17:24:28.813] [bbotk]  fa3e4860-7aeb-488a-8093-4c0d48d331db
INFO  [17:24:28.822] [bbotk] Finished optimizing after 3 evaluation(s)
INFO  [17:24:28.823] [bbotk] Result:
INFO  [17:24:28.824] [bbotk]  num.trees learner_param_vals  x_domain classif.ce
INFO  [17:24:28.824] [bbotk]      <int>             <list>    <list>      <num>
INFO  [17:24:28.824] [bbotk]        406          <list[2]> <list[1]>  0.1357049
INFO  [17:24:29.032] [bbotk] Starting to optimize 1 parameter(s) with '<OptimizerBatchRandomSearch>' and '<TerminatorEvals> [n_evals=3, k=0]'
INFO  [17:24:29.036] [bbotk] Evaluating 1 configuration(s)
INFO  [17:24:29.258] [bbotk] Result of batch 1:
INFO  [17:24:29.259] [bbotk]  num.trees classif.ce warnings errors runtime_learners
INFO  [17:24:29.259] [bbotk]        216  0.1383399        0      0             0.18
INFO  [17:24:29.259] [bbotk]                                 uhash
INFO  [17:24:29.259] [bbotk]  b065a74a-39cb-4aa8-a4c3-cc46b9753c28
INFO  [17:24:29.264] [bbotk] Evaluating 1 configuration(s)
INFO  [17:24:29.472] [bbotk] Result of batch 2:
INFO  [17:24:29.475] [bbotk]  num.trees classif.ce warnings errors runtime_learners
INFO  [17:24:29.475] [bbotk]        194  0.1422925        0      0            0.141
INFO  [17:24:29.475] [bbotk]                                 uhash
INFO  [17:24:29.475] [bbotk]  641f0e8b-cb25-4cac-af59-8fb039c39265
INFO  [17:24:29.483] [bbotk] Evaluating 1 configuration(s)
INFO  [17:24:29.658] [bbotk] Result of batch 3:
INFO  [17:24:29.660] [bbotk]  num.trees classif.ce warnings errors runtime_learners
INFO  [17:24:29.660] [bbotk]        151    0.14361        0      0            0.121
INFO  [17:24:29.660] [bbotk]                                 uhash
INFO  [17:24:29.660] [bbotk]  3c99bb27-5db6-4fa9-9816-4beb1cc95fcd
INFO  [17:24:29.688] [bbotk] Finished optimizing after 3 evaluation(s)
INFO  [17:24:29.688] [bbotk] Result:
INFO  [17:24:29.689] [bbotk]  num.trees learner_param_vals  x_domain classif.ce
INFO  [17:24:29.689] [bbotk]      <int>             <list>    <list>      <num>
INFO  [17:24:29.689] [bbotk]        216          <list[2]> <list[1]>  0.1383399
INFO  [17:24:29.829] [bbotk] Starting to optimize 1 parameter(s) with '<OptimizerBatchRandomSearch>' and '<TerminatorEvals> [n_evals=3, k=0]'
INFO  [17:24:29.849] [bbotk] Evaluating 1 configuration(s)
INFO  [17:24:30.154] [bbotk] Result of batch 1:
INFO  [17:24:30.155] [bbotk]  num.trees classif.ce warnings errors runtime_learners
INFO  [17:24:30.155] [bbotk]        250    0.14361        0      0             0.24
INFO  [17:24:30.155] [bbotk]                                 uhash
INFO  [17:24:30.155] [bbotk]  77cdf6eb-85c2-41d2-bc2e-a14bfa618ecf
INFO  [17:24:30.158] [bbotk] Evaluating 1 configuration(s)
INFO  [17:24:30.408] [bbotk] Result of batch 2:
INFO  [17:24:30.410] [bbotk]  num.trees classif.ce warnings errors runtime_learners
INFO  [17:24:30.410] [bbotk]        232    0.14361        0      0            0.197
INFO  [17:24:30.410] [bbotk]                                 uhash
INFO  [17:24:30.410] [bbotk]  3c4bfdef-9282-417c-9c84-354897ee65ec
INFO  [17:24:30.415] [bbotk] Evaluating 1 configuration(s)
INFO  [17:24:30.812] [bbotk] Result of batch 3:
INFO  [17:24:30.813] [bbotk]  num.trees classif.ce warnings errors runtime_learners
INFO  [17:24:30.813] [bbotk]        447  0.1383399        0      0            0.356
INFO  [17:24:30.813] [bbotk]                                 uhash
INFO  [17:24:30.813] [bbotk]  557f9905-6f8d-427b-8837-360317da81aa
INFO  [17:24:30.821] [bbotk] Finished optimizing after 3 evaluation(s)
INFO  [17:24:30.822] [bbotk] Result:
INFO  [17:24:30.823] [bbotk]  num.trees learner_param_vals  x_domain classif.ce
INFO  [17:24:30.823] [bbotk]      <int>             <list>    <list>      <num>
INFO  [17:24:30.823] [bbotk]        447          <list[2]> <list[1]>  0.1383399
INFO  [17:24:31.079] [bbotk] Starting to optimize 1 parameter(s) with '<OptimizerBatchRandomSearch>' and '<TerminatorEvals> [n_evals=3, k=0]'
INFO  [17:24:31.085] [bbotk] Evaluating 1 configuration(s)
INFO  [17:24:31.447] [bbotk] Result of batch 1:
INFO  [17:24:31.448] [bbotk]  num.trees classif.ce warnings errors runtime_learners
INFO  [17:24:31.448] [bbotk]        426  0.1447045        0      0            0.331
INFO  [17:24:31.448] [bbotk]                                 uhash
INFO  [17:24:31.448] [bbotk]  d3903409-70bf-41b7-a28f-576cc732a095
INFO  [17:24:31.450] [bbotk] Evaluating 1 configuration(s)
INFO  [17:24:31.777] [bbotk] Result of batch 2:
INFO  [17:24:31.778] [bbotk]  num.trees classif.ce warnings errors runtime_learners
INFO  [17:24:31.778] [bbotk]        381  0.1460272        0      0            0.282
INFO  [17:24:31.778] [bbotk]                                 uhash
INFO  [17:24:31.778] [bbotk]  1dc9e442-c5b5-43c0-a471-c8178e673816
INFO  [17:24:31.782] [bbotk] Evaluating 1 configuration(s)
INFO  [17:24:32.033] [bbotk] Result of batch 3:
INFO  [17:24:32.034] [bbotk]  num.trees classif.ce warnings errors runtime_learners
INFO  [17:24:32.034] [bbotk]        216  0.1447252        0      0            0.187
INFO  [17:24:32.034] [bbotk]                                 uhash
INFO  [17:24:32.034] [bbotk]  09b939df-d1e3-4dba-b2a5-0e988f902a75
INFO  [17:24:32.040] [bbotk] Finished optimizing after 3 evaluation(s)
INFO  [17:24:32.041] [bbotk] Result:
INFO  [17:24:32.041] [bbotk]  num.trees learner_param_vals  x_domain classif.ce
INFO  [17:24:32.041] [bbotk]      <int>             <list>    <list>      <num>
INFO  [17:24:32.041] [bbotk]        426          <list[2]> <list[1]>  0.1447045

### [bt]: Job terminated successfully [batchtools job.id=2892]
### [bt]: Starting job [batchtools job.id=2893]
### [bt]: Generating problem instance for problem '6390d9e81da17366' ...
### [bt]: Applying algorithm 'run_learner' on problem '6390d9e81da17366' for job 2893 (seed = 2894) ...
INFO  [17:24:32.372] [mlr3] Applying learner 'classif.ranger.tuned_calib.oof_isotonic' on task 'qsar-biodeg' (iter 3/10)
INFO  [17:24:32.455] [bbotk] Starting to optimize 1 parameter(s) with '<OptimizerBatchRandomSearch>' and '<TerminatorEvals> [n_evals=3, k=0]'
INFO  [17:24:32.469] [bbotk] Evaluating 1 configuration(s)
INFO  [17:24:32.811] [bbotk] Result of batch 1:
INFO  [17:24:32.813] [bbotk]  num.trees classif.ce warnings errors runtime_learners
INFO  [17:24:32.813] [bbotk]        396  0.1212121        0      0            0.285
INFO  [17:24:32.813] [bbotk]                                 uhash
INFO  [17:24:32.813] [bbotk]  f6e30365-165c-47d2-aa68-363ac4a045f6
INFO  [17:24:32.819] [bbotk] Evaluating 1 configuration(s)
INFO  [17:24:33.189] [bbotk] Result of batch 2:
INFO  [17:24:33.190] [bbotk]  num.trees classif.ce warnings errors runtime_learners
INFO  [17:24:33.190] [bbotk]        474  0.1264822        0      0            0.334
INFO  [17:24:33.190] [bbotk]                                 uhash
INFO  [17:24:33.190] [bbotk]  ab2ceba5-9407-4089-8339-26deada45b39
INFO  [17:24:33.192] [bbotk] Evaluating 1 configuration(s)
INFO  [17:24:33.542] [bbotk] Result of batch 3:
INFO  [17:24:33.543] [bbotk]  num.trees classif.ce warnings errors runtime_learners
INFO  [17:24:33.543] [bbotk]        386  0.1277997        0      0            0.306
INFO  [17:24:33.543] [bbotk]                                 uhash
INFO  [17:24:33.543] [bbotk]  5b9504fd-1b23-412b-960e-c1a59e81da28
INFO  [17:24:33.551] [bbotk] Finished optimizing after 3 evaluation(s)
INFO  [17:24:33.551] [bbotk] Result:
INFO  [17:24:33.551] [bbotk]  num.trees learner_param_vals  x_domain classif.ce
INFO  [17:24:33.551] [bbotk]      <int>             <list>    <list>      <num>
INFO  [17:24:33.551] [bbotk]        396          <list[2]> <list[1]>  0.1212121
INFO  [17:24:33.734] [bbotk] Starting to optimize 1 parameter(s) with '<OptimizerBatchRandomSearch>' and '<TerminatorEvals> [n_evals=3, k=0]'
INFO  [17:24:33.738] [bbotk] Evaluating 1 configuration(s)
INFO  [17:24:34.026] [bbotk] Result of batch 1:
INFO  [17:24:34.028] [bbotk]  num.trees classif.ce warnings errors runtime_learners
INFO  [17:24:34.028] [bbotk]        286  0.1172596        0      0             0.21
INFO  [17:24:34.028] [bbotk]                                 uhash
INFO  [17:24:34.028] [bbotk]  1ab77723-f109-46cc-9fca-f7a06e407e25
INFO  [17:24:34.034] [bbotk] Evaluating 1 configuration(s)
INFO  [17:24:34.256] [bbotk] Result of batch 2:
INFO  [17:24:34.257] [bbotk]  num.trees classif.ce warnings errors runtime_learners
INFO  [17:24:34.257] [bbotk]        198  0.1185771        0      0            0.167
INFO  [17:24:34.257] [bbotk]                                 uhash
INFO  [17:24:34.257] [bbotk]  c3ebb885-6523-4641-acdc-5bfeab5b6067
INFO  [17:24:34.260] [bbotk] Evaluating 1 configuration(s)
INFO  [17:24:34.619] [bbotk] Result of batch 3:
INFO  [17:24:34.620] [bbotk]  num.trees classif.ce warnings errors runtime_learners
INFO  [17:24:34.620] [bbotk]        431   0.115942        0      0            0.313
INFO  [17:24:34.620] [bbotk]                                 uhash
INFO  [17:24:34.620] [bbotk]  76b38e15-c3ec-4371-a5a9-87e11399e2aa
INFO  [17:24:34.628] [bbotk] Finished optimizing after 3 evaluation(s)
INFO  [17:24:34.628] [bbotk] Result:
INFO  [17:24:34.629] [bbotk]  num.trees learner_param_vals  x_domain classif.ce
INFO  [17:24:34.629] [bbotk]      <int>             <list>    <list>      <num>
INFO  [17:24:34.629] [bbotk]        431          <list[2]> <list[1]>   0.115942
INFO  [17:24:34.833] [bbotk] Starting to optimize 1 parameter(s) with '<OptimizerBatchRandomSearch>' and '<TerminatorEvals> [n_evals=3, k=0]'
INFO  [17:24:34.846] [bbotk] Evaluating 1 configuration(s)
INFO  [17:24:35.065] [bbotk] Result of batch 1:
INFO  [17:24:35.065] [bbotk]  num.trees classif.ce warnings errors runtime_learners
INFO  [17:24:35.065] [bbotk]        201  0.1515152        0      0            0.176
INFO  [17:24:35.065] [bbotk]                                 uhash
INFO  [17:24:35.065] [bbotk]  a148e6ca-4082-4424-a401-e8e41d725583
INFO  [17:24:35.071] [bbotk] Evaluating 1 configuration(s)
INFO  [17:24:35.354] [bbotk] Result of batch 2:
INFO  [17:24:35.355] [bbotk]  num.trees classif.ce warnings errors runtime_learners
INFO  [17:24:35.355] [bbotk]        304  0.1462451        0      0             0.23
INFO  [17:24:35.355] [bbotk]                                 uhash
INFO  [17:24:35.355] [bbotk]  9e469bf2-3d4d-4629-a937-bd5052eae4c3
INFO  [17:24:35.361] [bbotk] Evaluating 1 configuration(s)
INFO  [17:24:35.525] [bbotk] Result of batch 3:
INFO  [17:24:35.525] [bbotk]  num.trees classif.ce warnings errors runtime_learners
INFO  [17:24:35.525] [bbotk]        103  0.1462451        0      0            0.104
INFO  [17:24:35.525] [bbotk]                                 uhash
INFO  [17:24:35.525] [bbotk]  3a344f30-2d5d-4815-b542-eb743c8c751c
INFO  [17:24:35.536] [bbotk] Finished optimizing after 3 evaluation(s)
INFO  [17:24:35.536] [bbotk] Result:
INFO  [17:24:35.538] [bbotk]  num.trees learner_param_vals  x_domain classif.ce
INFO  [17:24:35.538] [bbotk]      <int>             <list>    <list>      <num>
INFO  [17:24:35.538] [bbotk]        304          <list[2]> <list[1]>  0.1462451
INFO  [17:24:35.710] [bbotk] Starting to optimize 1 parameter(s) with '<OptimizerBatchRandomSearch>' and '<TerminatorEvals> [n_evals=3, k=0]'
INFO  [17:24:35.715] [bbotk] Evaluating 1 configuration(s)
INFO  [17:24:36.078] [bbotk] Result of batch 1:
INFO  [17:24:36.079] [bbotk]  num.trees classif.ce warnings errors runtime_learners
INFO  [17:24:36.079] [bbotk]        389   0.140975        0      0            0.301
INFO  [17:24:36.079] [bbotk]                                 uhash
INFO  [17:24:36.079] [bbotk]  056d37e7-3ecf-478d-b25f-402f8d7ebba8
INFO  [17:24:36.081] [bbotk] Evaluating 1 configuration(s)
INFO  [17:24:36.391] [bbotk] Result of batch 2:
INFO  [17:24:36.392] [bbotk]  num.trees classif.ce warnings errors runtime_learners
INFO  [17:24:36.392] [bbotk]        323  0.1330698        0      0            0.259
INFO  [17:24:36.392] [bbotk]                                 uhash
INFO  [17:24:36.392] [bbotk]  622bce61-0aae-4680-811e-ec36f5199111
INFO  [17:24:36.394] [bbotk] Evaluating 1 configuration(s)
INFO  [17:24:36.687] [bbotk] Result of batch 3:
INFO  [17:24:36.688] [bbotk]  num.trees classif.ce warnings errors runtime_learners
INFO  [17:24:36.688] [bbotk]        301  0.1383399        0      0            0.247
INFO  [17:24:36.688] [bbotk]                                 uhash
INFO  [17:24:36.688] [bbotk]  92ac378f-53ec-4a75-9d17-751fbcfc9194
INFO  [17:24:36.694] [bbotk] Finished optimizing after 3 evaluation(s)
INFO  [17:24:36.694] [bbotk] Result:
INFO  [17:24:36.695] [bbotk]  num.trees learner_param_vals  x_domain classif.ce
INFO  [17:24:36.695] [bbotk]      <int>             <list>    <list>      <num>
INFO  [17:24:36.695] [bbotk]        323          <list[2]> <list[1]>  0.1330698
INFO  [17:24:36.852] [bbotk] Starting to optimize 1 parameter(s) with '<OptimizerBatchRandomSearch>' and '<TerminatorEvals> [n_evals=3, k=0]'
INFO  [17:24:36.862] [bbotk] Evaluating 1 configuration(s)
INFO  [17:24:37.173] [bbotk] Result of batch 1:
INFO  [17:24:37.174] [bbotk]  num.trees classif.ce warnings errors runtime_learners
INFO  [17:24:37.174] [bbotk]        356  0.1447252        0      0            0.263
INFO  [17:24:37.174] [bbotk]                                 uhash
INFO  [17:24:37.174] [bbotk]  f1568894-d41a-4f64-840c-2682b0b51e7b
INFO  [17:24:37.176] [bbotk] Evaluating 1 configuration(s)
INFO  [17:24:37.594] [bbotk] Result of batch 2:
INFO  [17:24:37.595] [bbotk]  num.trees classif.ce warnings errors runtime_learners
INFO  [17:24:37.595] [bbotk]        493  0.1381428        0      0            0.369
INFO  [17:24:37.595] [bbotk]                                 uhash
INFO  [17:24:37.595] [bbotk]  9b488bca-f83f-4c49-8eef-930580727be5
INFO  [17:24:37.600] [bbotk] Evaluating 1 configuration(s)
INFO  [17:24:37.866] [bbotk] Result of batch 3:
INFO  [17:24:37.867] [bbotk]  num.trees classif.ce warnings errors runtime_learners
INFO  [17:24:37.867] [bbotk]        285  0.1421006        0      0            0.217
INFO  [17:24:37.867] [bbotk]                                 uhash
INFO  [17:24:37.867] [bbotk]  cb570233-df99-4e62-b23f-64ad66f0a979
INFO  [17:24:37.874] [bbotk] Finished optimizing after 3 evaluation(s)
INFO  [17:24:37.875] [bbotk] Result:
INFO  [17:24:37.875] [bbotk]  num.trees learner_param_vals  x_domain classif.ce
INFO  [17:24:37.875] [bbotk]      <int>             <list>    <list>      <num>
INFO  [17:24:37.875] [bbotk]        493          <list[2]> <list[1]>  0.1381428

### [bt]: Job terminated successfully [batchtools job.id=2893]
### [bt]: Starting job [batchtools job.id=2894]
### [bt]: Generating problem instance for problem '6390d9e81da17366' ...
### [bt]: Applying algorithm 'run_learner' on problem '6390d9e81da17366' for job 2894 (seed = 2895) ...
INFO  [17:24:38.229] [mlr3] Applying learner 'classif.ranger.tuned_calib.oof_isotonic' on task 'qsar-biodeg' (iter 4/10)
INFO  [17:24:38.362] [bbotk] Starting to optimize 1 parameter(s) with '<OptimizerBatchRandomSearch>' and '<TerminatorEvals> [n_evals=3, k=0]'
INFO  [17:24:38.378] [bbotk] Evaluating 1 configuration(s)
INFO  [17:24:38.724] [bbotk] Result of batch 1:
INFO  [17:24:38.725] [bbotk]  num.trees classif.ce warnings errors runtime_learners
INFO  [17:24:38.725] [bbotk]        391  0.1330698        0      0             0.29
INFO  [17:24:38.725] [bbotk]                                 uhash
INFO  [17:24:38.725] [bbotk]  2334d2cf-ce1d-4885-9aeb-1dae2201c7ee
INFO  [17:24:38.727] [bbotk] Evaluating 1 configuration(s)
INFO  [17:24:39.122] [bbotk] Result of batch 2:
INFO  [17:24:39.123] [bbotk]  num.trees classif.ce warnings errors runtime_learners
INFO  [17:24:39.123] [bbotk]        472  0.1317523        0      0            0.355
INFO  [17:24:39.123] [bbotk]                                 uhash
INFO  [17:24:39.123] [bbotk]  eb40e7ee-0208-4413-b268-14e84234ce37
INFO  [17:24:39.126] [bbotk] Evaluating 1 configuration(s)
INFO  [17:24:39.470] [bbotk] Result of batch 3:
INFO  [17:24:39.471] [bbotk]  num.trees classif.ce warnings errors runtime_learners
INFO  [17:24:39.471] [bbotk]        423  0.1317523        0      0            0.306
INFO  [17:24:39.471] [bbotk]                                 uhash
INFO  [17:24:39.471] [bbotk]  cb771b79-aa38-48c7-a3c6-4a1c7b00f2b7
INFO  [17:24:39.482] [bbotk] Finished optimizing after 3 evaluation(s)
INFO  [17:24:39.482] [bbotk] Result:
INFO  [17:24:39.483] [bbotk]  num.trees learner_param_vals  x_domain classif.ce
INFO  [17:24:39.483] [bbotk]      <int>             <list>    <list>      <num>
INFO  [17:24:39.483] [bbotk]        472          <list[2]> <list[1]>  0.1317523
INFO  [17:24:39.700] [bbotk] Starting to optimize 1 parameter(s) with '<OptimizerBatchRandomSearch>' and '<TerminatorEvals> [n_evals=3, k=0]'
INFO  [17:24:39.704] [bbotk] Evaluating 1 configuration(s)
INFO  [17:24:40.073] [bbotk] Result of batch 1:
INFO  [17:24:40.074] [bbotk]  num.trees classif.ce warnings errors runtime_learners
INFO  [17:24:40.074] [bbotk]        414  0.1357049        0      0            0.326
INFO  [17:24:40.074] [bbotk]                                 uhash
INFO  [17:24:40.074] [bbotk]  f4e09a64-3d6d-41f4-90f2-05b22923506c
INFO  [17:24:40.076] [bbotk] Evaluating 1 configuration(s)
INFO  [17:24:40.385] [bbotk] Result of batch 2:
INFO  [17:24:40.386] [bbotk]  num.trees classif.ce warnings errors runtime_learners
INFO  [17:24:40.386] [bbotk]        320  0.1343874        0      0            0.248
INFO  [17:24:40.386] [bbotk]                                 uhash
INFO  [17:24:40.386] [bbotk]  42678579-4312-4ce8-8c96-17d36a860298
INFO  [17:24:40.389] [bbotk] Evaluating 1 configuration(s)
INFO  [17:24:40.610] [bbotk] Result of batch 3:
INFO  [17:24:40.613] [bbotk]  num.trees classif.ce warnings errors runtime_learners
INFO  [17:24:40.613] [bbotk]        151   0.140975        0      0            0.135
INFO  [17:24:40.613] [bbotk]                                 uhash
INFO  [17:24:40.613] [bbotk]  a7b9a248-fb09-4092-9a42-508dbb8459c4
INFO  [17:24:40.622] [bbotk] Finished optimizing after 3 evaluation(s)
INFO  [17:24:40.623] [bbotk] Result:
INFO  [17:24:40.624] [bbotk]  num.trees learner_param_vals  x_domain classif.ce
INFO  [17:24:40.624] [bbotk]      <int>             <list>    <list>      <num>
INFO  [17:24:40.624] [bbotk]        320          <list[2]> <list[1]>  0.1343874
INFO  [17:24:40.793] [bbotk] Starting to optimize 1 parameter(s) with '<OptimizerBatchRandomSearch>' and '<TerminatorEvals> [n_evals=3, k=0]'
INFO  [17:24:40.801] [bbotk] Evaluating 1 configuration(s)
INFO  [17:24:40.995] [bbotk] Result of batch 1:
INFO  [17:24:40.997] [bbotk]  num.trees classif.ce warnings errors runtime_learners
INFO  [17:24:40.997] [bbotk]        136  0.1330698        0      0            0.128
INFO  [17:24:40.997] [bbotk]                                 uhash
INFO  [17:24:40.997] [bbotk]  1688791e-2a9f-491c-aa05-0240685ad84d
INFO  [17:24:40.999] [bbotk] Evaluating 1 configuration(s)
INFO  [17:24:41.307] [bbotk] Result of batch 2:
INFO  [17:24:41.314] [bbotk]  num.trees classif.ce warnings errors runtime_learners
INFO  [17:24:41.314] [bbotk]        319  0.1317523        0      0            0.265
INFO  [17:24:41.314] [bbotk]                                 uhash
INFO  [17:24:41.314] [bbotk]  ea08fa08-1eed-4782-8b43-f7215cc5433b
INFO  [17:24:41.321] [bbotk] Evaluating 1 configuration(s)
INFO  [17:24:41.609] [bbotk] Result of batch 3:
INFO  [17:24:41.610] [bbotk]  num.trees classif.ce warnings errors runtime_learners
INFO  [17:24:41.610] [bbotk]        287  0.1317523        0      0            0.239
INFO  [17:24:41.610] [bbotk]                                 uhash
INFO  [17:24:41.610] [bbotk]  dd414497-d902-49b6-b59e-c3c59741dc55
INFO  [17:24:41.619] [bbotk] Finished optimizing after 3 evaluation(s)
INFO  [17:24:41.619] [bbotk] Result:
INFO  [17:24:41.619] [bbotk]  num.trees learner_param_vals  x_domain classif.ce
INFO  [17:24:41.619] [bbotk]      <int>             <list>    <list>      <num>
INFO  [17:24:41.619] [bbotk]        287          <list[2]> <list[1]>  0.1317523
INFO  [17:24:41.777] [bbotk] Starting to optimize 1 parameter(s) with '<OptimizerBatchRandomSearch>' and '<TerminatorEvals> [n_evals=3, k=0]'
INFO  [17:24:41.781] [bbotk] Evaluating 1 configuration(s)
INFO  [17:24:42.173] [bbotk] Result of batch 1:
INFO  [17:24:42.174] [bbotk]  num.trees classif.ce warnings errors runtime_learners
INFO  [17:24:42.174] [bbotk]        498  0.1488801        0      0            0.356
INFO  [17:24:42.174] [bbotk]                                 uhash
INFO  [17:24:42.174] [bbotk]  7760f38f-825a-4834-a391-220638071bd4
INFO  [17:24:42.176] [bbotk] Evaluating 1 configuration(s)
INFO  [17:24:42.537] [bbotk] Result of batch 2:
INFO  [17:24:42.539] [bbotk]  num.trees classif.ce warnings errors runtime_learners
INFO  [17:24:42.539] [bbotk]        386  0.1501976        0      0            0.311
INFO  [17:24:42.539] [bbotk]                                 uhash
INFO  [17:24:42.539] [bbotk]  fdddf7c7-4035-4e2b-b03c-d39bd2969e72
INFO  [17:24:42.541] [bbotk] Evaluating 1 configuration(s)
INFO  [17:24:42.777] [bbotk] Result of batch 3:
INFO  [17:24:42.779] [bbotk]  num.trees classif.ce warnings errors runtime_learners
INFO  [17:24:42.779] [bbotk]        207  0.1541502        0      0            0.155
INFO  [17:24:42.779] [bbotk]                                 uhash
INFO  [17:24:42.779] [bbotk]  8dfb142f-c568-4ea0-8d3a-6bc962532c49
INFO  [17:24:42.787] [bbotk] Finished optimizing after 3 evaluation(s)
INFO  [17:24:42.787] [bbotk] Result:
INFO  [17:24:42.788] [bbotk]  num.trees learner_param_vals  x_domain classif.ce
INFO  [17:24:42.788] [bbotk]      <int>             <list>    <list>      <num>
INFO  [17:24:42.788] [bbotk]        498          <list[2]> <list[1]>  0.1488801
INFO  [17:24:43.016] [bbotk] Starting to optimize 1 parameter(s) with '<OptimizerBatchRandomSearch>' and '<TerminatorEvals> [n_evals=3, k=0]'
INFO  [17:24:43.020] [bbotk] Evaluating 1 configuration(s)
INFO  [17:24:43.344] [bbotk] Result of batch 1:
INFO  [17:24:43.346] [bbotk]  num.trees classif.ce warnings errors runtime_learners
INFO  [17:24:43.346] [bbotk]        363  0.1342006        0      0            0.263
INFO  [17:24:43.346] [bbotk]                                 uhash
INFO  [17:24:43.346] [bbotk]  7b20f123-0100-4201-b353-bc3739daaa22
INFO  [17:24:43.354] [bbotk] Evaluating 1 configuration(s)
INFO  [17:24:43.525] [bbotk] Result of batch 2:
INFO  [17:24:43.526] [bbotk]  num.trees classif.ce warnings errors runtime_learners
INFO  [17:24:43.526] [bbotk]        128  0.1420954        0      0            0.129
INFO  [17:24:43.526] [bbotk]                                 uhash
INFO  [17:24:43.526] [bbotk]  a6284bc4-ffaa-4d81-83ce-fee13be5ba9e
INFO  [17:24:43.531] [bbotk] Evaluating 1 configuration(s)
INFO  [17:24:43.710] [bbotk] Result of batch 3:
INFO  [17:24:43.711] [bbotk]  num.trees classif.ce warnings errors runtime_learners
INFO  [17:24:43.711] [bbotk]        136  0.1355026        0      0            0.133
INFO  [17:24:43.711] [bbotk]                                 uhash
INFO  [17:24:43.711] [bbotk]  32a1486e-3a56-4796-910c-c660a8ea24fb
INFO  [17:24:43.735] [bbotk] Finished optimizing after 3 evaluation(s)
INFO  [17:24:43.737] [bbotk] Result:
INFO  [17:24:43.739] [bbotk]  num.trees learner_param_vals  x_domain classif.ce
INFO  [17:24:43.739] [bbotk]      <int>             <list>    <list>      <num>
INFO  [17:24:43.739] [bbotk]        363          <list[2]> <list[1]>  0.1342006

### [bt]: Job terminated successfully [batchtools job.id=2894]
### [bt]: Starting job [batchtools job.id=2895]
### [bt]: Generating problem instance for problem '6390d9e81da17366' ...
### [bt]: Applying algorithm 'run_learner' on problem '6390d9e81da17366' for job 2895 (seed = 2896) ...
INFO  [17:24:44.066] [mlr3] Applying learner 'classif.ranger.tuned_calib.oof_isotonic' on task 'qsar-biodeg' (iter 5/10)
INFO  [17:24:44.146] [bbotk] Starting to optimize 1 parameter(s) with '<OptimizerBatchRandomSearch>' and '<TerminatorEvals> [n_evals=3, k=0]'
INFO  [17:24:44.177] [bbotk] Evaluating 1 configuration(s)
INFO  [17:24:44.370] [bbotk] Result of batch 1:
INFO  [17:24:44.372] [bbotk]  num.trees classif.ce warnings errors runtime_learners
INFO  [17:24:44.372] [bbotk]        111    0.14361        0      0            0.115
INFO  [17:24:44.372] [bbotk]                                 uhash
INFO  [17:24:44.372] [bbotk]  3845063d-c5b1-4118-80df-2eb875f37896
INFO  [17:24:44.386] [bbotk] Evaluating 1 configuration(s)
INFO  [17:24:44.590] [bbotk] Result of batch 2:
INFO  [17:24:44.591] [bbotk]  num.trees classif.ce warnings errors runtime_learners
INFO  [17:24:44.591] [bbotk]        173  0.1396574        0      0            0.138
INFO  [17:24:44.591] [bbotk]                                 uhash
INFO  [17:24:44.591] [bbotk]  fbe3c354-d903-42b5-9101-32e815a860ae
INFO  [17:24:44.593] [bbotk] Evaluating 1 configuration(s)
INFO  [17:24:44.954] [bbotk] Result of batch 3:
INFO  [17:24:44.956] [bbotk]  num.trees classif.ce warnings errors runtime_learners
INFO  [17:24:44.956] [bbotk]        400  0.1528327        0      0            0.306
INFO  [17:24:44.956] [bbotk]                                 uhash
INFO  [17:24:44.956] [bbotk]  2c5d7b64-7c4c-4037-aabb-e6c3a4c59fc1
INFO  [17:24:44.968] [bbotk] Finished optimizing after 3 evaluation(s)
INFO  [17:24:44.969] [bbotk] Result:
INFO  [17:24:44.969] [bbotk]  num.trees learner_param_vals  x_domain classif.ce
INFO  [17:24:44.969] [bbotk]      <int>             <list>    <list>      <num>
INFO  [17:24:44.969] [bbotk]        173          <list[2]> <list[1]>  0.1396574
INFO  [17:24:45.126] [bbotk] Starting to optimize 1 parameter(s) with '<OptimizerBatchRandomSearch>' and '<TerminatorEvals> [n_evals=3, k=0]'
INFO  [17:24:45.134] [bbotk] Evaluating 1 configuration(s)
INFO  [17:24:45.412] [bbotk] Result of batch 1:
INFO  [17:24:45.413] [bbotk]  num.trees classif.ce warnings errors runtime_learners
INFO  [17:24:45.413] [bbotk]        300  0.1554677        0      0            0.228
INFO  [17:24:45.413] [bbotk]                                 uhash
INFO  [17:24:45.413] [bbotk]  f20b3093-a0b0-4bde-a5ac-24027ad40586
INFO  [17:24:45.415] [bbotk] Evaluating 1 configuration(s)
INFO  [17:24:45.558] [bbotk] Result of batch 2:
INFO  [17:24:45.559] [bbotk]  num.trees classif.ce warnings errors runtime_learners
INFO  [17:24:45.559] [bbotk]        122  0.1620553        0      0            0.098
INFO  [17:24:45.559] [bbotk]                                 uhash
INFO  [17:24:45.559] [bbotk]  2d1584ab-72a9-4927-8a1a-acc2802b47f5
INFO  [17:24:45.561] [bbotk] Evaluating 1 configuration(s)
INFO  [17:24:45.910] [bbotk] Result of batch 3:
INFO  [17:24:45.911] [bbotk]  num.trees classif.ce warnings errors runtime_learners
INFO  [17:24:45.911] [bbotk]        470  0.1554677        0      0            0.319
INFO  [17:24:45.911] [bbotk]                                 uhash
INFO  [17:24:45.911] [bbotk]  b7c5ced9-e3ff-469a-a0c3-aa321567e1ee
INFO  [17:24:45.918] [bbotk] Finished optimizing after 3 evaluation(s)
INFO  [17:24:45.918] [bbotk] Result:
INFO  [17:24:45.918] [bbotk]  num.trees learner_param_vals  x_domain classif.ce
INFO  [17:24:45.918] [bbotk]      <int>             <list>    <list>      <num>
INFO  [17:24:45.918] [bbotk]        300          <list[2]> <list[1]>  0.1554677
INFO  [17:24:46.084] [bbotk] Starting to optimize 1 parameter(s) with '<OptimizerBatchRandomSearch>' and '<TerminatorEvals> [n_evals=3, k=0]'
INFO  [17:24:46.096] [bbotk] Evaluating 1 configuration(s)
INFO  [17:24:46.254] [bbotk] Result of batch 1:
INFO  [17:24:46.256] [bbotk]  num.trees classif.ce warnings errors runtime_learners
INFO  [17:24:46.256] [bbotk]        110  0.1330698        0      0            0.094
INFO  [17:24:46.256] [bbotk]                                 uhash
INFO  [17:24:46.256] [bbotk]  e975ade6-55b5-4911-ba56-b1699ec7e5bc
INFO  [17:24:46.269] [bbotk] Evaluating 1 configuration(s)
INFO  [17:24:46.448] [bbotk] Result of batch 2:
INFO  [17:24:46.449] [bbotk]  num.trees classif.ce warnings errors runtime_learners
INFO  [17:24:46.449] [bbotk]        109    0.14361        0      0            0.117
INFO  [17:24:46.449] [bbotk]                                 uhash
INFO  [17:24:46.449] [bbotk]  8da22b35-92b7-485a-992e-71cdfcf8e823
INFO  [17:24:46.451] [bbotk] Evaluating 1 configuration(s)
INFO  [17:24:46.713] [bbotk] Result of batch 3:
INFO  [17:24:46.714] [bbotk]  num.trees classif.ce warnings errors runtime_learners
INFO  [17:24:46.714] [bbotk]        247  0.1383399        0      0            0.198
INFO  [17:24:46.714] [bbotk]                                 uhash
INFO  [17:24:46.714] [bbotk]  0b563f81-5a77-4387-ac0a-a2153bd73c56
INFO  [17:24:46.726] [bbotk] Finished optimizing after 3 evaluation(s)
INFO  [17:24:46.727] [bbotk] Result:
INFO  [17:24:46.728] [bbotk]  num.trees learner_param_vals  x_domain classif.ce
INFO  [17:24:46.728] [bbotk]      <int>             <list>    <list>      <num>
INFO  [17:24:46.728] [bbotk]        110          <list[2]> <list[1]>  0.1330698
INFO  [17:24:46.830] [bbotk] Starting to optimize 1 parameter(s) with '<OptimizerBatchRandomSearch>' and '<TerminatorEvals> [n_evals=3, k=0]'
INFO  [17:24:46.834] [bbotk] Evaluating 1 configuration(s)
INFO  [17:24:47.017] [bbotk] Result of batch 1:
INFO  [17:24:47.018] [bbotk]  num.trees classif.ce warnings errors runtime_learners
INFO  [17:24:47.018] [bbotk]        118  0.1330698        0      0            0.107
INFO  [17:24:47.018] [bbotk]                                 uhash
INFO  [17:24:47.018] [bbotk]  ae3eb1d2-a72d-4328-a7fe-6c1590ce7a02
INFO  [17:24:47.023] [bbotk] Evaluating 1 configuration(s)
INFO  [17:24:47.381] [bbotk] Result of batch 2:
INFO  [17:24:47.382] [bbotk]  num.trees classif.ce warnings errors runtime_learners
INFO  [17:24:47.382] [bbotk]        402  0.1370224        0      0            0.303
INFO  [17:24:47.382] [bbotk]                                 uhash
INFO  [17:24:47.382] [bbotk]  a87327f4-9138-4bb6-9ecb-009f5690ff29
INFO  [17:24:47.384] [bbotk] Evaluating 1 configuration(s)
INFO  [17:24:47.591] [bbotk] Result of batch 3:
INFO  [17:24:47.593] [bbotk]  num.trees classif.ce warnings errors runtime_learners
INFO  [17:24:47.593] [bbotk]        210  0.1449275        0      0            0.156
INFO  [17:24:47.593] [bbotk]                                 uhash
INFO  [17:24:47.593] [bbotk]  51b7aaea-4b77-48e5-99c0-7be7e015d4d3
INFO  [17:24:47.602] [bbotk] Finished optimizing after 3 evaluation(s)
INFO  [17:24:47.603] [bbotk] Result:
INFO  [17:24:47.604] [bbotk]  num.trees learner_param_vals  x_domain classif.ce
INFO  [17:24:47.604] [bbotk]      <int>             <list>    <list>      <num>
INFO  [17:24:47.604] [bbotk]        118          <list[2]> <list[1]>  0.1330698
INFO  [17:24:47.731] [bbotk] Starting to optimize 1 parameter(s) with '<OptimizerBatchRandomSearch>' and '<TerminatorEvals> [n_evals=3, k=0]'
INFO  [17:24:47.755] [bbotk] Evaluating 1 configuration(s)
INFO  [17:24:47.970] [bbotk] Result of batch 1:
INFO  [17:24:47.971] [bbotk]  num.trees classif.ce warnings errors runtime_learners
INFO  [17:24:47.971] [bbotk]        176  0.1394448        0      0            0.163
INFO  [17:24:47.971] [bbotk]                                 uhash
INFO  [17:24:47.971] [bbotk]  848aaea0-3a25-4e7d-8a8d-872ab0ef694c
INFO  [17:24:47.973] [bbotk] Evaluating 1 configuration(s)
INFO  [17:24:48.367] [bbotk] Result of batch 2:
INFO  [17:24:48.369] [bbotk]  num.trees classif.ce warnings errors runtime_learners
INFO  [17:24:48.369] [bbotk]        479  0.1368045        0      0            0.352
INFO  [17:24:48.369] [bbotk]                                 uhash
INFO  [17:24:48.369] [bbotk]  e08dc997-3e94-4999-bddb-f8f44efc4534
INFO  [17:24:48.377] [bbotk] Evaluating 1 configuration(s)
INFO  [17:24:48.617] [bbotk] Result of batch 3:
INFO  [17:24:48.617] [bbotk]  num.trees classif.ce warnings errors runtime_learners
INFO  [17:24:48.617] [bbotk]        230  0.1381221        0      0            0.186
INFO  [17:24:48.617] [bbotk]                                 uhash
INFO  [17:24:48.617] [bbotk]  1e94592e-61aa-4372-b69c-d007301bc4ab
INFO  [17:24:48.623] [bbotk] Finished optimizing after 3 evaluation(s)
INFO  [17:24:48.623] [bbotk] Result:
INFO  [17:24:48.624] [bbotk]  num.trees learner_param_vals  x_domain classif.ce
INFO  [17:24:48.624] [bbotk]      <int>             <list>    <list>      <num>
INFO  [17:24:48.624] [bbotk]        479          <list[2]> <list[1]>  0.1368045

### [bt]: Job terminated successfully [batchtools job.id=2895]
### [bt]: Calculation finished!
