### [bt]: This is batchtools v0.9.17
### [bt]: Starting calculation of 5 jobs
### [bt]: Setting working directory to '/Users/User/Documents/Studium/Semester8/Hiwi/mlr3calibration/vignettes'
### [bt]: Memory measurement disabled
### [bt]: Starting job [batchtools job.id=956]
### [bt]: Generating problem instance for problem '698720b8ce42ae0c' ...
### [bt]: Applying algorithm 'run_learner' on problem '698720b8ce42ae0c' for job 956 (seed = 957) ...
INFO  [16:43:17.427] [mlr3] Applying learner 'classif.ranger.tuned_calib.perfold_platt' on task 'pc4' (iter 6/10)
INFO  [16:43:17.498] [bbotk] Starting to optimize 1 parameter(s) with '<OptimizerBatchRandomSearch>' and '<TerminatorEvals> [n_evals=3, k=0]'
INFO  [16:43:17.503] [bbotk] Evaluating 1 configuration(s)
INFO  [16:43:17.894] [bbotk] Result of batch 1:
INFO  [16:43:17.896] [bbotk]  num.trees classif.ce warnings errors runtime_learners
INFO  [16:43:17.896] [bbotk]        400 0.09722745        0      0            0.347
INFO  [16:43:17.896] [bbotk]                                 uhash
INFO  [16:43:17.896] [bbotk]  6bd9228c-bb3f-4ec9-b9e5-757d11ad3d1e
INFO  [16:43:17.905] [bbotk] Evaluating 1 configuration(s)
INFO  [16:43:18.154] [bbotk] Result of batch 2:
INFO  [16:43:18.155] [bbotk]  num.trees classif.ce warnings errors runtime_learners
INFO  [16:43:18.155] [bbotk]        265  0.1019921        0      0            0.204
INFO  [16:43:18.155] [bbotk]                                 uhash
INFO  [16:43:18.155] [bbotk]  0de85a78-b1fd-4122-8a1b-798e7e4fab72
INFO  [16:43:18.161] [bbotk] Evaluating 1 configuration(s)
INFO  [16:43:18.495] [bbotk] Result of batch 3:
INFO  [16:43:18.496] [bbotk]  num.trees classif.ce warnings errors runtime_learners
INFO  [16:43:18.496] [bbotk]        404 0.09818529        0      0            0.286
INFO  [16:43:18.496] [bbotk]                                 uhash
INFO  [16:43:18.496] [bbotk]  8698a899-ddf6-4b9f-8800-3a44985ac46c
INFO  [16:43:18.508] [bbotk] Finished optimizing after 3 evaluation(s)
INFO  [16:43:18.508] [bbotk] Result:
INFO  [16:43:18.510] [bbotk]  num.trees learner_param_vals  x_domain classif.ce
INFO  [16:43:18.510] [bbotk]      <int>             <list>    <list>      <num>
INFO  [16:43:18.510] [bbotk]        400          <list[2]> <list[1]> 0.09722745
INFO  [16:43:18.749] [bbotk] Starting to optimize 1 parameter(s) with '<OptimizerBatchRandomSearch>' and '<TerminatorEvals> [n_evals=3, k=0]'
INFO  [16:43:18.760] [bbotk] Evaluating 1 configuration(s)
INFO  [16:43:19.039] [bbotk] Result of batch 1:
INFO  [16:43:19.040] [bbotk]  num.trees classif.ce warnings errors runtime_learners
INFO  [16:43:19.040] [bbotk]        282  0.1000873        0      0            0.224
INFO  [16:43:19.040] [bbotk]                                 uhash
INFO  [16:43:19.040] [bbotk]  867172c9-982b-44e9-b5f1-5b2b738e0793
INFO  [16:43:19.043] [bbotk] Evaluating 1 configuration(s)
INFO  [16:43:19.271] [bbotk] Result of batch 2:
INFO  [16:43:19.272] [bbotk]  num.trees classif.ce warnings errors runtime_learners
INFO  [16:43:19.272] [bbotk]        200  0.1038996        0      0            0.175
INFO  [16:43:19.272] [bbotk]                                 uhash
INFO  [16:43:19.272] [bbotk]  d1a6eafa-adca-4924-aa18-81895084dd25
INFO  [16:43:19.275] [bbotk] Evaluating 1 configuration(s)
INFO  [16:43:19.441] [bbotk] Result of batch 3:
INFO  [16:43:19.443] [bbotk]  num.trees classif.ce warnings errors runtime_learners
INFO  [16:43:19.443] [bbotk]        141  0.1048574        0      0            0.133
INFO  [16:43:19.443] [bbotk]                                 uhash
INFO  [16:43:19.443] [bbotk]  4e65ae12-13cb-4612-9827-dc2578d20e7d
INFO  [16:43:19.463] [bbotk] Finished optimizing after 3 evaluation(s)
INFO  [16:43:19.464] [bbotk] Result:
INFO  [16:43:19.466] [bbotk]  num.trees learner_param_vals  x_domain classif.ce
INFO  [16:43:19.466] [bbotk]      <int>             <list>    <list>      <num>
INFO  [16:43:19.466] [bbotk]        282          <list[2]> <list[1]>  0.1000873
INFO  [16:43:19.634] [bbotk] Starting to optimize 1 parameter(s) with '<OptimizerBatchRandomSearch>' and '<TerminatorEvals> [n_evals=3, k=0]'
INFO  [16:43:19.643] [bbotk] Evaluating 1 configuration(s)
INFO  [16:43:19.874] [bbotk] Result of batch 1:
INFO  [16:43:19.876] [bbotk]  num.trees classif.ce warnings errors runtime_learners
INFO  [16:43:19.876] [bbotk]        146 0.09904762        0      0            0.169
INFO  [16:43:19.876] [bbotk]                                 uhash
INFO  [16:43:19.876] [bbotk]  e272e386-18e3-479a-9346-5be4164b9388
INFO  [16:43:19.884] [bbotk] Evaluating 1 configuration(s)
INFO  [16:43:20.329] [bbotk] Result of batch 2:
INFO  [16:43:20.331] [bbotk]  num.trees classif.ce warnings errors runtime_learners
INFO  [16:43:20.331] [bbotk]        453        0.1        0      0            0.415
INFO  [16:43:20.331] [bbotk]                                 uhash
INFO  [16:43:20.331] [bbotk]  8d9aa5e6-9e80-428f-8b75-a120096f8710
INFO  [16:43:20.337] [bbotk] Evaluating 1 configuration(s)
INFO  [16:43:20.742] [bbotk] Result of batch 3:
INFO  [16:43:20.743] [bbotk]  num.trees classif.ce warnings errors runtime_learners
INFO  [16:43:20.743] [bbotk]        457 0.09904762        0      0            0.363
INFO  [16:43:20.743] [bbotk]                                 uhash
INFO  [16:43:20.743] [bbotk]  3286015a-2769-420e-8a4b-d42909a18b65
INFO  [16:43:20.758] [bbotk] Finished optimizing after 3 evaluation(s)
INFO  [16:43:20.759] [bbotk] Result:
INFO  [16:43:20.759] [bbotk]  num.trees learner_param_vals  x_domain classif.ce
INFO  [16:43:20.759] [bbotk]      <int>             <list>    <list>      <num>
INFO  [16:43:20.759] [bbotk]        146          <list[2]> <list[1]> 0.09904762
INFO  [16:43:20.888] [bbotk] Starting to optimize 1 parameter(s) with '<OptimizerBatchRandomSearch>' and '<TerminatorEvals> [n_evals=3, k=0]'
INFO  [16:43:20.919] [bbotk] Evaluating 1 configuration(s)
INFO  [16:43:21.284] [bbotk] Result of batch 1:
INFO  [16:43:21.286] [bbotk]  num.trees classif.ce warnings errors runtime_learners
INFO  [16:43:21.286] [bbotk]        351 0.08380952        0      0            0.289
INFO  [16:43:21.286] [bbotk]                                 uhash
INFO  [16:43:21.286] [bbotk]  3b784ab3-a1ff-4329-bba7-42ced4480b0e
INFO  [16:43:21.291] [bbotk] Evaluating 1 configuration(s)
INFO  [16:43:21.484] [bbotk] Result of batch 2:
INFO  [16:43:21.486] [bbotk]  num.trees classif.ce warnings errors runtime_learners
INFO  [16:43:21.486] [bbotk]        104 0.08095238        0      0            0.134
INFO  [16:43:21.486] [bbotk]                                 uhash
INFO  [16:43:21.486] [bbotk]  c2d7401c-cf0d-4837-ae26-611c4322df0d
INFO  [16:43:21.505] [bbotk] Evaluating 1 configuration(s)
INFO  [16:43:21.762] [bbotk] Result of batch 3:
INFO  [16:43:21.763] [bbotk]  num.trees classif.ce warnings errors runtime_learners
INFO  [16:43:21.763] [bbotk]        182  0.0847619        0      0            0.188
INFO  [16:43:21.763] [bbotk]                                 uhash
INFO  [16:43:21.763] [bbotk]  4499b67b-cf86-4658-9e89-76a27435563e
INFO  [16:43:21.773] [bbotk] Finished optimizing after 3 evaluation(s)
INFO  [16:43:21.773] [bbotk] Result:
INFO  [16:43:21.776] [bbotk]  num.trees learner_param_vals  x_domain classif.ce
INFO  [16:43:21.776] [bbotk]      <int>             <list>    <list>      <num>
INFO  [16:43:21.776] [bbotk]        104          <list[2]> <list[1]> 0.08095238
INFO  [16:43:21.954] [bbotk] Starting to optimize 1 parameter(s) with '<OptimizerBatchRandomSearch>' and '<TerminatorEvals> [n_evals=3, k=0]'
INFO  [16:43:21.969] [bbotk] Evaluating 1 configuration(s)
INFO  [16:43:22.412] [bbotk] Result of batch 1:
INFO  [16:43:22.413] [bbotk]  num.trees classif.ce warnings errors runtime_learners
INFO  [16:43:22.413] [bbotk]        492  0.1085714        0      0            0.395
INFO  [16:43:22.413] [bbotk]                                 uhash
INFO  [16:43:22.413] [bbotk]  71401baf-b57a-4e45-9c5c-98ebdefeec27
INFO  [16:43:22.418] [bbotk] Evaluating 1 configuration(s)
INFO  [16:43:22.750] [bbotk] Result of batch 2:
INFO  [16:43:22.751] [bbotk]  num.trees classif.ce warnings errors runtime_learners
INFO  [16:43:22.751] [bbotk]        347  0.1114286        0      0            0.292
INFO  [16:43:22.751] [bbotk]                                 uhash
INFO  [16:43:22.751] [bbotk]  fec7b447-bccb-4f3d-9a62-83de758421ba
INFO  [16:43:22.753] [bbotk] Evaluating 1 configuration(s)
INFO  [16:43:23.142] [bbotk] Result of batch 3:
INFO  [16:43:23.142] [bbotk]  num.trees classif.ce warnings errors runtime_learners
INFO  [16:43:23.142] [bbotk]        440  0.1114286        0      0            0.347
INFO  [16:43:23.142] [bbotk]                                 uhash
INFO  [16:43:23.142] [bbotk]  8def9ea3-e91c-4eaf-ac92-9b6d8464e462
INFO  [16:43:23.149] [bbotk] Finished optimizing after 3 evaluation(s)
INFO  [16:43:23.149] [bbotk] Result:
INFO  [16:43:23.151] [bbotk]  num.trees learner_param_vals  x_domain classif.ce
INFO  [16:43:23.151] [bbotk]      <int>             <list>    <list>      <num>
INFO  [16:43:23.151] [bbotk]        492          <list[2]> <list[1]>  0.1085714

### [bt]: Job terminated successfully [batchtools job.id=956]
### [bt]: Starting job [batchtools job.id=957]
### [bt]: Generating problem instance for problem '698720b8ce42ae0c' ...
### [bt]: Applying algorithm 'run_learner' on problem '698720b8ce42ae0c' for job 957 (seed = 958) ...
INFO  [16:43:23.754] [mlr3] Applying learner 'classif.ranger.tuned_calib.perfold_platt' on task 'pc4' (iter 7/10)
INFO  [16:43:23.843] [bbotk] Starting to optimize 1 parameter(s) with '<OptimizerBatchRandomSearch>' and '<TerminatorEvals> [n_evals=3, k=0]'
INFO  [16:43:23.857] [bbotk] Evaluating 1 configuration(s)
INFO  [16:43:24.099] [bbotk] Result of batch 1:
INFO  [16:43:24.101] [bbotk]  num.trees classif.ce warnings errors runtime_learners
INFO  [16:43:24.101] [bbotk]        122  0.1124983        0      0            0.178
INFO  [16:43:24.101] [bbotk]                                 uhash
INFO  [16:43:24.101] [bbotk]  3c940d6b-98f2-4b47-b974-dc4478c8d093
INFO  [16:43:24.106] [bbotk] Evaluating 1 configuration(s)
INFO  [16:43:24.331] [bbotk] Result of batch 2:
INFO  [16:43:24.332] [bbotk]  num.trees classif.ce warnings errors runtime_learners
INFO  [16:43:24.332] [bbotk]        132  0.1086833        0      0            0.163
INFO  [16:43:24.332] [bbotk]                                 uhash
INFO  [16:43:24.332] [bbotk]  7258f91c-f069-4998-ba28-88533675e5aa
INFO  [16:43:24.334] [bbotk] Evaluating 1 configuration(s)
INFO  [16:43:24.770] [bbotk] Result of batch 3:
INFO  [16:43:24.771] [bbotk]  num.trees classif.ce warnings errors runtime_learners
INFO  [16:43:24.771] [bbotk]        396  0.1067867        0      0             0.37
INFO  [16:43:24.771] [bbotk]                                 uhash
INFO  [16:43:24.771] [bbotk]  d81ab351-00d1-485b-a22a-a875e4b505c3
INFO  [16:43:24.791] [bbotk] Finished optimizing after 3 evaluation(s)
INFO  [16:43:24.792] [bbotk] Result:
INFO  [16:43:24.793] [bbotk]  num.trees learner_param_vals  x_domain classif.ce
INFO  [16:43:24.793] [bbotk]      <int>             <list>    <list>      <num>
INFO  [16:43:24.793] [bbotk]        396          <list[2]> <list[1]>  0.1067867
INFO  [16:43:25.020] [bbotk] Starting to optimize 1 parameter(s) with '<OptimizerBatchRandomSearch>' and '<TerminatorEvals> [n_evals=3, k=0]'
INFO  [16:43:25.029] [bbotk] Evaluating 1 configuration(s)
INFO  [16:43:25.398] [bbotk] Result of batch 1:
INFO  [16:43:25.400] [bbotk]  num.trees classif.ce warnings errors runtime_learners
INFO  [16:43:25.400] [bbotk]        455  0.1039078        0      0            0.335
INFO  [16:43:25.400] [bbotk]                                 uhash
INFO  [16:43:25.400] [bbotk]  dd5c595d-c7a7-48c6-8d22-8f3841492bb7
INFO  [16:43:25.405] [bbotk] Evaluating 1 configuration(s)
INFO  [16:43:25.578] [bbotk] Result of batch 2:
INFO  [16:43:25.579] [bbotk]  num.trees classif.ce warnings errors runtime_learners
INFO  [16:43:25.579] [bbotk]        122  0.1029554        0      0            0.125
INFO  [16:43:25.579] [bbotk]                                 uhash
INFO  [16:43:25.579] [bbotk]  2afe1afa-109e-46b2-81fb-a8379e9e2748
INFO  [16:43:25.584] [bbotk] Evaluating 1 configuration(s)
INFO  [16:43:26.005] [bbotk] Result of batch 3:
INFO  [16:43:26.006] [bbotk]  num.trees classif.ce warnings errors runtime_learners
INFO  [16:43:26.006] [bbotk]        410  0.1029608        0      0            0.359
INFO  [16:43:26.006] [bbotk]                                 uhash
INFO  [16:43:26.006] [bbotk]  956cc866-e485-4aa0-9724-c9e362ef3816
INFO  [16:43:26.013] [bbotk] Finished optimizing after 3 evaluation(s)
INFO  [16:43:26.013] [bbotk] Result:
INFO  [16:43:26.014] [bbotk]  num.trees learner_param_vals  x_domain classif.ce
INFO  [16:43:26.014] [bbotk]      <int>             <list>    <list>      <num>
INFO  [16:43:26.014] [bbotk]        122          <list[2]> <list[1]>  0.1029554
INFO  [16:43:26.099] [bbotk] Starting to optimize 1 parameter(s) with '<OptimizerBatchRandomSearch>' and '<TerminatorEvals> [n_evals=3, k=0]'
INFO  [16:43:26.103] [bbotk] Evaluating 1 configuration(s)
INFO  [16:43:26.469] [bbotk] Result of batch 1:
INFO  [16:43:26.470] [bbotk]  num.trees classif.ce warnings errors runtime_learners
INFO  [16:43:26.470] [bbotk]        403 0.08761905        0      0            0.315
INFO  [16:43:26.470] [bbotk]                                 uhash
INFO  [16:43:26.470] [bbotk]  68cea9b6-a8d4-4ab3-a1ec-285c43792b8a
INFO  [16:43:26.472] [bbotk] Evaluating 1 configuration(s)
INFO  [16:43:26.695] [bbotk] Result of batch 2:
INFO  [16:43:26.697] [bbotk]  num.trees classif.ce warnings errors runtime_learners
INFO  [16:43:26.697] [bbotk]        201 0.09333333        0      0            0.157
INFO  [16:43:26.697] [bbotk]                                 uhash
INFO  [16:43:26.697] [bbotk]  3faca529-613e-4c7f-ad60-dc481cb8dafd
INFO  [16:43:26.703] [bbotk] Evaluating 1 configuration(s)
INFO  [16:43:27.116] [bbotk] Result of batch 3:
INFO  [16:43:27.117] [bbotk]  num.trees classif.ce warnings errors runtime_learners
INFO  [16:43:27.117] [bbotk]        439 0.09142857        0      0            0.367
INFO  [16:43:27.117] [bbotk]                                 uhash
INFO  [16:43:27.117] [bbotk]  d65b4198-b12e-408a-b720-08c855aa557a
INFO  [16:43:27.149] [bbotk] Finished optimizing after 3 evaluation(s)
INFO  [16:43:27.150] [bbotk] Result:
INFO  [16:43:27.150] [bbotk]  num.trees learner_param_vals  x_domain classif.ce
INFO  [16:43:27.150] [bbotk]      <int>             <list>    <list>      <num>
INFO  [16:43:27.150] [bbotk]        403          <list[2]> <list[1]> 0.08761905
INFO  [16:43:27.367] [bbotk] Starting to optimize 1 parameter(s) with '<OptimizerBatchRandomSearch>' and '<TerminatorEvals> [n_evals=3, k=0]'
INFO  [16:43:27.391] [bbotk] Evaluating 1 configuration(s)
INFO  [16:43:27.620] [bbotk] Result of batch 1:
INFO  [16:43:27.622] [bbotk]  num.trees classif.ce warnings errors runtime_learners
INFO  [16:43:27.622] [bbotk]        201 0.09619048        0      0            0.166
INFO  [16:43:27.622] [bbotk]                                 uhash
INFO  [16:43:27.622] [bbotk]  8bac098e-98cb-46bf-af95-51dedb4776f3
INFO  [16:43:27.627] [bbotk] Evaluating 1 configuration(s)
INFO  [16:43:27.844] [bbotk] Result of batch 2:
INFO  [16:43:27.845] [bbotk]  num.trees classif.ce warnings errors runtime_learners
INFO  [16:43:27.845] [bbotk]        198        0.1        0      0            0.168
INFO  [16:43:27.845] [bbotk]                                 uhash
INFO  [16:43:27.845] [bbotk]  529fd3ee-f758-436b-ba34-4e8599dbcb13
INFO  [16:43:27.847] [bbotk] Evaluating 1 configuration(s)
INFO  [16:43:28.258] [bbotk] Result of batch 3:
INFO  [16:43:28.259] [bbotk]  num.trees classif.ce warnings errors runtime_learners
INFO  [16:43:28.259] [bbotk]        412  0.0952381        0      0            0.343
INFO  [16:43:28.259] [bbotk]                                 uhash
INFO  [16:43:28.259] [bbotk]  8cce2b20-2425-427e-a706-76f720de907e
INFO  [16:43:28.270] [bbotk] Finished optimizing after 3 evaluation(s)
INFO  [16:43:28.270] [bbotk] Result:
INFO  [16:43:28.271] [bbotk]  num.trees learner_param_vals  x_domain classif.ce
INFO  [16:43:28.271] [bbotk]      <int>             <list>    <list>      <num>
INFO  [16:43:28.271] [bbotk]        412          <list[2]> <list[1]>  0.0952381
INFO  [16:43:28.516] [bbotk] Starting to optimize 1 parameter(s) with '<OptimizerBatchRandomSearch>' and '<TerminatorEvals> [n_evals=3, k=0]'
INFO  [16:43:28.523] [bbotk] Evaluating 1 configuration(s)
INFO  [16:43:28.890] [bbotk] Result of batch 1:
INFO  [16:43:28.891] [bbotk]  num.trees classif.ce warnings errors runtime_learners
INFO  [16:43:28.891] [bbotk]        418 0.09904762        0      0            0.312
INFO  [16:43:28.891] [bbotk]                                 uhash
INFO  [16:43:28.891] [bbotk]  5092fcd7-510d-4bdb-a2da-a47ec78b3d82
INFO  [16:43:28.896] [bbotk] Evaluating 1 configuration(s)
INFO  [16:43:29.282] [bbotk] Result of batch 2:
INFO  [16:43:29.285] [bbotk]  num.trees classif.ce warnings errors runtime_learners
INFO  [16:43:29.285] [bbotk]        468 0.09809524        0      0            0.317
INFO  [16:43:29.285] [bbotk]                                 uhash
INFO  [16:43:29.285] [bbotk]  9a3ab99e-ec4e-496f-bcfc-e715a5068086
INFO  [16:43:29.292] [bbotk] Evaluating 1 configuration(s)
INFO  [16:43:29.595] [bbotk] Result of batch 3:
INFO  [16:43:29.596] [bbotk]  num.trees classif.ce warnings errors runtime_learners
INFO  [16:43:29.596] [bbotk]        267  0.1009524        0      0            0.231
INFO  [16:43:29.596] [bbotk]                                 uhash
INFO  [16:43:29.596] [bbotk]  658a8e95-a8bb-460d-9a6c-aa4437d2206d
INFO  [16:43:29.607] [bbotk] Finished optimizing after 3 evaluation(s)
INFO  [16:43:29.608] [bbotk] Result:
INFO  [16:43:29.609] [bbotk]  num.trees learner_param_vals  x_domain classif.ce
INFO  [16:43:29.609] [bbotk]      <int>             <list>    <list>      <num>
INFO  [16:43:29.609] [bbotk]        468          <list[2]> <list[1]> 0.09809524

### [bt]: Job terminated successfully [batchtools job.id=957]
### [bt]: Starting job [batchtools job.id=958]
### [bt]: Generating problem instance for problem '698720b8ce42ae0c' ...
### [bt]: Applying algorithm 'run_learner' on problem '698720b8ce42ae0c' for job 958 (seed = 959) ...
INFO  [16:43:30.217] [mlr3] Applying learner 'classif.ranger.tuned_calib.perfold_platt' on task 'pc4' (iter 8/10)
INFO  [16:43:30.300] [bbotk] Starting to optimize 1 parameter(s) with '<OptimizerBatchRandomSearch>' and '<TerminatorEvals> [n_evals=3, k=0]'
INFO  [16:43:30.310] [bbotk] Evaluating 1 configuration(s)
INFO  [16:43:30.741] [bbotk] Result of batch 1:
INFO  [16:43:30.742] [bbotk]  num.trees classif.ce warnings errors runtime_learners
INFO  [16:43:30.742] [bbotk]        473  0.0934152        0      0            0.394
INFO  [16:43:30.742] [bbotk]                                 uhash
INFO  [16:43:30.742] [bbotk]  8a49a3e4-9287-4da9-b88c-51763171ec91
INFO  [16:43:30.751] [bbotk] Evaluating 1 configuration(s)
INFO  [16:43:31.121] [bbotk] Result of batch 2:
INFO  [16:43:31.124] [bbotk]  num.trees classif.ce warnings errors runtime_learners
INFO  [16:43:31.124] [bbotk]        384 0.09341247        0      0            0.312
INFO  [16:43:31.124] [bbotk]                                 uhash
INFO  [16:43:31.124] [bbotk]  528fd1af-7928-4db5-a93b-e7c35a70b9fc
INFO  [16:43:31.127] [bbotk] Evaluating 1 configuration(s)
INFO  [16:43:31.505] [bbotk] Result of batch 3:
INFO  [16:43:31.506] [bbotk]  num.trees classif.ce warnings errors runtime_learners
INFO  [16:43:31.506] [bbotk]        398 0.09246555        0      0            0.343
INFO  [16:43:31.506] [bbotk]                                 uhash
INFO  [16:43:31.506] [bbotk]  8fdc5f6a-efc1-4628-8caa-4515e8c1ff42
INFO  [16:43:31.513] [bbotk] Finished optimizing after 3 evaluation(s)
INFO  [16:43:31.513] [bbotk] Result:
INFO  [16:43:31.514] [bbotk]  num.trees learner_param_vals  x_domain classif.ce
INFO  [16:43:31.514] [bbotk]      <int>             <list>    <list>      <num>
INFO  [16:43:31.514] [bbotk]        398          <list[2]> <list[1]> 0.09246555
INFO  [16:43:31.713] [bbotk] Starting to optimize 1 parameter(s) with '<OptimizerBatchRandomSearch>' and '<TerminatorEvals> [n_evals=3, k=0]'
INFO  [16:43:31.723] [bbotk] Evaluating 1 configuration(s)
INFO  [16:43:32.004] [bbotk] Result of batch 1:
INFO  [16:43:32.005] [bbotk]  num.trees classif.ce warnings errors runtime_learners
INFO  [16:43:32.005] [bbotk]        249  0.1029472        0      0            0.229
INFO  [16:43:32.005] [bbotk]                                 uhash
INFO  [16:43:32.005] [bbotk]  b081a040-ff18-4d09-9312-fbd4e7f234b4
INFO  [16:43:32.011] [bbotk] Evaluating 1 configuration(s)
INFO  [16:43:32.486] [bbotk] Result of batch 2:
INFO  [16:43:32.486] [bbotk]  num.trees classif.ce warnings errors runtime_learners
INFO  [16:43:32.486] [bbotk]        487  0.1038941        0      0            0.401
INFO  [16:43:32.486] [bbotk]                                 uhash
INFO  [16:43:32.486] [bbotk]  df2a95c7-ff72-4cf3-b7f1-17cfa0f28941
INFO  [16:43:32.489] [bbotk] Evaluating 1 configuration(s)
INFO  [16:43:32.792] [bbotk] Result of batch 3:
INFO  [16:43:32.793] [bbotk]  num.trees classif.ce warnings errors runtime_learners
INFO  [16:43:32.793] [bbotk]        299  0.1048547        0      0            0.265
INFO  [16:43:32.793] [bbotk]                                 uhash
INFO  [16:43:32.793] [bbotk]  c748f599-0f81-4457-9199-bdd94ae38d9f
INFO  [16:43:32.811] [bbotk] Finished optimizing after 3 evaluation(s)
INFO  [16:43:32.811] [bbotk] Result:
INFO  [16:43:32.812] [bbotk]  num.trees learner_param_vals  x_domain classif.ce
INFO  [16:43:32.812] [bbotk]      <int>             <list>    <list>      <num>
INFO  [16:43:32.812] [bbotk]        249          <list[2]> <list[1]>  0.1029472
INFO  [16:43:32.953] [bbotk] Starting to optimize 1 parameter(s) with '<OptimizerBatchRandomSearch>' and '<TerminatorEvals> [n_evals=3, k=0]'
INFO  [16:43:32.964] [bbotk] Evaluating 1 configuration(s)
INFO  [16:43:33.198] [bbotk] Result of batch 1:
INFO  [16:43:33.199] [bbotk]  num.trees classif.ce warnings errors runtime_learners
INFO  [16:43:33.199] [bbotk]        172  0.1095238        0      0            0.162
INFO  [16:43:33.199] [bbotk]                                 uhash
INFO  [16:43:33.199] [bbotk]  aa92ec45-d383-4a4b-952e-acfe5dce6695
INFO  [16:43:33.202] [bbotk] Evaluating 1 configuration(s)
INFO  [16:43:33.485] [bbotk] Result of batch 2:
INFO  [16:43:33.488] [bbotk]  num.trees classif.ce warnings errors runtime_learners
INFO  [16:43:33.488] [bbotk]        260  0.1085714        0      0            0.222
INFO  [16:43:33.488] [bbotk]                                 uhash
INFO  [16:43:33.488] [bbotk]  eb119ea7-a4b1-4fd7-a722-4ae7c26842f0
INFO  [16:43:33.522] [bbotk] Evaluating 1 configuration(s)
INFO  [16:43:33.959] [bbotk] Result of batch 3:
INFO  [16:43:33.960] [bbotk]  num.trees classif.ce warnings errors runtime_learners
INFO  [16:43:33.960] [bbotk]        453  0.1104762        0      0            0.386
INFO  [16:43:33.960] [bbotk]                                 uhash
INFO  [16:43:33.960] [bbotk]  4752be6a-7f2f-4880-be15-8b6aabd40c74
INFO  [16:43:33.969] [bbotk] Finished optimizing after 3 evaluation(s)
INFO  [16:43:33.969] [bbotk] Result:
INFO  [16:43:33.970] [bbotk]  num.trees learner_param_vals  x_domain classif.ce
INFO  [16:43:33.970] [bbotk]      <int>             <list>    <list>      <num>
INFO  [16:43:33.970] [bbotk]        260          <list[2]> <list[1]>  0.1085714
INFO  [16:43:34.172] [bbotk] Starting to optimize 1 parameter(s) with '<OptimizerBatchRandomSearch>' and '<TerminatorEvals> [n_evals=3, k=0]'
INFO  [16:43:34.182] [bbotk] Evaluating 1 configuration(s)
INFO  [16:43:34.429] [bbotk] Result of batch 1:
INFO  [16:43:34.430] [bbotk]  num.trees classif.ce warnings errors runtime_learners
INFO  [16:43:34.430] [bbotk]        225  0.1057143        0      0            0.187
INFO  [16:43:34.430] [bbotk]                                 uhash
INFO  [16:43:34.430] [bbotk]  1710f7a4-c31c-4102-bc3d-31037aa6ec3b
INFO  [16:43:34.441] [bbotk] Evaluating 1 configuration(s)
INFO  [16:43:34.800] [bbotk] Result of batch 2:
INFO  [16:43:34.801] [bbotk]  num.trees classif.ce warnings errors runtime_learners
INFO  [16:43:34.801] [bbotk]        389  0.1095238        0      0            0.313
INFO  [16:43:34.801] [bbotk]                                 uhash
INFO  [16:43:34.801] [bbotk]  d1aa0559-1c0a-4bc5-a7da-de9f8fd74028
INFO  [16:43:34.803] [bbotk] Evaluating 1 configuration(s)
INFO  [16:43:35.335] [bbotk] Result of batch 3:
INFO  [16:43:35.342] [bbotk]  num.trees classif.ce warnings errors runtime_learners
INFO  [16:43:35.342] [bbotk]        471  0.1066667        0      0            0.473
INFO  [16:43:35.342] [bbotk]                                 uhash
INFO  [16:43:35.342] [bbotk]  51b45589-0545-4cb2-a8d3-18f6e840db37
INFO  [16:43:35.360] [bbotk] Finished optimizing after 3 evaluation(s)
INFO  [16:43:35.360] [bbotk] Result:
INFO  [16:43:35.363] [bbotk]  num.trees learner_param_vals  x_domain classif.ce
INFO  [16:43:35.363] [bbotk]      <int>             <list>    <list>      <num>
INFO  [16:43:35.363] [bbotk]        225          <list[2]> <list[1]>  0.1057143
INFO  [16:43:35.551] [bbotk] Starting to optimize 1 parameter(s) with '<OptimizerBatchRandomSearch>' and '<TerminatorEvals> [n_evals=3, k=0]'
INFO  [16:43:35.567] [bbotk] Evaluating 1 configuration(s)
INFO  [16:43:35.861] [bbotk] Result of batch 1:
INFO  [16:43:35.863] [bbotk]  num.trees classif.ce warnings errors runtime_learners
INFO  [16:43:35.863] [bbotk]        214 0.09714286        0      0            0.225
INFO  [16:43:35.863] [bbotk]                                 uhash
INFO  [16:43:35.863] [bbotk]  72eb4f5e-e5fc-41cf-a369-2d079d87da52
INFO  [16:43:35.868] [bbotk] Evaluating 1 configuration(s)
INFO  [16:43:36.252] [bbotk] Result of batch 2:
INFO  [16:43:36.253] [bbotk]  num.trees classif.ce warnings errors runtime_learners
INFO  [16:43:36.253] [bbotk]        387 0.09809524        0      0            0.318
INFO  [16:43:36.253] [bbotk]                                 uhash
INFO  [16:43:36.253] [bbotk]  434905bd-fcc2-4827-aa5f-aff32ad8efb5
INFO  [16:43:36.261] [bbotk] Evaluating 1 configuration(s)
INFO  [16:43:36.521] [bbotk] Result of batch 3:
INFO  [16:43:36.529] [bbotk]  num.trees classif.ce warnings errors runtime_learners
INFO  [16:43:36.529] [bbotk]        179 0.09619048        0      0             0.15
INFO  [16:43:36.529] [bbotk]                                 uhash
INFO  [16:43:36.529] [bbotk]  ef1b4c34-7274-422f-9b2e-c177019ba489
INFO  [16:43:36.631] [bbotk] Finished optimizing after 3 evaluation(s)
INFO  [16:43:36.632] [bbotk] Result:
INFO  [16:43:36.635] [bbotk]  num.trees learner_param_vals  x_domain classif.ce
INFO  [16:43:36.635] [bbotk]      <int>             <list>    <list>      <num>
INFO  [16:43:36.635] [bbotk]        179          <list[2]> <list[1]> 0.09619048

### [bt]: Job terminated successfully [batchtools job.id=958]
### [bt]: Starting job [batchtools job.id=959]
### [bt]: Generating problem instance for problem '698720b8ce42ae0c' ...
### [bt]: Applying algorithm 'run_learner' on problem '698720b8ce42ae0c' for job 959 (seed = 960) ...
INFO  [16:43:37.268] [mlr3] Applying learner 'classif.ranger.tuned_calib.perfold_platt' on task 'pc4' (iter 9/10)
INFO  [16:43:37.383] [bbotk] Starting to optimize 1 parameter(s) with '<OptimizerBatchRandomSearch>' and '<TerminatorEvals> [n_evals=3, k=0]'
INFO  [16:43:37.399] [bbotk] Evaluating 1 configuration(s)
INFO  [16:43:37.740] [bbotk] Result of batch 1:
INFO  [16:43:37.745] [bbotk]  num.trees classif.ce warnings errors runtime_learners
INFO  [16:43:37.745] [bbotk]        229  0.1057143        0      0            0.217
INFO  [16:43:37.745] [bbotk]                                 uhash
INFO  [16:43:37.745] [bbotk]  22c8bd37-42c7-4185-bffc-8cf2128652e4
INFO  [16:43:37.753] [bbotk] Evaluating 1 configuration(s)
INFO  [16:43:38.131] [bbotk] Result of batch 2:
INFO  [16:43:38.134] [bbotk]  num.trees classif.ce warnings errors runtime_learners
INFO  [16:43:38.134] [bbotk]        360  0.1114286        0      0            0.299
INFO  [16:43:38.134] [bbotk]                                 uhash
INFO  [16:43:38.134] [bbotk]  2c634707-f98b-462b-ab99-dfbfe4b58f55
INFO  [16:43:38.138] [bbotk] Evaluating 1 configuration(s)
INFO  [16:43:38.366] [bbotk] Result of batch 3:
INFO  [16:43:38.367] [bbotk]  num.trees classif.ce warnings errors runtime_learners
INFO  [16:43:38.367] [bbotk]        165  0.1028571        0      0            0.156
INFO  [16:43:38.367] [bbotk]                                 uhash
INFO  [16:43:38.367] [bbotk]  64a1764c-8adb-4acf-9292-c27baf189222
INFO  [16:43:38.374] [bbotk] Finished optimizing after 3 evaluation(s)
INFO  [16:43:38.375] [bbotk] Result:
INFO  [16:43:38.375] [bbotk]  num.trees learner_param_vals  x_domain classif.ce
INFO  [16:43:38.375] [bbotk]      <int>             <list>    <list>      <num>
INFO  [16:43:38.375] [bbotk]        165          <list[2]> <list[1]>  0.1028571
INFO  [16:43:38.548] [bbotk] Starting to optimize 1 parameter(s) with '<OptimizerBatchRandomSearch>' and '<TerminatorEvals> [n_evals=3, k=0]'
INFO  [16:43:38.564] [bbotk] Evaluating 1 configuration(s)
INFO  [16:43:38.926] [bbotk] Result of batch 1:
INFO  [16:43:38.927] [bbotk]  num.trees classif.ce warnings errors runtime_learners
INFO  [16:43:38.927] [bbotk]        320 0.09238095        0      0            0.261
INFO  [16:43:38.927] [bbotk]                                 uhash
INFO  [16:43:38.927] [bbotk]  d65e33c4-630f-4a7f-b7e4-24e63ec43d80
INFO  [16:43:38.929] [bbotk] Evaluating 1 configuration(s)
INFO  [16:43:39.179] [bbotk] Result of batch 2:
INFO  [16:43:39.181] [bbotk]  num.trees classif.ce warnings errors runtime_learners
INFO  [16:43:39.181] [bbotk]        208 0.09428571        0      0            0.185
INFO  [16:43:39.181] [bbotk]                                 uhash
INFO  [16:43:39.181] [bbotk]  51ecce8d-ec48-48fa-92fa-03d2ef3c9d8e
INFO  [16:43:39.194] [bbotk] Evaluating 1 configuration(s)
INFO  [16:43:39.598] [bbotk] Result of batch 3:
INFO  [16:43:39.599] [bbotk]  num.trees classif.ce warnings errors runtime_learners
INFO  [16:43:39.599] [bbotk]        433 0.09333333        0      0            0.344
INFO  [16:43:39.599] [bbotk]                                 uhash
INFO  [16:43:39.599] [bbotk]  7bb1b4ee-02a1-4e0b-a072-6d0dc0485b17
INFO  [16:43:39.611] [bbotk] Finished optimizing after 3 evaluation(s)
INFO  [16:43:39.615] [bbotk] Result:
INFO  [16:43:39.616] [bbotk]  num.trees learner_param_vals  x_domain classif.ce
INFO  [16:43:39.616] [bbotk]      <int>             <list>    <list>      <num>
INFO  [16:43:39.616] [bbotk]        320          <list[2]> <list[1]> 0.09238095
INFO  [16:43:39.787] [bbotk] Starting to optimize 1 parameter(s) with '<OptimizerBatchRandomSearch>' and '<TerminatorEvals> [n_evals=3, k=0]'
INFO  [16:43:39.793] [bbotk] Evaluating 1 configuration(s)
INFO  [16:43:40.106] [bbotk] Result of batch 1:
INFO  [16:43:40.108] [bbotk]  num.trees classif.ce warnings errors runtime_learners
INFO  [16:43:40.108] [bbotk]        259   0.107619        0      0            0.239
INFO  [16:43:40.108] [bbotk]                                 uhash
INFO  [16:43:40.108] [bbotk]  1327bb9e-3c2c-439b-90c8-b0dfbb8566cd
INFO  [16:43:40.120] [bbotk] Evaluating 1 configuration(s)
INFO  [16:43:40.337] [bbotk] Result of batch 2:
INFO  [16:43:40.337] [bbotk]  num.trees classif.ce warnings errors runtime_learners
INFO  [16:43:40.337] [bbotk]        193  0.1104762        0      0            0.176
INFO  [16:43:40.337] [bbotk]                                 uhash
INFO  [16:43:40.337] [bbotk]  486eac80-5aac-4428-a3bf-4e91fd75e635
INFO  [16:43:40.339] [bbotk] Evaluating 1 configuration(s)
INFO  [16:43:40.515] [bbotk] Result of batch 3:
INFO  [16:43:40.517] [bbotk]  num.trees classif.ce warnings errors runtime_learners
INFO  [16:43:40.517] [bbotk]        140  0.1085714        0      0            0.127
INFO  [16:43:40.517] [bbotk]                                 uhash
INFO  [16:43:40.517] [bbotk]  337dbf04-f162-4539-bbb7-fa339c71c833
INFO  [16:43:40.528] [bbotk] Finished optimizing after 3 evaluation(s)
INFO  [16:43:40.529] [bbotk] Result:
INFO  [16:43:40.530] [bbotk]  num.trees learner_param_vals  x_domain classif.ce
INFO  [16:43:40.530] [bbotk]      <int>             <list>    <list>      <num>
INFO  [16:43:40.530] [bbotk]        259          <list[2]> <list[1]>   0.107619
INFO  [16:43:40.672] [bbotk] Starting to optimize 1 parameter(s) with '<OptimizerBatchRandomSearch>' and '<TerminatorEvals> [n_evals=3, k=0]'
INFO  [16:43:40.696] [bbotk] Evaluating 1 configuration(s)
INFO  [16:43:41.095] [bbotk] Result of batch 1:
INFO  [16:43:41.097] [bbotk]  num.trees classif.ce warnings errors runtime_learners
INFO  [16:43:41.097] [bbotk]        374   0.100852        0      0            0.322
INFO  [16:43:41.097] [bbotk]                                 uhash
INFO  [16:43:41.097] [bbotk]  a59400d4-023c-4013-bc43-625c9a8e92b4
INFO  [16:43:41.107] [bbotk] Evaluating 1 configuration(s)
INFO  [16:43:41.462] [bbotk] Result of batch 2:
INFO  [16:43:41.462] [bbotk]  num.trees classif.ce warnings errors runtime_learners
INFO  [16:43:41.462] [bbotk]        356 0.09609551        0      0            0.315
INFO  [16:43:41.462] [bbotk]                                 uhash
INFO  [16:43:41.462] [bbotk]  30b3126d-6df6-4ce8-848c-c31189ecd27d
INFO  [16:43:41.465] [bbotk] Evaluating 1 configuration(s)
INFO  [16:43:41.643] [bbotk] Result of batch 3:
INFO  [16:43:41.644] [bbotk]  num.trees classif.ce warnings errors runtime_learners
INFO  [16:43:41.644] [bbotk]        152 0.09609551        0      0            0.139
INFO  [16:43:41.644] [bbotk]                                 uhash
INFO  [16:43:41.644] [bbotk]  13b6e679-21b1-44bf-b05c-91badc72a720
INFO  [16:43:41.659] [bbotk] Finished optimizing after 3 evaluation(s)
INFO  [16:43:41.660] [bbotk] Result:
INFO  [16:43:41.667] [bbotk]  num.trees learner_param_vals  x_domain classif.ce
INFO  [16:43:41.667] [bbotk]      <int>             <list>    <list>      <num>
INFO  [16:43:41.667] [bbotk]        356          <list[2]> <list[1]> 0.09609551
INFO  [16:43:41.863] [bbotk] Starting to optimize 1 parameter(s) with '<OptimizerBatchRandomSearch>' and '<TerminatorEvals> [n_evals=3, k=0]'
INFO  [16:43:41.869] [bbotk] Evaluating 1 configuration(s)
INFO  [16:43:42.255] [bbotk] Result of batch 1:
INFO  [16:43:42.256] [bbotk]  num.trees classif.ce warnings errors runtime_learners
INFO  [16:43:42.256] [bbotk]        326  0.1056058        0      0            0.311
INFO  [16:43:42.256] [bbotk]                                 uhash
INFO  [16:43:42.256] [bbotk]  b3c0f5ed-07ce-41d3-ab8d-8347adc27b39
INFO  [16:43:42.264] [bbotk] Evaluating 1 configuration(s)
INFO  [16:43:42.538] [bbotk] Result of batch 2:
INFO  [16:43:42.539] [bbotk]  num.trees classif.ce warnings errors runtime_learners
INFO  [16:43:42.539] [bbotk]        261  0.1084548        0      0            0.219
INFO  [16:43:42.539] [bbotk]                                 uhash
INFO  [16:43:42.539] [bbotk]  66a1032f-5063-4cc1-a982-7d4e3d85d444
INFO  [16:43:42.541] [bbotk] Evaluating 1 configuration(s)
INFO  [16:43:42.806] [bbotk] Result of batch 3:
INFO  [16:43:42.806] [bbotk]  num.trees classif.ce warnings errors runtime_learners
INFO  [16:43:42.806] [bbotk]        239  0.1094098        0      0            0.193
INFO  [16:43:42.806] [bbotk]                                 uhash
INFO  [16:43:42.806] [bbotk]  80edfcaa-411a-49e5-b7f5-072fa21bec81
INFO  [16:43:42.823] [bbotk] Finished optimizing after 3 evaluation(s)
INFO  [16:43:42.823] [bbotk] Result:
INFO  [16:43:42.827] [bbotk]  num.trees learner_param_vals  x_domain classif.ce
INFO  [16:43:42.827] [bbotk]      <int>             <list>    <list>      <num>
INFO  [16:43:42.827] [bbotk]        326          <list[2]> <list[1]>  0.1056058

### [bt]: Job terminated successfully [batchtools job.id=959]
### [bt]: Starting job [batchtools job.id=960]
### [bt]: Generating problem instance for problem '698720b8ce42ae0c' ...
### [bt]: Applying algorithm 'run_learner' on problem '698720b8ce42ae0c' for job 960 (seed = 961) ...
INFO  [16:43:43.359] [mlr3] Applying learner 'classif.ranger.tuned_calib.perfold_platt' on task 'pc4' (iter 10/10)
INFO  [16:43:43.409] [bbotk] Starting to optimize 1 parameter(s) with '<OptimizerBatchRandomSearch>' and '<TerminatorEvals> [n_evals=3, k=0]'
INFO  [16:43:43.426] [bbotk] Evaluating 1 configuration(s)
INFO  [16:43:43.868] [bbotk] Result of batch 1:
INFO  [16:43:43.871] [bbotk]  num.trees classif.ce warnings errors runtime_learners
INFO  [16:43:43.871] [bbotk]        449  0.1019048        0      0            0.366
INFO  [16:43:43.871] [bbotk]                                 uhash
INFO  [16:43:43.871] [bbotk]  c935a71a-3991-4023-a689-256ea0731900
INFO  [16:43:43.886] [bbotk] Evaluating 1 configuration(s)
INFO  [16:43:44.246] [bbotk] Result of batch 2:
INFO  [16:43:44.248] [bbotk]  num.trees classif.ce warnings errors runtime_learners
INFO  [16:43:44.248] [bbotk]        297  0.1047619        0      0              0.3
INFO  [16:43:44.248] [bbotk]                                 uhash
INFO  [16:43:44.248] [bbotk]  4f0f7630-b3bb-43db-98bd-25f73fc78f12
INFO  [16:43:44.257] [bbotk] Evaluating 1 configuration(s)
INFO  [16:43:44.556] [bbotk] Result of batch 3:
INFO  [16:43:44.557] [bbotk]  num.trees classif.ce warnings errors runtime_learners
INFO  [16:43:44.557] [bbotk]        334  0.1019048        0      0            0.252
INFO  [16:43:44.557] [bbotk]                                 uhash
INFO  [16:43:44.557] [bbotk]  c9791b6d-2769-4aba-b026-e061d28df77a
INFO  [16:43:44.564] [bbotk] Finished optimizing after 3 evaluation(s)
INFO  [16:43:44.564] [bbotk] Result:
INFO  [16:43:44.565] [bbotk]  num.trees learner_param_vals  x_domain classif.ce
INFO  [16:43:44.565] [bbotk]      <int>             <list>    <list>      <num>
INFO  [16:43:44.565] [bbotk]        449          <list[2]> <list[1]>  0.1019048
INFO  [16:43:44.813] [bbotk] Starting to optimize 1 parameter(s) with '<OptimizerBatchRandomSearch>' and '<TerminatorEvals> [n_evals=3, k=0]'
INFO  [16:43:44.824] [bbotk] Evaluating 1 configuration(s)
INFO  [16:43:45.084] [bbotk] Result of batch 1:
INFO  [16:43:45.091] [bbotk]  num.trees classif.ce warnings errors runtime_learners
INFO  [16:43:45.091] [bbotk]        166  0.1085714        0      0            0.181
INFO  [16:43:45.091] [bbotk]                                 uhash
INFO  [16:43:45.091] [bbotk]  8c81b192-2460-4ea1-9434-9f1a3673c30d
INFO  [16:43:45.097] [bbotk] Evaluating 1 configuration(s)
INFO  [16:43:45.531] [bbotk] Result of batch 2:
INFO  [16:43:45.533] [bbotk]  num.trees classif.ce warnings errors runtime_learners
INFO  [16:43:45.533] [bbotk]        458  0.1047619        0      0            0.373
INFO  [16:43:45.533] [bbotk]                                 uhash
INFO  [16:43:45.533] [bbotk]  fd8d7174-df47-4930-9536-51177bcd355c
INFO  [16:43:45.539] [bbotk] Evaluating 1 configuration(s)
INFO  [16:43:45.718] [bbotk] Result of batch 3:
INFO  [16:43:45.719] [bbotk]  num.trees classif.ce warnings errors runtime_learners
INFO  [16:43:45.719] [bbotk]        106  0.1057143        0      0            0.133
INFO  [16:43:45.719] [bbotk]                                 uhash
INFO  [16:43:45.719] [bbotk]  3df28b3f-01dc-43fe-9da9-b7409101955e
INFO  [16:43:45.728] [bbotk] Finished optimizing after 3 evaluation(s)
INFO  [16:43:45.729] [bbotk] Result:
INFO  [16:43:45.729] [bbotk]  num.trees learner_param_vals  x_domain classif.ce
INFO  [16:43:45.729] [bbotk]      <int>             <list>    <list>      <num>
INFO  [16:43:45.729] [bbotk]        458          <list[2]> <list[1]>  0.1047619
INFO  [16:43:46.024] [bbotk] Starting to optimize 1 parameter(s) with '<OptimizerBatchRandomSearch>' and '<TerminatorEvals> [n_evals=3, k=0]'
INFO  [16:43:46.037] [bbotk] Evaluating 1 configuration(s)
INFO  [16:43:46.373] [bbotk] Result of batch 1:
INFO  [16:43:46.374] [bbotk]  num.trees classif.ce warnings errors runtime_learners
INFO  [16:43:46.374] [bbotk]        348  0.1028571        0      0            0.274
INFO  [16:43:46.374] [bbotk]                                 uhash
INFO  [16:43:46.374] [bbotk]  a4495bfe-cf47-46d2-a102-1659f6b0cb80
INFO  [16:43:46.381] [bbotk] Evaluating 1 configuration(s)
INFO  [16:43:46.620] [bbotk] Result of batch 2:
INFO  [16:43:46.621] [bbotk]  num.trees classif.ce warnings errors runtime_learners
INFO  [16:43:46.621] [bbotk]        242  0.1028571        0      0            0.192
INFO  [16:43:46.621] [bbotk]                                 uhash
INFO  [16:43:46.621] [bbotk]  82444e9b-6680-4b08-b0ce-bc347c72cb14
INFO  [16:43:46.624] [bbotk] Evaluating 1 configuration(s)
INFO  [16:43:46.868] [bbotk] Result of batch 3:
INFO  [16:43:46.870] [bbotk]  num.trees classif.ce warnings errors runtime_learners
INFO  [16:43:46.870] [bbotk]        216  0.1038095        0      0            0.187
INFO  [16:43:46.870] [bbotk]                                 uhash
INFO  [16:43:46.870] [bbotk]  3b337251-0882-4a5a-be56-30b28ee604f2
INFO  [16:43:46.892] [bbotk] Finished optimizing after 3 evaluation(s)
INFO  [16:43:46.892] [bbotk] Result:
INFO  [16:43:46.893] [bbotk]  num.trees learner_param_vals  x_domain classif.ce
INFO  [16:43:46.893] [bbotk]      <int>             <list>    <list>      <num>
INFO  [16:43:46.893] [bbotk]        348          <list[2]> <list[1]>  0.1028571
INFO  [16:43:47.098] [bbotk] Starting to optimize 1 parameter(s) with '<OptimizerBatchRandomSearch>' and '<TerminatorEvals> [n_evals=3, k=0]'
INFO  [16:43:47.103] [bbotk] Evaluating 1 configuration(s)
INFO  [16:43:47.310] [bbotk] Result of batch 1:
INFO  [16:43:47.312] [bbotk]  num.trees classif.ce warnings errors runtime_learners
INFO  [16:43:47.312] [bbotk]        143  0.1018098        0      0            0.148
INFO  [16:43:47.312] [bbotk]                                 uhash
INFO  [16:43:47.312] [bbotk]  e5d1a8e3-cea2-4c92-b08d-d76f9e69d670
INFO  [16:43:47.318] [bbotk] Evaluating 1 configuration(s)
INFO  [16:43:47.627] [bbotk] Result of batch 2:
INFO  [16:43:47.629] [bbotk]  num.trees classif.ce warnings errors runtime_learners
INFO  [16:43:47.629] [bbotk]        269  0.1056166        0      0            0.231
INFO  [16:43:47.629] [bbotk]                                 uhash
INFO  [16:43:47.629] [bbotk]  8b2ecdc1-65da-4a96-a840-87e4a31ef4af
INFO  [16:43:47.650] [bbotk] Evaluating 1 configuration(s)
INFO  [16:43:48.041] [bbotk] Result of batch 3:
INFO  [16:43:48.042] [bbotk]  num.trees classif.ce warnings errors runtime_learners
INFO  [16:43:48.042] [bbotk]        367  0.1027649        0      0            0.321
INFO  [16:43:48.042] [bbotk]                                 uhash
INFO  [16:43:48.042] [bbotk]  f76ee2f6-1559-4262-8163-4097ee9567fb
INFO  [16:43:48.049] [bbotk] Finished optimizing after 3 evaluation(s)
INFO  [16:43:48.049] [bbotk] Result:
INFO  [16:43:48.050] [bbotk]  num.trees learner_param_vals  x_domain classif.ce
INFO  [16:43:48.050] [bbotk]      <int>             <list>    <list>      <num>
INFO  [16:43:48.050] [bbotk]        143          <list[2]> <list[1]>  0.1018098
INFO  [16:43:48.140] [bbotk] Starting to optimize 1 parameter(s) with '<OptimizerBatchRandomSearch>' and '<TerminatorEvals> [n_evals=3, k=0]'
INFO  [16:43:48.156] [bbotk] Evaluating 1 configuration(s)
INFO  [16:43:48.481] [bbotk] Result of batch 1:
INFO  [16:43:48.482] [bbotk]  num.trees classif.ce warnings errors runtime_learners
INFO  [16:43:48.482] [bbotk]        275  0.1075268        0      0            0.257
INFO  [16:43:48.482] [bbotk]                                 uhash
INFO  [16:43:48.482] [bbotk]  b6dc96f8-5ec1-48e1-98ff-ef0ebb10f3d7
INFO  [16:43:48.489] [bbotk] Evaluating 1 configuration(s)
INFO  [16:43:48.865] [bbotk] Result of batch 2:
INFO  [16:43:48.866] [bbotk]  num.trees classif.ce warnings errors runtime_learners
INFO  [16:43:48.866] [bbotk]        377  0.1084737        0      0            0.325
INFO  [16:43:48.866] [bbotk]                                 uhash
INFO  [16:43:48.866] [bbotk]  659f2a9f-db70-4b1f-9163-a2d429a925ea
INFO  [16:43:48.868] [bbotk] Evaluating 1 configuration(s)
INFO  [16:43:49.024] [bbotk] Result of batch 3:
INFO  [16:43:49.025] [bbotk]  num.trees classif.ce warnings errors runtime_learners
INFO  [16:43:49.025] [bbotk]        118   0.108471        0      0             0.12
INFO  [16:43:49.025] [bbotk]                                 uhash
INFO  [16:43:49.025] [bbotk]  a978d9a1-4022-4d2f-ad8f-a06df5825cb2
INFO  [16:43:49.032] [bbotk] Finished optimizing after 3 evaluation(s)
INFO  [16:43:49.032] [bbotk] Result:
INFO  [16:43:49.033] [bbotk]  num.trees learner_param_vals  x_domain classif.ce
INFO  [16:43:49.033] [bbotk]      <int>             <list>    <list>      <num>
INFO  [16:43:49.033] [bbotk]        275          <list[2]> <list[1]>  0.1075268

### [bt]: Job terminated successfully [batchtools job.id=960]
### [bt]: Calculation finished!
