### [bt]: This is batchtools v0.9.17
### [bt]: Starting calculation of 5 jobs
### [bt]: Setting working directory to '/Users/User/Documents/Studium/Semester8/Hiwi/mlr3calibration/vignettes'
### [bt]: Memory measurement disabled
### [bt]: Starting job [batchtools job.id=776]
### [bt]: Generating problem instance for problem '24c2c3a884d818b0' ...
### [bt]: Applying algorithm 'run_learner' on problem '24c2c3a884d818b0' for job 776 (seed = 777) ...
INFO  [16:42:15.556] [mlr3] Applying learner 'classif.xgboost.tuned_calib.tunefirst.perfold_isotonic' on task 'credit-g' (iter 6/10)
Error : <TaskClassif:credit-g> has the following unsupported feature types: factor
This happened PipeOp classif.xgboost's $train()

### [bt]: Job terminated with an exception [batchtools job.id=776]
### [bt]: Starting job [batchtools job.id=777]
### [bt]: Generating problem instance for problem '24c2c3a884d818b0' ...
### [bt]: Applying algorithm 'run_learner' on problem '24c2c3a884d818b0' for job 777 (seed = 778) ...
INFO  [16:42:15.563] [mlr3] Applying learner 'classif.xgboost.tuned_calib.tunefirst.perfold_isotonic' on task 'credit-g' (iter 7/10)
Error : <TaskClassif:credit-g> has the following unsupported feature types: factor
This happened PipeOp classif.xgboost's $train()

### [bt]: Job terminated with an exception [batchtools job.id=777]
### [bt]: Starting job [batchtools job.id=778]
### [bt]: Generating problem instance for problem '24c2c3a884d818b0' ...
### [bt]: Applying algorithm 'run_learner' on problem '24c2c3a884d818b0' for job 778 (seed = 779) ...
INFO  [16:42:15.610] [mlr3] Applying learner 'classif.xgboost.tuned_calib.tunefirst.perfold_isotonic' on task 'credit-g' (iter 8/10)
Error : <TaskClassif:credit-g> has the following unsupported feature types: factor
This happened PipeOp classif.xgboost's $train()

### [bt]: Job terminated with an exception [batchtools job.id=778]
### [bt]: Starting job [batchtools job.id=779]
### [bt]: Generating problem instance for problem '24c2c3a884d818b0' ...
### [bt]: Applying algorithm 'run_learner' on problem '24c2c3a884d818b0' for job 779 (seed = 780) ...
INFO  [16:42:15.615] [mlr3] Applying learner 'classif.xgboost.tuned_calib.tunefirst.perfold_isotonic' on task 'credit-g' (iter 9/10)
Error : <TaskClassif:credit-g> has the following unsupported feature types: factor
This happened PipeOp classif.xgboost's $train()

### [bt]: Job terminated with an exception [batchtools job.id=779]
### [bt]: Starting job [batchtools job.id=780]
### [bt]: Generating problem instance for problem '24c2c3a884d818b0' ...
### [bt]: Applying algorithm 'run_learner' on problem '24c2c3a884d818b0' for job 780 (seed = 781) ...
INFO  [16:42:15.622] [mlr3] Applying learner 'classif.xgboost.tuned_calib.tunefirst.perfold_isotonic' on task 'credit-g' (iter 10/10)
Error : <TaskClassif:credit-g> has the following unsupported feature types: factor
This happened PipeOp classif.xgboost's $train()

### [bt]: Job terminated with an exception [batchtools job.id=780]
### [bt]: Calculation finished!
