### [bt]: This is batchtools v0.9.17
### [bt]: Starting calculation of 5 jobs
### [bt]: Setting working directory to '/Users/User/Documents/Studium/Semester8/Hiwi/mlr3calibration/vignettes'
### [bt]: Memory measurement disabled
### [bt]: Starting job [batchtools job.id=841]
### [bt]: Generating problem instance for problem '698720b8ce42ae0c' ...
### [bt]: Applying algorithm 'run_learner' on problem '698720b8ce42ae0c' for job 841 (seed = 842) ...
INFO  [16:42:48.153] [mlr3] Applying learner 'classif.naive_bayes.tuned_calib.perfold_isotonic' on task 'pc4' (iter 1/10)
INFO  [16:42:48.210] [bbotk] Starting to optimize 1 parameter(s) with '<OptimizerBatchRandomSearch>' and '<TerminatorEvals> [n_evals=3, k=0]'
INFO  [16:42:48.221] [bbotk] Evaluating 1 configuration(s)
INFO  [16:42:48.593] [bbotk] Result of batch 1:
INFO  [16:42:48.594] [bbotk]    laplace classif.ce warnings errors runtime_learners
INFO  [16:42:48.594] [bbotk]  0.7091371  0.1439405        0      0            0.318
INFO  [16:42:48.594] [bbotk]                                 uhash
INFO  [16:42:48.594] [bbotk]  87508eb0-9ed1-4dab-a70a-b01882056e38
INFO  [16:42:48.596] [bbotk] Evaluating 1 configuration(s)
INFO  [16:42:48.971] [bbotk] Result of batch 2:
INFO  [16:42:48.972] [bbotk]    laplace classif.ce warnings errors runtime_learners
INFO  [16:42:48.972] [bbotk]  0.9396047  0.1439405        0      0            0.325
INFO  [16:42:48.972] [bbotk]                                 uhash
INFO  [16:42:48.972] [bbotk]  11d46ca5-52f0-4315-b460-823a74cc80b0
INFO  [16:42:48.974] [bbotk] Evaluating 1 configuration(s)
INFO  [16:42:49.288] [bbotk] Result of batch 3:
INFO  [16:42:49.288] [bbotk]    laplace classif.ce warnings errors runtime_learners
INFO  [16:42:49.288] [bbotk]  0.1334298  0.1439405        0      0            0.261
INFO  [16:42:49.288] [bbotk]                                 uhash
INFO  [16:42:49.288] [bbotk]  fd298eec-621a-4b75-b1ec-34358c52e1bc
INFO  [16:42:49.296] [bbotk] Finished optimizing after 3 evaluation(s)
INFO  [16:42:49.296] [bbotk] Result:
INFO  [16:42:49.297] [bbotk]    laplace learner_param_vals  x_domain classif.ce
INFO  [16:42:49.297] [bbotk]      <num>             <list>    <list>      <num>
INFO  [16:42:49.297] [bbotk]  0.7091371          <list[1]> <list[1]>  0.1439405
INFO  [16:42:49.404] [bbotk] Starting to optimize 1 parameter(s) with '<OptimizerBatchRandomSearch>' and '<TerminatorEvals> [n_evals=3, k=0]'
INFO  [16:42:49.417] [bbotk] Evaluating 1 configuration(s)
INFO  [16:42:49.766] [bbotk] Result of batch 1:
INFO  [16:42:49.768] [bbotk]    laplace classif.ce warnings errors runtime_learners
INFO  [16:42:49.768] [bbotk]  0.7262341  0.1324956        0      0            0.248
INFO  [16:42:49.768] [bbotk]                                 uhash
INFO  [16:42:49.768] [bbotk]  561876f5-e39c-4981-ae39-8d4abd13f3f2
INFO  [16:42:49.772] [bbotk] Evaluating 1 configuration(s)
INFO  [16:42:50.077] [bbotk] Result of batch 2:
INFO  [16:42:50.078] [bbotk]    laplace classif.ce warnings errors runtime_learners
INFO  [16:42:50.078] [bbotk]  0.1676838  0.1324956        0      0            0.263
INFO  [16:42:50.078] [bbotk]                                 uhash
INFO  [16:42:50.078] [bbotk]  aac1e801-cf7f-487c-b760-1afc4d644851
INFO  [16:42:50.080] [bbotk] Evaluating 1 configuration(s)
INFO  [16:42:50.417] [bbotk] Result of batch 3:
INFO  [16:42:50.418] [bbotk]    laplace classif.ce warnings errors runtime_learners
INFO  [16:42:50.418] [bbotk]  0.6200015  0.1324956        0      0            0.297
INFO  [16:42:50.418] [bbotk]                                 uhash
INFO  [16:42:50.418] [bbotk]  91bb1ffc-b13f-41b2-8e40-818a5035f130
INFO  [16:42:50.428] [bbotk] Finished optimizing after 3 evaluation(s)
INFO  [16:42:50.428] [bbotk] Result:
INFO  [16:42:50.429] [bbotk]    laplace learner_param_vals  x_domain classif.ce
INFO  [16:42:50.429] [bbotk]      <num>             <list>    <list>      <num>
INFO  [16:42:50.429] [bbotk]  0.7262341          <list[1]> <list[1]>  0.1324956
INFO  [16:42:50.564] [bbotk] Starting to optimize 1 parameter(s) with '<OptimizerBatchRandomSearch>' and '<TerminatorEvals> [n_evals=3, k=0]'
INFO  [16:42:50.576] [bbotk] Evaluating 1 configuration(s)
INFO  [16:42:51.009] [bbotk] Result of batch 1:
INFO  [16:42:51.011] [bbotk]    laplace classif.ce warnings errors runtime_learners
INFO  [16:42:51.011] [bbotk]  0.4882767  0.1361905        0      0            0.382
INFO  [16:42:51.011] [bbotk]                                 uhash
INFO  [16:42:51.011] [bbotk]  ecf414af-b00a-4c81-a0ad-3b728ca96166
INFO  [16:42:51.022] [bbotk] Evaluating 1 configuration(s)
INFO  [16:42:51.428] [bbotk] Result of batch 2:
INFO  [16:42:51.428] [bbotk]    laplace classif.ce warnings errors runtime_learners
INFO  [16:42:51.428] [bbotk]  0.7725953  0.1361905        0      0            0.355
INFO  [16:42:51.428] [bbotk]                                 uhash
INFO  [16:42:51.428] [bbotk]  0e265440-0caf-449b-8876-d42664bfc70b
INFO  [16:42:51.431] [bbotk] Evaluating 1 configuration(s)
INFO  [16:42:51.827] [bbotk] Result of batch 3:
INFO  [16:42:51.830] [bbotk]    laplace classif.ce warnings errors runtime_learners
INFO  [16:42:51.830] [bbotk]  0.4895327  0.1361905        0      0            0.352
INFO  [16:42:51.830] [bbotk]                                 uhash
INFO  [16:42:51.830] [bbotk]  77191c4c-889e-4d95-8b36-d7c416d24eff
INFO  [16:42:51.841] [bbotk] Finished optimizing after 3 evaluation(s)
INFO  [16:42:51.841] [bbotk] Result:
INFO  [16:42:51.842] [bbotk]    laplace learner_param_vals  x_domain classif.ce
INFO  [16:42:51.842] [bbotk]      <num>             <list>    <list>      <num>
INFO  [16:42:51.842] [bbotk]  0.4882767          <list[1]> <list[1]>  0.1361905
INFO  [16:42:51.982] [bbotk] Starting to optimize 1 parameter(s) with '<OptimizerBatchRandomSearch>' and '<TerminatorEvals> [n_evals=3, k=0]'
INFO  [16:42:51.994] [bbotk] Evaluating 1 configuration(s)
INFO  [16:42:52.361] [bbotk] Result of batch 1:
INFO  [16:42:52.362] [bbotk]    laplace classif.ce warnings errors runtime_learners
INFO  [16:42:52.362] [bbotk]  0.9602327  0.1561905        0      0            0.316
INFO  [16:42:52.362] [bbotk]                                 uhash
INFO  [16:42:52.362] [bbotk]  68a3e5f7-6cd8-4d31-981f-0d54d645d084
INFO  [16:42:52.365] [bbotk] Evaluating 1 configuration(s)
INFO  [16:42:52.756] [bbotk] Result of batch 2:
INFO  [16:42:52.757] [bbotk]    laplace classif.ce warnings errors runtime_learners
INFO  [16:42:52.757] [bbotk]  0.2613682  0.1561905        0      0            0.332
INFO  [16:42:52.757] [bbotk]                                 uhash
INFO  [16:42:52.757] [bbotk]  b1eaf9b9-3ff3-405d-a586-dab4f6c1464e
INFO  [16:42:52.759] [bbotk] Evaluating 1 configuration(s)
INFO  [16:42:53.136] [bbotk] Result of batch 3:
INFO  [16:42:53.138] [bbotk]    laplace classif.ce warnings errors runtime_learners
INFO  [16:42:53.138] [bbotk]  0.2421304  0.1561905        0      0            0.304
INFO  [16:42:53.138] [bbotk]                                 uhash
INFO  [16:42:53.138] [bbotk]  aab059b2-f6f3-49e7-8329-84ede65f3be1
INFO  [16:42:53.154] [bbotk] Finished optimizing after 3 evaluation(s)
INFO  [16:42:53.154] [bbotk] Result:
INFO  [16:42:53.155] [bbotk]    laplace learner_param_vals  x_domain classif.ce
INFO  [16:42:53.155] [bbotk]      <num>             <list>    <list>      <num>
INFO  [16:42:53.155] [bbotk]  0.9602327          <list[1]> <list[1]>  0.1561905
INFO  [16:42:53.297] [bbotk] Starting to optimize 1 parameter(s) with '<OptimizerBatchRandomSearch>' and '<TerminatorEvals> [n_evals=3, k=0]'
INFO  [16:42:53.301] [bbotk] Evaluating 1 configuration(s)
INFO  [16:42:53.686] [bbotk] Result of batch 1:
INFO  [16:42:53.687] [bbotk]    laplace classif.ce warnings errors runtime_learners
INFO  [16:42:53.687] [bbotk]  0.1279475  0.1504762        0      0            0.346
INFO  [16:42:53.687] [bbotk]                                 uhash
INFO  [16:42:53.687] [bbotk]  3c6cc958-9217-4d6d-9a13-8c6eead9aff7
INFO  [16:42:53.690] [bbotk] Evaluating 1 configuration(s)
INFO  [16:42:54.045] [bbotk] Result of batch 2:
INFO  [16:42:54.048] [bbotk]    laplace classif.ce warnings errors runtime_learners
INFO  [16:42:54.048] [bbotk]  0.0964006  0.1504762        0      0            0.301
INFO  [16:42:54.048] [bbotk]                                 uhash
INFO  [16:42:54.048] [bbotk]  ffa01542-5372-419a-bc86-14cfc440dbc3
INFO  [16:42:54.054] [bbotk] Evaluating 1 configuration(s)
INFO  [16:42:54.402] [bbotk] Result of batch 3:
INFO  [16:42:54.403] [bbotk]   laplace classif.ce warnings errors runtime_learners
INFO  [16:42:54.403] [bbotk]  0.404642  0.1504762        0      0            0.301
INFO  [16:42:54.403] [bbotk]                                 uhash
INFO  [16:42:54.403] [bbotk]  dd387e9e-392c-4356-ae40-7069235ec7db
INFO  [16:42:54.421] [bbotk] Finished optimizing after 3 evaluation(s)
INFO  [16:42:54.421] [bbotk] Result:
INFO  [16:42:54.422] [bbotk]    laplace learner_param_vals  x_domain classif.ce
INFO  [16:42:54.422] [bbotk]      <num>             <list>    <list>      <num>
INFO  [16:42:54.422] [bbotk]  0.1279475          <list[1]> <list[1]>  0.1504762

### [bt]: Job terminated successfully [batchtools job.id=841]
### [bt]: Starting job [batchtools job.id=842]
### [bt]: Generating problem instance for problem '698720b8ce42ae0c' ...
### [bt]: Applying algorithm 'run_learner' on problem '698720b8ce42ae0c' for job 842 (seed = 843) ...
INFO  [16:42:54.885] [mlr3] Applying learner 'classif.naive_bayes.tuned_calib.perfold_isotonic' on task 'pc4' (iter 2/10)
INFO  [16:42:54.955] [bbotk] Starting to optimize 1 parameter(s) with '<OptimizerBatchRandomSearch>' and '<TerminatorEvals> [n_evals=3, k=0]'
INFO  [16:42:54.959] [bbotk] Evaluating 1 configuration(s)
INFO  [16:42:55.367] [bbotk] Result of batch 1:
INFO  [16:42:55.368] [bbotk]    laplace classif.ce warnings errors runtime_learners
INFO  [16:42:55.368] [bbotk]  0.7982275  0.1201392        0      0            0.372
INFO  [16:42:55.368] [bbotk]                                 uhash
INFO  [16:42:55.368] [bbotk]  fbc794c7-7b82-4ef0-a8e6-ca54b16482f1
INFO  [16:42:55.370] [bbotk] Evaluating 1 configuration(s)
INFO  [16:42:55.730] [bbotk] Result of batch 2:
INFO  [16:42:55.732] [bbotk]    laplace classif.ce warnings errors runtime_learners
INFO  [16:42:55.732] [bbotk]  0.6544174  0.1201392        0      0            0.321
INFO  [16:42:55.732] [bbotk]                                 uhash
INFO  [16:42:55.732] [bbotk]  74eca940-4776-4dc0-ae4e-48f4ecd1939f
INFO  [16:42:55.740] [bbotk] Evaluating 1 configuration(s)
INFO  [16:42:56.104] [bbotk] Result of batch 3:
INFO  [16:42:56.105] [bbotk]    laplace classif.ce warnings errors runtime_learners
INFO  [16:42:56.105] [bbotk]  0.5086547  0.1201392        0      0            0.318
INFO  [16:42:56.105] [bbotk]                                 uhash
INFO  [16:42:56.105] [bbotk]  2c3a2360-397c-45af-adcf-f9c2ad605e56
INFO  [16:42:56.114] [bbotk] Finished optimizing after 3 evaluation(s)
INFO  [16:42:56.115] [bbotk] Result:
INFO  [16:42:56.118] [bbotk]    laplace learner_param_vals  x_domain classif.ce
INFO  [16:42:56.118] [bbotk]      <num>             <list>    <list>      <num>
INFO  [16:42:56.118] [bbotk]  0.7982275          <list[1]> <list[1]>  0.1201392
INFO  [16:42:56.249] [bbotk] Starting to optimize 1 parameter(s) with '<OptimizerBatchRandomSearch>' and '<TerminatorEvals> [n_evals=3, k=0]'
INFO  [16:42:56.269] [bbotk] Evaluating 1 configuration(s)
INFO  [16:42:56.662] [bbotk] Result of batch 1:
INFO  [16:42:56.673] [bbotk]    laplace classif.ce warnings errors runtime_learners
INFO  [16:42:56.673] [bbotk]  0.9590111  0.1401201        0      0            0.344
INFO  [16:42:56.673] [bbotk]                                 uhash
INFO  [16:42:56.673] [bbotk]  8c3d9e77-9cf9-43db-8941-5e512d8e06a1
INFO  [16:42:56.682] [bbotk] Evaluating 1 configuration(s)
INFO  [16:42:57.032] [bbotk] Result of batch 2:
INFO  [16:42:57.033] [bbotk]    laplace classif.ce warnings errors runtime_learners
INFO  [16:42:57.033] [bbotk]  0.8413994  0.1401201        0      0            0.282
INFO  [16:42:57.033] [bbotk]                                 uhash
INFO  [16:42:57.033] [bbotk]  3d964c3b-866a-40c5-ba39-75c0f0598edf
INFO  [16:42:57.035] [bbotk] Evaluating 1 configuration(s)
INFO  [16:42:57.428] [bbotk] Result of batch 3:
INFO  [16:42:57.430] [bbotk]    laplace classif.ce warnings errors runtime_learners
INFO  [16:42:57.430] [bbotk]  0.8616108  0.1401201        0      0            0.327
INFO  [16:42:57.430] [bbotk]                                 uhash
INFO  [16:42:57.430] [bbotk]  b25aa3c0-211f-4098-8619-25624e967a0a
INFO  [16:42:57.442] [bbotk] Finished optimizing after 3 evaluation(s)
INFO  [16:42:57.443] [bbotk] Result:
INFO  [16:42:57.444] [bbotk]    laplace learner_param_vals  x_domain classif.ce
INFO  [16:42:57.444] [bbotk]      <num>             <list>    <list>      <num>
INFO  [16:42:57.444] [bbotk]  0.9590111          <list[1]> <list[1]>  0.1401201
INFO  [16:42:57.610] [bbotk] Starting to optimize 1 parameter(s) with '<OptimizerBatchRandomSearch>' and '<TerminatorEvals> [n_evals=3, k=0]'
INFO  [16:42:57.620] [bbotk] Evaluating 1 configuration(s)
INFO  [16:42:58.022] [bbotk] Result of batch 1:
INFO  [16:42:58.023] [bbotk]    laplace classif.ce warnings errors runtime_learners
INFO  [16:42:58.023] [bbotk]  0.7909884  0.1466667        0      0             0.35
INFO  [16:42:58.023] [bbotk]                                 uhash
INFO  [16:42:58.023] [bbotk]  2ce4fefd-fe69-4a76-8216-d44ed9b1466f
INFO  [16:42:58.025] [bbotk] Evaluating 1 configuration(s)
INFO  [16:42:58.434] [bbotk] Result of batch 2:
INFO  [16:42:58.435] [bbotk]    laplace classif.ce warnings errors runtime_learners
INFO  [16:42:58.435] [bbotk]  0.7680535  0.1466667        0      0            0.365
INFO  [16:42:58.435] [bbotk]                                 uhash
INFO  [16:42:58.435] [bbotk]  e023c6c9-967d-4afb-8952-39e83fb8b539
INFO  [16:42:58.438] [bbotk] Evaluating 1 configuration(s)
INFO  [16:42:58.846] [bbotk] Result of batch 3:
INFO  [16:42:58.847] [bbotk]    laplace classif.ce warnings errors runtime_learners
INFO  [16:42:58.847] [bbotk]  0.2983574  0.1466667        0      0            0.376
INFO  [16:42:58.847] [bbotk]                                 uhash
INFO  [16:42:58.847] [bbotk]  b0932a72-b2fa-41e9-b8dd-233bcfb22007
INFO  [16:42:58.854] [bbotk] Finished optimizing after 3 evaluation(s)
INFO  [16:42:58.855] [bbotk] Result:
INFO  [16:42:58.855] [bbotk]    laplace learner_param_vals  x_domain classif.ce
INFO  [16:42:58.855] [bbotk]      <num>             <list>    <list>      <num>
INFO  [16:42:58.855] [bbotk]  0.7909884          <list[1]> <list[1]>  0.1466667
INFO  [16:42:58.968] [bbotk] Starting to optimize 1 parameter(s) with '<OptimizerBatchRandomSearch>' and '<TerminatorEvals> [n_evals=3, k=0]'
INFO  [16:42:58.981] [bbotk] Evaluating 1 configuration(s)
INFO  [16:42:59.320] [bbotk] Result of batch 1:
INFO  [16:42:59.321] [bbotk]    laplace classif.ce warnings errors runtime_learners
INFO  [16:42:59.321] [bbotk]  0.5409962  0.1447619        0      0            0.302
INFO  [16:42:59.321] [bbotk]                                 uhash
INFO  [16:42:59.321] [bbotk]  08b28c26-ed1e-4208-a85a-ce8c0ae408fa
INFO  [16:42:59.323] [bbotk] Evaluating 1 configuration(s)
INFO  [16:42:59.683] [bbotk] Result of batch 2:
INFO  [16:42:59.684] [bbotk]    laplace classif.ce warnings errors runtime_learners
INFO  [16:42:59.684] [bbotk]  0.1817975  0.1447619        0      0            0.304
INFO  [16:42:59.684] [bbotk]                                 uhash
INFO  [16:42:59.684] [bbotk]  7619b930-091c-48c0-84e9-542683c601c4
INFO  [16:42:59.686] [bbotk] Evaluating 1 configuration(s)
INFO  [16:43:00.038] [bbotk] Result of batch 3:
INFO  [16:43:00.040] [bbotk]    laplace classif.ce warnings errors runtime_learners
INFO  [16:43:00.040] [bbotk]  0.2195792  0.1447619        0      0            0.306
INFO  [16:43:00.040] [bbotk]                                 uhash
INFO  [16:43:00.040] [bbotk]  bea2220d-6927-411f-be7b-b35f66be2e6e
INFO  [16:43:00.059] [bbotk] Finished optimizing after 3 evaluation(s)
INFO  [16:43:00.059] [bbotk] Result:
INFO  [16:43:00.060] [bbotk]    laplace learner_param_vals  x_domain classif.ce
INFO  [16:43:00.060] [bbotk]      <num>             <list>    <list>      <num>
INFO  [16:43:00.060] [bbotk]  0.5409962          <list[1]> <list[1]>  0.1447619
INFO  [16:43:00.170] [bbotk] Starting to optimize 1 parameter(s) with '<OptimizerBatchRandomSearch>' and '<TerminatorEvals> [n_evals=3, k=0]'
INFO  [16:43:00.182] [bbotk] Evaluating 1 configuration(s)
INFO  [16:43:00.567] [bbotk] Result of batch 1:
INFO  [16:43:00.568] [bbotk]    laplace classif.ce warnings errors runtime_learners
INFO  [16:43:00.568] [bbotk]  0.1173988  0.1571429        0      0            0.341
INFO  [16:43:00.568] [bbotk]                                 uhash
INFO  [16:43:00.568] [bbotk]  54ceb0b4-37e8-4e32-9102-415f09a0cbd3
INFO  [16:43:00.570] [bbotk] Evaluating 1 configuration(s)
INFO  [16:43:00.913] [bbotk] Result of batch 2:
INFO  [16:43:00.914] [bbotk]    laplace classif.ce warnings errors runtime_learners
INFO  [16:43:00.914] [bbotk]  0.4454568  0.1571429        0      0            0.292
INFO  [16:43:00.914] [bbotk]                                 uhash
INFO  [16:43:00.914] [bbotk]  53a187e7-f96f-41ae-8a05-b4c6aa0cb70d
INFO  [16:43:00.917] [bbotk] Evaluating 1 configuration(s)
INFO  [16:43:01.246] [bbotk] Result of batch 3:
INFO  [16:43:01.247] [bbotk]    laplace classif.ce warnings errors runtime_learners
INFO  [16:43:01.247] [bbotk]  0.7902835  0.1571429        0      0            0.279
INFO  [16:43:01.247] [bbotk]                                 uhash
INFO  [16:43:01.247] [bbotk]  3fbe6606-2b4b-4675-8a7e-09608a9850bf
INFO  [16:43:01.266] [bbotk] Finished optimizing after 3 evaluation(s)
INFO  [16:43:01.266] [bbotk] Result:
INFO  [16:43:01.268] [bbotk]    laplace learner_param_vals  x_domain classif.ce
INFO  [16:43:01.268] [bbotk]      <num>             <list>    <list>      <num>
INFO  [16:43:01.268] [bbotk]  0.1173988          <list[1]> <list[1]>  0.1571429

### [bt]: Job terminated successfully [batchtools job.id=842]
### [bt]: Starting job [batchtools job.id=843]
### [bt]: Generating problem instance for problem '698720b8ce42ae0c' ...
### [bt]: Applying algorithm 'run_learner' on problem '698720b8ce42ae0c' for job 843 (seed = 844) ...
INFO  [16:43:01.638] [mlr3] Applying learner 'classif.naive_bayes.tuned_calib.perfold_isotonic' on task 'pc4' (iter 3/10)
INFO  [16:43:01.694] [bbotk] Starting to optimize 1 parameter(s) with '<OptimizerBatchRandomSearch>' and '<TerminatorEvals> [n_evals=3, k=0]'
INFO  [16:43:01.702] [bbotk] Evaluating 1 configuration(s)
INFO  [16:43:01.960] [bbotk] Result of batch 1:
INFO  [16:43:01.961] [bbotk]    laplace classif.ce warnings errors runtime_learners
INFO  [16:43:01.961] [bbotk]  0.4583791  0.1610834        0      0            0.219
INFO  [16:43:01.961] [bbotk]                                 uhash
INFO  [16:43:01.961] [bbotk]  b652d0bc-242c-408f-97e8-891651d3f282
INFO  [16:43:01.964] [bbotk] Evaluating 1 configuration(s)
INFO  [16:43:02.187] [bbotk] Result of batch 2:
INFO  [16:43:02.188] [bbotk]     laplace classif.ce warnings errors runtime_learners
INFO  [16:43:02.188] [bbotk]  0.04724502  0.1610834        0      0            0.195
INFO  [16:43:02.188] [bbotk]                                 uhash
INFO  [16:43:02.188] [bbotk]  e21ec27e-1ac8-4e08-a4a2-621ed7c17547
INFO  [16:43:02.191] [bbotk] Evaluating 1 configuration(s)
INFO  [16:43:02.411] [bbotk] Result of batch 3:
INFO  [16:43:02.412] [bbotk]    laplace classif.ce warnings errors runtime_learners
INFO  [16:43:02.412] [bbotk]  0.8747501  0.1610834        0      0            0.189
INFO  [16:43:02.412] [bbotk]                                 uhash
INFO  [16:43:02.412] [bbotk]  bf11972b-7ccb-4f67-8756-7c190e8d294f
INFO  [16:43:02.418] [bbotk] Finished optimizing after 3 evaluation(s)
INFO  [16:43:02.418] [bbotk] Result:
INFO  [16:43:02.419] [bbotk]    laplace learner_param_vals  x_domain classif.ce
INFO  [16:43:02.419] [bbotk]      <num>             <list>    <list>      <num>
INFO  [16:43:02.419] [bbotk]  0.4583791          <list[1]> <list[1]>  0.1610834
INFO  [16:43:02.517] [bbotk] Starting to optimize 1 parameter(s) with '<OptimizerBatchRandomSearch>' and '<TerminatorEvals> [n_evals=3, k=0]'
INFO  [16:43:02.523] [bbotk] Evaluating 1 configuration(s)
INFO  [16:43:02.757] [bbotk] Result of batch 1:
INFO  [16:43:02.757] [bbotk]    laplace classif.ce warnings errors runtime_learners
INFO  [16:43:02.757] [bbotk]  0.9686556   0.134384        0      0            0.199
INFO  [16:43:02.757] [bbotk]                                 uhash
INFO  [16:43:02.757] [bbotk]  4e9eabcd-88ad-41ca-ac76-2f20fd18176f
INFO  [16:43:02.760] [bbotk] Evaluating 1 configuration(s)
INFO  [16:43:03.001] [bbotk] Result of batch 2:
INFO  [16:43:03.002] [bbotk]    laplace classif.ce warnings errors runtime_learners
INFO  [16:43:03.002] [bbotk]  0.1544782   0.134384        0      0             0.21
INFO  [16:43:03.002] [bbotk]                                 uhash
INFO  [16:43:03.002] [bbotk]  0517d3d3-7406-4ed7-955d-c021f2d59b26
INFO  [16:43:03.005] [bbotk] Evaluating 1 configuration(s)
INFO  [16:43:03.228] [bbotk] Result of batch 3:
INFO  [16:43:03.230] [bbotk]     laplace classif.ce warnings errors runtime_learners
INFO  [16:43:03.230] [bbotk]  0.07584279   0.134384        0      0            0.188
INFO  [16:43:03.230] [bbotk]                                 uhash
INFO  [16:43:03.230] [bbotk]  8447aef7-d2ca-4276-a513-2122c7c17ce4
INFO  [16:43:03.240] [bbotk] Finished optimizing after 3 evaluation(s)
INFO  [16:43:03.241] [bbotk] Result:
INFO  [16:43:03.241] [bbotk]    laplace learner_param_vals  x_domain classif.ce
INFO  [16:43:03.241] [bbotk]      <num>             <list>    <list>      <num>
INFO  [16:43:03.241] [bbotk]  0.9686556          <list[1]> <list[1]>   0.134384
INFO  [16:43:03.321] [bbotk] Starting to optimize 1 parameter(s) with '<OptimizerBatchRandomSearch>' and '<TerminatorEvals> [n_evals=3, k=0]'
INFO  [16:43:03.326] [bbotk] Evaluating 1 configuration(s)
INFO  [16:43:03.549] [bbotk] Result of batch 1:
INFO  [16:43:03.550] [bbotk]    laplace classif.ce warnings errors runtime_learners
INFO  [16:43:03.550] [bbotk]  0.3687442  0.1314286        0      0            0.196
INFO  [16:43:03.550] [bbotk]                                 uhash
INFO  [16:43:03.550] [bbotk]  ce6c32c8-a8ee-45ca-ab38-e07af1e64cae
INFO  [16:43:03.552] [bbotk] Evaluating 1 configuration(s)
INFO  [16:43:03.807] [bbotk] Result of batch 2:
INFO  [16:43:03.808] [bbotk]    laplace classif.ce warnings errors runtime_learners
INFO  [16:43:03.808] [bbotk]  0.5211464  0.1314286        0      0            0.216
INFO  [16:43:03.808] [bbotk]                                 uhash
INFO  [16:43:03.808] [bbotk]  18fd2509-342a-4c30-9688-64ba46f0bbfd
INFO  [16:43:03.810] [bbotk] Evaluating 1 configuration(s)
INFO  [16:43:04.040] [bbotk] Result of batch 3:
INFO  [16:43:04.041] [bbotk]    laplace classif.ce warnings errors runtime_learners
INFO  [16:43:04.041] [bbotk]  0.2451007  0.1314286        0      0            0.191
INFO  [16:43:04.041] [bbotk]                                 uhash
INFO  [16:43:04.041] [bbotk]  c28f2bf1-718d-49cb-b38b-9fbbba601a7d
INFO  [16:43:04.047] [bbotk] Finished optimizing after 3 evaluation(s)
INFO  [16:43:04.048] [bbotk] Result:
INFO  [16:43:04.048] [bbotk]    laplace learner_param_vals  x_domain classif.ce
INFO  [16:43:04.048] [bbotk]      <num>             <list>    <list>      <num>
INFO  [16:43:04.048] [bbotk]  0.3687442          <list[1]> <list[1]>  0.1314286
INFO  [16:43:04.127] [bbotk] Starting to optimize 1 parameter(s) with '<OptimizerBatchRandomSearch>' and '<TerminatorEvals> [n_evals=3, k=0]'
INFO  [16:43:04.131] [bbotk] Evaluating 1 configuration(s)
INFO  [16:43:04.359] [bbotk] Result of batch 1:
INFO  [16:43:04.360] [bbotk]    laplace classif.ce warnings errors runtime_learners
INFO  [16:43:04.360] [bbotk]  0.4916797       0.16        0      0            0.196
INFO  [16:43:04.360] [bbotk]                                 uhash
INFO  [16:43:04.360] [bbotk]  c3df2d52-c447-4f58-8f6c-6cd446f12b80
INFO  [16:43:04.363] [bbotk] Evaluating 1 configuration(s)
INFO  [16:43:04.584] [bbotk] Result of batch 2:
INFO  [16:43:04.585] [bbotk]    laplace classif.ce warnings errors runtime_learners
INFO  [16:43:04.585] [bbotk]  0.4858093       0.16        0      0            0.192
INFO  [16:43:04.585] [bbotk]                                 uhash
INFO  [16:43:04.585] [bbotk]  3a99bf17-ad45-4712-8f52-83bc64346c7e
INFO  [16:43:04.587] [bbotk] Evaluating 1 configuration(s)
INFO  [16:43:05.014] [bbotk] Result of batch 3:
INFO  [16:43:05.015] [bbotk]   laplace classif.ce warnings errors runtime_learners
INFO  [16:43:05.015] [bbotk]  0.852807       0.16        0      0            0.397
INFO  [16:43:05.015] [bbotk]                                 uhash
INFO  [16:43:05.015] [bbotk]  21be9987-220d-482d-ab74-862482c9db32
INFO  [16:43:05.022] [bbotk] Finished optimizing after 3 evaluation(s)
INFO  [16:43:05.022] [bbotk] Result:
INFO  [16:43:05.023] [bbotk]    laplace learner_param_vals  x_domain classif.ce
INFO  [16:43:05.023] [bbotk]      <num>             <list>    <list>      <num>
INFO  [16:43:05.023] [bbotk]  0.4916797          <list[1]> <list[1]>       0.16
INFO  [16:43:05.111] [bbotk] Starting to optimize 1 parameter(s) with '<OptimizerBatchRandomSearch>' and '<TerminatorEvals> [n_evals=3, k=0]'
INFO  [16:43:05.117] [bbotk] Evaluating 1 configuration(s)
INFO  [16:43:05.362] [bbotk] Result of batch 1:
INFO  [16:43:05.363] [bbotk]    laplace classif.ce warnings errors runtime_learners
INFO  [16:43:05.363] [bbotk]  0.6730499  0.1409524        0      0            0.216
INFO  [16:43:05.363] [bbotk]                                 uhash
INFO  [16:43:05.363] [bbotk]  a628f0c5-fac5-4fb6-844b-83783a3741c7
INFO  [16:43:05.370] [bbotk] Evaluating 1 configuration(s)
INFO  [16:43:05.725] [bbotk] Result of batch 2:
INFO  [16:43:05.725] [bbotk]    laplace classif.ce warnings errors runtime_learners
INFO  [16:43:05.725] [bbotk]  0.6996963  0.1409524        0      0            0.295
INFO  [16:43:05.725] [bbotk]                                 uhash
INFO  [16:43:05.725] [bbotk]  6fb4bb4c-d80c-4df3-90e2-30853e757e4f
INFO  [16:43:05.727] [bbotk] Evaluating 1 configuration(s)
INFO  [16:43:06.111] [bbotk] Result of batch 3:
INFO  [16:43:06.112] [bbotk]    laplace classif.ce warnings errors runtime_learners
INFO  [16:43:06.112] [bbotk]  0.9179185  0.1409524        0      0            0.337
INFO  [16:43:06.112] [bbotk]                                 uhash
INFO  [16:43:06.112] [bbotk]  cbe3b6d0-d1a1-409e-88a0-a6c5b7cc3e25
INFO  [16:43:06.124] [bbotk] Finished optimizing after 3 evaluation(s)
INFO  [16:43:06.124] [bbotk] Result:
INFO  [16:43:06.125] [bbotk]    laplace learner_param_vals  x_domain classif.ce
INFO  [16:43:06.125] [bbotk]      <num>             <list>    <list>      <num>
INFO  [16:43:06.125] [bbotk]  0.6730499          <list[1]> <list[1]>  0.1409524

### [bt]: Job terminated successfully [batchtools job.id=843]
### [bt]: Starting job [batchtools job.id=844]
### [bt]: Generating problem instance for problem '698720b8ce42ae0c' ...
### [bt]: Applying algorithm 'run_learner' on problem '698720b8ce42ae0c' for job 844 (seed = 845) ...
INFO  [16:43:06.593] [mlr3] Applying learner 'classif.naive_bayes.tuned_calib.perfold_isotonic' on task 'pc4' (iter 4/10)
INFO  [16:43:06.644] [bbotk] Starting to optimize 1 parameter(s) with '<OptimizerBatchRandomSearch>' and '<TerminatorEvals> [n_evals=3, k=0]'
INFO  [16:43:06.649] [bbotk] Evaluating 1 configuration(s)
INFO  [16:43:07.010] [bbotk] Result of batch 1:
INFO  [16:43:07.011] [bbotk]    laplace classif.ce warnings errors runtime_learners
INFO  [16:43:07.011] [bbotk]  0.9010989  0.1459053        0      0            0.325
INFO  [16:43:07.011] [bbotk]                                 uhash
INFO  [16:43:07.011] [bbotk]  2fc03363-af9a-4177-bebf-60f969f810a1
INFO  [16:43:07.013] [bbotk] Evaluating 1 configuration(s)
INFO  [16:43:07.373] [bbotk] Result of batch 2:
INFO  [16:43:07.375] [bbotk]    laplace classif.ce warnings errors runtime_learners
INFO  [16:43:07.375] [bbotk]  0.1075683  0.1459053        0      0            0.318
INFO  [16:43:07.375] [bbotk]                                 uhash
INFO  [16:43:07.375] [bbotk]  7830dfd5-29e7-49f1-89e8-ac50e9b97387
INFO  [16:43:07.380] [bbotk] Evaluating 1 configuration(s)
INFO  [16:43:07.792] [bbotk] Result of batch 3:
INFO  [16:43:07.795] [bbotk]     laplace classif.ce warnings errors runtime_learners
INFO  [16:43:07.795] [bbotk]  0.07506103  0.1459053        0      0             0.37
INFO  [16:43:07.795] [bbotk]                                 uhash
INFO  [16:43:07.795] [bbotk]  c5c25e28-8dee-4fe5-bf43-40cf4f5f0ecb
INFO  [16:43:07.802] [bbotk] Finished optimizing after 3 evaluation(s)
INFO  [16:43:07.802] [bbotk] Result:
INFO  [16:43:07.803] [bbotk]    laplace learner_param_vals  x_domain classif.ce
INFO  [16:43:07.803] [bbotk]      <num>             <list>    <list>      <num>
INFO  [16:43:07.803] [bbotk]  0.9010989          <list[1]> <list[1]>  0.1459053
INFO  [16:43:07.966] [bbotk] Starting to optimize 1 parameter(s) with '<OptimizerBatchRandomSearch>' and '<TerminatorEvals> [n_evals=3, k=0]'
INFO  [16:43:07.970] [bbotk] Evaluating 1 configuration(s)
INFO  [16:43:08.382] [bbotk] Result of batch 1:
INFO  [16:43:08.397] [bbotk]    laplace classif.ce warnings errors runtime_learners
INFO  [16:43:08.397] [bbotk]  0.9470981   0.119165        0      0            0.343
INFO  [16:43:08.397] [bbotk]                                 uhash
INFO  [16:43:08.397] [bbotk]  4411b791-74f4-40b2-8664-c47e42799e1d
INFO  [16:43:08.400] [bbotk] Evaluating 1 configuration(s)
INFO  [16:43:08.832] [bbotk] Result of batch 2:
INFO  [16:43:08.834] [bbotk]    laplace classif.ce warnings errors runtime_learners
INFO  [16:43:08.834] [bbotk]  0.1615853   0.119165        0      0            0.385
INFO  [16:43:08.834] [bbotk]                                 uhash
INFO  [16:43:08.834] [bbotk]  6d4f5b5a-f788-4663-8a39-cd4f5a7b3e99
INFO  [16:43:08.840] [bbotk] Evaluating 1 configuration(s)
INFO  [16:43:09.254] [bbotk] Result of batch 3:
INFO  [16:43:09.257] [bbotk]    laplace classif.ce warnings errors runtime_learners
INFO  [16:43:09.257] [bbotk]  0.5147281   0.119165        0      0            0.356
INFO  [16:43:09.257] [bbotk]                                 uhash
INFO  [16:43:09.257] [bbotk]  b08f4924-2279-48ea-a8d0-0c3d00b159ff
INFO  [16:43:09.271] [bbotk] Finished optimizing after 3 evaluation(s)
INFO  [16:43:09.271] [bbotk] Result:
INFO  [16:43:09.273] [bbotk]    laplace learner_param_vals  x_domain classif.ce
INFO  [16:43:09.273] [bbotk]      <num>             <list>    <list>      <num>
INFO  [16:43:09.273] [bbotk]  0.9470981          <list[1]> <list[1]>   0.119165
INFO  [16:43:09.429] [bbotk] Starting to optimize 1 parameter(s) with '<OptimizerBatchRandomSearch>' and '<TerminatorEvals> [n_evals=3, k=0]'
INFO  [16:43:09.434] [bbotk] Evaluating 1 configuration(s)
INFO  [16:43:09.837] [bbotk] Result of batch 1:
INFO  [16:43:09.838] [bbotk]     laplace classif.ce warnings errors runtime_learners
INFO  [16:43:09.838] [bbotk]  0.08747096  0.1438095        0      0            0.351
INFO  [16:43:09.838] [bbotk]                                 uhash
INFO  [16:43:09.838] [bbotk]  ca5504ca-94c6-41b1-8665-0d5468afb97a
INFO  [16:43:09.843] [bbotk] Evaluating 1 configuration(s)
INFO  [16:43:10.227] [bbotk] Result of batch 2:
INFO  [16:43:10.228] [bbotk]    laplace classif.ce warnings errors runtime_learners
INFO  [16:43:10.228] [bbotk]  0.5089908  0.1438095        0      0            0.319
INFO  [16:43:10.228] [bbotk]                                 uhash
INFO  [16:43:10.228] [bbotk]  48b21042-4a20-4533-a56f-5c890af95ed8
INFO  [16:43:10.230] [bbotk] Evaluating 1 configuration(s)
INFO  [16:43:10.597] [bbotk] Result of batch 3:
INFO  [16:43:10.598] [bbotk]    laplace classif.ce warnings errors runtime_learners
INFO  [16:43:10.598] [bbotk]  0.8203855  0.1438095        0      0            0.298
INFO  [16:43:10.598] [bbotk]                                 uhash
INFO  [16:43:10.598] [bbotk]  5c227c8b-9ac5-4d72-aaa9-42c46685fc0f
INFO  [16:43:10.605] [bbotk] Finished optimizing after 3 evaluation(s)
INFO  [16:43:10.606] [bbotk] Result:
INFO  [16:43:10.606] [bbotk]     laplace learner_param_vals  x_domain classif.ce
INFO  [16:43:10.606] [bbotk]       <num>             <list>    <list>      <num>
INFO  [16:43:10.606] [bbotk]  0.08747096          <list[1]> <list[1]>  0.1438095
INFO  [16:43:10.735] [bbotk] Starting to optimize 1 parameter(s) with '<OptimizerBatchRandomSearch>' and '<TerminatorEvals> [n_evals=3, k=0]'
INFO  [16:43:10.745] [bbotk] Evaluating 1 configuration(s)
INFO  [16:43:11.115] [bbotk] Result of batch 1:
INFO  [16:43:11.117] [bbotk]    laplace classif.ce warnings errors runtime_learners
INFO  [16:43:11.117] [bbotk]  0.8748339  0.1209524        0      0            0.324
INFO  [16:43:11.117] [bbotk]                                 uhash
INFO  [16:43:11.117] [bbotk]  34ee3ded-dd3a-46b8-b717-54d7447eea5d
INFO  [16:43:11.126] [bbotk] Evaluating 1 configuration(s)
INFO  [16:43:11.437] [bbotk] Result of batch 2:
INFO  [16:43:11.439] [bbotk]    laplace classif.ce warnings errors runtime_learners
INFO  [16:43:11.439] [bbotk]  0.8575082  0.1209524        0      0            0.271
INFO  [16:43:11.439] [bbotk]                                 uhash
INFO  [16:43:11.439] [bbotk]  9408c6b2-8f50-478e-9c97-d1fcea068528
INFO  [16:43:11.444] [bbotk] Evaluating 1 configuration(s)
INFO  [16:43:11.756] [bbotk] Result of batch 3:
INFO  [16:43:11.758] [bbotk]     laplace classif.ce warnings errors runtime_learners
INFO  [16:43:11.758] [bbotk]  0.03363564  0.1209524        0      0            0.262
INFO  [16:43:11.758] [bbotk]                                 uhash
INFO  [16:43:11.758] [bbotk]  cf2dc806-ec6a-42b0-92c1-e349bf65e776
INFO  [16:43:11.771] [bbotk] Finished optimizing after 3 evaluation(s)
INFO  [16:43:11.771] [bbotk] Result:
INFO  [16:43:11.772] [bbotk]    laplace learner_param_vals  x_domain classif.ce
INFO  [16:43:11.772] [bbotk]      <num>             <list>    <list>      <num>
INFO  [16:43:11.772] [bbotk]  0.8748339          <list[1]> <list[1]>  0.1209524
INFO  [16:43:11.886] [bbotk] Starting to optimize 1 parameter(s) with '<OptimizerBatchRandomSearch>' and '<TerminatorEvals> [n_evals=3, k=0]'
INFO  [16:43:11.893] [bbotk] Evaluating 1 configuration(s)
INFO  [16:43:12.186] [bbotk] Result of batch 1:
INFO  [16:43:12.187] [bbotk]     laplace classif.ce warnings errors runtime_learners
INFO  [16:43:12.187] [bbotk]  0.07460691  0.1542857        0      0            0.253
INFO  [16:43:12.187] [bbotk]                                 uhash
INFO  [16:43:12.187] [bbotk]  81e6cfbc-af05-46c7-9c87-ead514cd377b
INFO  [16:43:12.189] [bbotk] Evaluating 1 configuration(s)
INFO  [16:43:12.522] [bbotk] Result of batch 2:
INFO  [16:43:12.523] [bbotk]    laplace classif.ce warnings errors runtime_learners
INFO  [16:43:12.523] [bbotk]  0.2818195  0.1542857        0      0            0.299
INFO  [16:43:12.523] [bbotk]                                 uhash
INFO  [16:43:12.523] [bbotk]  532521c0-daac-4438-8328-5308a2fb687f
INFO  [16:43:12.525] [bbotk] Evaluating 1 configuration(s)
INFO  [16:43:12.898] [bbotk] Result of batch 3:
INFO  [16:43:12.898] [bbotk]    laplace classif.ce warnings errors runtime_learners
INFO  [16:43:12.898] [bbotk]  0.9176347  0.1542857        0      0            0.317
INFO  [16:43:12.898] [bbotk]                                 uhash
INFO  [16:43:12.898] [bbotk]  6bfdaadb-9801-4ce6-918b-c69bbfaef843
INFO  [16:43:12.905] [bbotk] Finished optimizing after 3 evaluation(s)
INFO  [16:43:12.905] [bbotk] Result:
INFO  [16:43:12.906] [bbotk]     laplace learner_param_vals  x_domain classif.ce
INFO  [16:43:12.906] [bbotk]       <num>             <list>    <list>      <num>
INFO  [16:43:12.906] [bbotk]  0.07460691          <list[1]> <list[1]>  0.1542857

### [bt]: Job terminated successfully [batchtools job.id=844]
### [bt]: Starting job [batchtools job.id=845]
### [bt]: Generating problem instance for problem '698720b8ce42ae0c' ...
### [bt]: Applying algorithm 'run_learner' on problem '698720b8ce42ae0c' for job 845 (seed = 846) ...
INFO  [16:43:13.367] [mlr3] Applying learner 'classif.naive_bayes.tuned_calib.perfold_isotonic' on task 'pc4' (iter 5/10)
INFO  [16:43:13.399] [bbotk] Starting to optimize 1 parameter(s) with '<OptimizerBatchRandomSearch>' and '<TerminatorEvals> [n_evals=3, k=0]'
INFO  [16:43:13.403] [bbotk] Evaluating 1 configuration(s)
INFO  [16:43:13.765] [bbotk] Result of batch 1:
INFO  [16:43:13.767] [bbotk]    laplace classif.ce warnings errors runtime_learners
INFO  [16:43:13.767] [bbotk]  0.8779224  0.1506017        0      0            0.315
INFO  [16:43:13.767] [bbotk]                                 uhash
INFO  [16:43:13.767] [bbotk]  557a2af1-3cfe-4a9d-9c69-aeaf7e853985
INFO  [16:43:13.774] [bbotk] Evaluating 1 configuration(s)
INFO  [16:43:14.084] [bbotk] Result of batch 2:
INFO  [16:43:14.085] [bbotk]     laplace classif.ce warnings errors runtime_learners
INFO  [16:43:14.085] [bbotk]  0.06583685  0.1506017        0      0            0.258
INFO  [16:43:14.085] [bbotk]                                 uhash
INFO  [16:43:14.085] [bbotk]  47ea210c-8c93-45f1-97c3-d3d6164a7957
INFO  [16:43:14.087] [bbotk] Evaluating 1 configuration(s)
INFO  [16:43:14.414] [bbotk] Result of batch 3:
INFO  [16:43:14.414] [bbotk]    laplace classif.ce warnings errors runtime_learners
INFO  [16:43:14.414] [bbotk]  0.4812985  0.1506017        0      0            0.291
INFO  [16:43:14.414] [bbotk]                                 uhash
INFO  [16:43:14.414] [bbotk]  84611245-bcaf-409e-b55e-a7c626ce403e
INFO  [16:43:14.421] [bbotk] Finished optimizing after 3 evaluation(s)
INFO  [16:43:14.422] [bbotk] Result:
INFO  [16:43:14.422] [bbotk]    laplace learner_param_vals  x_domain classif.ce
INFO  [16:43:14.422] [bbotk]      <num>             <list>    <list>      <num>
INFO  [16:43:14.422] [bbotk]  0.8779224          <list[1]> <list[1]>  0.1506017
INFO  [16:43:14.544] [bbotk] Starting to optimize 1 parameter(s) with '<OptimizerBatchRandomSearch>' and '<TerminatorEvals> [n_evals=3, k=0]'
INFO  [16:43:14.549] [bbotk] Evaluating 1 configuration(s)
INFO  [16:43:14.875] [bbotk] Result of batch 1:
INFO  [16:43:14.876] [bbotk]    laplace classif.ce warnings errors runtime_learners
INFO  [16:43:14.876] [bbotk]  0.1028189  0.1659708        0      0             0.28
INFO  [16:43:14.876] [bbotk]                                 uhash
INFO  [16:43:14.876] [bbotk]  a86694b5-42fb-4f7a-a12b-f64c2d1d5d81
INFO  [16:43:14.878] [bbotk] Evaluating 1 configuration(s)
INFO  [16:43:15.203] [bbotk] Result of batch 2:
INFO  [16:43:15.204] [bbotk]    laplace classif.ce warnings errors runtime_learners
INFO  [16:43:15.204] [bbotk]  0.5908215  0.1659708        0      0            0.288
INFO  [16:43:15.204] [bbotk]                                 uhash
INFO  [16:43:15.204] [bbotk]  65119ce9-2619-4b8d-9c83-1d86f81a9563
INFO  [16:43:15.206] [bbotk] Evaluating 1 configuration(s)
INFO  [16:43:15.542] [bbotk] Result of batch 3:
INFO  [16:43:15.544] [bbotk]    laplace classif.ce warnings errors runtime_learners
INFO  [16:43:15.544] [bbotk]  0.2790411  0.1659708        0      0            0.293
INFO  [16:43:15.544] [bbotk]                                 uhash
INFO  [16:43:15.544] [bbotk]  926deb17-1760-4aa6-a2b6-f7984fd8d43f
INFO  [16:43:15.560] [bbotk] Finished optimizing after 3 evaluation(s)
INFO  [16:43:15.560] [bbotk] Result:
INFO  [16:43:15.561] [bbotk]    laplace learner_param_vals  x_domain classif.ce
INFO  [16:43:15.561] [bbotk]      <num>             <list>    <list>      <num>
INFO  [16:43:15.561] [bbotk]  0.1028189          <list[1]> <list[1]>  0.1659708
INFO  [16:43:15.679] [bbotk] Starting to optimize 1 parameter(s) with '<OptimizerBatchRandomSearch>' and '<TerminatorEvals> [n_evals=3, k=0]'
INFO  [16:43:15.684] [bbotk] Evaluating 1 configuration(s)
INFO  [16:43:16.013] [bbotk] Result of batch 1:
INFO  [16:43:16.014] [bbotk]    laplace classif.ce warnings errors runtime_learners
INFO  [16:43:16.014] [bbotk]  0.9939633  0.1342857        0      0            0.289
INFO  [16:43:16.014] [bbotk]                                 uhash
INFO  [16:43:16.014] [bbotk]  8dd3c366-ff6e-46e3-9239-ed2305b297c5
INFO  [16:43:16.018] [bbotk] Evaluating 1 configuration(s)
INFO  [16:43:16.275] [bbotk] Result of batch 2:
INFO  [16:43:16.276] [bbotk]    laplace classif.ce warnings errors runtime_learners
INFO  [16:43:16.276] [bbotk]  0.6006259  0.1342857        0      0            0.228
INFO  [16:43:16.276] [bbotk]                                 uhash
INFO  [16:43:16.276] [bbotk]  77e0e5e3-28e8-40c4-997a-d5bd02aa054b
INFO  [16:43:16.283] [bbotk] Evaluating 1 configuration(s)
INFO  [16:43:16.502] [bbotk] Result of batch 3:
INFO  [16:43:16.503] [bbotk]    laplace classif.ce warnings errors runtime_learners
INFO  [16:43:16.503] [bbotk]  0.5477885  0.1342857        0      0            0.185
INFO  [16:43:16.503] [bbotk]                                 uhash
INFO  [16:43:16.503] [bbotk]  3288ebd9-2cbf-4c94-98fd-26939a03dc0f
INFO  [16:43:16.510] [bbotk] Finished optimizing after 3 evaluation(s)
INFO  [16:43:16.510] [bbotk] Result:
INFO  [16:43:16.511] [bbotk]    laplace learner_param_vals  x_domain classif.ce
INFO  [16:43:16.511] [bbotk]      <num>             <list>    <list>      <num>
INFO  [16:43:16.511] [bbotk]  0.9939633          <list[1]> <list[1]>  0.1342857
INFO  [16:43:16.591] [bbotk] Starting to optimize 1 parameter(s) with '<OptimizerBatchRandomSearch>' and '<TerminatorEvals> [n_evals=3, k=0]'
INFO  [16:43:16.595] [bbotk] Evaluating 1 configuration(s)
INFO  [16:43:16.807] [bbotk] Result of batch 1:
INFO  [16:43:16.808] [bbotk]    laplace classif.ce warnings errors runtime_learners
INFO  [16:43:16.808] [bbotk]  0.8890935  0.1314286        0      0            0.185
INFO  [16:43:16.808] [bbotk]                                 uhash
INFO  [16:43:16.808] [bbotk]  dabb95c0-b2d7-46ce-93b7-22e23e32aa4d
INFO  [16:43:16.810] [bbotk] Evaluating 1 configuration(s)
INFO  [16:43:17.018] [bbotk] Result of batch 2:
INFO  [16:43:17.018] [bbotk]    laplace classif.ce warnings errors runtime_learners
INFO  [16:43:17.018] [bbotk]  0.1178315  0.1314286        0      0            0.181
INFO  [16:43:17.018] [bbotk]                                 uhash
INFO  [16:43:17.018] [bbotk]  91e356fb-bbf4-435a-a9e9-45436b9f1f58
INFO  [16:43:17.021] [bbotk] Evaluating 1 configuration(s)
INFO  [16:43:17.219] [bbotk] Result of batch 3:
INFO  [16:43:17.219] [bbotk]    laplace classif.ce warnings errors runtime_learners
INFO  [16:43:17.219] [bbotk]  0.9937416  0.1314286        0      0            0.171
INFO  [16:43:17.219] [bbotk]                                 uhash
INFO  [16:43:17.219] [bbotk]  96e4cdd0-3b83-4109-bbc5-2c70e9c64887
INFO  [16:43:17.232] [bbotk] Finished optimizing after 3 evaluation(s)
INFO  [16:43:17.233] [bbotk] Result:
INFO  [16:43:17.234] [bbotk]    laplace learner_param_vals  x_domain classif.ce
INFO  [16:43:17.234] [bbotk]      <num>             <list>    <list>      <num>
INFO  [16:43:17.234] [bbotk]  0.8890935          <list[1]> <list[1]>  0.1314286
INFO  [16:43:17.310] [bbotk] Starting to optimize 1 parameter(s) with '<OptimizerBatchRandomSearch>' and '<TerminatorEvals> [n_evals=3, k=0]'
INFO  [16:43:17.314] [bbotk] Evaluating 1 configuration(s)
INFO  [16:43:17.602] [bbotk] Result of batch 1:
INFO  [16:43:17.603] [bbotk]   laplace classif.ce warnings errors runtime_learners
INFO  [16:43:17.603] [bbotk]  0.158756   0.212381        0      0            0.256
INFO  [16:43:17.603] [bbotk]                                 uhash
INFO  [16:43:17.603] [bbotk]  eb4b9c98-6f3f-4b24-9288-29d0a513e2d4
INFO  [16:43:17.606] [bbotk] Evaluating 1 configuration(s)
INFO  [16:43:18.369] [bbotk] Result of batch 2:
INFO  [16:43:18.371] [bbotk]    laplace classif.ce warnings errors runtime_learners
INFO  [16:43:18.371] [bbotk]  0.9420556   0.212381        0      0            0.686
INFO  [16:43:18.371] [bbotk]                                 uhash
INFO  [16:43:18.371] [bbotk]  3ee16125-36c3-4d09-aec2-b13cd6c62a5d
INFO  [16:43:18.379] [bbotk] Evaluating 1 configuration(s)
INFO  [16:43:18.975] [bbotk] Result of batch 3:
INFO  [16:43:18.977] [bbotk]    laplace classif.ce warnings errors runtime_learners
INFO  [16:43:18.977] [bbotk]  0.3224954   0.212381        0      0            0.505
INFO  [16:43:18.977] [bbotk]                                 uhash
INFO  [16:43:18.977] [bbotk]  62bc7efa-a6cd-4d36-a4b9-a61113d25e11
INFO  [16:43:18.993] [bbotk] Finished optimizing after 3 evaluation(s)
INFO  [16:43:18.994] [bbotk] Result:
INFO  [16:43:18.996] [bbotk]   laplace learner_param_vals  x_domain classif.ce
INFO  [16:43:18.996] [bbotk]     <num>             <list>    <list>      <num>
INFO  [16:43:18.996] [bbotk]  0.158756          <list[1]> <list[1]>   0.212381

### [bt]: Job terminated successfully [batchtools job.id=845]
### [bt]: Calculation finished!
