### [bt]: This is batchtools v0.9.17
### [bt]: Starting calculation of 5 jobs
### [bt]: Setting working directory to '/Users/User/Documents/Studium/Semester8/Hiwi/mlr3calibration/vignettes'
### [bt]: Memory measurement disabled
### [bt]: Starting job [batchtools job.id=3606]
### [bt]: Generating problem instance for problem '01ea4b20a58e68c2' ...
### [bt]: Applying algorithm 'run_learner' on problem '01ea4b20a58e68c2' for job 3606 (seed = 3607) ...
INFO  [17:33:33.484] [mlr3] Applying learner 'classif.naive_bayes.tuned_calib.tunefirst.oof_isotonic' on task 'wilt' (iter 6/10)
INFO  [17:33:33.545] [bbotk] Starting to optimize 1 parameter(s) with '<OptimizerBatchRandomSearch>' and '<TerminatorEvals> [n_evals=3, k=0]'
INFO  [17:33:33.550] [bbotk] Evaluating 1 configuration(s)
INFO  [17:33:34.001] [bbotk] Result of batch 1:
INFO  [17:33:34.003] [bbotk]    laplace classif.ce warnings errors runtime_learners
INFO  [17:33:34.003] [bbotk]  0.6782183  0.1155014        0      0             0.41
INFO  [17:33:34.003] [bbotk]                                 uhash
INFO  [17:33:34.003] [bbotk]  7b24a818-bdc4-4189-bfb6-be568679a44e
INFO  [17:33:34.008] [bbotk] Evaluating 1 configuration(s)
INFO  [17:33:34.409] [bbotk] Result of batch 2:
INFO  [17:33:34.410] [bbotk]    laplace classif.ce warnings errors runtime_learners
INFO  [17:33:34.410] [bbotk]  0.2613301  0.1155014        0      0            0.343
INFO  [17:33:34.410] [bbotk]                                 uhash
INFO  [17:33:34.410] [bbotk]  c7aff2ac-cf2a-40f4-b3a0-988fd9f74d59
INFO  [17:33:34.413] [bbotk] Evaluating 1 configuration(s)
INFO  [17:33:34.760] [bbotk] Result of batch 3:
INFO  [17:33:34.761] [bbotk]    laplace classif.ce warnings errors runtime_learners
INFO  [17:33:34.761] [bbotk]  0.6660069  0.1155014        0      0            0.301
INFO  [17:33:34.761] [bbotk]                                 uhash
INFO  [17:33:34.761] [bbotk]  eb66290b-fb36-43ba-90c3-88ef1076c672
INFO  [17:33:34.768] [bbotk] Finished optimizing after 3 evaluation(s)
INFO  [17:33:34.768] [bbotk] Result:
INFO  [17:33:34.772] [bbotk]    laplace learner_param_vals  x_domain classif.ce
INFO  [17:33:34.772] [bbotk]      <num>             <list>    <list>      <num>
INFO  [17:33:34.772] [bbotk]  0.6782183          <list[1]> <list[1]>  0.1155014

### [bt]: Job terminated successfully [batchtools job.id=3606]
### [bt]: Starting job [batchtools job.id=3607]
### [bt]: Generating problem instance for problem '01ea4b20a58e68c2' ...
### [bt]: Applying algorithm 'run_learner' on problem '01ea4b20a58e68c2' for job 3607 (seed = 3608) ...
INFO  [17:33:35.385] [mlr3] Applying learner 'classif.naive_bayes.tuned_calib.tunefirst.oof_isotonic' on task 'wilt' (iter 7/10)
INFO  [17:33:35.431] [bbotk] Starting to optimize 1 parameter(s) with '<OptimizerBatchRandomSearch>' and '<TerminatorEvals> [n_evals=3, k=0]'
INFO  [17:33:35.449] [bbotk] Evaluating 1 configuration(s)
INFO  [17:33:35.801] [bbotk] Result of batch 1:
INFO  [17:33:35.802] [bbotk]    laplace classif.ce warnings errors runtime_learners
INFO  [17:33:35.802] [bbotk]  0.8635275  0.1010334        0      0            0.297
INFO  [17:33:35.802] [bbotk]                                 uhash
INFO  [17:33:35.802] [bbotk]  2fb7ea2b-cf9a-44c6-8269-34ef726d7947
INFO  [17:33:35.805] [bbotk] Evaluating 1 configuration(s)
INFO  [17:33:36.154] [bbotk] Result of batch 2:
INFO  [17:33:36.155] [bbotk]    laplace classif.ce warnings errors runtime_learners
INFO  [17:33:36.155] [bbotk]  0.2604697  0.1010334        0      0            0.306
INFO  [17:33:36.155] [bbotk]                                 uhash
INFO  [17:33:36.155] [bbotk]  d4d0edba-0030-4eb8-a689-63e2997a87b6
INFO  [17:33:36.157] [bbotk] Evaluating 1 configuration(s)
INFO  [17:33:36.549] [bbotk] Result of batch 3:
INFO  [17:33:36.550] [bbotk]    laplace classif.ce warnings errors runtime_learners
INFO  [17:33:36.550] [bbotk]  0.4197779  0.1010334        0      0            0.344
INFO  [17:33:36.550] [bbotk]                                 uhash
INFO  [17:33:36.550] [bbotk]  6b0be884-d556-49ce-9f2c-edf833aef24e
INFO  [17:33:36.557] [bbotk] Finished optimizing after 3 evaluation(s)
INFO  [17:33:36.557] [bbotk] Result:
INFO  [17:33:36.558] [bbotk]    laplace learner_param_vals  x_domain classif.ce
INFO  [17:33:36.558] [bbotk]      <num>             <list>    <list>      <num>
INFO  [17:33:36.558] [bbotk]  0.8635275          <list[1]> <list[1]>  0.1010334

### [bt]: Job terminated successfully [batchtools job.id=3607]
### [bt]: Starting job [batchtools job.id=3608]
### [bt]: Generating problem instance for problem '01ea4b20a58e68c2' ...
### [bt]: Applying algorithm 'run_learner' on problem '01ea4b20a58e68c2' for job 3608 (seed = 3609) ...
INFO  [17:33:37.210] [mlr3] Applying learner 'classif.naive_bayes.tuned_calib.tunefirst.oof_isotonic' on task 'wilt' (iter 8/10)
INFO  [17:33:37.253] [bbotk] Starting to optimize 1 parameter(s) with '<OptimizerBatchRandomSearch>' and '<TerminatorEvals> [n_evals=3, k=0]'
INFO  [17:33:37.261] [bbotk] Evaluating 1 configuration(s)
INFO  [17:33:37.640] [bbotk] Result of batch 1:
INFO  [17:33:37.642] [bbotk]    laplace classif.ce warnings errors runtime_learners
INFO  [17:33:37.642] [bbotk]  0.3708131  0.1145814        0      0            0.319
INFO  [17:33:37.642] [bbotk]                                 uhash
INFO  [17:33:37.642] [bbotk]  0361b95e-4206-4c05-b5ee-9975c8aa0755
INFO  [17:33:37.659] [bbotk] Evaluating 1 configuration(s)
INFO  [17:33:38.054] [bbotk] Result of batch 2:
INFO  [17:33:38.055] [bbotk]    laplace classif.ce warnings errors runtime_learners
INFO  [17:33:38.055] [bbotk]  0.9675532  0.1145814        0      0            0.349
INFO  [17:33:38.055] [bbotk]                                 uhash
INFO  [17:33:38.055] [bbotk]  e7d69d45-f0a5-4cb9-857a-ae255cb29a60
INFO  [17:33:38.057] [bbotk] Evaluating 1 configuration(s)
INFO  [17:33:38.413] [bbotk] Result of batch 3:
INFO  [17:33:38.413] [bbotk]    laplace classif.ce warnings errors runtime_learners
INFO  [17:33:38.413] [bbotk]  0.9176128  0.1145814        0      0            0.298
INFO  [17:33:38.413] [bbotk]                                 uhash
INFO  [17:33:38.413] [bbotk]  a2a159fb-1f11-4be5-b64e-b3c4b59f8b78
INFO  [17:33:38.433] [bbotk] Finished optimizing after 3 evaluation(s)
INFO  [17:33:38.434] [bbotk] Result:
INFO  [17:33:38.435] [bbotk]    laplace learner_param_vals  x_domain classif.ce
INFO  [17:33:38.435] [bbotk]      <num>             <list>    <list>      <num>
INFO  [17:33:38.435] [bbotk]  0.3708131          <list[1]> <list[1]>  0.1145814

### [bt]: Job terminated successfully [batchtools job.id=3608]
### [bt]: Starting job [batchtools job.id=3609]
### [bt]: Generating problem instance for problem '01ea4b20a58e68c2' ...
### [bt]: Applying algorithm 'run_learner' on problem '01ea4b20a58e68c2' for job 3609 (seed = 3610) ...
INFO  [17:33:39.026] [mlr3] Applying learner 'classif.naive_bayes.tuned_calib.tunefirst.oof_isotonic' on task 'wilt' (iter 9/10)
INFO  [17:33:39.082] [bbotk] Starting to optimize 1 parameter(s) with '<OptimizerBatchRandomSearch>' and '<TerminatorEvals> [n_evals=3, k=0]'
INFO  [17:33:39.089] [bbotk] Evaluating 1 configuration(s)
INFO  [17:33:39.446] [bbotk] Result of batch 1:
INFO  [17:33:39.447] [bbotk]    laplace classif.ce warnings errors runtime_learners
INFO  [17:33:39.447] [bbotk]  0.2245042 0.08771254        0      0            0.307
INFO  [17:33:39.447] [bbotk]                                 uhash
INFO  [17:33:39.447] [bbotk]  fad6f44b-81d2-4c15-b604-fe54cc7e4317
INFO  [17:33:39.449] [bbotk] Evaluating 1 configuration(s)
INFO  [17:33:39.835] [bbotk] Result of batch 2:
INFO  [17:33:39.837] [bbotk]    laplace classif.ce warnings errors runtime_learners
INFO  [17:33:39.837] [bbotk]  0.6590609 0.08771254        0      0            0.286
INFO  [17:33:39.837] [bbotk]                                 uhash
INFO  [17:33:39.837] [bbotk]  24252608-fa03-4800-966e-f18cdaf0c3c7
INFO  [17:33:39.850] [bbotk] Evaluating 1 configuration(s)
INFO  [17:33:40.303] [bbotk] Result of batch 3:
INFO  [17:33:40.305] [bbotk]    laplace classif.ce warnings errors runtime_learners
INFO  [17:33:40.305] [bbotk]  0.9268951 0.08771254        0      0             0.39
INFO  [17:33:40.305] [bbotk]                                 uhash
INFO  [17:33:40.305] [bbotk]  83405c8b-0efa-46f4-84e0-c00abb83ccd2
INFO  [17:33:40.312] [bbotk] Finished optimizing after 3 evaluation(s)
INFO  [17:33:40.313] [bbotk] Result:
INFO  [17:33:40.313] [bbotk]    laplace learner_param_vals  x_domain classif.ce
INFO  [17:33:40.313] [bbotk]      <num>             <list>    <list>      <num>
INFO  [17:33:40.313] [bbotk]  0.2245042          <list[1]> <list[1]> 0.08771254

### [bt]: Job terminated successfully [batchtools job.id=3609]
### [bt]: Starting job [batchtools job.id=3610]
### [bt]: Generating problem instance for problem '01ea4b20a58e68c2' ...
### [bt]: Applying algorithm 'run_learner' on problem '01ea4b20a58e68c2' for job 3610 (seed = 3611) ...
INFO  [17:33:40.983] [mlr3] Applying learner 'classif.naive_bayes.tuned_calib.tunefirst.oof_isotonic' on task 'wilt' (iter 10/10)
INFO  [17:33:41.055] [bbotk] Starting to optimize 1 parameter(s) with '<OptimizerBatchRandomSearch>' and '<TerminatorEvals> [n_evals=3, k=0]'
INFO  [17:33:41.074] [bbotk] Evaluating 1 configuration(s)
INFO  [17:33:41.453] [bbotk] Result of batch 1:
INFO  [17:33:41.454] [bbotk]    laplace classif.ce warnings errors runtime_learners
INFO  [17:33:41.454] [bbotk]  0.7461963  0.1138659        0      0            0.337
INFO  [17:33:41.454] [bbotk]                                 uhash
INFO  [17:33:41.454] [bbotk]  1ad5dd06-af2e-439b-a712-4483a96cad51
INFO  [17:33:41.458] [bbotk] Evaluating 1 configuration(s)
INFO  [17:33:41.826] [bbotk] Result of batch 2:
INFO  [17:33:41.827] [bbotk]    laplace classif.ce warnings errors runtime_learners
INFO  [17:33:41.827] [bbotk]  0.3018593  0.1138659        0      0            0.331
INFO  [17:33:41.827] [bbotk]                                 uhash
INFO  [17:33:41.827] [bbotk]  f174059c-aa39-4451-bbfb-b1173cfb70fc
INFO  [17:33:41.829] [bbotk] Evaluating 1 configuration(s)
INFO  [17:33:42.219] [bbotk] Result of batch 3:
INFO  [17:33:42.220] [bbotk]    laplace classif.ce warnings errors runtime_learners
INFO  [17:33:42.220] [bbotk]  0.4494168  0.1138659        0      0            0.337
INFO  [17:33:42.220] [bbotk]                                 uhash
INFO  [17:33:42.220] [bbotk]  743a9f46-070a-44d5-a1a0-cda7b08b1850
INFO  [17:33:42.229] [bbotk] Finished optimizing after 3 evaluation(s)
INFO  [17:33:42.229] [bbotk] Result:
INFO  [17:33:42.230] [bbotk]    laplace learner_param_vals  x_domain classif.ce
INFO  [17:33:42.230] [bbotk]      <num>             <list>    <list>      <num>
INFO  [17:33:42.230] [bbotk]  0.7461963          <list[1]> <list[1]>  0.1138659

### [bt]: Job terminated successfully [batchtools job.id=3610]
### [bt]: Calculation finished!
