### [bt]: This is batchtools v0.9.17
### [bt]: Starting calculation of 5 jobs
### [bt]: Setting working directory to '/Users/User/Documents/Studium/Semester8/Hiwi/mlr3calibration/vignettes'
### [bt]: Memory measurement disabled
### [bt]: Starting job [batchtools job.id=1571]
### [bt]: Generating problem instance for problem '42e9f2146ba77696' ...
### [bt]: Applying algorithm 'run_learner' on problem '42e9f2146ba77696' for job 1571 (seed = 1572) ...
INFO  [16:58:43.889] [mlr3] Applying learner 'classif.naive_bayes.tuned_calib.oof_platt' on task 'kc1' (iter 1/10)
INFO  [16:58:43.955] [bbotk] Starting to optimize 1 parameter(s) with '<OptimizerBatchRandomSearch>' and '<TerminatorEvals> [n_evals=3, k=0]'
INFO  [16:58:43.962] [bbotk] Evaluating 1 configuration(s)
INFO  [16:58:44.241] [bbotk] Result of batch 1:
INFO  [16:58:44.242] [bbotk]    laplace classif.ce warnings errors runtime_learners
INFO  [16:58:44.242] [bbotk]  0.6748945  0.1732543        0      0            0.244
INFO  [16:58:44.242] [bbotk]                                 uhash
INFO  [16:58:44.242] [bbotk]  089d1ba0-55d0-423e-9d71-daccc0fdf940
INFO  [16:58:44.245] [bbotk] Evaluating 1 configuration(s)
INFO  [16:58:44.582] [bbotk] Result of batch 2:
INFO  [16:58:44.583] [bbotk]   laplace classif.ce warnings errors runtime_learners
INFO  [16:58:44.583] [bbotk]  0.872877  0.1732543        0      0            0.293
INFO  [16:58:44.583] [bbotk]                                 uhash
INFO  [16:58:44.583] [bbotk]  8ebc8290-641d-4dc4-8e54-8af25b5974d0
INFO  [16:58:44.586] [bbotk] Evaluating 1 configuration(s)
INFO  [16:58:44.988] [bbotk] Result of batch 3:
INFO  [16:58:44.989] [bbotk]     laplace classif.ce warnings errors runtime_learners
INFO  [16:58:44.989] [bbotk]  0.05743757  0.1732543        0      0            0.373
INFO  [16:58:44.989] [bbotk]                                 uhash
INFO  [16:58:44.989] [bbotk]  4ea234a5-62b0-4f24-9844-a5fd75048936
INFO  [16:58:45.002] [bbotk] Finished optimizing after 3 evaluation(s)
INFO  [16:58:45.002] [bbotk] Result:
INFO  [16:58:45.003] [bbotk]    laplace learner_param_vals  x_domain classif.ce
INFO  [16:58:45.003] [bbotk]      <num>             <list>    <list>      <num>
INFO  [16:58:45.003] [bbotk]  0.6748945          <list[1]> <list[1]>  0.1732543
INFO  [16:58:45.139] [bbotk] Starting to optimize 1 parameter(s) with '<OptimizerBatchRandomSearch>' and '<TerminatorEvals> [n_evals=3, k=0]'
INFO  [16:58:45.143] [bbotk] Evaluating 1 configuration(s)
INFO  [16:58:45.479] [bbotk] Result of batch 1:
INFO  [16:58:45.481] [bbotk]    laplace classif.ce warnings errors runtime_learners
INFO  [16:58:45.481] [bbotk]  0.6079014  0.1752306        0      0            0.308
INFO  [16:58:45.481] [bbotk]                                 uhash
INFO  [16:58:45.481] [bbotk]  db454e6d-ae29-4060-8578-7f6e93127812
INFO  [16:58:45.485] [bbotk] Evaluating 1 configuration(s)
INFO  [16:58:45.812] [bbotk] Result of batch 2:
INFO  [16:58:45.813] [bbotk]    laplace classif.ce warnings errors runtime_learners
INFO  [16:58:45.813] [bbotk]  0.8132298  0.1752306        0      0            0.296
INFO  [16:58:45.813] [bbotk]                                 uhash
INFO  [16:58:45.813] [bbotk]  a39d51bd-2e56-4794-89df-1cad8d74bb90
INFO  [16:58:45.817] [bbotk] Evaluating 1 configuration(s)
INFO  [16:58:46.134] [bbotk] Result of batch 3:
INFO  [16:58:46.135] [bbotk]    laplace classif.ce warnings errors runtime_learners
INFO  [16:58:46.135] [bbotk]  0.2445868  0.1752306        0      0            0.285
INFO  [16:58:46.135] [bbotk]                                 uhash
INFO  [16:58:46.135] [bbotk]  827ebb19-7691-4eef-aefa-e5a734ff9f3a
INFO  [16:58:46.156] [bbotk] Finished optimizing after 3 evaluation(s)
INFO  [16:58:46.156] [bbotk] Result:
INFO  [16:58:46.161] [bbotk]    laplace learner_param_vals  x_domain classif.ce
INFO  [16:58:46.161] [bbotk]      <num>             <list>    <list>      <num>
INFO  [16:58:46.161] [bbotk]  0.6079014          <list[1]> <list[1]>  0.1752306
INFO  [16:58:46.296] [bbotk] Starting to optimize 1 parameter(s) with '<OptimizerBatchRandomSearch>' and '<TerminatorEvals> [n_evals=3, k=0]'
INFO  [16:58:46.307] [bbotk] Evaluating 1 configuration(s)
INFO  [16:58:46.665] [bbotk] Result of batch 1:
INFO  [16:58:46.667] [bbotk]    laplace classif.ce warnings errors runtime_learners
INFO  [16:58:46.667] [bbotk]  0.5025714  0.1798419        0      0            0.301
INFO  [16:58:46.667] [bbotk]                                 uhash
INFO  [16:58:46.667] [bbotk]  17ef594b-170c-49c7-8522-c470c38c453d
INFO  [16:58:46.672] [bbotk] Evaluating 1 configuration(s)
INFO  [16:58:47.018] [bbotk] Result of batch 2:
INFO  [16:58:47.019] [bbotk]    laplace classif.ce warnings errors runtime_learners
INFO  [16:58:47.019] [bbotk]  0.2663032  0.1798419        0      0            0.298
INFO  [16:58:47.019] [bbotk]                                 uhash
INFO  [16:58:47.019] [bbotk]  9d4e0d87-9cb0-41cb-9412-18699538826b
INFO  [16:58:47.021] [bbotk] Evaluating 1 configuration(s)
INFO  [16:58:47.350] [bbotk] Result of batch 3:
INFO  [16:58:47.351] [bbotk]    laplace classif.ce warnings errors runtime_learners
INFO  [16:58:47.351] [bbotk]  0.8045967  0.1798419        0      0            0.297
INFO  [16:58:47.351] [bbotk]                                 uhash
INFO  [16:58:47.351] [bbotk]  07d7ab2f-a1b6-40a2-8106-d30a9f0f225d
INFO  [16:58:47.364] [bbotk] Finished optimizing after 3 evaluation(s)
INFO  [16:58:47.364] [bbotk] Result:
INFO  [16:58:47.367] [bbotk]    laplace learner_param_vals  x_domain classif.ce
INFO  [16:58:47.367] [bbotk]      <num>             <list>    <list>      <num>
INFO  [16:58:47.367] [bbotk]  0.5025714          <list[1]> <list[1]>  0.1798419
INFO  [16:58:47.523] [bbotk] Starting to optimize 1 parameter(s) with '<OptimizerBatchRandomSearch>' and '<TerminatorEvals> [n_evals=3, k=0]'
INFO  [16:58:47.537] [bbotk] Evaluating 1 configuration(s)
INFO  [16:58:47.946] [bbotk] Result of batch 1:
INFO  [16:58:47.947] [bbotk]    laplace classif.ce warnings errors runtime_learners
INFO  [16:58:47.947] [bbotk]  0.6260897  0.1645851        0      0             0.35
INFO  [16:58:47.947] [bbotk]                                 uhash
INFO  [16:58:47.947] [bbotk]  a72b3469-754e-4188-9857-f1c7308c3bfd
INFO  [16:58:47.953] [bbotk] Evaluating 1 configuration(s)
INFO  [16:58:48.305] [bbotk] Result of batch 2:
INFO  [16:58:48.307] [bbotk]   laplace classif.ce warnings errors runtime_learners
INFO  [16:58:48.307] [bbotk]  0.620608  0.1645851        0      0            0.304
INFO  [16:58:48.307] [bbotk]                                 uhash
INFO  [16:58:48.307] [bbotk]  c1ac006a-91c7-4441-bd28-1e7894e35c47
INFO  [16:58:48.314] [bbotk] Evaluating 1 configuration(s)
INFO  [16:58:48.654] [bbotk] Result of batch 3:
INFO  [16:58:48.656] [bbotk]    laplace classif.ce warnings errors runtime_learners
INFO  [16:58:48.656] [bbotk]  0.6937681  0.1645851        0      0            0.292
INFO  [16:58:48.656] [bbotk]                                 uhash
INFO  [16:58:48.656] [bbotk]  022cfab5-b55a-46b5-884f-c212c14adb12
INFO  [16:58:48.663] [bbotk] Finished optimizing after 3 evaluation(s)
INFO  [16:58:48.663] [bbotk] Result:
INFO  [16:58:48.665] [bbotk]    laplace learner_param_vals  x_domain classif.ce
INFO  [16:58:48.665] [bbotk]      <num>             <list>    <list>      <num>
INFO  [16:58:48.665] [bbotk]  0.6260897          <list[1]> <list[1]>  0.1645851
INFO  [16:58:48.801] [bbotk] Starting to optimize 1 parameter(s) with '<OptimizerBatchRandomSearch>' and '<TerminatorEvals> [n_evals=3, k=0]'
INFO  [16:58:48.807] [bbotk] Evaluating 1 configuration(s)
INFO  [16:58:49.182] [bbotk] Result of batch 1:
INFO  [16:58:49.183] [bbotk]    laplace classif.ce warnings errors runtime_learners
INFO  [16:58:49.183] [bbotk]  0.4426697  0.1711779        0      0            0.321
INFO  [16:58:49.183] [bbotk]                                 uhash
INFO  [16:58:49.183] [bbotk]  e0669732-8060-4879-8cdc-18c65224db06
INFO  [16:58:49.185] [bbotk] Evaluating 1 configuration(s)
INFO  [16:58:49.499] [bbotk] Result of batch 2:
INFO  [16:58:49.500] [bbotk]   laplace classif.ce warnings errors runtime_learners
INFO  [16:58:49.500] [bbotk]  0.260826  0.1711779        0      0            0.262
INFO  [16:58:49.500] [bbotk]                                 uhash
INFO  [16:58:49.500] [bbotk]  2e12f7c7-353e-4d14-a7ce-a652ce66adcd
INFO  [16:58:49.502] [bbotk] Evaluating 1 configuration(s)
INFO  [16:58:49.839] [bbotk] Result of batch 3:
INFO  [16:58:49.843] [bbotk]    laplace classif.ce warnings errors runtime_learners
INFO  [16:58:49.843] [bbotk]  0.0527116  0.1711779        0      0            0.275
INFO  [16:58:49.843] [bbotk]                                 uhash
INFO  [16:58:49.843] [bbotk]  2dc686d2-6080-428f-841b-ae9544ebea23
INFO  [16:58:49.860] [bbotk] Finished optimizing after 3 evaluation(s)
INFO  [16:58:49.860] [bbotk] Result:
INFO  [16:58:49.862] [bbotk]    laplace learner_param_vals  x_domain classif.ce
INFO  [16:58:49.862] [bbotk]      <num>             <list>    <list>      <num>
INFO  [16:58:49.862] [bbotk]  0.4426697          <list[1]> <list[1]>  0.1711779

### [bt]: Job terminated successfully [batchtools job.id=1571]
### [bt]: Starting job [batchtools job.id=1572]
### [bt]: Generating problem instance for problem '42e9f2146ba77696' ...
### [bt]: Applying algorithm 'run_learner' on problem '42e9f2146ba77696' for job 1572 (seed = 1573) ...
INFO  [16:58:50.204] [mlr3] Applying learner 'classif.naive_bayes.tuned_calib.oof_platt' on task 'kc1' (iter 2/10)
INFO  [16:58:50.259] [bbotk] Starting to optimize 1 parameter(s) with '<OptimizerBatchRandomSearch>' and '<TerminatorEvals> [n_evals=3, k=0]'
INFO  [16:58:50.275] [bbotk] Evaluating 1 configuration(s)
INFO  [16:58:50.546] [bbotk] Result of batch 1:
INFO  [16:58:50.547] [bbotk]    laplace classif.ce warnings errors runtime_learners
INFO  [16:58:50.547] [bbotk]  0.1779545   0.173913        0      0            0.229
INFO  [16:58:50.547] [bbotk]                                 uhash
INFO  [16:58:50.547] [bbotk]  1dfce738-904a-4c60-8b3d-21a438dcda5f
INFO  [16:58:50.549] [bbotk] Evaluating 1 configuration(s)
INFO  [16:58:50.751] [bbotk] Result of batch 2:
INFO  [16:58:50.752] [bbotk]    laplace classif.ce warnings errors runtime_learners
INFO  [16:58:50.752] [bbotk]  0.7378948   0.173913        0      0            0.177
INFO  [16:58:50.752] [bbotk]                                 uhash
INFO  [16:58:50.752] [bbotk]  29cb3777-643e-4cd2-aa77-c89b633ef29f
INFO  [16:58:50.754] [bbotk] Evaluating 1 configuration(s)
INFO  [16:58:50.973] [bbotk] Result of batch 3:
INFO  [16:58:50.975] [bbotk]       laplace classif.ce warnings errors runtime_learners
INFO  [16:58:50.975] [bbotk]  2.085068e-05   0.173913        0      0            0.182
INFO  [16:58:50.975] [bbotk]                                 uhash
INFO  [16:58:50.975] [bbotk]  3954081d-7d63-42db-96a4-534eb9578490
INFO  [16:58:50.985] [bbotk] Finished optimizing after 3 evaluation(s)
INFO  [16:58:50.985] [bbotk] Result:
INFO  [16:58:50.986] [bbotk]    laplace learner_param_vals  x_domain classif.ce
INFO  [16:58:50.986] [bbotk]      <num>             <list>    <list>      <num>
INFO  [16:58:50.986] [bbotk]  0.1779545          <list[1]> <list[1]>   0.173913
INFO  [16:58:51.117] [bbotk] Starting to optimize 1 parameter(s) with '<OptimizerBatchRandomSearch>' and '<TerminatorEvals> [n_evals=3, k=0]'
INFO  [16:58:51.122] [bbotk] Evaluating 1 configuration(s)
INFO  [16:58:51.415] [bbotk] Result of batch 1:
INFO  [16:58:51.416] [bbotk]    laplace classif.ce warnings errors runtime_learners
INFO  [16:58:51.416] [bbotk]  0.8625367  0.1745718        0      0            0.255
INFO  [16:58:51.416] [bbotk]                                 uhash
INFO  [16:58:51.416] [bbotk]  c2972d0c-7e96-4622-abc6-8ffe4ac7450a
INFO  [16:58:51.418] [bbotk] Evaluating 1 configuration(s)
INFO  [16:58:51.747] [bbotk] Result of batch 2:
INFO  [16:58:51.748] [bbotk]     laplace classif.ce warnings errors runtime_learners
INFO  [16:58:51.748] [bbotk]  0.04279653  0.1745718        0      0            0.284
INFO  [16:58:51.748] [bbotk]                                 uhash
INFO  [16:58:51.748] [bbotk]  3dab48c7-9eda-4ff9-8b03-c71390eb434d
INFO  [16:58:51.750] [bbotk] Evaluating 1 configuration(s)
INFO  [16:58:52.091] [bbotk] Result of batch 3:
INFO  [16:58:52.094] [bbotk]    laplace classif.ce warnings errors runtime_learners
INFO  [16:58:52.094] [bbotk]  0.6173011  0.1745718        0      0             0.28
INFO  [16:58:52.094] [bbotk]                                 uhash
INFO  [16:58:52.094] [bbotk]  4bfb8daf-533f-4a38-b8a0-8e0be8bf0ac3
INFO  [16:58:52.106] [bbotk] Finished optimizing after 3 evaluation(s)
INFO  [16:58:52.106] [bbotk] Result:
INFO  [16:58:52.108] [bbotk]    laplace learner_param_vals  x_domain classif.ce
INFO  [16:58:52.108] [bbotk]      <num>             <list>    <list>      <num>
INFO  [16:58:52.108] [bbotk]  0.8625367          <list[1]> <list[1]>  0.1745718
INFO  [16:58:52.222] [bbotk] Starting to optimize 1 parameter(s) with '<OptimizerBatchRandomSearch>' and '<TerminatorEvals> [n_evals=3, k=0]'
INFO  [16:58:52.227] [bbotk] Evaluating 1 configuration(s)
INFO  [16:58:52.613] [bbotk] Result of batch 1:
INFO  [16:58:52.614] [bbotk]    laplace classif.ce warnings errors runtime_learners
INFO  [16:58:52.614] [bbotk]  0.3015498  0.1870883        0      0            0.341
INFO  [16:58:52.614] [bbotk]                                 uhash
INFO  [16:58:52.614] [bbotk]  221f94e3-8d62-4701-9f63-550505663134
INFO  [16:58:52.616] [bbotk] Evaluating 1 configuration(s)
INFO  [16:58:52.935] [bbotk] Result of batch 2:
INFO  [16:58:52.938] [bbotk]    laplace classif.ce warnings errors runtime_learners
INFO  [16:58:52.938] [bbotk]  0.4886067  0.1870883        0      0            0.286
INFO  [16:58:52.938] [bbotk]                                 uhash
INFO  [16:58:52.938] [bbotk]  0a84c47d-110f-4a71-b162-94b0b8557a35
INFO  [16:58:52.941] [bbotk] Evaluating 1 configuration(s)
INFO  [16:58:53.271] [bbotk] Result of batch 3:
INFO  [16:58:53.272] [bbotk]    laplace classif.ce warnings errors runtime_learners
INFO  [16:58:53.272] [bbotk]  0.6930003  0.1870883        0      0            0.281
INFO  [16:58:53.272] [bbotk]                                 uhash
INFO  [16:58:53.272] [bbotk]  55cf8b0c-0454-48cb-adb7-e1e5a01b86d8
INFO  [16:58:53.283] [bbotk] Finished optimizing after 3 evaluation(s)
INFO  [16:58:53.284] [bbotk] Result:
INFO  [16:58:53.285] [bbotk]    laplace learner_param_vals  x_domain classif.ce
INFO  [16:58:53.285] [bbotk]      <num>             <list>    <list>      <num>
INFO  [16:58:53.285] [bbotk]  0.3015498          <list[1]> <list[1]>  0.1870883
INFO  [16:58:53.397] [bbotk] Starting to optimize 1 parameter(s) with '<OptimizerBatchRandomSearch>' and '<TerminatorEvals> [n_evals=3, k=0]'
INFO  [16:58:53.410] [bbotk] Evaluating 1 configuration(s)
INFO  [16:58:53.752] [bbotk] Result of batch 1:
INFO  [16:58:53.753] [bbotk]    laplace classif.ce warnings errors runtime_learners
INFO  [16:58:53.753] [bbotk]  0.6343672  0.1830201        0      0            0.294
INFO  [16:58:53.753] [bbotk]                                 uhash
INFO  [16:58:53.753] [bbotk]  1030a74b-a1e3-4e3a-9f0b-782596363896
INFO  [16:58:53.756] [bbotk] Evaluating 1 configuration(s)
INFO  [16:58:54.071] [bbotk] Result of batch 2:
INFO  [16:58:54.072] [bbotk]    laplace classif.ce warnings errors runtime_learners
INFO  [16:58:54.072] [bbotk]  0.6553655  0.1830201        0      0            0.251
INFO  [16:58:54.072] [bbotk]                                 uhash
INFO  [16:58:54.072] [bbotk]  f8f42a2c-5911-44d4-ab7f-3fd17d391360
INFO  [16:58:54.077] [bbotk] Evaluating 1 configuration(s)
INFO  [16:58:54.409] [bbotk] Result of batch 3:
INFO  [16:58:54.410] [bbotk]    laplace classif.ce warnings errors runtime_learners
INFO  [16:58:54.410] [bbotk]  0.7620482  0.1830201        0      0            0.292
INFO  [16:58:54.410] [bbotk]                                 uhash
INFO  [16:58:54.410] [bbotk]  f25b32e7-a38f-4bcf-a834-ed403821edb0
INFO  [16:58:54.423] [bbotk] Finished optimizing after 3 evaluation(s)
INFO  [16:58:54.424] [bbotk] Result:
INFO  [16:58:54.424] [bbotk]    laplace learner_param_vals  x_domain classif.ce
INFO  [16:58:54.424] [bbotk]      <num>             <list>    <list>      <num>
INFO  [16:58:54.424] [bbotk]  0.6343672          <list[1]> <list[1]>  0.1830201
INFO  [16:58:54.549] [bbotk] Starting to optimize 1 parameter(s) with '<OptimizerBatchRandomSearch>' and '<TerminatorEvals> [n_evals=3, k=0]'
INFO  [16:58:54.558] [bbotk] Evaluating 1 configuration(s)
INFO  [16:58:54.891] [bbotk] Result of batch 1:
INFO  [16:58:54.893] [bbotk]    laplace classif.ce warnings errors runtime_learners
INFO  [16:58:54.893] [bbotk]  0.8539788  0.1698461        0      0            0.283
INFO  [16:58:54.893] [bbotk]                                 uhash
INFO  [16:58:54.893] [bbotk]  ff019121-fb3a-4b88-83c3-764c70f5d327
INFO  [16:58:54.897] [bbotk] Evaluating 1 configuration(s)
INFO  [16:58:55.207] [bbotk] Result of batch 2:
INFO  [16:58:55.209] [bbotk]     laplace classif.ce warnings errors runtime_learners
INFO  [16:58:55.209] [bbotk]  0.03640777  0.1698461        0      0            0.275
INFO  [16:58:55.209] [bbotk]                                 uhash
INFO  [16:58:55.209] [bbotk]  ecbb9c64-529e-4f0a-88cc-4afe6c846db4
INFO  [16:58:55.215] [bbotk] Evaluating 1 configuration(s)
INFO  [16:58:55.510] [bbotk] Result of batch 3:
INFO  [16:58:55.511] [bbotk]    laplace classif.ce warnings errors runtime_learners
INFO  [16:58:55.511] [bbotk]  0.4605366  0.1698461        0      0            0.252
INFO  [16:58:55.511] [bbotk]                                 uhash
INFO  [16:58:55.511] [bbotk]  370127b3-d611-468e-976a-73fe50d53deb
INFO  [16:58:55.523] [bbotk] Finished optimizing after 3 evaluation(s)
INFO  [16:58:55.523] [bbotk] Result:
INFO  [16:58:55.524] [bbotk]    laplace learner_param_vals  x_domain classif.ce
INFO  [16:58:55.524] [bbotk]      <num>             <list>    <list>      <num>
INFO  [16:58:55.524] [bbotk]  0.8539788          <list[1]> <list[1]>  0.1698461

### [bt]: Job terminated successfully [batchtools job.id=1572]
### [bt]: Starting job [batchtools job.id=1573]
### [bt]: Generating problem instance for problem '42e9f2146ba77696' ...
### [bt]: Applying algorithm 'run_learner' on problem '42e9f2146ba77696' for job 1573 (seed = 1574) ...
INFO  [16:58:55.895] [mlr3] Applying learner 'classif.naive_bayes.tuned_calib.oof_platt' on task 'kc1' (iter 3/10)
INFO  [16:58:55.949] [bbotk] Starting to optimize 1 parameter(s) with '<OptimizerBatchRandomSearch>' and '<TerminatorEvals> [n_evals=3, k=0]'
INFO  [16:58:55.954] [bbotk] Evaluating 1 configuration(s)
INFO  [16:58:56.359] [bbotk] Result of batch 1:
INFO  [16:58:56.362] [bbotk]    laplace classif.ce warnings errors runtime_learners
INFO  [16:58:56.362] [bbotk]  0.3649526  0.1778656        0      0            0.345
INFO  [16:58:56.362] [bbotk]                                 uhash
INFO  [16:58:56.362] [bbotk]  d8954291-4eec-4c56-8c5b-1397ddd4920a
INFO  [16:58:56.370] [bbotk] Evaluating 1 configuration(s)
INFO  [16:58:56.726] [bbotk] Result of batch 2:
INFO  [16:58:56.731] [bbotk]    laplace classif.ce warnings errors runtime_learners
INFO  [16:58:56.731] [bbotk]  0.5733054  0.1778656        0      0            0.303
INFO  [16:58:56.731] [bbotk]                                 uhash
INFO  [16:58:56.731] [bbotk]  5ec4cf02-6f22-4fa8-bc7f-5894ce2e96a1
INFO  [16:58:56.734] [bbotk] Evaluating 1 configuration(s)
INFO  [16:58:57.068] [bbotk] Result of batch 3:
INFO  [16:58:57.068] [bbotk]    laplace classif.ce warnings errors runtime_learners
INFO  [16:58:57.068] [bbotk]  0.1874577  0.1778656        0      0            0.298
INFO  [16:58:57.068] [bbotk]                                 uhash
INFO  [16:58:57.068] [bbotk]  46ebbd10-fdaa-4ff1-83f8-091c6953f241
INFO  [16:58:57.082] [bbotk] Finished optimizing after 3 evaluation(s)
INFO  [16:58:57.082] [bbotk] Result:
INFO  [16:58:57.083] [bbotk]    laplace learner_param_vals  x_domain classif.ce
INFO  [16:58:57.083] [bbotk]      <num>             <list>    <list>      <num>
INFO  [16:58:57.083] [bbotk]  0.3649526          <list[1]> <list[1]>  0.1778656
INFO  [16:58:57.214] [bbotk] Starting to optimize 1 parameter(s) with '<OptimizerBatchRandomSearch>' and '<TerminatorEvals> [n_evals=3, k=0]'
INFO  [16:58:57.225] [bbotk] Evaluating 1 configuration(s)
INFO  [16:58:57.526] [bbotk] Result of batch 1:
INFO  [16:58:57.527] [bbotk]    laplace classif.ce warnings errors runtime_learners
INFO  [16:58:57.527] [bbotk]  0.9439264   0.173913        0      0            0.256
INFO  [16:58:57.527] [bbotk]                                 uhash
INFO  [16:58:57.527] [bbotk]  307bce8a-7f1d-4a02-89fd-ac9ab9a148e9
INFO  [16:58:57.529] [bbotk] Evaluating 1 configuration(s)
INFO  [16:58:57.848] [bbotk] Result of batch 2:
INFO  [16:58:57.849] [bbotk]    laplace classif.ce warnings errors runtime_learners
INFO  [16:58:57.849] [bbotk]  0.6003244   0.173913        0      0            0.286
INFO  [16:58:57.849] [bbotk]                                 uhash
INFO  [16:58:57.849] [bbotk]  2133cd93-0ed5-4c14-a3df-cffc4a3ffb82
INFO  [16:58:57.851] [bbotk] Evaluating 1 configuration(s)
INFO  [16:58:58.063] [bbotk] Result of batch 3:
INFO  [16:58:58.065] [bbotk]     laplace classif.ce warnings errors runtime_learners
INFO  [16:58:58.065] [bbotk]  0.02886601   0.173913        0      0            0.172
INFO  [16:58:58.065] [bbotk]                                 uhash
INFO  [16:58:58.065] [bbotk]  916927cf-5c15-4897-b10d-1d6bdeb90197
INFO  [16:58:58.081] [bbotk] Finished optimizing after 3 evaluation(s)
INFO  [16:58:58.081] [bbotk] Result:
INFO  [16:58:58.083] [bbotk]    laplace learner_param_vals  x_domain classif.ce
INFO  [16:58:58.083] [bbotk]      <num>             <list>    <list>      <num>
INFO  [16:58:58.083] [bbotk]  0.9439264          <list[1]> <list[1]>   0.173913
INFO  [16:58:58.190] [bbotk] Starting to optimize 1 parameter(s) with '<OptimizerBatchRandomSearch>' and '<TerminatorEvals> [n_evals=3, k=0]'
INFO  [16:58:58.194] [bbotk] Evaluating 1 configuration(s)
INFO  [16:58:58.478] [bbotk] Result of batch 1:
INFO  [16:58:58.479] [bbotk]    laplace classif.ce warnings errors runtime_learners
INFO  [16:58:58.479] [bbotk]  0.7418949  0.1811594        0      0            0.246
INFO  [16:58:58.479] [bbotk]                                 uhash
INFO  [16:58:58.479] [bbotk]  e9a729df-c3c5-4690-a328-6e77e1a7dc26
INFO  [16:58:58.481] [bbotk] Evaluating 1 configuration(s)
INFO  [16:58:58.813] [bbotk] Result of batch 2:
INFO  [16:58:58.814] [bbotk]    laplace classif.ce warnings errors runtime_learners
INFO  [16:58:58.814] [bbotk]  0.4894011  0.1811594        0      0            0.285
INFO  [16:58:58.814] [bbotk]                                 uhash
INFO  [16:58:58.814] [bbotk]  21954800-6605-4a31-968c-9d998b1dc13c
INFO  [16:58:58.820] [bbotk] Evaluating 1 configuration(s)
INFO  [16:58:59.187] [bbotk] Result of batch 3:
INFO  [16:58:59.189] [bbotk]    laplace classif.ce warnings errors runtime_learners
INFO  [16:58:59.189] [bbotk]  0.4552163  0.1811594        0      0             0.31
INFO  [16:58:59.189] [bbotk]                                 uhash
INFO  [16:58:59.189] [bbotk]  839e8241-70f9-40c7-bece-dcb9c4f04fa8
INFO  [16:58:59.205] [bbotk] Finished optimizing after 3 evaluation(s)
INFO  [16:58:59.205] [bbotk] Result:
INFO  [16:58:59.207] [bbotk]    laplace learner_param_vals  x_domain classif.ce
INFO  [16:58:59.207] [bbotk]      <num>             <list>    <list>      <num>
INFO  [16:58:59.207] [bbotk]  0.7418949          <list[1]> <list[1]>  0.1811594
INFO  [16:58:59.311] [bbotk] Starting to optimize 1 parameter(s) with '<OptimizerBatchRandomSearch>' and '<TerminatorEvals> [n_evals=3, k=0]'
INFO  [16:58:59.316] [bbotk] Evaluating 1 configuration(s)
INFO  [16:58:59.604] [bbotk] Result of batch 1:
INFO  [16:58:59.605] [bbotk]    laplace classif.ce warnings errors runtime_learners
INFO  [16:58:59.605] [bbotk]  0.3948702  0.1711598        0      0            0.258
INFO  [16:58:59.605] [bbotk]                                 uhash
INFO  [16:58:59.605] [bbotk]  427976d5-2f5b-4d36-acf4-6ac8b4810407
INFO  [16:58:59.608] [bbotk] Evaluating 1 configuration(s)
INFO  [16:58:59.934] [bbotk] Result of batch 2:
INFO  [16:58:59.936] [bbotk]    laplace classif.ce warnings errors runtime_learners
INFO  [16:58:59.936] [bbotk]  0.2327382  0.1711598        0      0             0.28
INFO  [16:58:59.936] [bbotk]                                 uhash
INFO  [16:58:59.936] [bbotk]  e4553b1c-ad8f-4242-8896-9e7c672f423f
INFO  [16:58:59.941] [bbotk] Evaluating 1 configuration(s)
INFO  [16:59:00.280] [bbotk] Result of batch 3:
INFO  [16:59:00.282] [bbotk]    laplace classif.ce warnings errors runtime_learners
INFO  [16:59:00.282] [bbotk]  0.9377429  0.1711598        0      0            0.298
INFO  [16:59:00.282] [bbotk]                                 uhash
INFO  [16:59:00.282] [bbotk]  8c0c8a06-f822-490e-8799-2d37dfb6d51a
INFO  [16:59:00.294] [bbotk] Finished optimizing after 3 evaluation(s)
INFO  [16:59:00.294] [bbotk] Result:
INFO  [16:59:00.295] [bbotk]    laplace learner_param_vals  x_domain classif.ce
INFO  [16:59:00.295] [bbotk]      <num>             <list>    <list>      <num>
INFO  [16:59:00.295] [bbotk]  0.3948702          <list[1]> <list[1]>  0.1711598
INFO  [16:59:00.410] [bbotk] Starting to optimize 1 parameter(s) with '<OptimizerBatchRandomSearch>' and '<TerminatorEvals> [n_evals=3, k=0]'
INFO  [16:59:00.417] [bbotk] Evaluating 1 configuration(s)
INFO  [16:59:00.771] [bbotk] Result of batch 1:
INFO  [16:59:00.773] [bbotk]    laplace classif.ce warnings errors runtime_learners
INFO  [16:59:00.773] [bbotk]  0.5744103  0.1705153        0      0            0.301
INFO  [16:59:00.773] [bbotk]                                 uhash
INFO  [16:59:00.773] [bbotk]  8583c9ed-7fc4-4815-b928-31b4d615eb63
INFO  [16:59:00.781] [bbotk] Evaluating 1 configuration(s)
INFO  [16:59:01.374] [bbotk] Result of batch 2:
INFO  [16:59:01.375] [bbotk]    laplace classif.ce warnings errors runtime_learners
INFO  [16:59:01.375] [bbotk]  0.5640984  0.1705153        0      0            0.543
INFO  [16:59:01.375] [bbotk]                                 uhash
INFO  [16:59:01.375] [bbotk]  9085ce60-523b-4885-bf17-ef4bd169ff26
INFO  [16:59:01.377] [bbotk] Evaluating 1 configuration(s)
INFO  [16:59:01.689] [bbotk] Result of batch 3:
INFO  [16:59:01.691] [bbotk]    laplace classif.ce warnings errors runtime_learners
INFO  [16:59:01.691] [bbotk]  0.7615035  0.1705153        0      0            0.269
INFO  [16:59:01.691] [bbotk]                                 uhash
INFO  [16:59:01.691] [bbotk]  3f55a3b3-abca-4bb7-a553-c45c7ab54671
INFO  [16:59:01.702] [bbotk] Finished optimizing after 3 evaluation(s)
INFO  [16:59:01.702] [bbotk] Result:
INFO  [16:59:01.703] [bbotk]    laplace learner_param_vals  x_domain classif.ce
INFO  [16:59:01.703] [bbotk]      <num>             <list>    <list>      <num>
INFO  [16:59:01.703] [bbotk]  0.5744103          <list[1]> <list[1]>  0.1705153

### [bt]: Job terminated successfully [batchtools job.id=1573]
### [bt]: Starting job [batchtools job.id=1574]
### [bt]: Generating problem instance for problem '42e9f2146ba77696' ...
### [bt]: Applying algorithm 'run_learner' on problem '42e9f2146ba77696' for job 1574 (seed = 1575) ...
INFO  [16:59:02.041] [mlr3] Applying learner 'classif.naive_bayes.tuned_calib.oof_platt' on task 'kc1' (iter 4/10)
INFO  [16:59:02.107] [bbotk] Starting to optimize 1 parameter(s) with '<OptimizerBatchRandomSearch>' and '<TerminatorEvals> [n_evals=3, k=0]'
INFO  [16:59:02.112] [bbotk] Evaluating 1 configuration(s)
INFO  [16:59:02.402] [bbotk] Result of batch 1:
INFO  [16:59:02.403] [bbotk]   laplace classif.ce warnings errors runtime_learners
INFO  [16:59:02.403] [bbotk]  0.407648  0.1897233        0      0            0.244
INFO  [16:59:02.403] [bbotk]                                 uhash
INFO  [16:59:02.403] [bbotk]  75f1e924-b10d-411d-bca7-af2e6e0984e9
INFO  [16:59:02.408] [bbotk] Evaluating 1 configuration(s)
INFO  [16:59:02.743] [bbotk] Result of batch 2:
INFO  [16:59:02.744] [bbotk]    laplace classif.ce warnings errors runtime_learners
INFO  [16:59:02.744] [bbotk]  0.2877657  0.1897233        0      0            0.278
INFO  [16:59:02.744] [bbotk]                                 uhash
INFO  [16:59:02.744] [bbotk]  73022525-638a-4c14-9911-02fe3da7d7f9
INFO  [16:59:02.746] [bbotk] Evaluating 1 configuration(s)
INFO  [16:59:03.031] [bbotk] Result of batch 3:
INFO  [16:59:03.032] [bbotk]    laplace classif.ce warnings errors runtime_learners
INFO  [16:59:03.032] [bbotk]  0.3388243  0.1897233        0      0            0.245
INFO  [16:59:03.032] [bbotk]                                 uhash
INFO  [16:59:03.032] [bbotk]  76325adf-ad9a-42ca-90cb-6dd7f87eccc3
INFO  [16:59:03.038] [bbotk] Finished optimizing after 3 evaluation(s)
INFO  [16:59:03.038] [bbotk] Result:
INFO  [16:59:03.039] [bbotk]   laplace learner_param_vals  x_domain classif.ce
INFO  [16:59:03.039] [bbotk]     <num>             <list>    <list>      <num>
INFO  [16:59:03.039] [bbotk]  0.407648          <list[1]> <list[1]>  0.1897233
INFO  [16:59:03.159] [bbotk] Starting to optimize 1 parameter(s) with '<OptimizerBatchRandomSearch>' and '<TerminatorEvals> [n_evals=3, k=0]'
INFO  [16:59:03.170] [bbotk] Evaluating 1 configuration(s)
INFO  [16:59:03.474] [bbotk] Result of batch 1:
INFO  [16:59:03.474] [bbotk]     laplace classif.ce warnings errors runtime_learners
INFO  [16:59:03.474] [bbotk]  0.04784467  0.1805007        0      0            0.262
INFO  [16:59:03.474] [bbotk]                                 uhash
INFO  [16:59:03.474] [bbotk]  63304b54-af76-4619-8c8c-0c6c348c3bd9
INFO  [16:59:03.477] [bbotk] Evaluating 1 configuration(s)
INFO  [16:59:03.785] [bbotk] Result of batch 2:
INFO  [16:59:03.786] [bbotk]    laplace classif.ce warnings errors runtime_learners
INFO  [16:59:03.786] [bbotk]  0.9195764  0.1805007        0      0             0.27
INFO  [16:59:03.786] [bbotk]                                 uhash
INFO  [16:59:03.786] [bbotk]  a9c1be85-e3a7-4d62-a52f-6fd3795fc198
INFO  [16:59:03.788] [bbotk] Evaluating 1 configuration(s)
INFO  [16:59:04.066] [bbotk] Result of batch 3:
INFO  [16:59:04.068] [bbotk]    laplace classif.ce warnings errors runtime_learners
INFO  [16:59:04.068] [bbotk]  0.2047741  0.1805007        0      0            0.246
INFO  [16:59:04.068] [bbotk]                                 uhash
INFO  [16:59:04.068] [bbotk]  8d15d3f0-01b8-4168-908f-1b9eacb1ae48
INFO  [16:59:04.077] [bbotk] Finished optimizing after 3 evaluation(s)
INFO  [16:59:04.077] [bbotk] Result:
INFO  [16:59:04.078] [bbotk]     laplace learner_param_vals  x_domain classif.ce
INFO  [16:59:04.078] [bbotk]       <num>             <list>    <list>      <num>
INFO  [16:59:04.078] [bbotk]  0.04784467          <list[1]> <list[1]>  0.1805007
INFO  [16:59:04.192] [bbotk] Starting to optimize 1 parameter(s) with '<OptimizerBatchRandomSearch>' and '<TerminatorEvals> [n_evals=3, k=0]'
INFO  [16:59:04.200] [bbotk] Evaluating 1 configuration(s)
INFO  [16:59:04.487] [bbotk] Result of batch 1:
INFO  [16:59:04.488] [bbotk]    laplace classif.ce warnings errors runtime_learners
INFO  [16:59:04.488] [bbotk]  0.1600439  0.1778656        0      0            0.247
INFO  [16:59:04.488] [bbotk]                                 uhash
INFO  [16:59:04.488] [bbotk]  53f22ea4-1a5a-4546-9cad-283180174221
INFO  [16:59:04.491] [bbotk] Evaluating 1 configuration(s)
INFO  [16:59:04.787] [bbotk] Result of batch 2:
INFO  [16:59:04.788] [bbotk]    laplace classif.ce warnings errors runtime_learners
INFO  [16:59:04.788] [bbotk]  0.4089971  0.1778656        0      0            0.258
INFO  [16:59:04.788] [bbotk]                                 uhash
INFO  [16:59:04.788] [bbotk]  ef696941-a389-484b-82d6-bdc45f9ec734
INFO  [16:59:04.792] [bbotk] Evaluating 1 configuration(s)
INFO  [16:59:05.078] [bbotk] Result of batch 3:
INFO  [16:59:05.080] [bbotk]    laplace classif.ce warnings errors runtime_learners
INFO  [16:59:05.080] [bbotk]  0.8898605  0.1778656        0      0            0.245
INFO  [16:59:05.080] [bbotk]                                 uhash
INFO  [16:59:05.080] [bbotk]  f312f661-e8b0-4696-a8f5-c9785d408a69
INFO  [16:59:05.090] [bbotk] Finished optimizing after 3 evaluation(s)
INFO  [16:59:05.090] [bbotk] Result:
INFO  [16:59:05.092] [bbotk]    laplace learner_param_vals  x_domain classif.ce
INFO  [16:59:05.092] [bbotk]      <num>             <list>    <list>      <num>
INFO  [16:59:05.092] [bbotk]  0.1600439          <list[1]> <list[1]>  0.1778656
INFO  [16:59:05.225] [bbotk] Starting to optimize 1 parameter(s) with '<OptimizerBatchRandomSearch>' and '<TerminatorEvals> [n_evals=3, k=0]'
INFO  [16:59:05.229] [bbotk] Evaluating 1 configuration(s)
INFO  [16:59:05.507] [bbotk] Result of batch 1:
INFO  [16:59:05.512] [bbotk]    laplace classif.ce warnings errors runtime_learners
INFO  [16:59:05.512] [bbotk]  0.6895039  0.1770912        0      0            0.229
INFO  [16:59:05.512] [bbotk]                                 uhash
INFO  [16:59:05.512] [bbotk]  39a00ac3-56ce-4052-86b4-0984eed7f504
INFO  [16:59:05.517] [bbotk] Evaluating 1 configuration(s)
INFO  [16:59:05.897] [bbotk] Result of batch 2:
INFO  [16:59:05.898] [bbotk]   laplace classif.ce warnings errors runtime_learners
INFO  [16:59:05.898] [bbotk]  0.874348  0.1770912        0      0            0.335
INFO  [16:59:05.898] [bbotk]                                 uhash
INFO  [16:59:05.898] [bbotk]  2eea6285-873d-4e82-aab7-8ef0c66d35eb
INFO  [16:59:05.901] [bbotk] Evaluating 1 configuration(s)
INFO  [16:59:06.221] [bbotk] Result of batch 3:
INFO  [16:59:06.223] [bbotk]     laplace classif.ce warnings errors runtime_learners
INFO  [16:59:06.223] [bbotk]  0.01548572  0.1770912        0      0            0.279
INFO  [16:59:06.223] [bbotk]                                 uhash
INFO  [16:59:06.223] [bbotk]  9985e6ed-c35b-4241-9fb3-164b1c96e2bd
INFO  [16:59:06.239] [bbotk] Finished optimizing after 3 evaluation(s)
INFO  [16:59:06.239] [bbotk] Result:
INFO  [16:59:06.241] [bbotk]    laplace learner_param_vals  x_domain classif.ce
INFO  [16:59:06.241] [bbotk]      <num>             <list>    <list>      <num>
INFO  [16:59:06.241] [bbotk]  0.6895039          <list[1]> <list[1]>  0.1770912
INFO  [16:59:06.343] [bbotk] Starting to optimize 1 parameter(s) with '<OptimizerBatchRandomSearch>' and '<TerminatorEvals> [n_evals=3, k=0]'
INFO  [16:59:06.347] [bbotk] Evaluating 1 configuration(s)
INFO  [16:59:06.675] [bbotk] Result of batch 1:
INFO  [16:59:06.677] [bbotk]    laplace classif.ce warnings errors runtime_learners
INFO  [16:59:06.677] [bbotk]  0.4097758  0.1803837        0      0            0.285
INFO  [16:59:06.677] [bbotk]                                 uhash
INFO  [16:59:06.677] [bbotk]  f073ff4a-0877-4e9d-9fb3-a172c404be9a
INFO  [16:59:06.686] [bbotk] Evaluating 1 configuration(s)
INFO  [16:59:07.020] [bbotk] Result of batch 2:
INFO  [16:59:07.022] [bbotk]    laplace classif.ce warnings errors runtime_learners
INFO  [16:59:07.022] [bbotk]  0.4578584  0.1803837        0      0            0.283
INFO  [16:59:07.022] [bbotk]                                 uhash
INFO  [16:59:07.022] [bbotk]  7cb50317-8120-4c3e-8ee7-1b029b951ded
INFO  [16:59:07.027] [bbotk] Evaluating 1 configuration(s)
INFO  [16:59:07.334] [bbotk] Result of batch 3:
INFO  [16:59:07.335] [bbotk]    laplace classif.ce warnings errors runtime_learners
INFO  [16:59:07.335] [bbotk]  0.7223989  0.1803837        0      0            0.263
INFO  [16:59:07.335] [bbotk]                                 uhash
INFO  [16:59:07.335] [bbotk]  3e5be231-e878-41e9-8167-333a06268c07
INFO  [16:59:07.346] [bbotk] Finished optimizing after 3 evaluation(s)
INFO  [16:59:07.347] [bbotk] Result:
INFO  [16:59:07.348] [bbotk]    laplace learner_param_vals  x_domain classif.ce
INFO  [16:59:07.348] [bbotk]      <num>             <list>    <list>      <num>
INFO  [16:59:07.348] [bbotk]  0.4097758          <list[1]> <list[1]>  0.1803837

### [bt]: Job terminated successfully [batchtools job.id=1574]
### [bt]: Starting job [batchtools job.id=1575]
### [bt]: Generating problem instance for problem '42e9f2146ba77696' ...
### [bt]: Applying algorithm 'run_learner' on problem '42e9f2146ba77696' for job 1575 (seed = 1576) ...
INFO  [16:59:07.701] [mlr3] Applying learner 'classif.naive_bayes.tuned_calib.oof_platt' on task 'kc1' (iter 5/10)
INFO  [16:59:07.849] [bbotk] Starting to optimize 1 parameter(s) with '<OptimizerBatchRandomSearch>' and '<TerminatorEvals> [n_evals=3, k=0]'
INFO  [16:59:07.870] [bbotk] Evaluating 1 configuration(s)
INFO  [16:59:08.184] [bbotk] Result of batch 1:
INFO  [16:59:08.185] [bbotk]   laplace classif.ce warnings errors runtime_learners
INFO  [16:59:08.185] [bbotk]  0.886891  0.1798419        0      0            0.266
INFO  [16:59:08.185] [bbotk]                                 uhash
INFO  [16:59:08.185] [bbotk]  ade4b971-8f7e-4f08-82d2-46690c77f4ed
INFO  [16:59:08.189] [bbotk] Evaluating 1 configuration(s)
INFO  [16:59:08.509] [bbotk] Result of batch 2:
INFO  [16:59:08.510] [bbotk]    laplace classif.ce warnings errors runtime_learners
INFO  [16:59:08.510] [bbotk]  0.9548931  0.1798419        0      0            0.269
INFO  [16:59:08.510] [bbotk]                                 uhash
INFO  [16:59:08.510] [bbotk]  7d82c1d8-b6d4-4f5a-bfcc-449fe7dda634
INFO  [16:59:08.512] [bbotk] Evaluating 1 configuration(s)
INFO  [16:59:08.861] [bbotk] Result of batch 3:
INFO  [16:59:08.863] [bbotk]    laplace classif.ce warnings errors runtime_learners
INFO  [16:59:08.863] [bbotk]  0.2609098  0.1798419        0      0            0.304
INFO  [16:59:08.863] [bbotk]                                 uhash
INFO  [16:59:08.863] [bbotk]  9d92213b-8103-435d-9d0c-7997d1ac710d
INFO  [16:59:08.870] [bbotk] Finished optimizing after 3 evaluation(s)
INFO  [16:59:08.870] [bbotk] Result:
INFO  [16:59:08.871] [bbotk]   laplace learner_param_vals  x_domain classif.ce
INFO  [16:59:08.871] [bbotk]     <num>             <list>    <list>      <num>
INFO  [16:59:08.871] [bbotk]  0.886891          <list[1]> <list[1]>  0.1798419
INFO  [16:59:08.990] [bbotk] Starting to optimize 1 parameter(s) with '<OptimizerBatchRandomSearch>' and '<TerminatorEvals> [n_evals=3, k=0]'
INFO  [16:59:09.003] [bbotk] Evaluating 1 configuration(s)
INFO  [16:59:09.332] [bbotk] Result of batch 1:
INFO  [16:59:09.332] [bbotk]    laplace classif.ce warnings errors runtime_learners
INFO  [16:59:09.332] [bbotk]  0.1674359  0.1772069        0      0            0.295
INFO  [16:59:09.332] [bbotk]                                 uhash
INFO  [16:59:09.332] [bbotk]  bc7419a6-f0fa-4096-8a8f-d2d999d42b50
INFO  [16:59:09.335] [bbotk] Evaluating 1 configuration(s)
INFO  [16:59:09.666] [bbotk] Result of batch 2:
INFO  [16:59:09.667] [bbotk]   laplace classif.ce warnings errors runtime_learners
INFO  [16:59:09.667] [bbotk]  0.941167  0.1772069        0      0            0.287
INFO  [16:59:09.667] [bbotk]                                 uhash
INFO  [16:59:09.667] [bbotk]  4c468599-7498-4e8b-bf4f-1597ceb5e754
INFO  [16:59:09.669] [bbotk] Evaluating 1 configuration(s)
INFO  [16:59:09.993] [bbotk] Result of batch 3:
INFO  [16:59:09.994] [bbotk]    laplace classif.ce warnings errors runtime_learners
INFO  [16:59:09.994] [bbotk]  0.9384359  0.1772069        0      0            0.288
INFO  [16:59:09.994] [bbotk]                                 uhash
INFO  [16:59:09.994] [bbotk]  51568332-a085-4ff7-8773-c2a2e87243e9
INFO  [16:59:10.000] [bbotk] Finished optimizing after 3 evaluation(s)
INFO  [16:59:10.000] [bbotk] Result:
INFO  [16:59:10.001] [bbotk]    laplace learner_param_vals  x_domain classif.ce
INFO  [16:59:10.001] [bbotk]      <num>             <list>    <list>      <num>
INFO  [16:59:10.001] [bbotk]  0.1674359          <list[1]> <list[1]>  0.1772069
INFO  [16:59:10.122] [bbotk] Starting to optimize 1 parameter(s) with '<OptimizerBatchRandomSearch>' and '<TerminatorEvals> [n_evals=3, k=0]'
INFO  [16:59:10.131] [bbotk] Evaluating 1 configuration(s)
INFO  [16:59:10.401] [bbotk] Result of batch 1:
INFO  [16:59:10.402] [bbotk]    laplace classif.ce warnings errors runtime_learners
INFO  [16:59:10.402] [bbotk]  0.6205791  0.1679842        0      0            0.229
INFO  [16:59:10.402] [bbotk]                                 uhash
INFO  [16:59:10.402] [bbotk]  c603140f-84fc-4bf5-ae00-a9083cd13f28
INFO  [16:59:10.405] [bbotk] Evaluating 1 configuration(s)
INFO  [16:59:10.765] [bbotk] Result of batch 2:
INFO  [16:59:10.773] [bbotk]    laplace classif.ce warnings errors runtime_learners
INFO  [16:59:10.773] [bbotk]  0.9492233  0.1679842        0      0            0.317
INFO  [16:59:10.773] [bbotk]                                 uhash
INFO  [16:59:10.773] [bbotk]  22f2a6bb-240c-4aa0-ac6d-cfc121051386
INFO  [16:59:10.775] [bbotk] Evaluating 1 configuration(s)
INFO  [16:59:11.120] [bbotk] Result of batch 3:
INFO  [16:59:11.121] [bbotk]    laplace classif.ce warnings errors runtime_learners
INFO  [16:59:11.121] [bbotk]  0.7955614  0.1679842        0      0            0.298
INFO  [16:59:11.121] [bbotk]                                 uhash
INFO  [16:59:11.121] [bbotk]  93b21cfe-16f9-48ce-9db6-1a4ea5da420f
INFO  [16:59:11.128] [bbotk] Finished optimizing after 3 evaluation(s)
INFO  [16:59:11.129] [bbotk] Result:
INFO  [16:59:11.129] [bbotk]    laplace learner_param_vals  x_domain classif.ce
INFO  [16:59:11.129] [bbotk]      <num>             <list>    <list>      <num>
INFO  [16:59:11.129] [bbotk]  0.6205791          <list[1]> <list[1]>  0.1679842
INFO  [16:59:11.265] [bbotk] Starting to optimize 1 parameter(s) with '<OptimizerBatchRandomSearch>' and '<TerminatorEvals> [n_evals=3, k=0]'
INFO  [16:59:11.269] [bbotk] Evaluating 1 configuration(s)
INFO  [16:59:11.562] [bbotk] Result of batch 1:
INFO  [16:59:11.563] [bbotk]    laplace classif.ce warnings errors runtime_learners
INFO  [16:59:11.563] [bbotk]  0.6052792  0.1705036        0      0            0.252
INFO  [16:59:11.563] [bbotk]                                 uhash
INFO  [16:59:11.563] [bbotk]  05c8a279-aa30-4dc4-a42f-f24d01dd6068
INFO  [16:59:11.566] [bbotk] Evaluating 1 configuration(s)
INFO  [16:59:11.876] [bbotk] Result of batch 2:
INFO  [16:59:11.878] [bbotk]    laplace classif.ce warnings errors runtime_learners
INFO  [16:59:11.878] [bbotk]  0.3833055  0.1705036        0      0            0.272
INFO  [16:59:11.878] [bbotk]                                 uhash
INFO  [16:59:11.878] [bbotk]  44b7ad7b-9787-4d31-affe-593bd4b3b2d6
INFO  [16:59:11.883] [bbotk] Evaluating 1 configuration(s)
INFO  [16:59:12.214] [bbotk] Result of batch 3:
INFO  [16:59:12.215] [bbotk]    laplace classif.ce warnings errors runtime_learners
INFO  [16:59:12.215] [bbotk]  0.1386435  0.1705036        0      0            0.286
INFO  [16:59:12.215] [bbotk]                                 uhash
INFO  [16:59:12.215] [bbotk]  e77ef602-7777-47c7-917f-25e0d245249e
INFO  [16:59:12.225] [bbotk] Finished optimizing after 3 evaluation(s)
INFO  [16:59:12.225] [bbotk] Result:
INFO  [16:59:12.226] [bbotk]    laplace learner_param_vals  x_domain classif.ce
INFO  [16:59:12.226] [bbotk]      <num>             <list>    <list>      <num>
INFO  [16:59:12.226] [bbotk]  0.6052792          <list[1]> <list[1]>  0.1705036
INFO  [16:59:12.331] [bbotk] Starting to optimize 1 parameter(s) with '<OptimizerBatchRandomSearch>' and '<TerminatorEvals> [n_evals=3, k=0]'
INFO  [16:59:12.340] [bbotk] Evaluating 1 configuration(s)
INFO  [16:59:12.696] [bbotk] Result of batch 1:
INFO  [16:59:12.697] [bbotk]     laplace classif.ce warnings errors runtime_learners
INFO  [16:59:12.697] [bbotk]  0.01609577  0.1672241        0      0            0.293
INFO  [16:59:12.697] [bbotk]                                 uhash
INFO  [16:59:12.697] [bbotk]  72e24741-317d-4c90-bde2-df2a81793021
INFO  [16:59:12.701] [bbotk] Evaluating 1 configuration(s)
INFO  [16:59:13.040] [bbotk] Result of batch 2:
INFO  [16:59:13.042] [bbotk]    laplace classif.ce warnings errors runtime_learners
INFO  [16:59:13.042] [bbotk]  0.3761386  0.1672241        0      0            0.289
INFO  [16:59:13.042] [bbotk]                                 uhash
INFO  [16:59:13.042] [bbotk]  9db1db03-9dbd-467e-9632-b714e3af21c6
INFO  [16:59:13.049] [bbotk] Evaluating 1 configuration(s)
INFO  [16:59:13.379] [bbotk] Result of batch 3:
INFO  [16:59:13.380] [bbotk]    laplace classif.ce warnings errors runtime_learners
INFO  [16:59:13.380] [bbotk]  0.6030969  0.1672241        0      0             0.27
INFO  [16:59:13.380] [bbotk]                                 uhash
INFO  [16:59:13.380] [bbotk]  370bffac-7ace-4dd4-a78d-6820f59831ba
INFO  [16:59:13.386] [bbotk] Finished optimizing after 3 evaluation(s)
INFO  [16:59:13.387] [bbotk] Result:
INFO  [16:59:13.387] [bbotk]     laplace learner_param_vals  x_domain classif.ce
INFO  [16:59:13.387] [bbotk]       <num>             <list>    <list>      <num>
INFO  [16:59:13.387] [bbotk]  0.01609577          <list[1]> <list[1]>  0.1672241

### [bt]: Job terminated successfully [batchtools job.id=1575]
### [bt]: Calculation finished!
