### [bt]: This is batchtools v0.9.17
### [bt]: Starting calculation of 5 jobs
### [bt]: Setting working directory to '/Users/User/Documents/Studium/Semester8/Hiwi/mlr3calibration/vignettes'
### [bt]: Memory measurement disabled
### [bt]: Starting job [batchtools job.id=3116]
### [bt]: Generating problem instance for problem '6390d9e81da17366' ...
### [bt]: Applying algorithm 'run_learner' on problem '6390d9e81da17366' for job 3116 (seed = 3117) ...
INFO  [17:29:15.278] [mlr3] Applying learner 'classif.xgboost.tuned_calib.tunefirst.perfold_isotonic' on task 'qsar-biodeg' (iter 6/10)
INFO  [17:29:15.330] [bbotk] Starting to optimize 3 parameter(s) with '<OptimizerBatchRandomSearch>' and '<TerminatorEvals> [n_evals=10, k=0]'
INFO  [17:29:15.354] [bbotk] Evaluating 1 configuration(s)
INFO  [17:29:15.723] [bbotk] Result of batch 1:
INFO  [17:29:15.724] [bbotk]  nrounds        eta max_depth classif.ce warnings errors runtime_learners
INFO  [17:29:15.724] [bbotk]       79 0.03092036         4  0.1389277        0      0            0.322
INFO  [17:29:15.724] [bbotk]                                 uhash
INFO  [17:29:15.724] [bbotk]  c4299b81-d456-4b96-914c-9f9c0a4a5a88
INFO  [17:29:15.728] [bbotk] Evaluating 1 configuration(s)
INFO  [17:29:17.293] [bbotk] Result of batch 2:
INFO  [17:29:17.294] [bbotk]  nrounds       eta max_depth classif.ce warnings errors runtime_learners
INFO  [17:29:17.294] [bbotk]      296 0.1323488         9  0.1410241        0      0            1.497
INFO  [17:29:17.294] [bbotk]                                 uhash
INFO  [17:29:17.294] [bbotk]  9b82b348-7287-4869-bbdd-b855a849f26b
INFO  [17:29:17.299] [bbotk] Evaluating 1 configuration(s)
INFO  [17:29:18.290] [bbotk] Result of batch 3:
INFO  [17:29:18.291] [bbotk]  nrounds       eta max_depth classif.ce warnings errors runtime_learners
INFO  [17:29:18.291] [bbotk]      202 0.2313011         6   0.134705        0      0            0.935
INFO  [17:29:18.291] [bbotk]                                 uhash
INFO  [17:29:18.291] [bbotk]  f3de5d46-8b44-4cd0-9962-9e54aee0ce64
INFO  [17:29:18.297] [bbotk] Evaluating 1 configuration(s)
INFO  [17:29:18.751] [bbotk] Result of batch 4:
INFO  [17:29:18.752] [bbotk]  nrounds      eta max_depth classif.ce warnings errors runtime_learners
INFO  [17:29:18.752] [bbotk]      164 0.297777         2  0.1262961        0      0            0.394
INFO  [17:29:18.752] [bbotk]                                 uhash
INFO  [17:29:18.752] [bbotk]  2fdb45d3-7cc8-4ce9-9d74-cabc2c318552
INFO  [17:29:18.756] [bbotk] Evaluating 1 configuration(s)
INFO  [17:29:20.005] [bbotk] Result of batch 5:
INFO  [17:29:20.006] [bbotk]  nrounds       eta max_depth classif.ce warnings errors runtime_learners
INFO  [17:29:20.006] [bbotk]      266 0.2776627         6  0.1389211        0      0            1.204
INFO  [17:29:20.006] [bbotk]                                 uhash
INFO  [17:29:20.006] [bbotk]  98366a87-a2b6-4d78-8924-74173da1a320
INFO  [17:29:20.013] [bbotk] Evaluating 1 configuration(s)
INFO  [17:29:20.714] [bbotk] Result of batch 6:
INFO  [17:29:20.716] [bbotk]  nrounds       eta max_depth classif.ce warnings errors runtime_learners
INFO  [17:29:20.716] [bbotk]      105 0.1881274         9  0.1420723        0      0            0.647
INFO  [17:29:20.716] [bbotk]                                 uhash
INFO  [17:29:20.716] [bbotk]  ea545eb7-a5ff-48b3-b3d4-aac259cc8520
INFO  [17:29:20.724] [bbotk] Evaluating 1 configuration(s)
INFO  [17:29:21.257] [bbotk] Result of batch 7:
INFO  [17:29:21.259] [bbotk]  nrounds       eta max_depth classif.ce warnings errors runtime_learners
INFO  [17:29:21.259] [bbotk]       93 0.2709004        10  0.1473366        0      0            0.489
INFO  [17:29:21.259] [bbotk]                                 uhash
INFO  [17:29:21.259] [bbotk]  4fa0e90c-f94c-4422-b2d4-93b55c03db6c
INFO  [17:29:21.267] [bbotk] Evaluating 1 configuration(s)
INFO  [17:29:22.364] [bbotk] Result of batch 8:
INFO  [17:29:22.365] [bbotk]  nrounds       eta max_depth classif.ce warnings errors runtime_learners
INFO  [17:29:22.365] [bbotk]      266 0.1745618         5  0.1410274        0      0            1.053
INFO  [17:29:22.365] [bbotk]                                 uhash
INFO  [17:29:22.365] [bbotk]  d74da63b-4926-4a96-bb5d-23841d77db36
INFO  [17:29:22.376] [bbotk] Evaluating 1 configuration(s)
INFO  [17:29:22.772] [bbotk] Result of batch 9:
INFO  [17:29:22.774] [bbotk]  nrounds        eta max_depth classif.ce warnings errors runtime_learners
INFO  [17:29:22.774] [bbotk]      122 0.02871905         3  0.1389177        0      0            0.342
INFO  [17:29:22.774] [bbotk]                                 uhash
INFO  [17:29:22.774] [bbotk]  cee046cd-5397-4494-8835-59250ecd0995
INFO  [17:29:22.783] [bbotk] Evaluating 1 configuration(s)
INFO  [17:29:23.495] [bbotk] Result of batch 10:
INFO  [17:29:23.496] [bbotk]  nrounds       eta max_depth classif.ce warnings errors runtime_learners
INFO  [17:29:23.496] [bbotk]      126 0.2061796         8  0.1326152        0      0            0.671
INFO  [17:29:23.496] [bbotk]                                 uhash
INFO  [17:29:23.496] [bbotk]  0b5f70f0-5425-47bb-8c77-c62ced6f2dae
INFO  [17:29:23.505] [bbotk] Finished optimizing after 10 evaluation(s)
INFO  [17:29:23.506] [bbotk] Result:
INFO  [17:29:23.507] [bbotk]  nrounds      eta max_depth learner_param_vals  x_domain classif.ce
INFO  [17:29:23.507] [bbotk]    <int>    <num>     <int>             <list>    <list>      <num>
INFO  [17:29:23.507] [bbotk]      164 0.297777         2          <list[5]> <list[3]>  0.1262961

### [bt]: Job terminated successfully [batchtools job.id=3116]
### [bt]: Starting job [batchtools job.id=3117]
### [bt]: Generating problem instance for problem '6390d9e81da17366' ...
### [bt]: Applying algorithm 'run_learner' on problem '6390d9e81da17366' for job 3117 (seed = 3118) ...
INFO  [17:29:24.409] [mlr3] Applying learner 'classif.xgboost.tuned_calib.tunefirst.perfold_isotonic' on task 'qsar-biodeg' (iter 7/10)
INFO  [17:29:24.479] [bbotk] Starting to optimize 3 parameter(s) with '<OptimizerBatchRandomSearch>' and '<TerminatorEvals> [n_evals=10, k=0]'
INFO  [17:29:24.514] [bbotk] Evaluating 1 configuration(s)
INFO  [17:29:25.130] [bbotk] Result of batch 1:
INFO  [17:29:25.132] [bbotk]  nrounds      eta max_depth classif.ce warnings errors runtime_learners
INFO  [17:29:25.132] [bbotk]      134 0.243811         5  0.1441953        0      0            0.577
INFO  [17:29:25.132] [bbotk]                                 uhash
INFO  [17:29:25.132] [bbotk]  5fd0a8a9-f2cd-45ee-bf4d-3f038a1b0fef
INFO  [17:29:25.143] [bbotk] Evaluating 1 configuration(s)
INFO  [17:29:26.069] [bbotk] Result of batch 2:
INFO  [17:29:26.070] [bbotk]  nrounds       eta max_depth classif.ce warnings errors runtime_learners
INFO  [17:29:26.070] [bbotk]      238 0.2819751        10  0.1547139        0      0             0.88
INFO  [17:29:26.070] [bbotk]                                 uhash
INFO  [17:29:26.070] [bbotk]  894a69d1-70d6-4695-8faa-8cece3e778cf
INFO  [17:29:26.080] [bbotk] Evaluating 1 configuration(s)
INFO  [17:29:27.117] [bbotk] Result of batch 3:
INFO  [17:29:27.118] [bbotk]  nrounds       eta max_depth classif.ce warnings errors runtime_learners
INFO  [17:29:27.118] [bbotk]      196 0.1201445         8   0.146305        0      0            1.001
INFO  [17:29:27.118] [bbotk]                                 uhash
INFO  [17:29:27.118] [bbotk]  f0dc7e26-5908-4088-b308-2b861e08c72f
INFO  [17:29:27.127] [bbotk] Evaluating 1 configuration(s)
INFO  [17:29:27.955] [bbotk] Result of batch 4:
INFO  [17:29:27.957] [bbotk]  nrounds       eta max_depth classif.ce warnings errors runtime_learners
INFO  [17:29:27.957] [bbotk]      186 0.2127044         7  0.1483981        0      0            0.783
INFO  [17:29:27.957] [bbotk]                                 uhash
INFO  [17:29:27.957] [bbotk]  e60cb196-e5d0-4757-bb36-3de3388fe0ee
INFO  [17:29:27.961] [bbotk] Evaluating 1 configuration(s)
INFO  [17:29:28.981] [bbotk] Result of batch 5:
INFO  [17:29:28.985] [bbotk]  nrounds       eta max_depth classif.ce warnings errors runtime_learners
INFO  [17:29:28.985] [bbotk]      283 0.1508827         4  0.1526175        0      0            0.955
INFO  [17:29:28.985] [bbotk]                                 uhash
INFO  [17:29:28.985] [bbotk]  4ae88177-7099-4a56-a88a-2567fb4164ba
INFO  [17:29:28.995] [bbotk] Evaluating 1 configuration(s)
INFO  [17:29:30.003] [bbotk] Result of batch 6:
INFO  [17:29:30.004] [bbotk]  nrounds        eta max_depth classif.ce warnings errors runtime_learners
INFO  [17:29:30.004] [bbotk]      142 0.06084551         9  0.1526208        0      0            0.952
INFO  [17:29:30.004] [bbotk]                                 uhash
INFO  [17:29:30.004] [bbotk]  6e72d111-dc53-44e0-af40-61f8488ae8bc
INFO  [17:29:30.011] [bbotk] Evaluating 1 configuration(s)
INFO  [17:29:30.880] [bbotk] Result of batch 7:
INFO  [17:29:30.882] [bbotk]  nrounds       eta max_depth classif.ce warnings errors runtime_learners
INFO  [17:29:30.882] [bbotk]      295 0.2128535         3  0.1526075        0      0            0.818
INFO  [17:29:30.882] [bbotk]                                 uhash
INFO  [17:29:30.882] [bbotk]  a88350ec-318e-4d51-94c6-0941f10fb66d
INFO  [17:29:30.890] [bbotk] Evaluating 1 configuration(s)
INFO  [17:29:31.471] [bbotk] Result of batch 8:
INFO  [17:29:31.472] [bbotk]  nrounds        eta max_depth classif.ce warnings errors runtime_learners
INFO  [17:29:31.472] [bbotk]       96 0.05394189         6  0.1484047        0      0            0.547
INFO  [17:29:31.472] [bbotk]                                 uhash
INFO  [17:29:31.472] [bbotk]  da1fce03-3521-4420-934e-b5b7f76f45a9
INFO  [17:29:31.479] [bbotk] Evaluating 1 configuration(s)
INFO  [17:29:32.741] [bbotk] Result of batch 9:
INFO  [17:29:32.744] [bbotk]  nrounds        eta max_depth classif.ce warnings errors runtime_learners
INFO  [17:29:32.744] [bbotk]      250 0.01492416         5   0.151566        0      0            1.205
INFO  [17:29:32.744] [bbotk]                                 uhash
INFO  [17:29:32.744] [bbotk]  24a02000-1bf2-4987-a681-e501fced7632
INFO  [17:29:32.752] [bbotk] Evaluating 1 configuration(s)
INFO  [17:29:33.852] [bbotk] Result of batch 10:
INFO  [17:29:33.853] [bbotk]  nrounds       eta max_depth classif.ce warnings errors runtime_learners
INFO  [17:29:33.853] [bbotk]      270 0.2041577         8  0.1420923        0      0            1.063
INFO  [17:29:33.853] [bbotk]                                 uhash
INFO  [17:29:33.853] [bbotk]  9c3fb559-12ff-4545-9b2d-46977a9dc93b
INFO  [17:29:33.873] [bbotk] Finished optimizing after 10 evaluation(s)
INFO  [17:29:33.874] [bbotk] Result:
INFO  [17:29:33.875] [bbotk]  nrounds       eta max_depth learner_param_vals  x_domain classif.ce
INFO  [17:29:33.875] [bbotk]    <int>     <num>     <int>             <list>    <list>      <num>
INFO  [17:29:33.875] [bbotk]      270 0.2041577         8          <list[5]> <list[3]>  0.1420923

### [bt]: Job terminated successfully [batchtools job.id=3117]
### [bt]: Starting job [batchtools job.id=3118]
### [bt]: Generating problem instance for problem '6390d9e81da17366' ...
### [bt]: Applying algorithm 'run_learner' on problem '6390d9e81da17366' for job 3118 (seed = 3119) ...
INFO  [17:29:37.190] [mlr3] Applying learner 'classif.xgboost.tuned_calib.tunefirst.perfold_isotonic' on task 'qsar-biodeg' (iter 8/10)
INFO  [17:29:37.224] [bbotk] Starting to optimize 3 parameter(s) with '<OptimizerBatchRandomSearch>' and '<TerminatorEvals> [n_evals=10, k=0]'
INFO  [17:29:37.259] [bbotk] Evaluating 1 configuration(s)
INFO  [17:29:38.872] [bbotk] Result of batch 1:
INFO  [17:29:38.873] [bbotk]  nrounds        eta max_depth classif.ce warnings errors runtime_learners
INFO  [17:29:38.873] [bbotk]      254 0.07673088        10  0.1178972        0      0            1.571
INFO  [17:29:38.873] [bbotk]                                 uhash
INFO  [17:29:38.873] [bbotk]  d2ce41ed-60b1-48df-97c6-50983641ba39
INFO  [17:29:38.877] [bbotk] Evaluating 1 configuration(s)
INFO  [17:29:40.634] [bbotk] Result of batch 2:
INFO  [17:29:40.637] [bbotk]  nrounds       eta max_depth classif.ce warnings errors runtime_learners
INFO  [17:29:40.637] [bbotk]      255 0.0315251         7  0.1189554        0      0            1.701
INFO  [17:29:40.637] [bbotk]                                 uhash
INFO  [17:29:40.637] [bbotk]  4d9b1617-1e31-4dd7-ad61-6d8ba8f3a4d0
INFO  [17:29:40.642] [bbotk] Evaluating 1 configuration(s)
INFO  [17:29:42.088] [bbotk] Result of batch 3:
INFO  [17:29:42.090] [bbotk]  nrounds        eta max_depth classif.ce warnings errors runtime_learners
INFO  [17:29:42.090] [bbotk]      270 0.07810404         8  0.1189521        0      0            1.404
INFO  [17:29:42.090] [bbotk]                                 uhash
INFO  [17:29:42.090] [bbotk]  dde9f048-6e7f-4766-82e4-09a9826601d4
INFO  [17:29:42.106] [bbotk] Evaluating 1 configuration(s)
INFO  [17:29:42.448] [bbotk] Result of batch 4:
INFO  [17:29:42.449] [bbotk]  nrounds       eta max_depth classif.ce warnings errors runtime_learners
INFO  [17:29:42.449] [bbotk]       51 0.2979884         9  0.1200102        0      0            0.306
INFO  [17:29:42.449] [bbotk]                                 uhash
INFO  [17:29:42.449] [bbotk]  f118fa81-051c-43bf-87aa-0538c2bd24d8
INFO  [17:29:42.453] [bbotk] Evaluating 1 configuration(s)
INFO  [17:29:43.108] [bbotk] Result of batch 5:
INFO  [17:29:43.110] [bbotk]  nrounds        eta max_depth classif.ce warnings errors runtime_learners
INFO  [17:29:43.110] [bbotk]      207 0.08437359         4  0.1273876        0      0            0.619
INFO  [17:29:43.110] [bbotk]                                 uhash
INFO  [17:29:43.110] [bbotk]  55f93fa8-3847-4bc5-849b-6f829e2ed41e
INFO  [17:29:43.119] [bbotk] Evaluating 1 configuration(s)
INFO  [17:29:43.817] [bbotk] Result of batch 6:
INFO  [17:29:43.818] [bbotk]  nrounds       eta max_depth classif.ce warnings errors runtime_learners
INFO  [17:29:43.818] [bbotk]      119 0.2440347         9  0.1252712        0      0            0.641
INFO  [17:29:43.818] [bbotk]                                 uhash
INFO  [17:29:43.818] [bbotk]  83806bf7-beba-4380-adb2-b11fe64857aa
INFO  [17:29:43.834] [bbotk] Evaluating 1 configuration(s)
INFO  [17:29:44.597] [bbotk] Result of batch 7:
INFO  [17:29:44.598] [bbotk]  nrounds       eta max_depth classif.ce warnings errors runtime_learners
INFO  [17:29:44.598] [bbotk]      172 0.2469742         8  0.1242197        0      0            0.715
INFO  [17:29:44.598] [bbotk]                                 uhash
INFO  [17:29:44.598] [bbotk]  37be39dc-8408-43ff-8d44-072492cf0448
INFO  [17:29:44.608] [bbotk] Evaluating 1 configuration(s)
INFO  [17:29:46.123] [bbotk] Result of batch 8:
INFO  [17:29:46.127] [bbotk]  nrounds        eta max_depth classif.ce warnings errors runtime_learners
INFO  [17:29:46.127] [bbotk]      240 0.04714908         6  0.1231582        0      0            1.433
INFO  [17:29:46.127] [bbotk]                                 uhash
INFO  [17:29:46.127] [bbotk]  4688662f-2e52-4869-bcd5-efec1c1d9ba0
INFO  [17:29:46.132] [bbotk] Evaluating 1 configuration(s)
INFO  [17:29:47.008] [bbotk] Result of batch 9:
INFO  [17:29:47.009] [bbotk]  nrounds        eta max_depth classif.ce warnings errors runtime_learners
INFO  [17:29:47.009] [bbotk]      146 0.08594659         5  0.1210518        0      0            0.819
INFO  [17:29:47.009] [bbotk]                                 uhash
INFO  [17:29:47.009] [bbotk]  5c8ab50e-91e6-4788-9a5f-83d371771a1a
INFO  [17:29:47.017] [bbotk] Evaluating 1 configuration(s)
INFO  [17:29:47.924] [bbotk] Result of batch 10:
INFO  [17:29:47.925] [bbotk]  nrounds       eta max_depth classif.ce warnings errors runtime_learners
INFO  [17:29:47.925] [bbotk]      129 0.1087711         8  0.1221166        0      0            0.853
INFO  [17:29:47.925] [bbotk]                                 uhash
INFO  [17:29:47.925] [bbotk]  8ec09d96-0c27-4712-8793-a75b432b4fda
INFO  [17:29:47.944] [bbotk] Finished optimizing after 10 evaluation(s)
INFO  [17:29:47.945] [bbotk] Result:
INFO  [17:29:47.947] [bbotk]  nrounds        eta max_depth learner_param_vals  x_domain classif.ce
INFO  [17:29:47.947] [bbotk]    <int>      <num>     <int>             <list>    <list>      <num>
INFO  [17:29:47.947] [bbotk]      254 0.07673088        10          <list[5]> <list[3]>  0.1178972

### [bt]: Job terminated successfully [batchtools job.id=3118]
### [bt]: Starting job [batchtools job.id=3119]
### [bt]: Generating problem instance for problem '6390d9e81da17366' ...
### [bt]: Applying algorithm 'run_learner' on problem '6390d9e81da17366' for job 3119 (seed = 3120) ...
INFO  [17:29:52.435] [mlr3] Applying learner 'classif.xgboost.tuned_calib.tunefirst.perfold_isotonic' on task 'qsar-biodeg' (iter 9/10)
INFO  [17:29:52.476] [bbotk] Starting to optimize 3 parameter(s) with '<OptimizerBatchRandomSearch>' and '<TerminatorEvals> [n_evals=10, k=0]'
INFO  [17:29:52.489] [bbotk] Evaluating 1 configuration(s)
INFO  [17:29:52.795] [bbotk] Result of batch 1:
INFO  [17:29:52.797] [bbotk]  nrounds       eta max_depth classif.ce warnings errors runtime_learners
INFO  [17:29:52.797] [bbotk]       59 0.2004413         4  0.1379427        0      0            0.265
INFO  [17:29:52.797] [bbotk]                                 uhash
INFO  [17:29:52.797] [bbotk]  7e4a3e6e-eb16-4efd-8bda-21cfc15b54f7
INFO  [17:29:52.807] [bbotk] Evaluating 1 configuration(s)
INFO  [17:29:53.222] [bbotk] Result of batch 2:
INFO  [17:29:53.223] [bbotk]  nrounds        eta max_depth classif.ce warnings errors runtime_learners
INFO  [17:29:53.223] [bbotk]      128 0.08813169         3   0.143207        0      0            0.357
INFO  [17:29:53.223] [bbotk]                                 uhash
INFO  [17:29:53.223] [bbotk]  b4b01557-b798-497f-8b82-3d6e95414c97
INFO  [17:29:53.227] [bbotk] Evaluating 1 configuration(s)
INFO  [17:29:54.917] [bbotk] Result of batch 3:
INFO  [17:29:54.919] [bbotk]  nrounds        eta max_depth classif.ce warnings errors runtime_learners
INFO  [17:29:54.919] [bbotk]      194 0.01662536        10  0.1495162        0      0             1.63
INFO  [17:29:54.919] [bbotk]                                 uhash
INFO  [17:29:54.919] [bbotk]  1cb7b767-1680-4af6-8c9e-c9c637272574
INFO  [17:29:54.938] [bbotk] Evaluating 1 configuration(s)
INFO  [17:29:56.111] [bbotk] Result of batch 4:
INFO  [17:29:56.112] [bbotk]  nrounds        eta max_depth classif.ce warnings errors runtime_learners
INFO  [17:29:56.112] [bbotk]      299 0.05880856         4  0.1347848        0      0            1.126
INFO  [17:29:56.112] [bbotk]                                 uhash
INFO  [17:29:56.112] [bbotk]  9979c77a-33a1-4ff0-8f8d-f56f3e309b39
INFO  [17:29:56.123] [bbotk] Evaluating 1 configuration(s)
INFO  [17:29:57.243] [bbotk] Result of batch 5:
INFO  [17:29:57.244] [bbotk]  nrounds       eta max_depth classif.ce warnings errors runtime_learners
INFO  [17:29:57.244] [bbotk]      208 0.1957202         9  0.1379427        0      0            1.057
INFO  [17:29:57.244] [bbotk]                                 uhash
INFO  [17:29:57.244] [bbotk]  40f80497-961f-427d-bb78-c8598362d709
INFO  [17:29:57.258] [bbotk] Evaluating 1 configuration(s)
INFO  [17:29:58.434] [bbotk] Result of batch 6:
INFO  [17:29:58.435] [bbotk]  nrounds       eta max_depth classif.ce warnings errors runtime_learners
INFO  [17:29:58.435] [bbotk]      274 0.2356836         8  0.1368879        0      0            1.131
INFO  [17:29:58.435] [bbotk]                                 uhash
INFO  [17:29:58.435] [bbotk]  640914fd-b9cf-4105-9291-660fffad1dc6
INFO  [17:29:58.444] [bbotk] Evaluating 1 configuration(s)
INFO  [17:29:59.537] [bbotk] Result of batch 7:
INFO  [17:29:59.539] [bbotk]  nrounds       eta max_depth classif.ce warnings errors runtime_learners
INFO  [17:29:59.539] [bbotk]      227 0.1507237         6  0.1368912        0      0            1.054
INFO  [17:29:59.539] [bbotk]                                 uhash
INFO  [17:29:59.539] [bbotk]  3c8c590c-5c1b-466f-b069-80cdc1336a64
INFO  [17:29:59.545] [bbotk] Evaluating 1 configuration(s)
INFO  [17:30:00.010] [bbotk] Result of batch 8:
INFO  [17:30:00.011] [bbotk]  nrounds       eta max_depth classif.ce warnings errors runtime_learners
INFO  [17:30:00.011] [bbotk]       83 0.2250727         7  0.1442652        0      0            0.425
INFO  [17:30:00.011] [bbotk]                                 uhash
INFO  [17:30:00.011] [bbotk]  873c1954-848e-44fc-b02e-138b1bda4bfa
INFO  [17:30:00.016] [bbotk] Evaluating 1 configuration(s)
INFO  [17:30:01.116] [bbotk] Result of batch 9:
INFO  [17:30:01.117] [bbotk]  nrounds       eta max_depth classif.ce warnings errors runtime_learners
INFO  [17:30:01.117] [bbotk]      287 0.1658352         8  0.1442519        0      0            1.065
INFO  [17:30:01.117] [bbotk]                                 uhash
INFO  [17:30:01.117] [bbotk]  45b0c2c9-b752-4952-9084-8cd52318bd8d
INFO  [17:30:01.122] [bbotk] Evaluating 1 configuration(s)
INFO  [17:30:01.394] [bbotk] Result of batch 10:
INFO  [17:30:01.397] [bbotk]  nrounds        eta max_depth classif.ce warnings errors runtime_learners
INFO  [17:30:01.397] [bbotk]      162 0.04939105         2  0.1537322        0      0            0.227
INFO  [17:30:01.397] [bbotk]                                 uhash
INFO  [17:30:01.397] [bbotk]  84e2afc8-ece7-421a-91a2-e22f67746051
INFO  [17:30:01.410] [bbotk] Finished optimizing after 10 evaluation(s)
INFO  [17:30:01.410] [bbotk] Result:
INFO  [17:30:01.412] [bbotk]  nrounds        eta max_depth learner_param_vals  x_domain classif.ce
INFO  [17:30:01.412] [bbotk]    <int>      <num>     <int>             <list>    <list>      <num>
INFO  [17:30:01.412] [bbotk]      299 0.05880856         4          <list[5]> <list[3]>  0.1347848

### [bt]: Job terminated successfully [batchtools job.id=3119]
### [bt]: Starting job [batchtools job.id=3120]
### [bt]: Generating problem instance for problem '6390d9e81da17366' ...
### [bt]: Applying algorithm 'run_learner' on problem '6390d9e81da17366' for job 3120 (seed = 3121) ...
INFO  [17:30:03.430] [mlr3] Applying learner 'classif.xgboost.tuned_calib.tunefirst.perfold_isotonic' on task 'qsar-biodeg' (iter 10/10)
INFO  [17:30:03.472] [bbotk] Starting to optimize 3 parameter(s) with '<OptimizerBatchRandomSearch>' and '<TerminatorEvals> [n_evals=10, k=0]'
INFO  [17:30:03.487] [bbotk] Evaluating 1 configuration(s)
INFO  [17:30:04.019] [bbotk] Result of batch 1:
INFO  [17:30:04.021] [bbotk]  nrounds       eta max_depth classif.ce warnings errors runtime_learners
INFO  [17:30:04.021] [bbotk]      152 0.2633296         9  0.1241997        0      0            0.498
INFO  [17:30:04.021] [bbotk]                                 uhash
INFO  [17:30:04.021] [bbotk]  bf9550d6-2fa7-49a2-bdb7-5e356410033e
INFO  [17:30:04.030] [bbotk] Evaluating 1 configuration(s)
INFO  [17:30:04.799] [bbotk] Result of batch 2:
INFO  [17:30:04.800] [bbotk]  nrounds       eta max_depth classif.ce warnings errors runtime_learners
INFO  [17:30:04.800] [bbotk]      177 0.1400522         7  0.1357698        0      0            0.734
INFO  [17:30:04.800] [bbotk]                                 uhash
INFO  [17:30:04.800] [bbotk]  47822e60-0f40-4d4d-86b9-1cdb9b55117d
INFO  [17:30:04.805] [bbotk] Evaluating 1 configuration(s)
INFO  [17:30:05.596] [bbotk] Result of batch 3:
INFO  [17:30:05.599] [bbotk]  nrounds       eta max_depth classif.ce warnings errors runtime_learners
INFO  [17:30:05.599] [bbotk]      295 0.2956303         8  0.1326119        0      0            0.756
INFO  [17:30:05.599] [bbotk]                                 uhash
INFO  [17:30:05.599] [bbotk]  3289a05f-e485-4482-88a5-2794b75cac1b
INFO  [17:30:05.604] [bbotk] Evaluating 1 configuration(s)
INFO  [17:30:05.831] [bbotk] Result of batch 4:
INFO  [17:30:05.832] [bbotk]  nrounds      eta max_depth classif.ce warnings errors runtime_learners
INFO  [17:30:05.832] [bbotk]       99 0.023716         3  0.1452502        0      0            0.197
INFO  [17:30:05.832] [bbotk]                                 uhash
INFO  [17:30:05.832] [bbotk]  3d90c257-cfec-4c30-a6d2-427aa1e12dbc
INFO  [17:30:05.836] [bbotk] Evaluating 1 configuration(s)
INFO  [17:30:06.367] [bbotk] Result of batch 5:
INFO  [17:30:06.368] [bbotk]  nrounds       eta max_depth classif.ce warnings errors runtime_learners
INFO  [17:30:06.368] [bbotk]      184 0.2971123         6  0.1357598        0      0            0.504
INFO  [17:30:06.368] [bbotk]                                 uhash
INFO  [17:30:06.368] [bbotk]  e88deadf-d2a6-498f-af41-23d646da0125
INFO  [17:30:06.372] [bbotk] Evaluating 1 configuration(s)
INFO  [17:30:07.196] [bbotk] Result of batch 6:
INFO  [17:30:07.196] [bbotk]  nrounds       eta max_depth classif.ce warnings errors runtime_learners
INFO  [17:30:07.196] [bbotk]      238 0.1017485         6  0.1241797        0      0             0.79
INFO  [17:30:07.196] [bbotk]                                 uhash
INFO  [17:30:07.196] [bbotk]  1e749aee-d73f-4350-9ac4-c8702522db5c
INFO  [17:30:07.201] [bbotk] Evaluating 1 configuration(s)
INFO  [17:30:07.551] [bbotk] Result of batch 7:
INFO  [17:30:07.552] [bbotk]  nrounds       eta max_depth classif.ce warnings errors runtime_learners
INFO  [17:30:07.552] [bbotk]       95 0.2202413         6  0.1315604        0      0            0.312
INFO  [17:30:07.552] [bbotk]                                 uhash
INFO  [17:30:07.552] [bbotk]  bbd3fecb-74aa-4045-a37c-535b09fbe186
INFO  [17:30:07.556] [bbotk] Evaluating 1 configuration(s)
INFO  [17:30:08.193] [bbotk] Result of batch 8:
INFO  [17:30:08.194] [bbotk]  nrounds       eta max_depth classif.ce warnings errors runtime_learners
INFO  [17:30:08.194] [bbotk]      164 0.1280967         9  0.1231415        0      0             0.61
INFO  [17:30:08.194] [bbotk]                                 uhash
INFO  [17:30:08.194] [bbotk]  9eaf05d1-0b43-4743-b828-29871cceadca
INFO  [17:30:08.199] [bbotk] Evaluating 1 configuration(s)
INFO  [17:30:08.843] [bbotk] Result of batch 9:
INFO  [17:30:08.844] [bbotk]  nrounds       eta max_depth classif.ce warnings errors runtime_learners
INFO  [17:30:08.844] [bbotk]      181 0.1472454         8  0.1315537        0      0            0.612
INFO  [17:30:08.844] [bbotk]                                 uhash
INFO  [17:30:08.844] [bbotk]  b65aa13a-882c-4c21-8373-2c1c7bbebd4b
INFO  [17:30:08.855] [bbotk] Evaluating 1 configuration(s)
INFO  [17:30:09.085] [bbotk] Result of batch 10:
INFO  [17:30:09.086] [bbotk]  nrounds       eta max_depth classif.ce warnings errors runtime_learners
INFO  [17:30:09.086] [bbotk]       67 0.2789182         3  0.1241997        0      0            0.177
INFO  [17:30:09.086] [bbotk]                                 uhash
INFO  [17:30:09.086] [bbotk]  e06af9c2-c9ea-4300-a561-156101088a75
INFO  [17:30:09.107] [bbotk] Finished optimizing after 10 evaluation(s)
INFO  [17:30:09.108] [bbotk] Result:
INFO  [17:30:09.108] [bbotk]  nrounds       eta max_depth learner_param_vals  x_domain classif.ce
INFO  [17:30:09.108] [bbotk]    <int>     <num>     <int>             <list>    <list>      <num>
INFO  [17:30:09.108] [bbotk]      164 0.1280967         9          <list[5]> <list[3]>  0.1231415

### [bt]: Job terminated successfully [batchtools job.id=3120]
### [bt]: Calculation finished!
