### [bt]: This is batchtools v0.9.17
### [bt]: Starting calculation of 5 jobs
### [bt]: Setting working directory to '/Users/User/Documents/Studium/Semester8/Hiwi/mlr3calibration/vignettes'
### [bt]: Memory measurement disabled
### [bt]: Starting job [batchtools job.id=1666]
### [bt]: Generating problem instance for problem '42e9f2146ba77696' ...
### [bt]: Applying algorithm 'run_learner' on problem '42e9f2146ba77696' for job 1666 (seed = 1667) ...
INFO  [17:00:08.648] [mlr3] Applying learner 'classif.naive_bayes.tuned_calib.tunefirst.perfold_platt' on task 'kc1' (iter 6/10)
INFO  [17:00:08.688] [bbotk] Starting to optimize 1 parameter(s) with '<OptimizerBatchRandomSearch>' and '<TerminatorEvals> [n_evals=3, k=0]'
INFO  [17:00:08.704] [bbotk] Evaluating 1 configuration(s)
INFO  [17:00:09.126] [bbotk] Result of batch 1:
INFO  [17:00:09.128] [bbotk]    laplace classif.ce warnings errors runtime_learners
INFO  [17:00:09.128] [bbotk]  0.7707397  0.1780917        0      0            0.374
INFO  [17:00:09.128] [bbotk]                                 uhash
INFO  [17:00:09.128] [bbotk]  575fd31e-3374-4d99-b9c8-557774bf762e
INFO  [17:00:09.133] [bbotk] Evaluating 1 configuration(s)
INFO  [17:00:09.555] [bbotk] Result of batch 2:
INFO  [17:00:09.556] [bbotk]    laplace classif.ce warnings errors runtime_learners
INFO  [17:00:09.556] [bbotk]  0.6140277  0.1780917        0      0            0.373
INFO  [17:00:09.556] [bbotk]                                 uhash
INFO  [17:00:09.556] [bbotk]  45d042e7-6b3f-452c-8cd9-bc64e84abfff
INFO  [17:00:09.569] [bbotk] Evaluating 1 configuration(s)
INFO  [17:00:09.975] [bbotk] Result of batch 3:
INFO  [17:00:09.976] [bbotk]    laplace classif.ce warnings errors runtime_learners
INFO  [17:00:09.976] [bbotk]  0.3895282  0.1780917        0      0            0.345
INFO  [17:00:09.976] [bbotk]                                 uhash
INFO  [17:00:09.976] [bbotk]  097be261-5626-4019-a69d-b39ae35238ac
INFO  [17:00:09.990] [bbotk] Finished optimizing after 3 evaluation(s)
INFO  [17:00:09.990] [bbotk] Result:
INFO  [17:00:09.991] [bbotk]    laplace learner_param_vals  x_domain classif.ce
INFO  [17:00:09.991] [bbotk]      <num>             <list>    <list>      <num>
INFO  [17:00:09.991] [bbotk]  0.7707397          <list[1]> <list[1]>  0.1780917

### [bt]: Job terminated successfully [batchtools job.id=1666]
### [bt]: Starting job [batchtools job.id=1667]
### [bt]: Generating problem instance for problem '42e9f2146ba77696' ...
### [bt]: Applying algorithm 'run_learner' on problem '42e9f2146ba77696' for job 1667 (seed = 1668) ...
INFO  [17:00:10.841] [mlr3] Applying learner 'classif.naive_bayes.tuned_calib.tunefirst.perfold_platt' on task 'kc1' (iter 7/10)
INFO  [17:00:10.894] [bbotk] Starting to optimize 1 parameter(s) with '<OptimizerBatchRandomSearch>' and '<TerminatorEvals> [n_evals=3, k=0]'
INFO  [17:00:10.905] [bbotk] Evaluating 1 configuration(s)
INFO  [17:00:11.334] [bbotk] Result of batch 1:
INFO  [17:00:11.335] [bbotk]   laplace classif.ce warnings errors runtime_learners
INFO  [17:00:11.335] [bbotk]  0.783015  0.1765078        0      0            0.387
INFO  [17:00:11.335] [bbotk]                                 uhash
INFO  [17:00:11.335] [bbotk]  3412005d-3c6d-40ea-928f-e6589b94e6b4
INFO  [17:00:11.337] [bbotk] Evaluating 1 configuration(s)
INFO  [17:00:11.790] [bbotk] Result of batch 2:
INFO  [17:00:11.790] [bbotk]    laplace classif.ce warnings errors runtime_learners
INFO  [17:00:11.790] [bbotk]  0.1812357  0.1765078        0      0            0.411
INFO  [17:00:11.790] [bbotk]                                 uhash
INFO  [17:00:11.790] [bbotk]  dfbfd03b-8049-4ae3-bd18-b079f478780e
INFO  [17:00:11.793] [bbotk] Evaluating 1 configuration(s)
INFO  [17:00:12.216] [bbotk] Result of batch 3:
INFO  [17:00:12.217] [bbotk]    laplace classif.ce warnings errors runtime_learners
INFO  [17:00:12.217] [bbotk]  0.5883226  0.1765078        0      0            0.378
INFO  [17:00:12.217] [bbotk]                                 uhash
INFO  [17:00:12.217] [bbotk]  dd89fb51-da22-4c9d-8c0d-14d4a66396d2
INFO  [17:00:12.227] [bbotk] Finished optimizing after 3 evaluation(s)
INFO  [17:00:12.228] [bbotk] Result:
INFO  [17:00:12.229] [bbotk]   laplace learner_param_vals  x_domain classif.ce
INFO  [17:00:12.229] [bbotk]     <num>             <list>    <list>      <num>
INFO  [17:00:12.229] [bbotk]  0.783015          <list[1]> <list[1]>  0.1765078

### [bt]: Job terminated successfully [batchtools job.id=1667]
### [bt]: Starting job [batchtools job.id=1668]
### [bt]: Generating problem instance for problem '42e9f2146ba77696' ...
### [bt]: Applying algorithm 'run_learner' on problem '42e9f2146ba77696' for job 1668 (seed = 1669) ...
INFO  [17:00:13.156] [mlr3] Applying learner 'classif.naive_bayes.tuned_calib.tunefirst.perfold_platt' on task 'kc1' (iter 8/10)
INFO  [17:00:13.199] [bbotk] Starting to optimize 1 parameter(s) with '<OptimizerBatchRandomSearch>' and '<TerminatorEvals> [n_evals=3, k=0]'
INFO  [17:00:13.210] [bbotk] Evaluating 1 configuration(s)
INFO  [17:00:13.626] [bbotk] Result of batch 1:
INFO  [17:00:13.627] [bbotk]    laplace classif.ce warnings errors runtime_learners
INFO  [17:00:13.627] [bbotk]  0.9483187  0.1749255        0      0            0.386
INFO  [17:00:13.627] [bbotk]                                 uhash
INFO  [17:00:13.627] [bbotk]  b01c150c-0426-4b42-8d87-90b319f7d225
INFO  [17:00:13.629] [bbotk] Evaluating 1 configuration(s)
INFO  [17:00:14.105] [bbotk] Result of batch 2:
INFO  [17:00:14.107] [bbotk]    laplace classif.ce warnings errors runtime_learners
INFO  [17:00:14.107] [bbotk]  0.3109556  0.1749255        0      0            0.397
INFO  [17:00:14.107] [bbotk]                                 uhash
INFO  [17:00:14.107] [bbotk]  3179c0dd-1a3a-4cf6-bf19-5fc0a53095e5
INFO  [17:00:14.110] [bbotk] Evaluating 1 configuration(s)
INFO  [17:00:14.541] [bbotk] Result of batch 3:
INFO  [17:00:14.542] [bbotk]     laplace classif.ce warnings errors runtime_learners
INFO  [17:00:14.542] [bbotk]  0.03314469  0.1749255        0      0            0.374
INFO  [17:00:14.542] [bbotk]                                 uhash
INFO  [17:00:14.542] [bbotk]  d8141f0f-1937-47f8-8252-308643331610
INFO  [17:00:14.567] [bbotk] Finished optimizing after 3 evaluation(s)
INFO  [17:00:14.567] [bbotk] Result:
INFO  [17:00:14.568] [bbotk]    laplace learner_param_vals  x_domain classif.ce
INFO  [17:00:14.568] [bbotk]      <num>             <list>    <list>      <num>
INFO  [17:00:14.568] [bbotk]  0.9483187          <list[1]> <list[1]>  0.1749255

### [bt]: Job terminated successfully [batchtools job.id=1668]
### [bt]: Starting job [batchtools job.id=1669]
### [bt]: Generating problem instance for problem '42e9f2146ba77696' ...
### [bt]: Applying algorithm 'run_learner' on problem '42e9f2146ba77696' for job 1669 (seed = 1670) ...
INFO  [17:00:15.461] [mlr3] Applying learner 'classif.naive_bayes.tuned_calib.tunefirst.perfold_platt' on task 'kc1' (iter 9/10)
INFO  [17:00:15.504] [bbotk] Starting to optimize 1 parameter(s) with '<OptimizerBatchRandomSearch>' and '<TerminatorEvals> [n_evals=3, k=0]'
INFO  [17:00:15.517] [bbotk] Evaluating 1 configuration(s)
INFO  [17:00:16.006] [bbotk] Result of batch 1:
INFO  [17:00:16.008] [bbotk]   laplace classif.ce warnings errors runtime_learners
INFO  [17:00:16.008] [bbotk]  0.648441  0.1780751        0      0            0.428
INFO  [17:00:16.008] [bbotk]                                 uhash
INFO  [17:00:16.008] [bbotk]  a323f3eb-6fc2-4f5e-a2fd-88773406ff99
INFO  [17:00:16.019] [bbotk] Evaluating 1 configuration(s)
INFO  [17:00:16.347] [bbotk] Result of batch 2:
INFO  [17:00:16.348] [bbotk]    laplace classif.ce warnings errors runtime_learners
INFO  [17:00:16.348] [bbotk]  0.6556926  0.1780751        0      0            0.279
INFO  [17:00:16.348] [bbotk]                                 uhash
INFO  [17:00:16.348] [bbotk]  913da741-34d7-4625-81cc-203f0b9de471
INFO  [17:00:16.351] [bbotk] Evaluating 1 configuration(s)
INFO  [17:00:16.714] [bbotk] Result of batch 3:
INFO  [17:00:16.716] [bbotk]    laplace classif.ce warnings errors runtime_learners
INFO  [17:00:16.716] [bbotk]  0.6218308  0.1780751        0      0            0.288
INFO  [17:00:16.716] [bbotk]                                 uhash
INFO  [17:00:16.716] [bbotk]  4fed68a7-3976-438a-b15c-59023953c245
INFO  [17:00:16.726] [bbotk] Finished optimizing after 3 evaluation(s)
INFO  [17:00:16.726] [bbotk] Result:
INFO  [17:00:16.727] [bbotk]   laplace learner_param_vals  x_domain classif.ce
INFO  [17:00:16.727] [bbotk]     <num>             <list>    <list>      <num>
INFO  [17:00:16.727] [bbotk]  0.648441          <list[1]> <list[1]>  0.1780751

### [bt]: Job terminated successfully [batchtools job.id=1669]
### [bt]: Starting job [batchtools job.id=1670]
### [bt]: Generating problem instance for problem '42e9f2146ba77696' ...
### [bt]: Applying algorithm 'run_learner' on problem '42e9f2146ba77696' for job 1670 (seed = 1671) ...
INFO  [17:00:17.571] [mlr3] Applying learner 'classif.naive_bayes.tuned_calib.tunefirst.perfold_platt' on task 'kc1' (iter 10/10)
INFO  [17:00:17.639] [bbotk] Starting to optimize 1 parameter(s) with '<OptimizerBatchRandomSearch>' and '<TerminatorEvals> [n_evals=3, k=0]'
INFO  [17:00:17.645] [bbotk] Evaluating 1 configuration(s)
INFO  [17:00:18.114] [bbotk] Result of batch 1:
INFO  [17:00:18.116] [bbotk]    laplace classif.ce warnings errors runtime_learners
INFO  [17:00:18.116] [bbotk]  0.8931957  0.1743023        0      0            0.412
INFO  [17:00:18.116] [bbotk]                                 uhash
INFO  [17:00:18.116] [bbotk]  c708c59f-cbbb-49e0-917d-2970ba7d8c47
INFO  [17:00:18.118] [bbotk] Evaluating 1 configuration(s)
INFO  [17:00:18.529] [bbotk] Result of batch 2:
INFO  [17:00:18.533] [bbotk]    laplace classif.ce warnings errors runtime_learners
INFO  [17:00:18.533] [bbotk]  0.4276891  0.1743023        0      0            0.365
INFO  [17:00:18.533] [bbotk]                                 uhash
INFO  [17:00:18.533] [bbotk]  fd297783-92a6-40e0-918f-84ca7c749c93
INFO  [17:00:18.535] [bbotk] Evaluating 1 configuration(s)
INFO  [17:00:18.986] [bbotk] Result of batch 3:
INFO  [17:00:18.990] [bbotk]   laplace classif.ce warnings errors runtime_learners
INFO  [17:00:18.990] [bbotk]  0.258301  0.1743023        0      0            0.401
INFO  [17:00:18.990] [bbotk]                                 uhash
INFO  [17:00:18.990] [bbotk]  8de1825f-29d6-4389-aea8-dc072c1eaf44
INFO  [17:00:19.018] [bbotk] Finished optimizing after 3 evaluation(s)
INFO  [17:00:19.019] [bbotk] Result:
INFO  [17:00:19.020] [bbotk]    laplace learner_param_vals  x_domain classif.ce
INFO  [17:00:19.020] [bbotk]      <num>             <list>    <list>      <num>
INFO  [17:00:19.020] [bbotk]  0.8931957          <list[1]> <list[1]>  0.1743023

### [bt]: Job terminated successfully [batchtools job.id=1670]
### [bt]: Calculation finished!
