### [bt]: This is batchtools v0.9.17
### [bt]: Starting calculation of 5 jobs
### [bt]: Setting working directory to '/Users/User/Documents/Studium/Semester8/Hiwi/mlr3calibration/vignettes'
### [bt]: Memory measurement disabled
### [bt]: Starting job [batchtools job.id=3526]
### [bt]: Generating problem instance for problem '01ea4b20a58e68c2' ...
### [bt]: Applying algorithm 'run_learner' on problem '01ea4b20a58e68c2' for job 3526 (seed = 3527) ...
INFO  [17:32:54.780] [mlr3] Applying learner 'classif.naive_bayes.tuned_calib.oof_platt' on task 'wilt' (iter 6/10)
INFO  [17:32:54.848] [bbotk] Starting to optimize 1 parameter(s) with '<OptimizerBatchRandomSearch>' and '<TerminatorEvals> [n_evals=3, k=0]'
INFO  [17:32:54.862] [bbotk] Evaluating 1 configuration(s)
INFO  [17:32:55.173] [bbotk] Result of batch 1:
INFO  [17:32:55.175] [bbotk]    laplace classif.ce warnings errors runtime_learners
INFO  [17:32:55.175] [bbotk]  0.8156479  0.1033221        0      0            0.243
INFO  [17:32:55.175] [bbotk]                                 uhash
INFO  [17:32:55.175] [bbotk]  ac60a102-1487-4ebb-9a8a-3e44223cf518
INFO  [17:32:55.181] [bbotk] Evaluating 1 configuration(s)
INFO  [17:32:55.510] [bbotk] Result of batch 2:
INFO  [17:32:55.511] [bbotk]    laplace classif.ce warnings errors runtime_learners
INFO  [17:32:55.511] [bbotk]  0.1834757  0.1033221        0      0            0.266
INFO  [17:32:55.511] [bbotk]                                 uhash
INFO  [17:32:55.511] [bbotk]  28eb9392-ed8c-4c82-a449-637957f668e2
INFO  [17:32:55.513] [bbotk] Evaluating 1 configuration(s)
INFO  [17:32:55.906] [bbotk] Result of batch 3:
INFO  [17:32:55.907] [bbotk]    laplace classif.ce warnings errors runtime_learners
INFO  [17:32:55.907] [bbotk]  0.3356351  0.1033221        0      0            0.324
INFO  [17:32:55.907] [bbotk]                                 uhash
INFO  [17:32:55.907] [bbotk]  e7679e01-f133-436f-998e-4bef9fb77e5d
INFO  [17:32:55.916] [bbotk] Finished optimizing after 3 evaluation(s)
INFO  [17:32:55.917] [bbotk] Result:
INFO  [17:32:55.918] [bbotk]    laplace learner_param_vals  x_domain classif.ce
INFO  [17:32:55.918] [bbotk]      <num>             <list>    <list>      <num>
INFO  [17:32:55.918] [bbotk]  0.8156479          <list[1]> <list[1]>  0.1033221
INFO  [17:32:56.044] [bbotk] Starting to optimize 1 parameter(s) with '<OptimizerBatchRandomSearch>' and '<TerminatorEvals> [n_evals=3, k=0]'
INFO  [17:32:56.053] [bbotk] Evaluating 1 configuration(s)
INFO  [17:32:56.377] [bbotk] Result of batch 1:
INFO  [17:32:56.380] [bbotk]    laplace classif.ce warnings errors runtime_learners
INFO  [17:32:56.380] [bbotk]  0.8872302  0.1271563        0      0            0.253
INFO  [17:32:56.380] [bbotk]                                 uhash
INFO  [17:32:56.380] [bbotk]  ca9c2ad8-cb1d-4712-871d-a395e4dd6836
INFO  [17:32:56.385] [bbotk] Evaluating 1 configuration(s)
INFO  [17:32:56.737] [bbotk] Result of batch 2:
INFO  [17:32:56.739] [bbotk]    laplace classif.ce warnings errors runtime_learners
INFO  [17:32:56.739] [bbotk]  0.5352775  0.1271563        0      0            0.287
INFO  [17:32:56.739] [bbotk]                                 uhash
INFO  [17:32:56.739] [bbotk]  5c52b157-f2a2-4d07-a47a-76d1b0113ef8
INFO  [17:32:56.751] [bbotk] Evaluating 1 configuration(s)
INFO  [17:32:57.095] [bbotk] Result of batch 3:
INFO  [17:32:57.097] [bbotk]    laplace classif.ce warnings errors runtime_learners
INFO  [17:32:57.097] [bbotk]  0.7477163  0.1271563        0      0            0.274
INFO  [17:32:57.097] [bbotk]                                 uhash
INFO  [17:32:57.097] [bbotk]  10f50a4f-67b0-4077-a3fc-10d8d3495e8b
INFO  [17:32:57.116] [bbotk] Finished optimizing after 3 evaluation(s)
INFO  [17:32:57.116] [bbotk] Result:
INFO  [17:32:57.117] [bbotk]    laplace learner_param_vals  x_domain classif.ce
INFO  [17:32:57.117] [bbotk]      <num>             <list>    <list>      <num>
INFO  [17:32:57.117] [bbotk]  0.8872302          <list[1]> <list[1]>  0.1271563
INFO  [17:32:57.273] [bbotk] Starting to optimize 1 parameter(s) with '<OptimizerBatchRandomSearch>' and '<TerminatorEvals> [n_evals=3, k=0]'
INFO  [17:32:57.289] [bbotk] Evaluating 1 configuration(s)
INFO  [17:32:57.587] [bbotk] Result of batch 1:
INFO  [17:32:57.590] [bbotk]    laplace classif.ce warnings errors runtime_learners
INFO  [17:32:57.590] [bbotk]  0.7153673  0.1139538        0      0            0.259
INFO  [17:32:57.590] [bbotk]                                 uhash
INFO  [17:32:57.590] [bbotk]  89c3a719-3eeb-43d3-bc3a-efab19536eb5
INFO  [17:32:57.596] [bbotk] Evaluating 1 configuration(s)
INFO  [17:32:58.003] [bbotk] Result of batch 2:
INFO  [17:32:58.005] [bbotk]    laplace classif.ce warnings errors runtime_learners
INFO  [17:32:58.005] [bbotk]  0.8151915  0.1139538        0      0            0.334
INFO  [17:32:58.005] [bbotk]                                 uhash
INFO  [17:32:58.005] [bbotk]  aa26fb3a-3860-451f-9288-2ab84bff2b66
INFO  [17:32:58.012] [bbotk] Evaluating 1 configuration(s)
INFO  [17:32:58.346] [bbotk] Result of batch 3:
INFO  [17:32:58.355] [bbotk]    laplace classif.ce warnings errors runtime_learners
INFO  [17:32:58.355] [bbotk]  0.9926248  0.1139538        0      0             0.28
INFO  [17:32:58.355] [bbotk]                                 uhash
INFO  [17:32:58.355] [bbotk]  220a399c-e896-4e13-b812-6242b760f453
INFO  [17:32:58.381] [bbotk] Finished optimizing after 3 evaluation(s)
INFO  [17:32:58.384] [bbotk] Result:
INFO  [17:32:58.386] [bbotk]    laplace learner_param_vals  x_domain classif.ce
INFO  [17:32:58.386] [bbotk]      <num>             <list>    <list>      <num>
INFO  [17:32:58.386] [bbotk]  0.7153673          <list[1]> <list[1]>  0.1139538
INFO  [17:32:58.543] [bbotk] Starting to optimize 1 parameter(s) with '<OptimizerBatchRandomSearch>' and '<TerminatorEvals> [n_evals=3, k=0]'
INFO  [17:32:58.548] [bbotk] Evaluating 1 configuration(s)
INFO  [17:32:58.875] [bbotk] Result of batch 1:
INFO  [17:32:58.876] [bbotk]    laplace classif.ce warnings errors runtime_learners
INFO  [17:32:58.876] [bbotk]  0.7933645  0.1047584        0      0            0.265
INFO  [17:32:58.876] [bbotk]                                 uhash
INFO  [17:32:58.876] [bbotk]  0a3bae68-9d27-4b0e-9468-e779f632fd91
INFO  [17:32:58.879] [bbotk] Evaluating 1 configuration(s)
INFO  [17:32:59.284] [bbotk] Result of batch 2:
INFO  [17:32:59.286] [bbotk]    laplace classif.ce warnings errors runtime_learners
INFO  [17:32:59.286] [bbotk]  0.6069968  0.1047584        0      0            0.351
INFO  [17:32:59.286] [bbotk]                                 uhash
INFO  [17:32:59.286] [bbotk]  b6c476e5-bf38-4a49-a731-d0656392d59c
INFO  [17:32:59.292] [bbotk] Evaluating 1 configuration(s)
INFO  [17:32:59.608] [bbotk] Result of batch 3:
INFO  [17:32:59.609] [bbotk]    laplace classif.ce warnings errors runtime_learners
INFO  [17:32:59.609] [bbotk]  0.9322765  0.1047584        0      0            0.259
INFO  [17:32:59.609] [bbotk]                                 uhash
INFO  [17:32:59.609] [bbotk]  b367d432-6271-4d2a-8e40-8451f8e08221
INFO  [17:32:59.625] [bbotk] Finished optimizing after 3 evaluation(s)
INFO  [17:32:59.625] [bbotk] Result:
INFO  [17:32:59.627] [bbotk]    laplace learner_param_vals  x_domain classif.ce
INFO  [17:32:59.627] [bbotk]      <num>             <list>    <list>      <num>
INFO  [17:32:59.627] [bbotk]  0.7933645          <list[1]> <list[1]>  0.1047584
INFO  [17:32:59.771] [bbotk] Starting to optimize 1 parameter(s) with '<OptimizerBatchRandomSearch>' and '<TerminatorEvals> [n_evals=3, k=0]'
INFO  [17:32:59.779] [bbotk] Evaluating 1 configuration(s)
INFO  [17:33:00.079] [bbotk] Result of batch 1:
INFO  [17:33:00.081] [bbotk]    laplace classif.ce warnings errors runtime_learners
INFO  [17:33:00.081] [bbotk]  0.9620125  0.1096518        0      0            0.249
INFO  [17:33:00.081] [bbotk]                                 uhash
INFO  [17:33:00.081] [bbotk]  c3b88598-790c-40a5-8230-c77cf9c94f23
INFO  [17:33:00.091] [bbotk] Evaluating 1 configuration(s)
INFO  [17:33:00.456] [bbotk] Result of batch 2:
INFO  [17:33:00.457] [bbotk]    laplace classif.ce warnings errors runtime_learners
INFO  [17:33:00.457] [bbotk]  0.4937246  0.1096518        0      0            0.309
INFO  [17:33:00.457] [bbotk]                                 uhash
INFO  [17:33:00.457] [bbotk]  4e08bec0-4c8f-453f-8281-7d8dafb97f37
INFO  [17:33:00.459] [bbotk] Evaluating 1 configuration(s)
INFO  [17:33:00.806] [bbotk] Result of batch 3:
INFO  [17:33:00.807] [bbotk]    laplace classif.ce warnings errors runtime_learners
INFO  [17:33:00.807] [bbotk]  0.6719994  0.1096518        0      0            0.288
INFO  [17:33:00.807] [bbotk]                                 uhash
INFO  [17:33:00.807] [bbotk]  66c53bc3-1aa1-4e59-b904-bf1360b2b0fe
INFO  [17:33:00.814] [bbotk] Finished optimizing after 3 evaluation(s)
INFO  [17:33:00.814] [bbotk] Result:
INFO  [17:33:00.814] [bbotk]    laplace learner_param_vals  x_domain classif.ce
INFO  [17:33:00.814] [bbotk]      <num>             <list>    <list>      <num>
INFO  [17:33:00.814] [bbotk]  0.9620125          <list[1]> <list[1]>  0.1096518

### [bt]: Job terminated successfully [batchtools job.id=3526]
### [bt]: Starting job [batchtools job.id=3527]
### [bt]: Generating problem instance for problem '01ea4b20a58e68c2' ...
### [bt]: Applying algorithm 'run_learner' on problem '01ea4b20a58e68c2' for job 3527 (seed = 3528) ...
INFO  [17:33:01.248] [mlr3] Applying learner 'classif.naive_bayes.tuned_calib.oof_platt' on task 'wilt' (iter 7/10)
INFO  [17:33:01.309] [bbotk] Starting to optimize 1 parameter(s) with '<OptimizerBatchRandomSearch>' and '<TerminatorEvals> [n_evals=3, k=0]'
INFO  [17:33:01.318] [bbotk] Evaluating 1 configuration(s)
INFO  [17:33:01.667] [bbotk] Result of batch 1:
INFO  [17:33:01.671] [bbotk]    laplace classif.ce warnings errors runtime_learners
INFO  [17:33:01.671] [bbotk]  0.5687559 0.09644287        0      0            0.291
INFO  [17:33:01.671] [bbotk]                                 uhash
INFO  [17:33:01.671] [bbotk]  cf8d4653-7735-4262-9db7-5dcfa123efc6
INFO  [17:33:01.673] [bbotk] Evaluating 1 configuration(s)
INFO  [17:33:02.002] [bbotk] Result of batch 2:
INFO  [17:33:02.003] [bbotk]    laplace classif.ce warnings errors runtime_learners
INFO  [17:33:02.003] [bbotk]  0.2414392 0.09644287        0      0            0.271
INFO  [17:33:02.003] [bbotk]                                 uhash
INFO  [17:33:02.003] [bbotk]  05648677-cbb2-481a-9f13-21e0c3582738
INFO  [17:33:02.005] [bbotk] Evaluating 1 configuration(s)
INFO  [17:33:02.446] [bbotk] Result of batch 3:
INFO  [17:33:02.447] [bbotk]    laplace classif.ce warnings errors runtime_learners
INFO  [17:33:02.447] [bbotk]  0.2538683 0.09644287        0      0            0.368
INFO  [17:33:02.447] [bbotk]                                 uhash
INFO  [17:33:02.447] [bbotk]  ee5bc662-b600-4d6b-b957-6dc25ef59471
INFO  [17:33:02.453] [bbotk] Finished optimizing after 3 evaluation(s)
INFO  [17:33:02.454] [bbotk] Result:
INFO  [17:33:02.459] [bbotk]    laplace learner_param_vals  x_domain classif.ce
INFO  [17:33:02.459] [bbotk]      <num>             <list>    <list>      <num>
INFO  [17:33:02.459] [bbotk]  0.5687559          <list[1]> <list[1]> 0.09644287
INFO  [17:33:02.583] [bbotk] Starting to optimize 1 parameter(s) with '<OptimizerBatchRandomSearch>' and '<TerminatorEvals> [n_evals=3, k=0]'
INFO  [17:33:02.588] [bbotk] Evaluating 1 configuration(s)
INFO  [17:33:02.988] [bbotk] Result of batch 1:
INFO  [17:33:02.994] [bbotk]   laplace classif.ce warnings errors runtime_learners
INFO  [17:33:02.994] [bbotk]  0.550966 0.08582379        0      0             0.33
INFO  [17:33:02.994] [bbotk]                                 uhash
INFO  [17:33:02.994] [bbotk]  65cad59d-4003-42e4-bd97-0096c9228e79
INFO  [17:33:03.001] [bbotk] Evaluating 1 configuration(s)
INFO  [17:33:03.308] [bbotk] Result of batch 2:
INFO  [17:33:03.309] [bbotk]    laplace classif.ce warnings errors runtime_learners
INFO  [17:33:03.309] [bbotk]  0.2974827 0.08582379        0      0            0.255
INFO  [17:33:03.309] [bbotk]                                 uhash
INFO  [17:33:03.309] [bbotk]  a2215af0-8f4b-4d4c-a640-db1bf7982d49
INFO  [17:33:03.311] [bbotk] Evaluating 1 configuration(s)
INFO  [17:33:03.661] [bbotk] Result of batch 3:
INFO  [17:33:03.662] [bbotk]    laplace classif.ce warnings errors runtime_learners
INFO  [17:33:03.662] [bbotk]  0.7812477 0.08582379        0      0             0.28
INFO  [17:33:03.662] [bbotk]                                 uhash
INFO  [17:33:03.662] [bbotk]  2fa7dbc5-974a-4f92-9ffb-a720787ddcb9
INFO  [17:33:03.668] [bbotk] Finished optimizing after 3 evaluation(s)
INFO  [17:33:03.668] [bbotk] Result:
INFO  [17:33:03.669] [bbotk]   laplace learner_param_vals  x_domain classif.ce
INFO  [17:33:03.669] [bbotk]     <num>             <list>    <list>      <num>
INFO  [17:33:03.669] [bbotk]  0.550966          <list[1]> <list[1]> 0.08582379
INFO  [17:33:03.808] [bbotk] Starting to optimize 1 parameter(s) with '<OptimizerBatchRandomSearch>' and '<TerminatorEvals> [n_evals=3, k=0]'
INFO  [17:33:03.813] [bbotk] Evaluating 1 configuration(s)
INFO  [17:33:04.150] [bbotk] Result of batch 1:
INFO  [17:33:04.155] [bbotk]   laplace classif.ce warnings errors runtime_learners
INFO  [17:33:04.155] [bbotk]  0.212566 0.09644114        0      0            0.282
INFO  [17:33:04.155] [bbotk]                                 uhash
INFO  [17:33:04.155] [bbotk]  185254da-3111-4bdb-9d3e-3a21466c580c
INFO  [17:33:04.162] [bbotk] Evaluating 1 configuration(s)
INFO  [17:33:04.474] [bbotk] Result of batch 2:
INFO  [17:33:04.476] [bbotk]     laplace classif.ce warnings errors runtime_learners
INFO  [17:33:04.476] [bbotk]  0.05246771 0.09644114        0      0            0.262
INFO  [17:33:04.476] [bbotk]                                 uhash
INFO  [17:33:04.476] [bbotk]  721d495f-8667-4f05-98ba-68294f502ae6
INFO  [17:33:04.482] [bbotk] Evaluating 1 configuration(s)
INFO  [17:33:04.823] [bbotk] Result of batch 3:
INFO  [17:33:04.825] [bbotk]    laplace classif.ce warnings errors runtime_learners
INFO  [17:33:04.825] [bbotk]  0.2424511 0.09644114        0      0            0.288
INFO  [17:33:04.825] [bbotk]                                 uhash
INFO  [17:33:04.825] [bbotk]  a573f0fc-d0cb-4707-86a7-f141500fba00
INFO  [17:33:04.840] [bbotk] Finished optimizing after 3 evaluation(s)
INFO  [17:33:04.840] [bbotk] Result:
INFO  [17:33:04.841] [bbotk]   laplace learner_param_vals  x_domain classif.ce
INFO  [17:33:04.841] [bbotk]     <num>             <list>    <list>      <num>
INFO  [17:33:04.841] [bbotk]  0.212566          <list[1]> <list[1]> 0.09644114
INFO  [17:33:04.950] [bbotk] Starting to optimize 1 parameter(s) with '<OptimizerBatchRandomSearch>' and '<TerminatorEvals> [n_evals=3, k=0]'
INFO  [17:33:04.957] [bbotk] Evaluating 1 configuration(s)
INFO  [17:33:05.257] [bbotk] Result of batch 1:
INFO  [17:33:05.259] [bbotk]    laplace classif.ce warnings errors runtime_learners
INFO  [17:33:05.259] [bbotk]  0.8295609  0.1113641        0      0            0.239
INFO  [17:33:05.259] [bbotk]                                 uhash
INFO  [17:33:05.259] [bbotk]  2529f0e5-6ddb-4a3b-b8f0-b7405f94826a
INFO  [17:33:05.263] [bbotk] Evaluating 1 configuration(s)
INFO  [17:33:05.560] [bbotk] Result of batch 2:
INFO  [17:33:05.562] [bbotk]    laplace classif.ce warnings errors runtime_learners
INFO  [17:33:05.562] [bbotk]  0.7582057  0.1113641        0      0            0.248
INFO  [17:33:05.562] [bbotk]                                 uhash
INFO  [17:33:05.562] [bbotk]  c3e8f10d-b221-4b6b-b7a4-b42217f47315
INFO  [17:33:05.565] [bbotk] Evaluating 1 configuration(s)
INFO  [17:33:05.902] [bbotk] Result of batch 3:
INFO  [17:33:05.902] [bbotk]    laplace classif.ce warnings errors runtime_learners
INFO  [17:33:05.902] [bbotk]  0.6276039  0.1113641        0      0            0.278
INFO  [17:33:05.902] [bbotk]                                 uhash
INFO  [17:33:05.902] [bbotk]  18215251-5e7a-4f69-bbc7-64a7d5a9bb86
INFO  [17:33:05.909] [bbotk] Finished optimizing after 3 evaluation(s)
INFO  [17:33:05.909] [bbotk] Result:
INFO  [17:33:05.910] [bbotk]    laplace learner_param_vals  x_domain classif.ce
INFO  [17:33:05.910] [bbotk]      <num>             <list>    <list>      <num>
INFO  [17:33:05.910] [bbotk]  0.8295609          <list[1]> <list[1]>  0.1113641
INFO  [17:33:06.019] [bbotk] Starting to optimize 1 parameter(s) with '<OptimizerBatchRandomSearch>' and '<TerminatorEvals> [n_evals=3, k=0]'
INFO  [17:33:06.036] [bbotk] Evaluating 1 configuration(s)
INFO  [17:33:06.340] [bbotk] Result of batch 1:
INFO  [17:33:06.345] [bbotk]    laplace classif.ce warnings errors runtime_learners
INFO  [17:33:06.345] [bbotk]  0.1955961  0.1087814        0      0            0.234
INFO  [17:33:06.345] [bbotk]                                 uhash
INFO  [17:33:06.345] [bbotk]  c934d9be-2482-49c1-a2b3-72381a2fb32f
INFO  [17:33:06.352] [bbotk] Evaluating 1 configuration(s)
INFO  [17:33:06.665] [bbotk] Result of batch 2:
INFO  [17:33:06.667] [bbotk]    laplace classif.ce warnings errors runtime_learners
INFO  [17:33:06.667] [bbotk]  0.2827938  0.1087814        0      0             0.26
INFO  [17:33:06.667] [bbotk]                                 uhash
INFO  [17:33:06.667] [bbotk]  23d1f340-8866-428c-aa3b-44b52f32a75d
INFO  [17:33:06.672] [bbotk] Evaluating 1 configuration(s)
INFO  [17:33:07.022] [bbotk] Result of batch 3:
INFO  [17:33:07.023] [bbotk]    laplace classif.ce warnings errors runtime_learners
INFO  [17:33:07.023] [bbotk]  0.7990424  0.1087814        0      0            0.291
INFO  [17:33:07.023] [bbotk]                                 uhash
INFO  [17:33:07.023] [bbotk]  1d4b9775-3b91-41d3-b524-77719e3960f8
INFO  [17:33:07.033] [bbotk] Finished optimizing after 3 evaluation(s)
INFO  [17:33:07.033] [bbotk] Result:
INFO  [17:33:07.034] [bbotk]    laplace learner_param_vals  x_domain classif.ce
INFO  [17:33:07.034] [bbotk]      <num>             <list>    <list>      <num>
INFO  [17:33:07.034] [bbotk]  0.1955961          <list[1]> <list[1]>  0.1087814

### [bt]: Job terminated successfully [batchtools job.id=3527]
### [bt]: Starting job [batchtools job.id=3528]
### [bt]: Generating problem instance for problem '01ea4b20a58e68c2' ...
### [bt]: Applying algorithm 'run_learner' on problem '01ea4b20a58e68c2' for job 3528 (seed = 3529) ...
INFO  [17:33:07.386] [mlr3] Applying learner 'classif.naive_bayes.tuned_calib.oof_platt' on task 'wilt' (iter 8/10)
INFO  [17:33:07.433] [bbotk] Starting to optimize 1 parameter(s) with '<OptimizerBatchRandomSearch>' and '<TerminatorEvals> [n_evals=3, k=0]'
INFO  [17:33:07.438] [bbotk] Evaluating 1 configuration(s)
INFO  [17:33:07.835] [bbotk] Result of batch 1:
INFO  [17:33:07.836] [bbotk]    laplace classif.ce warnings errors runtime_learners
INFO  [17:33:07.836] [bbotk]  0.2989779  0.1087801        0      0            0.345
INFO  [17:33:07.836] [bbotk]                                 uhash
INFO  [17:33:07.836] [bbotk]  4825f9bb-90c1-441c-b830-c65a4674d727
INFO  [17:33:07.838] [bbotk] Evaluating 1 configuration(s)
INFO  [17:33:08.195] [bbotk] Result of batch 2:
INFO  [17:33:08.199] [bbotk]    laplace classif.ce warnings errors runtime_learners
INFO  [17:33:08.199] [bbotk]  0.2223052  0.1087801        0      0            0.291
INFO  [17:33:08.199] [bbotk]                                 uhash
INFO  [17:33:08.199] [bbotk]  c7575911-c5b6-4493-8ff4-7fa44a68a395
INFO  [17:33:08.205] [bbotk] Evaluating 1 configuration(s)
INFO  [17:33:08.541] [bbotk] Result of batch 3:
INFO  [17:33:08.542] [bbotk]    laplace classif.ce warnings errors runtime_learners
INFO  [17:33:08.542] [bbotk]  0.2945049  0.1087801        0      0            0.258
INFO  [17:33:08.542] [bbotk]                                 uhash
INFO  [17:33:08.542] [bbotk]  e227914c-151b-42bd-919b-64ba9f0fcb94
INFO  [17:33:08.548] [bbotk] Finished optimizing after 3 evaluation(s)
INFO  [17:33:08.548] [bbotk] Result:
INFO  [17:33:08.550] [bbotk]    laplace learner_param_vals  x_domain classif.ce
INFO  [17:33:08.550] [bbotk]      <num>             <list>    <list>      <num>
INFO  [17:33:08.550] [bbotk]  0.2989779          <list[1]> <list[1]>  0.1087801
INFO  [17:33:08.679] [bbotk] Starting to optimize 1 parameter(s) with '<OptimizerBatchRandomSearch>' and '<TerminatorEvals> [n_evals=3, k=0]'
INFO  [17:33:08.685] [bbotk] Evaluating 1 configuration(s)
INFO  [17:33:09.053] [bbotk] Result of batch 1:
INFO  [17:33:09.054] [bbotk]    laplace classif.ce warnings errors runtime_learners
INFO  [17:33:09.054] [bbotk]  0.7318447  0.1242909        0      0            0.297
INFO  [17:33:09.054] [bbotk]                                 uhash
INFO  [17:33:09.054] [bbotk]  a4403684-c611-435e-9a40-b6d2234090d9
INFO  [17:33:09.056] [bbotk] Evaluating 1 configuration(s)
INFO  [17:33:09.354] [bbotk] Result of batch 2:
INFO  [17:33:09.356] [bbotk]    laplace classif.ce warnings errors runtime_learners
INFO  [17:33:09.356] [bbotk]  0.3058553  0.1242909        0      0            0.248
INFO  [17:33:09.356] [bbotk]                                 uhash
INFO  [17:33:09.356] [bbotk]  482e543b-4edd-4c16-90f6-fd04b055e4e2
INFO  [17:33:09.364] [bbotk] Evaluating 1 configuration(s)
INFO  [17:33:09.707] [bbotk] Result of batch 3:
INFO  [17:33:09.713] [bbotk]    laplace classif.ce warnings errors runtime_learners
INFO  [17:33:09.713] [bbotk]  0.9718383  0.1242909        0      0            0.293
INFO  [17:33:09.713] [bbotk]                                 uhash
INFO  [17:33:09.713] [bbotk]  5c753788-fcd9-499e-ac41-1a36441d57fc
INFO  [17:33:09.729] [bbotk] Finished optimizing after 3 evaluation(s)
INFO  [17:33:09.730] [bbotk] Result:
INFO  [17:33:09.730] [bbotk]    laplace learner_param_vals  x_domain classif.ce
INFO  [17:33:09.730] [bbotk]      <num>             <list>    <list>      <num>
INFO  [17:33:09.730] [bbotk]  0.7318447          <list[1]> <list[1]>  0.1242909
INFO  [17:33:09.853] [bbotk] Starting to optimize 1 parameter(s) with '<OptimizerBatchRandomSearch>' and '<TerminatorEvals> [n_evals=3, k=0]'
INFO  [17:33:09.857] [bbotk] Evaluating 1 configuration(s)
INFO  [17:33:10.246] [bbotk] Result of batch 1:
INFO  [17:33:10.248] [bbotk]    laplace classif.ce warnings errors runtime_learners
INFO  [17:33:10.248] [bbotk]  0.3147794  0.1237054        0      0            0.322
INFO  [17:33:10.248] [bbotk]                                 uhash
INFO  [17:33:10.248] [bbotk]  4d71ccdc-2db7-478e-a249-f925c7039b32
INFO  [17:33:10.251] [bbotk] Evaluating 1 configuration(s)
INFO  [17:33:10.563] [bbotk] Result of batch 2:
INFO  [17:33:10.571] [bbotk]     laplace classif.ce warnings errors runtime_learners
INFO  [17:33:10.571] [bbotk]  0.07506411  0.1237054        0      0            0.269
INFO  [17:33:10.571] [bbotk]                                 uhash
INFO  [17:33:10.571] [bbotk]  10201e70-f7e4-492c-8e0f-118d75f2c7c1
INFO  [17:33:10.578] [bbotk] Evaluating 1 configuration(s)
INFO  [17:33:10.927] [bbotk] Result of batch 3:
INFO  [17:33:10.929] [bbotk]    laplace classif.ce warnings errors runtime_learners
INFO  [17:33:10.929] [bbotk]  0.4072985  0.1237054        0      0             0.27
INFO  [17:33:10.929] [bbotk]                                 uhash
INFO  [17:33:10.929] [bbotk]  7282ca59-c62e-4740-8244-1eeeb8da52c8
INFO  [17:33:10.941] [bbotk] Finished optimizing after 3 evaluation(s)
INFO  [17:33:10.941] [bbotk] Result:
INFO  [17:33:10.942] [bbotk]    laplace learner_param_vals  x_domain classif.ce
INFO  [17:33:10.942] [bbotk]      <num>             <list>    <list>      <num>
INFO  [17:33:10.942] [bbotk]  0.3147794          <list[1]> <list[1]>  0.1237054
INFO  [17:33:11.056] [bbotk] Starting to optimize 1 parameter(s) with '<OptimizerBatchRandomSearch>' and '<TerminatorEvals> [n_evals=3, k=0]'
INFO  [17:33:11.068] [bbotk] Evaluating 1 configuration(s)
INFO  [17:33:11.413] [bbotk] Result of batch 1:
INFO  [17:33:11.414] [bbotk]    laplace classif.ce warnings errors runtime_learners
INFO  [17:33:11.414] [bbotk]  0.1025971  0.1303089        0      0            0.295
INFO  [17:33:11.414] [bbotk]                                 uhash
INFO  [17:33:11.414] [bbotk]  8772ee8a-a66e-4d2f-ac2a-8e3da54434b7
INFO  [17:33:11.416] [bbotk] Evaluating 1 configuration(s)
INFO  [17:33:11.698] [bbotk] Result of batch 2:
INFO  [17:33:11.699] [bbotk]    laplace classif.ce warnings errors runtime_learners
INFO  [17:33:11.699] [bbotk]  0.1714844  0.1303089        0      0            0.237
INFO  [17:33:11.699] [bbotk]                                 uhash
INFO  [17:33:11.699] [bbotk]  2de68530-ab0c-43a3-8fd3-30155fe87d77
INFO  [17:33:11.707] [bbotk] Evaluating 1 configuration(s)
INFO  [17:33:12.045] [bbotk] Result of batch 3:
INFO  [17:33:12.047] [bbotk]    laplace classif.ce warnings errors runtime_learners
INFO  [17:33:12.047] [bbotk]  0.7919136  0.1303089        0      0            0.282
INFO  [17:33:12.047] [bbotk]                                 uhash
INFO  [17:33:12.047] [bbotk]  b02c92f4-5aa8-4b3d-8627-a1bebfc86787
INFO  [17:33:12.057] [bbotk] Finished optimizing after 3 evaluation(s)
INFO  [17:33:12.058] [bbotk] Result:
INFO  [17:33:12.058] [bbotk]    laplace learner_param_vals  x_domain classif.ce
INFO  [17:33:12.058] [bbotk]      <num>             <list>    <list>      <num>
INFO  [17:33:12.058] [bbotk]  0.1025971          <list[1]> <list[1]>  0.1303089
INFO  [17:33:12.182] [bbotk] Starting to optimize 1 parameter(s) with '<OptimizerBatchRandomSearch>' and '<TerminatorEvals> [n_evals=3, k=0]'
INFO  [17:33:12.189] [bbotk] Evaluating 1 configuration(s)
INFO  [17:33:12.540] [bbotk] Result of batch 1:
INFO  [17:33:12.542] [bbotk]    laplace classif.ce warnings errors runtime_learners
INFO  [17:33:12.542] [bbotk]  0.5762736 0.07405011        0      0            0.285
INFO  [17:33:12.542] [bbotk]                                 uhash
INFO  [17:33:12.542] [bbotk]  84f1ea35-dd2e-43ea-a038-0be4e940cf31
INFO  [17:33:12.545] [bbotk] Evaluating 1 configuration(s)
INFO  [17:33:12.803] [bbotk] Result of batch 2:
INFO  [17:33:12.804] [bbotk]    laplace classif.ce warnings errors runtime_learners
INFO  [17:33:12.804] [bbotk]  0.7796259 0.07405011        0      0            0.217
INFO  [17:33:12.804] [bbotk]                                 uhash
INFO  [17:33:12.804] [bbotk]  4d9875d2-10ca-4ac8-aebb-e7a0e10bc9a5
INFO  [17:33:12.806] [bbotk] Evaluating 1 configuration(s)
INFO  [17:33:13.117] [bbotk] Result of batch 3:
INFO  [17:33:13.119] [bbotk]   laplace classif.ce warnings errors runtime_learners
INFO  [17:33:13.119] [bbotk]  0.376899 0.07405011        0      0            0.261
INFO  [17:33:13.119] [bbotk]                                 uhash
INFO  [17:33:13.119] [bbotk]  af2cc854-ca93-42dc-809c-817045b316e0
INFO  [17:33:13.134] [bbotk] Finished optimizing after 3 evaluation(s)
INFO  [17:33:13.134] [bbotk] Result:
INFO  [17:33:13.144] [bbotk]    laplace learner_param_vals  x_domain classif.ce
INFO  [17:33:13.144] [bbotk]      <num>             <list>    <list>      <num>
INFO  [17:33:13.144] [bbotk]  0.5762736          <list[1]> <list[1]> 0.07405011

### [bt]: Job terminated successfully [batchtools job.id=3528]
### [bt]: Starting job [batchtools job.id=3529]
### [bt]: Generating problem instance for problem '01ea4b20a58e68c2' ...
### [bt]: Applying algorithm 'run_learner' on problem '01ea4b20a58e68c2' for job 3529 (seed = 3530) ...
INFO  [17:33:13.499] [mlr3] Applying learner 'classif.naive_bayes.tuned_calib.oof_platt' on task 'wilt' (iter 9/10)
INFO  [17:33:13.624] [bbotk] Starting to optimize 1 parameter(s) with '<OptimizerBatchRandomSearch>' and '<TerminatorEvals> [n_evals=3, k=0]'
INFO  [17:33:13.636] [bbotk] Evaluating 1 configuration(s)
INFO  [17:33:13.970] [bbotk] Result of batch 1:
INFO  [17:33:13.971] [bbotk]    laplace classif.ce warnings errors runtime_learners
INFO  [17:33:13.971] [bbotk]  0.5581236 0.08351827        0      0             0.29
INFO  [17:33:13.971] [bbotk]                                 uhash
INFO  [17:33:13.971] [bbotk]  3da09bc6-5f76-42a4-9d7d-82fdb33274ea
INFO  [17:33:13.973] [bbotk] Evaluating 1 configuration(s)
INFO  [17:33:14.386] [bbotk] Result of batch 2:
INFO  [17:33:14.387] [bbotk]    laplace classif.ce warnings errors runtime_learners
INFO  [17:33:14.387] [bbotk]  0.3797248 0.08351827        0      0            0.349
INFO  [17:33:14.387] [bbotk]                                 uhash
INFO  [17:33:14.387] [bbotk]  67f32b57-18a6-4eca-8bcb-3fa35901f21b
INFO  [17:33:14.390] [bbotk] Evaluating 1 configuration(s)
INFO  [17:33:14.707] [bbotk] Result of batch 3:
INFO  [17:33:14.708] [bbotk]    laplace classif.ce warnings errors runtime_learners
INFO  [17:33:14.708] [bbotk]  0.3184277 0.08351827        0      0            0.248
INFO  [17:33:14.708] [bbotk]                                 uhash
INFO  [17:33:14.708] [bbotk]  d72345d5-345d-4fd4-b935-08abc921256e
INFO  [17:33:14.726] [bbotk] Finished optimizing after 3 evaluation(s)
INFO  [17:33:14.727] [bbotk] Result:
INFO  [17:33:14.729] [bbotk]    laplace learner_param_vals  x_domain classif.ce
INFO  [17:33:14.729] [bbotk]      <num>             <list>    <list>      <num>
INFO  [17:33:14.729] [bbotk]  0.5581236          <list[1]> <list[1]> 0.08351827
INFO  [17:33:14.892] [bbotk] Starting to optimize 1 parameter(s) with '<OptimizerBatchRandomSearch>' and '<TerminatorEvals> [n_evals=3, k=0]'
INFO  [17:33:14.914] [bbotk] Evaluating 1 configuration(s)
INFO  [17:33:15.259] [bbotk] Result of batch 1:
INFO  [17:33:15.260] [bbotk]    laplace classif.ce warnings errors runtime_learners
INFO  [17:33:15.260] [bbotk]  0.7345988 0.09730469        0      0            0.282
INFO  [17:33:15.260] [bbotk]                                 uhash
INFO  [17:33:15.260] [bbotk]  433cca2c-514f-4826-bee4-30a1b79f3bda
INFO  [17:33:15.263] [bbotk] Evaluating 1 configuration(s)
INFO  [17:33:15.653] [bbotk] Result of batch 2:
INFO  [17:33:15.655] [bbotk]   laplace classif.ce warnings errors runtime_learners
INFO  [17:33:15.655] [bbotk]  0.396169 0.09730469        0      0            0.325
INFO  [17:33:15.655] [bbotk]                                 uhash
INFO  [17:33:15.655] [bbotk]  40c7b066-0247-4728-b07c-3f23f8a7e36d
INFO  [17:33:15.662] [bbotk] Evaluating 1 configuration(s)
INFO  [17:33:15.950] [bbotk] Result of batch 3:
INFO  [17:33:15.951] [bbotk]    laplace classif.ce warnings errors runtime_learners
INFO  [17:33:15.951] [bbotk]  0.9011229 0.09730469        0      0            0.239
INFO  [17:33:15.951] [bbotk]                                 uhash
INFO  [17:33:15.951] [bbotk]  fb30815b-71a8-4add-8f85-2db271485080
INFO  [17:33:15.971] [bbotk] Finished optimizing after 3 evaluation(s)
INFO  [17:33:15.972] [bbotk] Result:
INFO  [17:33:15.972] [bbotk]    laplace learner_param_vals  x_domain classif.ce
INFO  [17:33:15.972] [bbotk]      <num>             <list>    <list>      <num>
INFO  [17:33:15.972] [bbotk]  0.7345988          <list[1]> <list[1]> 0.09730469
INFO  [17:33:16.116] [bbotk] Starting to optimize 1 parameter(s) with '<OptimizerBatchRandomSearch>' and '<TerminatorEvals> [n_evals=3, k=0]'
INFO  [17:33:16.131] [bbotk] Evaluating 1 configuration(s)
INFO  [17:33:16.542] [bbotk] Result of batch 1:
INFO  [17:33:16.544] [bbotk]     laplace classif.ce warnings errors runtime_learners
INFO  [17:33:16.544] [bbotk]  0.09052177 0.06515591        0      0            0.337
INFO  [17:33:16.544] [bbotk]                                 uhash
INFO  [17:33:16.544] [bbotk]  a93f17af-cee2-493a-ac20-1fe2f4e73df2
INFO  [17:33:16.550] [bbotk] Evaluating 1 configuration(s)
INFO  [17:33:16.968] [bbotk] Result of batch 2:
INFO  [17:33:16.969] [bbotk]    laplace classif.ce warnings errors runtime_learners
INFO  [17:33:16.969] [bbotk]  0.9001424 0.06515591        0      0            0.357
INFO  [17:33:16.969] [bbotk]                                 uhash
INFO  [17:33:16.969] [bbotk]  96e419d4-031e-409b-bb2f-3b3a4468eb2a
INFO  [17:33:16.972] [bbotk] Evaluating 1 configuration(s)
INFO  [17:33:17.288] [bbotk] Result of batch 3:
INFO  [17:33:17.290] [bbotk]    laplace classif.ce warnings errors runtime_learners
INFO  [17:33:17.290] [bbotk]  0.3124232 0.06515591        0      0            0.259
INFO  [17:33:17.290] [bbotk]                                 uhash
INFO  [17:33:17.290] [bbotk]  27de57c1-acc8-4811-8866-c45800bd8c05
INFO  [17:33:17.313] [bbotk] Finished optimizing after 3 evaluation(s)
INFO  [17:33:17.313] [bbotk] Result:
INFO  [17:33:17.314] [bbotk]     laplace learner_param_vals  x_domain classif.ce
INFO  [17:33:17.314] [bbotk]       <num>             <list>    <list>      <num>
INFO  [17:33:17.314] [bbotk]  0.09052177          <list[1]> <list[1]> 0.06515591
INFO  [17:33:17.424] [bbotk] Starting to optimize 1 parameter(s) with '<OptimizerBatchRandomSearch>' and '<TerminatorEvals> [n_evals=3, k=0]'
INFO  [17:33:17.429] [bbotk] Evaluating 1 configuration(s)
INFO  [17:33:17.765] [bbotk] Result of batch 1:
INFO  [17:33:17.767] [bbotk]    laplace classif.ce warnings errors runtime_learners
INFO  [17:33:17.767] [bbotk]  0.7920411 0.08610596        0      0            0.297
INFO  [17:33:17.767] [bbotk]                                 uhash
INFO  [17:33:17.767] [bbotk]  82af934c-35f6-4a61-88f4-c0e9319b7070
INFO  [17:33:17.770] [bbotk] Evaluating 1 configuration(s)
INFO  [17:33:18.110] [bbotk] Result of batch 2:
INFO  [17:33:18.111] [bbotk]  laplace classif.ce warnings errors runtime_learners
INFO  [17:33:18.111] [bbotk]  0.16436 0.08610596        0      0            0.275
INFO  [17:33:18.111] [bbotk]                                 uhash
INFO  [17:33:18.111] [bbotk]  1cc23b9b-1bc5-40d3-b8b6-887dfad34aca
INFO  [17:33:18.113] [bbotk] Evaluating 1 configuration(s)
INFO  [17:33:18.354] [bbotk] Result of batch 3:
INFO  [17:33:18.355] [bbotk]    laplace classif.ce warnings errors runtime_learners
INFO  [17:33:18.355] [bbotk]  0.1492296 0.08610596        0      0            0.186
INFO  [17:33:18.355] [bbotk]                                 uhash
INFO  [17:33:18.355] [bbotk]  51302cd4-3c30-42d6-bbcd-e8d8c65c2eb7
INFO  [17:33:18.362] [bbotk] Finished optimizing after 3 evaluation(s)
INFO  [17:33:18.362] [bbotk] Result:
INFO  [17:33:18.363] [bbotk]    laplace learner_param_vals  x_domain classif.ce
INFO  [17:33:18.363] [bbotk]      <num>             <list>    <list>      <num>
INFO  [17:33:18.363] [bbotk]  0.7920411          <list[1]> <list[1]> 0.08610596
INFO  [17:33:18.452] [bbotk] Starting to optimize 1 parameter(s) with '<OptimizerBatchRandomSearch>' and '<TerminatorEvals> [n_evals=3, k=0]'
INFO  [17:33:18.456] [bbotk] Evaluating 1 configuration(s)
INFO  [17:33:18.783] [bbotk] Result of batch 1:
INFO  [17:33:18.784] [bbotk]    laplace classif.ce warnings errors runtime_learners
INFO  [17:33:18.784] [bbotk]  0.8942705  0.1125138        0      0            0.286
INFO  [17:33:18.784] [bbotk]                                 uhash
INFO  [17:33:18.784] [bbotk]  e8d2ed6d-8f58-4bc4-b4bf-bdac650e0daf
INFO  [17:33:18.790] [bbotk] Evaluating 1 configuration(s)
INFO  [17:33:19.170] [bbotk] Result of batch 2:
INFO  [17:33:19.171] [bbotk]    laplace classif.ce warnings errors runtime_learners
INFO  [17:33:19.171] [bbotk]  0.1052886  0.1125138        0      0            0.316
INFO  [17:33:19.171] [bbotk]                                 uhash
INFO  [17:33:19.171] [bbotk]  e5c77744-a817-44a8-9063-bbfb69d58f4d
INFO  [17:33:19.174] [bbotk] Evaluating 1 configuration(s)
INFO  [17:33:19.489] [bbotk] Result of batch 3:
INFO  [17:33:19.490] [bbotk]    laplace classif.ce warnings errors runtime_learners
INFO  [17:33:19.490] [bbotk]  0.7516333  0.1125138        0      0            0.276
INFO  [17:33:19.490] [bbotk]                                 uhash
INFO  [17:33:19.490] [bbotk]  600fe73f-1be5-4005-8d04-0241e95c384b
INFO  [17:33:19.500] [bbotk] Finished optimizing after 3 evaluation(s)
INFO  [17:33:19.501] [bbotk] Result:
INFO  [17:33:19.502] [bbotk]    laplace learner_param_vals  x_domain classif.ce
INFO  [17:33:19.502] [bbotk]      <num>             <list>    <list>      <num>
INFO  [17:33:19.502] [bbotk]  0.8942705          <list[1]> <list[1]>  0.1125138

### [bt]: Job terminated successfully [batchtools job.id=3529]
### [bt]: Starting job [batchtools job.id=3530]
### [bt]: Generating problem instance for problem '01ea4b20a58e68c2' ...
### [bt]: Applying algorithm 'run_learner' on problem '01ea4b20a58e68c2' for job 3530 (seed = 3531) ...
INFO  [17:33:19.870] [mlr3] Applying learner 'classif.naive_bayes.tuned_calib.oof_platt' on task 'wilt' (iter 10/10)
INFO  [17:33:19.921] [bbotk] Starting to optimize 1 parameter(s) with '<OptimizerBatchRandomSearch>' and '<TerminatorEvals> [n_evals=3, k=0]'
INFO  [17:33:19.932] [bbotk] Evaluating 1 configuration(s)
INFO  [17:33:20.267] [bbotk] Result of batch 1:
INFO  [17:33:20.359] [bbotk]    laplace classif.ce warnings errors runtime_learners
INFO  [17:33:20.359] [bbotk]  0.8382522  0.1162418        0      0            0.274
INFO  [17:33:20.359] [bbotk]                                 uhash
INFO  [17:33:20.359] [bbotk]  f95b5478-73f9-4052-a606-7b7756487164
INFO  [17:33:20.371] [bbotk] Evaluating 1 configuration(s)
INFO  [17:33:20.728] [bbotk] Result of batch 2:
INFO  [17:33:20.730] [bbotk]    laplace classif.ce warnings errors runtime_learners
INFO  [17:33:20.730] [bbotk]  0.4707622  0.1162418        0      0            0.281
INFO  [17:33:20.730] [bbotk]                                 uhash
INFO  [17:33:20.730] [bbotk]  aca8d040-c5a3-4f2a-9693-9fff9f8005e9
INFO  [17:33:20.741] [bbotk] Evaluating 1 configuration(s)
INFO  [17:33:21.132] [bbotk] Result of batch 3:
INFO  [17:33:21.133] [bbotk]    laplace classif.ce warnings errors runtime_learners
INFO  [17:33:21.133] [bbotk]  0.9184206  0.1162418        0      0             0.32
INFO  [17:33:21.133] [bbotk]                                 uhash
INFO  [17:33:21.133] [bbotk]  64f66689-f6e4-4d2a-a0db-7abb83193be7
INFO  [17:33:21.145] [bbotk] Finished optimizing after 3 evaluation(s)
INFO  [17:33:21.146] [bbotk] Result:
INFO  [17:33:21.150] [bbotk]    laplace learner_param_vals  x_domain classif.ce
INFO  [17:33:21.150] [bbotk]      <num>             <list>    <list>      <num>
INFO  [17:33:21.150] [bbotk]  0.8382522          <list[1]> <list[1]>  0.1162418
INFO  [17:33:21.283] [bbotk] Starting to optimize 1 parameter(s) with '<OptimizerBatchRandomSearch>' and '<TerminatorEvals> [n_evals=3, k=0]'
INFO  [17:33:21.292] [bbotk] Evaluating 1 configuration(s)
INFO  [17:33:21.584] [bbotk] Result of batch 1:
INFO  [17:33:21.590] [bbotk]   laplace classif.ce warnings errors runtime_learners
INFO  [17:33:21.590] [bbotk]  0.103012  0.1222441        0      0            0.253
INFO  [17:33:21.590] [bbotk]                                 uhash
INFO  [17:33:21.590] [bbotk]  b8f7aa4e-76a1-4f71-a769-17b5eb0b11d8
INFO  [17:33:21.596] [bbotk] Evaluating 1 configuration(s)
INFO  [17:33:21.957] [bbotk] Result of batch 2:
INFO  [17:33:21.958] [bbotk]    laplace classif.ce warnings errors runtime_learners
INFO  [17:33:21.958] [bbotk]  0.6234485  0.1222441        0      0            0.311
INFO  [17:33:21.958] [bbotk]                                 uhash
INFO  [17:33:21.958] [bbotk]  c2a353f3-fa1b-4cec-ad7c-3afa78feeefd
INFO  [17:33:21.967] [bbotk] Evaluating 1 configuration(s)
INFO  [17:33:22.258] [bbotk] Result of batch 3:
INFO  [17:33:22.260] [bbotk]    laplace classif.ce warnings errors runtime_learners
INFO  [17:33:22.260] [bbotk]  0.8135859  0.1222441        0      0             0.23
INFO  [17:33:22.260] [bbotk]                                 uhash
INFO  [17:33:22.260] [bbotk]  16a27364-7754-4041-954c-34664be0dd31
INFO  [17:33:22.271] [bbotk] Finished optimizing after 3 evaluation(s)
INFO  [17:33:22.271] [bbotk] Result:
INFO  [17:33:22.273] [bbotk]   laplace learner_param_vals  x_domain classif.ce
INFO  [17:33:22.273] [bbotk]     <num>             <list>    <list>      <num>
INFO  [17:33:22.273] [bbotk]  0.103012          <list[1]> <list[1]>  0.1222441
INFO  [17:33:22.397] [bbotk] Starting to optimize 1 parameter(s) with '<OptimizerBatchRandomSearch>' and '<TerminatorEvals> [n_evals=3, k=0]'
INFO  [17:33:22.402] [bbotk] Evaluating 1 configuration(s)
INFO  [17:33:22.649] [bbotk] Result of batch 1:
INFO  [17:33:22.650] [bbotk]    laplace classif.ce warnings errors runtime_learners
INFO  [17:33:22.650] [bbotk]  0.9463069  0.1193735        0      0            0.202
INFO  [17:33:22.650] [bbotk]                                 uhash
INFO  [17:33:22.650] [bbotk]  d81978e7-5b01-4e18-8fac-d9a8f27a914c
INFO  [17:33:22.653] [bbotk] Evaluating 1 configuration(s)
INFO  [17:33:22.988] [bbotk] Result of batch 2:
INFO  [17:33:22.989] [bbotk]   laplace classif.ce warnings errors runtime_learners
INFO  [17:33:22.989] [bbotk]  0.499887  0.1193735        0      0            0.281
INFO  [17:33:22.989] [bbotk]                                 uhash
INFO  [17:33:22.989] [bbotk]  66675de4-7e53-4efe-8218-681b8026a723
INFO  [17:33:22.992] [bbotk] Evaluating 1 configuration(s)
INFO  [17:33:23.298] [bbotk] Result of batch 3:
INFO  [17:33:23.302] [bbotk]    laplace classif.ce warnings errors runtime_learners
INFO  [17:33:23.302] [bbotk]  0.1024709  0.1193735        0      0            0.229
INFO  [17:33:23.302] [bbotk]                                 uhash
INFO  [17:33:23.302] [bbotk]  a21dbef8-f096-44c3-97e4-4c324e39e21f
INFO  [17:33:23.327] [bbotk] Finished optimizing after 3 evaluation(s)
INFO  [17:33:23.328] [bbotk] Result:
INFO  [17:33:23.330] [bbotk]    laplace learner_param_vals  x_domain classif.ce
INFO  [17:33:23.330] [bbotk]      <num>             <list>    <list>      <num>
INFO  [17:33:23.330] [bbotk]  0.9463069          <list[1]> <list[1]>  0.1193735
INFO  [17:33:23.454] [bbotk] Starting to optimize 1 parameter(s) with '<OptimizerBatchRandomSearch>' and '<TerminatorEvals> [n_evals=3, k=0]'
INFO  [17:33:23.464] [bbotk] Evaluating 1 configuration(s)
INFO  [17:33:23.777] [bbotk] Result of batch 1:
INFO  [17:33:23.778] [bbotk]    laplace classif.ce warnings errors runtime_learners
INFO  [17:33:23.778] [bbotk]  0.0490367   0.105594        0      0            0.267
INFO  [17:33:23.778] [bbotk]                                 uhash
INFO  [17:33:23.778] [bbotk]  cfbcd953-ab40-4831-ba80-db536e8a9fa2
INFO  [17:33:23.782] [bbotk] Evaluating 1 configuration(s)
INFO  [17:33:24.143] [bbotk] Result of batch 2:
INFO  [17:33:24.144] [bbotk]    laplace classif.ce warnings errors runtime_learners
INFO  [17:33:24.144] [bbotk]  0.6468244   0.105594        0      0            0.313
INFO  [17:33:24.144] [bbotk]                                 uhash
INFO  [17:33:24.144] [bbotk]  90ba9246-f4f6-402e-8f8a-5560664557eb
INFO  [17:33:24.146] [bbotk] Evaluating 1 configuration(s)
INFO  [17:33:24.437] [bbotk] Result of batch 3:
INFO  [17:33:24.438] [bbotk]    laplace classif.ce warnings errors runtime_learners
INFO  [17:33:24.438] [bbotk]  0.3977991   0.105594        0      0            0.246
INFO  [17:33:24.438] [bbotk]                                 uhash
INFO  [17:33:24.438] [bbotk]  aefe3df0-bf8e-4d69-986c-b3e8572ef74d
INFO  [17:33:24.444] [bbotk] Finished optimizing after 3 evaluation(s)
INFO  [17:33:24.445] [bbotk] Result:
INFO  [17:33:24.445] [bbotk]    laplace learner_param_vals  x_domain classif.ce
INFO  [17:33:24.445] [bbotk]      <num>             <list>    <list>      <num>
INFO  [17:33:24.445] [bbotk]  0.0490367          <list[1]> <list[1]>   0.105594
INFO  [17:33:24.640] [bbotk] Starting to optimize 1 parameter(s) with '<OptimizerBatchRandomSearch>' and '<TerminatorEvals> [n_evals=3, k=0]'
INFO  [17:33:24.656] [bbotk] Evaluating 1 configuration(s)
INFO  [17:33:24.947] [bbotk] Result of batch 1:
INFO  [17:33:24.948] [bbotk]   laplace classif.ce warnings errors runtime_learners
INFO  [17:33:24.948] [bbotk]  0.335822  0.1064472        0      0            0.242
INFO  [17:33:24.948] [bbotk]                                 uhash
INFO  [17:33:24.948] [bbotk]  e85ee009-c4b0-41f2-b471-ba51b5fccd6a
INFO  [17:33:24.950] [bbotk] Evaluating 1 configuration(s)
INFO  [17:33:25.265] [bbotk] Result of batch 2:
INFO  [17:33:25.266] [bbotk]   laplace classif.ce warnings errors runtime_learners
INFO  [17:33:25.266] [bbotk]  0.856106  0.1064472        0      0            0.265
INFO  [17:33:25.266] [bbotk]                                 uhash
INFO  [17:33:25.266] [bbotk]  9735222b-b5cd-4805-aa9f-c945f2462be9
INFO  [17:33:25.270] [bbotk] Evaluating 1 configuration(s)
INFO  [17:33:25.524] [bbotk] Result of batch 3:
INFO  [17:33:25.525] [bbotk]    laplace classif.ce warnings errors runtime_learners
INFO  [17:33:25.525] [bbotk]  0.6426977  0.1064472        0      0             0.21
INFO  [17:33:25.525] [bbotk]                                 uhash
INFO  [17:33:25.525] [bbotk]  3dc2e6f2-b861-4bd7-b39f-467eff13be23
INFO  [17:33:25.532] [bbotk] Finished optimizing after 3 evaluation(s)
INFO  [17:33:25.532] [bbotk] Result:
INFO  [17:33:25.533] [bbotk]   laplace learner_param_vals  x_domain classif.ce
INFO  [17:33:25.533] [bbotk]     <num>             <list>    <list>      <num>
INFO  [17:33:25.533] [bbotk]  0.335822          <list[1]> <list[1]>  0.1064472

### [bt]: Job terminated successfully [batchtools job.id=3530]
### [bt]: Calculation finished!
