### [bt]: This is batchtools v0.9.17
### [bt]: Starting calculation of 5 jobs
### [bt]: Setting working directory to '/Users/User/Documents/Studium/Semester8/Hiwi/mlr3calibration/vignettes'
### [bt]: Memory measurement disabled
### [bt]: Starting job [batchtools job.id=2321]
### [bt]: Generating problem instance for problem 'a63d756aec4c60c1' ...
### [bt]: Applying algorithm 'run_learner' on problem 'a63d756aec4c60c1' for job 2321 (seed = 2322) ...
INFO  [17:10:35.037] [mlr3] Applying learner 'classif.xgboost.tuned_calib.tunefirst.perfold_beta' on task 'pc1' (iter 1/10)
INFO  [17:10:35.061] [bbotk] Starting to optimize 3 parameter(s) with '<OptimizerBatchRandomSearch>' and '<TerminatorEvals> [n_evals=10, k=0]'
INFO  [17:10:35.071] [bbotk] Evaluating 1 configuration(s)
INFO  [17:10:35.510] [bbotk] Result of batch 1:
INFO  [17:10:35.512] [bbotk]  nrounds       eta max_depth classif.ce warnings errors runtime_learners
INFO  [17:10:35.512] [bbotk]      237 0.2595763         6 0.07114645        0      0            0.403
INFO  [17:10:35.512] [bbotk]                                 uhash
INFO  [17:10:35.512] [bbotk]  5bf331fe-13e5-4398-8716-3b94e3e282ef
INFO  [17:10:35.521] [bbotk] Evaluating 1 configuration(s)
INFO  [17:10:35.932] [bbotk] Result of batch 2:
INFO  [17:10:35.933] [bbotk]  nrounds       eta max_depth classif.ce warnings errors runtime_learners
INFO  [17:10:35.933] [bbotk]      173 0.1765739         6 0.07114946        0      0            0.379
INFO  [17:10:35.933] [bbotk]                                 uhash
INFO  [17:10:35.933] [bbotk]  9e02b123-371f-4b6a-ad24-058c126fb6ce
INFO  [17:10:35.936] [bbotk] Evaluating 1 configuration(s)
INFO  [17:10:36.702] [bbotk] Result of batch 3:
INFO  [17:10:36.704] [bbotk]  nrounds        eta max_depth classif.ce warnings errors runtime_learners
INFO  [17:10:36.704] [bbotk]      255 0.03817081         6 0.06914143        0      0            0.731
INFO  [17:10:36.704] [bbotk]                                 uhash
INFO  [17:10:36.704] [bbotk]  7cdc9a83-bafb-4370-9689-69213004d7ce
INFO  [17:10:36.714] [bbotk] Evaluating 1 configuration(s)
INFO  [17:10:37.439] [bbotk] Result of batch 4:
INFO  [17:10:37.441] [bbotk]  nrounds      eta max_depth classif.ce warnings errors runtime_learners
INFO  [17:10:37.441] [bbotk]      271 0.183338         9 0.06914445        0      0             0.68
INFO  [17:10:37.441] [bbotk]                                 uhash
INFO  [17:10:37.441] [bbotk]  6b90bc6d-065f-4cf6-be2a-79cd7054a9b3
INFO  [17:10:37.445] [bbotk] Evaluating 1 configuration(s)
INFO  [17:10:37.700] [bbotk] Result of batch 5:
INFO  [17:10:37.701] [bbotk]  nrounds       eta max_depth classif.ce warnings errors runtime_learners
INFO  [17:10:37.701] [bbotk]       67 0.2148902         6 0.07014846        0      0            0.209
INFO  [17:10:37.701] [bbotk]                                 uhash
INFO  [17:10:37.701] [bbotk]  1823374e-41f7-42de-8134-6ad1d23302a8
INFO  [17:10:37.705] [bbotk] Evaluating 1 configuration(s)
INFO  [17:10:38.606] [bbotk] Result of batch 6:
INFO  [17:10:38.608] [bbotk]  nrounds        eta max_depth classif.ce warnings errors runtime_learners
INFO  [17:10:38.608] [bbotk]      238 0.01549575         8  0.0641304        0      0            0.855
INFO  [17:10:38.608] [bbotk]                                 uhash
INFO  [17:10:38.608] [bbotk]  d7e83cc4-dca0-4877-9f8b-a9327a8e49d5
INFO  [17:10:38.620] [bbotk] Evaluating 1 configuration(s)
INFO  [17:10:39.514] [bbotk] Result of batch 7:
INFO  [17:10:39.515] [bbotk]  nrounds        eta max_depth classif.ce warnings errors runtime_learners
INFO  [17:10:39.515] [bbotk]      280 0.02533252         6 0.07014545        0      0            0.854
INFO  [17:10:39.515] [bbotk]                                 uhash
INFO  [17:10:39.515] [bbotk]  bb209679-f0a2-4c3d-8d86-e906afc43d35
INFO  [17:10:39.526] [bbotk] Evaluating 1 configuration(s)
INFO  [17:10:40.350] [bbotk] Result of batch 8:
INFO  [17:10:40.354] [bbotk]  nrounds       eta max_depth classif.ce warnings errors runtime_learners
INFO  [17:10:40.354] [bbotk]      290 0.1588366        10 0.06713641        0      0            0.794
INFO  [17:10:40.354] [bbotk]                                 uhash
INFO  [17:10:40.354] [bbotk]  3a874714-ad63-4c73-ae4e-3ec0ada41c87
INFO  [17:10:40.361] [bbotk] Evaluating 1 configuration(s)
INFO  [17:10:41.170] [bbotk] Result of batch 9:
INFO  [17:10:41.171] [bbotk]  nrounds       eta max_depth classif.ce warnings errors runtime_learners
INFO  [17:10:41.171] [bbotk]      266 0.1181388         6  0.0681344        0      0            0.775
INFO  [17:10:41.171] [bbotk]                                 uhash
INFO  [17:10:41.171] [bbotk]  0417d29c-700b-46d5-905b-b7f31b245c4b
INFO  [17:10:41.181] [bbotk] Evaluating 1 configuration(s)
INFO  [17:10:41.607] [bbotk] Result of batch 10:
INFO  [17:10:41.609] [bbotk]  nrounds       eta max_depth classif.ce warnings errors runtime_learners
INFO  [17:10:41.609] [bbotk]      112 0.1082113         7  0.0661324        0      0            0.368
INFO  [17:10:41.609] [bbotk]                                 uhash
INFO  [17:10:41.609] [bbotk]  9709742c-6ef8-4c8b-8862-e44c2740f276
INFO  [17:10:41.618] [bbotk] Finished optimizing after 10 evaluation(s)
INFO  [17:10:41.618] [bbotk] Result:
INFO  [17:10:41.619] [bbotk]  nrounds        eta max_depth learner_param_vals  x_domain classif.ce
INFO  [17:10:41.619] [bbotk]    <int>      <num>     <int>             <list>    <list>      <num>
INFO  [17:10:41.619] [bbotk]      238 0.01549575         8          <list[5]> <list[3]>  0.0641304
[1] 1.220818
[1] 46.1078
[1] -3.686227
[1] 38.90798
[1] -70.97723
[1] 29.02456
[1] -0.2146262
[1] 36.25126
Warning in value[[3L]](cond) :
  beta_calibration failed: uniroot endpoint sign mismatch.
This happened PipeOp classif.xgboost's $train()
[1] -53.95163
[1] 48.37597

### [bt]: Job terminated successfully [batchtools job.id=2321]
### [bt]: Starting job [batchtools job.id=2322]
### [bt]: Generating problem instance for problem 'a63d756aec4c60c1' ...
### [bt]: Applying algorithm 'run_learner' on problem 'a63d756aec4c60c1' for job 2322 (seed = 2323) ...
INFO  [17:10:43.967] [mlr3] Applying learner 'classif.xgboost.tuned_calib.tunefirst.perfold_beta' on task 'pc1' (iter 2/10)
INFO  [17:10:44.011] [bbotk] Starting to optimize 3 parameter(s) with '<OptimizerBatchRandomSearch>' and '<TerminatorEvals> [n_evals=10, k=0]'
INFO  [17:10:44.030] [bbotk] Evaluating 1 configuration(s)
INFO  [17:10:44.404] [bbotk] Result of batch 1:
INFO  [17:10:44.405] [bbotk]  nrounds       eta max_depth classif.ce warnings errors runtime_learners
INFO  [17:10:44.405] [bbotk]       92 0.1305203        10 0.05912539        0      0            0.333
INFO  [17:10:44.405] [bbotk]                                 uhash
INFO  [17:10:44.405] [bbotk]  969b59fd-ca85-4992-80dd-d841ac38b800
INFO  [17:10:44.412] [bbotk] Evaluating 1 configuration(s)
INFO  [17:10:44.614] [bbotk] Result of batch 2:
INFO  [17:10:44.615] [bbotk]  nrounds       eta max_depth classif.ce warnings errors runtime_learners
INFO  [17:10:44.615] [bbotk]       68 0.2856447         4 0.05511837        0      0            0.162
INFO  [17:10:44.615] [bbotk]                                 uhash
INFO  [17:10:44.615] [bbotk]  4209bd6e-6ac0-40a3-b5c0-cf6c6ebc1218
INFO  [17:10:44.619] [bbotk] Evaluating 1 configuration(s)
INFO  [17:10:45.001] [bbotk] Result of batch 3:
INFO  [17:10:45.008] [bbotk]  nrounds       eta max_depth classif.ce warnings errors runtime_learners
INFO  [17:10:45.008] [bbotk]      132 0.2231857         5 0.05912539        0      0            0.339
INFO  [17:10:45.008] [bbotk]                                 uhash
INFO  [17:10:45.008] [bbotk]  07c52962-ff85-4878-98f9-c9992a19687b
INFO  [17:10:45.013] [bbotk] Evaluating 1 configuration(s)
INFO  [17:10:45.234] [bbotk] Result of batch 4:
INFO  [17:10:45.235] [bbotk]  nrounds       eta max_depth classif.ce warnings errors runtime_learners
INFO  [17:10:45.235] [bbotk]       51 0.1334802         6 0.06213141        0      0            0.167
INFO  [17:10:45.235] [bbotk]                                 uhash
INFO  [17:10:45.235] [bbotk]  bb03afb1-95cf-4c35-842d-f67f68cc1330
INFO  [17:10:45.239] [bbotk] Evaluating 1 configuration(s)
INFO  [17:10:45.745] [bbotk] Result of batch 5:
INFO  [17:10:45.746] [bbotk]  nrounds       eta max_depth classif.ce warnings errors runtime_learners
INFO  [17:10:45.746] [bbotk]      191 0.1192727         4 0.05712037        0      0             0.45
INFO  [17:10:45.746] [bbotk]                                 uhash
INFO  [17:10:45.746] [bbotk]  43c827b1-ed24-4cbc-a1ee-0629632fee86
INFO  [17:10:45.750] [bbotk] Evaluating 1 configuration(s)
INFO  [17:10:46.177] [bbotk] Result of batch 6:
INFO  [17:10:46.178] [bbotk]  nrounds        eta max_depth classif.ce warnings errors runtime_learners
INFO  [17:10:46.178] [bbotk]      289 0.01387719         2 0.07015751        0      0            0.379
INFO  [17:10:46.178] [bbotk]                                 uhash
INFO  [17:10:46.178] [bbotk]  92634f55-5d9c-43d7-8af1-9415a59d5003
INFO  [17:10:46.182] [bbotk] Evaluating 1 configuration(s)
INFO  [17:10:46.717] [bbotk] Result of batch 7:
INFO  [17:10:46.720] [bbotk]  nrounds       eta max_depth classif.ce warnings errors runtime_learners
INFO  [17:10:46.720] [bbotk]      184 0.2829522         7 0.05812137        0      0            0.465
INFO  [17:10:46.720] [bbotk]                                 uhash
INFO  [17:10:46.720] [bbotk]  1aa1fa4b-b022-40fd-ae2d-7e34a7f5016b
INFO  [17:10:46.736] [bbotk] Evaluating 1 configuration(s)
INFO  [17:10:47.022] [bbotk] Result of batch 8:
INFO  [17:10:47.023] [bbotk]  nrounds       eta max_depth classif.ce warnings errors runtime_learners
INFO  [17:10:47.023] [bbotk]       58 0.1533224         8 0.05812439        0      0            0.199
INFO  [17:10:47.023] [bbotk]                                 uhash
INFO  [17:10:47.023] [bbotk]  53ead841-ba90-49e7-8d74-b42902af2a2c
INFO  [17:10:47.027] [bbotk] Evaluating 1 configuration(s)
INFO  [17:10:47.586] [bbotk] Result of batch 9:
INFO  [17:10:47.588] [bbotk]  nrounds       eta max_depth classif.ce warnings errors runtime_learners
INFO  [17:10:47.588] [bbotk]      201 0.2454852         8 0.05712339        0      0            0.519
INFO  [17:10:47.588] [bbotk]                                 uhash
INFO  [17:10:47.588] [bbotk]  26acf563-116f-43b1-8ec7-e24845cf9fe1
INFO  [17:10:47.603] [bbotk] Evaluating 1 configuration(s)
INFO  [17:10:48.096] [bbotk] Result of batch 10:
INFO  [17:10:48.097] [bbotk]  nrounds        eta max_depth classif.ce warnings errors runtime_learners
INFO  [17:10:48.097] [bbotk]      197 0.02616814         4 0.05912841        0      0            0.431
INFO  [17:10:48.097] [bbotk]                                 uhash
INFO  [17:10:48.097] [bbotk]  ed3a7f8c-2570-41d6-887e-bc505e7abf62
INFO  [17:10:48.107] [bbotk] Finished optimizing after 10 evaluation(s)
INFO  [17:10:48.107] [bbotk] Result:
INFO  [17:10:48.108] [bbotk]  nrounds       eta max_depth learner_param_vals  x_domain classif.ce
INFO  [17:10:48.108] [bbotk]    <int>     <num>     <int>             <list>    <list>      <num>
INFO  [17:10:48.108] [bbotk]       68 0.2856447         4          <list[5]> <list[3]> 0.05511837
[1] -118.1691
[1] 8.241476
[1] -29.37825
[1] 13.21734
[1] -116.0118
[1] 18.1764
[1] 0.07148607
[1] 28.24532
[1] -10.34989
[1] 30.12821

### [bt]: Job terminated successfully [batchtools job.id=2322]
### [bt]: Starting job [batchtools job.id=2323]
### [bt]: Generating problem instance for problem 'a63d756aec4c60c1' ...
### [bt]: Applying algorithm 'run_learner' on problem 'a63d756aec4c60c1' for job 2323 (seed = 2324) ...
INFO  [17:10:48.655] [mlr3] Applying learner 'classif.xgboost.tuned_calib.tunefirst.perfold_beta' on task 'pc1' (iter 3/10)
INFO  [17:10:48.690] [bbotk] Starting to optimize 3 parameter(s) with '<OptimizerBatchRandomSearch>' and '<TerminatorEvals> [n_evals=10, k=0]'
INFO  [17:10:48.728] [bbotk] Evaluating 1 configuration(s)
INFO  [17:10:49.017] [bbotk] Result of batch 1:
INFO  [17:10:49.025] [bbotk]  nrounds       eta max_depth classif.ce warnings errors runtime_learners
INFO  [17:10:49.025] [bbotk]      199 0.2028912         2 0.07716451        0      0            0.246
INFO  [17:10:49.025] [bbotk]                                 uhash
INFO  [17:10:49.025] [bbotk]  b4c0db08-4615-4262-bdfa-f2a8211e8403
INFO  [17:10:49.029] [bbotk] Evaluating 1 configuration(s)
INFO  [17:10:49.670] [bbotk] Result of batch 2:
INFO  [17:10:49.671] [bbotk]  nrounds        eta max_depth classif.ce warnings errors runtime_learners
INFO  [17:10:49.671] [bbotk]      188 0.09647254        10 0.08017958        0      0            0.585
INFO  [17:10:49.671] [bbotk]                                 uhash
INFO  [17:10:49.671] [bbotk]  c8db1e43-ba18-4230-bd93-aa2179b6a5bc
INFO  [17:10:49.676] [bbotk] Evaluating 1 configuration(s)
INFO  [17:10:50.246] [bbotk] Result of batch 3:
INFO  [17:10:50.248] [bbotk]  nrounds       eta max_depth classif.ce warnings errors runtime_learners
INFO  [17:10:50.248] [bbotk]      183 0.1690279         8 0.07917556        0      0            0.519
INFO  [17:10:50.248] [bbotk]                                 uhash
INFO  [17:10:50.248] [bbotk]  12d526b3-0467-48b1-9923-74e1a0aa30a5
INFO  [17:10:50.259] [bbotk] Evaluating 1 configuration(s)
INFO  [17:10:51.003] [bbotk] Result of batch 4:
INFO  [17:10:51.004] [bbotk]  nrounds       eta max_depth classif.ce warnings errors runtime_learners
INFO  [17:10:51.004] [bbotk]      298 0.2075695         8 0.08017958        0      0            0.676
INFO  [17:10:51.004] [bbotk]                                 uhash
INFO  [17:10:51.004] [bbotk]  53564892-cb74-4b88-ae3a-1819c383259e
INFO  [17:10:51.008] [bbotk] Evaluating 1 configuration(s)
INFO  [17:10:51.377] [bbotk] Result of batch 5:
INFO  [17:10:51.379] [bbotk]  nrounds       eta max_depth classif.ce warnings errors runtime_learners
INFO  [17:10:51.379] [bbotk]       86 0.0477797         9 0.07014846        0      0            0.333
INFO  [17:10:51.379] [bbotk]                                 uhash
INFO  [17:10:51.379] [bbotk]  99c83270-81fc-40ae-87b3-f8999bcf5c25
INFO  [17:10:51.388] [bbotk] Evaluating 1 configuration(s)
INFO  [17:10:51.837] [bbotk] Result of batch 6:
INFO  [17:10:51.838] [bbotk]  nrounds       eta max_depth classif.ce warnings errors runtime_learners
INFO  [17:10:51.838] [bbotk]      177 0.2819155         8 0.07917255        0      0            0.397
INFO  [17:10:51.838] [bbotk]                                 uhash
INFO  [17:10:51.838] [bbotk]  9b59d278-6952-4293-b8fc-2c159a351128
INFO  [17:10:51.843] [bbotk] Evaluating 1 configuration(s)
INFO  [17:10:52.157] [bbotk] Result of batch 7:
INFO  [17:10:52.159] [bbotk]  nrounds        eta max_depth classif.ce warnings errors runtime_learners
INFO  [17:10:52.159] [bbotk]      124 0.03313857         4 0.06012036        0      0             0.27
INFO  [17:10:52.159] [bbotk]                                 uhash
INFO  [17:10:52.159] [bbotk]  5aab8350-4b5a-4bc8-8131-b9d03c97e50c
INFO  [17:10:52.170] [bbotk] Evaluating 1 configuration(s)
INFO  [17:10:52.432] [bbotk] Result of batch 8:
INFO  [17:10:52.435] [bbotk]  nrounds       eta max_depth classif.ce warnings errors runtime_learners
INFO  [17:10:52.435] [bbotk]      224 0.1888539         2  0.0761605        0      0            0.226
INFO  [17:10:52.435] [bbotk]                                 uhash
INFO  [17:10:52.435] [bbotk]  ea242f50-d27c-4684-b1e3-40167ca82eda
INFO  [17:10:52.449] [bbotk] Evaluating 1 configuration(s)
INFO  [17:10:52.910] [bbotk] Result of batch 9:
INFO  [17:10:52.911] [bbotk]  nrounds       eta max_depth classif.ce warnings errors runtime_learners
INFO  [17:10:52.911] [bbotk]      214 0.2970352         7  0.0831856        0      0            0.435
INFO  [17:10:52.911] [bbotk]                                 uhash
INFO  [17:10:52.911] [bbotk]  7d97e22a-caa2-4a3e-b197-5e6fba31d33f
INFO  [17:10:52.914] [bbotk] Evaluating 1 configuration(s)
INFO  [17:10:53.277] [bbotk] Result of batch 10:
INFO  [17:10:53.278] [bbotk]  nrounds       eta max_depth classif.ce warnings errors runtime_learners
INFO  [17:10:53.278] [bbotk]      126 0.1376923         8 0.07817155        0      0            0.314
INFO  [17:10:53.278] [bbotk]                                 uhash
INFO  [17:10:53.278] [bbotk]  2547ea1b-deb2-42d3-b5c6-ec7e18dd0084
INFO  [17:10:53.286] [bbotk] Finished optimizing after 10 evaluation(s)
INFO  [17:10:53.287] [bbotk] Result:
INFO  [17:10:53.287] [bbotk]  nrounds        eta max_depth learner_param_vals  x_domain classif.ce
INFO  [17:10:53.287] [bbotk]    <int>      <num>     <int>             <list>    <list>      <num>
INFO  [17:10:53.287] [bbotk]      124 0.03313857         4          <list[5]> <list[3]> 0.06012036
[1] -22.68599
[1] 53.56987
[1] 1.476035
[1] 57.70915
[1] 0.1008611
[1] 41.14568
[1] -25.90254
[1] 43.12626
[1] -108.5021
[1] 28.66263

### [bt]: Job terminated successfully [batchtools job.id=2323]
### [bt]: Starting job [batchtools job.id=2324]
### [bt]: Generating problem instance for problem 'a63d756aec4c60c1' ...
### [bt]: Applying algorithm 'run_learner' on problem 'a63d756aec4c60c1' for job 2324 (seed = 2325) ...
INFO  [17:10:54.068] [mlr3] Applying learner 'classif.xgboost.tuned_calib.tunefirst.perfold_beta' on task 'pc1' (iter 4/10)
INFO  [17:10:54.107] [bbotk] Starting to optimize 3 parameter(s) with '<OptimizerBatchRandomSearch>' and '<TerminatorEvals> [n_evals=10, k=0]'
INFO  [17:10:54.123] [bbotk] Evaluating 1 configuration(s)
INFO  [17:10:54.612] [bbotk] Result of batch 1:
INFO  [17:10:54.614] [bbotk]  nrounds       eta max_depth classif.ce warnings errors runtime_learners
INFO  [17:10:54.614] [bbotk]      199 0.2575132        10 0.07315448        0      0            0.442
INFO  [17:10:54.614] [bbotk]                                 uhash
INFO  [17:10:54.614] [bbotk]  5238ded5-4f5f-4835-8d9f-bbde7cf48462
INFO  [17:10:54.621] [bbotk] Evaluating 1 configuration(s)
INFO  [17:10:55.318] [bbotk] Result of batch 2:
INFO  [17:10:55.320] [bbotk]  nrounds        eta max_depth classif.ce warnings errors runtime_learners
INFO  [17:10:55.320] [bbotk]      203 0.02776601        10 0.06814344        0      0             0.66
INFO  [17:10:55.320] [bbotk]                                 uhash
INFO  [17:10:55.320] [bbotk]  9ce83c37-2278-4c1c-95cd-55460d01cd8e
INFO  [17:10:55.327] [bbotk] Evaluating 1 configuration(s)
INFO  [17:10:56.159] [bbotk] Result of batch 3:
INFO  [17:10:56.162] [bbotk]  nrounds        eta max_depth classif.ce warnings errors runtime_learners
INFO  [17:10:56.162] [bbotk]      259 0.02210755         9 0.06614144        0      0            0.782
INFO  [17:10:56.162] [bbotk]                                 uhash
INFO  [17:10:56.162] [bbotk]  080cda8e-4fa9-4406-b7cf-6f94551b9abc
INFO  [17:10:56.166] [bbotk] Evaluating 1 configuration(s)
INFO  [17:10:56.548] [bbotk] Result of batch 4:
INFO  [17:10:56.550] [bbotk]  nrounds        eta max_depth classif.ce warnings errors runtime_learners
INFO  [17:10:56.550] [bbotk]      136 0.09805952         6 0.06914746        0      0            0.333
INFO  [17:10:56.550] [bbotk]                                 uhash
INFO  [17:10:56.550] [bbotk]  d7d2cdfe-9e2a-4deb-8ad9-e05325c5082a
INFO  [17:10:56.554] [bbotk] Evaluating 1 configuration(s)
INFO  [17:10:57.185] [bbotk] Result of batch 5:
INFO  [17:10:57.186] [bbotk]  nrounds       eta max_depth classif.ce warnings errors runtime_learners
INFO  [17:10:57.186] [bbotk]      288 0.2739426         9 0.07114645        0      0            0.599
INFO  [17:10:57.186] [bbotk]                                 uhash
INFO  [17:10:57.186] [bbotk]  ad839a8e-a6ba-40f2-be62-e74ef6ace490
INFO  [17:10:57.190] [bbotk] Evaluating 1 configuration(s)
INFO  [17:10:57.569] [bbotk] Result of batch 6:
INFO  [17:10:57.570] [bbotk]  nrounds       eta max_depth classif.ce warnings errors runtime_learners
INFO  [17:10:57.570] [bbotk]      135 0.1694946         8 0.06914445        0      0            0.349
INFO  [17:10:57.570] [bbotk]                                 uhash
INFO  [17:10:57.570] [bbotk]  7ffa610b-7e61-418e-a3a9-639d9e4e99a4
INFO  [17:10:57.579] [bbotk] Evaluating 1 configuration(s)
INFO  [17:10:58.223] [bbotk] Result of batch 7:
INFO  [17:10:58.224] [bbotk]  nrounds       eta max_depth classif.ce warnings errors runtime_learners
INFO  [17:10:58.224] [bbotk]      299 0.1570571         6 0.07315146        0      0            0.604
INFO  [17:10:58.224] [bbotk]                                 uhash
INFO  [17:10:58.224] [bbotk]  bd8e62f4-b820-40ff-af55-0be5b41cb603
INFO  [17:10:58.228] [bbotk] Evaluating 1 configuration(s)
INFO  [17:10:58.621] [bbotk] Result of batch 8:
INFO  [17:10:58.623] [bbotk]  nrounds      eta max_depth classif.ce warnings errors runtime_learners
INFO  [17:10:58.623] [bbotk]      215 0.189152         4 0.07115248        0      0            0.353
INFO  [17:10:58.623] [bbotk]                                 uhash
INFO  [17:10:58.623] [bbotk]  f7a3cb89-efe1-4e0e-87a0-26838d5530a0
INFO  [17:10:58.628] [bbotk] Evaluating 1 configuration(s)
INFO  [17:10:59.021] [bbotk] Result of batch 9:
INFO  [17:10:59.022] [bbotk]  nrounds        eta max_depth classif.ce warnings errors runtime_learners
INFO  [17:10:59.022] [bbotk]      145 0.05793595         6 0.06714244        0      0            0.354
INFO  [17:10:59.022] [bbotk]                                 uhash
INFO  [17:10:59.022] [bbotk]  e3eedb77-ca66-42ac-8e8e-11a590176c21
INFO  [17:10:59.031] [bbotk] Evaluating 1 configuration(s)
INFO  [17:10:59.323] [bbotk] Result of batch 10:
INFO  [17:10:59.324] [bbotk]  nrounds        eta max_depth classif.ce warnings errors runtime_learners
INFO  [17:10:59.324] [bbotk]      108 0.05445901         5 0.06714244        0      0            0.246
INFO  [17:10:59.324] [bbotk]                                 uhash
INFO  [17:10:59.324] [bbotk]  f997a25b-e636-4158-a654-6ef9991f916d
INFO  [17:10:59.332] [bbotk] Finished optimizing after 10 evaluation(s)
INFO  [17:10:59.332] [bbotk] Result:
INFO  [17:10:59.333] [bbotk]  nrounds        eta max_depth learner_param_vals  x_domain classif.ce
INFO  [17:10:59.333] [bbotk]    <int>      <num>     <int>             <list>    <list>      <num>
INFO  [17:10:59.333] [bbotk]      259 0.02210755         9          <list[5]> <list[3]> 0.06614144
[1] -66.03779
[1] 21.88698
[1] 0.02464894
[1] 46.19062
[1] 1.107823
[1] 42.32959
[1] 0.2697349
[1] 32.48231
[1] 0.6175201
[1] 35.73596

### [bt]: Job terminated successfully [batchtools job.id=2324]
### [bt]: Starting job [batchtools job.id=2325]
### [bt]: Generating problem instance for problem 'a63d756aec4c60c1' ...
### [bt]: Applying algorithm 'run_learner' on problem 'a63d756aec4c60c1' for job 2325 (seed = 2326) ...
INFO  [17:11:01.658] [mlr3] Applying learner 'classif.xgboost.tuned_calib.tunefirst.perfold_beta' on task 'pc1' (iter 5/10)
INFO  [17:11:01.700] [bbotk] Starting to optimize 3 parameter(s) with '<OptimizerBatchRandomSearch>' and '<TerminatorEvals> [n_evals=10, k=0]'
INFO  [17:11:01.722] [bbotk] Evaluating 1 configuration(s)
INFO  [17:11:02.698] [bbotk] Result of batch 1:
INFO  [17:11:02.701] [bbotk]  nrounds        eta max_depth classif.ce warnings errors runtime_learners
INFO  [17:11:02.701] [bbotk]      287 0.09879966         7 0.07214142        0      0            0.837
INFO  [17:11:02.701] [bbotk]                                 uhash
INFO  [17:11:02.701] [bbotk]  134ff24d-b9b1-4c95-80ed-d64f4c480fc5
INFO  [17:11:02.710] [bbotk] Evaluating 1 configuration(s)
INFO  [17:11:03.445] [bbotk] Result of batch 2:
INFO  [17:11:03.446] [bbotk]  nrounds       eta max_depth classif.ce warnings errors runtime_learners
INFO  [17:11:03.446] [bbotk]      288 0.2124503         4 0.07514141        0      0            0.665
INFO  [17:11:03.446] [bbotk]                                 uhash
INFO  [17:11:03.446] [bbotk]  5b0c0b66-bd09-438d-88b0-9f3c0954f1bd
INFO  [17:11:03.451] [bbotk] Evaluating 1 configuration(s)
INFO  [17:11:04.037] [bbotk] Result of batch 3:
INFO  [17:11:04.038] [bbotk]  nrounds       eta max_depth classif.ce warnings errors runtime_learners
INFO  [17:11:04.038] [bbotk]      179 0.2171129         9 0.07614542        0      0            0.532
INFO  [17:11:04.038] [bbotk]                                 uhash
INFO  [17:11:04.038] [bbotk]  2ad82d7e-224f-48af-9a27-3cc6629875f9
INFO  [17:11:04.042] [bbotk] Evaluating 1 configuration(s)
INFO  [17:11:04.725] [bbotk] Result of batch 4:
INFO  [17:11:04.727] [bbotk]  nrounds       eta max_depth classif.ce warnings errors runtime_learners
INFO  [17:11:04.727] [bbotk]      236 0.1905803         7 0.07314242        0      0            0.631
INFO  [17:11:04.727] [bbotk]                                 uhash
INFO  [17:11:04.727] [bbotk]  628abaff-2e7e-4637-88ec-1fe7333e7292
INFO  [17:11:04.734] [bbotk] Evaluating 1 configuration(s)
INFO  [17:11:04.915] [bbotk] Result of batch 5:
INFO  [17:11:04.916] [bbotk]  nrounds        eta max_depth classif.ce warnings errors runtime_learners
INFO  [17:11:04.916] [bbotk]       92 0.05950867         2 0.06514044        0      0            0.142
INFO  [17:11:04.916] [bbotk]                                 uhash
INFO  [17:11:04.916] [bbotk]  dbba5d19-ec56-4b68-ba4b-03a4220685cd
INFO  [17:11:04.920] [bbotk] Evaluating 1 configuration(s)
INFO  [17:11:05.399] [bbotk] Result of batch 6:
INFO  [17:11:05.401] [bbotk]  nrounds      eta max_depth classif.ce warnings errors runtime_learners
INFO  [17:11:05.401] [bbotk]      251 0.130263         3 0.07614542        0      0             0.43
INFO  [17:11:05.401] [bbotk]                                 uhash
INFO  [17:11:05.401] [bbotk]  81d6adfc-044b-4030-be96-10214da099c2
INFO  [17:11:05.411] [bbotk] Evaluating 1 configuration(s)
INFO  [17:11:05.767] [bbotk] Result of batch 7:
INFO  [17:11:05.769] [bbotk]  nrounds       eta max_depth classif.ce warnings errors runtime_learners
INFO  [17:11:05.769] [bbotk]      118 0.2734396         7 0.06813741        0      0            0.305
INFO  [17:11:05.769] [bbotk]                                 uhash
INFO  [17:11:05.769] [bbotk]  49038eb0-b595-47a4-a8d1-150e2ec540b4
INFO  [17:11:05.776] [bbotk] Evaluating 1 configuration(s)
INFO  [17:11:06.441] [bbotk] Result of batch 8:
INFO  [17:11:06.443] [bbotk]  nrounds       eta max_depth classif.ce warnings errors runtime_learners
INFO  [17:11:06.443] [bbotk]      182 0.1495975         8  0.0671334        0      0            0.613
INFO  [17:11:06.443] [bbotk]                                 uhash
INFO  [17:11:06.443] [bbotk]  880ba182-705b-403b-bb53-087117800fa7
INFO  [17:11:06.452] [bbotk] Evaluating 1 configuration(s)
INFO  [17:11:06.820] [bbotk] Result of batch 9:
INFO  [17:11:06.821] [bbotk]  nrounds       eta max_depth classif.ce warnings errors runtime_learners
INFO  [17:11:06.821] [bbotk]       90 0.0293752         8 0.06012338        0      0            0.329
INFO  [17:11:06.821] [bbotk]                                 uhash
INFO  [17:11:06.821] [bbotk]  eeaeb28d-b39d-46e9-89b7-ade3ad293daf
INFO  [17:11:06.826] [bbotk] Evaluating 1 configuration(s)
INFO  [17:11:07.067] [bbotk] Result of batch 10:
INFO  [17:11:07.070] [bbotk]  nrounds       eta max_depth classif.ce warnings errors runtime_learners
INFO  [17:11:07.070] [bbotk]      150 0.2594651         2 0.07514744        0      0            0.181
INFO  [17:11:07.070] [bbotk]                                 uhash
INFO  [17:11:07.070] [bbotk]  92125753-8914-4ed4-8882-c864f456637b
INFO  [17:11:07.079] [bbotk] Finished optimizing after 10 evaluation(s)
INFO  [17:11:07.079] [bbotk] Result:
INFO  [17:11:07.080] [bbotk]  nrounds       eta max_depth learner_param_vals  x_domain classif.ce
INFO  [17:11:07.080] [bbotk]    <int>     <num>     <int>             <list>    <list>      <num>
INFO  [17:11:07.080] [bbotk]       90 0.0293752         8          <list[5]> <list[3]> 0.06012338
[1] -54.48736
[1] 43.37472
[1] 1.229006
[1] 64.86212
[1] 1.254981
[1] 63.46907
[1] -0.004089225
[1] 43.24037
Warning in value[[3L]](cond) :
  beta_calibration failed: uniroot endpoint sign mismatch.
This happened PipeOp classif.xgboost's $train()
[1] -141.6897
[1] 0.2851044

### [bt]: Job terminated successfully [batchtools job.id=2325]
### [bt]: Calculation finished!
