### [bt]: This is batchtools v0.9.17
### [bt]: Starting calculation of 5 jobs
### [bt]: Setting working directory to '/Users/User/Documents/Studium/Semester8/Hiwi/mlr3calibration/vignettes'
### [bt]: Memory measurement disabled
### [bt]: Starting job [batchtools job.id=3086]
### [bt]: Generating problem instance for problem '6390d9e81da17366' ...
### [bt]: Applying algorithm 'run_learner' on problem '6390d9e81da17366' for job 3086 (seed = 3087) ...
INFO  [17:28:27.754] [mlr3] Applying learner 'classif.xgboost.tuned_calib.tunefirst.oof_isotonic' on task 'qsar-biodeg' (iter 6/10)
INFO  [17:28:27.787] [bbotk] Starting to optimize 3 parameter(s) with '<OptimizerBatchRandomSearch>' and '<TerminatorEvals> [n_evals=10, k=0]'
INFO  [17:28:27.796] [bbotk] Evaluating 1 configuration(s)
INFO  [17:28:28.592] [bbotk] Result of batch 1:
INFO  [17:28:28.594] [bbotk]  nrounds       eta max_depth classif.ce warnings errors runtime_learners
INFO  [17:28:28.594] [bbotk]      206 0.2977302         7  0.1410507        0      0            0.729
INFO  [17:28:28.594] [bbotk]                                 uhash
INFO  [17:28:28.594] [bbotk]  36861245-3119-4540-bdba-5643e277c8c8
INFO  [17:28:28.602] [bbotk] Evaluating 1 configuration(s)
INFO  [17:28:28.848] [bbotk] Result of batch 2:
INFO  [17:28:28.849] [bbotk]  nrounds       eta max_depth classif.ce warnings errors runtime_learners
INFO  [17:28:28.849] [bbotk]      110 0.1828392         2  0.1379128        0      0            0.213
INFO  [17:28:28.849] [bbotk]                                 uhash
INFO  [17:28:28.849] [bbotk]  6576246d-016a-4543-b6b5-2d97120eaf87
INFO  [17:28:28.856] [bbotk] Evaluating 1 configuration(s)
INFO  [17:28:29.561] [bbotk] Result of batch 3:
INFO  [17:28:29.562] [bbotk]  nrounds       eta max_depth classif.ce warnings errors runtime_learners
INFO  [17:28:29.562] [bbotk]      109 0.1666015         6  0.1431504        0      0            0.636
INFO  [17:28:29.562] [bbotk]                                 uhash
INFO  [17:28:29.562] [bbotk]  963dffb8-0239-4b46-aacc-75d3318237e4
INFO  [17:28:29.573] [bbotk] Evaluating 1 configuration(s)
INFO  [17:28:30.539] [bbotk] Result of batch 4:
INFO  [17:28:30.541] [bbotk]  nrounds      eta max_depth classif.ce warnings errors runtime_learners
INFO  [17:28:30.541] [bbotk]      213 0.171053         5  0.1410474        0      0            0.926
INFO  [17:28:30.541] [bbotk]                                 uhash
INFO  [17:28:30.541] [bbotk]  fc210870-e448-418f-a29b-e19808b7ee34
INFO  [17:28:30.548] [bbotk] Evaluating 1 configuration(s)
INFO  [17:28:30.859] [bbotk] Result of batch 5:
INFO  [17:28:30.860] [bbotk]  nrounds        eta max_depth classif.ce warnings errors runtime_learners
INFO  [17:28:30.860] [bbotk]      132 0.06634187         2  0.1368546        0      0            0.275
INFO  [17:28:30.860] [bbotk]                                 uhash
INFO  [17:28:30.860] [bbotk]  74b31da4-bc6f-4dbd-8f7c-78752bbe43aa
INFO  [17:28:30.864] [bbotk] Evaluating 1 configuration(s)
INFO  [17:28:31.877] [bbotk] Result of batch 6:
INFO  [17:28:31.878] [bbotk]  nrounds       eta max_depth classif.ce warnings errors runtime_learners
INFO  [17:28:31.878] [bbotk]      268 0.2031322         5  0.1452535        0      0            0.974
INFO  [17:28:31.878] [bbotk]                                 uhash
INFO  [17:28:31.878] [bbotk]  bb61abd9-bf0d-4955-82fe-2806d1db3929
INFO  [17:28:31.882] [bbotk] Evaluating 1 configuration(s)
INFO  [17:28:32.776] [bbotk] Result of batch 7:
INFO  [17:28:32.778] [bbotk]  nrounds       eta max_depth classif.ce warnings errors runtime_learners
INFO  [17:28:32.778] [bbotk]      221 0.2665303         8  0.1420989        0      0            0.858
INFO  [17:28:32.778] [bbotk]                                 uhash
INFO  [17:28:32.778] [bbotk]  59ce3a10-7e46-48aa-b016-0bfd4ca9cb41
INFO  [17:28:32.783] [bbotk] Evaluating 1 configuration(s)
INFO  [17:28:33.596] [bbotk] Result of batch 8:
INFO  [17:28:33.597] [bbotk]  nrounds       eta max_depth classif.ce warnings errors runtime_learners
INFO  [17:28:33.597] [bbotk]      241 0.2649329         4  0.1410474        0      0            0.759
INFO  [17:28:33.597] [bbotk]                                 uhash
INFO  [17:28:33.597] [bbotk]  f3cc0034-ffa8-4c48-9bac-b4b058a1d94b
INFO  [17:28:33.604] [bbotk] Evaluating 1 configuration(s)
INFO  [17:28:34.509] [bbotk] Result of batch 9:
INFO  [17:28:34.511] [bbotk]  nrounds       eta max_depth classif.ce warnings errors runtime_learners
INFO  [17:28:34.511] [bbotk]      151 0.1572594         8  0.1431571        0      0             0.84
INFO  [17:28:34.511] [bbotk]                                 uhash
INFO  [17:28:34.511] [bbotk]  051a1d98-32c0-4a7d-803a-938951a7877e
INFO  [17:28:34.521] [bbotk] Evaluating 1 configuration(s)
INFO  [17:28:36.343] [bbotk] Result of batch 10:
INFO  [17:28:36.344] [bbotk]  nrounds        eta max_depth classif.ce warnings errors runtime_learners
INFO  [17:28:36.344] [bbotk]      288 0.06093828         8  0.1378895        0      0            1.774
INFO  [17:28:36.344] [bbotk]                                 uhash
INFO  [17:28:36.344] [bbotk]  a7366a7f-a458-4f9f-a4d4-ca6d675830c2
INFO  [17:28:36.352] [bbotk] Finished optimizing after 10 evaluation(s)
INFO  [17:28:36.353] [bbotk] Result:
INFO  [17:28:36.355] [bbotk]  nrounds        eta max_depth learner_param_vals  x_domain classif.ce
INFO  [17:28:36.355] [bbotk]    <int>      <num>     <int>             <list>    <list>      <num>
INFO  [17:28:36.355] [bbotk]      132 0.06634187         2          <list[5]> <list[3]>  0.1368546

### [bt]: Job terminated successfully [batchtools job.id=3086]
### [bt]: Starting job [batchtools job.id=3087]
### [bt]: Generating problem instance for problem '6390d9e81da17366' ...
### [bt]: Applying algorithm 'run_learner' on problem '6390d9e81da17366' for job 3087 (seed = 3088) ...
INFO  [17:28:37.037] [mlr3] Applying learner 'classif.xgboost.tuned_calib.tunefirst.oof_isotonic' on task 'qsar-biodeg' (iter 7/10)
INFO  [17:28:37.101] [bbotk] Starting to optimize 3 parameter(s) with '<OptimizerBatchRandomSearch>' and '<TerminatorEvals> [n_evals=10, k=0]'
INFO  [17:28:37.119] [bbotk] Evaluating 1 configuration(s)
INFO  [17:28:37.769] [bbotk] Result of batch 1:
INFO  [17:28:37.770] [bbotk]  nrounds       eta max_depth classif.ce warnings errors runtime_learners
INFO  [17:28:37.770] [bbotk]      213 0.1139309         3  0.1336801        0      0            0.616
INFO  [17:28:37.770] [bbotk]                                 uhash
INFO  [17:28:37.770] [bbotk]  9b8b750e-d27b-49b0-bd7c-9976cee4e99f
INFO  [17:28:37.776] [bbotk] Evaluating 1 configuration(s)
INFO  [17:28:39.005] [bbotk] Result of batch 2:
INFO  [17:28:39.007] [bbotk]  nrounds       eta max_depth classif.ce warnings errors runtime_learners
INFO  [17:28:39.007] [bbotk]      296 0.1815426        10  0.1378795        0      0            1.172
INFO  [17:28:39.007] [bbotk]                                 uhash
INFO  [17:28:39.007] [bbotk]  fe58dd99-8242-4af1-b96a-245e9c912854
INFO  [17:28:39.013] [bbotk] Evaluating 1 configuration(s)
INFO  [17:28:39.871] [bbotk] Result of batch 3:
INFO  [17:28:39.872] [bbotk]  nrounds       eta max_depth classif.ce warnings errors runtime_learners
INFO  [17:28:39.872] [bbotk]      202 0.2255203         9  0.1347283        0      0            0.824
INFO  [17:28:39.872] [bbotk]                                 uhash
INFO  [17:28:39.872] [bbotk]  806c0414-ba8b-4148-9b38-d6cf54e9d2ad
INFO  [17:28:39.876] [bbotk] Evaluating 1 configuration(s)
INFO  [17:28:41.027] [bbotk] Result of batch 4:
INFO  [17:28:41.029] [bbotk]  nrounds      eta max_depth classif.ce warnings errors runtime_learners
INFO  [17:28:41.029] [bbotk]      265 0.154205         6  0.1347283        0      0            1.109
INFO  [17:28:41.029] [bbotk]                                 uhash
INFO  [17:28:41.029] [bbotk]  49585814-b58d-4100-b3ee-89e1cc2a8e5e
INFO  [17:28:41.041] [bbotk] Evaluating 1 configuration(s)
INFO  [17:28:42.114] [bbotk] Result of batch 5:
INFO  [17:28:42.115] [bbotk]  nrounds       eta max_depth classif.ce warnings errors runtime_learners
INFO  [17:28:42.115] [bbotk]      258 0.2359992         7  0.1284125        0      0            1.028
INFO  [17:28:42.115] [bbotk]                                 uhash
INFO  [17:28:42.115] [bbotk]  543fd631-4e46-493f-9e5b-2e623cf625e3
INFO  [17:28:42.119] [bbotk] Evaluating 1 configuration(s)
INFO  [17:28:42.711] [bbotk] Result of batch 6:
INFO  [17:28:42.712] [bbotk]  nrounds       eta max_depth classif.ce warnings errors runtime_learners
INFO  [17:28:42.712] [bbotk]      113 0.2596692         7  0.1336601        0      0            0.547
INFO  [17:28:42.712] [bbotk]                                 uhash
INFO  [17:28:42.712] [bbotk]  941289b1-0795-4185-9cc0-d543ca97c6a1
INFO  [17:28:42.794] [bbotk] Evaluating 1 configuration(s)
INFO  [17:28:43.482] [bbotk] Result of batch 7:
INFO  [17:28:43.483] [bbotk]  nrounds       eta max_depth classif.ce warnings errors runtime_learners
INFO  [17:28:43.483] [bbotk]      184 0.2803578         4  0.1326219        0      0            0.639
INFO  [17:28:43.483] [bbotk]                                 uhash
INFO  [17:28:43.483] [bbotk]  4be890ac-68a2-42b3-a5fa-c78ad9331066
INFO  [17:28:43.487] [bbotk] Evaluating 1 configuration(s)
INFO  [17:28:44.676] [bbotk] Result of batch 8:
INFO  [17:28:44.677] [bbotk]  nrounds      eta max_depth classif.ce warnings errors runtime_learners
INFO  [17:28:44.677] [bbotk]      292 0.231449        10  0.1263094        0      0            1.147
INFO  [17:28:44.677] [bbotk]                                 uhash
INFO  [17:28:44.677] [bbotk]  e07d73a6-1ac7-49e3-bca6-ed3f5ce0a19c
INFO  [17:28:44.686] [bbotk] Evaluating 1 configuration(s)
INFO  [17:28:45.654] [bbotk] Result of batch 9:
INFO  [17:28:45.655] [bbotk]  nrounds       eta max_depth classif.ce warnings errors runtime_learners
INFO  [17:28:45.655] [bbotk]      220 0.2828904         8  0.1231382        0      0            0.911
INFO  [17:28:45.655] [bbotk]                                 uhash
INFO  [17:28:45.655] [bbotk]  46330a3d-9d1b-422d-9e00-b88126c01be1
INFO  [17:28:45.660] [bbotk] Evaluating 1 configuration(s)
INFO  [17:28:45.821] [bbotk] Result of batch 10:
INFO  [17:28:45.822] [bbotk]  nrounds       eta max_depth classif.ce warnings errors runtime_learners
INFO  [17:28:45.822] [bbotk]       71 0.1799726         2  0.1378828        0      0            0.121
INFO  [17:28:45.822] [bbotk]                                 uhash
INFO  [17:28:45.822] [bbotk]  c660cf05-e6e2-401a-8268-6f330ad8bc4a
INFO  [17:28:45.831] [bbotk] Finished optimizing after 10 evaluation(s)
INFO  [17:28:45.831] [bbotk] Result:
INFO  [17:28:45.832] [bbotk]  nrounds       eta max_depth learner_param_vals  x_domain classif.ce
INFO  [17:28:45.832] [bbotk]    <int>     <num>     <int>             <list>    <list>      <num>
INFO  [17:28:45.832] [bbotk]      220 0.2828904         8          <list[5]> <list[3]>  0.1231382

### [bt]: Job terminated successfully [batchtools job.id=3087]
### [bt]: Starting job [batchtools job.id=3088]
### [bt]: Generating problem instance for problem '6390d9e81da17366' ...
### [bt]: Applying algorithm 'run_learner' on problem '6390d9e81da17366' for job 3088 (seed = 3089) ...
INFO  [17:28:48.177] [mlr3] Applying learner 'classif.xgboost.tuned_calib.tunefirst.oof_isotonic' on task 'qsar-biodeg' (iter 8/10)
INFO  [17:28:48.235] [bbotk] Starting to optimize 3 parameter(s) with '<OptimizerBatchRandomSearch>' and '<TerminatorEvals> [n_evals=10, k=0]'
INFO  [17:28:48.261] [bbotk] Evaluating 1 configuration(s)
INFO  [17:28:49.784] [bbotk] Result of batch 1:
INFO  [17:28:49.786] [bbotk]  nrounds        eta max_depth classif.ce warnings errors runtime_learners
INFO  [17:28:49.786] [bbotk]      261 0.01452428         6  0.1378795        0      0            1.488
INFO  [17:28:49.786] [bbotk]                                 uhash
INFO  [17:28:49.786] [bbotk]  1991357e-8132-4293-a013-c68c793028d6
INFO  [17:28:49.794] [bbotk] Evaluating 1 configuration(s)
INFO  [17:28:50.349] [bbotk] Result of batch 2:
INFO  [17:28:50.351] [bbotk]  nrounds       eta max_depth classif.ce warnings errors runtime_learners
INFO  [17:28:50.351] [bbotk]      202 0.1135428         3   0.136808        0      0            0.503
INFO  [17:28:50.351] [bbotk]                                 uhash
INFO  [17:28:50.351] [bbotk]  4343e8c7-8b5c-491d-9e39-b5079f4e558a
INFO  [17:28:50.355] [bbotk] Evaluating 1 configuration(s)
INFO  [17:28:51.168] [bbotk] Result of batch 3:
INFO  [17:28:51.169] [bbotk]  nrounds        eta max_depth classif.ce warnings errors runtime_learners
INFO  [17:28:51.169] [bbotk]      226 0.08512521         4  0.1399792        0      0            0.782
INFO  [17:28:51.169] [bbotk]                                 uhash
INFO  [17:28:51.169] [bbotk]  0d007f7a-04e8-49a8-89ae-94a0eca631e0
INFO  [17:28:51.175] [bbotk] Evaluating 1 configuration(s)
INFO  [17:28:52.484] [bbotk] Result of batch 4:
INFO  [17:28:52.487] [bbotk]  nrounds       eta max_depth classif.ce warnings errors runtime_learners
INFO  [17:28:52.487] [bbotk]      228 0.1101739         9  0.1315704        0      0            1.245
INFO  [17:28:52.487] [bbotk]                                 uhash
INFO  [17:28:52.487] [bbotk]  b84f1367-8ad1-4478-9a0c-f0e4b5a420ab
INFO  [17:28:52.497] [bbotk] Evaluating 1 configuration(s)
INFO  [17:28:53.189] [bbotk] Result of batch 5:
INFO  [17:28:53.190] [bbotk]  nrounds       eta max_depth classif.ce warnings errors runtime_learners
INFO  [17:28:53.190] [bbotk]      140 0.2089314         5  0.1410308        0      0            0.654
INFO  [17:28:53.190] [bbotk]                                 uhash
INFO  [17:28:53.190] [bbotk]  e5902228-dbdc-4a31-8777-947349b39b6a
INFO  [17:28:53.204] [bbotk] Evaluating 1 configuration(s)
INFO  [17:28:53.471] [bbotk] Result of batch 6:
INFO  [17:28:53.477] [bbotk]  nrounds       eta max_depth classif.ce warnings errors runtime_learners
INFO  [17:28:53.477] [bbotk]       63 0.1917501         3  0.1378695        0      0            0.205
INFO  [17:28:53.477] [bbotk]                                 uhash
INFO  [17:28:53.477] [bbotk]  6ff4857a-65b8-4000-88f6-838580f3a591
INFO  [17:28:53.486] [bbotk] Evaluating 1 configuration(s)
INFO  [17:28:54.060] [bbotk] Result of batch 7:
INFO  [17:28:54.060] [bbotk]  nrounds       eta max_depth classif.ce warnings errors runtime_learners
INFO  [17:28:54.060] [bbotk]      156 0.2390909         9  0.1378762        0      0            0.534
INFO  [17:28:54.060] [bbotk]                                 uhash
INFO  [17:28:54.060] [bbotk]  9b4c63ef-1991-4e91-b46e-fa2cb55fe267
INFO  [17:28:54.064] [bbotk] Evaluating 1 configuration(s)
INFO  [17:28:54.745] [bbotk] Result of batch 8:
INFO  [17:28:54.747] [bbotk]  nrounds        eta max_depth classif.ce warnings errors runtime_learners
INFO  [17:28:54.747] [bbotk]      121 0.09784042         6  0.1326186        0      0            0.638
INFO  [17:28:54.747] [bbotk]                                 uhash
INFO  [17:28:54.747] [bbotk]  6ba2de2c-09ee-40da-baf7-babc300d0095
INFO  [17:28:54.751] [bbotk] Evaluating 1 configuration(s)
INFO  [17:28:56.049] [bbotk] Result of batch 9:
INFO  [17:28:56.051] [bbotk]  nrounds        eta max_depth classif.ce warnings errors runtime_learners
INFO  [17:28:56.051] [bbotk]      237 0.07519796         7  0.1336701        0      0             1.25
INFO  [17:28:56.051] [bbotk]                                 uhash
INFO  [17:28:56.051] [bbotk]  429aa1d3-e19d-4f22-a02e-0886d1cb5561
INFO  [17:28:56.059] [bbotk] Evaluating 1 configuration(s)
INFO  [17:28:57.155] [bbotk] Result of batch 10:
INFO  [17:28:57.158] [bbotk]  nrounds       eta max_depth classif.ce warnings errors runtime_learners
INFO  [17:28:57.158] [bbotk]      298 0.2474422         7  0.1410308        0      0            1.046
INFO  [17:28:57.158] [bbotk]                                 uhash
INFO  [17:28:57.158] [bbotk]  4d1c20b2-e747-4bd7-b5a7-cee420308f83
INFO  [17:28:57.175] [bbotk] Finished optimizing after 10 evaluation(s)
INFO  [17:28:57.175] [bbotk] Result:
INFO  [17:28:57.177] [bbotk]  nrounds       eta max_depth learner_param_vals  x_domain classif.ce
INFO  [17:28:57.177] [bbotk]    <int>     <num>     <int>             <list>    <list>      <num>
INFO  [17:28:57.177] [bbotk]      228 0.1101739         9          <list[5]> <list[3]>  0.1315704

### [bt]: Job terminated successfully [batchtools job.id=3088]
### [bt]: Starting job [batchtools job.id=3089]
### [bt]: Generating problem instance for problem '6390d9e81da17366' ...
### [bt]: Applying algorithm 'run_learner' on problem '6390d9e81da17366' for job 3089 (seed = 3090) ...
INFO  [17:29:00.323] [mlr3] Applying learner 'classif.xgboost.tuned_calib.tunefirst.oof_isotonic' on task 'qsar-biodeg' (iter 9/10)
INFO  [17:29:00.352] [bbotk] Starting to optimize 3 parameter(s) with '<OptimizerBatchRandomSearch>' and '<TerminatorEvals> [n_evals=10, k=0]'
INFO  [17:29:00.361] [bbotk] Evaluating 1 configuration(s)
INFO  [17:29:00.463] [bbotk] Result of batch 1:
INFO  [17:29:00.463] [bbotk]  nrounds       eta max_depth classif.ce warnings errors runtime_learners
INFO  [17:29:00.463] [bbotk]       57 0.1108114         2  0.1494596        0      0            0.079
INFO  [17:29:00.463] [bbotk]                                 uhash
INFO  [17:29:00.463] [bbotk]  84f88a1a-edfd-4bc6-b351-50f9ed91c61d
INFO  [17:29:00.467] [bbotk] Evaluating 1 configuration(s)
INFO  [17:29:01.242] [bbotk] Result of batch 2:
INFO  [17:29:01.243] [bbotk]  nrounds       eta max_depth classif.ce warnings errors runtime_learners
INFO  [17:29:01.243] [bbotk]      134 0.1001854         7  0.1399859        0      0             0.73
INFO  [17:29:01.243] [bbotk]                                 uhash
INFO  [17:29:01.243] [bbotk]  fe5ade88-96a8-4269-9cf9-215b9ff1f74a
INFO  [17:29:01.249] [bbotk] Evaluating 1 configuration(s)
INFO  [17:29:01.978] [bbotk] Result of batch 3:
INFO  [17:29:01.980] [bbotk]  nrounds        eta max_depth classif.ce warnings errors runtime_learners
INFO  [17:29:01.980] [bbotk]      200 0.08476275         4  0.1378695        0      0            0.689
INFO  [17:29:01.980] [bbotk]                                 uhash
INFO  [17:29:01.980] [bbotk]  0e32e697-d6b8-49b3-825d-c3edbc33b217
INFO  [17:29:01.989] [bbotk] Evaluating 1 configuration(s)
INFO  [17:29:02.743] [bbotk] Result of batch 4:
INFO  [17:29:02.744] [bbotk]  nrounds       eta max_depth classif.ce warnings errors runtime_learners
INFO  [17:29:02.744] [bbotk]      128 0.1281696         7  0.1431338        0      0              0.7
INFO  [17:29:02.744] [bbotk]                                 uhash
INFO  [17:29:02.744] [bbotk]  148ef521-2675-440a-ae57-ef7140971588
INFO  [17:29:02.750] [bbotk] Evaluating 1 configuration(s)
INFO  [17:29:03.520] [bbotk] Result of batch 5:
INFO  [17:29:03.521] [bbotk]  nrounds       eta max_depth classif.ce warnings errors runtime_learners
INFO  [17:29:03.521] [bbotk]      148 0.2467487         8  0.1389177        0      0            0.717
INFO  [17:29:03.521] [bbotk]                                 uhash
INFO  [17:29:03.521] [bbotk]  8983107a-38e4-4936-88a5-f35478c6e1b1
INFO  [17:29:03.526] [bbotk] Evaluating 1 configuration(s)
INFO  [17:29:04.189] [bbotk] Result of batch 6:
INFO  [17:29:04.190] [bbotk]  nrounds       eta max_depth classif.ce warnings errors runtime_learners
INFO  [17:29:04.190] [bbotk]      172 0.2995677         7  0.1336568        0      0            0.626
INFO  [17:29:04.190] [bbotk]                                 uhash
INFO  [17:29:04.190] [bbotk]  0ce18ab5-a216-4d57-8dc3-f13d8c8395a0
INFO  [17:29:04.194] [bbotk] Evaluating 1 configuration(s)
INFO  [17:29:04.369] [bbotk] Result of batch 7:
INFO  [17:29:04.370] [bbotk]  nrounds       eta max_depth classif.ce warnings errors runtime_learners
INFO  [17:29:04.370] [bbotk]      107 0.2904435         2  0.1378662        0      0             0.14
INFO  [17:29:04.370] [bbotk]                                 uhash
INFO  [17:29:04.370] [bbotk]  faa0f366-530b-4e2b-9abf-6a1ee31ffb94
INFO  [17:29:04.374] [bbotk] Evaluating 1 configuration(s)
INFO  [17:29:06.128] [bbotk] Result of batch 8:
INFO  [17:29:06.130] [bbotk]  nrounds        eta max_depth classif.ce warnings errors runtime_learners
INFO  [17:29:06.130] [bbotk]      250 0.05057095        10   0.138931        0      0            1.718
INFO  [17:29:06.130] [bbotk]                                 uhash
INFO  [17:29:06.130] [bbotk]  ac5a95c2-e1eb-48b6-bc95-4379c07b54ae
INFO  [17:29:06.139] [bbotk] Evaluating 1 configuration(s)
INFO  [17:29:06.340] [bbotk] Result of batch 9:
INFO  [17:29:06.343] [bbotk]  nrounds       eta max_depth classif.ce warnings errors runtime_learners
INFO  [17:29:06.343] [bbotk]       58 0.2273922         3  0.1431405        0      0            0.171
INFO  [17:29:06.343] [bbotk]                                 uhash
INFO  [17:29:06.343] [bbotk]  8e5df903-62dd-41e7-807d-eb0c077eb41f
INFO  [17:29:06.347] [bbotk] Evaluating 1 configuration(s)
INFO  [17:29:06.902] [bbotk] Result of batch 10:
INFO  [17:29:06.903] [bbotk]  nrounds        eta max_depth classif.ce warnings errors runtime_learners
INFO  [17:29:06.903] [bbotk]       78 0.03785679         7  0.1420923        0      0            0.514
INFO  [17:29:06.903] [bbotk]                                 uhash
INFO  [17:29:06.903] [bbotk]  0d0fb5d6-83eb-410f-8063-10cc2729e969
INFO  [17:29:06.918] [bbotk] Finished optimizing after 10 evaluation(s)
INFO  [17:29:06.919] [bbotk] Result:
INFO  [17:29:06.919] [bbotk]  nrounds       eta max_depth learner_param_vals  x_domain classif.ce
INFO  [17:29:06.919] [bbotk]    <int>     <num>     <int>             <list>    <list>      <num>
INFO  [17:29:06.919] [bbotk]      172 0.2995677         7          <list[5]> <list[3]>  0.1336568

### [bt]: Job terminated successfully [batchtools job.id=3089]
### [bt]: Starting job [batchtools job.id=3090]
### [bt]: Generating problem instance for problem '6390d9e81da17366' ...
### [bt]: Applying algorithm 'run_learner' on problem '6390d9e81da17366' for job 3090 (seed = 3091) ...
INFO  [17:29:08.932] [mlr3] Applying learner 'classif.xgboost.tuned_calib.tunefirst.oof_isotonic' on task 'qsar-biodeg' (iter 10/10)
INFO  [17:29:08.969] [bbotk] Starting to optimize 3 parameter(s) with '<OptimizerBatchRandomSearch>' and '<TerminatorEvals> [n_evals=10, k=0]'
INFO  [17:29:08.980] [bbotk] Evaluating 1 configuration(s)
INFO  [17:29:09.726] [bbotk] Result of batch 1:
INFO  [17:29:09.728] [bbotk]  nrounds       eta max_depth classif.ce warnings errors runtime_learners
INFO  [17:29:09.728] [bbotk]       95 0.1528885        10  0.1379061        0      0            0.685
INFO  [17:29:09.728] [bbotk]                                 uhash
INFO  [17:29:09.728] [bbotk]  bb06bdc1-1b51-4b54-b568-360194dd27c7
INFO  [17:29:09.733] [bbotk] Evaluating 1 configuration(s)
INFO  [17:29:11.047] [bbotk] Result of batch 2:
INFO  [17:29:11.050] [bbotk]  nrounds       eta max_depth classif.ce warnings errors runtime_learners
INFO  [17:29:11.050] [bbotk]      248 0.0933118         6  0.1400258        0      0            1.257
INFO  [17:29:11.050] [bbotk]                                 uhash
INFO  [17:29:11.050] [bbotk]  e4d533c4-fb70-4043-b87e-fcf3ca434e2e
INFO  [17:29:11.055] [bbotk] Evaluating 1 configuration(s)
INFO  [17:29:11.510] [bbotk] Result of batch 3:
INFO  [17:29:11.511] [bbotk]  nrounds        eta max_depth classif.ce warnings errors runtime_learners
INFO  [17:29:11.511] [bbotk]      141 0.09794621         3  0.1368646        0      0             0.41
INFO  [17:29:11.511] [bbotk]                                 uhash
INFO  [17:29:11.511] [bbotk]  9d23de14-b724-438a-929b-1dd95cad6fb7
INFO  [17:29:11.517] [bbotk] Evaluating 1 configuration(s)
INFO  [17:29:12.018] [bbotk] Result of batch 4:
INFO  [17:29:12.020] [bbotk]  nrounds       eta max_depth classif.ce warnings errors runtime_learners
INFO  [17:29:12.020] [bbotk]       97 0.2685669         6  0.1326485        0      0            0.459
INFO  [17:29:12.020] [bbotk]                                 uhash
INFO  [17:29:12.020] [bbotk]  88d0969e-8f33-4918-87f8-d92ecbf5db67
INFO  [17:29:12.029] [bbotk] Evaluating 1 configuration(s)
INFO  [17:29:13.055] [bbotk] Result of batch 5:
INFO  [17:29:13.057] [bbotk]  nrounds        eta max_depth classif.ce warnings errors runtime_learners
INFO  [17:29:13.057] [bbotk]      173 0.09791075         7  0.1400192        0      0            0.977
INFO  [17:29:13.057] [bbotk]                                 uhash
INFO  [17:29:13.057] [bbotk]  89437a10-47e3-460e-8a83-10b3d5df5587
INFO  [17:29:13.063] [bbotk] Evaluating 1 configuration(s)
INFO  [17:29:13.634] [bbotk] Result of batch 6:
INFO  [17:29:13.635] [bbotk]  nrounds       eta max_depth classif.ce warnings errors runtime_learners
INFO  [17:29:13.635] [bbotk]      114 0.2192028         5  0.1368613        0      0            0.537
INFO  [17:29:13.635] [bbotk]                                 uhash
INFO  [17:29:13.635] [bbotk]  d4c36389-448e-43e0-9487-9483883cfa71
INFO  [17:29:13.643] [bbotk] Evaluating 1 configuration(s)
INFO  [17:29:13.894] [bbotk] Result of batch 7:
INFO  [17:29:13.895] [bbotk]  nrounds       eta max_depth classif.ce warnings errors runtime_learners
INFO  [17:29:13.895] [bbotk]       98 0.2416576         2  0.1336934        0      0            0.204
INFO  [17:29:13.895] [bbotk]                                 uhash
INFO  [17:29:13.895] [bbotk]  25aecef3-ec35-4d80-a4d7-4ef445e036d2
INFO  [17:29:13.922] [bbotk] Evaluating 1 configuration(s)
INFO  [17:29:14.829] [bbotk] Result of batch 8:
INFO  [17:29:14.831] [bbotk]  nrounds        eta max_depth classif.ce warnings errors runtime_learners
INFO  [17:29:14.831] [bbotk]      188 0.03233113         5  0.1358231        0      0            0.842
INFO  [17:29:14.831] [bbotk]                                 uhash
INFO  [17:29:14.831] [bbotk]  06a6088f-3ed5-4bbc-982f-5d045db62675
INFO  [17:29:14.836] [bbotk] Evaluating 1 configuration(s)
INFO  [17:29:15.324] [bbotk] Result of batch 9:
INFO  [17:29:15.325] [bbotk]  nrounds       eta max_depth classif.ce warnings errors runtime_learners
INFO  [17:29:15.325] [bbotk]       78 0.1851319         8  0.1368579        0      0            0.441
INFO  [17:29:15.325] [bbotk]                                 uhash
INFO  [17:29:15.325] [bbotk]  5f7b130c-2c60-4279-864d-4540124ea866
INFO  [17:29:15.329] [bbotk] Evaluating 1 configuration(s)
INFO  [17:29:16.720] [bbotk] Result of batch 10:
INFO  [17:29:16.721] [bbotk]  nrounds       eta max_depth classif.ce warnings errors runtime_learners
INFO  [17:29:16.721] [bbotk]      225 0.1074265        10  0.1358131        0      0             1.34
INFO  [17:29:16.721] [bbotk]                                 uhash
INFO  [17:29:16.721] [bbotk]  bea16e34-bb15-416d-be75-f01006caed48
INFO  [17:29:16.737] [bbotk] Finished optimizing after 10 evaluation(s)
INFO  [17:29:16.737] [bbotk] Result:
INFO  [17:29:16.738] [bbotk]  nrounds       eta max_depth learner_param_vals  x_domain classif.ce
INFO  [17:29:16.738] [bbotk]    <int>     <num>     <int>             <list>    <list>      <num>
INFO  [17:29:16.738] [bbotk]       97 0.2685669         6          <list[5]> <list[3]>  0.1326485

### [bt]: Job terminated successfully [batchtools job.id=3090]
### [bt]: Calculation finished!
