### [bt]: This is batchtools v0.9.17
### [bt]: Starting calculation of 5 jobs
### [bt]: Setting working directory to '/Users/User/Documents/Studium/Semester8/Hiwi/mlr3calibration/vignettes'
### [bt]: Memory measurement disabled
### [bt]: Starting job [batchtools job.id=2516]
### [bt]: Generating problem instance for problem '34d90df810f60583' ...
### [bt]: Applying algorithm 'run_learner' on problem '34d90df810f60583' for job 2516 (seed = 2517) ...
INFO  [17:12:25.604] [mlr3] Applying learner 'classif.ranger.tuned_calib.perfold_platt' on task 'phoneme' (iter 6/10)
INFO  [17:12:25.639] [bbotk] Starting to optimize 1 parameter(s) with '<OptimizerBatchRandomSearch>' and '<TerminatorEvals> [n_evals=3, k=0]'
INFO  [17:12:25.643] [bbotk] Evaluating 1 configuration(s)
INFO  [17:12:26.994] [bbotk] Result of batch 1:
INFO  [17:12:26.995] [bbotk]  num.trees classif.ce warnings errors runtime_learners
INFO  [17:12:26.995] [bbotk]        249  0.1146235        0      0            1.316
INFO  [17:12:26.995] [bbotk]                                 uhash
INFO  [17:12:26.995] [bbotk]  b83b5147-d188-486c-a79e-0d4567baa1b7
INFO  [17:12:27.004] [bbotk] Evaluating 1 configuration(s)
INFO  [17:12:27.657] [bbotk] Result of batch 2:
INFO  [17:12:27.658] [bbotk]  num.trees classif.ce warnings errors runtime_learners
INFO  [17:12:27.658] [bbotk]        133  0.1138525        0      0            0.609
INFO  [17:12:27.658] [bbotk]                                 uhash
INFO  [17:12:27.658] [bbotk]  3edfdbd0-6c04-4ab4-a952-a0b1d19d02d8
INFO  [17:12:27.660] [bbotk] Evaluating 1 configuration(s)
INFO  [17:12:28.661] [bbotk] Result of batch 3:
INFO  [17:12:28.662] [bbotk]  num.trees classif.ce warnings errors runtime_learners
INFO  [17:12:28.662] [bbotk]        180  0.1130815        0      0             0.96
INFO  [17:12:28.662] [bbotk]                                 uhash
INFO  [17:12:28.662] [bbotk]  734350f1-16f7-43e7-a49f-ec9f62aefa6e
INFO  [17:12:28.668] [bbotk] Finished optimizing after 3 evaluation(s)
INFO  [17:12:28.669] [bbotk] Result:
INFO  [17:12:28.669] [bbotk]  num.trees learner_param_vals  x_domain classif.ce
INFO  [17:12:28.669] [bbotk]      <int>             <list>    <list>      <num>
INFO  [17:12:28.669] [bbotk]        180          <list[2]> <list[1]>  0.1130815
INFO  [17:12:29.264] [bbotk] Starting to optimize 1 parameter(s) with '<OptimizerBatchRandomSearch>' and '<TerminatorEvals> [n_evals=3, k=0]'
INFO  [17:12:29.268] [bbotk] Evaluating 1 configuration(s)
INFO  [17:12:30.056] [bbotk] Result of batch 1:
INFO  [17:12:30.057] [bbotk]  num.trees classif.ce warnings errors runtime_learners
INFO  [17:12:30.057] [bbotk]        177  0.1161655        0      0            0.744
INFO  [17:12:30.057] [bbotk]                                 uhash
INFO  [17:12:30.057] [bbotk]  33b7ded4-35d6-4a8e-8660-c99fb34c75af
INFO  [17:12:30.059] [bbotk] Evaluating 1 configuration(s)
INFO  [17:12:32.160] [bbotk] Result of batch 2:
INFO  [17:12:32.161] [bbotk]  num.trees classif.ce warnings errors runtime_learners
INFO  [17:12:32.161] [bbotk]        363  0.1161655        0      0            2.071
INFO  [17:12:32.161] [bbotk]                                 uhash
INFO  [17:12:32.161] [bbotk]  0f6eb581-b0ad-46a9-8263-2c63aeb29405
INFO  [17:12:32.163] [bbotk] Evaluating 1 configuration(s)
INFO  [17:12:34.029] [bbotk] Result of batch 3:
INFO  [17:12:34.030] [bbotk]  num.trees classif.ce warnings errors runtime_learners
INFO  [17:12:34.030] [bbotk]        379  0.1174505        0      0            1.837
INFO  [17:12:34.030] [bbotk]                                 uhash
INFO  [17:12:34.030] [bbotk]  c452a9a0-d1a5-405c-9816-86b360e4f96b
INFO  [17:12:34.036] [bbotk] Finished optimizing after 3 evaluation(s)
INFO  [17:12:34.036] [bbotk] Result:
INFO  [17:12:34.037] [bbotk]  num.trees learner_param_vals  x_domain classif.ce
INFO  [17:12:34.037] [bbotk]      <int>             <list>    <list>      <num>
INFO  [17:12:34.037] [bbotk]        177          <list[2]> <list[1]>  0.1161655
INFO  [17:12:34.522] [bbotk] Starting to optimize 1 parameter(s) with '<OptimizerBatchRandomSearch>' and '<TerminatorEvals> [n_evals=3, k=0]'
INFO  [17:12:34.527] [bbotk] Evaluating 1 configuration(s)
INFO  [17:12:36.798] [bbotk] Result of batch 1:
INFO  [17:12:36.799] [bbotk]  num.trees classif.ce warnings errors runtime_learners
INFO  [17:12:36.799] [bbotk]        410  0.1156515        0      0            2.235
INFO  [17:12:36.799] [bbotk]                                 uhash
INFO  [17:12:36.799] [bbotk]  23148df8-2872-4c7f-86e2-9c5d3516ed04
INFO  [17:12:36.801] [bbotk] Evaluating 1 configuration(s)
INFO  [17:12:37.653] [bbotk] Result of batch 2:
INFO  [17:12:37.655] [bbotk]  num.trees classif.ce warnings errors runtime_learners
INFO  [17:12:37.655] [bbotk]        177  0.1161655        0      0            0.814
INFO  [17:12:37.655] [bbotk]                                 uhash
INFO  [17:12:37.655] [bbotk]  7803d57a-147d-43c3-b929-809d8912b605
INFO  [17:12:37.657] [bbotk] Evaluating 1 configuration(s)
INFO  [17:12:40.172] [bbotk] Result of batch 3:
INFO  [17:12:40.173] [bbotk]  num.trees classif.ce warnings errors runtime_learners
INFO  [17:12:40.173] [bbotk]        447  0.1169365        0      0            2.478
INFO  [17:12:40.173] [bbotk]                                 uhash
INFO  [17:12:40.173] [bbotk]  4637d4c7-8552-4ac2-a271-7b3284811525
INFO  [17:12:40.179] [bbotk] Finished optimizing after 3 evaluation(s)
INFO  [17:12:40.180] [bbotk] Result:
INFO  [17:12:40.181] [bbotk]  num.trees learner_param_vals  x_domain classif.ce
INFO  [17:12:40.181] [bbotk]      <int>             <list>    <list>      <num>
INFO  [17:12:40.181] [bbotk]        410          <list[2]> <list[1]>  0.1156515
INFO  [17:12:41.493] [bbotk] Starting to optimize 1 parameter(s) with '<OptimizerBatchRandomSearch>' and '<TerminatorEvals> [n_evals=3, k=0]'
INFO  [17:12:41.497] [bbotk] Evaluating 1 configuration(s)
INFO  [17:12:42.914] [bbotk] Result of batch 1:
INFO  [17:12:42.916] [bbotk]  num.trees classif.ce warnings errors runtime_learners
INFO  [17:12:42.916] [bbotk]        276  0.1159085        0      0            1.369
INFO  [17:12:42.916] [bbotk]                                 uhash
INFO  [17:12:42.916] [bbotk]  da76478d-3031-4bf3-a557-cf523b9406b7
INFO  [17:12:42.921] [bbotk] Evaluating 1 configuration(s)
INFO  [17:12:44.016] [bbotk] Result of batch 2:
INFO  [17:12:44.018] [bbotk]  num.trees classif.ce warnings errors runtime_learners
INFO  [17:12:44.018] [bbotk]        219  0.1143665        0      0             1.06
INFO  [17:12:44.018] [bbotk]                                 uhash
INFO  [17:12:44.018] [bbotk]  e61dbe58-ec90-4481-b848-bed50ec928eb
INFO  [17:12:44.024] [bbotk] Evaluating 1 configuration(s)
INFO  [17:12:45.378] [bbotk] Result of batch 3:
INFO  [17:12:45.384] [bbotk]  num.trees classif.ce warnings errors runtime_learners
INFO  [17:12:45.384] [bbotk]        279  0.1133385        0      0             1.32
INFO  [17:12:45.384] [bbotk]                                 uhash
INFO  [17:12:45.384] [bbotk]  21d95ea4-a527-43fc-a85c-38f683981740
INFO  [17:12:45.393] [bbotk] Finished optimizing after 3 evaluation(s)
INFO  [17:12:45.393] [bbotk] Result:
INFO  [17:12:45.394] [bbotk]  num.trees learner_param_vals  x_domain classif.ce
INFO  [17:12:45.394] [bbotk]      <int>             <list>    <list>      <num>
INFO  [17:12:45.394] [bbotk]        279          <list[2]> <list[1]>  0.1133385
INFO  [17:12:46.136] [bbotk] Starting to optimize 1 parameter(s) with '<OptimizerBatchRandomSearch>' and '<TerminatorEvals> [n_evals=3, k=0]'
INFO  [17:12:46.140] [bbotk] Evaluating 1 configuration(s)
INFO  [17:12:48.700] [bbotk] Result of batch 1:
INFO  [17:12:48.701] [bbotk]  num.trees classif.ce warnings errors runtime_learners
INFO  [17:12:48.701] [bbotk]        472  0.1140762        0      0            2.525
INFO  [17:12:48.701] [bbotk]                                 uhash
INFO  [17:12:48.701] [bbotk]  236f918b-df3b-4685-baaa-36c1ac489cc5
INFO  [17:12:48.703] [bbotk] Evaluating 1 configuration(s)
INFO  [17:12:49.250] [bbotk] Result of batch 2:
INFO  [17:12:49.252] [bbotk]  num.trees classif.ce warnings errors runtime_learners
INFO  [17:12:49.252] [bbotk]        104  0.1127908        0      0            0.506
INFO  [17:12:49.252] [bbotk]                                 uhash
INFO  [17:12:49.252] [bbotk]  468a1697-95bd-492d-b2d7-8017628f54a6
INFO  [17:12:49.255] [bbotk] Evaluating 1 configuration(s)
INFO  [17:12:50.575] [bbotk] Result of batch 3:
INFO  [17:12:50.576] [bbotk]  num.trees classif.ce warnings errors runtime_learners
INFO  [17:12:50.576] [bbotk]        268  0.1176731        0      0            1.286
INFO  [17:12:50.576] [bbotk]                                 uhash
INFO  [17:12:50.576] [bbotk]  4806ce10-18cf-4c33-8245-08fd093d20a3
INFO  [17:12:50.582] [bbotk] Finished optimizing after 3 evaluation(s)
INFO  [17:12:50.582] [bbotk] Result:
INFO  [17:12:50.583] [bbotk]  num.trees learner_param_vals  x_domain classif.ce
INFO  [17:12:50.583] [bbotk]      <int>             <list>    <list>      <num>
INFO  [17:12:50.583] [bbotk]        104          <list[2]> <list[1]>  0.1127908

### [bt]: Job terminated successfully [batchtools job.id=2516]
### [bt]: Starting job [batchtools job.id=2517]
### [bt]: Generating problem instance for problem '34d90df810f60583' ...
### [bt]: Applying algorithm 'run_learner' on problem '34d90df810f60583' for job 2517 (seed = 2518) ...
INFO  [17:12:51.204] [mlr3] Applying learner 'classif.ranger.tuned_calib.perfold_platt' on task 'phoneme' (iter 7/10)
INFO  [17:12:51.325] [bbotk] Starting to optimize 1 parameter(s) with '<OptimizerBatchRandomSearch>' and '<TerminatorEvals> [n_evals=3, k=0]'
INFO  [17:12:51.344] [bbotk] Evaluating 1 configuration(s)
INFO  [17:12:52.524] [bbotk] Result of batch 1:
INFO  [17:12:52.525] [bbotk]  num.trees classif.ce warnings errors runtime_learners
INFO  [17:12:52.525] [bbotk]        223  0.1148805        0      0            1.137
INFO  [17:12:52.525] [bbotk]                                 uhash
INFO  [17:12:52.525] [bbotk]  06445059-ccdf-4fb9-acbd-5a338b605bd9
INFO  [17:12:52.530] [bbotk] Evaluating 1 configuration(s)
INFO  [17:12:54.251] [bbotk] Result of batch 2:
INFO  [17:12:54.252] [bbotk]  num.trees classif.ce warnings errors runtime_learners
INFO  [17:12:54.252] [bbotk]        315  0.1151375        0      0            1.688
INFO  [17:12:54.252] [bbotk]                                 uhash
INFO  [17:12:54.252] [bbotk]  bc339a1c-323b-4740-93fb-68e2492052b1
INFO  [17:12:54.264] [bbotk] Evaluating 1 configuration(s)
INFO  [17:12:55.718] [bbotk] Result of batch 3:
INFO  [17:12:55.720] [bbotk]  num.trees classif.ce warnings errors runtime_learners
INFO  [17:12:55.720] [bbotk]        282  0.1166795        0      0            1.409
INFO  [17:12:55.720] [bbotk]                                 uhash
INFO  [17:12:55.720] [bbotk]  a3e5938a-4759-49e8-b1f2-ba60e48eb818
INFO  [17:12:55.732] [bbotk] Finished optimizing after 3 evaluation(s)
INFO  [17:12:55.732] [bbotk] Result:
INFO  [17:12:55.733] [bbotk]  num.trees learner_param_vals  x_domain classif.ce
INFO  [17:12:55.733] [bbotk]      <int>             <list>    <list>      <num>
INFO  [17:12:55.733] [bbotk]        223          <list[2]> <list[1]>  0.1148805
INFO  [17:12:56.465] [bbotk] Starting to optimize 1 parameter(s) with '<OptimizerBatchRandomSearch>' and '<TerminatorEvals> [n_evals=3, k=0]'
INFO  [17:12:56.469] [bbotk] Evaluating 1 configuration(s)
INFO  [17:12:57.842] [bbotk] Result of batch 1:
INFO  [17:12:57.843] [bbotk]  num.trees classif.ce warnings errors runtime_learners
INFO  [17:12:57.843] [bbotk]        257  0.1148805        0      0             1.33
INFO  [17:12:57.843] [bbotk]                                 uhash
INFO  [17:12:57.843] [bbotk]  1ea02ddf-20d8-45f9-b622-fc77e91d2b0b
INFO  [17:12:57.845] [bbotk] Evaluating 1 configuration(s)
INFO  [17:12:58.366] [bbotk] Result of batch 2:
INFO  [17:12:58.367] [bbotk]  num.trees classif.ce warnings errors runtime_learners
INFO  [17:12:58.367] [bbotk]        105  0.1174505        0      0            0.486
INFO  [17:12:58.367] [bbotk]                                 uhash
INFO  [17:12:58.367] [bbotk]  ce846b9b-0633-4c86-9357-b62e47b63002
INFO  [17:12:58.369] [bbotk] Evaluating 1 configuration(s)
INFO  [17:12:59.849] [bbotk] Result of batch 3:
INFO  [17:12:59.850] [bbotk]  num.trees classif.ce warnings errors runtime_learners
INFO  [17:12:59.850] [bbotk]        284  0.1153945        0      0            1.442
INFO  [17:12:59.850] [bbotk]                                 uhash
INFO  [17:12:59.850] [bbotk]  29bd901f-17ee-4b9e-82dd-3856ed92a3c1
INFO  [17:12:59.855] [bbotk] Finished optimizing after 3 evaluation(s)
INFO  [17:12:59.856] [bbotk] Result:
INFO  [17:12:59.856] [bbotk]  num.trees learner_param_vals  x_domain classif.ce
INFO  [17:12:59.856] [bbotk]      <int>             <list>    <list>      <num>
INFO  [17:12:59.856] [bbotk]        257          <list[2]> <list[1]>  0.1148805
INFO  [17:13:00.629] [bbotk] Starting to optimize 1 parameter(s) with '<OptimizerBatchRandomSearch>' and '<TerminatorEvals> [n_evals=3, k=0]'
INFO  [17:13:00.633] [bbotk] Evaluating 1 configuration(s)
INFO  [17:13:01.790] [bbotk] Result of batch 1:
INFO  [17:13:01.791] [bbotk]  num.trees classif.ce warnings errors runtime_learners
INFO  [17:13:01.791] [bbotk]        226  0.1166795        0      0            1.122
INFO  [17:13:01.791] [bbotk]                                 uhash
INFO  [17:13:01.791] [bbotk]  225307cc-8830-4a9a-b6e4-fdb05c626d36
INFO  [17:13:01.793] [bbotk] Evaluating 1 configuration(s)
INFO  [17:13:04.435] [bbotk] Result of batch 2:
INFO  [17:13:04.436] [bbotk]  num.trees classif.ce warnings errors runtime_learners
INFO  [17:13:04.436] [bbotk]        476  0.1171935        0      0            2.602
INFO  [17:13:04.436] [bbotk]                                 uhash
INFO  [17:13:04.436] [bbotk]  d532c86c-b088-4ab9-9ab0-2de1890c010a
INFO  [17:13:04.440] [bbotk] Evaluating 1 configuration(s)
INFO  [17:13:05.429] [bbotk] Result of batch 3:
INFO  [17:13:05.430] [bbotk]  num.trees classif.ce warnings errors runtime_learners
INFO  [17:13:05.430] [bbotk]        188  0.1169365        0      0            0.882
INFO  [17:13:05.430] [bbotk]                                 uhash
INFO  [17:13:05.430] [bbotk]  e7d190bb-2a4e-4479-9451-130e3bd58abe
INFO  [17:13:05.436] [bbotk] Finished optimizing after 3 evaluation(s)
INFO  [17:13:05.437] [bbotk] Result:
INFO  [17:13:05.437] [bbotk]  num.trees learner_param_vals  x_domain classif.ce
INFO  [17:13:05.437] [bbotk]      <int>             <list>    <list>      <num>
INFO  [17:13:05.437] [bbotk]        226          <list[2]> <list[1]>  0.1166795
INFO  [17:13:06.135] [bbotk] Starting to optimize 1 parameter(s) with '<OptimizerBatchRandomSearch>' and '<TerminatorEvals> [n_evals=3, k=0]'
INFO  [17:13:06.147] [bbotk] Evaluating 1 configuration(s)
INFO  [17:13:07.235] [bbotk] Result of batch 1:
INFO  [17:13:07.236] [bbotk]  num.trees classif.ce warnings errors runtime_learners
INFO  [17:13:07.236] [bbotk]        213  0.1241326        0      0            1.055
INFO  [17:13:07.236] [bbotk]                                 uhash
INFO  [17:13:07.236] [bbotk]  4f58cc92-5c38-47c4-bd8e-8f196d66a6da
INFO  [17:13:07.238] [bbotk] Evaluating 1 configuration(s)
INFO  [17:13:09.907] [bbotk] Result of batch 2:
INFO  [17:13:09.914] [bbotk]  num.trees classif.ce warnings errors runtime_learners
INFO  [17:13:09.914] [bbotk]        480  0.1225906        0      0            2.599
INFO  [17:13:09.914] [bbotk]                                 uhash
INFO  [17:13:09.914] [bbotk]  47981bae-28fc-4aaa-99c4-b5bc06fe8fe4
INFO  [17:13:09.920] [bbotk] Evaluating 1 configuration(s)
INFO  [17:13:12.072] [bbotk] Result of batch 3:
INFO  [17:13:12.073] [bbotk]  num.trees classif.ce warnings errors runtime_learners
INFO  [17:13:12.073] [bbotk]        388  0.1241326        0      0            2.114
INFO  [17:13:12.073] [bbotk]                                 uhash
INFO  [17:13:12.073] [bbotk]  41889fc0-5ef2-449c-80bd-c3f63ded649f
INFO  [17:13:12.085] [bbotk] Finished optimizing after 3 evaluation(s)
INFO  [17:13:12.085] [bbotk] Result:
INFO  [17:13:12.086] [bbotk]  num.trees learner_param_vals  x_domain classif.ce
INFO  [17:13:12.086] [bbotk]      <int>             <list>    <list>      <num>
INFO  [17:13:12.086] [bbotk]        480          <list[2]> <list[1]>  0.1225906
INFO  [17:13:13.543] [bbotk] Starting to optimize 1 parameter(s) with '<OptimizerBatchRandomSearch>' and '<TerminatorEvals> [n_evals=3, k=0]'
INFO  [17:13:13.555] [bbotk] Evaluating 1 configuration(s)
INFO  [17:13:15.576] [bbotk] Result of batch 1:
INFO  [17:13:15.576] [bbotk]  num.trees classif.ce warnings errors runtime_learners
INFO  [17:13:15.576] [bbotk]        388  0.1138212        0      0            1.987
INFO  [17:13:15.576] [bbotk]                                 uhash
INFO  [17:13:15.576] [bbotk]  e1779bc4-ada5-4672-8cb0-9425542778ba
INFO  [17:13:15.578] [bbotk] Evaluating 1 configuration(s)
INFO  [17:13:16.763] [bbotk] Result of batch 2:
INFO  [17:13:16.764] [bbotk]  num.trees classif.ce warnings errors runtime_learners
INFO  [17:13:16.764] [bbotk]        261  0.1176737        0      0            1.156
INFO  [17:13:16.764] [bbotk]                                 uhash
INFO  [17:13:16.764] [bbotk]  da4e749d-6707-4893-9a54-1519f290a32e
INFO  [17:13:16.766] [bbotk] Evaluating 1 configuration(s)
INFO  [17:13:17.636] [bbotk] Result of batch 3:
INFO  [17:13:17.637] [bbotk]  num.trees classif.ce warnings errors runtime_learners
INFO  [17:13:17.637] [bbotk]        170  0.1135642        0      0            0.826
INFO  [17:13:17.637] [bbotk]                                 uhash
INFO  [17:13:17.637] [bbotk]  96fb4de6-4582-4ded-82a9-e44c3fe04c97
INFO  [17:13:17.643] [bbotk] Finished optimizing after 3 evaluation(s)
INFO  [17:13:17.643] [bbotk] Result:
INFO  [17:13:17.644] [bbotk]  num.trees learner_param_vals  x_domain classif.ce
INFO  [17:13:17.644] [bbotk]      <int>             <list>    <list>      <num>
INFO  [17:13:17.644] [bbotk]        170          <list[2]> <list[1]>  0.1135642

### [bt]: Job terminated successfully [batchtools job.id=2517]
### [bt]: Starting job [batchtools job.id=2518]
### [bt]: Generating problem instance for problem '34d90df810f60583' ...
### [bt]: Applying algorithm 'run_learner' on problem '34d90df810f60583' for job 2518 (seed = 2519) ...
INFO  [17:13:18.501] [mlr3] Applying learner 'classif.ranger.tuned_calib.perfold_platt' on task 'phoneme' (iter 8/10)
INFO  [17:13:18.570] [bbotk] Starting to optimize 1 parameter(s) with '<OptimizerBatchRandomSearch>' and '<TerminatorEvals> [n_evals=3, k=0]'
INFO  [17:13:18.582] [bbotk] Evaluating 1 configuration(s)
INFO  [17:13:19.476] [bbotk] Result of batch 1:
INFO  [17:13:19.478] [bbotk]  num.trees classif.ce warnings errors runtime_learners
INFO  [17:13:19.478] [bbotk]        180  0.1092264        0      0            0.831
INFO  [17:13:19.478] [bbotk]                                 uhash
INFO  [17:13:19.478] [bbotk]  48738597-4447-44ec-8b33-eb1503db0a0a
INFO  [17:13:19.480] [bbotk] Evaluating 1 configuration(s)
INFO  [17:13:20.817] [bbotk] Result of batch 2:
INFO  [17:13:20.819] [bbotk]  num.trees classif.ce warnings errors runtime_learners
INFO  [17:13:20.819] [bbotk]        271  0.1081984        0      0            1.302
INFO  [17:13:20.819] [bbotk]                                 uhash
INFO  [17:13:20.819] [bbotk]  c5f01f97-331f-4143-9394-7cf27e2102c9
INFO  [17:13:20.823] [bbotk] Evaluating 1 configuration(s)
INFO  [17:13:21.830] [bbotk] Result of batch 3:
INFO  [17:13:21.831] [bbotk]  num.trees classif.ce warnings errors runtime_learners
INFO  [17:13:21.831] [bbotk]        204  0.1099974        0      0            0.956
INFO  [17:13:21.831] [bbotk]                                 uhash
INFO  [17:13:21.831] [bbotk]  4572d2b9-165e-4201-9fd6-854f8f7ea22f
INFO  [17:13:21.837] [bbotk] Finished optimizing after 3 evaluation(s)
INFO  [17:13:21.837] [bbotk] Result:
INFO  [17:13:21.838] [bbotk]  num.trees learner_param_vals  x_domain classif.ce
INFO  [17:13:21.838] [bbotk]      <int>             <list>    <list>      <num>
INFO  [17:13:21.838] [bbotk]        271          <list[2]> <list[1]>  0.1081984
INFO  [17:13:22.658] [bbotk] Starting to optimize 1 parameter(s) with '<OptimizerBatchRandomSearch>' and '<TerminatorEvals> [n_evals=3, k=0]'
INFO  [17:13:22.663] [bbotk] Evaluating 1 configuration(s)
INFO  [17:13:24.187] [bbotk] Result of batch 1:
INFO  [17:13:24.187] [bbotk]  num.trees classif.ce warnings errors runtime_learners
INFO  [17:13:24.187] [bbotk]        274  0.1110254        0      0             1.48
INFO  [17:13:24.187] [bbotk]                                 uhash
INFO  [17:13:24.187] [bbotk]  19e74872-3daf-48cd-b7dc-233c457996ef
INFO  [17:13:24.189] [bbotk] Evaluating 1 configuration(s)
INFO  [17:13:26.124] [bbotk] Result of batch 2:
INFO  [17:13:26.125] [bbotk]  num.trees classif.ce warnings errors runtime_learners
INFO  [17:13:26.125] [bbotk]        372  0.1125675        0      0            1.906
INFO  [17:13:26.125] [bbotk]                                 uhash
INFO  [17:13:26.125] [bbotk]  86ff7f67-7c34-47ef-ba61-da17408f90a1
INFO  [17:13:26.127] [bbotk] Evaluating 1 configuration(s)
INFO  [17:13:28.075] [bbotk] Result of batch 3:
INFO  [17:13:28.076] [bbotk]  num.trees classif.ce warnings errors runtime_learners
INFO  [17:13:28.076] [bbotk]        389  0.1141095        0      0            1.911
INFO  [17:13:28.076] [bbotk]                                 uhash
INFO  [17:13:28.076] [bbotk]  efac7fc9-c533-42e1-a25d-e32cf59271fd
INFO  [17:13:28.087] [bbotk] Finished optimizing after 3 evaluation(s)
INFO  [17:13:28.088] [bbotk] Result:
INFO  [17:13:28.089] [bbotk]  num.trees learner_param_vals  x_domain classif.ce
INFO  [17:13:28.089] [bbotk]      <int>             <list>    <list>      <num>
INFO  [17:13:28.089] [bbotk]        274          <list[2]> <list[1]>  0.1110254
INFO  [17:13:28.827] [bbotk] Starting to optimize 1 parameter(s) with '<OptimizerBatchRandomSearch>' and '<TerminatorEvals> [n_evals=3, k=0]'
INFO  [17:13:28.834] [bbotk] Evaluating 1 configuration(s)
INFO  [17:13:30.888] [bbotk] Result of batch 1:
INFO  [17:13:30.889] [bbotk]  num.trees classif.ce warnings errors runtime_learners
INFO  [17:13:30.889] [bbotk]        435  0.1058854        0      0             2.01
INFO  [17:13:30.889] [bbotk]                                 uhash
INFO  [17:13:30.889] [bbotk]  3e055312-65f0-4eb7-805e-0a6f48832bf6
INFO  [17:13:30.891] [bbotk] Evaluating 1 configuration(s)
INFO  [17:13:32.851] [bbotk] Result of batch 2:
INFO  [17:13:32.852] [bbotk]  num.trees classif.ce warnings errors runtime_learners
INFO  [17:13:32.852] [bbotk]        415  0.1099974        0      0            1.889
INFO  [17:13:32.852] [bbotk]                                 uhash
INFO  [17:13:32.852] [bbotk]  cb68679a-b816-4359-be3c-f10ec8d57dd2
INFO  [17:13:32.855] [bbotk] Evaluating 1 configuration(s)
INFO  [17:13:34.721] [bbotk] Result of batch 3:
INFO  [17:13:34.723] [bbotk]  num.trees classif.ce warnings errors runtime_learners
INFO  [17:13:34.723] [bbotk]        375  0.1074274        0      0            1.828
INFO  [17:13:34.723] [bbotk]                                 uhash
INFO  [17:13:34.723] [bbotk]  d378c611-935b-4a8e-b4df-3e8fd4cda177
INFO  [17:13:34.729] [bbotk] Finished optimizing after 3 evaluation(s)
INFO  [17:13:34.729] [bbotk] Result:
INFO  [17:13:34.730] [bbotk]  num.trees learner_param_vals  x_domain classif.ce
INFO  [17:13:34.730] [bbotk]      <int>             <list>    <list>      <num>
INFO  [17:13:34.730] [bbotk]        435          <list[2]> <list[1]>  0.1058854
INFO  [17:13:35.911] [bbotk] Starting to optimize 1 parameter(s) with '<OptimizerBatchRandomSearch>' and '<TerminatorEvals> [n_evals=3, k=0]'
INFO  [17:13:35.920] [bbotk] Evaluating 1 configuration(s)
INFO  [17:13:38.109] [bbotk] Result of batch 1:
INFO  [17:13:38.110] [bbotk]  num.trees classif.ce warnings errors runtime_learners
INFO  [17:13:38.110] [bbotk]        422  0.1110254        0      0            2.156
INFO  [17:13:38.110] [bbotk]                                 uhash
INFO  [17:13:38.110] [bbotk]  3b19cc18-5296-4e1e-b2b6-24ba1c6773d6
INFO  [17:13:38.112] [bbotk] Evaluating 1 configuration(s)
INFO  [17:13:40.353] [bbotk] Result of batch 2:
INFO  [17:13:40.354] [bbotk]  num.trees classif.ce warnings errors runtime_learners
INFO  [17:13:40.354] [bbotk]        413  0.1117965        0      0            2.209
INFO  [17:13:40.354] [bbotk]                                 uhash
INFO  [17:13:40.354] [bbotk]  fe4da112-4850-4464-b683-d39417252115
INFO  [17:13:40.356] [bbotk] Evaluating 1 configuration(s)
INFO  [17:13:41.794] [bbotk] Result of batch 3:
INFO  [17:13:41.795] [bbotk]  num.trees classif.ce warnings errors runtime_learners
INFO  [17:13:41.795] [bbotk]        275  0.1099974        0      0            1.392
INFO  [17:13:41.795] [bbotk]                                 uhash
INFO  [17:13:41.795] [bbotk]  9100150d-144e-42d5-a982-0caed569e3fa
INFO  [17:13:41.811] [bbotk] Finished optimizing after 3 evaluation(s)
INFO  [17:13:41.812] [bbotk] Result:
INFO  [17:13:41.813] [bbotk]  num.trees learner_param_vals  x_domain classif.ce
INFO  [17:13:41.813] [bbotk]      <int>             <list>    <list>      <num>
INFO  [17:13:41.813] [bbotk]        275          <list[2]> <list[1]>  0.1099974
INFO  [17:13:42.563] [bbotk] Starting to optimize 1 parameter(s) with '<OptimizerBatchRandomSearch>' and '<TerminatorEvals> [n_evals=3, k=0]'
INFO  [17:13:42.568] [bbotk] Evaluating 1 configuration(s)
INFO  [17:13:44.232] [bbotk] Result of batch 1:
INFO  [17:13:44.233] [bbotk]  num.trees classif.ce warnings errors runtime_learners
INFO  [17:13:44.233] [bbotk]        325  0.1122839        0      0            1.631
INFO  [17:13:44.233] [bbotk]                                 uhash
INFO  [17:13:44.233] [bbotk]  74a1b54c-a1f5-4323-934a-88519bc5f8bd
INFO  [17:13:44.235] [bbotk] Evaluating 1 configuration(s)
INFO  [17:13:46.989] [bbotk] Result of batch 2:
INFO  [17:13:46.990] [bbotk]  num.trees classif.ce warnings errors runtime_learners
INFO  [17:13:46.990] [bbotk]        496  0.1120271        0      0             2.72
INFO  [17:13:46.990] [bbotk]                                 uhash
INFO  [17:13:46.990] [bbotk]  78cee234-df54-4666-b490-58d6fb0e06b0
INFO  [17:13:46.992] [bbotk] Evaluating 1 configuration(s)
INFO  [17:13:48.189] [bbotk] Result of batch 3:
INFO  [17:13:48.189] [bbotk]  num.trees classif.ce warnings errors runtime_learners
INFO  [17:13:48.189] [bbotk]        227  0.1145976        0      0             1.16
INFO  [17:13:48.189] [bbotk]                                 uhash
INFO  [17:13:48.189] [bbotk]  d8381521-089f-472b-8225-e5479bee9409
INFO  [17:13:48.195] [bbotk] Finished optimizing after 3 evaluation(s)
INFO  [17:13:48.195] [bbotk] Result:
INFO  [17:13:48.196] [bbotk]  num.trees learner_param_vals  x_domain classif.ce
INFO  [17:13:48.196] [bbotk]      <int>             <list>    <list>      <num>
INFO  [17:13:48.196] [bbotk]        496          <list[2]> <list[1]>  0.1120271

### [bt]: Job terminated successfully [batchtools job.id=2518]
### [bt]: Starting job [batchtools job.id=2519]
### [bt]: Generating problem instance for problem '34d90df810f60583' ...
### [bt]: Applying algorithm 'run_learner' on problem '34d90df810f60583' for job 2519 (seed = 2520) ...
INFO  [17:13:50.051] [mlr3] Applying learner 'classif.ranger.tuned_calib.perfold_platt' on task 'phoneme' (iter 9/10)
INFO  [17:13:50.114] [bbotk] Starting to optimize 1 parameter(s) with '<OptimizerBatchRandomSearch>' and '<TerminatorEvals> [n_evals=3, k=0]'
INFO  [17:13:50.121] [bbotk] Evaluating 1 configuration(s)
INFO  [17:13:50.954] [bbotk] Result of batch 1:
INFO  [17:13:50.956] [bbotk]  num.trees classif.ce warnings errors runtime_learners
INFO  [17:13:50.956] [bbotk]        147  0.1200206        0      0             0.78
INFO  [17:13:50.956] [bbotk]                                 uhash
INFO  [17:13:50.956] [bbotk]  bac0fe8d-3a09-4389-be5e-f9d5015b690b
INFO  [17:13:50.959] [bbotk] Evaluating 1 configuration(s)
INFO  [17:13:51.893] [bbotk] Result of batch 2:
INFO  [17:13:51.894] [bbotk]  num.trees classif.ce warnings errors runtime_learners
INFO  [17:13:51.894] [bbotk]        181  0.1225906        0      0            0.884
INFO  [17:13:51.894] [bbotk]                                 uhash
INFO  [17:13:51.894] [bbotk]  95f16bf4-2e60-4fee-81d9-98387584acff
INFO  [17:13:51.896] [bbotk] Evaluating 1 configuration(s)
INFO  [17:13:52.562] [bbotk] Result of batch 3:
INFO  [17:13:52.563] [bbotk]  num.trees classif.ce warnings errors runtime_learners
INFO  [17:13:52.563] [bbotk]        140  0.1166795        0      0            0.631
INFO  [17:13:52.563] [bbotk]                                 uhash
INFO  [17:13:52.563] [bbotk]  d65ab592-a150-459c-b7f4-4b6aa4ad8622
INFO  [17:13:52.570] [bbotk] Finished optimizing after 3 evaluation(s)
INFO  [17:13:52.570] [bbotk] Result:
INFO  [17:13:52.570] [bbotk]  num.trees learner_param_vals  x_domain classif.ce
INFO  [17:13:52.570] [bbotk]      <int>             <list>    <list>      <num>
INFO  [17:13:52.570] [bbotk]        140          <list[2]> <list[1]>  0.1166795
INFO  [17:13:52.955] [bbotk] Starting to optimize 1 parameter(s) with '<OptimizerBatchRandomSearch>' and '<TerminatorEvals> [n_evals=3, k=0]'
INFO  [17:13:52.959] [bbotk] Evaluating 1 configuration(s)
INFO  [17:13:55.012] [bbotk] Result of batch 1:
INFO  [17:13:55.015] [bbotk]  num.trees classif.ce warnings errors runtime_learners
INFO  [17:13:55.015] [bbotk]        396  0.1102544        0      0            2.026
INFO  [17:13:55.015] [bbotk]                                 uhash
INFO  [17:13:55.015] [bbotk]  756045dd-5813-48aa-b7b1-a59078c294c7
INFO  [17:13:55.020] [bbotk] Evaluating 1 configuration(s)
INFO  [17:13:57.149] [bbotk] Result of batch 2:
INFO  [17:13:57.150] [bbotk]  num.trees classif.ce warnings errors runtime_learners
INFO  [17:13:57.150] [bbotk]        425  0.1094834        0      0            2.097
INFO  [17:13:57.150] [bbotk]                                 uhash
INFO  [17:13:57.150] [bbotk]  79f40ee9-db17-44a2-b731-354d9e348b00
INFO  [17:13:57.152] [bbotk] Evaluating 1 configuration(s)
INFO  [17:13:58.111] [bbotk] Result of batch 3:
INFO  [17:13:58.112] [bbotk]  num.trees classif.ce warnings errors runtime_learners
INFO  [17:13:58.112] [bbotk]        188  0.1123105        0      0            0.919
INFO  [17:13:58.112] [bbotk]                                 uhash
INFO  [17:13:58.112] [bbotk]  15b8ef5a-fda5-4b8b-9c24-fbc68dcffa27
INFO  [17:13:58.119] [bbotk] Finished optimizing after 3 evaluation(s)
INFO  [17:13:58.119] [bbotk] Result:
INFO  [17:13:58.120] [bbotk]  num.trees learner_param_vals  x_domain classif.ce
INFO  [17:13:58.120] [bbotk]      <int>             <list>    <list>      <num>
INFO  [17:13:58.120] [bbotk]        425          <list[2]> <list[1]>  0.1094834
INFO  [17:13:59.249] [bbotk] Starting to optimize 1 parameter(s) with '<OptimizerBatchRandomSearch>' and '<TerminatorEvals> [n_evals=3, k=0]'
INFO  [17:13:59.254] [bbotk] Evaluating 1 configuration(s)
INFO  [17:14:01.527] [bbotk] Result of batch 1:
INFO  [17:14:01.528] [bbotk]  num.trees classif.ce warnings errors runtime_learners
INFO  [17:14:01.528] [bbotk]        445  0.1161655        0      0            2.242
INFO  [17:14:01.528] [bbotk]                                 uhash
INFO  [17:14:01.528] [bbotk]  806a55e2-3a9b-41eb-92b7-3cde10c0a74f
INFO  [17:14:01.532] [bbotk] Evaluating 1 configuration(s)
INFO  [17:14:03.697] [bbotk] Result of batch 2:
INFO  [17:14:03.697] [bbotk]  num.trees classif.ce warnings errors runtime_learners
INFO  [17:14:03.697] [bbotk]        434  0.1184785        0      0            2.137
INFO  [17:14:03.697] [bbotk]                                 uhash
INFO  [17:14:03.697] [bbotk]  d12ed3b7-d342-4a65-9085-7532549deb5e
INFO  [17:14:03.699] [bbotk] Evaluating 1 configuration(s)
INFO  [17:14:04.410] [bbotk] Result of batch 3:
INFO  [17:14:04.411] [bbotk]  num.trees classif.ce warnings errors runtime_learners
INFO  [17:14:04.411] [bbotk]        143  0.1213056        0      0            0.674
INFO  [17:14:04.411] [bbotk]                                 uhash
INFO  [17:14:04.411] [bbotk]  2c18c787-5553-407f-864d-bd846d210818
INFO  [17:14:04.426] [bbotk] Finished optimizing after 3 evaluation(s)
INFO  [17:14:04.427] [bbotk] Result:
INFO  [17:14:04.427] [bbotk]  num.trees learner_param_vals  x_domain classif.ce
INFO  [17:14:04.427] [bbotk]      <int>             <list>    <list>      <num>
INFO  [17:14:04.427] [bbotk]        445          <list[2]> <list[1]>  0.1161655
INFO  [17:14:05.625] [bbotk] Starting to optimize 1 parameter(s) with '<OptimizerBatchRandomSearch>' and '<TerminatorEvals> [n_evals=3, k=0]'
INFO  [17:14:05.631] [bbotk] Evaluating 1 configuration(s)
INFO  [17:14:06.885] [bbotk] Result of batch 1:
INFO  [17:14:06.886] [bbotk]  num.trees classif.ce warnings errors runtime_learners
INFO  [17:14:06.886] [bbotk]        245  0.1135955        0      0            1.213
INFO  [17:14:06.886] [bbotk]                                 uhash
INFO  [17:14:06.886] [bbotk]  bfe7d290-c41a-4d31-b483-b47b5c6dbc74
INFO  [17:14:06.888] [bbotk] Evaluating 1 configuration(s)
INFO  [17:14:07.443] [bbotk] Result of batch 2:
INFO  [17:14:07.443] [bbotk]  num.trees classif.ce warnings errors runtime_learners
INFO  [17:14:07.443] [bbotk]        105  0.1151375        0      0            0.524
INFO  [17:14:07.443] [bbotk]                                 uhash
INFO  [17:14:07.443] [bbotk]  a86e9ad1-b85d-4eda-a506-a92080e40c23
INFO  [17:14:07.445] [bbotk] Evaluating 1 configuration(s)
INFO  [17:14:08.605] [bbotk] Result of batch 3:
INFO  [17:14:08.606] [bbotk]  num.trees classif.ce warnings errors runtime_learners
INFO  [17:14:08.606] [bbotk]        240  0.1112824        0      0            1.123
INFO  [17:14:08.606] [bbotk]                                 uhash
INFO  [17:14:08.606] [bbotk]  ffbef001-9889-4edb-818d-45a793b7c850
INFO  [17:14:08.615] [bbotk] Finished optimizing after 3 evaluation(s)
INFO  [17:14:08.615] [bbotk] Result:
INFO  [17:14:08.616] [bbotk]  num.trees learner_param_vals  x_domain classif.ce
INFO  [17:14:08.616] [bbotk]      <int>             <list>    <list>      <num>
INFO  [17:14:08.616] [bbotk]        240          <list[2]> <list[1]>  0.1112824
INFO  [17:14:09.308] [bbotk] Starting to optimize 1 parameter(s) with '<OptimizerBatchRandomSearch>' and '<TerminatorEvals> [n_evals=3, k=0]'
INFO  [17:14:09.313] [bbotk] Evaluating 1 configuration(s)
INFO  [17:14:11.634] [bbotk] Result of batch 1:
INFO  [17:14:11.634] [bbotk]  num.trees classif.ce warnings errors runtime_learners
INFO  [17:14:11.634] [bbotk]        408  0.1102275        0      0            2.292
INFO  [17:14:11.634] [bbotk]                                 uhash
INFO  [17:14:11.634] [bbotk]  8b6172b5-ca4a-41e2-b449-0b244d1b9783
INFO  [17:14:11.636] [bbotk] Evaluating 1 configuration(s)
INFO  [17:14:13.096] [bbotk] Result of batch 2:
INFO  [17:14:13.097] [bbotk]  num.trees classif.ce warnings errors runtime_learners
INFO  [17:14:13.097] [bbotk]        296    0.11331        0      0            1.428
INFO  [17:14:13.097] [bbotk]                                 uhash
INFO  [17:14:13.097] [bbotk]  8ae16f2a-3046-4fc1-a8bf-46d63880124f
INFO  [17:14:13.102] [bbotk] Evaluating 1 configuration(s)
INFO  [17:14:14.875] [bbotk] Result of batch 3:
INFO  [17:14:14.877] [bbotk]  num.trees classif.ce warnings errors runtime_learners
INFO  [17:14:14.877] [bbotk]        355  0.1120249        0      0            1.735
INFO  [17:14:14.877] [bbotk]                                 uhash
INFO  [17:14:14.877] [bbotk]  0396bad4-8b55-463d-adb8-7d85d8828ea2
INFO  [17:14:14.891] [bbotk] Finished optimizing after 3 evaluation(s)
INFO  [17:14:14.893] [bbotk] Result:
INFO  [17:14:14.894] [bbotk]  num.trees learner_param_vals  x_domain classif.ce
INFO  [17:14:14.894] [bbotk]      <int>             <list>    <list>      <num>
INFO  [17:14:14.894] [bbotk]        408          <list[2]> <list[1]>  0.1102275

### [bt]: Job terminated successfully [batchtools job.id=2519]
### [bt]: Starting job [batchtools job.id=2520]
### [bt]: Generating problem instance for problem '34d90df810f60583' ...
### [bt]: Applying algorithm 'run_learner' on problem '34d90df810f60583' for job 2520 (seed = 2521) ...
INFO  [17:14:16.735] [mlr3] Applying learner 'classif.ranger.tuned_calib.perfold_platt' on task 'phoneme' (iter 10/10)
INFO  [17:14:16.794] [bbotk] Starting to optimize 1 parameter(s) with '<OptimizerBatchRandomSearch>' and '<TerminatorEvals> [n_evals=3, k=0]'
INFO  [17:14:16.799] [bbotk] Evaluating 1 configuration(s)
INFO  [17:14:19.038] [bbotk] Result of batch 1:
INFO  [17:14:19.038] [bbotk]  num.trees classif.ce warnings errors runtime_learners
INFO  [17:14:19.038] [bbotk]        451  0.1156515        0      0             2.18
INFO  [17:14:19.038] [bbotk]                                 uhash
INFO  [17:14:19.038] [bbotk]  976b699b-9c0e-4191-a2cf-55cce58b70e2
INFO  [17:14:19.040] [bbotk] Evaluating 1 configuration(s)
INFO  [17:14:21.229] [bbotk] Result of batch 2:
INFO  [17:14:21.229] [bbotk]  num.trees classif.ce warnings errors runtime_learners
INFO  [17:14:21.229] [bbotk]        425  0.1146235        0      0            2.148
INFO  [17:14:21.229] [bbotk]                                 uhash
INFO  [17:14:21.229] [bbotk]  b67c2331-98d2-47d8-b4ae-5e225b58296f
INFO  [17:14:21.231] [bbotk] Evaluating 1 configuration(s)
INFO  [17:14:23.552] [bbotk] Result of batch 3:
INFO  [17:14:23.553] [bbotk]  num.trees classif.ce warnings errors runtime_learners
INFO  [17:14:23.553] [bbotk]        419  0.1159085        0      0            2.287
INFO  [17:14:23.553] [bbotk]                                 uhash
INFO  [17:14:23.553] [bbotk]  8655e755-b9ca-48af-b0e3-bf66a0ddb55f
INFO  [17:14:23.559] [bbotk] Finished optimizing after 3 evaluation(s)
INFO  [17:14:23.559] [bbotk] Result:
INFO  [17:14:23.560] [bbotk]  num.trees learner_param_vals  x_domain classif.ce
INFO  [17:14:23.560] [bbotk]      <int>             <list>    <list>      <num>
INFO  [17:14:23.560] [bbotk]        425          <list[2]> <list[1]>  0.1146235
INFO  [17:14:24.822] [bbotk] Starting to optimize 1 parameter(s) with '<OptimizerBatchRandomSearch>' and '<TerminatorEvals> [n_evals=3, k=0]'
INFO  [17:14:24.826] [bbotk] Evaluating 1 configuration(s)
INFO  [17:14:26.619] [bbotk] Result of batch 1:
INFO  [17:14:26.620] [bbotk]  num.trees classif.ce warnings errors runtime_learners
INFO  [17:14:26.620] [bbotk]        342  0.1120535        0      0            1.761
INFO  [17:14:26.620] [bbotk]                                 uhash
INFO  [17:14:26.620] [bbotk]  2c698ba1-fd96-483a-9fb2-3f1cf5348e2e
INFO  [17:14:26.622] [bbotk] Evaluating 1 configuration(s)
INFO  [17:14:27.962] [bbotk] Result of batch 2:
INFO  [17:14:27.963] [bbotk]  num.trees classif.ce warnings errors runtime_learners
INFO  [17:14:27.963] [bbotk]        272  0.1084554        0      0            1.298
INFO  [17:14:27.963] [bbotk]                                 uhash
INFO  [17:14:27.963] [bbotk]  fc400987-88da-41b4-ac99-aa18edb166e8
INFO  [17:14:27.965] [bbotk] Evaluating 1 configuration(s)
INFO  [17:14:30.264] [bbotk] Result of batch 3:
INFO  [17:14:30.265] [bbotk]  num.trees classif.ce warnings errors runtime_learners
INFO  [17:14:30.265] [bbotk]        418  0.1115395        0      0            2.265
INFO  [17:14:30.265] [bbotk]                                 uhash
INFO  [17:14:30.265] [bbotk]  981b4da2-dfb2-4717-a68e-b437f4eaab1f
INFO  [17:14:30.271] [bbotk] Finished optimizing after 3 evaluation(s)
INFO  [17:14:30.271] [bbotk] Result:
INFO  [17:14:30.272] [bbotk]  num.trees learner_param_vals  x_domain classif.ce
INFO  [17:14:30.272] [bbotk]      <int>             <list>    <list>      <num>
INFO  [17:14:30.272] [bbotk]        272          <list[2]> <list[1]>  0.1084554
INFO  [17:14:30.963] [bbotk] Starting to optimize 1 parameter(s) with '<OptimizerBatchRandomSearch>' and '<TerminatorEvals> [n_evals=3, k=0]'
INFO  [17:14:30.967] [bbotk] Evaluating 1 configuration(s)
INFO  [17:14:32.004] [bbotk] Result of batch 1:
INFO  [17:14:32.005] [bbotk]  num.trees classif.ce warnings errors runtime_learners
INFO  [17:14:32.005] [bbotk]        214  0.1171935        0      0            1.001
INFO  [17:14:32.005] [bbotk]                                 uhash
INFO  [17:14:32.005] [bbotk]  882e44d1-f986-45f9-8b8a-acf4919f30ef
INFO  [17:14:32.007] [bbotk] Evaluating 1 configuration(s)
INFO  [17:14:32.631] [bbotk] Result of batch 2:
INFO  [17:14:32.632] [bbotk]  num.trees classif.ce warnings errors runtime_learners
INFO  [17:14:32.632] [bbotk]        128  0.1151375        0      0            0.584
INFO  [17:14:32.632] [bbotk]                                 uhash
INFO  [17:14:32.632] [bbotk]  5cf31cd6-4771-4809-b16e-3067585b7e8b
INFO  [17:14:32.636] [bbotk] Evaluating 1 configuration(s)
INFO  [17:14:33.546] [bbotk] Result of batch 3:
INFO  [17:14:33.547] [bbotk]  num.trees classif.ce warnings errors runtime_learners
INFO  [17:14:33.547] [bbotk]        181  0.1200206        0      0            0.867
INFO  [17:14:33.547] [bbotk]                                 uhash
INFO  [17:14:33.547] [bbotk]  d9a10e29-6e2f-4f17-a237-7b2aff97f53d
INFO  [17:14:33.564] [bbotk] Finished optimizing after 3 evaluation(s)
INFO  [17:14:33.564] [bbotk] Result:
INFO  [17:14:33.565] [bbotk]  num.trees learner_param_vals  x_domain classif.ce
INFO  [17:14:33.565] [bbotk]      <int>             <list>    <list>      <num>
INFO  [17:14:33.565] [bbotk]        128          <list[2]> <list[1]>  0.1151375
INFO  [17:14:33.953] [bbotk] Starting to optimize 1 parameter(s) with '<OptimizerBatchRandomSearch>' and '<TerminatorEvals> [n_evals=3, k=0]'
INFO  [17:14:33.956] [bbotk] Evaluating 1 configuration(s)
INFO  [17:14:34.908] [bbotk] Result of batch 1:
INFO  [17:14:34.909] [bbotk]  num.trees classif.ce warnings errors runtime_learners
INFO  [17:14:34.909] [bbotk]        190  0.1156515        0      0            0.915
INFO  [17:14:34.909] [bbotk]                                 uhash
INFO  [17:14:34.909] [bbotk]  c5311ba1-52ad-4b02-b8e3-f6bd0eb5816c
INFO  [17:14:34.912] [bbotk] Evaluating 1 configuration(s)
INFO  [17:14:37.323] [bbotk] Result of batch 2:
INFO  [17:14:37.324] [bbotk]  num.trees classif.ce warnings errors runtime_learners
INFO  [17:14:37.324] [bbotk]        446  0.1159085        0      0            2.355
INFO  [17:14:37.324] [bbotk]                                 uhash
INFO  [17:14:37.324] [bbotk]  00ab2d88-6ff6-48cc-b7df-fdbf75bc14f5
INFO  [17:14:37.327] [bbotk] Evaluating 1 configuration(s)
INFO  [17:14:39.832] [bbotk] Result of batch 3:
INFO  [17:14:39.833] [bbotk]  num.trees classif.ce warnings errors runtime_learners
INFO  [17:14:39.833] [bbotk]        427  0.1171935        0      0            2.473
INFO  [17:14:39.833] [bbotk]                                 uhash
INFO  [17:14:39.833] [bbotk]  4126d903-7eb0-4b20-a735-243e2d3e9f21
INFO  [17:14:39.845] [bbotk] Finished optimizing after 3 evaluation(s)
INFO  [17:14:39.845] [bbotk] Result:
INFO  [17:14:39.847] [bbotk]  num.trees learner_param_vals  x_domain classif.ce
INFO  [17:14:39.847] [bbotk]      <int>             <list>    <list>      <num>
INFO  [17:14:39.847] [bbotk]        190          <list[2]> <list[1]>  0.1156515
INFO  [17:14:40.468] [bbotk] Starting to optimize 1 parameter(s) with '<OptimizerBatchRandomSearch>' and '<TerminatorEvals> [n_evals=3, k=0]'
INFO  [17:14:40.472] [bbotk] Evaluating 1 configuration(s)
INFO  [17:14:42.979] [bbotk] Result of batch 1:
INFO  [17:14:42.980] [bbotk]  num.trees classif.ce warnings errors runtime_learners
INFO  [17:14:42.980] [bbotk]        459  0.1122796        0      0             2.48
INFO  [17:14:42.980] [bbotk]                                 uhash
INFO  [17:14:42.980] [bbotk]  f9dccb65-8270-4507-996e-9e0913dba7c4
INFO  [17:14:42.982] [bbotk] Evaluating 1 configuration(s)
INFO  [17:14:44.491] [bbotk] Result of batch 2:
INFO  [17:14:44.491] [bbotk]  num.trees classif.ce warnings errors runtime_learners
INFO  [17:14:44.491] [bbotk]        289  0.1120224        0      0            1.478
INFO  [17:14:44.491] [bbotk]                                 uhash
INFO  [17:14:44.491] [bbotk]  dfcd6920-3a6b-4353-8463-ad23623a966d
INFO  [17:14:44.494] [bbotk] Evaluating 1 configuration(s)
INFO  [17:14:46.760] [bbotk] Result of batch 3:
INFO  [17:14:46.761] [bbotk]  num.trees classif.ce warnings errors runtime_learners
INFO  [17:14:46.761] [bbotk]        396  0.1145918        0      0            2.238
INFO  [17:14:46.761] [bbotk]                                 uhash
INFO  [17:14:46.761] [bbotk]  41df6a54-2dab-4f39-af83-c1700d3dea5b
INFO  [17:14:46.767] [bbotk] Finished optimizing after 3 evaluation(s)
INFO  [17:14:46.767] [bbotk] Result:
INFO  [17:14:46.768] [bbotk]  num.trees learner_param_vals  x_domain classif.ce
INFO  [17:14:46.768] [bbotk]      <int>             <list>    <list>      <num>
INFO  [17:14:46.768] [bbotk]        289          <list[2]> <list[1]>  0.1120224

### [bt]: Job terminated successfully [batchtools job.id=2520]
### [bt]: Calculation finished!
