### [bt]: This is batchtools v0.9.17
### [bt]: Starting calculation of 5 jobs
### [bt]: Setting working directory to '/Users/User/Documents/Studium/Semester8/Hiwi/mlr3calibration/vignettes'
### [bt]: Memory measurement disabled
### [bt]: Starting job [batchtools job.id=2316]
### [bt]: Generating problem instance for problem 'a63d756aec4c60c1' ...
### [bt]: Applying algorithm 'run_learner' on problem 'a63d756aec4c60c1' for job 2316 (seed = 2317) ...
INFO  [17:10:30.678] [mlr3] Applying learner 'classif.xgboost.tuned_calib.tunefirst.perfold_platt' on task 'pc1' (iter 6/10)
INFO  [17:10:30.722] [bbotk] Starting to optimize 3 parameter(s) with '<OptimizerBatchRandomSearch>' and '<TerminatorEvals> [n_evals=10, k=0]'
INFO  [17:10:30.752] [bbotk] Evaluating 1 configuration(s)
INFO  [17:10:30.960] [bbotk] Result of batch 1:
INFO  [17:10:30.964] [bbotk]  nrounds       eta max_depth classif.ce warnings errors runtime_learners
INFO  [17:10:30.964] [bbotk]       83 0.0807369         3 0.06211935        0      0            0.149
INFO  [17:10:30.964] [bbotk]                                 uhash
INFO  [17:10:30.964] [bbotk]  15adc770-08ad-4723-a181-861d85951806
INFO  [17:10:30.969] [bbotk] Evaluating 1 configuration(s)
INFO  [17:10:32.073] [bbotk] Result of batch 2:
INFO  [17:10:32.074] [bbotk]  nrounds        eta max_depth classif.ce warnings errors runtime_learners
INFO  [17:10:32.074] [bbotk]      209 0.06017393         8 0.06813138        0      0            1.058
INFO  [17:10:32.074] [bbotk]                                 uhash
INFO  [17:10:32.074] [bbotk]  c55cac40-4892-4c98-943a-e4a2e36c4b59
INFO  [17:10:32.078] [bbotk] Evaluating 1 configuration(s)
INFO  [17:10:32.431] [bbotk] Result of batch 3:
INFO  [17:10:32.432] [bbotk]  nrounds       eta max_depth classif.ce warnings errors runtime_learners
INFO  [17:10:32.432] [bbotk]       85 0.1019951        10  0.0721384        0      0            0.312
INFO  [17:10:32.432] [bbotk]                                 uhash
INFO  [17:10:32.432] [bbotk]  8e27f597-49f8-4321-ab3b-ba8a90e29fa1
INFO  [17:10:32.441] [bbotk] Evaluating 1 configuration(s)
INFO  [17:10:32.749] [bbotk] Result of batch 4:
INFO  [17:10:32.751] [bbotk]  nrounds        eta max_depth classif.ce warnings errors runtime_learners
INFO  [17:10:32.751] [bbotk]       60 0.09146825        10 0.06612335        0      0            0.268
INFO  [17:10:32.751] [bbotk]                                 uhash
INFO  [17:10:32.751] [bbotk]  eccb1306-57c0-41f6-bf6c-25c07e2769d1
INFO  [17:10:32.760] [bbotk] Evaluating 1 configuration(s)
INFO  [17:10:33.595] [bbotk] Result of batch 5:
INFO  [17:10:33.596] [bbotk]  nrounds        eta max_depth classif.ce warnings errors runtime_learners
INFO  [17:10:33.596] [bbotk]      285 0.04266816         6 0.06713038        0      0            0.793
INFO  [17:10:33.596] [bbotk]                                 uhash
INFO  [17:10:33.596] [bbotk]  306b96e4-c48d-48cd-b373-af630ec415a9
INFO  [17:10:33.600] [bbotk] Evaluating 1 configuration(s)
INFO  [17:10:33.928] [bbotk] Result of batch 6:
INFO  [17:10:33.930] [bbotk]  nrounds       eta max_depth classif.ce warnings errors runtime_learners
INFO  [17:10:33.930] [bbotk]      173 0.1758896         3 0.06812535        0      0            0.291
INFO  [17:10:33.930] [bbotk]                                 uhash
INFO  [17:10:33.930] [bbotk]  123ce984-6a21-4e94-a1d9-768ff12916bd
INFO  [17:10:33.941] [bbotk] Evaluating 1 configuration(s)
INFO  [17:10:34.100] [bbotk] Result of batch 7:
INFO  [17:10:34.101] [bbotk]  nrounds       eta max_depth classif.ce warnings errors runtime_learners
INFO  [17:10:34.101] [bbotk]       77 0.2013057         2 0.06412135        0      0            0.113
INFO  [17:10:34.101] [bbotk]                                 uhash
INFO  [17:10:34.101] [bbotk]  18c7898e-84a9-4085-b01a-50d2b60ddf6a
INFO  [17:10:34.105] [bbotk] Evaluating 1 configuration(s)
INFO  [17:10:34.961] [bbotk] Result of batch 8:
INFO  [17:10:34.962] [bbotk]  nrounds       eta max_depth classif.ce warnings errors runtime_learners
INFO  [17:10:34.962] [bbotk]      291 0.1049033         9 0.06813138        0      0            0.809
INFO  [17:10:34.962] [bbotk]                                 uhash
INFO  [17:10:34.962] [bbotk]  7707bcf4-82b3-4c1d-832e-3f5c0b0b6bf8
INFO  [17:10:34.971] [bbotk] Evaluating 1 configuration(s)
INFO  [17:10:35.362] [bbotk] Result of batch 9:
INFO  [17:10:35.364] [bbotk]  nrounds       eta max_depth classif.ce warnings errors runtime_learners
INFO  [17:10:35.364] [bbotk]      148 0.2920268         4  0.0721384        0      0            0.341
INFO  [17:10:35.364] [bbotk]                                 uhash
INFO  [17:10:35.364] [bbotk]  f5eadb82-7f12-4adc-b317-2a8fb4453ef6
INFO  [17:10:35.369] [bbotk] Evaluating 1 configuration(s)
INFO  [17:10:35.809] [bbotk] Result of batch 10:
INFO  [17:10:35.810] [bbotk]  nrounds       eta max_depth classif.ce warnings errors runtime_learners
INFO  [17:10:35.810] [bbotk]      224 0.2697123         3 0.07213539        0      0            0.399
INFO  [17:10:35.810] [bbotk]                                 uhash
INFO  [17:10:35.810] [bbotk]  f715b4a2-4bd3-4ad6-805e-16afd93ab38a
INFO  [17:10:35.820] [bbotk] Finished optimizing after 10 evaluation(s)
INFO  [17:10:35.821] [bbotk] Result:
INFO  [17:10:35.822] [bbotk]  nrounds       eta max_depth learner_param_vals  x_domain classif.ce
INFO  [17:10:35.822] [bbotk]    <int>     <num>     <int>             <list>    <list>      <num>
INFO  [17:10:35.822] [bbotk]       83 0.0807369         3          <list[5]> <list[3]> 0.06211935

### [bt]: Job terminated successfully [batchtools job.id=2316]
### [bt]: Starting job [batchtools job.id=2317]
### [bt]: Generating problem instance for problem 'a63d756aec4c60c1' ...
### [bt]: Applying algorithm 'run_learner' on problem 'a63d756aec4c60c1' for job 2317 (seed = 2318) ...
INFO  [17:10:36.483] [mlr3] Applying learner 'classif.xgboost.tuned_calib.tunefirst.perfold_platt' on task 'pc1' (iter 7/10)
INFO  [17:10:36.532] [bbotk] Starting to optimize 3 parameter(s) with '<OptimizerBatchRandomSearch>' and '<TerminatorEvals> [n_evals=10, k=0]'
INFO  [17:10:36.557] [bbotk] Evaluating 1 configuration(s)
INFO  [17:10:36.968] [bbotk] Result of batch 1:
INFO  [17:10:36.969] [bbotk]  nrounds       eta max_depth classif.ce warnings errors runtime_learners
INFO  [17:10:36.969] [bbotk]      120 0.2377223         7 0.06414547        0      0            0.358
INFO  [17:10:36.969] [bbotk]                                 uhash
INFO  [17:10:36.969] [bbotk]  29c83c2a-c623-4528-81dd-515a8de0d2ee
INFO  [17:10:36.974] [bbotk] Evaluating 1 configuration(s)
INFO  [17:10:37.295] [bbotk] Result of batch 2:
INFO  [17:10:37.295] [bbotk]  nrounds       eta max_depth classif.ce warnings errors runtime_learners
INFO  [17:10:37.295] [bbotk]      102 0.2385148        10  0.0641515        0      0            0.285
INFO  [17:10:37.295] [bbotk]                                 uhash
INFO  [17:10:37.295] [bbotk]  b94edd1a-cec7-4807-a780-616400e344bf
INFO  [17:10:37.299] [bbotk] Evaluating 1 configuration(s)
INFO  [17:10:37.955] [bbotk] Result of batch 3:
INFO  [17:10:37.959] [bbotk]  nrounds      eta max_depth classif.ce warnings errors runtime_learners
INFO  [17:10:37.959] [bbotk]      256 0.156638         8 0.07015449        0      0            0.614
INFO  [17:10:37.959] [bbotk]                                 uhash
INFO  [17:10:37.959] [bbotk]  c3b29b3e-4c15-42c8-95db-2b9e13f72290
INFO  [17:10:37.968] [bbotk] Evaluating 1 configuration(s)
INFO  [17:10:38.301] [bbotk] Result of batch 4:
INFO  [17:10:38.302] [bbotk]  nrounds       eta max_depth classif.ce warnings errors runtime_learners
INFO  [17:10:38.302] [bbotk]      168 0.2972496         3  0.0661535        0      0            0.265
INFO  [17:10:38.302] [bbotk]                                 uhash
INFO  [17:10:38.302] [bbotk]  84f00c87-3345-4207-b257-50b95facb7f0
INFO  [17:10:38.306] [bbotk] Evaluating 1 configuration(s)
INFO  [17:10:38.649] [bbotk] Result of batch 5:
INFO  [17:10:38.651] [bbotk]  nrounds       eta max_depth classif.ce warnings errors runtime_learners
INFO  [17:10:38.651] [bbotk]      135 0.1744691         4 0.06615049        0      0            0.279
INFO  [17:10:38.651] [bbotk]                                 uhash
INFO  [17:10:38.651] [bbotk]  b7ebb988-bceb-42f9-82fe-0ba4d720605f
INFO  [17:10:38.665] [bbotk] Evaluating 1 configuration(s)
INFO  [17:10:38.886] [bbotk] Result of batch 6:
INFO  [17:10:38.887] [bbotk]  nrounds        eta max_depth classif.ce warnings errors runtime_learners
INFO  [17:10:38.887] [bbotk]       89 0.01327817         4  0.0681555        0      0            0.184
INFO  [17:10:38.887] [bbotk]                                 uhash
INFO  [17:10:38.887] [bbotk]  d22c996b-dc23-4dab-9f80-aea4d502d75f
INFO  [17:10:38.891] [bbotk] Evaluating 1 configuration(s)
INFO  [17:10:39.286] [bbotk] Result of batch 7:
INFO  [17:10:39.292] [bbotk]  nrounds        eta max_depth classif.ce warnings errors runtime_learners
INFO  [17:10:39.292] [bbotk]      107 0.04513843         5 0.06314748        0      0            0.319
INFO  [17:10:39.292] [bbotk]                                 uhash
INFO  [17:10:39.292] [bbotk]  c922420d-ca4c-4d6e-88ed-d635f729ab0d
INFO  [17:10:39.301] [bbotk] Evaluating 1 configuration(s)
INFO  [17:10:39.681] [bbotk] Result of batch 8:
INFO  [17:10:39.683] [bbotk]  nrounds        eta max_depth classif.ce warnings errors runtime_learners
INFO  [17:10:39.683] [bbotk]       86 0.09448874         6 0.06414547        0      0            0.331
INFO  [17:10:39.683] [bbotk]                                 uhash
INFO  [17:10:39.683] [bbotk]  d233d118-f595-4a33-bc16-264265a2828f
INFO  [17:10:39.694] [bbotk] Evaluating 1 configuration(s)
INFO  [17:10:40.540] [bbotk] Result of batch 9:
INFO  [17:10:40.540] [bbotk]  nrounds       eta max_depth classif.ce warnings errors runtime_learners
INFO  [17:10:40.540] [bbotk]      288 0.1582938         8 0.06714847        0      0            0.789
INFO  [17:10:40.540] [bbotk]                                 uhash
INFO  [17:10:40.540] [bbotk]  5086301c-1208-4f5a-afd0-bf153cad7554
INFO  [17:10:40.545] [bbotk] Evaluating 1 configuration(s)
INFO  [17:10:40.964] [bbotk] Result of batch 10:
INFO  [17:10:40.965] [bbotk]  nrounds       eta max_depth classif.ce warnings errors runtime_learners
INFO  [17:10:40.965] [bbotk]      138 0.2986942         5  0.0651525        0      0             0.36
INFO  [17:10:40.965] [bbotk]                                 uhash
INFO  [17:10:40.965] [bbotk]  139e13ef-a32f-4193-a61f-ab633a975b5e
INFO  [17:10:40.977] [bbotk] Finished optimizing after 10 evaluation(s)
INFO  [17:10:40.977] [bbotk] Result:
INFO  [17:10:40.979] [bbotk]  nrounds        eta max_depth learner_param_vals  x_domain classif.ce
INFO  [17:10:40.979] [bbotk]    <int>      <num>     <int>             <list>    <list>      <num>
INFO  [17:10:40.979] [bbotk]      107 0.04513843         5          <list[5]> <list[3]> 0.06314748

### [bt]: Job terminated successfully [batchtools job.id=2317]
### [bt]: Starting job [batchtools job.id=2318]
### [bt]: Generating problem instance for problem 'a63d756aec4c60c1' ...
### [bt]: Applying algorithm 'run_learner' on problem 'a63d756aec4c60c1' for job 2318 (seed = 2319) ...
INFO  [17:10:41.984] [mlr3] Applying learner 'classif.xgboost.tuned_calib.tunefirst.perfold_platt' on task 'pc1' (iter 8/10)
INFO  [17:10:42.015] [bbotk] Starting to optimize 3 parameter(s) with '<OptimizerBatchRandomSearch>' and '<TerminatorEvals> [n_evals=10, k=0]'
INFO  [17:10:42.036] [bbotk] Evaluating 1 configuration(s)
INFO  [17:10:42.567] [bbotk] Result of batch 1:
INFO  [17:10:42.569] [bbotk]  nrounds       eta max_depth classif.ce warnings errors runtime_learners
INFO  [17:10:42.569] [bbotk]      181 0.2072718         9 0.06312336        0      0            0.499
INFO  [17:10:42.569] [bbotk]                                 uhash
INFO  [17:10:42.569] [bbotk]  21df696e-ca63-4a74-a4f9-b111bf6096d6
INFO  [17:10:42.579] [bbotk] Evaluating 1 configuration(s)
INFO  [17:10:42.925] [bbotk] Result of batch 2:
INFO  [17:10:42.927] [bbotk]  nrounds       eta max_depth classif.ce warnings errors runtime_learners
INFO  [17:10:42.927] [bbotk]      258 0.2079675         2  0.0651314        0      0            0.305
INFO  [17:10:42.927] [bbotk]                                 uhash
INFO  [17:10:42.927] [bbotk]  22731c9b-2bf0-4a1e-95aa-fbf5e9f2d43e
INFO  [17:10:42.931] [bbotk] Evaluating 1 configuration(s)
INFO  [17:10:43.345] [bbotk] Result of batch 3:
INFO  [17:10:43.346] [bbotk]  nrounds       eta max_depth classif.ce warnings errors runtime_learners
INFO  [17:10:43.346] [bbotk]      262 0.2761123         2 0.06212236        0      0            0.355
INFO  [17:10:43.346] [bbotk]                                 uhash
INFO  [17:10:43.346] [bbotk]  6bacac7a-56f9-4a0e-b9f9-aee0e2ed6f46
INFO  [17:10:43.350] [bbotk] Evaluating 1 configuration(s)
INFO  [17:10:43.967] [bbotk] Result of batch 4:
INFO  [17:10:43.968] [bbotk]  nrounds       eta max_depth classif.ce warnings errors runtime_learners
INFO  [17:10:43.968] [bbotk]      231 0.2419718         9 0.06412437        0      0            0.586
INFO  [17:10:43.968] [bbotk]                                 uhash
INFO  [17:10:43.968] [bbotk]  a1cc1238-b161-4137-8e39-689f1f9994f7
INFO  [17:10:43.976] [bbotk] Evaluating 1 configuration(s)
INFO  [17:10:44.381] [bbotk] Result of batch 5:
INFO  [17:10:44.382] [bbotk]  nrounds       eta max_depth classif.ce warnings errors runtime_learners
INFO  [17:10:44.382] [bbotk]      123 0.2396433         7 0.06412437        0      0            0.362
INFO  [17:10:44.382] [bbotk]                                 uhash
INFO  [17:10:44.382] [bbotk]  d8703f3b-c2e9-4fc3-a3ac-4d8c10bd800b
INFO  [17:10:44.393] [bbotk] Evaluating 1 configuration(s)
INFO  [17:10:45.347] [bbotk] Result of batch 6:
INFO  [17:10:45.349] [bbotk]  nrounds       eta max_depth classif.ce warnings errors runtime_learners
INFO  [17:10:45.349] [bbotk]      293 0.0515004         7 0.06212236        0      0            0.905
INFO  [17:10:45.349] [bbotk]                                 uhash
INFO  [17:10:45.349] [bbotk]  92e7aa73-7835-4e52-a571-59e682c79888
INFO  [17:10:45.363] [bbotk] Evaluating 1 configuration(s)
INFO  [17:10:46.009] [bbotk] Result of batch 7:
INFO  [17:10:46.013] [bbotk]  nrounds      eta max_depth classif.ce warnings errors runtime_learners
INFO  [17:10:46.013] [bbotk]      202 0.208994         6 0.05911635        0      0            0.572
INFO  [17:10:46.013] [bbotk]                                 uhash
INFO  [17:10:46.013] [bbotk]  d700db79-f2e4-45bc-8027-9f312caf4a63
INFO  [17:10:46.017] [bbotk] Evaluating 1 configuration(s)
INFO  [17:10:46.693] [bbotk] Result of batch 8:
INFO  [17:10:46.695] [bbotk]  nrounds       eta max_depth classif.ce warnings errors runtime_learners
INFO  [17:10:46.695] [bbotk]      270 0.2330382         8 0.06312336        0      0            0.625
INFO  [17:10:46.695] [bbotk]                                 uhash
INFO  [17:10:46.695] [bbotk]  1bb1897f-5cd7-4109-9251-d2468821a811
INFO  [17:10:46.707] [bbotk] Evaluating 1 configuration(s)
INFO  [17:10:47.073] [bbotk] Result of batch 9:
INFO  [17:10:47.074] [bbotk]  nrounds       eta max_depth classif.ce warnings errors runtime_learners
INFO  [17:10:47.074] [bbotk]      119 0.2462374         6 0.06112136        0      0             0.32
INFO  [17:10:47.074] [bbotk]                                 uhash
INFO  [17:10:47.074] [bbotk]  9e7a31dc-6779-4d25-9411-9d24a5825b9c
INFO  [17:10:47.079] [bbotk] Evaluating 1 configuration(s)
INFO  [17:10:47.536] [bbotk] Result of batch 10:
INFO  [17:10:47.537] [bbotk]  nrounds        eta max_depth classif.ce warnings errors runtime_learners
INFO  [17:10:47.537] [bbotk]      151 0.08428296         5 0.06112438        0      0            0.423
INFO  [17:10:47.537] [bbotk]                                 uhash
INFO  [17:10:47.537] [bbotk]  89ef2914-df67-4bfd-b72c-d7c5531e023a
INFO  [17:10:47.551] [bbotk] Finished optimizing after 10 evaluation(s)
INFO  [17:10:47.554] [bbotk] Result:
INFO  [17:10:47.555] [bbotk]  nrounds      eta max_depth learner_param_vals  x_domain classif.ce
INFO  [17:10:47.555] [bbotk]    <int>    <num>     <int>             <list>    <list>      <num>
INFO  [17:10:47.555] [bbotk]      202 0.208994         6          <list[5]> <list[3]> 0.05911635

### [bt]: Job terminated successfully [batchtools job.id=2318]
### [bt]: Starting job [batchtools job.id=2319]
### [bt]: Generating problem instance for problem 'a63d756aec4c60c1' ...
### [bt]: Applying algorithm 'run_learner' on problem 'a63d756aec4c60c1' for job 2319 (seed = 2320) ...
INFO  [17:10:49.127] [mlr3] Applying learner 'classif.xgboost.tuned_calib.tunefirst.perfold_platt' on task 'pc1' (iter 9/10)
INFO  [17:10:49.184] [bbotk] Starting to optimize 3 parameter(s) with '<OptimizerBatchRandomSearch>' and '<TerminatorEvals> [n_evals=10, k=0]'
INFO  [17:10:49.209] [bbotk] Evaluating 1 configuration(s)
INFO  [17:10:50.089] [bbotk] Result of batch 1:
INFO  [17:10:50.091] [bbotk]  nrounds       eta max_depth classif.ce warnings errors runtime_learners
INFO  [17:10:50.091] [bbotk]      282 0.1514035        10 0.06612938        0      0            0.842
INFO  [17:10:50.091] [bbotk]                                 uhash
INFO  [17:10:50.091] [bbotk]  8b095727-4e2c-4369-9466-46c6126a220c
INFO  [17:10:50.096] [bbotk] Evaluating 1 configuration(s)
INFO  [17:10:50.600] [bbotk] Result of batch 2:
INFO  [17:10:50.601] [bbotk]  nrounds      eta max_depth classif.ce warnings errors runtime_learners
INFO  [17:10:50.601] [bbotk]      224 0.120857         4 0.06211935        0      0            0.462
INFO  [17:10:50.601] [bbotk]                                 uhash
INFO  [17:10:50.601] [bbotk]  2d41cd37-1be0-4ff9-a44d-d17cecd5756a
INFO  [17:10:50.608] [bbotk] Evaluating 1 configuration(s)
INFO  [17:10:50.815] [bbotk] Result of batch 3:
INFO  [17:10:50.816] [bbotk]  nrounds       eta max_depth classif.ce warnings errors runtime_learners
INFO  [17:10:50.816] [bbotk]       59 0.2163436         7 0.06212236        0      0            0.167
INFO  [17:10:50.816] [bbotk]                                 uhash
INFO  [17:10:50.816] [bbotk]  ceea2c6e-83b9-4098-9d66-6e7b19e470c8
INFO  [17:10:50.839] [bbotk] Evaluating 1 configuration(s)
INFO  [17:10:51.405] [bbotk] Result of batch 4:
INFO  [17:10:51.407] [bbotk]  nrounds       eta max_depth classif.ce warnings errors runtime_learners
INFO  [17:10:51.407] [bbotk]      184 0.1646057         8 0.06612938        0      0            0.525
INFO  [17:10:51.407] [bbotk]                                 uhash
INFO  [17:10:51.407] [bbotk]  e3e6c01a-1cd4-472b-b926-e6dfa6853e73
INFO  [17:10:51.417] [bbotk] Evaluating 1 configuration(s)
INFO  [17:10:51.765] [bbotk] Result of batch 5:
INFO  [17:10:51.765] [bbotk]  nrounds       eta max_depth classif.ce warnings errors runtime_learners
INFO  [17:10:51.765] [bbotk]      124 0.1993228         7 0.06212236        0      0             0.31
INFO  [17:10:51.765] [bbotk]                                 uhash
INFO  [17:10:51.765] [bbotk]  381da073-a2bb-4b45-9187-0ea90e67505c
INFO  [17:10:51.775] [bbotk] Evaluating 1 configuration(s)
INFO  [17:10:52.289] [bbotk] Result of batch 6:
INFO  [17:10:52.290] [bbotk]  nrounds       eta max_depth classif.ce warnings errors runtime_learners
INFO  [17:10:52.290] [bbotk]      189 0.1525209         6 0.06412738        0      0             0.47
INFO  [17:10:52.290] [bbotk]                                 uhash
INFO  [17:10:52.290] [bbotk]  b4311d8f-8dd5-44c6-b819-7800f7553978
INFO  [17:10:52.294] [bbotk] Evaluating 1 configuration(s)
INFO  [17:10:52.883] [bbotk] Result of batch 7:
INFO  [17:10:52.885] [bbotk]  nrounds       eta max_depth classif.ce warnings errors runtime_learners
INFO  [17:10:52.885] [bbotk]      226 0.1717722         9 0.06612637        0      0            0.535
INFO  [17:10:52.885] [bbotk]                                 uhash
INFO  [17:10:52.885] [bbotk]  96b6593c-5897-4074-80d2-1662977baa10
INFO  [17:10:52.894] [bbotk] Evaluating 1 configuration(s)
INFO  [17:10:53.060] [bbotk] Result of batch 8:
INFO  [17:10:53.061] [bbotk]  nrounds        eta max_depth classif.ce warnings errors runtime_learners
INFO  [17:10:53.061] [bbotk]       62 0.05882785         4 0.05611334        0      0            0.121
INFO  [17:10:53.061] [bbotk]                                 uhash
INFO  [17:10:53.061] [bbotk]  eeaccb92-1044-45bc-bdc6-90ab06bd05c1
INFO  [17:10:53.071] [bbotk] Evaluating 1 configuration(s)
INFO  [17:10:53.662] [bbotk] Result of batch 9:
INFO  [17:10:53.663] [bbotk]  nrounds        eta max_depth classif.ce warnings errors runtime_learners
INFO  [17:10:53.663] [bbotk]      193 0.06780742         7 0.06211633        0      0            0.555
INFO  [17:10:53.663] [bbotk]                                 uhash
INFO  [17:10:53.663] [bbotk]  4aa9f17a-1a5b-4a09-bdcd-c8b6ab92f0bd
INFO  [17:10:53.669] [bbotk] Evaluating 1 configuration(s)
INFO  [17:10:53.983] [bbotk] Result of batch 10:
INFO  [17:10:53.985] [bbotk]  nrounds       eta max_depth classif.ce warnings errors runtime_learners
INFO  [17:10:53.985] [bbotk]      216 0.2082533         3 0.06713038        0      0            0.287
INFO  [17:10:53.985] [bbotk]                                 uhash
INFO  [17:10:53.985] [bbotk]  66d26711-7fbb-4c83-983f-dab6bdd67094
INFO  [17:10:53.998] [bbotk] Finished optimizing after 10 evaluation(s)
INFO  [17:10:53.998] [bbotk] Result:
INFO  [17:10:53.999] [bbotk]  nrounds        eta max_depth learner_param_vals  x_domain classif.ce
INFO  [17:10:53.999] [bbotk]    <int>      <num>     <int>             <list>    <list>      <num>
INFO  [17:10:53.999] [bbotk]       62 0.05882785         4          <list[5]> <list[3]> 0.05611334

### [bt]: Job terminated successfully [batchtools job.id=2319]
### [bt]: Starting job [batchtools job.id=2320]
### [bt]: Generating problem instance for problem 'a63d756aec4c60c1' ...
### [bt]: Applying algorithm 'run_learner' on problem 'a63d756aec4c60c1' for job 2320 (seed = 2321) ...
INFO  [17:10:54.492] [mlr3] Applying learner 'classif.xgboost.tuned_calib.tunefirst.perfold_platt' on task 'pc1' (iter 10/10)
INFO  [17:10:54.530] [bbotk] Starting to optimize 3 parameter(s) with '<OptimizerBatchRandomSearch>' and '<TerminatorEvals> [n_evals=10, k=0]'
INFO  [17:10:54.554] [bbotk] Evaluating 1 configuration(s)
INFO  [17:10:55.065] [bbotk] Result of batch 1:
INFO  [17:10:55.067] [bbotk]  nrounds       eta max_depth classif.ce warnings errors runtime_learners
INFO  [17:10:55.067] [bbotk]      201 0.2104711        10 0.06206206        0      0            0.477
INFO  [17:10:55.067] [bbotk]                                 uhash
INFO  [17:10:55.067] [bbotk]  36636d12-0cab-441b-83f5-c9640af6e539
INFO  [17:10:55.078] [bbotk] Evaluating 1 configuration(s)
INFO  [17:10:55.899] [bbotk] Result of batch 2:
INFO  [17:10:55.900] [bbotk]  nrounds        eta max_depth classif.ce warnings errors runtime_learners
INFO  [17:10:55.900] [bbotk]      268 0.02874757         8 0.06106106        0      0             0.78
INFO  [17:10:55.900] [bbotk]                                 uhash
INFO  [17:10:55.900] [bbotk]  841a6266-60c8-4cd7-8ca3-75496971ac89
INFO  [17:10:55.904] [bbotk] Evaluating 1 configuration(s)
INFO  [17:10:56.251] [bbotk] Result of batch 3:
INFO  [17:10:56.251] [bbotk]  nrounds      eta max_depth classif.ce warnings errors runtime_learners
INFO  [17:10:56.251] [bbotk]      110 0.145037        10 0.06106106        0      0            0.311
INFO  [17:10:56.251] [bbotk]                                 uhash
INFO  [17:10:56.251] [bbotk]  3e4e70f6-e9d2-4a57-8ebf-3d414ac1f9f3
INFO  [17:10:56.256] [bbotk] Evaluating 1 configuration(s)
INFO  [17:10:56.425] [bbotk] Result of batch 4:
INFO  [17:10:56.427] [bbotk]  nrounds       eta max_depth classif.ce warnings errors runtime_learners
INFO  [17:10:56.427] [bbotk]       56 0.2630965         4 0.06406406        0      0            0.116
INFO  [17:10:56.427] [bbotk]                                 uhash
INFO  [17:10:56.427] [bbotk]  c2ac9602-de31-4173-9bde-81e723a199a4
INFO  [17:10:56.436] [bbotk] Evaluating 1 configuration(s)
INFO  [17:10:56.674] [bbotk] Result of batch 5:
INFO  [17:10:56.676] [bbotk]  nrounds        eta max_depth classif.ce warnings errors runtime_learners
INFO  [17:10:56.676] [bbotk]      207 0.04542678         2 0.06106106        0      0            0.202
INFO  [17:10:56.676] [bbotk]                                 uhash
INFO  [17:10:56.676] [bbotk]  91287000-86cf-432a-a6db-59df805de206
INFO  [17:10:56.686] [bbotk] Evaluating 1 configuration(s)
INFO  [17:10:56.949] [bbotk] Result of batch 6:
INFO  [17:10:56.950] [bbotk]  nrounds       eta max_depth classif.ce warnings errors runtime_learners
INFO  [17:10:56.950] [bbotk]       69 0.1671124         9 0.06106106        0      0            0.219
INFO  [17:10:56.950] [bbotk]                                 uhash
INFO  [17:10:56.950] [bbotk]  7e4e2f48-8dac-42ac-a2e0-0677318cbecc
INFO  [17:10:56.955] [bbotk] Evaluating 1 configuration(s)
INFO  [17:10:57.631] [bbotk] Result of batch 7:
INFO  [17:10:57.632] [bbotk]  nrounds        eta max_depth classif.ce warnings errors runtime_learners
INFO  [17:10:57.632] [bbotk]      239 0.08400608         8 0.06206206        0      0            0.641
INFO  [17:10:57.632] [bbotk]                                 uhash
INFO  [17:10:57.632] [bbotk]  95dde78f-f3e9-4ae6-892e-0d82cdcacb0c
INFO  [17:10:57.639] [bbotk] Evaluating 1 configuration(s)
INFO  [17:10:58.062] [bbotk] Result of batch 8:
INFO  [17:10:58.063] [bbotk]  nrounds       eta max_depth classif.ce warnings errors runtime_learners
INFO  [17:10:58.063] [bbotk]      130 0.1094609         6 0.06306306        0      0            0.376
INFO  [17:10:58.063] [bbotk]                                 uhash
INFO  [17:10:58.063] [bbotk]  52ede6eb-3caf-4230-860a-a2b181258741
INFO  [17:10:58.069] [bbotk] Evaluating 1 configuration(s)
INFO  [17:10:58.362] [bbotk] Result of batch 9:
INFO  [17:10:58.363] [bbotk]  nrounds        eta max_depth classif.ce warnings errors runtime_learners
INFO  [17:10:58.363] [bbotk]      172 0.05413218         3 0.06306306        0      0            0.252
INFO  [17:10:58.363] [bbotk]                                 uhash
INFO  [17:10:58.363] [bbotk]  404a2f99-0adb-4362-96cb-6a96502fbb17
INFO  [17:10:58.367] [bbotk] Evaluating 1 configuration(s)
INFO  [17:10:58.887] [bbotk] Result of batch 10:
INFO  [17:10:58.888] [bbotk]  nrounds       eta max_depth classif.ce warnings errors runtime_learners
INFO  [17:10:58.888] [bbotk]      201 0.1289135         7 0.06406406        0      0            0.492
INFO  [17:10:58.888] [bbotk]                                 uhash
INFO  [17:10:58.888] [bbotk]  a58647ad-3e42-407b-98e3-261030c261c6
INFO  [17:10:58.899] [bbotk] Finished optimizing after 10 evaluation(s)
INFO  [17:10:58.900] [bbotk] Result:
INFO  [17:10:58.901] [bbotk]  nrounds        eta max_depth learner_param_vals  x_domain classif.ce
INFO  [17:10:58.901] [bbotk]    <int>      <num>     <int>             <list>    <list>      <num>
INFO  [17:10:58.901] [bbotk]      268 0.02874757         8          <list[5]> <list[3]> 0.06106106

### [bt]: Job terminated successfully [batchtools job.id=2320]
### [bt]: Calculation finished!
