### [bt]: This is batchtools v0.9.17
### [bt]: Starting calculation of 5 jobs
### [bt]: Setting working directory to '/Users/User/Documents/Studium/Semester8/Hiwi/mlr3calibration/vignettes'
### [bt]: Memory measurement disabled
### [bt]: Starting job [batchtools job.id=3666]
### [bt]: Generating problem instance for problem '01ea4b20a58e68c2' ...
### [bt]: Applying algorithm 'run_learner' on problem '01ea4b20a58e68c2' for job 3666 (seed = 3667) ...
INFO  [17:33:48.377] [mlr3] Applying learner 'classif.ranger.tuned_calib.oof_beta' on task 'wilt' (iter 6/10)
INFO  [17:33:48.433] [bbotk] Starting to optimize 1 parameter(s) with '<OptimizerBatchRandomSearch>' and '<TerminatorEvals> [n_evals=3, k=0]'
INFO  [17:33:48.444] [bbotk] Evaluating 1 configuration(s)
INFO  [17:33:49.429] [bbotk] Result of batch 1:
INFO  [17:33:49.430] [bbotk]  num.trees classif.ce warnings errors runtime_learners
INFO  [17:33:49.430] [bbotk]        421 0.01693473        0      0            0.942
INFO  [17:33:49.430] [bbotk]                                 uhash
INFO  [17:33:49.430] [bbotk]  289e55f0-388e-4fcd-9726-dc36311f14d8
INFO  [17:33:49.432] [bbotk] Evaluating 1 configuration(s)
INFO  [17:33:50.314] [bbotk] Result of batch 2:
INFO  [17:33:50.315] [bbotk]  num.trees classif.ce warnings errors runtime_learners
INFO  [17:33:50.315] [bbotk]        358 0.01808316        0      0            0.839
INFO  [17:33:50.315] [bbotk]                                 uhash
INFO  [17:33:50.315] [bbotk]  ea2f2513-a355-4e2a-996b-bb1843973424
INFO  [17:33:50.317] [bbotk] Evaluating 1 configuration(s)
INFO  [17:33:51.539] [bbotk] Result of batch 3:
INFO  [17:33:51.541] [bbotk]  num.trees classif.ce warnings errors runtime_learners
INFO  [17:33:51.541] [bbotk]        456  0.0175087        0      0            1.179
INFO  [17:33:51.541] [bbotk]                                 uhash
INFO  [17:33:51.541] [bbotk]  0a88eb8e-d65c-4dd6-9b23-b64b225f42d7
INFO  [17:33:51.553] [bbotk] Finished optimizing after 3 evaluation(s)
INFO  [17:33:51.553] [bbotk] Result:
INFO  [17:33:51.554] [bbotk]  num.trees learner_param_vals  x_domain classif.ce
INFO  [17:33:51.554] [bbotk]      <int>             <list>    <list>      <num>
INFO  [17:33:51.554] [bbotk]        421          <list[2]> <list[1]> 0.01693473
INFO  [17:33:52.251] [bbotk] Starting to optimize 1 parameter(s) with '<OptimizerBatchRandomSearch>' and '<TerminatorEvals> [n_evals=3, k=0]'
INFO  [17:33:52.257] [bbotk] Evaluating 1 configuration(s)
INFO  [17:33:53.438] [bbotk] Result of batch 1:
INFO  [17:33:53.439] [bbotk]  num.trees classif.ce warnings errors runtime_learners
INFO  [17:33:53.439] [bbotk]        473  0.0203788        0      0            1.137
INFO  [17:33:53.439] [bbotk]                                 uhash
INFO  [17:33:53.439] [bbotk]  cd939675-9f20-41af-a024-c26da4c4682f
INFO  [17:33:53.442] [bbotk] Evaluating 1 configuration(s)
INFO  [17:33:53.764] [bbotk] Result of batch 2:
INFO  [17:33:53.765] [bbotk]  num.trees classif.ce warnings errors runtime_learners
INFO  [17:33:53.765] [bbotk]        115 0.01980458        0      0             0.28
INFO  [17:33:53.765] [bbotk]                                 uhash
INFO  [17:33:53.765] [bbotk]  c38003d6-684e-4161-92bd-dc8a283a8ede
INFO  [17:33:53.768] [bbotk] Evaluating 1 configuration(s)
INFO  [17:33:54.761] [bbotk] Result of batch 3:
INFO  [17:33:54.762] [bbotk]  num.trees classif.ce warnings errors runtime_learners
INFO  [17:33:54.762] [bbotk]        406 0.02009169        0      0            0.964
INFO  [17:33:54.762] [bbotk]                                 uhash
INFO  [17:33:54.762] [bbotk]  41bde12c-50ec-483a-a13a-75f7974d067f
INFO  [17:33:54.772] [bbotk] Finished optimizing after 3 evaluation(s)
INFO  [17:33:54.773] [bbotk] Result:
INFO  [17:33:54.774] [bbotk]  num.trees learner_param_vals  x_domain classif.ce
INFO  [17:33:54.774] [bbotk]      <int>             <list>    <list>      <num>
INFO  [17:33:54.774] [bbotk]        115          <list[2]> <list[1]> 0.01980458
INFO  [17:33:54.944] [bbotk] Starting to optimize 1 parameter(s) with '<OptimizerBatchRandomSearch>' and '<TerminatorEvals> [n_evals=3, k=0]'
INFO  [17:33:54.949] [bbotk] Evaluating 1 configuration(s)
INFO  [17:33:55.575] [bbotk] Result of batch 1:
INFO  [17:33:55.576] [bbotk]  num.trees classif.ce warnings errors runtime_learners
INFO  [17:33:55.576] [bbotk]        277 0.01865515        0      0            0.585
INFO  [17:33:55.576] [bbotk]                                 uhash
INFO  [17:33:55.576] [bbotk]  06a823c6-260c-4c70-bb8a-6215ab4bcfaa
INFO  [17:33:55.578] [bbotk] Evaluating 1 configuration(s)
INFO  [17:33:56.008] [bbotk] Result of batch 2:
INFO  [17:33:56.009] [bbotk]  num.trees classif.ce warnings errors runtime_learners
INFO  [17:33:56.009] [bbotk]        152 0.01836805        0      0            0.372
INFO  [17:33:56.009] [bbotk]                                 uhash
INFO  [17:33:56.009] [bbotk]  0d7de7b5-96d1-467a-a189-201bd12ac2e0
INFO  [17:33:56.011] [bbotk] Evaluating 1 configuration(s)
INFO  [17:33:56.522] [bbotk] Result of batch 3:
INFO  [17:33:56.524] [bbotk]  num.trees classif.ce warnings errors runtime_learners
INFO  [17:33:56.524] [bbotk]        207 0.01922937        0      0            0.465
INFO  [17:33:56.524] [bbotk]                                 uhash
INFO  [17:33:56.524] [bbotk]  ebcaa1e4-d49a-4d0c-be73-b04d3d419eb0
INFO  [17:33:56.536] [bbotk] Finished optimizing after 3 evaluation(s)
INFO  [17:33:56.537] [bbotk] Result:
INFO  [17:33:56.537] [bbotk]  num.trees learner_param_vals  x_domain classif.ce
INFO  [17:33:56.537] [bbotk]      <int>             <list>    <list>      <num>
INFO  [17:33:56.537] [bbotk]        152          <list[2]> <list[1]> 0.01836805
INFO  [17:33:56.732] [bbotk] Starting to optimize 1 parameter(s) with '<OptimizerBatchRandomSearch>' and '<TerminatorEvals> [n_evals=3, k=0]'
INFO  [17:33:56.741] [bbotk] Evaluating 1 configuration(s)
INFO  [17:33:57.712] [bbotk] Result of batch 1:
INFO  [17:33:57.713] [bbotk]  num.trees classif.ce warnings errors runtime_learners
INFO  [17:33:57.713] [bbotk]        396 0.01923085        0      0            0.935
INFO  [17:33:57.713] [bbotk]                                 uhash
INFO  [17:33:57.713] [bbotk]  2c53da21-2769-412c-bb32-63edbdb3004b
INFO  [17:33:57.715] [bbotk] Evaluating 1 configuration(s)
INFO  [17:33:58.103] [bbotk] Result of batch 2:
INFO  [17:33:58.103] [bbotk]  num.trees classif.ce warnings errors runtime_learners
INFO  [17:33:58.103] [bbotk]        161  0.0203788        0      0            0.346
INFO  [17:33:58.103] [bbotk]                                 uhash
INFO  [17:33:58.103] [bbotk]  d34d8765-7782-4a11-9c23-b21637b50cf1
INFO  [17:33:58.106] [bbotk] Evaluating 1 configuration(s)
INFO  [17:33:59.426] [bbotk] Result of batch 3:
INFO  [17:33:59.427] [bbotk]  num.trees classif.ce warnings errors runtime_learners
INFO  [17:33:59.427] [bbotk]        499 0.02009169        0      0            1.272
INFO  [17:33:59.427] [bbotk]                                 uhash
INFO  [17:33:59.427] [bbotk]  3f530fb8-9823-48ad-ac75-9ebe638c2e61
INFO  [17:33:59.438] [bbotk] Finished optimizing after 3 evaluation(s)
INFO  [17:33:59.438] [bbotk] Result:
INFO  [17:33:59.440] [bbotk]  num.trees learner_param_vals  x_domain classif.ce
INFO  [17:33:59.440] [bbotk]      <int>             <list>    <list>      <num>
INFO  [17:33:59.440] [bbotk]        396          <list[2]> <list[1]> 0.01923085
INFO  [17:34:00.087] [bbotk] Starting to optimize 1 parameter(s) with '<OptimizerBatchRandomSearch>' and '<TerminatorEvals> [n_evals=3, k=0]'
INFO  [17:34:00.094] [bbotk] Evaluating 1 configuration(s)
INFO  [17:34:01.188] [bbotk] Result of batch 1:
INFO  [17:34:01.189] [bbotk]  num.trees classif.ce warnings errors runtime_learners
INFO  [17:34:01.189] [bbotk]        411 0.02009193        0      0            1.033
INFO  [17:34:01.189] [bbotk]                                 uhash
INFO  [17:34:01.189] [bbotk]  cabd0b0b-972d-4326-8d47-4509f955b59a
INFO  [17:34:01.191] [bbotk] Evaluating 1 configuration(s)
INFO  [17:34:02.317] [bbotk] Result of batch 2:
INFO  [17:34:02.318] [bbotk]  num.trees classif.ce warnings errors runtime_learners
INFO  [17:34:02.318] [bbotk]        428 0.01980483        0      0            1.089
INFO  [17:34:02.318] [bbotk]                                 uhash
INFO  [17:34:02.318] [bbotk]  faa5cedd-99b1-41f2-9cad-cd5444168b5f
INFO  [17:34:02.320] [bbotk] Evaluating 1 configuration(s)
INFO  [17:34:03.134] [bbotk] Result of batch 3:
INFO  [17:34:03.136] [bbotk]  num.trees classif.ce warnings errors runtime_learners
INFO  [17:34:03.136] [bbotk]        321 0.01951772        0      0            0.776
INFO  [17:34:03.136] [bbotk]                                 uhash
INFO  [17:34:03.136] [bbotk]  f667b372-6bf2-4832-9ea3-8ecc45574b58
INFO  [17:34:03.151] [bbotk] Finished optimizing after 3 evaluation(s)
INFO  [17:34:03.151] [bbotk] Result:
INFO  [17:34:03.153] [bbotk]  num.trees learner_param_vals  x_domain classif.ce
INFO  [17:34:03.153] [bbotk]      <int>             <list>    <list>      <num>
INFO  [17:34:03.153] [bbotk]        321          <list[2]> <list[1]> 0.01951772
Warning: glm.fit: fitted probabilities numerically 0 or 1 occurred
This happened PipeOp classif.ranger's $train()
[1] -123.4829
[1] 28.79141

### [bt]: Job terminated successfully [batchtools job.id=3666]
### [bt]: Starting job [batchtools job.id=3667]
### [bt]: Generating problem instance for problem '01ea4b20a58e68c2' ...
### [bt]: Applying algorithm 'run_learner' on problem '01ea4b20a58e68c2' for job 3667 (seed = 3668) ...
INFO  [17:34:03.824] [mlr3] Applying learner 'classif.ranger.tuned_calib.oof_beta' on task 'wilt' (iter 7/10)
INFO  [17:34:04.057] [bbotk] Starting to optimize 1 parameter(s) with '<OptimizerBatchRandomSearch>' and '<TerminatorEvals> [n_evals=3, k=0]'
INFO  [17:34:04.075] [bbotk] Evaluating 1 configuration(s)
INFO  [17:34:05.198] [bbotk] Result of batch 1:
INFO  [17:34:05.199] [bbotk]  num.trees classif.ce warnings errors runtime_learners
INFO  [17:34:05.199] [bbotk]        357 0.01894276        0      0            1.075
INFO  [17:34:05.199] [bbotk]                                 uhash
INFO  [17:34:05.199] [bbotk]  262e2eb2-5bf2-42a1-a035-d3c654c515d4
INFO  [17:34:05.201] [bbotk] Evaluating 1 configuration(s)
INFO  [17:34:06.100] [bbotk] Result of batch 2:
INFO  [17:34:06.102] [bbotk]  num.trees classif.ce warnings errors runtime_learners
INFO  [17:34:06.102] [bbotk]        351 0.01980359        0      0            0.851
INFO  [17:34:06.102] [bbotk]                                 uhash
INFO  [17:34:06.102] [bbotk]  5bca6ff2-9810-4f74-906f-110ae9b827f7
INFO  [17:34:06.104] [bbotk] Evaluating 1 configuration(s)
INFO  [17:34:06.402] [bbotk] Result of batch 3:
INFO  [17:34:06.404] [bbotk]  num.trees classif.ce warnings errors runtime_learners
INFO  [17:34:06.404] [bbotk]        100   0.018943        0      0            0.254
INFO  [17:34:06.404] [bbotk]                                 uhash
INFO  [17:34:06.404] [bbotk]  309c711b-d626-4168-b58b-7e6c8a74f409
INFO  [17:34:06.418] [bbotk] Finished optimizing after 3 evaluation(s)
INFO  [17:34:06.419] [bbotk] Result:
INFO  [17:34:06.419] [bbotk]  num.trees learner_param_vals  x_domain classif.ce
INFO  [17:34:06.419] [bbotk]      <int>             <list>    <list>      <num>
INFO  [17:34:06.419] [bbotk]        357          <list[2]> <list[1]> 0.01894276
INFO  [17:34:06.982] [bbotk] Starting to optimize 1 parameter(s) with '<OptimizerBatchRandomSearch>' and '<TerminatorEvals> [n_evals=3, k=0]'
INFO  [17:34:06.986] [bbotk] Evaluating 1 configuration(s)
INFO  [17:34:07.460] [bbotk] Result of batch 1:
INFO  [17:34:07.460] [bbotk]  num.trees classif.ce warnings errors runtime_learners
INFO  [17:34:07.460] [bbotk]        188 0.01980483        0      0            0.437
INFO  [17:34:07.460] [bbotk]                                 uhash
INFO  [17:34:07.460] [bbotk]  4f6f8dda-afb9-4045-ae70-c0505441cf83
INFO  [17:34:07.462] [bbotk] Evaluating 1 configuration(s)
INFO  [17:34:08.038] [bbotk] Result of batch 2:
INFO  [17:34:08.039] [bbotk]  num.trees classif.ce warnings errors runtime_learners
INFO  [17:34:08.039] [bbotk]        211 0.01980458        0      0            0.528
INFO  [17:34:08.039] [bbotk]                                 uhash
INFO  [17:34:08.039] [bbotk]  2da89ee8-00cf-40bb-9b11-454cd0c75344
INFO  [17:34:08.042] [bbotk] Evaluating 1 configuration(s)
INFO  [17:34:09.229] [bbotk] Result of batch 3:
INFO  [17:34:09.231] [bbotk]  num.trees classif.ce warnings errors runtime_learners
INFO  [17:34:09.231] [bbotk]        452 0.01865664        0      0            1.143
INFO  [17:34:09.231] [bbotk]                                 uhash
INFO  [17:34:09.231] [bbotk]  620088e0-510b-4723-88b2-3ad4c61826dc
INFO  [17:34:09.245] [bbotk] Finished optimizing after 3 evaluation(s)
INFO  [17:34:09.246] [bbotk] Result:
INFO  [17:34:09.247] [bbotk]  num.trees learner_param_vals  x_domain classif.ce
INFO  [17:34:09.247] [bbotk]      <int>             <list>    <list>      <num>
INFO  [17:34:09.247] [bbotk]        452          <list[2]> <list[1]> 0.01865664
INFO  [17:34:09.983] [bbotk] Starting to optimize 1 parameter(s) with '<OptimizerBatchRandomSearch>' and '<TerminatorEvals> [n_evals=3, k=0]'
INFO  [17:34:09.992] [bbotk] Evaluating 1 configuration(s)
INFO  [17:34:10.409] [bbotk] Result of batch 1:
INFO  [17:34:10.410] [bbotk]  num.trees classif.ce warnings errors runtime_learners
INFO  [17:34:10.410] [bbotk]        163 0.02066739        0      0            0.376
INFO  [17:34:10.410] [bbotk]                                 uhash
INFO  [17:34:10.410] [bbotk]  50c18c2d-7f68-4060-9472-1e44538592a4
INFO  [17:34:10.412] [bbotk] Evaluating 1 configuration(s)
INFO  [17:34:11.805] [bbotk] Result of batch 2:
INFO  [17:34:11.806] [bbotk]  num.trees classif.ce warnings errors runtime_learners
INFO  [17:34:11.806] [bbotk]        487 0.02095474        0      0            1.358
INFO  [17:34:11.806] [bbotk]                                 uhash
INFO  [17:34:11.806] [bbotk]  f1f57fa9-dfff-402e-bfa7-94fe895c212a
INFO  [17:34:11.808] [bbotk] Evaluating 1 configuration(s)
INFO  [17:34:13.297] [bbotk] Result of batch 3:
INFO  [17:34:13.298] [bbotk]  num.trees classif.ce warnings errors runtime_learners
INFO  [17:34:13.298] [bbotk]        498 0.02009342        0      0            1.442
INFO  [17:34:13.298] [bbotk]                                 uhash
INFO  [17:34:13.298] [bbotk]  4d886aaf-90b5-4417-812f-64945b972c4e
INFO  [17:34:13.312] [bbotk] Finished optimizing after 3 evaluation(s)
INFO  [17:34:13.312] [bbotk] Result:
INFO  [17:34:13.314] [bbotk]  num.trees learner_param_vals  x_domain classif.ce
INFO  [17:34:13.314] [bbotk]      <int>             <list>    <list>      <num>
INFO  [17:34:13.314] [bbotk]        498          <list[2]> <list[1]> 0.02009342
INFO  [17:34:14.281] [bbotk] Starting to optimize 1 parameter(s) with '<OptimizerBatchRandomSearch>' and '<TerminatorEvals> [n_evals=3, k=0]'
INFO  [17:34:14.291] [bbotk] Evaluating 1 configuration(s)
INFO  [17:34:15.624] [bbotk] Result of batch 1:
INFO  [17:34:15.625] [bbotk]  num.trees classif.ce warnings errors runtime_learners
INFO  [17:34:15.625] [bbotk]        463 0.01779482        0      0            1.272
INFO  [17:34:15.625] [bbotk]                                 uhash
INFO  [17:34:15.625] [bbotk]  dac1edb5-e729-4412-ad74-958cfc886fc2
INFO  [17:34:15.628] [bbotk] Evaluating 1 configuration(s)
INFO  [17:34:16.096] [bbotk] Result of batch 2:
INFO  [17:34:16.097] [bbotk]  num.trees classif.ce warnings errors runtime_learners
INFO  [17:34:16.097] [bbotk]        198 0.01836903        0      0            0.433
INFO  [17:34:16.097] [bbotk]                                 uhash
INFO  [17:34:16.097] [bbotk]  d18097fe-7f09-432e-9ae3-3bbd760a9472
INFO  [17:34:16.100] [bbotk] Evaluating 1 configuration(s)
INFO  [17:34:16.948] [bbotk] Result of batch 3:
INFO  [17:34:16.950] [bbotk]  num.trees classif.ce warnings errors runtime_learners
INFO  [17:34:16.950] [bbotk]        353 0.01808217        0      0            0.807
INFO  [17:34:16.950] [bbotk]                                 uhash
INFO  [17:34:16.950] [bbotk]  08012bcc-5a59-4031-a393-f62135c20805
INFO  [17:34:16.961] [bbotk] Finished optimizing after 3 evaluation(s)
INFO  [17:34:16.961] [bbotk] Result:
INFO  [17:34:16.962] [bbotk]  num.trees learner_param_vals  x_domain classif.ce
INFO  [17:34:16.962] [bbotk]      <int>             <list>    <list>      <num>
INFO  [17:34:16.962] [bbotk]        463          <list[2]> <list[1]> 0.01779482
INFO  [17:34:17.807] [bbotk] Starting to optimize 1 parameter(s) with '<OptimizerBatchRandomSearch>' and '<TerminatorEvals> [n_evals=3, k=0]'
INFO  [17:34:17.815] [bbotk] Evaluating 1 configuration(s)
INFO  [17:34:18.337] [bbotk] Result of batch 1:
INFO  [17:34:18.339] [bbotk]  num.trees classif.ce warnings errors runtime_learners
INFO  [17:34:18.339] [bbotk]        221 0.02037855        0      0            0.477
INFO  [17:34:18.339] [bbotk]                                 uhash
INFO  [17:34:18.339] [bbotk]  fe2f926f-739c-43cf-95e9-5653940aed7b
INFO  [17:34:18.343] [bbotk] Evaluating 1 configuration(s)
INFO  [17:34:18.629] [bbotk] Result of batch 2:
INFO  [17:34:18.630] [bbotk]  num.trees classif.ce warnings errors runtime_learners
INFO  [17:34:18.630] [bbotk]        106 0.01980458        0      0            0.244
INFO  [17:34:18.630] [bbotk]                                 uhash
INFO  [17:34:18.630] [bbotk]  bb008bf5-06a4-4e6b-b93d-ad6ea61a1845
INFO  [17:34:18.633] [bbotk] Evaluating 1 configuration(s)
INFO  [17:34:19.015] [bbotk] Result of batch 3:
INFO  [17:34:19.016] [bbotk]  num.trees classif.ce warnings errors runtime_learners
INFO  [17:34:19.016] [bbotk]        154 0.01951722        0      0            0.345
INFO  [17:34:19.016] [bbotk]                                 uhash
INFO  [17:34:19.016] [bbotk]  e3176dbc-4348-4817-b55b-7941e7ce4611
INFO  [17:34:19.031] [bbotk] Finished optimizing after 3 evaluation(s)
INFO  [17:34:19.031] [bbotk] Result:
INFO  [17:34:19.032] [bbotk]  num.trees learner_param_vals  x_domain classif.ce
INFO  [17:34:19.032] [bbotk]      <int>             <list>    <list>      <num>
INFO  [17:34:19.032] [bbotk]        154          <list[2]> <list[1]> 0.01951722
Warning: glm.fit: fitted probabilities numerically 0 or 1 occurred
This happened PipeOp classif.ranger's $train()
[1] -73.57214
[1] 49.62597

### [bt]: Job terminated successfully [batchtools job.id=3667]
### [bt]: Starting job [batchtools job.id=3668]
### [bt]: Generating problem instance for problem '01ea4b20a58e68c2' ...
### [bt]: Applying algorithm 'run_learner' on problem '01ea4b20a58e68c2' for job 3668 (seed = 3669) ...
INFO  [17:34:19.483] [mlr3] Applying learner 'classif.ranger.tuned_calib.oof_beta' on task 'wilt' (iter 8/10)
INFO  [17:34:19.587] [bbotk] Starting to optimize 1 parameter(s) with '<OptimizerBatchRandomSearch>' and '<TerminatorEvals> [n_evals=3, k=0]'
INFO  [17:34:19.600] [bbotk] Evaluating 1 configuration(s)
INFO  [17:34:20.504] [bbotk] Result of batch 1:
INFO  [17:34:20.506] [bbotk]  num.trees classif.ce warnings errors runtime_learners
INFO  [17:34:20.506] [bbotk]        322 0.01951969        0      0            0.819
INFO  [17:34:20.506] [bbotk]                                 uhash
INFO  [17:34:20.506] [bbotk]  3f4c9d98-2721-4939-a2dc-95654f567d02
INFO  [17:34:20.510] [bbotk] Evaluating 1 configuration(s)
INFO  [17:34:21.954] [bbotk] Result of batch 2:
INFO  [17:34:21.955] [bbotk]  num.trees classif.ce warnings errors runtime_learners
INFO  [17:34:21.955] [bbotk]        471   0.018372        0      0            1.405
INFO  [17:34:21.955] [bbotk]                                 uhash
INFO  [17:34:21.955] [bbotk]  689b5390-0382-4a87-a75b-4d55d66c9bc4
INFO  [17:34:21.958] [bbotk] Evaluating 1 configuration(s)
INFO  [17:34:23.241] [bbotk] Result of batch 3:
INFO  [17:34:23.243] [bbotk]  num.trees classif.ce warnings errors runtime_learners
INFO  [17:34:23.243] [bbotk]        455 0.01923258        0      0            1.223
INFO  [17:34:23.243] [bbotk]                                 uhash
INFO  [17:34:23.243] [bbotk]  702cc856-48a9-49f8-a2db-39c9f865c4d1
INFO  [17:34:23.252] [bbotk] Finished optimizing after 3 evaluation(s)
INFO  [17:34:23.252] [bbotk] Result:
INFO  [17:34:23.253] [bbotk]  num.trees learner_param_vals  x_domain classif.ce
INFO  [17:34:23.253] [bbotk]      <int>             <list>    <list>      <num>
INFO  [17:34:23.253] [bbotk]        471          <list[2]> <list[1]>   0.018372
INFO  [17:34:24.058] [bbotk] Starting to optimize 1 parameter(s) with '<OptimizerBatchRandomSearch>' and '<TerminatorEvals> [n_evals=3, k=0]'
INFO  [17:34:24.062] [bbotk] Evaluating 1 configuration(s)
INFO  [17:34:24.952] [bbotk] Result of batch 1:
INFO  [17:34:24.953] [bbotk]  num.trees classif.ce warnings errors runtime_learners
INFO  [17:34:24.953] [bbotk]        372 0.02009144        0      0            0.846
INFO  [17:34:24.953] [bbotk]                                 uhash
INFO  [17:34:24.953] [bbotk]  e2177447-a8c7-4234-8a0a-15e9a74ad6da
INFO  [17:34:24.960] [bbotk] Evaluating 1 configuration(s)
INFO  [17:34:26.387] [bbotk] Result of batch 2:
INFO  [17:34:26.388] [bbotk]  num.trees classif.ce warnings errors runtime_learners
INFO  [17:34:26.388] [bbotk]        464 0.01980458        0      0            1.395
INFO  [17:34:26.388] [bbotk]                                 uhash
INFO  [17:34:26.388] [bbotk]  3e9a4a33-e124-4027-ac52-1a5cb53f3633
INFO  [17:34:26.390] [bbotk] Evaluating 1 configuration(s)
INFO  [17:34:27.788] [bbotk] Result of batch 3:
INFO  [17:34:27.789] [bbotk]  num.trees classif.ce warnings errors runtime_learners
INFO  [17:34:27.789] [bbotk]        478 0.01894325        0      0            1.362
INFO  [17:34:27.789] [bbotk]                                 uhash
INFO  [17:34:27.789] [bbotk]  8af02f52-a50b-462b-8518-05b194ec1484
INFO  [17:34:27.796] [bbotk] Finished optimizing after 3 evaluation(s)
INFO  [17:34:27.797] [bbotk] Result:
INFO  [17:34:27.798] [bbotk]  num.trees learner_param_vals  x_domain classif.ce
INFO  [17:34:27.798] [bbotk]      <int>             <list>    <list>      <num>
INFO  [17:34:27.798] [bbotk]        478          <list[2]> <list[1]> 0.01894325
INFO  [17:34:28.624] [bbotk] Starting to optimize 1 parameter(s) with '<OptimizerBatchRandomSearch>' and '<TerminatorEvals> [n_evals=3, k=0]'
INFO  [17:34:28.631] [bbotk] Evaluating 1 configuration(s)
INFO  [17:34:29.064] [bbotk] Result of batch 1:
INFO  [17:34:29.066] [bbotk]  num.trees classif.ce warnings errors runtime_learners
INFO  [17:34:29.066] [bbotk]        139 0.02009243        0      0            0.354
INFO  [17:34:29.066] [bbotk]                                 uhash
INFO  [17:34:29.066] [bbotk]  21ec217d-9acc-4247-8636-9a1e3fef3797
INFO  [17:34:29.077] [bbotk] Evaluating 1 configuration(s)
INFO  [17:34:30.363] [bbotk] Result of batch 2:
INFO  [17:34:30.364] [bbotk]  num.trees classif.ce warnings errors runtime_learners
INFO  [17:34:30.364] [bbotk]        459 0.02037904        0      0            1.234
INFO  [17:34:30.364] [bbotk]                                 uhash
INFO  [17:34:30.364] [bbotk]  50282c92-0572-4d59-8544-62d193a3d581
INFO  [17:34:30.366] [bbotk] Evaluating 1 configuration(s)
INFO  [17:34:31.500] [bbotk] Result of batch 3:
INFO  [17:34:31.500] [bbotk]  num.trees classif.ce warnings errors runtime_learners
INFO  [17:34:31.500] [bbotk]        392 0.02095351        0      0            1.096
INFO  [17:34:31.500] [bbotk]                                 uhash
INFO  [17:34:31.500] [bbotk]  b7cac866-4e1a-48b4-87b7-756a500e817e
INFO  [17:34:31.513] [bbotk] Finished optimizing after 3 evaluation(s)
INFO  [17:34:31.513] [bbotk] Result:
INFO  [17:34:31.514] [bbotk]  num.trees learner_param_vals  x_domain classif.ce
INFO  [17:34:31.514] [bbotk]      <int>             <list>    <list>      <num>
INFO  [17:34:31.514] [bbotk]        139          <list[2]> <list[1]> 0.02009243
INFO  [17:34:31.705] [bbotk] Starting to optimize 1 parameter(s) with '<OptimizerBatchRandomSearch>' and '<TerminatorEvals> [n_evals=3, k=0]'
INFO  [17:34:31.709] [bbotk] Evaluating 1 configuration(s)
INFO  [17:34:32.117] [bbotk] Result of batch 1:
INFO  [17:34:32.119] [bbotk]  num.trees classif.ce warnings errors runtime_learners
INFO  [17:34:32.119] [bbotk]        164 0.01693448        0      0            0.355
INFO  [17:34:32.119] [bbotk]                                 uhash
INFO  [17:34:32.119] [bbotk]  6294a288-4f65-4ec6-b030-318442af00e9
INFO  [17:34:32.124] [bbotk] Evaluating 1 configuration(s)
INFO  [17:34:32.740] [bbotk] Result of batch 2:
INFO  [17:34:32.754] [bbotk]  num.trees classif.ce warnings errors runtime_learners
INFO  [17:34:32.754] [bbotk]        267 0.01836928        0      0            0.565
INFO  [17:34:32.754] [bbotk]                                 uhash
INFO  [17:34:32.754] [bbotk]  84b11070-c004-4504-b9be-fe8a5f95133c
INFO  [17:34:32.758] [bbotk] Evaluating 1 configuration(s)
INFO  [17:34:33.673] [bbotk] Result of batch 3:
INFO  [17:34:33.674] [bbotk]  num.trees classif.ce warnings errors runtime_learners
INFO  [17:34:33.674] [bbotk]        331 0.01722109        0      0            0.862
INFO  [17:34:33.674] [bbotk]                                 uhash
INFO  [17:34:33.674] [bbotk]  0dd71af2-9807-408e-92c3-15ccc891db98
INFO  [17:34:33.687] [bbotk] Finished optimizing after 3 evaluation(s)
INFO  [17:34:33.687] [bbotk] Result:
INFO  [17:34:33.688] [bbotk]  num.trees learner_param_vals  x_domain classif.ce
INFO  [17:34:33.688] [bbotk]      <int>             <list>    <list>      <num>
INFO  [17:34:33.688] [bbotk]        164          <list[2]> <list[1]> 0.01693448
INFO  [17:34:33.904] [bbotk] Starting to optimize 1 parameter(s) with '<OptimizerBatchRandomSearch>' and '<TerminatorEvals> [n_evals=3, k=0]'
INFO  [17:34:33.915] [bbotk] Evaluating 1 configuration(s)
INFO  [17:34:34.772] [bbotk] Result of batch 1:
INFO  [17:34:34.773] [bbotk]  num.trees classif.ce warnings errors runtime_learners
INFO  [17:34:34.773] [bbotk]        302 0.01980507        0      0            0.821
INFO  [17:34:34.773] [bbotk]                                 uhash
INFO  [17:34:34.773] [bbotk]  2f498480-e5c3-4206-891d-3e883259a747
INFO  [17:34:34.775] [bbotk] Evaluating 1 configuration(s)
INFO  [17:34:35.995] [bbotk] Result of batch 2:
INFO  [17:34:35.996] [bbotk]  num.trees classif.ce warnings errors runtime_learners
INFO  [17:34:35.996] [bbotk]        409 0.02037929        0      0            1.179
INFO  [17:34:35.996] [bbotk]                                 uhash
INFO  [17:34:35.996] [bbotk]  9848c90e-0059-46dc-a193-cce0dabb4eaa
INFO  [17:34:35.998] [bbotk] Evaluating 1 configuration(s)
INFO  [17:34:36.743] [bbotk] Result of batch 3:
INFO  [17:34:36.744] [bbotk]  num.trees classif.ce warnings errors runtime_learners
INFO  [17:34:36.744] [bbotk]        293 0.01894399        0      0            0.709
INFO  [17:34:36.744] [bbotk]                                 uhash
INFO  [17:34:36.744] [bbotk]  4cab094f-1a93-4f22-9260-9d3a903ce4ae
INFO  [17:34:36.750] [bbotk] Finished optimizing after 3 evaluation(s)
INFO  [17:34:36.751] [bbotk] Result:
INFO  [17:34:36.751] [bbotk]  num.trees learner_param_vals  x_domain classif.ce
INFO  [17:34:36.751] [bbotk]      <int>             <list>    <list>      <num>
INFO  [17:34:36.751] [bbotk]        293          <list[2]> <list[1]> 0.01894399
[1] -129.8967
[1] 26.11412

### [bt]: Job terminated successfully [batchtools job.id=3668]
### [bt]: Starting job [batchtools job.id=3669]
### [bt]: Generating problem instance for problem '01ea4b20a58e68c2' ...
### [bt]: Applying algorithm 'run_learner' on problem '01ea4b20a58e68c2' for job 3669 (seed = 3670) ...
INFO  [17:34:37.468] [mlr3] Applying learner 'classif.ranger.tuned_calib.oof_beta' on task 'wilt' (iter 9/10)
INFO  [17:34:37.545] [bbotk] Starting to optimize 1 parameter(s) with '<OptimizerBatchRandomSearch>' and '<TerminatorEvals> [n_evals=3, k=0]'
INFO  [17:34:37.550] [bbotk] Evaluating 1 configuration(s)
INFO  [17:34:37.926] [bbotk] Result of batch 1:
INFO  [17:34:37.927] [bbotk]  num.trees classif.ce warnings errors runtime_learners
INFO  [17:34:37.927] [bbotk]        145  0.0212416        0      0            0.326
INFO  [17:34:37.927] [bbotk]                                 uhash
INFO  [17:34:37.927] [bbotk]  ac0b5c8f-8629-4e09-8428-f4dddb223303
INFO  [17:34:37.932] [bbotk] Evaluating 1 configuration(s)
INFO  [17:34:38.353] [bbotk] Result of batch 2:
INFO  [17:34:38.356] [bbotk]  num.trees classif.ce warnings errors runtime_learners
INFO  [17:34:38.356] [bbotk]        151 0.01951895        0      0            0.341
INFO  [17:34:38.356] [bbotk]                                 uhash
INFO  [17:34:38.356] [bbotk]  45e78185-a746-4af7-9151-2a2a3c806aba
INFO  [17:34:38.363] [bbotk] Evaluating 1 configuration(s)
INFO  [17:34:39.075] [bbotk] Result of batch 3:
INFO  [17:34:39.076] [bbotk]  num.trees classif.ce warnings errors runtime_learners
INFO  [17:34:39.076] [bbotk]        262 0.02038003        0      0            0.658
INFO  [17:34:39.076] [bbotk]                                 uhash
INFO  [17:34:39.076] [bbotk]  a0c4d20f-5b83-4f49-91c9-58db3ffd0a81
INFO  [17:34:39.082] [bbotk] Finished optimizing after 3 evaluation(s)
INFO  [17:34:39.083] [bbotk] Result:
INFO  [17:34:39.083] [bbotk]  num.trees learner_param_vals  x_domain classif.ce
INFO  [17:34:39.083] [bbotk]      <int>             <list>    <list>      <num>
INFO  [17:34:39.083] [bbotk]        151          <list[2]> <list[1]> 0.01951895
INFO  [17:34:39.293] [bbotk] Starting to optimize 1 parameter(s) with '<OptimizerBatchRandomSearch>' and '<TerminatorEvals> [n_evals=3, k=0]'
INFO  [17:34:39.299] [bbotk] Evaluating 1 configuration(s)
INFO  [17:34:40.197] [bbotk] Result of batch 1:
INFO  [17:34:40.198] [bbotk]  num.trees classif.ce warnings errors runtime_learners
INFO  [17:34:40.198] [bbotk]        381  0.0192316        0      0            0.849
INFO  [17:34:40.198] [bbotk]                                 uhash
INFO  [17:34:40.198] [bbotk]  fe58d6be-ba29-46da-bebf-b084f76715e0
INFO  [17:34:40.200] [bbotk] Evaluating 1 configuration(s)
INFO  [17:34:40.745] [bbotk] Result of batch 2:
INFO  [17:34:40.745] [bbotk]  num.trees classif.ce warnings errors runtime_learners
INFO  [17:34:40.745] [bbotk]        210 0.02009292        0      0             0.51
INFO  [17:34:40.745] [bbotk]                                 uhash
INFO  [17:34:40.745] [bbotk]  49d4ab42-631b-4c9d-8f32-49dc58ef7509
INFO  [17:34:40.748] [bbotk] Evaluating 1 configuration(s)
INFO  [17:34:41.145] [bbotk] Result of batch 3:
INFO  [17:34:41.147] [bbotk]  num.trees classif.ce warnings errors runtime_learners
INFO  [17:34:41.147] [bbotk]        146 0.01980581        0      0            0.346
INFO  [17:34:41.147] [bbotk]                                 uhash
INFO  [17:34:41.147] [bbotk]  7165aa6f-7dab-4079-af18-d7e6354a695c
INFO  [17:34:41.164] [bbotk] Finished optimizing after 3 evaluation(s)
INFO  [17:34:41.165] [bbotk] Result:
INFO  [17:34:41.166] [bbotk]  num.trees learner_param_vals  x_domain classif.ce
INFO  [17:34:41.166] [bbotk]      <int>             <list>    <list>      <num>
INFO  [17:34:41.166] [bbotk]        381          <list[2]> <list[1]>  0.0192316
INFO  [17:34:41.770] [bbotk] Starting to optimize 1 parameter(s) with '<OptimizerBatchRandomSearch>' and '<TerminatorEvals> [n_evals=3, k=0]'
INFO  [17:34:41.777] [bbotk] Evaluating 1 configuration(s)
INFO  [17:34:42.547] [bbotk] Result of batch 1:
INFO  [17:34:42.548] [bbotk]  num.trees classif.ce warnings errors runtime_learners
INFO  [17:34:42.548] [bbotk]        316 0.01980705        0      0            0.725
INFO  [17:34:42.548] [bbotk]                                 uhash
INFO  [17:34:42.548] [bbotk]  e036f240-5b4d-40d8-877d-30c32f4708a0
INFO  [17:34:42.550] [bbotk] Evaluating 1 configuration(s)
INFO  [17:34:43.498] [bbotk] Result of batch 2:
INFO  [17:34:43.499] [bbotk]  num.trees classif.ce warnings errors runtime_learners
INFO  [17:34:43.499] [bbotk]        395 0.02066813        0      0            0.908
INFO  [17:34:43.499] [bbotk]                                 uhash
INFO  [17:34:43.499] [bbotk]  336c0884-376c-4312-873b-f1bf23335954
INFO  [17:34:43.501] [bbotk] Evaluating 1 configuration(s)
INFO  [17:34:44.421] [bbotk] Result of batch 3:
INFO  [17:34:44.422] [bbotk]  num.trees classif.ce warnings errors runtime_learners
INFO  [17:34:44.422] [bbotk]        326  0.0198073        0      0            0.885
INFO  [17:34:44.422] [bbotk]                                 uhash
INFO  [17:34:44.422] [bbotk]  37d8b7b6-1529-4267-a799-33d74872feab
INFO  [17:34:44.428] [bbotk] Finished optimizing after 3 evaluation(s)
INFO  [17:34:44.428] [bbotk] Result:
INFO  [17:34:44.429] [bbotk]  num.trees learner_param_vals  x_domain classif.ce
INFO  [17:34:44.429] [bbotk]      <int>             <list>    <list>      <num>
INFO  [17:34:44.429] [bbotk]        316          <list[2]> <list[1]> 0.01980705
INFO  [17:34:44.833] [bbotk] Starting to optimize 1 parameter(s) with '<OptimizerBatchRandomSearch>' and '<TerminatorEvals> [n_evals=3, k=0]'
INFO  [17:34:44.857] [bbotk] Evaluating 1 configuration(s)
INFO  [17:34:45.446] [bbotk] Result of batch 1:
INFO  [17:34:45.447] [bbotk]  num.trees classif.ce warnings errors runtime_learners
INFO  [17:34:45.447] [bbotk]        233  0.0203788        0      0            0.551
INFO  [17:34:45.447] [bbotk]                                 uhash
INFO  [17:34:45.447] [bbotk]  f3ddbafa-cf40-4f6a-ba56-991330a5a8bc
INFO  [17:34:45.449] [bbotk] Evaluating 1 configuration(s)
INFO  [17:34:46.114] [bbotk] Result of batch 2:
INFO  [17:34:46.117] [bbotk]  num.trees classif.ce warnings errors runtime_learners
INFO  [17:34:46.117] [bbotk]        290 0.01980458        0      0            0.626
INFO  [17:34:46.117] [bbotk]                                 uhash
INFO  [17:34:46.117] [bbotk]  faa4946b-772f-466f-88f6-f62596c2e1c2
INFO  [17:34:46.120] [bbotk] Evaluating 1 configuration(s)
INFO  [17:34:46.498] [bbotk] Result of batch 3:
INFO  [17:34:46.499] [bbotk]  num.trees classif.ce warnings errors runtime_learners
INFO  [17:34:46.499] [bbotk]        151 0.01951821        0      0            0.337
INFO  [17:34:46.499] [bbotk]                                 uhash
INFO  [17:34:46.499] [bbotk]  9140665d-c2d7-4ac3-8f03-d82d10dd1350
INFO  [17:34:46.522] [bbotk] Finished optimizing after 3 evaluation(s)
INFO  [17:34:46.522] [bbotk] Result:
INFO  [17:34:46.523] [bbotk]  num.trees learner_param_vals  x_domain classif.ce
INFO  [17:34:46.523] [bbotk]      <int>             <list>    <list>      <num>
INFO  [17:34:46.523] [bbotk]        151          <list[2]> <list[1]> 0.01951821
INFO  [17:34:46.732] [bbotk] Starting to optimize 1 parameter(s) with '<OptimizerBatchRandomSearch>' and '<TerminatorEvals> [n_evals=3, k=0]'
INFO  [17:34:46.746] [bbotk] Evaluating 1 configuration(s)
INFO  [17:34:47.066] [bbotk] Result of batch 1:
INFO  [17:34:47.067] [bbotk]  num.trees classif.ce warnings errors runtime_learners
INFO  [17:34:47.067] [bbotk]        126 0.02009391        0      0            0.285
INFO  [17:34:47.067] [bbotk]                                 uhash
INFO  [17:34:47.067] [bbotk]  f18eeb73-77a9-43f3-a210-8e5b63b7bec8
INFO  [17:34:47.069] [bbotk] Evaluating 1 configuration(s)
INFO  [17:34:48.308] [bbotk] Result of batch 2:
INFO  [17:34:48.309] [bbotk]  num.trees classif.ce warnings errors runtime_learners
INFO  [17:34:48.309] [bbotk]        491 0.02152847        0      0             1.19
INFO  [17:34:48.309] [bbotk]                                 uhash
INFO  [17:34:48.309] [bbotk]  996c0643-5ef5-4002-bd59-0ce508f05040
INFO  [17:34:48.311] [bbotk] Evaluating 1 configuration(s)
INFO  [17:34:49.485] [bbotk] Result of batch 3:
INFO  [17:34:49.486] [bbotk]  num.trees classif.ce warnings errors runtime_learners
INFO  [17:34:49.486] [bbotk]        442 0.02009366        0      0             1.13
INFO  [17:34:49.486] [bbotk]                                 uhash
INFO  [17:34:49.486] [bbotk]  53ec8b9f-81c1-48cb-b707-8288ad952e4d
INFO  [17:34:49.492] [bbotk] Finished optimizing after 3 evaluation(s)
INFO  [17:34:49.492] [bbotk] Result:
INFO  [17:34:49.493] [bbotk]  num.trees learner_param_vals  x_domain classif.ce
INFO  [17:34:49.493] [bbotk]      <int>             <list>    <list>      <num>
INFO  [17:34:49.493] [bbotk]        442          <list[2]> <list[1]> 0.02009366
Warning: glm.fit: fitted probabilities numerically 0 or 1 occurred
This happened PipeOp classif.ranger's $train()
[1] -120.2196
[1] 28.68514

### [bt]: Job terminated successfully [batchtools job.id=3669]
### [bt]: Starting job [batchtools job.id=3670]
### [bt]: Generating problem instance for problem '01ea4b20a58e68c2' ...
### [bt]: Applying algorithm 'run_learner' on problem '01ea4b20a58e68c2' for job 3670 (seed = 3671) ...
INFO  [17:34:50.328] [mlr3] Applying learner 'classif.ranger.tuned_calib.oof_beta' on task 'wilt' (iter 10/10)
INFO  [17:34:50.404] [bbotk] Starting to optimize 1 parameter(s) with '<OptimizerBatchRandomSearch>' and '<TerminatorEvals> [n_evals=3, k=0]'
INFO  [17:34:50.416] [bbotk] Evaluating 1 configuration(s)
INFO  [17:34:51.349] [bbotk] Result of batch 1:
INFO  [17:34:51.351] [bbotk]  num.trees classif.ce warnings errors runtime_learners
INFO  [17:34:51.351] [bbotk]        349 0.01980631        0      0            0.884
INFO  [17:34:51.351] [bbotk]                                 uhash
INFO  [17:34:51.351] [bbotk]  c333f5b6-20be-4c97-83c2-095fb26b157f
INFO  [17:34:51.355] [bbotk] Evaluating 1 configuration(s)
INFO  [17:34:52.120] [bbotk] Result of batch 2:
INFO  [17:34:52.121] [bbotk]  num.trees classif.ce warnings errors runtime_learners
INFO  [17:34:52.121] [bbotk]        297 0.01923234        0      0            0.724
INFO  [17:34:52.121] [bbotk]                                 uhash
INFO  [17:34:52.121] [bbotk]  27f3a992-2725-4813-9eff-91b8f60e4c85
INFO  [17:34:52.125] [bbotk] Evaluating 1 configuration(s)
INFO  [17:34:52.853] [bbotk] Result of batch 3:
INFO  [17:34:52.854] [bbotk]  num.trees classif.ce warnings errors runtime_learners
INFO  [17:34:52.854] [bbotk]        310 0.01951945        0      0            0.686
INFO  [17:34:52.854] [bbotk]                                 uhash
INFO  [17:34:52.854] [bbotk]  38df36bf-dbf6-43fa-87fd-47bd21a14fb7
INFO  [17:34:52.860] [bbotk] Finished optimizing after 3 evaluation(s)
INFO  [17:34:52.861] [bbotk] Result:
INFO  [17:34:52.861] [bbotk]  num.trees learner_param_vals  x_domain classif.ce
INFO  [17:34:52.861] [bbotk]      <int>             <list>    <list>      <num>
INFO  [17:34:52.861] [bbotk]        297          <list[2]> <list[1]> 0.01923234
INFO  [17:34:53.294] [bbotk] Starting to optimize 1 parameter(s) with '<OptimizerBatchRandomSearch>' and '<TerminatorEvals> [n_evals=3, k=0]'
INFO  [17:34:53.304] [bbotk] Evaluating 1 configuration(s)
INFO  [17:34:54.059] [bbotk] Result of batch 1:
INFO  [17:34:54.061] [bbotk]  num.trees classif.ce warnings errors runtime_learners
INFO  [17:34:54.061] [bbotk]        277  0.0220933        0      0            0.716
INFO  [17:34:54.061] [bbotk]                                 uhash
INFO  [17:34:54.061] [bbotk]  f34e7d57-6d51-4109-aa19-ff26f2457d7c
INFO  [17:34:54.066] [bbotk] Evaluating 1 configuration(s)
INFO  [17:34:54.424] [bbotk] Result of batch 2:
INFO  [17:34:54.425] [bbotk]  num.trees classif.ce warnings errors runtime_learners
INFO  [17:34:54.425] [bbotk]        129 0.02094535        0      0            0.315
INFO  [17:34:54.425] [bbotk]                                 uhash
INFO  [17:34:54.425] [bbotk]  218df18b-2465-4cd2-b491-345e7a89fbd8
INFO  [17:34:54.427] [bbotk] Evaluating 1 configuration(s)
INFO  [17:34:56.180] [bbotk] Result of batch 3:
INFO  [17:34:56.182] [bbotk]  num.trees classif.ce warnings errors runtime_learners
INFO  [17:34:56.182] [bbotk]        468 0.02180643        0      0            1.452
INFO  [17:34:56.182] [bbotk]                                 uhash
INFO  [17:34:56.182] [bbotk]  f1607382-367c-42b6-b726-7fc6d7d1cd0d
INFO  [17:34:56.199] [bbotk] Finished optimizing after 3 evaluation(s)
INFO  [17:34:56.200] [bbotk] Result:
INFO  [17:34:56.201] [bbotk]  num.trees learner_param_vals  x_domain classif.ce
INFO  [17:34:56.201] [bbotk]      <int>             <list>    <list>      <num>
INFO  [17:34:56.201] [bbotk]        129          <list[2]> <list[1]> 0.02094535
INFO  [17:34:56.443] [bbotk] Starting to optimize 1 parameter(s) with '<OptimizerBatchRandomSearch>' and '<TerminatorEvals> [n_evals=3, k=0]'
INFO  [17:34:56.453] [bbotk] Evaluating 1 configuration(s)
INFO  [17:34:56.749] [bbotk] Result of batch 1:
INFO  [17:34:56.750] [bbotk]  num.trees classif.ce warnings errors runtime_learners
INFO  [17:34:56.750] [bbotk]        106 0.02180693        0      0            0.247
INFO  [17:34:56.750] [bbotk]                                 uhash
INFO  [17:34:56.750] [bbotk]  a285bced-3984-457b-91d7-647f1147ce45
INFO  [17:34:56.755] [bbotk] Evaluating 1 configuration(s)
INFO  [17:34:57.422] [bbotk] Result of batch 2:
INFO  [17:34:57.424] [bbotk]  num.trees classif.ce warnings errors runtime_learners
INFO  [17:34:57.424] [bbotk]        251 0.02008477        0      0            0.623
INFO  [17:34:57.424] [bbotk]                                 uhash
INFO  [17:34:57.424] [bbotk]  63e60f92-f320-424a-8d10-3782d51b6c56
INFO  [17:34:57.427] [bbotk] Evaluating 1 configuration(s)
INFO  [17:34:59.029] [bbotk] Result of batch 3:
INFO  [17:34:59.031] [bbotk]  num.trees classif.ce warnings errors runtime_learners
INFO  [17:34:59.031] [bbotk]        494 0.02065849        0      0            1.558
INFO  [17:34:59.031] [bbotk]                                 uhash
INFO  [17:34:59.031] [bbotk]  4ef6539f-7fea-4193-b92b-f5f3b8fce345
INFO  [17:34:59.041] [bbotk] Finished optimizing after 3 evaluation(s)
INFO  [17:34:59.041] [bbotk] Result:
INFO  [17:34:59.042] [bbotk]  num.trees learner_param_vals  x_domain classif.ce
INFO  [17:34:59.042] [bbotk]      <int>             <list>    <list>      <num>
INFO  [17:34:59.042] [bbotk]        251          <list[2]> <list[1]> 0.02008477
INFO  [17:34:59.373] [bbotk] Starting to optimize 1 parameter(s) with '<OptimizerBatchRandomSearch>' and '<TerminatorEvals> [n_evals=3, k=0]'
INFO  [17:34:59.378] [bbotk] Evaluating 1 configuration(s)
INFO  [17:34:59.729] [bbotk] Result of batch 1:
INFO  [17:34:59.730] [bbotk]  num.trees classif.ce warnings errors runtime_learners
INFO  [17:34:59.730] [bbotk]        144  0.0212337        0      0            0.317
INFO  [17:34:59.730] [bbotk]                                 uhash
INFO  [17:34:59.730] [bbotk]  bae7b223-481a-4fb1-ba7c-f54edfb8c82a
INFO  [17:34:59.732] [bbotk] Evaluating 1 configuration(s)
INFO  [17:35:00.217] [bbotk] Result of batch 2:
INFO  [17:35:00.218] [bbotk]  num.trees classif.ce warnings errors runtime_learners
INFO  [17:35:00.218] [bbotk]        196 0.02037311        0      0            0.451
INFO  [17:35:00.218] [bbotk]                                 uhash
INFO  [17:35:00.218] [bbotk]  ea338a74-2b28-4440-98f1-53162aaa671b
INFO  [17:35:00.228] [bbotk] Evaluating 1 configuration(s)
INFO  [17:35:01.650] [bbotk] Result of batch 3:
INFO  [17:35:01.650] [bbotk]  num.trees classif.ce warnings errors runtime_learners
INFO  [17:35:01.650] [bbotk]        470 0.02008551        0      0            1.378
INFO  [17:35:01.650] [bbotk]                                 uhash
INFO  [17:35:01.650] [bbotk]  9cd22b8a-990e-4119-8f80-9bc3d861206c
INFO  [17:35:01.659] [bbotk] Finished optimizing after 3 evaluation(s)
INFO  [17:35:01.659] [bbotk] Result:
INFO  [17:35:01.660] [bbotk]  num.trees learner_param_vals  x_domain classif.ce
INFO  [17:35:01.660] [bbotk]      <int>             <list>    <list>      <num>
INFO  [17:35:01.660] [bbotk]        470          <list[2]> <list[1]> 0.02008551
INFO  [17:35:02.494] [bbotk] Starting to optimize 1 parameter(s) with '<OptimizerBatchRandomSearch>' and '<TerminatorEvals> [n_evals=3, k=0]'
INFO  [17:35:02.504] [bbotk] Evaluating 1 configuration(s)
INFO  [17:35:03.160] [bbotk] Result of batch 1:
INFO  [17:35:03.162] [bbotk]  num.trees classif.ce warnings errors runtime_learners
INFO  [17:35:03.162] [bbotk]        256 0.02008551        0      0            0.606
INFO  [17:35:03.162] [bbotk]                                 uhash
INFO  [17:35:03.162] [bbotk]  32d4851f-94b7-49e2-85d0-57a62ee96f57
INFO  [17:35:03.164] [bbotk] Evaluating 1 configuration(s)
INFO  [17:35:04.181] [bbotk] Result of batch 2:
INFO  [17:35:04.183] [bbotk]  num.trees classif.ce warnings errors runtime_learners
INFO  [17:35:04.183] [bbotk]        369 0.02008576        0      0            0.969
INFO  [17:35:04.183] [bbotk]                                 uhash
INFO  [17:35:04.183] [bbotk]  8815e776-8095-4fea-9c62-6823abd4908e
INFO  [17:35:04.186] [bbotk] Evaluating 1 configuration(s)
INFO  [17:35:04.670] [bbotk] Result of batch 3:
INFO  [17:35:04.671] [bbotk]  num.trees classif.ce warnings errors runtime_learners
INFO  [17:35:04.671] [bbotk]        192 0.02065973        0      0            0.438
INFO  [17:35:04.671] [bbotk]                                 uhash
INFO  [17:35:04.671] [bbotk]  1fb732cc-c431-4a78-9a0c-1122c637a7ea
INFO  [17:35:04.677] [bbotk] Finished optimizing after 3 evaluation(s)
INFO  [17:35:04.677] [bbotk] Result:
INFO  [17:35:04.678] [bbotk]  num.trees learner_param_vals  x_domain classif.ce
INFO  [17:35:04.678] [bbotk]      <int>             <list>    <list>      <num>
INFO  [17:35:04.678] [bbotk]        256          <list[2]> <list[1]> 0.02008551
Warning: glm.fit: fitted probabilities numerically 0 or 1 occurred
This happened PipeOp classif.ranger's $train()
[1] -44.95442
[1] 59.36165

### [bt]: Job terminated successfully [batchtools job.id=3670]
### [bt]: Calculation finished!
