### [bt]: This is batchtools v0.9.17
### [bt]: Starting calculation of 5 jobs
### [bt]: Setting working directory to '/Users/User/Documents/Studium/Semester8/Hiwi/mlr3calibration/vignettes'
### [bt]: Memory measurement disabled
### [bt]: Starting job [batchtools job.id=1506]
### [bt]: Generating problem instance for problem '78e20b4b43a56ff6' ...
### [bt]: Applying algorithm 'run_learner' on problem '78e20b4b43a56ff6' for job 1506 (seed = 1507) ...
INFO  [16:57:12.943] [mlr3] Applying learner 'classif.xgboost.tuned_calib.tunefirst.oof_platt' on task 'pc3' (iter 6/10)
INFO  [16:57:12.979] [bbotk] Starting to optimize 3 parameter(s) with '<OptimizerBatchRandomSearch>' and '<TerminatorEvals> [n_evals=10, k=0]'
INFO  [16:57:12.997] [bbotk] Evaluating 1 configuration(s)
INFO  [16:57:13.882] [bbotk] Result of batch 1:
INFO  [16:57:13.884] [bbotk]  nrounds       eta max_depth classif.ce warnings errors runtime_learners
INFO  [16:57:13.884] [bbotk]      105 0.1870394         9  0.1179815        0      0            0.849
INFO  [16:57:13.884] [bbotk]                                 uhash
INFO  [16:57:13.884] [bbotk]  c5c5bc09-a9e7-4c50-9892-39ab6e69c7e1
INFO  [16:57:13.888] [bbotk] Evaluating 1 configuration(s)
INFO  [16:57:15.492] [bbotk] Result of batch 2:
INFO  [16:57:15.493] [bbotk]  nrounds       eta max_depth classif.ce warnings errors runtime_learners
INFO  [16:57:15.493] [bbotk]      240 0.1580859         7  0.1201137        0      0            1.567
INFO  [16:57:15.493] [bbotk]                                 uhash
INFO  [16:57:15.493] [bbotk]  51d1e89d-5bc8-4525-8ab1-0f57eb7bc49d
INFO  [16:57:15.506] [bbotk] Evaluating 1 configuration(s)
INFO  [16:57:16.387] [bbotk] Result of batch 3:
INFO  [16:57:16.388] [bbotk]  nrounds        eta max_depth classif.ce warnings errors runtime_learners
INFO  [16:57:16.388] [bbotk]      103 0.06175787         8  0.1122957        0      0            0.839
INFO  [16:57:16.388] [bbotk]                                 uhash
INFO  [16:57:16.388] [bbotk]  a757b3bd-125e-44c5-b38c-dd66822e0a85
INFO  [16:57:16.394] [bbotk] Evaluating 1 configuration(s)
INFO  [16:57:17.819] [bbotk] Result of batch 4:
INFO  [16:57:17.821] [bbotk]  nrounds       eta max_depth classif.ce warnings errors runtime_learners
INFO  [16:57:17.821] [bbotk]      269 0.2291199         5  0.1165601        0      0            1.359
INFO  [16:57:17.821] [bbotk]                                 uhash
INFO  [16:57:17.821] [bbotk]  f9a1deb2-621b-4215-9793-321be18284a4
INFO  [16:57:17.835] [bbotk] Evaluating 1 configuration(s)
INFO  [16:57:18.126] [bbotk] Result of batch 5:
INFO  [16:57:18.127] [bbotk]  nrounds       eta max_depth classif.ce warnings errors runtime_learners
INFO  [16:57:18.127] [bbotk]       51 0.2457545         4  0.1179815        0      0            0.232
INFO  [16:57:18.127] [bbotk]                                 uhash
INFO  [16:57:18.127] [bbotk]  a0359f48-8833-46f8-8105-92996e676520
INFO  [16:57:18.132] [bbotk] Evaluating 1 configuration(s)
INFO  [16:57:19.049] [bbotk] Result of batch 6:
INFO  [16:57:19.053] [bbotk]  nrounds        eta max_depth classif.ce warnings errors runtime_learners
INFO  [16:57:19.053] [bbotk]      126 0.06516388         6  0.1144279        0      0            0.873
INFO  [16:57:19.053] [bbotk]                                 uhash
INFO  [16:57:19.053] [bbotk]  3f178a7b-3de1-45b5-b5af-f6648017fcec
INFO  [16:57:19.058] [bbotk] Evaluating 1 configuration(s)
INFO  [16:57:20.551] [bbotk] Result of batch 7:
INFO  [16:57:20.552] [bbotk]  nrounds        eta max_depth classif.ce warnings errors runtime_learners
INFO  [16:57:20.552] [bbotk]      254 0.08635455         5  0.1151386        0      0            1.451
INFO  [16:57:20.552] [bbotk]                                 uhash
INFO  [16:57:20.552] [bbotk]  6c66ecd1-2cac-438c-86a8-6319965386a6
INFO  [16:57:20.564] [bbotk] Evaluating 1 configuration(s)
INFO  [16:57:21.943] [bbotk] Result of batch 8:
INFO  [16:57:21.945] [bbotk]  nrounds        eta max_depth classif.ce warnings errors runtime_learners
INFO  [16:57:21.945] [bbotk]      144 0.02209308         9  0.1101635        0      0            1.312
INFO  [16:57:21.945] [bbotk]                                 uhash
INFO  [16:57:21.945] [bbotk]  c8e3c9b9-f6eb-4155-8420-5afa8fc5d0ac
INFO  [16:57:21.954] [bbotk] Evaluating 1 configuration(s)
INFO  [16:57:23.518] [bbotk] Result of batch 9:
INFO  [16:57:23.519] [bbotk]  nrounds        eta max_depth classif.ce warnings errors runtime_learners
INFO  [16:57:23.519] [bbotk]      185 0.08381406        10  0.1158493        0      0             1.53
INFO  [16:57:23.519] [bbotk]                                 uhash
INFO  [16:57:23.519] [bbotk]  bdb98a41-94bc-47c1-96cc-f7716eaadb5a
INFO  [16:57:23.526] [bbotk] Evaluating 1 configuration(s)
INFO  [16:57:24.199] [bbotk] Result of batch 10:
INFO  [16:57:24.201] [bbotk]  nrounds       eta max_depth classif.ce warnings errors runtime_learners
INFO  [16:57:24.201] [bbotk]      110 0.2994189         5  0.1222459        0      0             0.62
INFO  [16:57:24.201] [bbotk]                                 uhash
INFO  [16:57:24.201] [bbotk]  799506b4-d774-407f-a44f-c9e319416f66
INFO  [16:57:24.220] [bbotk] Finished optimizing after 10 evaluation(s)
INFO  [16:57:24.220] [bbotk] Result:
INFO  [16:57:24.222] [bbotk]  nrounds        eta max_depth learner_param_vals  x_domain classif.ce
INFO  [16:57:24.222] [bbotk]    <int>      <num>     <int>             <list>    <list>      <num>
INFO  [16:57:24.222] [bbotk]      144 0.02209308         9          <list[5]> <list[3]>  0.1101635

### [bt]: Job terminated successfully [batchtools job.id=1506]
### [bt]: Starting job [batchtools job.id=1507]
### [bt]: Generating problem instance for problem '78e20b4b43a56ff6' ...
### [bt]: Applying algorithm 'run_learner' on problem '78e20b4b43a56ff6' for job 1507 (seed = 1508) ...
INFO  [16:57:27.587] [mlr3] Applying learner 'classif.xgboost.tuned_calib.tunefirst.oof_platt' on task 'pc3' (iter 7/10)
INFO  [16:57:27.639] [bbotk] Starting to optimize 3 parameter(s) with '<OptimizerBatchRandomSearch>' and '<TerminatorEvals> [n_evals=10, k=0]'
INFO  [16:57:27.661] [bbotk] Evaluating 1 configuration(s)
INFO  [16:57:29.315] [bbotk] Result of batch 1:
INFO  [16:57:29.316] [bbotk]  nrounds        eta max_depth classif.ce warnings errors runtime_learners
INFO  [16:57:29.316] [bbotk]      192 0.06063673         8  0.1108742        0      0            1.611
INFO  [16:57:29.316] [bbotk]                                 uhash
INFO  [16:57:29.316] [bbotk]  2c26a39d-670e-4ccc-9694-1051def49df7
INFO  [16:57:29.321] [bbotk] Evaluating 1 configuration(s)
INFO  [16:57:30.760] [bbotk] Result of batch 2:
INFO  [16:57:30.762] [bbotk]  nrounds       eta max_depth classif.ce warnings errors runtime_learners
INFO  [16:57:30.762] [bbotk]      193 0.2125757        10  0.1115849        0      0            1.381
INFO  [16:57:30.762] [bbotk]                                 uhash
INFO  [16:57:30.762] [bbotk]  e7118a4a-c6df-4a2d-9e2c-9a10e5816f62
INFO  [16:57:30.770] [bbotk] Evaluating 1 configuration(s)
INFO  [16:57:31.466] [bbotk] Result of batch 3:
INFO  [16:57:31.468] [bbotk]  nrounds      eta max_depth classif.ce warnings errors runtime_learners
INFO  [16:57:31.468] [bbotk]      151 0.106786         4  0.1130064        0      0            0.652
INFO  [16:57:31.468] [bbotk]                                 uhash
INFO  [16:57:31.468] [bbotk]  c0a1f86c-7589-4110-a404-0b92983ade4e
INFO  [16:57:31.472] [bbotk] Evaluating 1 configuration(s)
INFO  [16:57:32.494] [bbotk] Result of batch 4:
INFO  [16:57:32.496] [bbotk]  nrounds      eta max_depth classif.ce warnings errors runtime_learners
INFO  [16:57:32.496] [bbotk]      203 0.180748         4  0.1179815        0      0             0.99
INFO  [16:57:32.496] [bbotk]                                 uhash
INFO  [16:57:32.496] [bbotk]  9e9db7ca-b77d-4fa3-9b9a-8b85148035ba
INFO  [16:57:32.504] [bbotk] Evaluating 1 configuration(s)
INFO  [16:57:32.912] [bbotk] Result of batch 5:
INFO  [16:57:32.914] [bbotk]  nrounds       eta max_depth classif.ce warnings errors runtime_learners
INFO  [16:57:32.914] [bbotk]      232 0.2656166         2  0.1201137        0      0            0.377
INFO  [16:57:32.914] [bbotk]                                 uhash
INFO  [16:57:32.914] [bbotk]  6f815f47-8e01-4a6e-bd58-07a220a8b435
INFO  [16:57:32.921] [bbotk] Evaluating 1 configuration(s)
INFO  [16:57:35.563] [bbotk] Result of batch 6:
INFO  [16:57:35.565] [bbotk]  nrounds        eta max_depth classif.ce warnings errors runtime_learners
INFO  [16:57:35.565] [bbotk]      299 0.02061196         9  0.1080313        0      0            2.594
INFO  [16:57:35.565] [bbotk]                                 uhash
INFO  [16:57:35.565] [bbotk]  ef0bb13a-d8ce-4990-847f-30f5e873602b
INFO  [16:57:35.583] [bbotk] Evaluating 1 configuration(s)
INFO  [16:57:35.857] [bbotk] Result of batch 7:
INFO  [16:57:35.858] [bbotk]  nrounds       eta max_depth classif.ce warnings errors runtime_learners
INFO  [16:57:35.858] [bbotk]      118 0.2777501         2  0.1122957        0      0            0.235
INFO  [16:57:35.858] [bbotk]                                 uhash
INFO  [16:57:35.858] [bbotk]  c7804ee3-cd0c-4ef5-800d-ee10fa02daa5
INFO  [16:57:35.863] [bbotk] Evaluating 1 configuration(s)
INFO  [16:57:36.678] [bbotk] Result of batch 8:
INFO  [16:57:36.682] [bbotk]  nrounds       eta max_depth classif.ce warnings errors runtime_learners
INFO  [16:57:36.682] [bbotk]      298 0.1908799         2  0.1151386        0      0            0.754
INFO  [16:57:36.682] [bbotk]                                 uhash
INFO  [16:57:36.682] [bbotk]  acacc0bd-f3c4-4684-a503-33bd1c850442
INFO  [16:57:36.686] [bbotk] Evaluating 1 configuration(s)
INFO  [16:57:37.373] [bbotk] Result of batch 9:
INFO  [16:57:37.374] [bbotk]  nrounds       eta max_depth classif.ce warnings errors runtime_learners
INFO  [16:57:37.374] [bbotk]      275 0.2969324         2  0.1208244        0      0             0.65
INFO  [16:57:37.374] [bbotk]                                 uhash
INFO  [16:57:37.374] [bbotk]  660a0058-1687-4e69-ad91-1c965cf0e051
INFO  [16:57:37.378] [bbotk] Evaluating 1 configuration(s)
INFO  [16:57:39.489] [bbotk] Result of batch 10:
INFO  [16:57:39.491] [bbotk]  nrounds        eta max_depth classif.ce warnings errors runtime_learners
INFO  [16:57:39.491] [bbotk]      212 0.03979647        10  0.1101635        0      0            2.073
INFO  [16:57:39.491] [bbotk]                                 uhash
INFO  [16:57:39.491] [bbotk]  df7c40eb-ecd6-439b-baa7-540954e03aeb
INFO  [16:57:39.513] [bbotk] Finished optimizing after 10 evaluation(s)
INFO  [16:57:39.514] [bbotk] Result:
INFO  [16:57:39.514] [bbotk]  nrounds        eta max_depth learner_param_vals  x_domain classif.ce
INFO  [16:57:39.514] [bbotk]    <int>      <num>     <int>             <list>    <list>      <num>
INFO  [16:57:39.514] [bbotk]      299 0.02061196         9          <list[5]> <list[3]>  0.1080313

### [bt]: Job terminated successfully [batchtools job.id=1507]
### [bt]: Starting job [batchtools job.id=1508]
### [bt]: Generating problem instance for problem '78e20b4b43a56ff6' ...
### [bt]: Applying algorithm 'run_learner' on problem '78e20b4b43a56ff6' for job 1508 (seed = 1509) ...
INFO  [16:57:46.240] [mlr3] Applying learner 'classif.xgboost.tuned_calib.tunefirst.oof_platt' on task 'pc3' (iter 8/10)
INFO  [16:57:46.277] [bbotk] Starting to optimize 3 parameter(s) with '<OptimizerBatchRandomSearch>' and '<TerminatorEvals> [n_evals=10, k=0]'
INFO  [16:57:46.305] [bbotk] Evaluating 1 configuration(s)
INFO  [16:57:47.708] [bbotk] Result of batch 1:
INFO  [16:57:47.709] [bbotk]  nrounds       eta max_depth classif.ce warnings errors runtime_learners
INFO  [16:57:47.709] [bbotk]      259 0.2562042         8  0.1236674        0      0            1.356
INFO  [16:57:47.709] [bbotk]                                 uhash
INFO  [16:57:47.709] [bbotk]  af5f6d97-939b-4bda-9e90-3976b69356ab
INFO  [16:57:47.713] [bbotk] Evaluating 1 configuration(s)
INFO  [16:57:47.928] [bbotk] Result of batch 2:
INFO  [16:57:47.929] [bbotk]  nrounds       eta max_depth classif.ce warnings errors runtime_learners
INFO  [16:57:47.929] [bbotk]       66 0.2023881         2  0.1108742        0      0            0.173
INFO  [16:57:47.929] [bbotk]                                 uhash
INFO  [16:57:47.929] [bbotk]  6d0eabdd-d7a6-430c-bb28-60b7d0aac11d
INFO  [16:57:47.934] [bbotk] Evaluating 1 configuration(s)
INFO  [16:57:48.906] [bbotk] Result of batch 3:
INFO  [16:57:48.907] [bbotk]  nrounds       eta max_depth classif.ce warnings errors runtime_learners
INFO  [16:57:48.907] [bbotk]      216 0.1559656         4  0.1208244        0      0            0.946
INFO  [16:57:48.907] [bbotk]                                 uhash
INFO  [16:57:48.907] [bbotk]  285f2cb4-e1d3-48de-89eb-d1fbde739fdf
INFO  [16:57:48.913] [bbotk] Evaluating 1 configuration(s)
INFO  [16:57:49.506] [bbotk] Result of batch 4:
INFO  [16:57:49.507] [bbotk]  nrounds       eta max_depth classif.ce warnings errors runtime_learners
INFO  [16:57:49.507] [bbotk]      103 0.2231718         5  0.1186923        0      0            0.552
INFO  [16:57:49.507] [bbotk]                                 uhash
INFO  [16:57:49.507] [bbotk]  d9ba0445-c407-4f6b-a17a-e3ac4dbe60db
INFO  [16:57:49.511] [bbotk] Evaluating 1 configuration(s)
INFO  [16:57:49.848] [bbotk] Result of batch 5:
INFO  [16:57:49.850] [bbotk]  nrounds        eta max_depth classif.ce warnings errors runtime_learners
INFO  [16:57:49.850] [bbotk]       67 0.04646629         4  0.1137171        0      0            0.283
INFO  [16:57:49.850] [bbotk]                                 uhash
INFO  [16:57:49.850] [bbotk]  ee4018af-1038-4bae-bc2d-ee1b2b453c85
INFO  [16:57:49.861] [bbotk] Evaluating 1 configuration(s)
INFO  [16:57:50.804] [bbotk] Result of batch 6:
INFO  [16:57:50.805] [bbotk]  nrounds       eta max_depth classif.ce warnings errors runtime_learners
INFO  [16:57:50.805] [bbotk]      156 0.1657487         5   0.119403        0      0            0.892
INFO  [16:57:50.805] [bbotk]                                 uhash
INFO  [16:57:50.805] [bbotk]  2b25ebee-ef02-4d33-837d-4dc5c279f127
INFO  [16:57:50.809] [bbotk] Evaluating 1 configuration(s)
INFO  [16:57:52.499] [bbotk] Result of batch 7:
INFO  [16:57:52.500] [bbotk]  nrounds       eta max_depth classif.ce warnings errors runtime_learners
INFO  [16:57:52.500] [bbotk]      299 0.2256916        10  0.1215352        0      0            1.651
INFO  [16:57:52.500] [bbotk]                                 uhash
INFO  [16:57:52.500] [bbotk]  1e1c0ad4-c7d3-4677-b75e-d8400695693d
INFO  [16:57:52.504] [bbotk] Evaluating 1 configuration(s)
INFO  [16:57:53.556] [bbotk] Result of batch 8:
INFO  [16:57:53.556] [bbotk]  nrounds       eta max_depth classif.ce warnings errors runtime_learners
INFO  [16:57:53.556] [bbotk]      168 0.1651051         6  0.1222459        0      0            1.013
INFO  [16:57:53.556] [bbotk]                                 uhash
INFO  [16:57:53.556] [bbotk]  36a1986c-4f80-4938-979b-1c06cd225e48
INFO  [16:57:53.561] [bbotk] Evaluating 1 configuration(s)
INFO  [16:57:54.564] [bbotk] Result of batch 9:
INFO  [16:57:54.565] [bbotk]  nrounds       eta max_depth classif.ce warnings errors runtime_learners
INFO  [16:57:54.565] [bbotk]      116 0.1312346         9  0.1165601        0      0            0.962
INFO  [16:57:54.565] [bbotk]                                 uhash
INFO  [16:57:54.565] [bbotk]  adca0240-9f6b-4f50-81ed-19fcb513a6c6
INFO  [16:57:54.569] [bbotk] Evaluating 1 configuration(s)
INFO  [16:57:54.863] [bbotk] Result of batch 10:
INFO  [16:57:54.865] [bbotk]  nrounds       eta max_depth classif.ce warnings errors runtime_learners
INFO  [16:57:54.865] [bbotk]      118 0.0397644         2  0.1016347        0      0             0.25
INFO  [16:57:54.865] [bbotk]                                 uhash
INFO  [16:57:54.865] [bbotk]  0931002a-b2aa-492f-9928-8e255b4fa81b
INFO  [16:57:54.878] [bbotk] Finished optimizing after 10 evaluation(s)
INFO  [16:57:54.878] [bbotk] Result:
INFO  [16:57:54.880] [bbotk]  nrounds       eta max_depth learner_param_vals  x_domain classif.ce
INFO  [16:57:54.880] [bbotk]    <int>     <num>     <int>             <list>    <list>      <num>
INFO  [16:57:54.880] [bbotk]      118 0.0397644         2          <list[5]> <list[3]>  0.1016347

### [bt]: Job terminated successfully [batchtools job.id=1508]
### [bt]: Starting job [batchtools job.id=1509]
### [bt]: Generating problem instance for problem '78e20b4b43a56ff6' ...
### [bt]: Applying algorithm 'run_learner' on problem '78e20b4b43a56ff6' for job 1509 (seed = 1510) ...
INFO  [16:57:55.603] [mlr3] Applying learner 'classif.xgboost.tuned_calib.tunefirst.oof_platt' on task 'pc3' (iter 9/10)
INFO  [16:57:55.655] [bbotk] Starting to optimize 3 parameter(s) with '<OptimizerBatchRandomSearch>' and '<TerminatorEvals> [n_evals=10, k=0]'
INFO  [16:57:55.670] [bbotk] Evaluating 1 configuration(s)
INFO  [16:57:56.058] [bbotk] Result of batch 1:
INFO  [16:57:56.059] [bbotk]  nrounds       eta max_depth classif.ce warnings errors runtime_learners
INFO  [16:57:56.059] [bbotk]      105 0.1493241         3  0.1122957        0      0            0.353
INFO  [16:57:56.059] [bbotk]                                 uhash
INFO  [16:57:56.059] [bbotk]  a5675c35-d6dc-4314-bb69-bd15077258a4
INFO  [16:57:56.067] [bbotk] Evaluating 1 configuration(s)
INFO  [16:57:56.593] [bbotk] Result of batch 2:
INFO  [16:57:56.595] [bbotk]  nrounds        eta max_depth classif.ce warnings errors runtime_learners
INFO  [16:57:56.595] [bbotk]      230 0.02820905         2  0.1066098        0      0            0.486
INFO  [16:57:56.595] [bbotk]                                 uhash
INFO  [16:57:56.595] [bbotk]  92595f98-768b-4181-b65d-14455c37f3fd
INFO  [16:57:56.603] [bbotk] Evaluating 1 configuration(s)
INFO  [16:57:57.379] [bbotk] Result of batch 3:
INFO  [16:57:57.380] [bbotk]  nrounds       eta max_depth classif.ce warnings errors runtime_learners
INFO  [16:57:57.380] [bbotk]      170 0.1927638         4  0.1101635        0      0            0.735
INFO  [16:57:57.380] [bbotk]                                 uhash
INFO  [16:57:57.380] [bbotk]  587db542-2528-4995-8184-77dfbb8f477b
INFO  [16:57:57.383] [bbotk] Evaluating 1 configuration(s)
INFO  [16:57:58.039] [bbotk] Result of batch 4:
INFO  [16:57:58.041] [bbotk]  nrounds       eta max_depth classif.ce warnings errors runtime_learners
INFO  [16:57:58.041] [bbotk]      261 0.2698952         2  0.1137171        0      0            0.598
INFO  [16:57:58.041] [bbotk]                                 uhash
INFO  [16:57:58.041] [bbotk]  80d9e37a-6511-4681-9afa-4ad9a5be6836
INFO  [16:57:58.051] [bbotk] Evaluating 1 configuration(s)
INFO  [16:57:59.064] [bbotk] Result of batch 5:
INFO  [16:57:59.065] [bbotk]  nrounds       eta max_depth classif.ce warnings errors runtime_learners
INFO  [16:57:59.065] [bbotk]      104 0.1034731        10   0.108742        0      0            0.968
INFO  [16:57:59.065] [bbotk]                                 uhash
INFO  [16:57:59.065] [bbotk]  897ca282-ccff-467d-9a85-5cb0ac78e977
INFO  [16:57:59.073] [bbotk] Evaluating 1 configuration(s)
INFO  [16:58:00.092] [bbotk] Result of batch 6:
INFO  [16:58:00.093] [bbotk]  nrounds       eta max_depth classif.ce warnings errors runtime_learners
INFO  [16:58:00.093] [bbotk]      223 0.2576653         4   0.108742        0      0            0.982
INFO  [16:58:00.093] [bbotk]                                 uhash
INFO  [16:58:00.093] [bbotk]  6cc1cef2-a320-4444-a900-bfd18529220e
INFO  [16:58:00.097] [bbotk] Evaluating 1 configuration(s)
INFO  [16:58:00.793] [bbotk] Result of batch 7:
INFO  [16:58:00.795] [bbotk]  nrounds        eta max_depth classif.ce warnings errors runtime_learners
INFO  [16:58:00.795] [bbotk]      189 0.07718285         3  0.1115849        0      0            0.653
INFO  [16:58:00.795] [bbotk]                                 uhash
INFO  [16:58:00.795] [bbotk]  bed6f11d-6f5f-4113-a318-145ba56add9d
INFO  [16:58:00.810] [bbotk] Evaluating 1 configuration(s)
INFO  [16:58:01.606] [bbotk] Result of batch 8:
INFO  [16:58:01.607] [bbotk]  nrounds       eta max_depth classif.ce warnings errors runtime_learners
INFO  [16:58:01.607] [bbotk]      245 0.1454869         3  0.1080313        0      0            0.761
INFO  [16:58:01.607] [bbotk]                                 uhash
INFO  [16:58:01.607] [bbotk]  929e4b82-a4f2-4737-a1de-4aded58d1acd
INFO  [16:58:01.613] [bbotk] Evaluating 1 configuration(s)
INFO  [16:58:02.757] [bbotk] Result of batch 9:
INFO  [16:58:02.759] [bbotk]  nrounds       eta max_depth classif.ce warnings errors runtime_learners
INFO  [16:58:02.759] [bbotk]      277 0.2791024         4  0.1122957        0      0            1.108
INFO  [16:58:02.759] [bbotk]                                 uhash
INFO  [16:58:02.759] [bbotk]  bcd19247-f042-4f27-b58c-cf0f5b2781d7
INFO  [16:58:02.763] [bbotk] Evaluating 1 configuration(s)
INFO  [16:58:03.286] [bbotk] Result of batch 10:
INFO  [16:58:03.287] [bbotk]  nrounds        eta max_depth classif.ce warnings errors runtime_learners
INFO  [16:58:03.287] [bbotk]       53 0.09398321         9  0.1073205        0      0            0.477
INFO  [16:58:03.287] [bbotk]                                 uhash
INFO  [16:58:03.287] [bbotk]  ef733bd2-6c95-46b4-a9f0-7cecfee06c45
INFO  [16:58:03.295] [bbotk] Finished optimizing after 10 evaluation(s)
INFO  [16:58:03.295] [bbotk] Result:
INFO  [16:58:03.297] [bbotk]  nrounds        eta max_depth learner_param_vals  x_domain classif.ce
INFO  [16:58:03.297] [bbotk]    <int>      <num>     <int>             <list>    <list>      <num>
INFO  [16:58:03.297] [bbotk]      230 0.02820905         2          <list[5]> <list[3]>  0.1066098

### [bt]: Job terminated successfully [batchtools job.id=1509]
### [bt]: Starting job [batchtools job.id=1510]
### [bt]: Generating problem instance for problem '78e20b4b43a56ff6' ...
### [bt]: Applying algorithm 'run_learner' on problem '78e20b4b43a56ff6' for job 1510 (seed = 1511) ...
INFO  [16:58:04.557] [mlr3] Applying learner 'classif.xgboost.tuned_calib.tunefirst.oof_platt' on task 'pc3' (iter 10/10)
INFO  [16:58:04.601] [bbotk] Starting to optimize 3 parameter(s) with '<OptimizerBatchRandomSearch>' and '<TerminatorEvals> [n_evals=10, k=0]'
INFO  [16:58:04.619] [bbotk] Evaluating 1 configuration(s)
INFO  [16:58:05.807] [bbotk] Result of batch 1:
INFO  [16:58:05.809] [bbotk]  nrounds       eta max_depth classif.ce warnings errors runtime_learners
INFO  [16:58:05.809] [bbotk]      216 0.2053836         5  0.1030561        0      0            1.157
INFO  [16:58:05.809] [bbotk]                                 uhash
INFO  [16:58:05.809] [bbotk]  e5982e3c-a6ad-45b8-a754-9ee025ccef29
INFO  [16:58:05.816] [bbotk] Evaluating 1 configuration(s)
INFO  [16:58:06.414] [bbotk] Result of batch 2:
INFO  [16:58:06.416] [bbotk]  nrounds       eta max_depth classif.ce warnings errors runtime_learners
INFO  [16:58:06.416] [bbotk]       59 0.1341463         8 0.09879176        0      0            0.552
INFO  [16:58:06.416] [bbotk]                                 uhash
INFO  [16:58:06.416] [bbotk]  b5df4655-4e2f-4879-ae85-da1040cf201f
INFO  [16:58:06.420] [bbotk] Evaluating 1 configuration(s)
INFO  [16:58:08.098] [bbotk] Result of batch 3:
INFO  [16:58:08.099] [bbotk]  nrounds      eta max_depth classif.ce warnings errors runtime_learners
INFO  [16:58:08.099] [bbotk]      215 0.126565         8   0.100924        0      0             1.65
INFO  [16:58:08.099] [bbotk]                                 uhash
INFO  [16:58:08.099] [bbotk]  4344c373-accd-428a-a235-92d3168bd141
INFO  [16:58:08.108] [bbotk] Evaluating 1 configuration(s)
INFO  [16:58:09.867] [bbotk] Result of batch 4:
INFO  [16:58:09.870] [bbotk]  nrounds       eta max_depth classif.ce warnings errors runtime_learners
INFO  [16:58:09.870] [bbotk]      286 0.1422961         9  0.1044776        0      0             1.72
INFO  [16:58:09.870] [bbotk]                                 uhash
INFO  [16:58:09.870] [bbotk]  94679f87-56d5-4fab-9439-b45edb427d90
INFO  [16:58:09.874] [bbotk] Evaluating 1 configuration(s)
INFO  [16:58:10.772] [bbotk] Result of batch 5:
INFO  [16:58:10.773] [bbotk]  nrounds       eta max_depth classif.ce warnings errors runtime_learners
INFO  [16:58:10.773] [bbotk]      163 0.1728068         5 0.09950249        0      0            0.868
INFO  [16:58:10.773] [bbotk]                                 uhash
INFO  [16:58:10.773] [bbotk]  c5fa0126-e09f-4aa7-a1c5-961d6a8b397d
INFO  [16:58:10.777] [bbotk] Evaluating 1 configuration(s)
INFO  [16:58:12.176] [bbotk] Result of batch 6:
INFO  [16:58:12.177] [bbotk]  nrounds        eta max_depth classif.ce warnings errors runtime_learners
INFO  [16:58:12.177] [bbotk]      170 0.07597928         8   0.100924        0      0            1.345
INFO  [16:58:12.177] [bbotk]                                 uhash
INFO  [16:58:12.177] [bbotk]  255b6c5b-c3dc-4665-b2c7-335a35048e1f
INFO  [16:58:12.181] [bbotk] Evaluating 1 configuration(s)
INFO  [16:58:13.142] [bbotk] Result of batch 7:
INFO  [16:58:13.144] [bbotk]  nrounds       eta max_depth classif.ce warnings errors runtime_learners
INFO  [16:58:13.144] [bbotk]      122 0.1009572         7  0.1030561        0      0            0.909
INFO  [16:58:13.144] [bbotk]                                 uhash
INFO  [16:58:13.144] [bbotk]  15aed2d1-7621-4604-986e-2f083cec4d62
INFO  [16:58:13.152] [bbotk] Evaluating 1 configuration(s)
INFO  [16:58:14.416] [bbotk] Result of batch 8:
INFO  [16:58:14.416] [bbotk]  nrounds       eta max_depth classif.ce warnings errors runtime_learners
INFO  [16:58:14.416] [bbotk]      227 0.1997419         5 0.09950249        0      0            1.221
INFO  [16:58:14.416] [bbotk]                                 uhash
INFO  [16:58:14.416] [bbotk]  6acc3954-5b86-4488-8876-481c59aadcd9
INFO  [16:58:14.424] [bbotk] Evaluating 1 configuration(s)
INFO  [16:58:14.960] [bbotk] Result of batch 9:
INFO  [16:58:14.962] [bbotk]  nrounds        eta max_depth classif.ce warnings errors runtime_learners
INFO  [16:58:14.962] [bbotk]      194 0.02937297         2  0.1023454        0      0            0.489
INFO  [16:58:14.962] [bbotk]                                 uhash
INFO  [16:58:14.962] [bbotk]  581f926d-28bc-4341-94cc-7245fef4baff
INFO  [16:58:14.981] [bbotk] Evaluating 1 configuration(s)
INFO  [16:58:15.498] [bbotk] Result of batch 10:
INFO  [16:58:15.499] [bbotk]  nrounds       eta max_depth classif.ce warnings errors runtime_learners
INFO  [16:58:15.499] [bbotk]       53 0.1273301         8 0.09808102        0      0             0.47
INFO  [16:58:15.499] [bbotk]                                 uhash
INFO  [16:58:15.499] [bbotk]  1c41df78-6793-4399-a0f9-563f4a0c75a2
INFO  [16:58:15.518] [bbotk] Finished optimizing after 10 evaluation(s)
INFO  [16:58:15.519] [bbotk] Result:
INFO  [16:58:15.521] [bbotk]  nrounds       eta max_depth learner_param_vals  x_domain classif.ce
INFO  [16:58:15.521] [bbotk]    <int>     <num>     <int>             <list>    <list>      <num>
INFO  [16:58:15.521] [bbotk]       53 0.1273301         8          <list[5]> <list[3]> 0.09808102

### [bt]: Job terminated successfully [batchtools job.id=1510]
### [bt]: Calculation finished!
