### [bt]: This is batchtools v0.9.17
### [bt]: Starting calculation of 5 jobs
### [bt]: Setting working directory to '/Users/User/Documents/Studium/Semester8/Hiwi/mlr3calibration/vignettes'
### [bt]: Memory measurement disabled
### [bt]: Starting job [batchtools job.id=156]
### [bt]: Generating problem instance for problem '70bd5a65df34c4f3' ...
### [bt]: Applying algorithm 'run_learner' on problem '70bd5a65df34c4f3' for job 156 (seed = 157) ...
INFO  [16:38:54.101] [mlr3] Applying learner 'classif.ranger.tuned_calib.oof_beta' on task 'kr-vs-kp' (iter 6/10)
INFO  [16:38:54.741] [bbotk] Starting to optimize 1 parameter(s) with '<OptimizerBatchRandomSearch>' and '<TerminatorEvals> [n_evals=3, k=0]'
INFO  [16:38:54.747] [bbotk] Evaluating 1 configuration(s)
INFO  [16:38:55.025] [bbotk] Result of batch 1:
INFO  [16:38:55.026] [bbotk]  num.trees classif.ce warnings errors runtime_learners
INFO  [16:38:55.026] [bbotk]        119 0.02347827        0      0            0.234
INFO  [16:38:55.026] [bbotk]                                 uhash
INFO  [16:38:55.026] [bbotk]  00efd42b-5550-48ef-a6f7-2cf8156f2248
INFO  [16:38:55.028] [bbotk] Evaluating 1 configuration(s)
INFO  [16:38:55.720] [bbotk] Result of batch 2:
INFO  [16:38:55.721] [bbotk]  num.trees classif.ce warnings errors runtime_learners
INFO  [16:38:55.721] [bbotk]        413 0.02173876        0      0            0.664
INFO  [16:38:55.721] [bbotk]                                 uhash
INFO  [16:38:55.721] [bbotk]  c5aa0fc0-cad8-4460-a41e-82df697b8fe7
INFO  [16:38:55.723] [bbotk] Evaluating 1 configuration(s)
INFO  [16:38:56.327] [bbotk] Result of batch 3:
INFO  [16:38:56.328] [bbotk]  num.trees classif.ce warnings errors runtime_learners
INFO  [16:38:56.328] [bbotk]        298 0.02173649        0      0            0.554
INFO  [16:38:56.328] [bbotk]                                 uhash
INFO  [16:38:56.328] [bbotk]  d937d1d1-7920-4191-9ac4-8767ccc99f69
INFO  [16:38:56.334] [bbotk] Finished optimizing after 3 evaluation(s)
INFO  [16:38:56.334] [bbotk] Result:
INFO  [16:38:56.335] [bbotk]  num.trees learner_param_vals  x_domain classif.ce
INFO  [16:38:56.335] [bbotk]      <int>             <list>    <list>      <num>
INFO  [16:38:56.335] [bbotk]        298          <list[2]> <list[1]> 0.02173649
INFO  [16:38:56.615] [bbotk] Starting to optimize 1 parameter(s) with '<OptimizerBatchRandomSearch>' and '<TerminatorEvals> [n_evals=3, k=0]'
INFO  [16:38:56.620] [bbotk] Evaluating 1 configuration(s)
INFO  [16:38:57.191] [bbotk] Result of batch 1:
INFO  [16:38:57.192] [bbotk]  num.trees classif.ce warnings errors runtime_learners
INFO  [16:38:57.192] [bbotk]        279  0.0208605        0      0            0.527
INFO  [16:38:57.192] [bbotk]                                 uhash
INFO  [16:38:57.192] [bbotk]  83f35457-2c50-48ce-92fc-9adea46e0ae8
INFO  [16:38:57.196] [bbotk] Evaluating 1 configuration(s)
INFO  [16:38:57.765] [bbotk] Result of batch 2:
INFO  [16:38:57.766] [bbotk]  num.trees classif.ce warnings errors runtime_learners
INFO  [16:38:57.766] [bbotk]        283  0.0208605        0      0            0.536
INFO  [16:38:57.766] [bbotk]                                 uhash
INFO  [16:38:57.766] [bbotk]  dbe8179c-baa0-44fe-a5db-1c1feee16286
INFO  [16:38:57.769] [bbotk] Evaluating 1 configuration(s)
INFO  [16:38:58.134] [bbotk] Result of batch 3:
INFO  [16:38:58.136] [bbotk]  num.trees classif.ce warnings errors runtime_learners
INFO  [16:38:58.136] [bbotk]        163 0.02129509        0      0            0.318
INFO  [16:38:58.136] [bbotk]                                 uhash
INFO  [16:38:58.136] [bbotk]  86f8f158-4629-4945-a876-7832a6bb5bf2
INFO  [16:38:58.147] [bbotk] Finished optimizing after 3 evaluation(s)
INFO  [16:38:58.147] [bbotk] Result:
INFO  [16:38:58.148] [bbotk]  num.trees learner_param_vals  x_domain classif.ce
INFO  [16:38:58.148] [bbotk]      <int>             <list>    <list>      <num>
INFO  [16:38:58.148] [bbotk]        279          <list[2]> <list[1]>  0.0208605
INFO  [16:38:58.455] [bbotk] Starting to optimize 1 parameter(s) with '<OptimizerBatchRandomSearch>' and '<TerminatorEvals> [n_evals=3, k=0]'
INFO  [16:38:58.460] [bbotk] Evaluating 1 configuration(s)
INFO  [16:38:58.969] [bbotk] Result of batch 1:
INFO  [16:38:58.970] [bbotk]  num.trees classif.ce warnings errors runtime_learners
INFO  [16:38:58.970] [bbotk]        229 0.01825293        0      0            0.461
INFO  [16:38:58.970] [bbotk]                                 uhash
INFO  [16:38:58.970] [bbotk]  7715ce65-d809-4687-aab5-663dd6a336d3
INFO  [16:38:58.972] [bbotk] Evaluating 1 configuration(s)
INFO  [16:38:59.802] [bbotk] Result of batch 2:
INFO  [16:38:59.803] [bbotk]  num.trees classif.ce warnings errors runtime_learners
INFO  [16:38:59.803] [bbotk]        457 0.01825293        0      0            0.797
INFO  [16:38:59.803] [bbotk]                                 uhash
INFO  [16:38:59.803] [bbotk]  b6ecf1ee-d9d6-479f-96be-339560b1a02e
INFO  [16:38:59.805] [bbotk] Evaluating 1 configuration(s)
INFO  [16:39:00.722] [bbotk] Result of batch 3:
INFO  [16:39:00.724] [bbotk]  num.trees classif.ce warnings errors runtime_learners
INFO  [16:39:00.724] [bbotk]        462 0.01781834        0      0            0.879
INFO  [16:39:00.724] [bbotk]                                 uhash
INFO  [16:39:00.724] [bbotk]  070b3686-93fa-4d2b-930a-bd0cbe43778c
INFO  [16:39:00.742] [bbotk] Finished optimizing after 3 evaluation(s)
INFO  [16:39:00.743] [bbotk] Result:
INFO  [16:39:00.746] [bbotk]  num.trees learner_param_vals  x_domain classif.ce
INFO  [16:39:00.746] [bbotk]      <int>             <list>    <list>      <num>
INFO  [16:39:00.746] [bbotk]        462          <list[2]> <list[1]> 0.01781834
INFO  [16:39:01.216] [bbotk] Starting to optimize 1 parameter(s) with '<OptimizerBatchRandomSearch>' and '<TerminatorEvals> [n_evals=3, k=0]'
INFO  [16:39:01.226] [bbotk] Evaluating 1 configuration(s)
INFO  [16:39:01.520] [bbotk] Result of batch 1:
INFO  [16:39:01.521] [bbotk]  num.trees classif.ce warnings errors runtime_learners
INFO  [16:39:01.521] [bbotk]        117 0.02129509        0      0            0.243
INFO  [16:39:01.521] [bbotk]                                 uhash
INFO  [16:39:01.521] [bbotk]  9be936bd-a995-4db5-ac7e-55b369a1f6ab
INFO  [16:39:01.530] [bbotk] Evaluating 1 configuration(s)
INFO  [16:39:02.556] [bbotk] Result of batch 2:
INFO  [16:39:02.557] [bbotk]  num.trees classif.ce warnings errors runtime_learners
INFO  [16:39:02.557] [bbotk]        479  0.0208605        0      0             0.98
INFO  [16:39:02.557] [bbotk]                                 uhash
INFO  [16:39:02.557] [bbotk]  e93b3d29-a182-4003-b27e-891c4bbc5557
INFO  [16:39:02.559] [bbotk] Evaluating 1 configuration(s)
INFO  [16:39:03.460] [bbotk] Result of batch 3:
INFO  [16:39:03.461] [bbotk]  num.trees classif.ce warnings errors runtime_learners
INFO  [16:39:03.461] [bbotk]        479 0.02172968        0      0            0.859
INFO  [16:39:03.461] [bbotk]                                 uhash
INFO  [16:39:03.461] [bbotk]  eca4216f-ae73-421c-9364-768bb4992c90
INFO  [16:39:03.468] [bbotk] Finished optimizing after 3 evaluation(s)
INFO  [16:39:03.468] [bbotk] Result:
INFO  [16:39:03.469] [bbotk]  num.trees learner_param_vals  x_domain classif.ce
INFO  [16:39:03.469] [bbotk]      <int>             <list>    <list>      <num>
INFO  [16:39:03.469] [bbotk]        479          <list[2]> <list[1]>  0.0208605
INFO  [16:39:04.066] [bbotk] Starting to optimize 1 parameter(s) with '<OptimizerBatchRandomSearch>' and '<TerminatorEvals> [n_evals=3, k=0]'
INFO  [16:39:04.073] [bbotk] Evaluating 1 configuration(s)
INFO  [16:39:04.446] [bbotk] Result of batch 1:
INFO  [16:39:04.446] [bbotk]  num.trees classif.ce warnings errors runtime_learners
INFO  [16:39:04.446] [bbotk]        157 0.02477184        0      0            0.326
INFO  [16:39:04.446] [bbotk]                                 uhash
INFO  [16:39:04.446] [bbotk]  5c913c5a-087c-465b-b9e9-9536f034f5a2
INFO  [16:39:04.450] [bbotk] Evaluating 1 configuration(s)
INFO  [16:39:04.935] [bbotk] Result of batch 2:
INFO  [16:39:04.936] [bbotk]  num.trees classif.ce warnings errors runtime_learners
INFO  [16:39:04.936] [bbotk]        236 0.02346806        0      0            0.436
INFO  [16:39:04.936] [bbotk]                                 uhash
INFO  [16:39:04.936] [bbotk]  1b6d12ee-7ccb-4497-b241-fd75282ac0a0
INFO  [16:39:04.938] [bbotk] Evaluating 1 configuration(s)
INFO  [16:39:05.805] [bbotk] Result of batch 3:
INFO  [16:39:05.806] [bbotk]  num.trees classif.ce warnings errors runtime_learners
INFO  [16:39:05.806] [bbotk]        410 0.02477184        0      0            0.823
INFO  [16:39:05.806] [bbotk]                                 uhash
INFO  [16:39:05.806] [bbotk]  55282d47-125f-42a2-a93c-e033943685fe
INFO  [16:39:05.822] [bbotk] Finished optimizing after 3 evaluation(s)
INFO  [16:39:05.823] [bbotk] Result:
INFO  [16:39:05.824] [bbotk]  num.trees learner_param_vals  x_domain classif.ce
INFO  [16:39:05.824] [bbotk]      <int>             <list>    <list>      <num>
INFO  [16:39:05.824] [bbotk]        236          <list[2]> <list[1]> 0.02346806
Warning: glm.fit: fitted probabilities numerically 0 or 1 occurred
This happened PipeOp classif.ranger's $train()
[1] -95.45051
[1] 117.6073

### [bt]: Job terminated successfully [batchtools job.id=156]
### [bt]: Starting job [batchtools job.id=157]
### [bt]: Generating problem instance for problem '70bd5a65df34c4f3' ...
### [bt]: Applying algorithm 'run_learner' on problem '70bd5a65df34c4f3' for job 157 (seed = 158) ...
INFO  [16:39:06.336] [mlr3] Applying learner 'classif.ranger.tuned_calib.oof_beta' on task 'kr-vs-kp' (iter 7/10)
INFO  [16:39:06.417] [bbotk] Starting to optimize 1 parameter(s) with '<OptimizerBatchRandomSearch>' and '<TerminatorEvals> [n_evals=3, k=0]'
INFO  [16:39:06.432] [bbotk] Evaluating 1 configuration(s)
INFO  [16:39:07.248] [bbotk] Result of batch 1:
INFO  [16:39:07.250] [bbotk]  num.trees classif.ce warnings errors runtime_learners
INFO  [16:39:07.250] [bbotk]        415 0.02346806        0      0            0.758
INFO  [16:39:07.250] [bbotk]                                 uhash
INFO  [16:39:07.250] [bbotk]  f2f9f949-9350-458d-ba5c-61cd4c146e99
INFO  [16:39:07.255] [bbotk] Evaluating 1 configuration(s)
INFO  [16:39:08.255] [bbotk] Result of batch 2:
INFO  [16:39:08.256] [bbotk]  num.trees classif.ce warnings errors runtime_learners
INFO  [16:39:08.256] [bbotk]        392 0.02259887        0      0            0.949
INFO  [16:39:08.256] [bbotk]                                 uhash
INFO  [16:39:08.256] [bbotk]  f9264926-c560-41d4-a19c-dba2ac69ca2e
INFO  [16:39:08.258] [bbotk] Evaluating 1 configuration(s)
INFO  [16:39:08.643] [bbotk] Result of batch 3:
INFO  [16:39:08.644] [bbotk]  num.trees classif.ce warnings errors runtime_learners
INFO  [16:39:08.644] [bbotk]        166 0.02259887        0      0            0.333
INFO  [16:39:08.644] [bbotk]                                 uhash
INFO  [16:39:08.644] [bbotk]  c752b708-6686-43b9-ad4d-082787fc877e
INFO  [16:39:08.652] [bbotk] Finished optimizing after 3 evaluation(s)
INFO  [16:39:08.652] [bbotk] Result:
INFO  [16:39:08.652] [bbotk]  num.trees learner_param_vals  x_domain classif.ce
INFO  [16:39:08.652] [bbotk]      <int>             <list>    <list>      <num>
INFO  [16:39:08.652] [bbotk]        392          <list[2]> <list[1]> 0.02259887
INFO  [16:39:09.099] [bbotk] Starting to optimize 1 parameter(s) with '<OptimizerBatchRandomSearch>' and '<TerminatorEvals> [n_evals=3, k=0]'
INFO  [16:39:09.111] [bbotk] Evaluating 1 configuration(s)
INFO  [16:39:09.946] [bbotk] Result of batch 1:
INFO  [16:39:09.946] [bbotk]  num.trees classif.ce warnings errors runtime_learners
INFO  [16:39:09.946] [bbotk]        455 0.02607562        0      0            0.797
INFO  [16:39:09.946] [bbotk]                                 uhash
INFO  [16:39:09.946] [bbotk]  40cbd822-788b-4404-b589-114c215ac85d
INFO  [16:39:09.949] [bbotk] Evaluating 1 configuration(s)
INFO  [16:39:10.760] [bbotk] Result of batch 2:
INFO  [16:39:10.761] [bbotk]  num.trees classif.ce warnings errors runtime_learners
INFO  [16:39:10.761] [bbotk]        312 0.02346806        0      0            0.765
INFO  [16:39:10.761] [bbotk]                                 uhash
INFO  [16:39:10.761] [bbotk]  94298b61-3f9a-4545-9977-51d74d9b8a64
INFO  [16:39:10.763] [bbotk] Evaluating 1 configuration(s)
INFO  [16:39:11.468] [bbotk] Result of batch 3:
INFO  [16:39:11.469] [bbotk]  num.trees classif.ce warnings errors runtime_learners
INFO  [16:39:11.469] [bbotk]        416 0.02477184        0      0             0.67
INFO  [16:39:11.469] [bbotk]                                 uhash
INFO  [16:39:11.469] [bbotk]  fde2bf50-f8f1-41cb-835d-6d55f664618a
INFO  [16:39:11.479] [bbotk] Finished optimizing after 3 evaluation(s)
INFO  [16:39:11.479] [bbotk] Result:
INFO  [16:39:11.481] [bbotk]  num.trees learner_param_vals  x_domain classif.ce
INFO  [16:39:11.481] [bbotk]      <int>             <list>    <list>      <num>
INFO  [16:39:11.481] [bbotk]        312          <list[2]> <list[1]> 0.02346806
INFO  [16:39:11.780] [bbotk] Starting to optimize 1 parameter(s) with '<OptimizerBatchRandomSearch>' and '<TerminatorEvals> [n_evals=3, k=0]'
INFO  [16:39:11.790] [bbotk] Evaluating 1 configuration(s)
INFO  [16:39:12.338] [bbotk] Result of batch 1:
INFO  [16:39:12.341] [bbotk]  num.trees classif.ce warnings errors runtime_learners
INFO  [16:39:12.341] [bbotk]        299 0.02128207        0      0            0.496
INFO  [16:39:12.341] [bbotk]                                 uhash
INFO  [16:39:12.341] [bbotk]  c95dd2a2-06ee-43b5-a3d7-3eae7fc9033f
INFO  [16:39:12.346] [bbotk] Evaluating 1 configuration(s)
INFO  [16:39:12.613] [bbotk] Result of batch 2:
INFO  [16:39:12.615] [bbotk]  num.trees classif.ce warnings errors runtime_learners
INFO  [16:39:12.615] [bbotk]        103 0.01997773        0      0             0.21
INFO  [16:39:12.615] [bbotk]                                 uhash
INFO  [16:39:12.615] [bbotk]  38c87286-dba3-4d47-b447-9dc095b1353b
INFO  [16:39:12.620] [bbotk] Evaluating 1 configuration(s)
INFO  [16:39:13.372] [bbotk] Result of batch 3:
INFO  [16:39:13.373] [bbotk]  num.trees classif.ce warnings errors runtime_learners
INFO  [16:39:13.373] [bbotk]        401 0.01954427        0      0            0.713
INFO  [16:39:13.373] [bbotk]                                 uhash
INFO  [16:39:13.373] [bbotk]  56c399c3-28a1-47b5-879d-1683dbbcca26
INFO  [16:39:13.387] [bbotk] Finished optimizing after 3 evaluation(s)
INFO  [16:39:13.387] [bbotk] Result:
INFO  [16:39:13.389] [bbotk]  num.trees learner_param_vals  x_domain classif.ce
INFO  [16:39:13.389] [bbotk]      <int>             <list>    <list>      <num>
INFO  [16:39:13.389] [bbotk]        401          <list[2]> <list[1]> 0.01954427
INFO  [16:39:13.837] [bbotk] Starting to optimize 1 parameter(s) with '<OptimizerBatchRandomSearch>' and '<TerminatorEvals> [n_evals=3, k=0]'
INFO  [16:39:13.842] [bbotk] Evaluating 1 configuration(s)
INFO  [16:39:14.118] [bbotk] Result of batch 1:
INFO  [16:39:14.120] [bbotk]  num.trees classif.ce warnings errors runtime_learners
INFO  [16:39:14.120] [bbotk]        112 0.01737752        0      0             0.22
INFO  [16:39:14.120] [bbotk]                                 uhash
INFO  [16:39:14.120] [bbotk]  fc3b58b4-c928-4a31-8b41-a544d8842f68
INFO  [16:39:14.125] [bbotk] Evaluating 1 configuration(s)
INFO  [16:39:14.868] [bbotk] Result of batch 2:
INFO  [16:39:14.873] [bbotk]  num.trees classif.ce warnings errors runtime_learners
INFO  [16:39:14.873] [bbotk]        353 0.01868074        0      0            0.683
INFO  [16:39:14.873] [bbotk]                                 uhash
INFO  [16:39:14.873] [bbotk]  6d6094b0-db32-4bef-81f1-177942d7e6e9
INFO  [16:39:14.877] [bbotk] Evaluating 1 configuration(s)
INFO  [16:39:15.245] [bbotk] Result of batch 3:
INFO  [16:39:15.246] [bbotk]  num.trees classif.ce warnings errors runtime_learners
INFO  [16:39:15.246] [bbotk]        199 0.01737582        0      0            0.326
INFO  [16:39:15.246] [bbotk]                                 uhash
INFO  [16:39:15.246] [bbotk]  e545f3a4-4684-4a3f-973e-16e2c51f9efe
INFO  [16:39:15.254] [bbotk] Finished optimizing after 3 evaluation(s)
INFO  [16:39:15.254] [bbotk] Result:
INFO  [16:39:15.255] [bbotk]  num.trees learner_param_vals  x_domain classif.ce
INFO  [16:39:15.255] [bbotk]      <int>             <list>    <list>      <num>
INFO  [16:39:15.255] [bbotk]        199          <list[2]> <list[1]> 0.01737582
INFO  [16:39:15.435] [bbotk] Starting to optimize 1 parameter(s) with '<OptimizerBatchRandomSearch>' and '<TerminatorEvals> [n_evals=3, k=0]'
INFO  [16:39:15.441] [bbotk] Evaluating 1 configuration(s)
INFO  [16:39:15.781] [bbotk] Result of batch 1:
INFO  [16:39:15.781] [bbotk]  num.trees classif.ce warnings errors runtime_learners
INFO  [16:39:15.781] [bbotk]        145 0.01824558        0      0            0.291
INFO  [16:39:15.781] [bbotk]                                 uhash
INFO  [16:39:15.781] [bbotk]  3652603d-3d27-421a-905e-256afe29d252
INFO  [16:39:15.791] [bbotk] Evaluating 1 configuration(s)
INFO  [16:39:16.811] [bbotk] Result of batch 2:
INFO  [16:39:16.812] [bbotk]  num.trees classif.ce warnings errors runtime_learners
INFO  [16:39:16.812] [bbotk]        482 0.01868017        0      0             0.97
INFO  [16:39:16.812] [bbotk]                                 uhash
INFO  [16:39:16.812] [bbotk]  125312a1-4979-4858-8111-54453effc48a
INFO  [16:39:16.814] [bbotk] Evaluating 1 configuration(s)
INFO  [16:39:17.660] [bbotk] Result of batch 3:
INFO  [16:39:17.661] [bbotk]  num.trees classif.ce warnings errors runtime_learners
INFO  [16:39:17.661] [bbotk]        431  0.0191142        0      0            0.806
INFO  [16:39:17.661] [bbotk]                                 uhash
INFO  [16:39:17.661] [bbotk]  c9aeee3b-571a-46bd-99e9-8040535f2d7b
INFO  [16:39:17.668] [bbotk] Finished optimizing after 3 evaluation(s)
INFO  [16:39:17.669] [bbotk] Result:
INFO  [16:39:17.670] [bbotk]  num.trees learner_param_vals  x_domain classif.ce
INFO  [16:39:17.670] [bbotk]      <int>             <list>    <list>      <num>
INFO  [16:39:17.670] [bbotk]        145          <list[2]> <list[1]> 0.01824558
Warning: glm.fit: fitted probabilities numerically 0 or 1 occurred
This happened PipeOp classif.ranger's $train()
[1] -99.33612
[1] 123.132

### [bt]: Job terminated successfully [batchtools job.id=157]
### [bt]: Starting job [batchtools job.id=158]
### [bt]: Generating problem instance for problem '70bd5a65df34c4f3' ...
### [bt]: Applying algorithm 'run_learner' on problem '70bd5a65df34c4f3' for job 158 (seed = 159) ...
INFO  [16:39:18.078] [mlr3] Applying learner 'classif.ranger.tuned_calib.oof_beta' on task 'kr-vs-kp' (iter 8/10)
INFO  [16:39:18.166] [bbotk] Starting to optimize 1 parameter(s) with '<OptimizerBatchRandomSearch>' and '<TerminatorEvals> [n_evals=3, k=0]'
INFO  [16:39:18.178] [bbotk] Evaluating 1 configuration(s)
INFO  [16:39:18.652] [bbotk] Result of batch 1:
INFO  [16:39:18.653] [bbotk]  num.trees classif.ce warnings errors runtime_learners
INFO  [16:39:18.653] [bbotk]        219 0.01912212        0      0            0.409
INFO  [16:39:18.653] [bbotk]                                 uhash
INFO  [16:39:18.653] [bbotk]  3af67eca-f1bc-419e-86e4-ee30f11a8446
INFO  [16:39:18.657] [bbotk] Evaluating 1 configuration(s)
INFO  [16:39:19.082] [bbotk] Result of batch 2:
INFO  [16:39:19.084] [bbotk]  num.trees classif.ce warnings errors runtime_learners
INFO  [16:39:19.084] [bbotk]        178 0.01868753        0      0             0.38
INFO  [16:39:19.084] [bbotk]                                 uhash
INFO  [16:39:19.084] [bbotk]  20a2fae2-32fc-48a3-aa5d-ac9e5b03484d
INFO  [16:39:19.086] [bbotk] Evaluating 1 configuration(s)
INFO  [16:39:19.781] [bbotk] Result of batch 3:
INFO  [16:39:19.781] [bbotk]  num.trees classif.ce warnings errors runtime_learners
INFO  [16:39:19.781] [bbotk]        356 0.01825293        0      0            0.659
INFO  [16:39:19.781] [bbotk]                                 uhash
INFO  [16:39:19.781] [bbotk]  c9325ddb-abe6-4c5b-bad2-c1d788c7680a
INFO  [16:39:19.788] [bbotk] Finished optimizing after 3 evaluation(s)
INFO  [16:39:19.788] [bbotk] Result:
INFO  [16:39:19.789] [bbotk]  num.trees learner_param_vals  x_domain classif.ce
INFO  [16:39:19.789] [bbotk]      <int>             <list>    <list>      <num>
INFO  [16:39:19.789] [bbotk]        356          <list[2]> <list[1]> 0.01825293
INFO  [16:39:20.174] [bbotk] Starting to optimize 1 parameter(s) with '<OptimizerBatchRandomSearch>' and '<TerminatorEvals> [n_evals=3, k=0]'
INFO  [16:39:20.190] [bbotk] Evaluating 1 configuration(s)
INFO  [16:39:20.656] [bbotk] Result of batch 1:
INFO  [16:39:20.657] [bbotk]  num.trees classif.ce warnings errors runtime_learners
INFO  [16:39:20.657] [bbotk]        217 0.01825293        0      0             0.43
INFO  [16:39:20.657] [bbotk]                                 uhash
INFO  [16:39:20.657] [bbotk]  3639035b-8601-4afb-996e-fc8e445f8239
INFO  [16:39:20.662] [bbotk] Evaluating 1 configuration(s)
INFO  [16:39:21.090] [bbotk] Result of batch 2:
INFO  [16:39:21.090] [bbotk]  num.trees classif.ce warnings errors runtime_learners
INFO  [16:39:21.090] [bbotk]        201 0.01781834        0      0            0.374
INFO  [16:39:21.090] [bbotk]                                 uhash
INFO  [16:39:21.090] [bbotk]  f797d9c6-c8f3-4ec1-bf69-3bd636d0fc98
INFO  [16:39:21.093] [bbotk] Evaluating 1 configuration(s)
INFO  [16:39:21.865] [bbotk] Result of batch 3:
INFO  [16:39:21.867] [bbotk]  num.trees classif.ce warnings errors runtime_learners
INFO  [16:39:21.867] [bbotk]        373 0.01825293        0      0            0.724
INFO  [16:39:21.867] [bbotk]                                 uhash
INFO  [16:39:21.867] [bbotk]  8872668a-736f-4d58-bcc6-768c02448611
INFO  [16:39:21.883] [bbotk] Finished optimizing after 3 evaluation(s)
INFO  [16:39:21.883] [bbotk] Result:
INFO  [16:39:21.884] [bbotk]  num.trees learner_param_vals  x_domain classif.ce
INFO  [16:39:21.884] [bbotk]      <int>             <list>    <list>      <num>
INFO  [16:39:21.884] [bbotk]        201          <list[2]> <list[1]> 0.01781834
INFO  [16:39:22.103] [bbotk] Starting to optimize 1 parameter(s) with '<OptimizerBatchRandomSearch>' and '<TerminatorEvals> [n_evals=3, k=0]'
INFO  [16:39:22.118] [bbotk] Evaluating 1 configuration(s)
INFO  [16:39:22.671] [bbotk] Result of batch 1:
INFO  [16:39:22.672] [bbotk]  num.trees classif.ce warnings errors runtime_learners
INFO  [16:39:22.672] [bbotk]        319 0.02128604        0      0             0.51
INFO  [16:39:22.672] [bbotk]                                 uhash
INFO  [16:39:22.672] [bbotk]  e0b2de26-8917-4cb3-bb67-c0c327ea563d
INFO  [16:39:22.674] [bbotk] Evaluating 1 configuration(s)
INFO  [16:39:23.106] [bbotk] Result of batch 2:
INFO  [16:39:23.108] [bbotk]  num.trees classif.ce warnings errors runtime_learners
INFO  [16:39:23.108] [bbotk]        205 0.01911363        0      0            0.379
INFO  [16:39:23.108] [bbotk]                                 uhash
INFO  [16:39:23.108] [bbotk]  d487e132-92ba-4e7d-a004-2a2baec1ec6e
INFO  [16:39:23.110] [bbotk] Evaluating 1 configuration(s)
INFO  [16:39:23.869] [bbotk] Result of batch 3:
INFO  [16:39:23.870] [bbotk]  num.trees classif.ce warnings errors runtime_learners
INFO  [16:39:23.870] [bbotk]        378 0.01954879        0      0            0.712
INFO  [16:39:23.870] [bbotk]                                 uhash
INFO  [16:39:23.870] [bbotk]  9c15a3be-8b52-4273-b0b4-ac6e9ef008bf
INFO  [16:39:23.876] [bbotk] Finished optimizing after 3 evaluation(s)
INFO  [16:39:23.876] [bbotk] Result:
INFO  [16:39:23.877] [bbotk]  num.trees learner_param_vals  x_domain classif.ce
INFO  [16:39:23.877] [bbotk]      <int>             <list>    <list>      <num>
INFO  [16:39:23.877] [bbotk]        205          <list[2]> <list[1]> 0.01911363
INFO  [16:39:24.107] [bbotk] Starting to optimize 1 parameter(s) with '<OptimizerBatchRandomSearch>' and '<TerminatorEvals> [n_evals=3, k=0]'
INFO  [16:39:24.114] [bbotk] Evaluating 1 configuration(s)
INFO  [16:39:25.286] [bbotk] Result of batch 1:
INFO  [16:39:25.294] [bbotk]  num.trees classif.ce warnings errors runtime_learners
INFO  [16:39:25.294] [bbotk]        491 0.01911307        0      0            1.118
INFO  [16:39:25.294] [bbotk]                                 uhash
INFO  [16:39:25.294] [bbotk]  dae1566d-07f9-485a-9f69-bad44b4249d8
INFO  [16:39:25.300] [bbotk] Evaluating 1 configuration(s)
INFO  [16:39:25.675] [bbotk] Result of batch 2:
INFO  [16:39:25.676] [bbotk]  num.trees classif.ce warnings errors runtime_learners
INFO  [16:39:25.676] [bbotk]        161 0.01911307        0      0            0.302
INFO  [16:39:25.676] [bbotk]                                 uhash
INFO  [16:39:25.676] [bbotk]  e3da8f67-2b37-4b80-b9ed-e3c8e0450c94
INFO  [16:39:25.680] [bbotk] Evaluating 1 configuration(s)
INFO  [16:39:26.597] [bbotk] Result of batch 3:
INFO  [16:39:26.598] [bbotk]  num.trees classif.ce warnings errors runtime_learners
INFO  [16:39:26.598] [bbotk]        485 0.01824331        0      0            0.874
INFO  [16:39:26.598] [bbotk]                                 uhash
INFO  [16:39:26.598] [bbotk]  3cdd9139-b53b-42f4-a771-d2e1d6fe0453
INFO  [16:39:26.606] [bbotk] Finished optimizing after 3 evaluation(s)
INFO  [16:39:26.607] [bbotk] Result:
INFO  [16:39:26.608] [bbotk]  num.trees learner_param_vals  x_domain classif.ce
INFO  [16:39:26.608] [bbotk]      <int>             <list>    <list>      <num>
INFO  [16:39:26.608] [bbotk]        485          <list[2]> <list[1]> 0.01824331
INFO  [16:39:27.200] [bbotk] Starting to optimize 1 parameter(s) with '<OptimizerBatchRandomSearch>' and '<TerminatorEvals> [n_evals=3, k=0]'
INFO  [16:39:27.207] [bbotk] Evaluating 1 configuration(s)
INFO  [16:39:27.765] [bbotk] Result of batch 1:
INFO  [16:39:27.766] [bbotk]  num.trees classif.ce warnings errors runtime_learners
INFO  [16:39:27.766] [bbotk]        302 0.02259151        0      0            0.518
INFO  [16:39:27.766] [bbotk]                                 uhash
INFO  [16:39:27.766] [bbotk]  824a36ef-662c-4d42-8ab1-85c0ff36a4ec
INFO  [16:39:27.769] [bbotk] Evaluating 1 configuration(s)
INFO  [16:39:28.056] [bbotk] Result of batch 2:
INFO  [16:39:28.057] [bbotk]  num.trees classif.ce warnings errors runtime_learners
INFO  [16:39:28.057] [bbotk]        113   0.023459        0      0            0.237
INFO  [16:39:28.057] [bbotk]                                 uhash
INFO  [16:39:28.057] [bbotk]  09abf593-be0b-46b4-b691-c3b6fd85e59b
INFO  [16:39:28.059] [bbotk] Evaluating 1 configuration(s)
INFO  [16:39:28.520] [bbotk] Result of batch 3:
INFO  [16:39:28.521] [bbotk]  num.trees classif.ce warnings errors runtime_learners
INFO  [16:39:28.521] [bbotk]        220 0.02041911        0      0            0.413
INFO  [16:39:28.521] [bbotk]                                 uhash
INFO  [16:39:28.521] [bbotk]  ce2ae470-9d66-416a-a793-6b0db72829e1
INFO  [16:39:28.540] [bbotk] Finished optimizing after 3 evaluation(s)
INFO  [16:39:28.541] [bbotk] Result:
INFO  [16:39:28.544] [bbotk]  num.trees learner_param_vals  x_domain classif.ce
INFO  [16:39:28.544] [bbotk]      <int>             <list>    <list>      <num>
INFO  [16:39:28.544] [bbotk]        220          <list[2]> <list[1]> 0.02041911
Warning: glm.fit: fitted probabilities numerically 0 or 1 occurred
This happened PipeOp classif.ranger's $train()
[1] -109.2985
[1] 132.0378

### [bt]: Job terminated successfully [batchtools job.id=158]
### [bt]: Starting job [batchtools job.id=159]
### [bt]: Generating problem instance for problem '70bd5a65df34c4f3' ...
### [bt]: Applying algorithm 'run_learner' on problem '70bd5a65df34c4f3' for job 159 (seed = 160) ...
INFO  [16:39:28.962] [mlr3] Applying learner 'classif.ranger.tuned_calib.oof_beta' on task 'kr-vs-kp' (iter 9/10)
INFO  [16:39:29.056] [bbotk] Starting to optimize 1 parameter(s) with '<OptimizerBatchRandomSearch>' and '<TerminatorEvals> [n_evals=3, k=0]'
INFO  [16:39:29.073] [bbotk] Evaluating 1 configuration(s)
INFO  [16:39:29.547] [bbotk] Result of batch 1:
INFO  [16:39:29.548] [bbotk]  num.trees classif.ce warnings errors runtime_learners
INFO  [16:39:29.548] [bbotk]        216 0.02259887        0      0             0.42
INFO  [16:39:29.548] [bbotk]                                 uhash
INFO  [16:39:29.548] [bbotk]  4db2ea6f-57a2-405f-8be0-e4404abdfc66
INFO  [16:39:29.553] [bbotk] Evaluating 1 configuration(s)
INFO  [16:39:30.276] [bbotk] Result of batch 2:
INFO  [16:39:30.277] [bbotk]  num.trees classif.ce warnings errors runtime_learners
INFO  [16:39:30.277] [bbotk]        373 0.02303346        0      0            0.659
INFO  [16:39:30.277] [bbotk]                                 uhash
INFO  [16:39:30.277] [bbotk]  402bc3ee-f147-4f37-b835-90439e9778cd
INFO  [16:39:30.279] [bbotk] Evaluating 1 configuration(s)
INFO  [16:39:31.308] [bbotk] Result of batch 3:
INFO  [16:39:31.310] [bbotk]  num.trees classif.ce warnings errors runtime_learners
INFO  [16:39:31.310] [bbotk]        499 0.02129509        0      0            0.977
INFO  [16:39:31.310] [bbotk]                                 uhash
INFO  [16:39:31.310] [bbotk]  384d1199-cb57-4105-9fa3-1536cd127690
INFO  [16:39:31.320] [bbotk] Finished optimizing after 3 evaluation(s)
INFO  [16:39:31.321] [bbotk] Result:
INFO  [16:39:31.321] [bbotk]  num.trees learner_param_vals  x_domain classif.ce
INFO  [16:39:31.321] [bbotk]      <int>             <list>    <list>      <num>
INFO  [16:39:31.321] [bbotk]        499          <list[2]> <list[1]> 0.02129509
INFO  [16:39:31.932] [bbotk] Starting to optimize 1 parameter(s) with '<OptimizerBatchRandomSearch>' and '<TerminatorEvals> [n_evals=3, k=0]'
INFO  [16:39:31.937] [bbotk] Evaluating 1 configuration(s)
INFO  [16:39:32.754] [bbotk] Result of batch 1:
INFO  [16:39:32.756] [bbotk]  num.trees classif.ce warnings errors runtime_learners
INFO  [16:39:32.756] [bbotk]        366 0.02259887        0      0            0.761
INFO  [16:39:32.756] [bbotk]                                 uhash
INFO  [16:39:32.756] [bbotk]  9b876cdc-139c-4237-897c-81dce4f5d79b
INFO  [16:39:32.761] [bbotk] Evaluating 1 configuration(s)
INFO  [16:39:33.427] [bbotk] Result of batch 2:
INFO  [16:39:33.429] [bbotk]  num.trees classif.ce warnings errors runtime_learners
INFO  [16:39:33.429] [bbotk]        341  0.0208605        0      0            0.619
INFO  [16:39:33.429] [bbotk]                                 uhash
INFO  [16:39:33.429] [bbotk]  a2e800fe-1522-4587-b79f-88ac0ce34297
INFO  [16:39:33.439] [bbotk] Evaluating 1 configuration(s)
INFO  [16:39:33.891] [bbotk] Result of batch 3:
INFO  [16:39:33.892] [bbotk]  num.trees classif.ce warnings errors runtime_learners
INFO  [16:39:33.892] [bbotk]        219 0.02172968        0      0            0.391
INFO  [16:39:33.892] [bbotk]                                 uhash
INFO  [16:39:33.892] [bbotk]  83749270-ab05-453d-bd77-a063dcf852bd
INFO  [16:39:33.902] [bbotk] Finished optimizing after 3 evaluation(s)
INFO  [16:39:33.902] [bbotk] Result:
INFO  [16:39:33.903] [bbotk]  num.trees learner_param_vals  x_domain classif.ce
INFO  [16:39:33.903] [bbotk]      <int>             <list>    <list>      <num>
INFO  [16:39:33.903] [bbotk]        341          <list[2]> <list[1]>  0.0208605
INFO  [16:39:34.305] [bbotk] Starting to optimize 1 parameter(s) with '<OptimizerBatchRandomSearch>' and '<TerminatorEvals> [n_evals=3, k=0]'
INFO  [16:39:34.313] [bbotk] Evaluating 1 configuration(s)
INFO  [16:39:35.340] [bbotk] Result of batch 1:
INFO  [16:39:35.341] [bbotk]  num.trees classif.ce warnings errors runtime_learners
INFO  [16:39:35.341] [bbotk]        476  0.0191108        0      0            0.979
INFO  [16:39:35.341] [bbotk]                                 uhash
INFO  [16:39:35.341] [bbotk]  290db6a1-af59-4283-9149-ccfd0d23cc25
INFO  [16:39:35.344] [bbotk] Evaluating 1 configuration(s)
INFO  [16:39:36.181] [bbotk] Result of batch 2:
INFO  [16:39:36.182] [bbotk]  num.trees classif.ce warnings errors runtime_learners
INFO  [16:39:36.182] [bbotk]        351 0.01954653        0      0            0.803
INFO  [16:39:36.182] [bbotk]                                 uhash
INFO  [16:39:36.182] [bbotk]  a0ef4bed-c9d8-480a-8251-c7b3a643f202
INFO  [16:39:36.185] [bbotk] Evaluating 1 configuration(s)
INFO  [16:39:36.832] [bbotk] Result of batch 3:
INFO  [16:39:36.834] [bbotk]  num.trees classif.ce warnings errors runtime_learners
INFO  [16:39:36.834] [bbotk]        345 0.01911194        0      0            0.615
INFO  [16:39:36.834] [bbotk]                                 uhash
INFO  [16:39:36.834] [bbotk]  aac2cb72-da93-4f0a-a07c-7dc51f08dec1
INFO  [16:39:36.859] [bbotk] Finished optimizing after 3 evaluation(s)
INFO  [16:39:36.859] [bbotk] Result:
INFO  [16:39:36.860] [bbotk]  num.trees learner_param_vals  x_domain classif.ce
INFO  [16:39:36.860] [bbotk]      <int>             <list>    <list>      <num>
INFO  [16:39:36.860] [bbotk]        476          <list[2]> <list[1]>  0.0191108
INFO  [16:39:37.359] [bbotk] Starting to optimize 1 parameter(s) with '<OptimizerBatchRandomSearch>' and '<TerminatorEvals> [n_evals=3, k=0]'
INFO  [16:39:37.374] [bbotk] Evaluating 1 configuration(s)
INFO  [16:39:38.442] [bbotk] Result of batch 1:
INFO  [16:39:38.443] [bbotk]  num.trees classif.ce warnings errors runtime_learners
INFO  [16:39:38.443] [bbotk]        448 0.02128264        0      0            0.992
INFO  [16:39:38.443] [bbotk]                                 uhash
INFO  [16:39:38.443] [bbotk]  a5a155a5-eb28-4d8b-8d53-6c19cba3e03b
INFO  [16:39:38.445] [bbotk] Evaluating 1 configuration(s)
INFO  [16:39:38.782] [bbotk] Result of batch 2:
INFO  [16:39:38.784] [bbotk]  num.trees classif.ce warnings errors runtime_learners
INFO  [16:39:38.784] [bbotk]        122 0.02301932        0      0            0.267
INFO  [16:39:38.784] [bbotk]                                 uhash
INFO  [16:39:38.784] [bbotk]  4944e8b5-c6c7-4c30-bf4f-53bb5e213d2a
INFO  [16:39:38.786] [bbotk] Evaluating 1 configuration(s)
INFO  [16:39:39.250] [bbotk] Result of batch 3:
INFO  [16:39:39.251] [bbotk]  num.trees classif.ce warnings errors runtime_learners
INFO  [16:39:39.251] [bbotk]        230  0.0195454        0      0            0.427
INFO  [16:39:39.251] [bbotk]                                 uhash
INFO  [16:39:39.251] [bbotk]  923d7e2f-8967-4419-9259-4adf7e3241a5
INFO  [16:39:39.257] [bbotk] Finished optimizing after 3 evaluation(s)
INFO  [16:39:39.257] [bbotk] Result:
INFO  [16:39:39.259] [bbotk]  num.trees learner_param_vals  x_domain classif.ce
INFO  [16:39:39.259] [bbotk]      <int>             <list>    <list>      <num>
INFO  [16:39:39.259] [bbotk]        230          <list[2]> <list[1]>  0.0195454
INFO  [16:39:39.532] [bbotk] Starting to optimize 1 parameter(s) with '<OptimizerBatchRandomSearch>' and '<TerminatorEvals> [n_evals=3, k=0]'
INFO  [16:39:39.544] [bbotk] Evaluating 1 configuration(s)
INFO  [16:39:40.212] [bbotk] Result of batch 1:
INFO  [16:39:40.214] [bbotk]  num.trees classif.ce warnings errors runtime_learners
INFO  [16:39:40.214] [bbotk]        334 0.02084974        0      0            0.621
INFO  [16:39:40.214] [bbotk]                                 uhash
INFO  [16:39:40.214] [bbotk]  01949a4a-b1fc-419f-b893-93bdbf8e2058
INFO  [16:39:40.219] [bbotk] Evaluating 1 configuration(s)
INFO  [16:39:40.524] [bbotk] Result of batch 2:
INFO  [16:39:40.525] [bbotk]  num.trees classif.ce warnings errors runtime_learners
INFO  [16:39:40.525] [bbotk]        122 0.02128604        0      0            0.246
INFO  [16:39:40.525] [bbotk]                                 uhash
INFO  [16:39:40.525] [bbotk]  58868598-97c4-4a07-929d-bf4b530ff770
INFO  [16:39:40.530] [bbotk] Evaluating 1 configuration(s)
INFO  [16:39:40.977] [bbotk] Result of batch 3:
INFO  [16:39:40.978] [bbotk]  num.trees classif.ce warnings errors runtime_learners
INFO  [16:39:40.978] [bbotk]        221 0.02085144        0      0            0.398
INFO  [16:39:40.978] [bbotk]                                 uhash
INFO  [16:39:40.978] [bbotk]  3a6cc003-a794-41b2-ae0d-4a7e5c008978
INFO  [16:39:40.991] [bbotk] Finished optimizing after 3 evaluation(s)
INFO  [16:39:40.991] [bbotk] Result:
INFO  [16:39:40.992] [bbotk]  num.trees learner_param_vals  x_domain classif.ce
INFO  [16:39:40.992] [bbotk]      <int>             <list>    <list>      <num>
INFO  [16:39:40.992] [bbotk]        334          <list[2]> <list[1]> 0.02084974
[1] -132.9966
[1] 97.16764

### [bt]: Job terminated successfully [batchtools job.id=159]
### [bt]: Starting job [batchtools job.id=160]
### [bt]: Generating problem instance for problem '70bd5a65df34c4f3' ...
### [bt]: Applying algorithm 'run_learner' on problem '70bd5a65df34c4f3' for job 160 (seed = 161) ...
INFO  [16:39:41.611] [mlr3] Applying learner 'classif.ranger.tuned_calib.oof_beta' on task 'kr-vs-kp' (iter 10/10)
INFO  [16:39:41.681] [bbotk] Starting to optimize 1 parameter(s) with '<OptimizerBatchRandomSearch>' and '<TerminatorEvals> [n_evals=3, k=0]'
INFO  [16:39:41.702] [bbotk] Evaluating 1 configuration(s)
INFO  [16:39:43.147] [bbotk] Result of batch 1:
INFO  [16:39:43.147] [bbotk]  num.trees classif.ce warnings errors runtime_learners
INFO  [16:39:43.147] [bbotk]        456  0.0208605        0      0            1.362
INFO  [16:39:43.147] [bbotk]                                 uhash
INFO  [16:39:43.147] [bbotk]  ba80c570-1c6d-4787-83b0-49594ebf787e
INFO  [16:39:43.150] [bbotk] Evaluating 1 configuration(s)
INFO  [16:39:43.571] [bbotk] Result of batch 2:
INFO  [16:39:43.573] [bbotk]  num.trees classif.ce warnings errors runtime_learners
INFO  [16:39:43.573] [bbotk]        210 0.01955671        0      0            0.356
INFO  [16:39:43.573] [bbotk]                                 uhash
INFO  [16:39:43.573] [bbotk]  581c54c3-c956-495c-9efe-67c781ef740e
INFO  [16:39:43.577] [bbotk] Evaluating 1 configuration(s)
INFO  [16:39:44.266] [bbotk] Result of batch 3:
INFO  [16:39:44.267] [bbotk]  num.trees classif.ce warnings errors runtime_learners
INFO  [16:39:44.267] [bbotk]        340 0.02129509        0      0            0.634
INFO  [16:39:44.267] [bbotk]                                 uhash
INFO  [16:39:44.267] [bbotk]  3f243fa3-7015-4481-ba0b-551c6c19595f
INFO  [16:39:44.278] [bbotk] Finished optimizing after 3 evaluation(s)
INFO  [16:39:44.279] [bbotk] Result:
INFO  [16:39:44.280] [bbotk]  num.trees learner_param_vals  x_domain classif.ce
INFO  [16:39:44.280] [bbotk]      <int>             <list>    <list>      <num>
INFO  [16:39:44.280] [bbotk]        210          <list[2]> <list[1]> 0.01955671
INFO  [16:39:44.537] [bbotk] Starting to optimize 1 parameter(s) with '<OptimizerBatchRandomSearch>' and '<TerminatorEvals> [n_evals=3, k=0]'
INFO  [16:39:44.558] [bbotk] Evaluating 1 configuration(s)
INFO  [16:39:44.934] [bbotk] Result of batch 1:
INFO  [16:39:44.936] [bbotk]  num.trees classif.ce warnings errors runtime_learners
INFO  [16:39:44.936] [bbotk]        154 0.01999131        0      0            0.295
INFO  [16:39:44.936] [bbotk]                                 uhash
INFO  [16:39:44.936] [bbotk]  03fafc24-04e8-4bbe-9a4f-b4fec63a5c4f
INFO  [16:39:44.940] [bbotk] Evaluating 1 configuration(s)
INFO  [16:39:45.843] [bbotk] Result of batch 2:
INFO  [16:39:45.844] [bbotk]  num.trees classif.ce warnings errors runtime_learners
INFO  [16:39:45.844] [bbotk]        411 0.01868753        0      0            0.833
INFO  [16:39:45.844] [bbotk]                                 uhash
INFO  [16:39:45.844] [bbotk]  9012ac7e-d5f9-4ee7-ae9b-d827182dd0df
INFO  [16:39:45.849] [bbotk] Evaluating 1 configuration(s)
INFO  [16:39:46.278] [bbotk] Result of batch 3:
INFO  [16:39:46.281] [bbotk]  num.trees classif.ce warnings errors runtime_learners
INFO  [16:39:46.281] [bbotk]        207 0.01868753        0      0             0.35
INFO  [16:39:46.281] [bbotk]                                 uhash
INFO  [16:39:46.281] [bbotk]  8e19ab3d-899c-42dc-93f1-8da9f967cabf
INFO  [16:39:46.288] [bbotk] Finished optimizing after 3 evaluation(s)
INFO  [16:39:46.289] [bbotk] Result:
INFO  [16:39:46.290] [bbotk]  num.trees learner_param_vals  x_domain classif.ce
INFO  [16:39:46.290] [bbotk]      <int>             <list>    <list>      <num>
INFO  [16:39:46.290] [bbotk]        411          <list[2]> <list[1]> 0.01868753
INFO  [16:39:46.954] [bbotk] Starting to optimize 1 parameter(s) with '<OptimizerBatchRandomSearch>' and '<TerminatorEvals> [n_evals=3, k=0]'
INFO  [16:39:46.962] [bbotk] Evaluating 1 configuration(s)
INFO  [16:39:47.542] [bbotk] Result of batch 1:
INFO  [16:39:47.543] [bbotk]  num.trees classif.ce warnings errors runtime_learners
INFO  [16:39:47.543] [bbotk]        302 0.01998112        0      0            0.536
INFO  [16:39:47.543] [bbotk]                                 uhash
INFO  [16:39:47.543] [bbotk]  973367e7-1718-4a25-a43e-a4ecccb9bb6e
INFO  [16:39:47.548] [bbotk] Evaluating 1 configuration(s)
INFO  [16:39:48.211] [bbotk] Result of batch 2:
INFO  [16:39:48.211] [bbotk]  num.trees classif.ce warnings errors runtime_learners
INFO  [16:39:48.211] [bbotk]        361 0.01997999        0      0            0.622
INFO  [16:39:48.211] [bbotk]                                 uhash
INFO  [16:39:48.211] [bbotk]  00bd667d-19ba-43e8-8552-1c22e6e518f0
INFO  [16:39:48.214] [bbotk] Evaluating 1 configuration(s)
INFO  [16:39:48.857] [bbotk] Result of batch 3:
INFO  [16:39:48.859] [bbotk]  num.trees classif.ce warnings errors runtime_learners
INFO  [16:39:48.859] [bbotk]        306 0.02128321        0      0            0.591
INFO  [16:39:48.859] [bbotk]                                 uhash
INFO  [16:39:48.859] [bbotk]  d198ec22-9a17-4e25-9e89-0999d6168d07
INFO  [16:39:48.867] [bbotk] Finished optimizing after 3 evaluation(s)
INFO  [16:39:48.867] [bbotk] Result:
INFO  [16:39:48.869] [bbotk]  num.trees learner_param_vals  x_domain classif.ce
INFO  [16:39:48.869] [bbotk]      <int>             <list>    <list>      <num>
INFO  [16:39:48.869] [bbotk]        361          <list[2]> <list[1]> 0.01997999
INFO  [16:39:49.329] [bbotk] Starting to optimize 1 parameter(s) with '<OptimizerBatchRandomSearch>' and '<TerminatorEvals> [n_evals=3, k=0]'
INFO  [16:39:49.344] [bbotk] Evaluating 1 configuration(s)
INFO  [16:39:50.492] [bbotk] Result of batch 1:
INFO  [16:39:50.493] [bbotk]  num.trees classif.ce warnings errors runtime_learners
INFO  [16:39:50.493] [bbotk]        485 0.01955049        0      0            1.086
INFO  [16:39:50.493] [bbotk]                                 uhash
INFO  [16:39:50.493] [bbotk]  23b03752-2d8b-43f8-b507-2854ef7057ef
INFO  [16:39:50.495] [bbotk] Evaluating 1 configuration(s)
INFO  [16:39:50.869] [bbotk] Result of batch 2:
INFO  [16:39:50.870] [bbotk]  num.trees classif.ce warnings errors runtime_learners
INFO  [16:39:50.870] [bbotk]        176 0.02085257        0      0            0.333
INFO  [16:39:50.870] [bbotk]                                 uhash
INFO  [16:39:50.870] [bbotk]  c2c036dd-e8c4-45b5-b940-6ccda46550c2
INFO  [16:39:50.872] [bbotk] Evaluating 1 configuration(s)
INFO  [16:39:51.311] [bbotk] Result of batch 3:
INFO  [16:39:51.313] [bbotk]  num.trees classif.ce warnings errors runtime_learners
INFO  [16:39:51.313] [bbotk]        205 0.02302554        0      0            0.373
INFO  [16:39:51.313] [bbotk]                                 uhash
INFO  [16:39:51.313] [bbotk]  6d703add-a0ca-4921-87c0-ca66752b1f99
INFO  [16:39:51.327] [bbotk] Finished optimizing after 3 evaluation(s)
INFO  [16:39:51.327] [bbotk] Result:
INFO  [16:39:51.328] [bbotk]  num.trees learner_param_vals  x_domain classif.ce
INFO  [16:39:51.328] [bbotk]      <int>             <list>    <list>      <num>
INFO  [16:39:51.328] [bbotk]        485          <list[2]> <list[1]> 0.01955049
INFO  [16:39:52.051] [bbotk] Starting to optimize 1 parameter(s) with '<OptimizerBatchRandomSearch>' and '<TerminatorEvals> [n_evals=3, k=0]'
INFO  [16:39:52.062] [bbotk] Evaluating 1 configuration(s)
INFO  [16:39:52.831] [bbotk] Result of batch 1:
INFO  [16:39:52.832] [bbotk]  num.trees classif.ce warnings errors runtime_learners
INFO  [16:39:52.832] [bbotk]        395 0.02389247        0      0            0.728
INFO  [16:39:52.832] [bbotk]                                 uhash
INFO  [16:39:52.832] [bbotk]  847289d4-91db-4633-a88b-f70dd9ba07ed
INFO  [16:39:52.835] [bbotk] Evaluating 1 configuration(s)
INFO  [16:39:53.820] [bbotk] Result of batch 2:
INFO  [16:39:53.820] [bbotk]  num.trees classif.ce warnings errors runtime_learners
INFO  [16:39:53.820] [bbotk]        447 0.02345731        0      0            0.944
INFO  [16:39:53.820] [bbotk]                                 uhash
INFO  [16:39:53.820] [bbotk]  49cbde6c-8ab0-4141-ac0d-6cfcd72ce529
INFO  [16:39:53.822] [bbotk] Evaluating 1 configuration(s)
INFO  [16:39:54.212] [bbotk] Result of batch 3:
INFO  [16:39:54.213] [bbotk]  num.trees classif.ce warnings errors runtime_learners
INFO  [16:39:54.213] [bbotk]        163 0.02389247        0      0            0.331
INFO  [16:39:54.213] [bbotk]                                 uhash
INFO  [16:39:54.213] [bbotk]  773585a5-d856-44aa-9ee4-41cba247ceba
INFO  [16:39:54.230] [bbotk] Finished optimizing after 3 evaluation(s)
INFO  [16:39:54.231] [bbotk] Result:
INFO  [16:39:54.232] [bbotk]  num.trees learner_param_vals  x_domain classif.ce
INFO  [16:39:54.232] [bbotk]      <int>             <list>    <list>      <num>
INFO  [16:39:54.232] [bbotk]        447          <list[2]> <list[1]> 0.02345731
Warning: glm.fit: fitted probabilities numerically 0 or 1 occurred
This happened PipeOp classif.ranger's $train()
[1] -115.6542
[1] 120.8113

### [bt]: Job terminated successfully [batchtools job.id=160]
### [bt]: Calculation finished!
