### [bt]: This is batchtools v0.9.17
### [bt]: Starting calculation of 5 jobs
### [bt]: Setting working directory to '/Users/User/Documents/Studium/Semester8/Hiwi/mlr3calibration/vignettes'
### [bt]: Memory measurement disabled
### [bt]: Starting job [batchtools job.id=2731]
### [bt]: Generating problem instance for problem '6390d9e81da17366' ...
### [bt]: Applying algorithm 'run_learner' on problem '6390d9e81da17366' for job 2731 (seed = 2732) ...
INFO  [17:22:25.203] [mlr3] Applying learner 'classif.naive_bayes.tuned' on task 'qsar-biodeg' (iter 1/10)
INFO  [17:22:25.249] [bbotk] Starting to optimize 1 parameter(s) with '<OptimizerBatchRandomSearch>' and '<TerminatorEvals> [n_evals=3, k=0]'
INFO  [17:22:25.259] [bbotk] Evaluating 1 configuration(s)
INFO  [17:22:25.262] [mlr3] Running benchmark with 3 resampling iterations
INFO  [17:22:25.264] [mlr3] Applying learner 'classif.naive_bayes' on task 'qsar-biodeg' (iter 1/3)
INFO  [17:22:25.376] [mlr3] Applying learner 'classif.naive_bayes' on task 'qsar-biodeg' (iter 2/3)
INFO  [17:22:25.506] [mlr3] Applying learner 'classif.naive_bayes' on task 'qsar-biodeg' (iter 3/3)
INFO  [17:22:25.605] [mlr3] Finished benchmark
INFO  [17:22:25.624] [bbotk] Result of batch 1:
INFO  [17:22:25.626] [bbotk]    laplace classif.ce warnings errors runtime_learners
INFO  [17:22:25.626] [bbotk]  0.8561921  0.3160863        0      0            0.326
INFO  [17:22:25.626] [bbotk]                                 uhash
INFO  [17:22:25.626] [bbotk]  e6ef3b3f-5152-4761-b740-e12055562919
INFO  [17:22:25.632] [bbotk] Evaluating 1 configuration(s)
INFO  [17:22:25.634] [mlr3] Running benchmark with 3 resampling iterations
INFO  [17:22:25.637] [mlr3] Applying learner 'classif.naive_bayes' on task 'qsar-biodeg' (iter 1/3)
INFO  [17:22:25.768] [mlr3] Applying learner 'classif.naive_bayes' on task 'qsar-biodeg' (iter 2/3)
INFO  [17:22:25.986] [mlr3] Applying learner 'classif.naive_bayes' on task 'qsar-biodeg' (iter 3/3)
INFO  [17:22:26.092] [mlr3] Finished benchmark
INFO  [17:22:26.107] [bbotk] Result of batch 2:
INFO  [17:22:26.108] [bbotk]    laplace classif.ce warnings errors runtime_learners
INFO  [17:22:26.108] [bbotk]  0.6942495  0.3160863        0      0            0.443
INFO  [17:22:26.108] [bbotk]                                 uhash
INFO  [17:22:26.108] [bbotk]  e54b0486-6aa5-4643-adaf-ac6d5b1c2db2
INFO  [17:22:26.117] [bbotk] Evaluating 1 configuration(s)
INFO  [17:22:26.120] [mlr3] Running benchmark with 3 resampling iterations
INFO  [17:22:26.122] [mlr3] Applying learner 'classif.naive_bayes' on task 'qsar-biodeg' (iter 1/3)
INFO  [17:22:26.228] [mlr3] Applying learner 'classif.naive_bayes' on task 'qsar-biodeg' (iter 2/3)
INFO  [17:22:26.351] [mlr3] Applying learner 'classif.naive_bayes' on task 'qsar-biodeg' (iter 3/3)
INFO  [17:22:26.470] [mlr3] Finished benchmark
INFO  [17:22:26.490] [bbotk] Result of batch 3:
INFO  [17:22:26.491] [bbotk]    laplace classif.ce warnings errors runtime_learners
INFO  [17:22:26.491] [bbotk]  0.1531431  0.3160863        0      0            0.327
INFO  [17:22:26.491] [bbotk]                                 uhash
INFO  [17:22:26.491] [bbotk]  dcc03a19-3759-4d4d-9d59-bac482fb68a4
INFO  [17:22:26.503] [bbotk] Finished optimizing after 3 evaluation(s)
INFO  [17:22:26.509] [bbotk] Result:
INFO  [17:22:26.509] [bbotk]    laplace learner_param_vals  x_domain classif.ce
INFO  [17:22:26.509] [bbotk]      <num>             <list>    <list>      <num>
INFO  [17:22:26.509] [bbotk]  0.8561921          <list[1]> <list[1]>  0.3160863

### [bt]: Job terminated successfully [batchtools job.id=2731]
### [bt]: Starting job [batchtools job.id=2732]
### [bt]: Generating problem instance for problem '6390d9e81da17366' ...
### [bt]: Applying algorithm 'run_learner' on problem '6390d9e81da17366' for job 2732 (seed = 2733) ...
INFO  [17:22:26.559] [mlr3] Applying learner 'classif.naive_bayes.tuned' on task 'qsar-biodeg' (iter 2/10)
INFO  [17:22:26.597] [bbotk] Starting to optimize 1 parameter(s) with '<OptimizerBatchRandomSearch>' and '<TerminatorEvals> [n_evals=3, k=0]'
INFO  [17:22:26.601] [bbotk] Evaluating 1 configuration(s)
INFO  [17:22:26.604] [mlr3] Running benchmark with 3 resampling iterations
INFO  [17:22:26.609] [mlr3] Applying learner 'classif.naive_bayes' on task 'qsar-biodeg' (iter 1/3)
INFO  [17:22:26.716] [mlr3] Applying learner 'classif.naive_bayes' on task 'qsar-biodeg' (iter 2/3)
INFO  [17:22:26.855] [mlr3] Applying learner 'classif.naive_bayes' on task 'qsar-biodeg' (iter 3/3)
INFO  [17:22:26.967] [mlr3] Finished benchmark
INFO  [17:22:26.977] [bbotk] Result of batch 1:
INFO  [17:22:26.978] [bbotk]    laplace classif.ce warnings errors runtime_learners
INFO  [17:22:26.978] [bbotk]  0.6819162  0.3076508        0      0            0.335
INFO  [17:22:26.978] [bbotk]                                 uhash
INFO  [17:22:26.978] [bbotk]  3b9650be-5b67-40a1-86d7-1531d139644b
INFO  [17:22:26.980] [bbotk] Evaluating 1 configuration(s)
INFO  [17:22:26.982] [mlr3] Running benchmark with 3 resampling iterations
INFO  [17:22:26.988] [mlr3] Applying learner 'classif.naive_bayes' on task 'qsar-biodeg' (iter 1/3)
INFO  [17:22:27.097] [mlr3] Applying learner 'classif.naive_bayes' on task 'qsar-biodeg' (iter 2/3)
INFO  [17:22:27.186] [mlr3] Applying learner 'classif.naive_bayes' on task 'qsar-biodeg' (iter 3/3)
INFO  [17:22:27.328] [mlr3] Finished benchmark
INFO  [17:22:27.342] [bbotk] Result of batch 2:
INFO  [17:22:27.342] [bbotk]    laplace classif.ce warnings errors runtime_learners
INFO  [17:22:27.342] [bbotk]  0.7110991  0.3076508        0      0            0.322
INFO  [17:22:27.342] [bbotk]                                 uhash
INFO  [17:22:27.342] [bbotk]  4fb34023-6399-4d34-b9b4-274449dec8f2
INFO  [17:22:27.345] [bbotk] Evaluating 1 configuration(s)
INFO  [17:22:27.347] [mlr3] Running benchmark with 3 resampling iterations
INFO  [17:22:27.352] [mlr3] Applying learner 'classif.naive_bayes' on task 'qsar-biodeg' (iter 1/3)
INFO  [17:22:27.452] [mlr3] Applying learner 'classif.naive_bayes' on task 'qsar-biodeg' (iter 2/3)
INFO  [17:22:27.544] [mlr3] Applying learner 'classif.naive_bayes' on task 'qsar-biodeg' (iter 3/3)
INFO  [17:22:27.660] [mlr3] Finished benchmark
INFO  [17:22:27.677] [bbotk] Result of batch 3:
INFO  [17:22:27.677] [bbotk]    laplace classif.ce warnings errors runtime_learners
INFO  [17:22:27.677] [bbotk]  0.2941667  0.3076508        0      0            0.282
INFO  [17:22:27.677] [bbotk]                                 uhash
INFO  [17:22:27.677] [bbotk]  1e501c5b-cc23-401a-874e-785175a6f1b0
INFO  [17:22:27.690] [bbotk] Finished optimizing after 3 evaluation(s)
INFO  [17:22:27.690] [bbotk] Result:
INFO  [17:22:27.691] [bbotk]    laplace learner_param_vals  x_domain classif.ce
INFO  [17:22:27.691] [bbotk]      <num>             <list>    <list>      <num>
INFO  [17:22:27.691] [bbotk]  0.6819162          <list[1]> <list[1]>  0.3076508

### [bt]: Job terminated successfully [batchtools job.id=2732]
### [bt]: Starting job [batchtools job.id=2733]
### [bt]: Generating problem instance for problem '6390d9e81da17366' ...
### [bt]: Applying algorithm 'run_learner' on problem '6390d9e81da17366' for job 2733 (seed = 2734) ...
INFO  [17:22:27.746] [mlr3] Applying learner 'classif.naive_bayes.tuned' on task 'qsar-biodeg' (iter 3/10)
INFO  [17:22:27.815] [bbotk] Starting to optimize 1 parameter(s) with '<OptimizerBatchRandomSearch>' and '<TerminatorEvals> [n_evals=3, k=0]'
INFO  [17:22:27.828] [bbotk] Evaluating 1 configuration(s)
INFO  [17:22:27.831] [mlr3] Running benchmark with 3 resampling iterations
INFO  [17:22:27.838] [mlr3] Applying learner 'classif.naive_bayes' on task 'qsar-biodeg' (iter 1/3)
INFO  [17:22:27.951] [mlr3] Applying learner 'classif.naive_bayes' on task 'qsar-biodeg' (iter 2/3)
INFO  [17:22:28.086] [mlr3] Applying learner 'classif.naive_bayes' on task 'qsar-biodeg' (iter 3/3)
INFO  [17:22:28.209] [mlr3] Finished benchmark
INFO  [17:22:28.226] [bbotk] Result of batch 1:
INFO  [17:22:28.227] [bbotk]    laplace classif.ce warnings errors runtime_learners
INFO  [17:22:28.227] [bbotk]  0.9223943  0.2803411        0      0            0.348
INFO  [17:22:28.227] [bbotk]                                 uhash
INFO  [17:22:28.227] [bbotk]  ccbf42e0-0101-4112-9547-7c62f9a1db66
INFO  [17:22:28.229] [bbotk] Evaluating 1 configuration(s)
INFO  [17:22:28.231] [mlr3] Running benchmark with 3 resampling iterations
INFO  [17:22:28.234] [mlr3] Applying learner 'classif.naive_bayes' on task 'qsar-biodeg' (iter 1/3)
INFO  [17:22:28.349] [mlr3] Applying learner 'classif.naive_bayes' on task 'qsar-biodeg' (iter 2/3)
INFO  [17:22:28.422] [mlr3] Applying learner 'classif.naive_bayes' on task 'qsar-biodeg' (iter 3/3)
INFO  [17:22:28.501] [mlr3] Finished benchmark
INFO  [17:22:28.511] [bbotk] Result of batch 2:
INFO  [17:22:28.512] [bbotk]    laplace classif.ce warnings errors runtime_learners
INFO  [17:22:28.512] [bbotk]  0.9056543  0.2803411        0      0            0.252
INFO  [17:22:28.512] [bbotk]                                 uhash
INFO  [17:22:28.512] [bbotk]  a65470b6-3752-4a5f-a5e7-3950cd5f74f3
INFO  [17:22:28.514] [bbotk] Evaluating 1 configuration(s)
INFO  [17:22:28.516] [mlr3] Running benchmark with 3 resampling iterations
INFO  [17:22:28.518] [mlr3] Applying learner 'classif.naive_bayes' on task 'qsar-biodeg' (iter 1/3)
INFO  [17:22:28.579] [mlr3] Applying learner 'classif.naive_bayes' on task 'qsar-biodeg' (iter 2/3)
INFO  [17:22:28.643] [mlr3] Applying learner 'classif.naive_bayes' on task 'qsar-biodeg' (iter 3/3)
INFO  [17:22:28.711] [mlr3] Finished benchmark
INFO  [17:22:28.729] [bbotk] Result of batch 3:
INFO  [17:22:28.730] [bbotk]    laplace classif.ce warnings errors runtime_learners
INFO  [17:22:28.730] [bbotk]  0.1037055  0.2803411        0      0            0.176
INFO  [17:22:28.730] [bbotk]                                 uhash
INFO  [17:22:28.730] [bbotk]  4ed73639-6739-4e2b-9345-c7cef3f0c968
INFO  [17:22:28.741] [bbotk] Finished optimizing after 3 evaluation(s)
INFO  [17:22:28.741] [bbotk] Result:
INFO  [17:22:28.742] [bbotk]    laplace learner_param_vals  x_domain classif.ce
INFO  [17:22:28.742] [bbotk]      <num>             <list>    <list>      <num>
INFO  [17:22:28.742] [bbotk]  0.9223943          <list[1]> <list[1]>  0.2803411

### [bt]: Job terminated successfully [batchtools job.id=2733]
### [bt]: Starting job [batchtools job.id=2734]
### [bt]: Generating problem instance for problem '6390d9e81da17366' ...
### [bt]: Applying algorithm 'run_learner' on problem '6390d9e81da17366' for job 2734 (seed = 2735) ...
INFO  [17:22:28.780] [mlr3] Applying learner 'classif.naive_bayes.tuned' on task 'qsar-biodeg' (iter 4/10)
INFO  [17:22:28.827] [bbotk] Starting to optimize 1 parameter(s) with '<OptimizerBatchRandomSearch>' and '<TerminatorEvals> [n_evals=3, k=0]'
INFO  [17:22:28.836] [bbotk] Evaluating 1 configuration(s)
INFO  [17:22:28.839] [mlr3] Running benchmark with 3 resampling iterations
INFO  [17:22:28.841] [mlr3] Applying learner 'classif.naive_bayes' on task 'qsar-biodeg' (iter 1/3)
INFO  [17:22:28.945] [mlr3] Applying learner 'classif.naive_bayes' on task 'qsar-biodeg' (iter 2/3)
INFO  [17:22:29.065] [mlr3] Applying learner 'classif.naive_bayes' on task 'qsar-biodeg' (iter 3/3)
INFO  [17:22:29.183] [mlr3] Finished benchmark
INFO  [17:22:29.208] [bbotk] Result of batch 1:
INFO  [17:22:29.209] [bbotk]    laplace classif.ce warnings errors runtime_learners
INFO  [17:22:29.209] [bbotk]  0.9442981  0.3003068        0      0            0.326
INFO  [17:22:29.209] [bbotk]                                 uhash
INFO  [17:22:29.209] [bbotk]  e05aa2d1-4c93-44c4-a19a-fd0d75f2f59c
INFO  [17:22:29.213] [bbotk] Evaluating 1 configuration(s)
INFO  [17:22:29.221] [mlr3] Running benchmark with 3 resampling iterations
INFO  [17:22:29.224] [mlr3] Applying learner 'classif.naive_bayes' on task 'qsar-biodeg' (iter 1/3)
INFO  [17:22:29.312] [mlr3] Applying learner 'classif.naive_bayes' on task 'qsar-biodeg' (iter 2/3)
INFO  [17:22:29.430] [mlr3] Applying learner 'classif.naive_bayes' on task 'qsar-biodeg' (iter 3/3)
INFO  [17:22:29.533] [mlr3] Finished benchmark
INFO  [17:22:29.573] [bbotk] Result of batch 2:
INFO  [17:22:29.574] [bbotk]    laplace classif.ce warnings errors runtime_learners
INFO  [17:22:29.574] [bbotk]  0.2769096  0.3003068        0      0            0.283
INFO  [17:22:29.574] [bbotk]                                 uhash
INFO  [17:22:29.574] [bbotk]  2c3364df-a6f4-44c7-b4c7-0c5449428efc
INFO  [17:22:29.577] [bbotk] Evaluating 1 configuration(s)
INFO  [17:22:29.583] [mlr3] Running benchmark with 3 resampling iterations
INFO  [17:22:29.587] [mlr3] Applying learner 'classif.naive_bayes' on task 'qsar-biodeg' (iter 1/3)
INFO  [17:22:29.717] [mlr3] Applying learner 'classif.naive_bayes' on task 'qsar-biodeg' (iter 2/3)
INFO  [17:22:29.850] [mlr3] Applying learner 'classif.naive_bayes' on task 'qsar-biodeg' (iter 3/3)
INFO  [17:22:29.973] [mlr3] Finished benchmark
INFO  [17:22:29.986] [bbotk] Result of batch 3:
INFO  [17:22:29.986] [bbotk]    laplace classif.ce warnings errors runtime_learners
INFO  [17:22:29.986] [bbotk]  0.6210544  0.3003068        0      0             0.36
INFO  [17:22:29.986] [bbotk]                                 uhash
INFO  [17:22:29.986] [bbotk]  a5aa30f5-f620-4104-8411-1edda01b3099
INFO  [17:22:29.997] [bbotk] Finished optimizing after 3 evaluation(s)
INFO  [17:22:29.999] [bbotk] Result:
INFO  [17:22:30.001] [bbotk]    laplace learner_param_vals  x_domain classif.ce
INFO  [17:22:30.001] [bbotk]      <num>             <list>    <list>      <num>
INFO  [17:22:30.001] [bbotk]  0.9442981          <list[1]> <list[1]>  0.3003068

### [bt]: Job terminated successfully [batchtools job.id=2734]
### [bt]: Starting job [batchtools job.id=2735]
### [bt]: Generating problem instance for problem '6390d9e81da17366' ...
### [bt]: Applying algorithm 'run_learner' on problem '6390d9e81da17366' for job 2735 (seed = 2736) ...
INFO  [17:22:30.073] [mlr3] Applying learner 'classif.naive_bayes.tuned' on task 'qsar-biodeg' (iter 5/10)
INFO  [17:22:30.112] [bbotk] Starting to optimize 1 parameter(s) with '<OptimizerBatchRandomSearch>' and '<TerminatorEvals> [n_evals=3, k=0]'
INFO  [17:22:30.125] [bbotk] Evaluating 1 configuration(s)
INFO  [17:22:30.128] [mlr3] Running benchmark with 3 resampling iterations
INFO  [17:22:30.133] [mlr3] Applying learner 'classif.naive_bayes' on task 'qsar-biodeg' (iter 1/3)
INFO  [17:22:30.241] [mlr3] Applying learner 'classif.naive_bayes' on task 'qsar-biodeg' (iter 2/3)
INFO  [17:22:30.369] [mlr3] Applying learner 'classif.naive_bayes' on task 'qsar-biodeg' (iter 3/3)
INFO  [17:22:30.482] [mlr3] Finished benchmark
INFO  [17:22:30.503] [bbotk] Result of batch 1:
INFO  [17:22:30.503] [bbotk]    laplace classif.ce warnings errors runtime_learners
INFO  [17:22:30.503] [bbotk]  0.9503554  0.3024265        0      0            0.323
INFO  [17:22:30.503] [bbotk]                                 uhash
INFO  [17:22:30.503] [bbotk]  3cf00f23-ffd1-41b7-bfda-0486a134b589
INFO  [17:22:30.506] [bbotk] Evaluating 1 configuration(s)
INFO  [17:22:30.509] [mlr3] Running benchmark with 3 resampling iterations
INFO  [17:22:30.525] [mlr3] Applying learner 'classif.naive_bayes' on task 'qsar-biodeg' (iter 1/3)
INFO  [17:22:30.637] [mlr3] Applying learner 'classif.naive_bayes' on task 'qsar-biodeg' (iter 2/3)
INFO  [17:22:30.745] [mlr3] Applying learner 'classif.naive_bayes' on task 'qsar-biodeg' (iter 3/3)
INFO  [17:22:30.864] [mlr3] Finished benchmark
INFO  [17:22:30.881] [bbotk] Result of batch 2:
INFO  [17:22:30.882] [bbotk]    laplace classif.ce warnings errors runtime_learners
INFO  [17:22:30.882] [bbotk]  0.2839754  0.3024265        0      0            0.317
INFO  [17:22:30.882] [bbotk]                                 uhash
INFO  [17:22:30.882] [bbotk]  487c0e1c-c6c1-4351-8c54-84eabdd56ff3
INFO  [17:22:30.887] [bbotk] Evaluating 1 configuration(s)
INFO  [17:22:30.894] [mlr3] Running benchmark with 3 resampling iterations
INFO  [17:22:30.898] [mlr3] Applying learner 'classif.naive_bayes' on task 'qsar-biodeg' (iter 1/3)
INFO  [17:22:31.054] [mlr3] Applying learner 'classif.naive_bayes' on task 'qsar-biodeg' (iter 2/3)
INFO  [17:22:31.183] [mlr3] Applying learner 'classif.naive_bayes' on task 'qsar-biodeg' (iter 3/3)
INFO  [17:22:31.278] [mlr3] Finished benchmark
INFO  [17:22:31.304] [bbotk] Result of batch 3:
INFO  [17:22:31.306] [bbotk]    laplace classif.ce warnings errors runtime_learners
INFO  [17:22:31.306] [bbotk]  0.4362497  0.3024265        0      0            0.362
INFO  [17:22:31.306] [bbotk]                                 uhash
INFO  [17:22:31.306] [bbotk]  3093c1e1-3641-4f63-a517-2fe136ec975f
INFO  [17:22:31.321] [bbotk] Finished optimizing after 3 evaluation(s)
INFO  [17:22:31.321] [bbotk] Result:
INFO  [17:22:31.322] [bbotk]    laplace learner_param_vals  x_domain classif.ce
INFO  [17:22:31.322] [bbotk]      <num>             <list>    <list>      <num>
INFO  [17:22:31.322] [bbotk]  0.9503554          <list[1]> <list[1]>  0.3024265

### [bt]: Job terminated successfully [batchtools job.id=2735]
### [bt]: Calculation finished!
