### [bt]: This is batchtools v0.9.17
### [bt]: Starting calculation of 5 jobs
### [bt]: Setting working directory to '/Users/User/Documents/Studium/Semester8/Hiwi/mlr3calibration/vignettes'
### [bt]: Memory measurement disabled
### [bt]: Starting job [batchtools job.id=576]
### [bt]: Generating problem instance for problem '24c2c3a884d818b0' ...
### [bt]: Applying algorithm 'run_learner' on problem '24c2c3a884d818b0' for job 576 (seed = 577) ...
INFO  [16:41:29.103] [mlr3] Applying learner 'classif.ranger.tuned_calib.perfold_beta' on task 'credit-g' (iter 6/10)
INFO  [16:41:29.146] [bbotk] Starting to optimize 1 parameter(s) with '<OptimizerBatchRandomSearch>' and '<TerminatorEvals> [n_evals=3, k=0]'
INFO  [16:41:29.150] [bbotk] Evaluating 1 configuration(s)
INFO  [16:41:29.410] [bbotk] Result of batch 1:
INFO  [16:41:29.411] [bbotk]  num.trees classif.ce warnings errors runtime_learners
INFO  [16:41:29.411] [bbotk]        353  0.2541667        0      0            0.216
INFO  [16:41:29.411] [bbotk]                                 uhash
INFO  [16:41:29.411] [bbotk]  d4b10a57-4b3c-4ed9-934b-6cfeb019c0ad
INFO  [16:41:29.413] [bbotk] Evaluating 1 configuration(s)
INFO  [16:41:29.652] [bbotk] Result of batch 2:
INFO  [16:41:29.653] [bbotk]  num.trees classif.ce warnings errors runtime_learners
INFO  [16:41:29.653] [bbotk]        290  0.2555556        0      0            0.201
INFO  [16:41:29.653] [bbotk]                                 uhash
INFO  [16:41:29.653] [bbotk]  7fe91e87-8d93-45ec-a11e-bc73588c1967
INFO  [16:41:29.658] [bbotk] Evaluating 1 configuration(s)
INFO  [16:41:29.858] [bbotk] Result of batch 3:
INFO  [16:41:29.867] [bbotk]  num.trees classif.ce warnings errors runtime_learners
INFO  [16:41:29.867] [bbotk]        185  0.2555556        0      0            0.145
INFO  [16:41:29.867] [bbotk]                                 uhash
INFO  [16:41:29.867] [bbotk]  c0e3f745-7847-4563-9b80-aa0c7e03e224
INFO  [16:41:29.896] [bbotk] Finished optimizing after 3 evaluation(s)
INFO  [16:41:29.896] [bbotk] Result:
INFO  [16:41:29.897] [bbotk]  num.trees learner_param_vals  x_domain classif.ce
INFO  [16:41:29.897] [bbotk]      <int>             <list>    <list>      <num>
INFO  [16:41:29.897] [bbotk]        353          <list[2]> <list[1]>  0.2541667
INFO  [16:41:30.076] [bbotk] Starting to optimize 1 parameter(s) with '<OptimizerBatchRandomSearch>' and '<TerminatorEvals> [n_evals=3, k=0]'
INFO  [16:41:30.116] [bbotk] Evaluating 1 configuration(s)
INFO  [16:41:30.435] [bbotk] Result of batch 1:
INFO  [16:41:30.435] [bbotk]  num.trees classif.ce warnings errors runtime_learners
INFO  [16:41:30.435] [bbotk]        327     0.2375        0      0            0.257
INFO  [16:41:30.435] [bbotk]                                 uhash
INFO  [16:41:30.435] [bbotk]  12244548-eef1-4521-ac96-4855f48f4c4a
INFO  [16:41:30.440] [bbotk] Evaluating 1 configuration(s)
INFO  [16:41:30.766] [bbotk] Result of batch 2:
INFO  [16:41:30.769] [bbotk]  num.trees classif.ce warnings errors runtime_learners
INFO  [16:41:30.769] [bbotk]        451  0.2361111        0      0            0.271
INFO  [16:41:30.769] [bbotk]                                 uhash
INFO  [16:41:30.769] [bbotk]  9baefd5c-db84-4a63-b519-b298e922639f
INFO  [16:41:30.775] [bbotk] Evaluating 1 configuration(s)
INFO  [16:41:30.936] [bbotk] Result of batch 3:
INFO  [16:41:30.939] [bbotk]  num.trees classif.ce warnings errors runtime_learners
INFO  [16:41:30.939] [bbotk]        143  0.2347222        0      0            0.115
INFO  [16:41:30.939] [bbotk]                                 uhash
INFO  [16:41:30.939] [bbotk]  2d50cc8c-a277-4139-8898-89fafa581171
INFO  [16:41:30.951] [bbotk] Finished optimizing after 3 evaluation(s)
INFO  [16:41:30.952] [bbotk] Result:
INFO  [16:41:30.954] [bbotk]  num.trees learner_param_vals  x_domain classif.ce
INFO  [16:41:30.954] [bbotk]      <int>             <list>    <list>      <num>
INFO  [16:41:30.954] [bbotk]        143          <list[2]> <list[1]>  0.2347222
INFO  [16:41:31.053] [bbotk] Starting to optimize 1 parameter(s) with '<OptimizerBatchRandomSearch>' and '<TerminatorEvals> [n_evals=3, k=0]'
INFO  [16:41:31.058] [bbotk] Evaluating 1 configuration(s)
INFO  [16:41:31.200] [bbotk] Result of batch 1:
INFO  [16:41:31.202] [bbotk]  num.trees classif.ce warnings errors runtime_learners
INFO  [16:41:31.202] [bbotk]        113  0.2569444        0      0            0.086
INFO  [16:41:31.202] [bbotk]                                 uhash
INFO  [16:41:31.202] [bbotk]  85db6f42-cae1-474c-b7df-2070846c9676
INFO  [16:41:31.211] [bbotk] Evaluating 1 configuration(s)
INFO  [16:41:31.386] [bbotk] Result of batch 2:
INFO  [16:41:31.387] [bbotk]  num.trees classif.ce warnings errors runtime_learners
INFO  [16:41:31.387] [bbotk]        111  0.2583333        0      0            0.111
INFO  [16:41:31.387] [bbotk]                                 uhash
INFO  [16:41:31.387] [bbotk]  a79a17ff-4406-4b2c-8c33-370a2deba6d1
INFO  [16:41:31.390] [bbotk] Evaluating 1 configuration(s)
INFO  [16:41:31.582] [bbotk] Result of batch 3:
INFO  [16:41:31.584] [bbotk]  num.trees classif.ce warnings errors runtime_learners
INFO  [16:41:31.584] [bbotk]        156  0.2597222        0      0            0.108
INFO  [16:41:31.584] [bbotk]                                 uhash
INFO  [16:41:31.584] [bbotk]  4d959ff9-1145-4df7-8848-bede98c11b5d
INFO  [16:41:31.594] [bbotk] Finished optimizing after 3 evaluation(s)
INFO  [16:41:31.594] [bbotk] Result:
INFO  [16:41:31.595] [bbotk]  num.trees learner_param_vals  x_domain classif.ce
INFO  [16:41:31.595] [bbotk]      <int>             <list>    <list>      <num>
INFO  [16:41:31.595] [bbotk]        113          <list[2]> <list[1]>  0.2569444
INFO  [16:41:31.721] [bbotk] Starting to optimize 1 parameter(s) with '<OptimizerBatchRandomSearch>' and '<TerminatorEvals> [n_evals=3, k=0]'
INFO  [16:41:31.726] [bbotk] Evaluating 1 configuration(s)
INFO  [16:41:31.977] [bbotk] Result of batch 1:
INFO  [16:41:31.979] [bbotk]  num.trees classif.ce warnings errors runtime_learners
INFO  [16:41:31.979] [bbotk]        237  0.2305556        0      0            0.185
INFO  [16:41:31.979] [bbotk]                                 uhash
INFO  [16:41:31.979] [bbotk]  493726fd-db5b-4f9c-8a5e-08cc5685a042
INFO  [16:41:31.986] [bbotk] Evaluating 1 configuration(s)
INFO  [16:41:32.277] [bbotk] Result of batch 2:
INFO  [16:41:32.278] [bbotk]  num.trees classif.ce warnings errors runtime_learners
INFO  [16:41:32.278] [bbotk]        436     0.2375        0      0            0.263
INFO  [16:41:32.278] [bbotk]                                 uhash
INFO  [16:41:32.278] [bbotk]  63f075ac-ee84-43f3-af2a-7d46eb7a65d3
INFO  [16:41:32.281] [bbotk] Evaluating 1 configuration(s)
INFO  [16:41:32.613] [bbotk] Result of batch 3:
INFO  [16:41:32.615] [bbotk]  num.trees classif.ce warnings errors runtime_learners
INFO  [16:41:32.615] [bbotk]        428  0.2319444        0      0            0.277
INFO  [16:41:32.615] [bbotk]                                 uhash
INFO  [16:41:32.615] [bbotk]  2ce3bcff-54e0-412a-ae0d-ac036e53c0e6
INFO  [16:41:32.621] [bbotk] Finished optimizing after 3 evaluation(s)
INFO  [16:41:32.621] [bbotk] Result:
INFO  [16:41:32.622] [bbotk]  num.trees learner_param_vals  x_domain classif.ce
INFO  [16:41:32.622] [bbotk]      <int>             <list>    <list>      <num>
INFO  [16:41:32.622] [bbotk]        237          <list[2]> <list[1]>  0.2305556
INFO  [16:41:32.749] [bbotk] Starting to optimize 1 parameter(s) with '<OptimizerBatchRandomSearch>' and '<TerminatorEvals> [n_evals=3, k=0]'
INFO  [16:41:32.756] [bbotk] Evaluating 1 configuration(s)
INFO  [16:41:33.021] [bbotk] Result of batch 1:
INFO  [16:41:33.023] [bbotk]  num.trees classif.ce warnings errors runtime_learners
INFO  [16:41:33.023] [bbotk]        309  0.2347222        0      0            0.194
INFO  [16:41:33.023] [bbotk]                                 uhash
INFO  [16:41:33.023] [bbotk]  e81da71a-bfe2-44b9-afa8-c6c9ebefb7c0
INFO  [16:41:33.026] [bbotk] Evaluating 1 configuration(s)
INFO  [16:41:33.265] [bbotk] Result of batch 2:
INFO  [16:41:33.265] [bbotk]  num.trees classif.ce warnings errors runtime_learners
INFO  [16:41:33.265] [bbotk]        256  0.2291667        0      0            0.183
INFO  [16:41:33.265] [bbotk]                                 uhash
INFO  [16:41:33.265] [bbotk]  909924a3-1dd6-46c8-8403-b9e7b269f8b1
INFO  [16:41:33.271] [bbotk] Evaluating 1 configuration(s)
INFO  [16:41:33.526] [bbotk] Result of batch 3:
INFO  [16:41:33.528] [bbotk]  num.trees classif.ce warnings errors runtime_learners
INFO  [16:41:33.528] [bbotk]        306  0.2402778        0      0            0.205
INFO  [16:41:33.528] [bbotk]                                 uhash
INFO  [16:41:33.528] [bbotk]  2748ba03-7138-446a-9677-7306a2a86d91
INFO  [16:41:33.541] [bbotk] Finished optimizing after 3 evaluation(s)
INFO  [16:41:33.542] [bbotk] Result:
INFO  [16:41:33.543] [bbotk]  num.trees learner_param_vals  x_domain classif.ce
INFO  [16:41:33.543] [bbotk]      <int>             <list>    <list>      <num>
INFO  [16:41:33.543] [bbotk]        256          <list[2]> <list[1]>  0.2291667
[1] -62.07617
[1] 64.88845
[1] -100.222
[1] 42.5561
[1] -153.306
[1] 14.32078
[1] -25.7293
[1] 43.99228
[1] -123.0255
[1] -0.5200497

### [bt]: Job terminated successfully [batchtools job.id=576]
### [bt]: Starting job [batchtools job.id=577]
### [bt]: Generating problem instance for problem '24c2c3a884d818b0' ...
### [bt]: Applying algorithm 'run_learner' on problem '24c2c3a884d818b0' for job 577 (seed = 578) ...
INFO  [16:41:33.988] [mlr3] Applying learner 'classif.ranger.tuned_calib.perfold_beta' on task 'credit-g' (iter 7/10)
INFO  [16:41:34.084] [bbotk] Starting to optimize 1 parameter(s) with '<OptimizerBatchRandomSearch>' and '<TerminatorEvals> [n_evals=3, k=0]'
INFO  [16:41:34.096] [bbotk] Evaluating 1 configuration(s)
INFO  [16:41:34.445] [bbotk] Result of batch 1:
INFO  [16:41:34.445] [bbotk]  num.trees classif.ce warnings errors runtime_learners
INFO  [16:41:34.445] [bbotk]        411     0.2625        0      0            0.286
INFO  [16:41:34.445] [bbotk]                                 uhash
INFO  [16:41:34.445] [bbotk]  08961d9d-a7d3-451b-8705-c68ef0f04be6
INFO  [16:41:34.470] [bbotk] Evaluating 1 configuration(s)
INFO  [16:41:34.685] [bbotk] Result of batch 2:
INFO  [16:41:34.687] [bbotk]  num.trees classif.ce warnings errors runtime_learners
INFO  [16:41:34.687] [bbotk]        171  0.2486111        0      0            0.154
INFO  [16:41:34.687] [bbotk]                                 uhash
INFO  [16:41:34.687] [bbotk]  5499f810-4ab4-401d-9dfe-a4de52f7236e
INFO  [16:41:34.702] [bbotk] Evaluating 1 configuration(s)
INFO  [16:41:34.945] [bbotk] Result of batch 3:
INFO  [16:41:34.946] [bbotk]  num.trees classif.ce warnings errors runtime_learners
INFO  [16:41:34.946] [bbotk]        266  0.2555556        0      0            0.183
INFO  [16:41:34.946] [bbotk]                                 uhash
INFO  [16:41:34.946] [bbotk]  c629186f-3897-4157-9d2b-fcb971c49168
INFO  [16:41:34.960] [bbotk] Finished optimizing after 3 evaluation(s)
INFO  [16:41:34.961] [bbotk] Result:
INFO  [16:41:34.962] [bbotk]  num.trees learner_param_vals  x_domain classif.ce
INFO  [16:41:34.962] [bbotk]      <int>             <list>    <list>      <num>
INFO  [16:41:34.962] [bbotk]        171          <list[2]> <list[1]>  0.2486111
INFO  [16:41:35.072] [bbotk] Starting to optimize 1 parameter(s) with '<OptimizerBatchRandomSearch>' and '<TerminatorEvals> [n_evals=3, k=0]'
INFO  [16:41:35.093] [bbotk] Evaluating 1 configuration(s)
INFO  [16:41:35.370] [bbotk] Result of batch 1:
INFO  [16:41:35.371] [bbotk]  num.trees classif.ce warnings errors runtime_learners
INFO  [16:41:35.371] [bbotk]        321  0.2597222        0      0            0.228
INFO  [16:41:35.371] [bbotk]                                 uhash
INFO  [16:41:35.371] [bbotk]  7536ee92-0a07-4d04-8511-90ece3ee9c56
INFO  [16:41:35.373] [bbotk] Evaluating 1 configuration(s)
INFO  [16:41:35.565] [bbotk] Result of batch 2:
INFO  [16:41:35.568] [bbotk]  num.trees classif.ce warnings errors runtime_learners
INFO  [16:41:35.568] [bbotk]        192  0.2486111        0      0            0.151
INFO  [16:41:35.568] [bbotk]                                 uhash
INFO  [16:41:35.568] [bbotk]  49cb20e3-1710-48e2-acc4-1efdfd27f52e
INFO  [16:41:35.579] [bbotk] Evaluating 1 configuration(s)
INFO  [16:41:35.765] [bbotk] Result of batch 3:
INFO  [16:41:35.766] [bbotk]  num.trees classif.ce warnings errors runtime_learners
INFO  [16:41:35.766] [bbotk]        111  0.2472222        0      0            0.107
INFO  [16:41:35.766] [bbotk]                                 uhash
INFO  [16:41:35.766] [bbotk]  7db9f5fe-2672-40cf-9e70-5e253debe8ce
INFO  [16:41:35.806] [bbotk] Finished optimizing after 3 evaluation(s)
INFO  [16:41:35.807] [bbotk] Result:
INFO  [16:41:35.809] [bbotk]  num.trees learner_param_vals  x_domain classif.ce
INFO  [16:41:35.809] [bbotk]      <int>             <list>    <list>      <num>
INFO  [16:41:35.809] [bbotk]        111          <list[2]> <list[1]>  0.2472222
INFO  [16:41:35.948] [bbotk] Starting to optimize 1 parameter(s) with '<OptimizerBatchRandomSearch>' and '<TerminatorEvals> [n_evals=3, k=0]'
INFO  [16:41:35.965] [bbotk] Evaluating 1 configuration(s)
INFO  [16:41:36.215] [bbotk] Result of batch 1:
INFO  [16:41:36.216] [bbotk]  num.trees classif.ce warnings errors runtime_learners
INFO  [16:41:36.216] [bbotk]        229  0.2402778        0      0            0.194
INFO  [16:41:36.216] [bbotk]                                 uhash
INFO  [16:41:36.216] [bbotk]  7da43826-d18d-4641-baa9-8041b9ead225
INFO  [16:41:36.224] [bbotk] Evaluating 1 configuration(s)
INFO  [16:41:36.549] [bbotk] Result of batch 2:
INFO  [16:41:36.550] [bbotk]  num.trees classif.ce warnings errors runtime_learners
INFO  [16:41:36.550] [bbotk]        384  0.2472222        0      0            0.263
INFO  [16:41:36.550] [bbotk]                                 uhash
INFO  [16:41:36.550] [bbotk]  0ed6c665-7dd5-4d89-b411-4d58f78b64f8
INFO  [16:41:36.552] [bbotk] Evaluating 1 configuration(s)
INFO  [16:41:36.775] [bbotk] Result of batch 3:
INFO  [16:41:36.776] [bbotk]  num.trees classif.ce warnings errors runtime_learners
INFO  [16:41:36.776] [bbotk]        234     0.2375        0      0            0.173
INFO  [16:41:36.776] [bbotk]                                 uhash
INFO  [16:41:36.776] [bbotk]  4079f02d-fe1d-4579-ba1c-078ae6248875
INFO  [16:41:36.795] [bbotk] Finished optimizing after 3 evaluation(s)
INFO  [16:41:36.796] [bbotk] Result:
INFO  [16:41:36.797] [bbotk]  num.trees learner_param_vals  x_domain classif.ce
INFO  [16:41:36.797] [bbotk]      <int>             <list>    <list>      <num>
INFO  [16:41:36.797] [bbotk]        234          <list[2]> <list[1]>     0.2375
INFO  [16:41:36.944] [bbotk] Starting to optimize 1 parameter(s) with '<OptimizerBatchRandomSearch>' and '<TerminatorEvals> [n_evals=3, k=0]'
INFO  [16:41:36.952] [bbotk] Evaluating 1 configuration(s)
INFO  [16:41:37.202] [bbotk] Result of batch 1:
INFO  [16:41:37.206] [bbotk]  num.trees classif.ce warnings errors runtime_learners
INFO  [16:41:37.206] [bbotk]        256  0.2472222        0      0            0.182
INFO  [16:41:37.206] [bbotk]                                 uhash
INFO  [16:41:37.206] [bbotk]  4edaea84-12fb-45e4-afb5-7a026f8b1f8e
INFO  [16:41:37.209] [bbotk] Evaluating 1 configuration(s)
INFO  [16:41:37.418] [bbotk] Result of batch 2:
INFO  [16:41:37.419] [bbotk]  num.trees classif.ce warnings errors runtime_learners
INFO  [16:41:37.419] [bbotk]        253  0.2361111        0      0            0.164
INFO  [16:41:37.419] [bbotk]                                 uhash
INFO  [16:41:37.419] [bbotk]  c0ca223f-5601-4740-9ce0-c8d649dcdbe4
INFO  [16:41:37.421] [bbotk] Evaluating 1 configuration(s)
INFO  [16:41:37.590] [bbotk] Result of batch 3:
INFO  [16:41:37.592] [bbotk]  num.trees classif.ce warnings errors runtime_learners
INFO  [16:41:37.592] [bbotk]        120  0.2416667        0      0            0.101
INFO  [16:41:37.592] [bbotk]                                 uhash
INFO  [16:41:37.592] [bbotk]  1db54882-24cb-4b05-ac3c-bb1a71c01b71
INFO  [16:41:37.613] [bbotk] Finished optimizing after 3 evaluation(s)
INFO  [16:41:37.613] [bbotk] Result:
INFO  [16:41:37.615] [bbotk]  num.trees learner_param_vals  x_domain classif.ce
INFO  [16:41:37.615] [bbotk]      <int>             <list>    <list>      <num>
INFO  [16:41:37.615] [bbotk]        253          <list[2]> <list[1]>  0.2361111
INFO  [16:41:37.781] [bbotk] Starting to optimize 1 parameter(s) with '<OptimizerBatchRandomSearch>' and '<TerminatorEvals> [n_evals=3, k=0]'
INFO  [16:41:37.789] [bbotk] Evaluating 1 configuration(s)
INFO  [16:41:38.110] [bbotk] Result of batch 1:
INFO  [16:41:38.112] [bbotk]  num.trees classif.ce warnings errors runtime_learners
INFO  [16:41:38.112] [bbotk]        452  0.2458333        0      0            0.277
INFO  [16:41:38.112] [bbotk]                                 uhash
INFO  [16:41:38.112] [bbotk]  e7b158fa-f66e-496f-8349-5ce304e5951b
INFO  [16:41:38.116] [bbotk] Evaluating 1 configuration(s)
INFO  [16:41:38.281] [bbotk] Result of batch 2:
INFO  [16:41:38.282] [bbotk]  num.trees classif.ce warnings errors runtime_learners
INFO  [16:41:38.282] [bbotk]        164  0.2430556        0      0            0.109
INFO  [16:41:38.282] [bbotk]                                 uhash
INFO  [16:41:38.282] [bbotk]  4088da9a-d45f-4106-8580-aab7fc192b7d
INFO  [16:41:38.286] [bbotk] Evaluating 1 configuration(s)
INFO  [16:41:38.578] [bbotk] Result of batch 3:
INFO  [16:41:38.579] [bbotk]  num.trees classif.ce warnings errors runtime_learners
INFO  [16:41:38.579] [bbotk]        371       0.25        0      0            0.253
INFO  [16:41:38.579] [bbotk]                                 uhash
INFO  [16:41:38.579] [bbotk]  95b998c4-23e8-4258-8696-edc1254fff95
INFO  [16:41:38.595] [bbotk] Finished optimizing after 3 evaluation(s)
INFO  [16:41:38.595] [bbotk] Result:
INFO  [16:41:38.596] [bbotk]  num.trees learner_param_vals  x_domain classif.ce
INFO  [16:41:38.596] [bbotk]      <int>             <list>    <list>      <num>
INFO  [16:41:38.596] [bbotk]        164          <list[2]> <list[1]>  0.2430556
[1] -16.38324
[1] 83.76519
[1] -115.6018
[1] 0.06322983
[1] -145.4386
[1] 19.78571
[1] -91.81132
[1] 22.69034
[1] -97.39786
[1] 27.19202

### [bt]: Job terminated successfully [batchtools job.id=577]
### [bt]: Starting job [batchtools job.id=578]
### [bt]: Generating problem instance for problem '24c2c3a884d818b0' ...
### [bt]: Applying algorithm 'run_learner' on problem '24c2c3a884d818b0' for job 578 (seed = 579) ...
INFO  [16:41:39.008] [mlr3] Applying learner 'classif.ranger.tuned_calib.perfold_beta' on task 'credit-g' (iter 8/10)
INFO  [16:41:39.095] [bbotk] Starting to optimize 1 parameter(s) with '<OptimizerBatchRandomSearch>' and '<TerminatorEvals> [n_evals=3, k=0]'
INFO  [16:41:39.127] [bbotk] Evaluating 1 configuration(s)
INFO  [16:41:39.407] [bbotk] Result of batch 1:
INFO  [16:41:39.411] [bbotk]  num.trees classif.ce warnings errors runtime_learners
INFO  [16:41:39.411] [bbotk]        302  0.2430556        0      0            0.216
INFO  [16:41:39.411] [bbotk]                                 uhash
INFO  [16:41:39.411] [bbotk]  1024fccb-6b34-43b8-940f-1ceefbf01217
INFO  [16:41:39.416] [bbotk] Evaluating 1 configuration(s)
INFO  [16:41:39.733] [bbotk] Result of batch 2:
INFO  [16:41:39.734] [bbotk]  num.trees classif.ce warnings errors runtime_learners
INFO  [16:41:39.734] [bbotk]        410  0.2402778        0      0            0.274
INFO  [16:41:39.734] [bbotk]                                 uhash
INFO  [16:41:39.734] [bbotk]  c842d3af-1025-4d0d-acbf-c53e1c3706c0
INFO  [16:41:39.736] [bbotk] Evaluating 1 configuration(s)
INFO  [16:41:40.020] [bbotk] Result of batch 3:
INFO  [16:41:40.021] [bbotk]  num.trees classif.ce warnings errors runtime_learners
INFO  [16:41:40.021] [bbotk]        415  0.2430556        0      0             0.24
INFO  [16:41:40.021] [bbotk]                                 uhash
INFO  [16:41:40.021] [bbotk]  57b01fa6-7024-420b-9bb5-cce4a8731805
INFO  [16:41:40.028] [bbotk] Finished optimizing after 3 evaluation(s)
INFO  [16:41:40.028] [bbotk] Result:
INFO  [16:41:40.029] [bbotk]  num.trees learner_param_vals  x_domain classif.ce
INFO  [16:41:40.029] [bbotk]      <int>             <list>    <list>      <num>
INFO  [16:41:40.029] [bbotk]        410          <list[2]> <list[1]>  0.2402778
INFO  [16:41:40.190] [bbotk] Starting to optimize 1 parameter(s) with '<OptimizerBatchRandomSearch>' and '<TerminatorEvals> [n_evals=3, k=0]'
INFO  [16:41:40.195] [bbotk] Evaluating 1 configuration(s)
INFO  [16:41:40.512] [bbotk] Result of batch 1:
INFO  [16:41:40.513] [bbotk]  num.trees classif.ce warnings errors runtime_learners
INFO  [16:41:40.513] [bbotk]        422  0.2513889        0      0            0.278
INFO  [16:41:40.513] [bbotk]                                 uhash
INFO  [16:41:40.513] [bbotk]  777a6e79-11fb-4ef1-ae9d-9f45bc65758b
INFO  [16:41:40.515] [bbotk] Evaluating 1 configuration(s)
INFO  [16:41:40.735] [bbotk] Result of batch 2:
INFO  [16:41:40.735] [bbotk]  num.trees classif.ce warnings errors runtime_learners
INFO  [16:41:40.735] [bbotk]        288  0.2527778        0      0            0.186
INFO  [16:41:40.735] [bbotk]                                 uhash
INFO  [16:41:40.735] [bbotk]  15717bbf-23fe-4d62-882b-2c121b59f4d9
INFO  [16:41:40.737] [bbotk] Evaluating 1 configuration(s)
INFO  [16:41:40.892] [bbotk] Result of batch 3:
INFO  [16:41:40.893] [bbotk]  num.trees classif.ce warnings errors runtime_learners
INFO  [16:41:40.893] [bbotk]        109  0.2583333        0      0            0.095
INFO  [16:41:40.893] [bbotk]                                 uhash
INFO  [16:41:40.893] [bbotk]  412f4518-b231-42dd-8064-1b2e7d4561f1
INFO  [16:41:40.905] [bbotk] Finished optimizing after 3 evaluation(s)
INFO  [16:41:40.905] [bbotk] Result:
INFO  [16:41:40.907] [bbotk]  num.trees learner_param_vals  x_domain classif.ce
INFO  [16:41:40.907] [bbotk]      <int>             <list>    <list>      <num>
INFO  [16:41:40.907] [bbotk]        422          <list[2]> <list[1]>  0.2513889
INFO  [16:41:41.091] [bbotk] Starting to optimize 1 parameter(s) with '<OptimizerBatchRandomSearch>' and '<TerminatorEvals> [n_evals=3, k=0]'
INFO  [16:41:41.102] [bbotk] Evaluating 1 configuration(s)
INFO  [16:41:41.296] [bbotk] Result of batch 1:
INFO  [16:41:41.298] [bbotk]  num.trees classif.ce warnings errors runtime_learners
INFO  [16:41:41.298] [bbotk]        111       0.25        0      0            0.115
INFO  [16:41:41.298] [bbotk]                                 uhash
INFO  [16:41:41.298] [bbotk]  e43d82c6-54ca-44ed-bd0e-d77d6bd1879c
INFO  [16:41:41.310] [bbotk] Evaluating 1 configuration(s)
INFO  [16:41:41.552] [bbotk] Result of batch 2:
INFO  [16:41:41.553] [bbotk]  num.trees classif.ce warnings errors runtime_learners
INFO  [16:41:41.553] [bbotk]        266  0.2430556        0      0            0.199
INFO  [16:41:41.553] [bbotk]                                 uhash
INFO  [16:41:41.553] [bbotk]  0070accf-a6cc-41e6-88ed-5b6dca631b3f
INFO  [16:41:41.556] [bbotk] Evaluating 1 configuration(s)
INFO  [16:41:41.917] [bbotk] Result of batch 3:
INFO  [16:41:41.918] [bbotk]  num.trees classif.ce warnings errors runtime_learners
INFO  [16:41:41.918] [bbotk]        371  0.2388889        0      0            0.293
INFO  [16:41:41.918] [bbotk]                                 uhash
INFO  [16:41:41.918] [bbotk]  c5214a8f-597b-4883-975f-078550d99578
INFO  [16:41:41.937] [bbotk] Finished optimizing after 3 evaluation(s)
INFO  [16:41:41.938] [bbotk] Result:
INFO  [16:41:41.939] [bbotk]  num.trees learner_param_vals  x_domain classif.ce
INFO  [16:41:41.939] [bbotk]      <int>             <list>    <list>      <num>
INFO  [16:41:41.939] [bbotk]        371          <list[2]> <list[1]>  0.2388889
INFO  [16:41:42.140] [bbotk] Starting to optimize 1 parameter(s) with '<OptimizerBatchRandomSearch>' and '<TerminatorEvals> [n_evals=3, k=0]'
INFO  [16:41:42.148] [bbotk] Evaluating 1 configuration(s)
INFO  [16:41:42.341] [bbotk] Result of batch 1:
INFO  [16:41:42.342] [bbotk]  num.trees classif.ce warnings errors runtime_learners
INFO  [16:41:42.342] [bbotk]        203  0.2430556        0      0            0.143
INFO  [16:41:42.342] [bbotk]                                 uhash
INFO  [16:41:42.342] [bbotk]  348fa7f0-87c6-4e13-8d1b-aec3b6cad7c9
INFO  [16:41:42.344] [bbotk] Evaluating 1 configuration(s)
INFO  [16:41:42.662] [bbotk] Result of batch 2:
INFO  [16:41:42.663] [bbotk]  num.trees classif.ce warnings errors runtime_learners
INFO  [16:41:42.663] [bbotk]        408  0.2513889        0      0            0.269
INFO  [16:41:42.663] [bbotk]                                 uhash
INFO  [16:41:42.663] [bbotk]  17191cb9-3d59-4d43-b810-061581cf61f0
INFO  [16:41:42.668] [bbotk] Evaluating 1 configuration(s)
INFO  [16:41:42.977] [bbotk] Result of batch 3:
INFO  [16:41:42.978] [bbotk]  num.trees classif.ce warnings errors runtime_learners
INFO  [16:41:42.978] [bbotk]        357       0.25        0      0            0.236
INFO  [16:41:42.978] [bbotk]                                 uhash
INFO  [16:41:42.978] [bbotk]  551f7845-0dea-4aee-9e2d-99a96f52f2ce
INFO  [16:41:42.985] [bbotk] Finished optimizing after 3 evaluation(s)
INFO  [16:41:42.986] [bbotk] Result:
INFO  [16:41:42.986] [bbotk]  num.trees learner_param_vals  x_domain classif.ce
INFO  [16:41:42.986] [bbotk]      <int>             <list>    <list>      <num>
INFO  [16:41:42.986] [bbotk]        203          <list[2]> <list[1]>  0.2430556
INFO  [16:41:43.117] [bbotk] Starting to optimize 1 parameter(s) with '<OptimizerBatchRandomSearch>' and '<TerminatorEvals> [n_evals=3, k=0]'
INFO  [16:41:43.123] [bbotk] Evaluating 1 configuration(s)
INFO  [16:41:43.378] [bbotk] Result of batch 1:
INFO  [16:41:43.379] [bbotk]  num.trees classif.ce warnings errors runtime_learners
INFO  [16:41:43.379] [bbotk]        343  0.2333333        0      0            0.205
INFO  [16:41:43.379] [bbotk]                                 uhash
INFO  [16:41:43.379] [bbotk]  82efbe9f-cf37-4952-a9be-f04b649d5375
INFO  [16:41:43.382] [bbotk] Evaluating 1 configuration(s)
INFO  [16:41:43.769] [bbotk] Result of batch 2:
INFO  [16:41:43.770] [bbotk]  num.trees classif.ce warnings errors runtime_learners
INFO  [16:41:43.770] [bbotk]        470  0.2416667        0      0            0.331
INFO  [16:41:43.770] [bbotk]                                 uhash
INFO  [16:41:43.770] [bbotk]  5b386f56-e9ff-42d3-867b-48fa00d20f9a
INFO  [16:41:43.772] [bbotk] Evaluating 1 configuration(s)
INFO  [16:41:44.046] [bbotk] Result of batch 3:
INFO  [16:41:44.047] [bbotk]  num.trees classif.ce warnings errors runtime_learners
INFO  [16:41:44.047] [bbotk]        347  0.2319444        0      0            0.222
INFO  [16:41:44.047] [bbotk]                                 uhash
INFO  [16:41:44.047] [bbotk]  4c91d6f4-5b29-4c2b-94d2-2a1abdbc7f7a
INFO  [16:41:44.053] [bbotk] Finished optimizing after 3 evaluation(s)
INFO  [16:41:44.054] [bbotk] Result:
INFO  [16:41:44.054] [bbotk]  num.trees learner_param_vals  x_domain classif.ce
INFO  [16:41:44.054] [bbotk]      <int>             <list>    <list>      <num>
INFO  [16:41:44.054] [bbotk]        347          <list[2]> <list[1]>  0.2319444
[1] -65.6429
[1] 38.80847
[1] -174.6207
[1] -0.388228
[1] 0.04344137
[1] 78.72153
[1] -76.37467
[1] 35.8051
[1] -50.38873
[1] 43.50616

### [bt]: Job terminated successfully [batchtools job.id=578]
### [bt]: Starting job [batchtools job.id=579]
### [bt]: Generating problem instance for problem '24c2c3a884d818b0' ...
### [bt]: Applying algorithm 'run_learner' on problem '24c2c3a884d818b0' for job 579 (seed = 580) ...
INFO  [16:41:44.435] [mlr3] Applying learner 'classif.ranger.tuned_calib.perfold_beta' on task 'credit-g' (iter 9/10)
INFO  [16:41:44.621] [bbotk] Starting to optimize 1 parameter(s) with '<OptimizerBatchRandomSearch>' and '<TerminatorEvals> [n_evals=3, k=0]'
INFO  [16:41:44.635] [bbotk] Evaluating 1 configuration(s)
INFO  [16:41:44.893] [bbotk] Result of batch 1:
INFO  [16:41:44.893] [bbotk]  num.trees classif.ce warnings errors runtime_learners
INFO  [16:41:44.893] [bbotk]        153  0.2444444        0      0             0.19
INFO  [16:41:44.893] [bbotk]                                 uhash
INFO  [16:41:44.893] [bbotk]  0975a69e-920e-49a3-9256-fd375fc37b80
INFO  [16:41:44.896] [bbotk] Evaluating 1 configuration(s)
INFO  [16:41:45.270] [bbotk] Result of batch 2:
INFO  [16:41:45.271] [bbotk]  num.trees classif.ce warnings errors runtime_learners
INFO  [16:41:45.271] [bbotk]        494  0.2430556        0      0            0.329
INFO  [16:41:45.271] [bbotk]                                 uhash
INFO  [16:41:45.271] [bbotk]  309564e9-069d-4259-b96a-e85fee659b31
INFO  [16:41:45.273] [bbotk] Evaluating 1 configuration(s)
INFO  [16:41:45.985] [bbotk] Result of batch 3:
INFO  [16:41:45.987] [bbotk]  num.trees classif.ce warnings errors runtime_learners
INFO  [16:41:45.987] [bbotk]        224  0.2458333        0      0             0.66
INFO  [16:41:45.987] [bbotk]                                 uhash
INFO  [16:41:45.987] [bbotk]  229d604c-2ab9-478f-9a33-e3651952f377
INFO  [16:41:46.011] [bbotk] Finished optimizing after 3 evaluation(s)
INFO  [16:41:46.011] [bbotk] Result:
INFO  [16:41:46.012] [bbotk]  num.trees learner_param_vals  x_domain classif.ce
INFO  [16:41:46.012] [bbotk]      <int>             <list>    <list>      <num>
INFO  [16:41:46.012] [bbotk]        494          <list[2]> <list[1]>  0.2430556
INFO  [16:41:46.193] [bbotk] Starting to optimize 1 parameter(s) with '<OptimizerBatchRandomSearch>' and '<TerminatorEvals> [n_evals=3, k=0]'
INFO  [16:41:46.201] [bbotk] Evaluating 1 configuration(s)
INFO  [16:41:46.370] [bbotk] Result of batch 1:
INFO  [16:41:46.372] [bbotk]  num.trees classif.ce warnings errors runtime_learners
INFO  [16:41:46.372] [bbotk]        173  0.2416667        0      0            0.125
INFO  [16:41:46.372] [bbotk]                                 uhash
INFO  [16:41:46.372] [bbotk]  2bb6cad5-615f-43c1-bf11-d73ffc485506
INFO  [16:41:46.374] [bbotk] Evaluating 1 configuration(s)
INFO  [16:41:46.534] [bbotk] Result of batch 2:
INFO  [16:41:46.537] [bbotk]  num.trees classif.ce warnings errors runtime_learners
INFO  [16:41:46.537] [bbotk]        126  0.2388889        0      0            0.083
INFO  [16:41:46.537] [bbotk]                                 uhash
INFO  [16:41:46.537] [bbotk]  263fe770-de9c-4c23-98be-dca1700ffe67
INFO  [16:41:46.561] [bbotk] Evaluating 1 configuration(s)
INFO  [16:41:46.884] [bbotk] Result of batch 3:
INFO  [16:41:46.884] [bbotk]  num.trees classif.ce warnings errors runtime_learners
INFO  [16:41:46.884] [bbotk]        409  0.2277778        0      0            0.275
INFO  [16:41:46.884] [bbotk]                                 uhash
INFO  [16:41:46.884] [bbotk]  d5bf40a8-2be2-4226-9d27-1cd62b4f5ab5
INFO  [16:41:46.896] [bbotk] Finished optimizing after 3 evaluation(s)
INFO  [16:41:46.897] [bbotk] Result:
INFO  [16:41:46.899] [bbotk]  num.trees learner_param_vals  x_domain classif.ce
INFO  [16:41:46.899] [bbotk]      <int>             <list>    <list>      <num>
INFO  [16:41:46.899] [bbotk]        409          <list[2]> <list[1]>  0.2277778
INFO  [16:41:47.054] [bbotk] Starting to optimize 1 parameter(s) with '<OptimizerBatchRandomSearch>' and '<TerminatorEvals> [n_evals=3, k=0]'
INFO  [16:41:47.060] [bbotk] Evaluating 1 configuration(s)
INFO  [16:41:47.305] [bbotk] Result of batch 1:
INFO  [16:41:47.306] [bbotk]  num.trees classif.ce warnings errors runtime_learners
INFO  [16:41:47.306] [bbotk]        283  0.2583333        0      0            0.194
INFO  [16:41:47.306] [bbotk]                                 uhash
INFO  [16:41:47.306] [bbotk]  38656c66-3332-436d-a5bf-5073b3a8722c
INFO  [16:41:47.309] [bbotk] Evaluating 1 configuration(s)
INFO  [16:41:47.629] [bbotk] Result of batch 2:
INFO  [16:41:47.630] [bbotk]  num.trees classif.ce warnings errors runtime_learners
INFO  [16:41:47.630] [bbotk]        383  0.2611111        0      0            0.275
INFO  [16:41:47.630] [bbotk]                                 uhash
INFO  [16:41:47.630] [bbotk]  6234f95c-02b2-4341-b12a-277ad1c4adbb
INFO  [16:41:47.633] [bbotk] Evaluating 1 configuration(s)
INFO  [16:41:47.898] [bbotk] Result of batch 3:
INFO  [16:41:47.898] [bbotk]  num.trees classif.ce warnings errors runtime_learners
INFO  [16:41:47.898] [bbotk]        272  0.2527778        0      0            0.194
INFO  [16:41:47.898] [bbotk]                                 uhash
INFO  [16:41:47.898] [bbotk]  b34c24cd-ded1-4ab4-80f7-e9137c154e3a
INFO  [16:41:47.915] [bbotk] Finished optimizing after 3 evaluation(s)
INFO  [16:41:47.915] [bbotk] Result:
INFO  [16:41:47.917] [bbotk]  num.trees learner_param_vals  x_domain classif.ce
INFO  [16:41:47.917] [bbotk]      <int>             <list>    <list>      <num>
INFO  [16:41:47.917] [bbotk]        272          <list[2]> <list[1]>  0.2527778
INFO  [16:41:48.062] [bbotk] Starting to optimize 1 parameter(s) with '<OptimizerBatchRandomSearch>' and '<TerminatorEvals> [n_evals=3, k=0]'
INFO  [16:41:48.066] [bbotk] Evaluating 1 configuration(s)
INFO  [16:41:48.284] [bbotk] Result of batch 1:
INFO  [16:41:48.285] [bbotk]  num.trees classif.ce warnings errors runtime_learners
INFO  [16:41:48.285] [bbotk]        233  0.2083333        0      0            0.179
INFO  [16:41:48.285] [bbotk]                                 uhash
INFO  [16:41:48.285] [bbotk]  1e30da2c-f431-4a19-bb9a-b79108968882
INFO  [16:41:48.291] [bbotk] Evaluating 1 configuration(s)
INFO  [16:41:48.601] [bbotk] Result of batch 2:
INFO  [16:41:48.603] [bbotk]  num.trees classif.ce warnings errors runtime_learners
INFO  [16:41:48.603] [bbotk]        448  0.2111111        0      0            0.265
INFO  [16:41:48.603] [bbotk]                                 uhash
INFO  [16:41:48.603] [bbotk]  0148e6ff-0ef2-45e6-af56-3adaead39dd4
INFO  [16:41:48.606] [bbotk] Evaluating 1 configuration(s)
INFO  [16:41:48.794] [bbotk] Result of batch 3:
INFO  [16:41:48.795] [bbotk]  num.trees classif.ce warnings errors runtime_learners
INFO  [16:41:48.795] [bbotk]        271  0.2138889        0      0            0.155
INFO  [16:41:48.795] [bbotk]                                 uhash
INFO  [16:41:48.795] [bbotk]  06cde2fd-5bbb-4f93-82e2-0c244c8446a7
INFO  [16:41:48.804] [bbotk] Finished optimizing after 3 evaluation(s)
INFO  [16:41:48.805] [bbotk] Result:
INFO  [16:41:48.806] [bbotk]  num.trees learner_param_vals  x_domain classif.ce
INFO  [16:41:48.806] [bbotk]      <int>             <list>    <list>      <num>
INFO  [16:41:48.806] [bbotk]        233          <list[2]> <list[1]>  0.2083333
INFO  [16:41:48.979] [bbotk] Starting to optimize 1 parameter(s) with '<OptimizerBatchRandomSearch>' and '<TerminatorEvals> [n_evals=3, k=0]'
INFO  [16:41:48.988] [bbotk] Evaluating 1 configuration(s)
INFO  [16:41:49.266] [bbotk] Result of batch 1:
INFO  [16:41:49.271] [bbotk]  num.trees classif.ce warnings errors runtime_learners
INFO  [16:41:49.271] [bbotk]        129  0.2555556        0      0            0.215
INFO  [16:41:49.271] [bbotk]                                 uhash
INFO  [16:41:49.271] [bbotk]  2875bdcf-ccda-4a2f-83e0-1e800a243a2d
INFO  [16:41:49.277] [bbotk] Evaluating 1 configuration(s)
INFO  [16:41:49.567] [bbotk] Result of batch 2:
INFO  [16:41:49.569] [bbotk]  num.trees classif.ce warnings errors runtime_learners
INFO  [16:41:49.569] [bbotk]        307  0.2513889        0      0            0.226
INFO  [16:41:49.569] [bbotk]                                 uhash
INFO  [16:41:49.569] [bbotk]  a521dae3-c84f-4687-a1d4-16563f7d8d40
INFO  [16:41:49.577] [bbotk] Evaluating 1 configuration(s)
INFO  [16:41:49.715] [bbotk] Result of batch 3:
INFO  [16:41:49.718] [bbotk]  num.trees classif.ce warnings errors runtime_learners
INFO  [16:41:49.718] [bbotk]        104  0.2430556        0      0            0.077
INFO  [16:41:49.718] [bbotk]                                 uhash
INFO  [16:41:49.718] [bbotk]  0102f47f-bf85-4015-9da2-909237c49950
INFO  [16:41:49.731] [bbotk] Finished optimizing after 3 evaluation(s)
INFO  [16:41:49.732] [bbotk] Result:
INFO  [16:41:49.735] [bbotk]  num.trees learner_param_vals  x_domain classif.ce
INFO  [16:41:49.735] [bbotk]      <int>             <list>    <list>      <num>
INFO  [16:41:49.735] [bbotk]        104          <list[2]> <list[1]>  0.2430556
[1] -128.145
[1] 11.99493
[1] -45.6901
[1] 37.57882
[1] -89.57707
[1] 23.80576
[1] -35.82544
[1] 37.56232
[1] -84.77702
[1] 52.35048

### [bt]: Job terminated successfully [batchtools job.id=579]
### [bt]: Starting job [batchtools job.id=580]
### [bt]: Generating problem instance for problem '24c2c3a884d818b0' ...
### [bt]: Applying algorithm 'run_learner' on problem '24c2c3a884d818b0' for job 580 (seed = 581) ...
INFO  [16:41:50.085] [mlr3] Applying learner 'classif.ranger.tuned_calib.perfold_beta' on task 'credit-g' (iter 10/10)
INFO  [16:41:50.187] [bbotk] Starting to optimize 1 parameter(s) with '<OptimizerBatchRandomSearch>' and '<TerminatorEvals> [n_evals=3, k=0]'
INFO  [16:41:50.197] [bbotk] Evaluating 1 configuration(s)
INFO  [16:41:50.429] [bbotk] Result of batch 1:
INFO  [16:41:50.431] [bbotk]  num.trees classif.ce warnings errors runtime_learners
INFO  [16:41:50.431] [bbotk]        264  0.2416667        0      0            0.175
INFO  [16:41:50.431] [bbotk]                                 uhash
INFO  [16:41:50.431] [bbotk]  5c498779-0e7f-4569-a46d-9e536367cb03
INFO  [16:41:50.436] [bbotk] Evaluating 1 configuration(s)
INFO  [16:41:50.768] [bbotk] Result of batch 2:
INFO  [16:41:50.771] [bbotk]  num.trees classif.ce warnings errors runtime_learners
INFO  [16:41:50.771] [bbotk]        392  0.2430556        0      0            0.267
INFO  [16:41:50.771] [bbotk]                                 uhash
INFO  [16:41:50.771] [bbotk]  aee89a70-db3d-49b3-a580-312ac4b21cc6
INFO  [16:41:50.775] [bbotk] Evaluating 1 configuration(s)
INFO  [16:41:51.077] [bbotk] Result of batch 3:
INFO  [16:41:51.078] [bbotk]  num.trees classif.ce warnings errors runtime_learners
INFO  [16:41:51.078] [bbotk]        400  0.2388889        0      0            0.257
INFO  [16:41:51.078] [bbotk]                                 uhash
INFO  [16:41:51.078] [bbotk]  af62e180-91bd-45a2-9c2e-428afdc9938f
INFO  [16:41:51.091] [bbotk] Finished optimizing after 3 evaluation(s)
INFO  [16:41:51.092] [bbotk] Result:
INFO  [16:41:51.094] [bbotk]  num.trees learner_param_vals  x_domain classif.ce
INFO  [16:41:51.094] [bbotk]      <int>             <list>    <list>      <num>
INFO  [16:41:51.094] [bbotk]        400          <list[2]> <list[1]>  0.2388889
INFO  [16:41:51.280] [bbotk] Starting to optimize 1 parameter(s) with '<OptimizerBatchRandomSearch>' and '<TerminatorEvals> [n_evals=3, k=0]'
INFO  [16:41:51.285] [bbotk] Evaluating 1 configuration(s)
INFO  [16:41:51.488] [bbotk] Result of batch 1:
INFO  [16:41:51.489] [bbotk]  num.trees classif.ce warnings errors runtime_learners
INFO  [16:41:51.489] [bbotk]        208  0.2402778        0      0             0.16
INFO  [16:41:51.489] [bbotk]                                 uhash
INFO  [16:41:51.489] [bbotk]  454bcff0-00e3-4ad1-8ec8-8c83edf3c4b5
INFO  [16:41:51.492] [bbotk] Evaluating 1 configuration(s)
INFO  [16:41:51.610] [bbotk] Result of batch 2:
INFO  [16:41:51.611] [bbotk]  num.trees classif.ce warnings errors runtime_learners
INFO  [16:41:51.611] [bbotk]        116  0.2388889        0      0            0.084
INFO  [16:41:51.611] [bbotk]                                 uhash
INFO  [16:41:51.611] [bbotk]  0184e9d2-8c3a-4c39-aeb2-085bf14b07e0
INFO  [16:41:51.614] [bbotk] Evaluating 1 configuration(s)
INFO  [16:41:51.889] [bbotk] Result of batch 3:
INFO  [16:41:51.890] [bbotk]  num.trees classif.ce warnings errors runtime_learners
INFO  [16:41:51.890] [bbotk]        382  0.2402778        0      0             0.24
INFO  [16:41:51.890] [bbotk]                                 uhash
INFO  [16:41:51.890] [bbotk]  c391dac6-f491-447b-a4da-f81754158b77
INFO  [16:41:51.896] [bbotk] Finished optimizing after 3 evaluation(s)
INFO  [16:41:51.897] [bbotk] Result:
INFO  [16:41:51.898] [bbotk]  num.trees learner_param_vals  x_domain classif.ce
INFO  [16:41:51.898] [bbotk]      <int>             <list>    <list>      <num>
INFO  [16:41:51.898] [bbotk]        116          <list[2]> <list[1]>  0.2388889
INFO  [16:41:51.975] [bbotk] Starting to optimize 1 parameter(s) with '<OptimizerBatchRandomSearch>' and '<TerminatorEvals> [n_evals=3, k=0]'
INFO  [16:41:51.980] [bbotk] Evaluating 1 configuration(s)
INFO  [16:41:52.218] [bbotk] Result of batch 1:
INFO  [16:41:52.219] [bbotk]  num.trees classif.ce warnings errors runtime_learners
INFO  [16:41:52.219] [bbotk]        266  0.2430556        0      0            0.194
INFO  [16:41:52.219] [bbotk]                                 uhash
INFO  [16:41:52.219] [bbotk]  83c70826-8805-4c71-be6a-d4185c32f2c3
INFO  [16:41:52.221] [bbotk] Evaluating 1 configuration(s)
INFO  [16:41:52.512] [bbotk] Result of batch 2:
INFO  [16:41:52.513] [bbotk]  num.trees classif.ce warnings errors runtime_learners
INFO  [16:41:52.513] [bbotk]        377  0.2402778        0      0            0.246
INFO  [16:41:52.513] [bbotk]                                 uhash
INFO  [16:41:52.513] [bbotk]  ee65fe54-91a6-49ff-85f3-6aac2cc9299f
INFO  [16:41:52.516] [bbotk] Evaluating 1 configuration(s)
INFO  [16:41:52.782] [bbotk] Result of batch 3:
INFO  [16:41:52.783] [bbotk]  num.trees classif.ce warnings errors runtime_learners
INFO  [16:41:52.783] [bbotk]        315     0.2375        0      0            0.226
INFO  [16:41:52.783] [bbotk]                                 uhash
INFO  [16:41:52.783] [bbotk]  4f71a9b4-689f-4293-b6cb-ab480e498096
INFO  [16:41:52.789] [bbotk] Finished optimizing after 3 evaluation(s)
INFO  [16:41:52.790] [bbotk] Result:
INFO  [16:41:52.790] [bbotk]  num.trees learner_param_vals  x_domain classif.ce
INFO  [16:41:52.790] [bbotk]      <int>             <list>    <list>      <num>
INFO  [16:41:52.790] [bbotk]        315          <list[2]> <list[1]>     0.2375
INFO  [16:41:52.929] [bbotk] Starting to optimize 1 parameter(s) with '<OptimizerBatchRandomSearch>' and '<TerminatorEvals> [n_evals=3, k=0]'
INFO  [16:41:52.939] [bbotk] Evaluating 1 configuration(s)
INFO  [16:41:53.257] [bbotk] Result of batch 1:
INFO  [16:41:53.259] [bbotk]  num.trees classif.ce warnings errors runtime_learners
INFO  [16:41:53.259] [bbotk]        434  0.2222222        0      0            0.283
INFO  [16:41:53.259] [bbotk]                                 uhash
INFO  [16:41:53.259] [bbotk]  463125b9-001e-4347-afc0-e96059ed5f4e
INFO  [16:41:53.261] [bbotk] Evaluating 1 configuration(s)
INFO  [16:41:53.457] [bbotk] Result of batch 2:
INFO  [16:41:53.458] [bbotk]  num.trees classif.ce warnings errors runtime_learners
INFO  [16:41:53.458] [bbotk]        219  0.2277778        0      0            0.153
INFO  [16:41:53.458] [bbotk]                                 uhash
INFO  [16:41:53.458] [bbotk]  8471beb9-d16e-4905-b1a1-86bc720bdbab
INFO  [16:41:53.460] [bbotk] Evaluating 1 configuration(s)
INFO  [16:41:53.784] [bbotk] Result of batch 3:
INFO  [16:41:53.785] [bbotk]  num.trees classif.ce warnings errors runtime_learners
INFO  [16:41:53.785] [bbotk]        494  0.2319444        0      0            0.284
INFO  [16:41:53.785] [bbotk]                                 uhash
INFO  [16:41:53.785] [bbotk]  12a7c475-1fd9-4cd3-a26a-47f4d6a1d451
INFO  [16:41:53.792] [bbotk] Finished optimizing after 3 evaluation(s)
INFO  [16:41:53.792] [bbotk] Result:
INFO  [16:41:53.793] [bbotk]  num.trees learner_param_vals  x_domain classif.ce
INFO  [16:41:53.793] [bbotk]      <int>             <list>    <list>      <num>
INFO  [16:41:53.793] [bbotk]        434          <list[2]> <list[1]>  0.2222222
INFO  [16:41:53.947] [bbotk] Starting to optimize 1 parameter(s) with '<OptimizerBatchRandomSearch>' and '<TerminatorEvals> [n_evals=3, k=0]'
INFO  [16:41:53.952] [bbotk] Evaluating 1 configuration(s)
INFO  [16:41:54.075] [bbotk] Result of batch 1:
INFO  [16:41:54.076] [bbotk]  num.trees classif.ce warnings errors runtime_learners
INFO  [16:41:54.076] [bbotk]        129  0.2236111        0      0            0.086
INFO  [16:41:54.076] [bbotk]                                 uhash
INFO  [16:41:54.076] [bbotk]  8677d630-6748-4822-a6f0-e358dc5d32e4
INFO  [16:41:54.078] [bbotk] Evaluating 1 configuration(s)
INFO  [16:41:54.239] [bbotk] Result of batch 2:
INFO  [16:41:54.240] [bbotk]  num.trees classif.ce warnings errors runtime_learners
INFO  [16:41:54.240] [bbotk]        208      0.225        0      0            0.124
INFO  [16:41:54.240] [bbotk]                                 uhash
INFO  [16:41:54.240] [bbotk]  4b6e1f50-7ace-4def-9ced-ff7d0ced6150
INFO  [16:41:54.242] [bbotk] Evaluating 1 configuration(s)
INFO  [16:41:54.514] [bbotk] Result of batch 3:
INFO  [16:41:54.515] [bbotk]  num.trees classif.ce warnings errors runtime_learners
INFO  [16:41:54.515] [bbotk]        379  0.2083333        0      0            0.233
INFO  [16:41:54.515] [bbotk]                                 uhash
INFO  [16:41:54.515] [bbotk]  022be84e-6f19-444f-a632-8ed83a97c053
INFO  [16:41:54.522] [bbotk] Finished optimizing after 3 evaluation(s)
INFO  [16:41:54.523] [bbotk] Result:
INFO  [16:41:54.523] [bbotk]  num.trees learner_param_vals  x_domain classif.ce
INFO  [16:41:54.523] [bbotk]      <int>             <list>    <list>      <num>
INFO  [16:41:54.523] [bbotk]        379          <list[2]> <list[1]>  0.2083333
[1] -146.6063
[1] 8.61623
[1] -38.7966
[1] 49.82612
[1] -18.14993
[1] 45.11249
[1] 1.788256
[1] 91.38304
[1] -76.63645
[1] 24.21295

### [bt]: Job terminated successfully [batchtools job.id=580]
### [bt]: Calculation finished!
