### [bt]: This is batchtools v0.9.17
### [bt]: Starting calculation of 5 jobs
### [bt]: Setting working directory to '/Users/User/Documents/Studium/Semester8/Hiwi/mlr3calibration/vignettes'
### [bt]: Memory measurement disabled
### [bt]: Starting job [batchtools job.id=711]
### [bt]: Generating problem instance for problem '24c2c3a884d818b0' ...
### [bt]: Applying algorithm 'run_learner' on problem '24c2c3a884d818b0' for job 711 (seed = 712) ...
INFO  [16:42:15.438] [mlr3] Applying learner 'classif.xgboost.tuned_calib.perfold_isotonic' on task 'credit-g' (iter 1/10)
Error : <TaskClassif:credit-g> has the following unsupported feature types: factor
This happened PipeOp classif.xgboost's $train()

### [bt]: Job terminated with an exception [batchtools job.id=711]
### [bt]: Starting job [batchtools job.id=712]
### [bt]: Generating problem instance for problem '24c2c3a884d818b0' ...
### [bt]: Applying algorithm 'run_learner' on problem '24c2c3a884d818b0' for job 712 (seed = 713) ...
INFO  [16:42:15.451] [mlr3] Applying learner 'classif.xgboost.tuned_calib.perfold_isotonic' on task 'credit-g' (iter 2/10)
Error : <TaskClassif:credit-g> has the following unsupported feature types: factor
This happened PipeOp classif.xgboost's $train()

### [bt]: Job terminated with an exception [batchtools job.id=712]
### [bt]: Starting job [batchtools job.id=713]
### [bt]: Generating problem instance for problem '24c2c3a884d818b0' ...
### [bt]: Applying algorithm 'run_learner' on problem '24c2c3a884d818b0' for job 713 (seed = 714) ...
INFO  [16:42:15.473] [mlr3] Applying learner 'classif.xgboost.tuned_calib.perfold_isotonic' on task 'credit-g' (iter 3/10)
Error : <TaskClassif:credit-g> has the following unsupported feature types: factor
This happened PipeOp classif.xgboost's $train()

### [bt]: Job terminated with an exception [batchtools job.id=713]
### [bt]: Starting job [batchtools job.id=714]
### [bt]: Generating problem instance for problem '24c2c3a884d818b0' ...
### [bt]: Applying algorithm 'run_learner' on problem '24c2c3a884d818b0' for job 714 (seed = 715) ...
INFO  [16:42:15.480] [mlr3] Applying learner 'classif.xgboost.tuned_calib.perfold_isotonic' on task 'credit-g' (iter 4/10)
Error : <TaskClassif:credit-g> has the following unsupported feature types: factor
This happened PipeOp classif.xgboost's $train()

### [bt]: Job terminated with an exception [batchtools job.id=714]
### [bt]: Starting job [batchtools job.id=715]
### [bt]: Generating problem instance for problem '24c2c3a884d818b0' ...
### [bt]: Applying algorithm 'run_learner' on problem '24c2c3a884d818b0' for job 715 (seed = 716) ...
INFO  [16:42:15.486] [mlr3] Applying learner 'classif.xgboost.tuned_calib.perfold_isotonic' on task 'credit-g' (iter 5/10)
Error : <TaskClassif:credit-g> has the following unsupported feature types: factor
This happened PipeOp classif.xgboost's $train()

### [bt]: Job terminated with an exception [batchtools job.id=715]
### [bt]: Calculation finished!
