### [bt]: This is batchtools v0.9.17
### [bt]: Starting calculation of 5 jobs
### [bt]: Setting working directory to '/Users/User/Documents/Studium/Semester8/Hiwi/mlr3calibration/vignettes'
### [bt]: Memory measurement disabled
### [bt]: Starting job [batchtools job.id=2311]
### [bt]: Generating problem instance for problem 'a63d756aec4c60c1' ...
### [bt]: Applying algorithm 'run_learner' on problem 'a63d756aec4c60c1' for job 2311 (seed = 2312) ...
INFO  [17:10:26.400] [mlr3] Applying learner 'classif.xgboost.tuned_calib.tunefirst.perfold_platt' on task 'pc1' (iter 1/10)
INFO  [17:10:26.439] [bbotk] Starting to optimize 3 parameter(s) with '<OptimizerBatchRandomSearch>' and '<TerminatorEvals> [n_evals=10, k=0]'
INFO  [17:10:26.451] [bbotk] Evaluating 1 configuration(s)
INFO  [17:10:26.883] [bbotk] Result of batch 1:
INFO  [17:10:26.885] [bbotk]  nrounds        eta max_depth classif.ce warnings errors runtime_learners
INFO  [17:10:26.885] [bbotk]      238 0.06172759         3 0.06912937        0      0            0.391
INFO  [17:10:26.885] [bbotk]                                 uhash
INFO  [17:10:26.885] [bbotk]  8d9b9f24-36a7-40dd-976c-597de305de67
INFO  [17:10:26.894] [bbotk] Evaluating 1 configuration(s)
INFO  [17:10:27.551] [bbotk] Result of batch 2:
INFO  [17:10:27.552] [bbotk]  nrounds       eta max_depth classif.ce warnings errors runtime_learners
INFO  [17:10:27.552] [bbotk]      221 0.1698404         7 0.07313639        0      0            0.619
INFO  [17:10:27.552] [bbotk]                                 uhash
INFO  [17:10:27.552] [bbotk]  eda20480-6183-4159-a39a-e55b750c069a
INFO  [17:10:27.556] [bbotk] Evaluating 1 configuration(s)
INFO  [17:10:27.827] [bbotk] Result of batch 3:
INFO  [17:10:27.829] [bbotk]  nrounds       eta max_depth classif.ce warnings errors runtime_learners
INFO  [17:10:27.829] [bbotk]       61 0.1980541         6 0.07313639        0      0            0.222
INFO  [17:10:27.829] [bbotk]                                 uhash
INFO  [17:10:27.829] [bbotk]  dd0aa52b-b910-4cf2-aefb-e9c1f7779321
INFO  [17:10:27.838] [bbotk] Evaluating 1 configuration(s)
INFO  [17:10:28.163] [bbotk] Result of batch 4:
INFO  [17:10:28.166] [bbotk]  nrounds       eta max_depth classif.ce warnings errors runtime_learners
INFO  [17:10:28.166] [bbotk]      205 0.1791486         2 0.07112836        0      0            0.275
INFO  [17:10:28.166] [bbotk]                                 uhash
INFO  [17:10:28.166] [bbotk]  b4fea582-b673-4000-8878-3c42e6f20874
INFO  [17:10:28.182] [bbotk] Evaluating 1 configuration(s)
INFO  [17:10:29.031] [bbotk] Result of batch 5:
INFO  [17:10:29.032] [bbotk]  nrounds       eta max_depth classif.ce warnings errors runtime_learners
INFO  [17:10:29.032] [bbotk]      258 0.1316747         9  0.0721384        0      0            0.809
INFO  [17:10:29.032] [bbotk]                                 uhash
INFO  [17:10:29.032] [bbotk]  4dbb8e87-2eef-4e5b-a2da-9ea8cf712176
INFO  [17:10:29.037] [bbotk] Evaluating 1 configuration(s)
INFO  [17:10:29.793] [bbotk] Result of batch 6:
INFO  [17:10:29.795] [bbotk]  nrounds        eta max_depth classif.ce warnings errors runtime_learners
INFO  [17:10:29.795] [bbotk]      213 0.06596653         9  0.0711374        0      0            0.717
INFO  [17:10:29.795] [bbotk]                                 uhash
INFO  [17:10:29.795] [bbotk]  21a983db-0e34-400e-a6df-d68c5f10bc15
INFO  [17:10:29.804] [bbotk] Evaluating 1 configuration(s)
INFO  [17:10:30.471] [bbotk] Result of batch 7:
INFO  [17:10:30.473] [bbotk]  nrounds       eta max_depth classif.ce warnings errors runtime_learners
INFO  [17:10:30.473] [bbotk]      283 0.1017672         4 0.07013339        0      0            0.613
INFO  [17:10:30.473] [bbotk]                                 uhash
INFO  [17:10:30.473] [bbotk]  b478d954-8335-42cb-9c97-98851e1ceb5b
INFO  [17:10:30.481] [bbotk] Evaluating 1 configuration(s)
INFO  [17:10:30.684] [bbotk] Result of batch 8:
INFO  [17:10:30.686] [bbotk]  nrounds      eta max_depth classif.ce warnings errors runtime_learners
INFO  [17:10:30.686] [bbotk]       55 0.286064         8 0.07114042        0      0            0.155
INFO  [17:10:30.686] [bbotk]                                 uhash
INFO  [17:10:30.686] [bbotk]  340dc96f-cf65-4895-944f-149267b1936e
INFO  [17:10:30.697] [bbotk] Evaluating 1 configuration(s)
INFO  [17:10:31.126] [bbotk] Result of batch 9:
INFO  [17:10:31.127] [bbotk]  nrounds       eta max_depth classif.ce warnings errors runtime_learners
INFO  [17:10:31.127] [bbotk]      132 0.2081278         7 0.07414041        0      0            0.399
INFO  [17:10:31.127] [bbotk]                                 uhash
INFO  [17:10:31.127] [bbotk]  715ddb43-73c1-4027-b0da-8d2131a6d33f
INFO  [17:10:31.131] [bbotk] Evaluating 1 configuration(s)
INFO  [17:10:31.464] [bbotk] Result of batch 10:
INFO  [17:10:31.465] [bbotk]  nrounds       eta max_depth classif.ce warnings errors runtime_learners
INFO  [17:10:31.465] [bbotk]       90 0.1832126         6 0.07013339        0      0              0.3
INFO  [17:10:31.465] [bbotk]                                 uhash
INFO  [17:10:31.465] [bbotk]  762da8f8-1d15-44ad-b245-80494dee44b5
INFO  [17:10:31.479] [bbotk] Finished optimizing after 10 evaluation(s)
INFO  [17:10:31.480] [bbotk] Result:
INFO  [17:10:31.481] [bbotk]  nrounds        eta max_depth learner_param_vals  x_domain classif.ce
INFO  [17:10:31.481] [bbotk]    <int>      <num>     <int>             <list>    <list>      <num>
INFO  [17:10:31.481] [bbotk]      238 0.06172759         3          <list[5]> <list[3]> 0.06912937

### [bt]: Job terminated successfully [batchtools job.id=2311]
### [bt]: Starting job [batchtools job.id=2312]
### [bt]: Generating problem instance for problem 'a63d756aec4c60c1' ...
### [bt]: Applying algorithm 'run_learner' on problem 'a63d756aec4c60c1' for job 2312 (seed = 2313) ...
INFO  [17:10:32.684] [mlr3] Applying learner 'classif.xgboost.tuned_calib.tunefirst.perfold_platt' on task 'pc1' (iter 2/10)
INFO  [17:10:32.750] [bbotk] Starting to optimize 3 parameter(s) with '<OptimizerBatchRandomSearch>' and '<TerminatorEvals> [n_evals=10, k=0]'
INFO  [17:10:32.767] [bbotk] Evaluating 1 configuration(s)
INFO  [17:10:33.457] [bbotk] Result of batch 1:
INFO  [17:10:33.458] [bbotk]  nrounds       eta max_depth classif.ce warnings errors runtime_learners
INFO  [17:10:33.458] [bbotk]      259 0.1575228         5 0.06812535        0      0            0.646
INFO  [17:10:33.458] [bbotk]                                 uhash
INFO  [17:10:33.458] [bbotk]  e8f8aae9-f6ac-450c-b0a8-ca35cedbb9b6
INFO  [17:10:33.465] [bbotk] Evaluating 1 configuration(s)
INFO  [17:10:34.010] [bbotk] Result of batch 2:
INFO  [17:10:34.012] [bbotk]  nrounds        eta max_depth classif.ce warnings errors runtime_learners
INFO  [17:10:34.012] [bbotk]      143 0.05894251         8 0.06712435        0      0            0.504
INFO  [17:10:34.012] [bbotk]                                 uhash
INFO  [17:10:34.012] [bbotk]  1a5f51a3-7994-4c4a-a30d-e8ab0ede7236
INFO  [17:10:34.019] [bbotk] Evaluating 1 configuration(s)
INFO  [17:10:34.449] [bbotk] Result of batch 3:
INFO  [17:10:34.451] [bbotk]  nrounds       eta max_depth classif.ce warnings errors runtime_learners
INFO  [17:10:34.451] [bbotk]      158 0.2678279         7 0.07113439        0      0             0.39
INFO  [17:10:34.451] [bbotk]                                 uhash
INFO  [17:10:34.451] [bbotk]  c2e7822e-dce1-4190-8c3c-9d43bf41d903
INFO  [17:10:34.460] [bbotk] Evaluating 1 configuration(s)
INFO  [17:10:35.291] [bbotk] Result of batch 4:
INFO  [17:10:35.292] [bbotk]  nrounds        eta max_depth classif.ce warnings errors runtime_learners
INFO  [17:10:35.292] [bbotk]      236 0.02864654         8 0.06712435        0      0            0.789
INFO  [17:10:35.292] [bbotk]                                 uhash
INFO  [17:10:35.292] [bbotk]  5fa1d3e5-ad9b-4e6d-997f-79a005c87510
INFO  [17:10:35.296] [bbotk] Evaluating 1 configuration(s)
INFO  [17:10:35.586] [bbotk] Result of batch 5:
INFO  [17:10:35.591] [bbotk]  nrounds        eta max_depth classif.ce warnings errors runtime_learners
INFO  [17:10:35.591] [bbotk]       91 0.07083848         5 0.06511632        0      0            0.249
INFO  [17:10:35.591] [bbotk]                                 uhash
INFO  [17:10:35.591] [bbotk]  05f0d73e-6572-417a-a199-23ab8746d7af
INFO  [17:10:35.595] [bbotk] Evaluating 1 configuration(s)
INFO  [17:10:36.048] [bbotk] Result of batch 6:
INFO  [17:10:36.050] [bbotk]  nrounds       eta max_depth classif.ce warnings errors runtime_learners
INFO  [17:10:36.050] [bbotk]      157 0.2760881         5 0.06812234        0      0            0.399
INFO  [17:10:36.050] [bbotk]                                 uhash
INFO  [17:10:36.050] [bbotk]  adeadf41-907d-4424-abd4-8632e4b28c4b
INFO  [17:10:36.055] [bbotk] Evaluating 1 configuration(s)
INFO  [17:10:36.406] [bbotk] Result of batch 7:
INFO  [17:10:36.407] [bbotk]  nrounds       eta max_depth classif.ce warnings errors runtime_learners
INFO  [17:10:36.407] [bbotk]      241 0.1100923         2 0.06511331        0      0            0.288
INFO  [17:10:36.407] [bbotk]                                 uhash
INFO  [17:10:36.407] [bbotk]  e89fcd73-8f07-405a-b1f9-655d3c315a7b
INFO  [17:10:36.411] [bbotk] Evaluating 1 configuration(s)
INFO  [17:10:37.138] [bbotk] Result of batch 8:
INFO  [17:10:37.140] [bbotk]  nrounds        eta max_depth classif.ce warnings errors runtime_learners
INFO  [17:10:37.140] [bbotk]      250 0.05208544         5 0.06812837        0      0             0.69
INFO  [17:10:37.140] [bbotk]                                 uhash
INFO  [17:10:37.140] [bbotk]  43402f7f-1051-4eda-b186-84a13e1b243a
INFO  [17:10:37.145] [bbotk] Evaluating 1 configuration(s)
INFO  [17:10:37.764] [bbotk] Result of batch 9:
INFO  [17:10:37.764] [bbotk]  nrounds       eta max_depth classif.ce warnings errors runtime_learners
INFO  [17:10:37.764] [bbotk]      288 0.2275381         7 0.06812234        0      0             0.59
INFO  [17:10:37.764] [bbotk]                                 uhash
INFO  [17:10:37.764] [bbotk]  fb414515-8355-474b-a0a8-e0e369bdfc98
INFO  [17:10:37.768] [bbotk] Evaluating 1 configuration(s)
INFO  [17:10:38.090] [bbotk] Result of batch 10:
INFO  [17:10:38.092] [bbotk]  nrounds        eta max_depth classif.ce warnings errors runtime_learners
INFO  [17:10:38.092] [bbotk]      222 0.02256678         4 0.06812535        0      0            0.293
INFO  [17:10:38.092] [bbotk]                                 uhash
INFO  [17:10:38.092] [bbotk]  f18b8da2-40d0-47b8-8418-60783c446e56
INFO  [17:10:38.102] [bbotk] Finished optimizing after 10 evaluation(s)
INFO  [17:10:38.102] [bbotk] Result:
INFO  [17:10:38.103] [bbotk]  nrounds       eta max_depth learner_param_vals  x_domain classif.ce
INFO  [17:10:38.103] [bbotk]    <int>     <num>     <int>             <list>    <list>      <num>
INFO  [17:10:38.103] [bbotk]      241 0.1100923         2          <list[5]> <list[3]> 0.06511331

### [bt]: Job terminated successfully [batchtools job.id=2312]
### [bt]: Starting job [batchtools job.id=2313]
### [bt]: Generating problem instance for problem 'a63d756aec4c60c1' ...
### [bt]: Applying algorithm 'run_learner' on problem 'a63d756aec4c60c1' for job 2313 (seed = 2314) ...
INFO  [17:10:39.033] [mlr3] Applying learner 'classif.xgboost.tuned_calib.tunefirst.perfold_platt' on task 'pc1' (iter 3/10)
INFO  [17:10:39.085] [bbotk] Starting to optimize 3 parameter(s) with '<OptimizerBatchRandomSearch>' and '<TerminatorEvals> [n_evals=10, k=0]'
INFO  [17:10:39.105] [bbotk] Evaluating 1 configuration(s)
INFO  [17:10:39.395] [bbotk] Result of batch 1:
INFO  [17:10:39.396] [bbotk]  nrounds       eta max_depth classif.ce warnings errors runtime_learners
INFO  [17:10:39.396] [bbotk]       84 0.1115933         5 0.06513743        0      0            0.243
INFO  [17:10:39.396] [bbotk]                                 uhash
INFO  [17:10:39.396] [bbotk]  2b6d3dbb-f85c-4c4a-95f1-961f298fcc8b
INFO  [17:10:39.405] [bbotk] Evaluating 1 configuration(s)
INFO  [17:10:39.614] [bbotk] Result of batch 2:
INFO  [17:10:39.615] [bbotk]  nrounds      eta max_depth classif.ce warnings errors runtime_learners
INFO  [17:10:39.615] [bbotk]       91 0.138625         3 0.06212839        0      0            0.167
INFO  [17:10:39.615] [bbotk]                                 uhash
INFO  [17:10:39.615] [bbotk]  87bc769c-9e02-4744-ada4-b2f39dcee897
INFO  [17:10:39.624] [bbotk] Evaluating 1 configuration(s)
INFO  [17:10:40.191] [bbotk] Result of batch 3:
INFO  [17:10:40.192] [bbotk]  nrounds       eta max_depth classif.ce warnings errors runtime_learners
INFO  [17:10:40.192] [bbotk]      248 0.1886922         4 0.06713943        0      0            0.523
INFO  [17:10:40.192] [bbotk]                                 uhash
INFO  [17:10:40.192] [bbotk]  2f4be348-22d9-4dda-afd5-e307eef6c9d1
INFO  [17:10:40.197] [bbotk] Evaluating 1 configuration(s)
INFO  [17:10:40.548] [bbotk] Result of batch 4:
INFO  [17:10:40.549] [bbotk]  nrounds       eta max_depth classif.ce warnings errors runtime_learners
INFO  [17:10:40.549] [bbotk]      222 0.1187872         2 0.06615049        0      0            0.297
INFO  [17:10:40.549] [bbotk]                                 uhash
INFO  [17:10:40.549] [bbotk]  0c1066c5-1325-4c1e-854c-2ad5d5309ef9
INFO  [17:10:40.555] [bbotk] Evaluating 1 configuration(s)
INFO  [17:10:41.186] [bbotk] Result of batch 5:
INFO  [17:10:41.191] [bbotk]  nrounds       eta max_depth classif.ce warnings errors runtime_learners
INFO  [17:10:41.191] [bbotk]      224 0.2221637         6 0.06713943        0      0            0.594
INFO  [17:10:41.191] [bbotk]                                 uhash
INFO  [17:10:41.191] [bbotk]  4e01bbe5-bad6-4793-8415-3b6eb9f1d065
INFO  [17:10:41.203] [bbotk] Evaluating 1 configuration(s)
INFO  [17:10:41.532] [bbotk] Result of batch 6:
INFO  [17:10:41.533] [bbotk]  nrounds      eta max_depth classif.ce warnings errors runtime_learners
INFO  [17:10:41.533] [bbotk]       92 0.281164        10 0.06814646        0      0            0.287
INFO  [17:10:41.533] [bbotk]                                 uhash
INFO  [17:10:41.533] [bbotk]  89ed3753-00f1-4ac0-873d-9d522d6ca976
INFO  [17:10:41.544] [bbotk] Evaluating 1 configuration(s)
INFO  [17:10:42.350] [bbotk] Result of batch 7:
INFO  [17:10:42.353] [bbotk]  nrounds     eta max_depth classif.ce warnings errors runtime_learners
INFO  [17:10:42.353] [bbotk]      229 0.20124         7 0.06814646        0      0             0.76
INFO  [17:10:42.353] [bbotk]                                 uhash
INFO  [17:10:42.353] [bbotk]  8e88009c-72a6-484f-a87f-5850a8602368
INFO  [17:10:42.364] [bbotk] Evaluating 1 configuration(s)
INFO  [17:10:43.104] [bbotk] Result of batch 8:
INFO  [17:10:43.106] [bbotk]  nrounds       eta max_depth classif.ce warnings errors runtime_learners
INFO  [17:10:43.106] [bbotk]      278 0.2148257         8 0.06814646        0      0            0.683
INFO  [17:10:43.106] [bbotk]                                 uhash
INFO  [17:10:43.106] [bbotk]  c57ac7f5-21b3-4485-b3ac-97617ac037ce
INFO  [17:10:43.119] [bbotk] Evaluating 1 configuration(s)
INFO  [17:10:43.638] [bbotk] Result of batch 9:
INFO  [17:10:43.643] [bbotk]  nrounds       eta max_depth classif.ce warnings errors runtime_learners
INFO  [17:10:43.643] [bbotk]      147 0.1700651         7 0.06814043        0      0             0.47
INFO  [17:10:43.643] [bbotk]                                 uhash
INFO  [17:10:43.643] [bbotk]  b46b9de2-fcd7-4f80-a554-70c72c1be644
INFO  [17:10:43.657] [bbotk] Evaluating 1 configuration(s)
INFO  [17:10:43.937] [bbotk] Result of batch 10:
INFO  [17:10:43.939] [bbotk]  nrounds       eta max_depth classif.ce warnings errors runtime_learners
INFO  [17:10:43.939] [bbotk]       58 0.2037954         8 0.06513743        0      0            0.232
INFO  [17:10:43.939] [bbotk]                                 uhash
INFO  [17:10:43.939] [bbotk]  b70fbcfd-88be-43cc-80c5-ef2eed25da3a
INFO  [17:10:43.955] [bbotk] Finished optimizing after 10 evaluation(s)
INFO  [17:10:43.955] [bbotk] Result:
INFO  [17:10:43.956] [bbotk]  nrounds      eta max_depth learner_param_vals  x_domain classif.ce
INFO  [17:10:43.956] [bbotk]    <int>    <num>     <int>             <list>    <list>      <num>
INFO  [17:10:43.956] [bbotk]       91 0.138625         3          <list[5]> <list[3]> 0.06212839

### [bt]: Job terminated successfully [batchtools job.id=2313]
### [bt]: Starting job [batchtools job.id=2314]
### [bt]: Generating problem instance for problem 'a63d756aec4c60c1' ...
### [bt]: Applying algorithm 'run_learner' on problem 'a63d756aec4c60c1' for job 2314 (seed = 2315) ...
INFO  [17:10:44.562] [mlr3] Applying learner 'classif.xgboost.tuned_calib.tunefirst.perfold_platt' on task 'pc1' (iter 4/10)
INFO  [17:10:44.597] [bbotk] Starting to optimize 3 parameter(s) with '<OptimizerBatchRandomSearch>' and '<TerminatorEvals> [n_evals=10, k=0]'
INFO  [17:10:44.610] [bbotk] Evaluating 1 configuration(s)
INFO  [17:10:45.190] [bbotk] Result of batch 1:
INFO  [17:10:45.191] [bbotk]  nrounds       eta max_depth classif.ce warnings errors runtime_learners
INFO  [17:10:45.191] [bbotk]      184 0.0411145         6 0.06314145        0      0            0.529
INFO  [17:10:45.191] [bbotk]                                 uhash
INFO  [17:10:45.191] [bbotk]  d3394c8f-a6f4-4a14-a904-8051218409b1
INFO  [17:10:45.198] [bbotk] Evaluating 1 configuration(s)
INFO  [17:10:45.886] [bbotk] Result of batch 2:
INFO  [17:10:45.890] [bbotk]  nrounds        eta max_depth classif.ce warnings errors runtime_learners
INFO  [17:10:45.890] [bbotk]      170 0.01813076        10 0.06313844        0      0            0.635
INFO  [17:10:45.890] [bbotk]                                 uhash
INFO  [17:10:45.890] [bbotk]  92dff815-89cb-46b6-b41f-b94257f47b78
INFO  [17:10:45.901] [bbotk] Evaluating 1 configuration(s)
INFO  [17:10:46.079] [bbotk] Result of batch 3:
INFO  [17:10:46.080] [bbotk]  nrounds       eta max_depth classif.ce warnings errors runtime_learners
INFO  [17:10:46.080] [bbotk]       55 0.2123015         3 0.06513743        0      0            0.117
INFO  [17:10:46.080] [bbotk]                                 uhash
INFO  [17:10:46.080] [bbotk]  3322bf3c-7f84-4a0d-807f-00aa96b3bad1
INFO  [17:10:46.085] [bbotk] Evaluating 1 configuration(s)
INFO  [17:10:46.822] [bbotk] Result of batch 4:
INFO  [17:10:46.823] [bbotk]  nrounds        eta max_depth classif.ce warnings errors runtime_learners
INFO  [17:10:46.823] [bbotk]      234 0.04701974         6 0.06614446        0      0            0.694
INFO  [17:10:46.823] [bbotk]                                 uhash
INFO  [17:10:46.823] [bbotk]  9f97f9b7-30db-472f-a518-c12e575688d6
INFO  [17:10:46.832] [bbotk] Evaluating 1 configuration(s)
INFO  [17:10:47.469] [bbotk] Result of batch 5:
INFO  [17:10:47.470] [bbotk]  nrounds        eta max_depth classif.ce warnings errors runtime_learners
INFO  [17:10:47.470] [bbotk]      204 0.03856785         5 0.06413944        0      0            0.559
INFO  [17:10:47.470] [bbotk]                                 uhash
INFO  [17:10:47.470] [bbotk]  470ab415-c695-484a-a7d0-d048c44e8c56
INFO  [17:10:47.474] [bbotk] Evaluating 1 configuration(s)
INFO  [17:10:48.449] [bbotk] Result of batch 6:
INFO  [17:10:48.450] [bbotk]  nrounds        eta max_depth classif.ce warnings errors runtime_learners
INFO  [17:10:48.450] [bbotk]      284 0.06011455         9 0.06814646        0      0            0.921
INFO  [17:10:48.450] [bbotk]                                 uhash
INFO  [17:10:48.450] [bbotk]  27a57b7e-2e7c-4dfc-9c55-402b12c6417a
INFO  [17:10:48.461] [bbotk] Evaluating 1 configuration(s)
INFO  [17:10:48.783] [bbotk] Result of batch 7:
INFO  [17:10:48.784] [bbotk]  nrounds       eta max_depth classif.ce warnings errors runtime_learners
INFO  [17:10:48.784] [bbotk]       93 0.1720415        10 0.07014846        0      0            0.286
INFO  [17:10:48.784] [bbotk]                                 uhash
INFO  [17:10:48.784] [bbotk]  a571c381-0de0-4e4a-a5b3-7a232803b518
INFO  [17:10:48.791] [bbotk] Evaluating 1 configuration(s)
INFO  [17:10:49.454] [bbotk] Result of batch 8:
INFO  [17:10:49.457] [bbotk]  nrounds        eta max_depth classif.ce warnings errors runtime_learners
INFO  [17:10:49.457] [bbotk]      245 0.01506269         5 0.06214045        0      0            0.628
INFO  [17:10:49.457] [bbotk]                                 uhash
INFO  [17:10:49.457] [bbotk]  69a8fa06-3b9b-4a12-9340-e24395f294bc
INFO  [17:10:49.468] [bbotk] Evaluating 1 configuration(s)
INFO  [17:10:49.740] [bbotk] Result of batch 9:
INFO  [17:10:49.742] [bbotk]  nrounds       eta max_depth classif.ce warnings errors runtime_learners
INFO  [17:10:49.742] [bbotk]       78 0.2432582         9 0.07014545        0      0            0.221
INFO  [17:10:49.742] [bbotk]                                 uhash
INFO  [17:10:49.742] [bbotk]  dedbdfda-2215-4b25-befa-647d9b850f6c
INFO  [17:10:49.751] [bbotk] Evaluating 1 configuration(s)
INFO  [17:10:50.343] [bbotk] Result of batch 10:
INFO  [17:10:50.345] [bbotk]  nrounds      eta max_depth classif.ce warnings errors runtime_learners
INFO  [17:10:50.345] [bbotk]      223 0.225249         7 0.06814947        0      0            0.543
INFO  [17:10:50.345] [bbotk]                                 uhash
INFO  [17:10:50.345] [bbotk]  d3550639-e776-4239-be84-f54a5fa4cb65
INFO  [17:10:50.357] [bbotk] Finished optimizing after 10 evaluation(s)
INFO  [17:10:50.357] [bbotk] Result:
INFO  [17:10:50.358] [bbotk]  nrounds        eta max_depth learner_param_vals  x_domain classif.ce
INFO  [17:10:50.358] [bbotk]    <int>      <num>     <int>             <list>    <list>      <num>
INFO  [17:10:50.358] [bbotk]      245 0.01506269         5          <list[5]> <list[3]> 0.06214045

### [bt]: Job terminated successfully [batchtools job.id=2314]
### [bt]: Starting job [batchtools job.id=2315]
### [bt]: Generating problem instance for problem 'a63d756aec4c60c1' ...
### [bt]: Applying algorithm 'run_learner' on problem 'a63d756aec4c60c1' for job 2315 (seed = 2316) ...
INFO  [17:10:51.942] [mlr3] Applying learner 'classif.xgboost.tuned_calib.tunefirst.perfold_platt' on task 'pc1' (iter 5/10)
INFO  [17:10:51.983] [bbotk] Starting to optimize 3 parameter(s) with '<OptimizerBatchRandomSearch>' and '<TerminatorEvals> [n_evals=10, k=0]'
INFO  [17:10:52.005] [bbotk] Evaluating 1 configuration(s)
INFO  [17:10:52.302] [bbotk] Result of batch 1:
INFO  [17:10:52.303] [bbotk]  nrounds       eta max_depth classif.ce warnings errors runtime_learners
INFO  [17:10:52.303] [bbotk]      213 0.2758595         2 0.07315749        0      0            0.258
INFO  [17:10:52.303] [bbotk]                                 uhash
INFO  [17:10:52.303] [bbotk]  9a842d16-442b-40eb-a49a-85a63fb8659d
INFO  [17:10:52.312] [bbotk] Evaluating 1 configuration(s)
INFO  [17:10:52.718] [bbotk] Result of batch 2:
INFO  [17:10:52.719] [bbotk]  nrounds       eta max_depth classif.ce warnings errors runtime_learners
INFO  [17:10:52.719] [bbotk]      178 0.1764003         5 0.06613843        0      0            0.363
INFO  [17:10:52.719] [bbotk]                                 uhash
INFO  [17:10:52.719] [bbotk]  5971e595-0750-4359-bcf4-8528cc50a0e6
INFO  [17:10:52.723] [bbotk] Evaluating 1 configuration(s)
INFO  [17:10:53.361] [bbotk] Result of batch 3:
INFO  [17:10:53.362] [bbotk]  nrounds       eta max_depth classif.ce warnings errors runtime_learners
INFO  [17:10:53.362] [bbotk]      277 0.2384879         9 0.06613843        0      0            0.601
INFO  [17:10:53.362] [bbotk]                                 uhash
INFO  [17:10:53.362] [bbotk]  eb99c819-4416-4739-a12d-2837438eb068
INFO  [17:10:53.367] [bbotk] Evaluating 1 configuration(s)
INFO  [17:10:54.010] [bbotk] Result of batch 4:
INFO  [17:10:54.018] [bbotk]  nrounds       eta max_depth classif.ce warnings errors runtime_learners
INFO  [17:10:54.018] [bbotk]      290 0.1861696         5 0.06713943        0      0            0.605
INFO  [17:10:54.018] [bbotk]                                 uhash
INFO  [17:10:54.018] [bbotk]  71a0acdd-ecd7-46ee-8171-37f49d48b1b4
INFO  [17:10:54.032] [bbotk] Evaluating 1 configuration(s)
INFO  [17:10:54.381] [bbotk] Result of batch 5:
INFO  [17:10:54.382] [bbotk]  nrounds       eta max_depth classif.ce warnings errors runtime_learners
INFO  [17:10:54.382] [bbotk]      221 0.2783422         3  0.0661324        0      0            0.313
INFO  [17:10:54.382] [bbotk]                                 uhash
INFO  [17:10:54.382] [bbotk]  4c7aa87e-d057-4b54-b78f-6853939bf9db
INFO  [17:10:54.389] [bbotk] Evaluating 1 configuration(s)
INFO  [17:10:54.642] [bbotk] Result of batch 6:
INFO  [17:10:54.643] [bbotk]  nrounds       eta max_depth classif.ce warnings errors runtime_learners
INFO  [17:10:54.643] [bbotk]       60 0.1020534        10 0.06213744        0      0            0.207
INFO  [17:10:54.643] [bbotk]                                 uhash
INFO  [17:10:54.643] [bbotk]  f690ff03-a60f-45e1-850c-5b61601906f9
INFO  [17:10:54.647] [bbotk] Evaluating 1 configuration(s)
INFO  [17:10:54.932] [bbotk] Result of batch 7:
INFO  [17:10:54.933] [bbotk]  nrounds      eta max_depth classif.ce warnings errors runtime_learners
INFO  [17:10:54.933] [bbotk]      151 0.274834         3 0.06612938        0      0            0.247
INFO  [17:10:54.933] [bbotk]                                 uhash
INFO  [17:10:54.933] [bbotk]  48d69b03-e379-44cf-a35b-fc3b5ca0c068
INFO  [17:10:54.937] [bbotk] Evaluating 1 configuration(s)
INFO  [17:10:55.194] [bbotk] Result of batch 8:
INFO  [17:10:55.196] [bbotk]  nrounds       eta max_depth classif.ce warnings errors runtime_learners
INFO  [17:10:55.196] [bbotk]       63 0.2793672         7 0.06614144        0      0            0.217
INFO  [17:10:55.196] [bbotk]                                 uhash
INFO  [17:10:55.196] [bbotk]  0ccacb98-b46a-4d8e-a2ae-572dcedaec4f
INFO  [17:10:55.206] [bbotk] Evaluating 1 configuration(s)
INFO  [17:10:55.769] [bbotk] Result of batch 9:
INFO  [17:10:55.774] [bbotk]  nrounds       eta max_depth classif.ce warnings errors runtime_learners
INFO  [17:10:55.774] [bbotk]      294 0.2671298         4 0.06814043        0      0            0.517
INFO  [17:10:55.774] [bbotk]                                 uhash
INFO  [17:10:55.774] [bbotk]  21a77ee5-92d0-44e6-8391-a1478768f681
INFO  [17:10:55.783] [bbotk] Evaluating 1 configuration(s)
INFO  [17:10:56.119] [bbotk] Result of batch 10:
INFO  [17:10:56.120] [bbotk]  nrounds       eta max_depth classif.ce warnings errors runtime_learners
INFO  [17:10:56.120] [bbotk]      105 0.2099154         7 0.06814646        0      0            0.294
INFO  [17:10:56.120] [bbotk]                                 uhash
INFO  [17:10:56.120] [bbotk]  1402c056-3995-4b46-af91-ff48a76faf4a
INFO  [17:10:56.128] [bbotk] Finished optimizing after 10 evaluation(s)
INFO  [17:10:56.128] [bbotk] Result:
INFO  [17:10:56.130] [bbotk]  nrounds       eta max_depth learner_param_vals  x_domain classif.ce
INFO  [17:10:56.130] [bbotk]    <int>     <num>     <int>             <list>    <list>      <num>
INFO  [17:10:56.130] [bbotk]       60 0.1020534        10          <list[5]> <list[3]> 0.06213744

### [bt]: Job terminated successfully [batchtools job.id=2315]
### [bt]: Calculation finished!
