### [bt]: This is batchtools v0.9.17
### [bt]: Starting calculation of 5 jobs
### [bt]: Setting working directory to '/Users/User/Documents/Studium/Semester8/Hiwi/mlr3calibration/vignettes'
### [bt]: Memory measurement disabled
### [bt]: Starting job [batchtools job.id=2386]
### [bt]: Generating problem instance for problem '34d90df810f60583' ...
### [bt]: Applying algorithm 'run_learner' on problem '34d90df810f60583' for job 2386 (seed = 2387) ...
INFO  [17:11:17.286] [mlr3] Applying learner 'classif.naive_bayes.tuned_calib.perfold_platt' on task 'phoneme' (iter 6/10)
INFO  [17:11:17.318] [bbotk] Starting to optimize 1 parameter(s) with '<OptimizerBatchRandomSearch>' and '<TerminatorEvals> [n_evals=3, k=0]'
INFO  [17:11:17.322] [bbotk] Evaluating 1 configuration(s)
INFO  [17:11:17.561] [bbotk] Result of batch 1:
INFO  [17:11:17.562] [bbotk]    laplace classif.ce warnings errors runtime_learners
INFO  [17:11:17.562] [bbotk]  0.3466934  0.2359291        0      0            0.193
INFO  [17:11:17.562] [bbotk]                                 uhash
INFO  [17:11:17.562] [bbotk]  926f5528-409d-433d-9a70-93bf0488defe
INFO  [17:11:17.566] [bbotk] Evaluating 1 configuration(s)
INFO  [17:11:17.941] [bbotk] Result of batch 2:
INFO  [17:11:17.946] [bbotk]    laplace classif.ce warnings errors runtime_learners
INFO  [17:11:17.946] [bbotk]  0.4920281  0.2359291        0      0            0.322
INFO  [17:11:17.946] [bbotk]                                 uhash
INFO  [17:11:17.946] [bbotk]  e2d32a1b-ebdb-47ca-84b4-9e6182397b15
INFO  [17:11:17.949] [bbotk] Evaluating 1 configuration(s)
INFO  [17:11:18.326] [bbotk] Result of batch 3:
INFO  [17:11:18.327] [bbotk]    laplace classif.ce warnings errors runtime_learners
INFO  [17:11:18.327] [bbotk]  0.7216922  0.2359291        0      0            0.311
INFO  [17:11:18.327] [bbotk]                                 uhash
INFO  [17:11:18.327] [bbotk]  9b9253e2-d224-4d9c-a5fd-353e24a815c5
INFO  [17:11:18.339] [bbotk] Finished optimizing after 3 evaluation(s)
INFO  [17:11:18.340] [bbotk] Result:
INFO  [17:11:18.342] [bbotk]    laplace learner_param_vals  x_domain classif.ce
INFO  [17:11:18.342] [bbotk]      <num>             <list>    <list>      <num>
INFO  [17:11:18.342] [bbotk]  0.3466934          <list[1]> <list[1]>  0.2359291
INFO  [17:11:18.487] [bbotk] Starting to optimize 1 parameter(s) with '<OptimizerBatchRandomSearch>' and '<TerminatorEvals> [n_evals=3, k=0]'
INFO  [17:11:18.494] [bbotk] Evaluating 1 configuration(s)
INFO  [17:11:18.883] [bbotk] Result of batch 1:
INFO  [17:11:18.889] [bbotk]     laplace classif.ce warnings errors runtime_learners
INFO  [17:11:18.889] [bbotk]  0.08444604  0.2508353        0      0            0.311
INFO  [17:11:18.889] [bbotk]                                 uhash
INFO  [17:11:18.889] [bbotk]  6935a638-00e8-4c1c-9bb3-adc3397312bb
INFO  [17:11:18.897] [bbotk] Evaluating 1 configuration(s)
INFO  [17:11:19.279] [bbotk] Result of batch 2:
INFO  [17:11:19.280] [bbotk]    laplace classif.ce warnings errors runtime_learners
INFO  [17:11:19.280] [bbotk]  0.2329603  0.2508353        0      0            0.317
INFO  [17:11:19.280] [bbotk]                                 uhash
INFO  [17:11:19.280] [bbotk]  853e02c3-c660-4327-b90b-6d512ff1f0ab
INFO  [17:11:19.283] [bbotk] Evaluating 1 configuration(s)
INFO  [17:11:19.671] [bbotk] Result of batch 3:
INFO  [17:11:19.672] [bbotk]    laplace classif.ce warnings errors runtime_learners
INFO  [17:11:19.672] [bbotk]  0.6842796  0.2508353        0      0            0.297
INFO  [17:11:19.672] [bbotk]                                 uhash
INFO  [17:11:19.672] [bbotk]  34c79ef7-116a-4e08-8f1b-50201401d9f9
INFO  [17:11:19.685] [bbotk] Finished optimizing after 3 evaluation(s)
INFO  [17:11:19.685] [bbotk] Result:
INFO  [17:11:19.687] [bbotk]     laplace learner_param_vals  x_domain classif.ce
INFO  [17:11:19.687] [bbotk]       <num>             <list>    <list>      <num>
INFO  [17:11:19.687] [bbotk]  0.08444604          <list[1]> <list[1]>  0.2508353
INFO  [17:11:19.827] [bbotk] Starting to optimize 1 parameter(s) with '<OptimizerBatchRandomSearch>' and '<TerminatorEvals> [n_evals=3, k=0]'
INFO  [17:11:19.839] [bbotk] Evaluating 1 configuration(s)
INFO  [17:11:20.221] [bbotk] Result of batch 1:
INFO  [17:11:20.225] [bbotk]     laplace classif.ce warnings errors runtime_learners
INFO  [17:11:20.225] [bbotk]  0.05767232  0.2428682        0      0            0.309
INFO  [17:11:20.225] [bbotk]                                 uhash
INFO  [17:11:20.225] [bbotk]  b9e9d6f5-b95c-4a7a-ac7a-c5c3498402ed
INFO  [17:11:20.237] [bbotk] Evaluating 1 configuration(s)
INFO  [17:11:20.609] [bbotk] Result of batch 2:
INFO  [17:11:20.611] [bbotk]     laplace classif.ce warnings errors runtime_learners
INFO  [17:11:20.611] [bbotk]  0.05504546  0.2428682        0      0            0.317
INFO  [17:11:20.611] [bbotk]                                 uhash
INFO  [17:11:20.611] [bbotk]  f7219e76-35ea-43bf-9bab-f8b3e9be5f8a
INFO  [17:11:20.619] [bbotk] Evaluating 1 configuration(s)
INFO  [17:11:21.339] [bbotk] Result of batch 3:
INFO  [17:11:21.339] [bbotk]   laplace classif.ce warnings errors runtime_learners
INFO  [17:11:21.339] [bbotk]  0.271779  0.2428682        0      0             0.67
INFO  [17:11:21.339] [bbotk]                                 uhash
INFO  [17:11:21.339] [bbotk]  424309cf-be08-4abc-ad48-66e6a139b4e1
INFO  [17:11:21.345] [bbotk] Finished optimizing after 3 evaluation(s)
INFO  [17:11:21.346] [bbotk] Result:
INFO  [17:11:21.346] [bbotk]     laplace learner_param_vals  x_domain classif.ce
INFO  [17:11:21.346] [bbotk]       <num>             <list>    <list>      <num>
INFO  [17:11:21.346] [bbotk]  0.05767232          <list[1]> <list[1]>  0.2428682
INFO  [17:11:21.461] [bbotk] Starting to optimize 1 parameter(s) with '<OptimizerBatchRandomSearch>' and '<TerminatorEvals> [n_evals=3, k=0]'
INFO  [17:11:21.471] [bbotk] Evaluating 1 configuration(s)
INFO  [17:11:21.759] [bbotk] Result of batch 1:
INFO  [17:11:21.760] [bbotk]     laplace classif.ce warnings errors runtime_learners
INFO  [17:11:21.760] [bbotk]  0.01117158  0.2418401        0      0            0.254
INFO  [17:11:21.760] [bbotk]                                 uhash
INFO  [17:11:21.760] [bbotk]  dbf89a74-b696-4c9e-8ac3-a37d98c09d9a
INFO  [17:11:21.762] [bbotk] Evaluating 1 configuration(s)
INFO  [17:11:22.036] [bbotk] Result of batch 2:
INFO  [17:11:22.037] [bbotk]    laplace classif.ce warnings errors runtime_learners
INFO  [17:11:22.037] [bbotk]  0.6211686  0.2418401        0      0            0.231
INFO  [17:11:22.037] [bbotk]                                 uhash
INFO  [17:11:22.037] [bbotk]  3b6b911c-0cd3-4cc3-bf18-ea3ca7495ec5
INFO  [17:11:22.039] [bbotk] Evaluating 1 configuration(s)
INFO  [17:11:22.285] [bbotk] Result of batch 3:
INFO  [17:11:22.287] [bbotk]     laplace classif.ce warnings errors runtime_learners
INFO  [17:11:22.287] [bbotk]  0.08056662  0.2418401        0      0            0.197
INFO  [17:11:22.287] [bbotk]                                 uhash
INFO  [17:11:22.287] [bbotk]  98b643e2-acf3-43df-a271-dbf4016b6dcb
INFO  [17:11:22.303] [bbotk] Finished optimizing after 3 evaluation(s)
INFO  [17:11:22.304] [bbotk] Result:
INFO  [17:11:22.305] [bbotk]     laplace learner_param_vals  x_domain classif.ce
INFO  [17:11:22.305] [bbotk]       <num>             <list>    <list>      <num>
INFO  [17:11:22.305] [bbotk]  0.01117158          <list[1]> <list[1]>  0.2418401
INFO  [17:11:22.403] [bbotk] Starting to optimize 1 parameter(s) with '<OptimizerBatchRandomSearch>' and '<TerminatorEvals> [n_evals=3, k=0]'
INFO  [17:11:22.424] [bbotk] Evaluating 1 configuration(s)
INFO  [17:11:22.716] [bbotk] Result of batch 1:
INFO  [17:11:22.717] [bbotk]    laplace classif.ce warnings errors runtime_learners
INFO  [17:11:22.717] [bbotk]  0.9767263  0.2430596        0      0            0.247
INFO  [17:11:22.717] [bbotk]                                 uhash
INFO  [17:11:22.717] [bbotk]  47d5722b-b321-4e9a-80ef-d5fe552570aa
INFO  [17:11:22.723] [bbotk] Evaluating 1 configuration(s)
INFO  [17:11:23.007] [bbotk] Result of batch 2:
INFO  [17:11:23.009] [bbotk]    laplace classif.ce warnings errors runtime_learners
INFO  [17:11:23.009] [bbotk]  0.7974891  0.2430596        0      0            0.227
INFO  [17:11:23.009] [bbotk]                                 uhash
INFO  [17:11:23.009] [bbotk]  35a259bf-7409-4414-93e3-1f9a820051bf
INFO  [17:11:23.013] [bbotk] Evaluating 1 configuration(s)
INFO  [17:11:23.348] [bbotk] Result of batch 3:
INFO  [17:11:23.349] [bbotk]    laplace classif.ce warnings errors runtime_learners
INFO  [17:11:23.349] [bbotk]  0.4693402  0.2430596        0      0            0.279
INFO  [17:11:23.349] [bbotk]                                 uhash
INFO  [17:11:23.349] [bbotk]  924c169b-b8c9-40a3-ba71-167232352a36
INFO  [17:11:23.360] [bbotk] Finished optimizing after 3 evaluation(s)
INFO  [17:11:23.360] [bbotk] Result:
INFO  [17:11:23.362] [bbotk]    laplace learner_param_vals  x_domain classif.ce
INFO  [17:11:23.362] [bbotk]      <num>             <list>    <list>      <num>
INFO  [17:11:23.362] [bbotk]  0.9767263          <list[1]> <list[1]>  0.2430596

### [bt]: Job terminated successfully [batchtools job.id=2386]
### [bt]: Starting job [batchtools job.id=2387]
### [bt]: Generating problem instance for problem '34d90df810f60583' ...
### [bt]: Applying algorithm 'run_learner' on problem '34d90df810f60583' for job 2387 (seed = 2388) ...
INFO  [17:11:23.835] [mlr3] Applying learner 'classif.naive_bayes.tuned_calib.perfold_platt' on task 'phoneme' (iter 7/10)
INFO  [17:11:23.886] [bbotk] Starting to optimize 1 parameter(s) with '<OptimizerBatchRandomSearch>' and '<TerminatorEvals> [n_evals=3, k=0]'
INFO  [17:11:23.890] [bbotk] Evaluating 1 configuration(s)
INFO  [17:11:24.161] [bbotk] Result of batch 1:
INFO  [17:11:24.161] [bbotk]    laplace classif.ce warnings errors runtime_learners
INFO  [17:11:24.161] [bbotk]  0.2918776  0.2480082        0      0            0.228
INFO  [17:11:24.161] [bbotk]                                 uhash
INFO  [17:11:24.161] [bbotk]  856cf76e-084a-4e23-b781-02ec667a3922
INFO  [17:11:24.164] [bbotk] Evaluating 1 configuration(s)
INFO  [17:11:24.458] [bbotk] Result of batch 2:
INFO  [17:11:24.460] [bbotk]    laplace classif.ce warnings errors runtime_learners
INFO  [17:11:24.460] [bbotk]  0.2200046  0.2480082        0      0             0.25
INFO  [17:11:24.460] [bbotk]                                 uhash
INFO  [17:11:24.460] [bbotk]  c0a4694b-709b-426c-af62-b6f97dcf0d0b
INFO  [17:11:24.466] [bbotk] Evaluating 1 configuration(s)
INFO  [17:11:24.748] [bbotk] Result of batch 3:
INFO  [17:11:24.749] [bbotk]    laplace classif.ce warnings errors runtime_learners
INFO  [17:11:24.749] [bbotk]  0.8943613  0.2480082        0      0            0.244
INFO  [17:11:24.749] [bbotk]                                 uhash
INFO  [17:11:24.749] [bbotk]  87eb44bd-812d-481e-be2f-7b18ab5a79b8
INFO  [17:11:24.762] [bbotk] Finished optimizing after 3 evaluation(s)
INFO  [17:11:24.762] [bbotk] Result:
INFO  [17:11:24.763] [bbotk]    laplace learner_param_vals  x_domain classif.ce
INFO  [17:11:24.763] [bbotk]      <num>             <list>    <list>      <num>
INFO  [17:11:24.763] [bbotk]  0.2918776          <list[1]> <list[1]>  0.2480082
INFO  [17:11:24.870] [bbotk] Starting to optimize 1 parameter(s) with '<OptimizerBatchRandomSearch>' and '<TerminatorEvals> [n_evals=3, k=0]'
INFO  [17:11:24.882] [bbotk] Evaluating 1 configuration(s)
INFO  [17:11:25.213] [bbotk] Result of batch 1:
INFO  [17:11:25.215] [bbotk]    laplace classif.ce warnings errors runtime_learners
INFO  [17:11:25.215] [bbotk]  0.3334148  0.2582884        0      0             0.28
INFO  [17:11:25.215] [bbotk]                                 uhash
INFO  [17:11:25.215] [bbotk]  ca299069-d6af-42b4-8845-a829a7ddb3dd
INFO  [17:11:25.222] [bbotk] Evaluating 1 configuration(s)
INFO  [17:11:25.539] [bbotk] Result of batch 2:
INFO  [17:11:25.540] [bbotk]     laplace classif.ce warnings errors runtime_learners
INFO  [17:11:25.540] [bbotk]  0.09132131  0.2582884        0      0            0.262
INFO  [17:11:25.540] [bbotk]                                 uhash
INFO  [17:11:25.540] [bbotk]  401baff8-58ac-4c4b-964d-b4f631d9b588
INFO  [17:11:25.543] [bbotk] Evaluating 1 configuration(s)
INFO  [17:11:25.849] [bbotk] Result of batch 3:
INFO  [17:11:25.850] [bbotk]    laplace classif.ce warnings errors runtime_learners
INFO  [17:11:25.850] [bbotk]  0.3621981  0.2582884        0      0            0.267
INFO  [17:11:25.850] [bbotk]                                 uhash
INFO  [17:11:25.850] [bbotk]  44f97ebf-cd65-4c9b-ba03-4575b9940ebb
INFO  [17:11:25.868] [bbotk] Finished optimizing after 3 evaluation(s)
INFO  [17:11:25.869] [bbotk] Result:
INFO  [17:11:25.870] [bbotk]    laplace learner_param_vals  x_domain classif.ce
INFO  [17:11:25.870] [bbotk]      <num>             <list>    <list>      <num>
INFO  [17:11:25.870] [bbotk]  0.3334148          <list[1]> <list[1]>  0.2582884
INFO  [17:11:25.973] [bbotk] Starting to optimize 1 parameter(s) with '<OptimizerBatchRandomSearch>' and '<TerminatorEvals> [n_evals=3, k=0]'
INFO  [17:11:25.987] [bbotk] Evaluating 1 configuration(s)
INFO  [17:11:26.318] [bbotk] Result of batch 1:
INFO  [17:11:26.319] [bbotk]    laplace classif.ce warnings errors runtime_learners
INFO  [17:11:26.319] [bbotk]  0.4335401   0.230018        0      0             0.29
INFO  [17:11:26.319] [bbotk]                                 uhash
INFO  [17:11:26.319] [bbotk]  858d4163-bd8c-4b12-affd-7fcde1660246
INFO  [17:11:26.323] [bbotk] Evaluating 1 configuration(s)
INFO  [17:11:26.647] [bbotk] Result of batch 2:
INFO  [17:11:26.647] [bbotk]    laplace classif.ce warnings errors runtime_learners
INFO  [17:11:26.647] [bbotk]  0.3883305   0.230018        0      0             0.27
INFO  [17:11:26.647] [bbotk]                                 uhash
INFO  [17:11:26.647] [bbotk]  caedb69c-6776-473f-9507-2382f91c765e
INFO  [17:11:26.650] [bbotk] Evaluating 1 configuration(s)
INFO  [17:11:26.991] [bbotk] Result of batch 3:
INFO  [17:11:26.992] [bbotk]    laplace classif.ce warnings errors runtime_learners
INFO  [17:11:26.992] [bbotk]  0.5434471   0.230018        0      0             0.28
INFO  [17:11:26.992] [bbotk]                                 uhash
INFO  [17:11:26.992] [bbotk]  a56c44fb-26e8-479a-9c82-6383d0e29ebb
INFO  [17:11:26.998] [bbotk] Finished optimizing after 3 evaluation(s)
INFO  [17:11:27.002] [bbotk] Result:
INFO  [17:11:27.003] [bbotk]    laplace learner_param_vals  x_domain classif.ce
INFO  [17:11:27.003] [bbotk]      <num>             <list>    <list>      <num>
INFO  [17:11:27.003] [bbotk]  0.4335401          <list[1]> <list[1]>   0.230018
INFO  [17:11:27.172] [bbotk] Starting to optimize 1 parameter(s) with '<OptimizerBatchRandomSearch>' and '<TerminatorEvals> [n_evals=3, k=0]'
INFO  [17:11:27.183] [bbotk] Evaluating 1 configuration(s)
INFO  [17:11:27.497] [bbotk] Result of batch 1:
INFO  [17:11:27.498] [bbotk]    laplace classif.ce warnings errors runtime_learners
INFO  [17:11:27.498] [bbotk]  0.6618408  0.2490362        0      0            0.275
INFO  [17:11:27.498] [bbotk]                                 uhash
INFO  [17:11:27.498] [bbotk]  6b729f83-bbcf-4099-9b68-3461a1a1d16c
INFO  [17:11:27.502] [bbotk] Evaluating 1 configuration(s)
INFO  [17:11:27.837] [bbotk] Result of batch 2:
INFO  [17:11:27.838] [bbotk]     laplace classif.ce warnings errors runtime_learners
INFO  [17:11:27.838] [bbotk]  0.04762248  0.2490362        0      0            0.273
INFO  [17:11:27.838] [bbotk]                                 uhash
INFO  [17:11:27.838] [bbotk]  3624fbb3-8cbf-461a-a96b-be54f548985b
INFO  [17:11:27.841] [bbotk] Evaluating 1 configuration(s)
INFO  [17:11:28.173] [bbotk] Result of batch 3:
INFO  [17:11:28.174] [bbotk]    laplace classif.ce warnings errors runtime_learners
INFO  [17:11:28.174] [bbotk]  0.1039225  0.2490362        0      0            0.276
INFO  [17:11:28.174] [bbotk]                                 uhash
INFO  [17:11:28.174] [bbotk]  97a6aa39-e96c-4a87-8b96-57b7cfc225ce
INFO  [17:11:28.189] [bbotk] Finished optimizing after 3 evaluation(s)
INFO  [17:11:28.189] [bbotk] Result:
INFO  [17:11:28.190] [bbotk]    laplace learner_param_vals  x_domain classif.ce
INFO  [17:11:28.190] [bbotk]      <num>             <list>    <list>      <num>
INFO  [17:11:28.190] [bbotk]  0.6618408          <list[1]> <list[1]>  0.2490362
INFO  [17:11:28.292] [bbotk] Starting to optimize 1 parameter(s) with '<OptimizerBatchRandomSearch>' and '<TerminatorEvals> [n_evals=3, k=0]'
INFO  [17:11:28.298] [bbotk] Evaluating 1 configuration(s)
INFO  [17:11:28.621] [bbotk] Result of batch 1:
INFO  [17:11:28.622] [bbotk]    laplace classif.ce warnings errors runtime_learners
INFO  [17:11:28.622] [bbotk]  0.4447035  0.2384391        0      0            0.273
INFO  [17:11:28.622] [bbotk]                                 uhash
INFO  [17:11:28.622] [bbotk]  f1ccf8ae-1968-491f-b0b1-0c12eeb34ca3
INFO  [17:11:28.624] [bbotk] Evaluating 1 configuration(s)
INFO  [17:11:28.999] [bbotk] Result of batch 2:
INFO  [17:11:29.000] [bbotk]   laplace classif.ce warnings errors runtime_learners
INFO  [17:11:29.000] [bbotk]  0.685732  0.2384391        0      0            0.321
INFO  [17:11:29.000] [bbotk]                                 uhash
INFO  [17:11:29.000] [bbotk]  ff54ba8d-2041-460b-b58b-79536b23f4e0
INFO  [17:11:29.002] [bbotk] Evaluating 1 configuration(s)
INFO  [17:11:29.327] [bbotk] Result of batch 3:
INFO  [17:11:29.331] [bbotk]    laplace classif.ce warnings errors runtime_learners
INFO  [17:11:29.331] [bbotk]  0.5489407  0.2384391        0      0            0.257
INFO  [17:11:29.331] [bbotk]                                 uhash
INFO  [17:11:29.331] [bbotk]  42ededeb-9ed2-4cf9-aa9a-e4c3f8d2eef2
INFO  [17:11:29.342] [bbotk] Finished optimizing after 3 evaluation(s)
INFO  [17:11:29.342] [bbotk] Result:
INFO  [17:11:29.343] [bbotk]    laplace learner_param_vals  x_domain classif.ce
INFO  [17:11:29.343] [bbotk]      <num>             <list>    <list>      <num>
INFO  [17:11:29.343] [bbotk]  0.4447035          <list[1]> <list[1]>  0.2384391

### [bt]: Job terminated successfully [batchtools job.id=2387]
### [bt]: Starting job [batchtools job.id=2388]
### [bt]: Generating problem instance for problem '34d90df810f60583' ...
### [bt]: Applying algorithm 'run_learner' on problem '34d90df810f60583' for job 2388 (seed = 2389) ...
INFO  [17:11:29.809] [mlr3] Applying learner 'classif.naive_bayes.tuned_calib.perfold_platt' on task 'phoneme' (iter 8/10)
INFO  [17:11:29.873] [bbotk] Starting to optimize 1 parameter(s) with '<OptimizerBatchRandomSearch>' and '<TerminatorEvals> [n_evals=3, k=0]'
INFO  [17:11:29.882] [bbotk] Evaluating 1 configuration(s)
INFO  [17:11:30.180] [bbotk] Result of batch 1:
INFO  [17:11:30.181] [bbotk]    laplace classif.ce warnings errors runtime_learners
INFO  [17:11:30.181] [bbotk]  0.2635598  0.2446672        0      0            0.259
INFO  [17:11:30.181] [bbotk]                                 uhash
INFO  [17:11:30.181] [bbotk]  37877ec8-225c-403d-a817-097f8237e8c9
INFO  [17:11:30.183] [bbotk] Evaluating 1 configuration(s)
INFO  [17:11:30.499] [bbotk] Result of batch 2:
INFO  [17:11:30.501] [bbotk]    laplace classif.ce warnings errors runtime_learners
INFO  [17:11:30.501] [bbotk]  0.2982319  0.2446672        0      0            0.272
INFO  [17:11:30.501] [bbotk]                                 uhash
INFO  [17:11:30.501] [bbotk]  73ee39cc-9d2b-4ca6-8018-c828e4aabe35
INFO  [17:11:30.507] [bbotk] Evaluating 1 configuration(s)
INFO  [17:11:30.796] [bbotk] Result of batch 3:
INFO  [17:11:30.804] [bbotk]    laplace classif.ce warnings errors runtime_learners
INFO  [17:11:30.804] [bbotk]  0.2602247  0.2446672        0      0            0.246
INFO  [17:11:30.804] [bbotk]                                 uhash
INFO  [17:11:30.804] [bbotk]  39e1dc55-6655-46cc-bd5a-806e17b82199
INFO  [17:11:30.817] [bbotk] Finished optimizing after 3 evaluation(s)
INFO  [17:11:30.818] [bbotk] Result:
INFO  [17:11:30.819] [bbotk]    laplace learner_param_vals  x_domain classif.ce
INFO  [17:11:30.819] [bbotk]      <num>             <list>    <list>      <num>
INFO  [17:11:30.819] [bbotk]  0.2635598          <list[1]> <list[1]>  0.2446672
INFO  [17:11:30.968] [bbotk] Starting to optimize 1 parameter(s) with '<OptimizerBatchRandomSearch>' and '<TerminatorEvals> [n_evals=3, k=0]'
INFO  [17:11:30.974] [bbotk] Evaluating 1 configuration(s)
INFO  [17:11:31.322] [bbotk] Result of batch 1:
INFO  [17:11:31.322] [bbotk]   laplace classif.ce warnings errors runtime_learners
INFO  [17:11:31.322] [bbotk]  0.853105  0.2402981        0      0            0.299
INFO  [17:11:31.322] [bbotk]                                 uhash
INFO  [17:11:31.322] [bbotk]  15807636-5e53-4671-8e8b-b0916208cd4f
INFO  [17:11:31.325] [bbotk] Evaluating 1 configuration(s)
INFO  [17:11:31.661] [bbotk] Result of batch 2:
INFO  [17:11:31.664] [bbotk]    laplace classif.ce warnings errors runtime_learners
INFO  [17:11:31.664] [bbotk]  0.5312011  0.2402981        0      0            0.286
INFO  [17:11:31.664] [bbotk]                                 uhash
INFO  [17:11:31.664] [bbotk]  32241d58-8423-4e6e-aa71-119c6a309f48
INFO  [17:11:31.675] [bbotk] Evaluating 1 configuration(s)
INFO  [17:11:31.974] [bbotk] Result of batch 3:
INFO  [17:11:31.974] [bbotk]    laplace classif.ce warnings errors runtime_learners
INFO  [17:11:31.974] [bbotk]  0.1131761  0.2402981        0      0            0.251
INFO  [17:11:31.974] [bbotk]                                 uhash
INFO  [17:11:31.974] [bbotk]  85a43991-99ca-4e32-92fe-e1f4cfa928dc
INFO  [17:11:31.981] [bbotk] Finished optimizing after 3 evaluation(s)
INFO  [17:11:31.982] [bbotk] Result:
INFO  [17:11:31.983] [bbotk]   laplace learner_param_vals  x_domain classif.ce
INFO  [17:11:31.983] [bbotk]     <num>             <list>    <list>      <num>
INFO  [17:11:31.983] [bbotk]  0.853105          <list[1]> <list[1]>  0.2402981
INFO  [17:11:32.098] [bbotk] Starting to optimize 1 parameter(s) with '<OptimizerBatchRandomSearch>' and '<TerminatorEvals> [n_evals=3, k=0]'
INFO  [17:11:32.113] [bbotk] Evaluating 1 configuration(s)
INFO  [17:11:32.414] [bbotk] Result of batch 1:
INFO  [17:11:32.416] [bbotk]    laplace classif.ce warnings errors runtime_learners
INFO  [17:11:32.416] [bbotk]  0.9829314  0.2356721        0      0            0.259
INFO  [17:11:32.416] [bbotk]                                 uhash
INFO  [17:11:32.416] [bbotk]  8a7fe524-7da4-46b4-89ba-3f95fdc3a35e
INFO  [17:11:32.421] [bbotk] Evaluating 1 configuration(s)
INFO  [17:11:32.674] [bbotk] Result of batch 2:
INFO  [17:11:32.676] [bbotk]     laplace classif.ce warnings errors runtime_learners
INFO  [17:11:32.676] [bbotk]  0.02607798  0.2356721        0      0            0.212
INFO  [17:11:32.676] [bbotk]                                 uhash
INFO  [17:11:32.676] [bbotk]  94600628-869b-4193-b52b-72c4bc7be668
INFO  [17:11:32.682] [bbotk] Evaluating 1 configuration(s)
INFO  [17:11:33.007] [bbotk] Result of batch 3:
INFO  [17:11:33.009] [bbotk]     laplace classif.ce warnings errors runtime_learners
INFO  [17:11:33.009] [bbotk]  0.03869775  0.2356721        0      0            0.256
INFO  [17:11:33.009] [bbotk]                                 uhash
INFO  [17:11:33.009] [bbotk]  37997857-a34a-4513-8a9a-7b817ae1ec03
INFO  [17:11:33.030] [bbotk] Finished optimizing after 3 evaluation(s)
INFO  [17:11:33.030] [bbotk] Result:
INFO  [17:11:33.032] [bbotk]    laplace learner_param_vals  x_domain classif.ce
INFO  [17:11:33.032] [bbotk]      <num>             <list>    <list>      <num>
INFO  [17:11:33.032] [bbotk]  0.9829314          <list[1]> <list[1]>  0.2356721
INFO  [17:11:33.155] [bbotk] Starting to optimize 1 parameter(s) with '<OptimizerBatchRandomSearch>' and '<TerminatorEvals> [n_evals=3, k=0]'
INFO  [17:11:33.160] [bbotk] Evaluating 1 configuration(s)
INFO  [17:11:33.498] [bbotk] Result of batch 1:
INFO  [17:11:33.500] [bbotk]    laplace classif.ce warnings errors runtime_learners
INFO  [17:11:33.500] [bbotk]  0.0711624  0.2349011        0      0            0.291
INFO  [17:11:33.500] [bbotk]                                 uhash
INFO  [17:11:33.500] [bbotk]  a2179b01-4c81-4013-bece-08f139e4f191
INFO  [17:11:33.503] [bbotk] Evaluating 1 configuration(s)
INFO  [17:11:33.811] [bbotk] Result of batch 2:
INFO  [17:11:33.814] [bbotk]    laplace classif.ce warnings errors runtime_learners
INFO  [17:11:33.814] [bbotk]  0.8853235  0.2349011        0      0            0.262
INFO  [17:11:33.814] [bbotk]                                 uhash
INFO  [17:11:33.814] [bbotk]  fff121da-109a-4a7c-8cef-b77f87e227bf
INFO  [17:11:33.822] [bbotk] Evaluating 1 configuration(s)
INFO  [17:11:34.118] [bbotk] Result of batch 3:
INFO  [17:11:34.119] [bbotk]    laplace classif.ce warnings errors runtime_learners
INFO  [17:11:34.119] [bbotk]  0.7198954  0.2349011        0      0            0.248
INFO  [17:11:34.119] [bbotk]                                 uhash
INFO  [17:11:34.119] [bbotk]  075695d1-8808-4a74-bf3e-89127704ba2b
INFO  [17:11:34.126] [bbotk] Finished optimizing after 3 evaluation(s)
INFO  [17:11:34.127] [bbotk] Result:
INFO  [17:11:34.128] [bbotk]    laplace learner_param_vals  x_domain classif.ce
INFO  [17:11:34.128] [bbotk]      <num>             <list>    <list>      <num>
INFO  [17:11:34.128] [bbotk]  0.0711624          <list[1]> <list[1]>  0.2349011
INFO  [17:11:34.260] [bbotk] Starting to optimize 1 parameter(s) with '<OptimizerBatchRandomSearch>' and '<TerminatorEvals> [n_evals=3, k=0]'
INFO  [17:11:34.265] [bbotk] Evaluating 1 configuration(s)
INFO  [17:11:34.536] [bbotk] Result of batch 1:
INFO  [17:11:34.537] [bbotk]    laplace classif.ce warnings errors runtime_learners
INFO  [17:11:34.537] [bbotk]  0.1073938  0.2389541        0      0            0.232
INFO  [17:11:34.537] [bbotk]                                 uhash
INFO  [17:11:34.537] [bbotk]  2e001326-5e33-40f9-afa4-be01a6a64943
INFO  [17:11:34.539] [bbotk] Evaluating 1 configuration(s)
INFO  [17:11:34.794] [bbotk] Result of batch 2:
INFO  [17:11:34.795] [bbotk]    laplace classif.ce warnings errors runtime_learners
INFO  [17:11:34.795] [bbotk]  0.1114367  0.2389541        0      0            0.214
INFO  [17:11:34.795] [bbotk]                                 uhash
INFO  [17:11:34.795] [bbotk]  c885dd04-9e41-4c5f-91c9-a66b95d588c9
INFO  [17:11:34.797] [bbotk] Evaluating 1 configuration(s)
INFO  [17:11:35.118] [bbotk] Result of batch 3:
INFO  [17:11:35.119] [bbotk]    laplace classif.ce warnings errors runtime_learners
INFO  [17:11:35.119] [bbotk]  0.3633013  0.2389541        0      0            0.282
INFO  [17:11:35.119] [bbotk]                                 uhash
INFO  [17:11:35.119] [bbotk]  8d13eb1f-cd73-4837-80b6-2f795456f8b4
INFO  [17:11:35.128] [bbotk] Finished optimizing after 3 evaluation(s)
INFO  [17:11:35.128] [bbotk] Result:
INFO  [17:11:35.129] [bbotk]    laplace learner_param_vals  x_domain classif.ce
INFO  [17:11:35.129] [bbotk]      <num>             <list>    <list>      <num>
INFO  [17:11:35.129] [bbotk]  0.1073938          <list[1]> <list[1]>  0.2389541

### [bt]: Job terminated successfully [batchtools job.id=2388]
### [bt]: Starting job [batchtools job.id=2389]
### [bt]: Generating problem instance for problem '34d90df810f60583' ...
### [bt]: Applying algorithm 'run_learner' on problem '34d90df810f60583' for job 2389 (seed = 2390) ...
INFO  [17:11:35.593] [mlr3] Applying learner 'classif.naive_bayes.tuned_calib.perfold_platt' on task 'phoneme' (iter 9/10)
INFO  [17:11:35.664] [bbotk] Starting to optimize 1 parameter(s) with '<OptimizerBatchRandomSearch>' and '<TerminatorEvals> [n_evals=3, k=0]'
INFO  [17:11:35.669] [bbotk] Evaluating 1 configuration(s)
INFO  [17:11:35.969] [bbotk] Result of batch 1:
INFO  [17:11:35.970] [bbotk]    laplace classif.ce warnings errors runtime_learners
INFO  [17:11:35.970] [bbotk]  0.9783377  0.2364431        0      0            0.245
INFO  [17:11:35.970] [bbotk]                                 uhash
INFO  [17:11:35.970] [bbotk]  a19c8fe2-dd6c-4abe-966e-54c451f2bfff
INFO  [17:11:35.972] [bbotk] Evaluating 1 configuration(s)
INFO  [17:11:36.297] [bbotk] Result of batch 2:
INFO  [17:11:36.297] [bbotk]    laplace classif.ce warnings errors runtime_learners
INFO  [17:11:36.297] [bbotk]  0.3248027  0.2364431        0      0            0.262
INFO  [17:11:36.297] [bbotk]                                 uhash
INFO  [17:11:36.297] [bbotk]  19bec83c-5a81-4026-af14-3bc546891a3b
INFO  [17:11:36.300] [bbotk] Evaluating 1 configuration(s)
INFO  [17:11:36.698] [bbotk] Result of batch 3:
INFO  [17:11:36.700] [bbotk]    laplace classif.ce warnings errors runtime_learners
INFO  [17:11:36.700] [bbotk]  0.1646546  0.2364431        0      0             0.34
INFO  [17:11:36.700] [bbotk]                                 uhash
INFO  [17:11:36.700] [bbotk]  473380e3-5fd4-46bd-a5d1-cede16a4a7b7
INFO  [17:11:36.718] [bbotk] Finished optimizing after 3 evaluation(s)
INFO  [17:11:36.719] [bbotk] Result:
INFO  [17:11:36.721] [bbotk]    laplace learner_param_vals  x_domain classif.ce
INFO  [17:11:36.721] [bbotk]      <num>             <list>    <list>      <num>
INFO  [17:11:36.721] [bbotk]  0.9783377          <list[1]> <list[1]>  0.2364431
INFO  [17:11:36.849] [bbotk] Starting to optimize 1 parameter(s) with '<OptimizerBatchRandomSearch>' and '<TerminatorEvals> [n_evals=3, k=0]'
INFO  [17:11:36.857] [bbotk] Evaluating 1 configuration(s)
INFO  [17:11:37.211] [bbotk] Result of batch 1:
INFO  [17:11:37.212] [bbotk]    laplace classif.ce warnings errors runtime_learners
INFO  [17:11:37.212] [bbotk]  0.5286435  0.2449242        0      0            0.304
INFO  [17:11:37.212] [bbotk]                                 uhash
INFO  [17:11:37.212] [bbotk]  0890af75-c144-4796-a50d-fc8bc981a3ee
INFO  [17:11:37.214] [bbotk] Evaluating 1 configuration(s)
INFO  [17:11:37.536] [bbotk] Result of batch 2:
INFO  [17:11:37.537] [bbotk]    laplace classif.ce warnings errors runtime_learners
INFO  [17:11:37.537] [bbotk]  0.2793635  0.2449242        0      0            0.274
INFO  [17:11:37.537] [bbotk]                                 uhash
INFO  [17:11:37.537] [bbotk]  806a8910-2985-424a-b5ab-59773559372b
INFO  [17:11:37.539] [bbotk] Evaluating 1 configuration(s)
INFO  [17:11:37.845] [bbotk] Result of batch 3:
INFO  [17:11:37.847] [bbotk]    laplace classif.ce warnings errors runtime_learners
INFO  [17:11:37.847] [bbotk]  0.2944867  0.2449242        0      0            0.263
INFO  [17:11:37.847] [bbotk]                                 uhash
INFO  [17:11:37.847] [bbotk]  e6a0c4e0-cc60-4304-a7de-d7e80ec8f702
INFO  [17:11:37.854] [bbotk] Finished optimizing after 3 evaluation(s)
INFO  [17:11:37.855] [bbotk] Result:
INFO  [17:11:37.856] [bbotk]    laplace learner_param_vals  x_domain classif.ce
INFO  [17:11:37.856] [bbotk]      <num>             <list>    <list>      <num>
INFO  [17:11:37.856] [bbotk]  0.5286435          <list[1]> <list[1]>  0.2449242
INFO  [17:11:38.018] [bbotk] Starting to optimize 1 parameter(s) with '<OptimizerBatchRandomSearch>' and '<TerminatorEvals> [n_evals=3, k=0]'
INFO  [17:11:38.028] [bbotk] Evaluating 1 configuration(s)
INFO  [17:11:38.407] [bbotk] Result of batch 1:
INFO  [17:11:38.408] [bbotk]   laplace classif.ce warnings errors runtime_learners
INFO  [17:11:38.408] [bbotk]  0.406256  0.2392701        0      0            0.325
INFO  [17:11:38.408] [bbotk]                                 uhash
INFO  [17:11:38.408] [bbotk]  c9191c88-97b7-4f0f-a1e3-a64a03b10c2c
INFO  [17:11:38.410] [bbotk] Evaluating 1 configuration(s)
INFO  [17:11:38.736] [bbotk] Result of batch 2:
INFO  [17:11:38.739] [bbotk]    laplace classif.ce warnings errors runtime_learners
INFO  [17:11:38.739] [bbotk]  0.1332226  0.2392701        0      0            0.265
INFO  [17:11:38.739] [bbotk]                                 uhash
INFO  [17:11:38.739] [bbotk]  ca8d0e52-be71-4fcb-9ef2-d33a4e1a026e
INFO  [17:11:38.747] [bbotk] Evaluating 1 configuration(s)
INFO  [17:11:39.001] [bbotk] Result of batch 3:
INFO  [17:11:39.002] [bbotk]    laplace classif.ce warnings errors runtime_learners
INFO  [17:11:39.002] [bbotk]  0.6904814  0.2392701        0      0            0.224
INFO  [17:11:39.002] [bbotk]                                 uhash
INFO  [17:11:39.002] [bbotk]  e57e2151-b529-4321-acc8-5ab2974467dc
INFO  [17:11:39.014] [bbotk] Finished optimizing after 3 evaluation(s)
INFO  [17:11:39.015] [bbotk] Result:
INFO  [17:11:39.015] [bbotk]   laplace learner_param_vals  x_domain classif.ce
INFO  [17:11:39.015] [bbotk]     <num>             <list>    <list>      <num>
INFO  [17:11:39.015] [bbotk]  0.406256          <list[1]> <list[1]>  0.2392701
INFO  [17:11:39.084] [bbotk] Starting to optimize 1 parameter(s) with '<OptimizerBatchRandomSearch>' and '<TerminatorEvals> [n_evals=3, k=0]'
INFO  [17:11:39.088] [bbotk] Evaluating 1 configuration(s)
INFO  [17:11:39.327] [bbotk] Result of batch 1:
INFO  [17:11:39.328] [bbotk]    laplace classif.ce warnings errors runtime_learners
INFO  [17:11:39.328] [bbotk]  0.5653059  0.2521203        0      0            0.209
INFO  [17:11:39.328] [bbotk]                                 uhash
INFO  [17:11:39.328] [bbotk]  83396b0c-24c9-4572-9648-2ea6f68f1586
INFO  [17:11:39.330] [bbotk] Evaluating 1 configuration(s)
INFO  [17:11:39.666] [bbotk] Result of batch 2:
INFO  [17:11:39.667] [bbotk]    laplace classif.ce warnings errors runtime_learners
INFO  [17:11:39.667] [bbotk]  0.1291305  0.2521203        0      0             0.28
INFO  [17:11:39.667] [bbotk]                                 uhash
INFO  [17:11:39.667] [bbotk]  d799d7d4-1746-4876-97e8-3709a8e032d7
INFO  [17:11:39.670] [bbotk] Evaluating 1 configuration(s)
INFO  [17:11:39.987] [bbotk] Result of batch 3:
INFO  [17:11:39.988] [bbotk]    laplace classif.ce warnings errors runtime_learners
INFO  [17:11:39.988] [bbotk]  0.6696189  0.2521203        0      0             0.25
INFO  [17:11:39.988] [bbotk]                                 uhash
INFO  [17:11:39.988] [bbotk]  221b4465-1df2-4202-bdf7-609fa4b11bea
INFO  [17:11:40.003] [bbotk] Finished optimizing after 3 evaluation(s)
INFO  [17:11:40.003] [bbotk] Result:
INFO  [17:11:40.004] [bbotk]    laplace learner_param_vals  x_domain classif.ce
INFO  [17:11:40.004] [bbotk]      <num>             <list>    <list>      <num>
INFO  [17:11:40.004] [bbotk]  0.5653059          <list[1]> <list[1]>  0.2521203
INFO  [17:11:40.144] [bbotk] Starting to optimize 1 parameter(s) with '<OptimizerBatchRandomSearch>' and '<TerminatorEvals> [n_evals=3, k=0]'
INFO  [17:11:40.155] [bbotk] Evaluating 1 configuration(s)
INFO  [17:11:40.481] [bbotk] Result of batch 1:
INFO  [17:11:40.482] [bbotk]    laplace classif.ce warnings errors runtime_learners
INFO  [17:11:40.482] [bbotk]  0.5231982  0.2327848        0      0            0.283
INFO  [17:11:40.482] [bbotk]                                 uhash
INFO  [17:11:40.482] [bbotk]  f8660366-ce83-4e09-b8fe-712dae9484b2
INFO  [17:11:40.484] [bbotk] Evaluating 1 configuration(s)
INFO  [17:11:40.806] [bbotk] Result of batch 2:
INFO  [17:11:40.807] [bbotk]    laplace classif.ce warnings errors runtime_learners
INFO  [17:11:40.807] [bbotk]  0.4179093  0.2327848        0      0             0.27
INFO  [17:11:40.807] [bbotk]                                 uhash
INFO  [17:11:40.807] [bbotk]  2d631899-dc6c-4847-bd9f-d0f7ae01d8bb
INFO  [17:11:40.809] [bbotk] Evaluating 1 configuration(s)
INFO  [17:11:41.180] [bbotk] Result of batch 3:
INFO  [17:11:41.181] [bbotk]    laplace classif.ce warnings errors runtime_learners
INFO  [17:11:41.181] [bbotk]  0.6422663  0.2327848        0      0            0.311
INFO  [17:11:41.181] [bbotk]                                 uhash
INFO  [17:11:41.181] [bbotk]  f488a5f6-7d99-4e2c-b27b-3bac0f1a42f9
INFO  [17:11:41.202] [bbotk] Finished optimizing after 3 evaluation(s)
INFO  [17:11:41.202] [bbotk] Result:
INFO  [17:11:41.202] [bbotk]    laplace learner_param_vals  x_domain classif.ce
INFO  [17:11:41.202] [bbotk]      <num>             <list>    <list>      <num>
INFO  [17:11:41.202] [bbotk]  0.5231982          <list[1]> <list[1]>  0.2327848

### [bt]: Job terminated successfully [batchtools job.id=2389]
### [bt]: Starting job [batchtools job.id=2390]
### [bt]: Generating problem instance for problem '34d90df810f60583' ...
### [bt]: Applying algorithm 'run_learner' on problem '34d90df810f60583' for job 2390 (seed = 2391) ...
INFO  [17:11:41.690] [mlr3] Applying learner 'classif.naive_bayes.tuned_calib.perfold_platt' on task 'phoneme' (iter 10/10)
INFO  [17:11:41.740] [bbotk] Starting to optimize 1 parameter(s) with '<OptimizerBatchRandomSearch>' and '<TerminatorEvals> [n_evals=3, k=0]'
INFO  [17:11:41.753] [bbotk] Evaluating 1 configuration(s)
INFO  [17:11:42.127] [bbotk] Result of batch 1:
INFO  [17:11:42.131] [bbotk]    laplace classif.ce warnings errors runtime_learners
INFO  [17:11:42.131] [bbotk]  0.8162573  0.2400411        0      0            0.313
INFO  [17:11:42.131] [bbotk]                                 uhash
INFO  [17:11:42.131] [bbotk]  e4ff6258-782e-449a-a2d6-0e5b42535b22
INFO  [17:11:42.137] [bbotk] Evaluating 1 configuration(s)
INFO  [17:11:42.491] [bbotk] Result of batch 2:
INFO  [17:11:42.492] [bbotk]    laplace classif.ce warnings errors runtime_learners
INFO  [17:11:42.492] [bbotk]  0.9337736  0.2400411        0      0            0.307
INFO  [17:11:42.492] [bbotk]                                 uhash
INFO  [17:11:42.492] [bbotk]  b694b138-c31a-4943-b8e7-9f3beb0c7ed4
INFO  [17:11:42.494] [bbotk] Evaluating 1 configuration(s)
INFO  [17:11:42.832] [bbotk] Result of batch 3:
INFO  [17:11:42.834] [bbotk]    laplace classif.ce warnings errors runtime_learners
INFO  [17:11:42.834] [bbotk]  0.6116372  0.2400411        0      0            0.274
INFO  [17:11:42.834] [bbotk]                                 uhash
INFO  [17:11:42.834] [bbotk]  3095d5aa-8b8a-4012-84db-ce36caedffc6
INFO  [17:11:42.844] [bbotk] Finished optimizing after 3 evaluation(s)
INFO  [17:11:42.844] [bbotk] Result:
INFO  [17:11:42.845] [bbotk]    laplace learner_param_vals  x_domain classif.ce
INFO  [17:11:42.845] [bbotk]      <num>             <list>    <list>      <num>
INFO  [17:11:42.845] [bbotk]  0.8162573          <list[1]> <list[1]>  0.2400411
INFO  [17:11:42.982] [bbotk] Starting to optimize 1 parameter(s) with '<OptimizerBatchRandomSearch>' and '<TerminatorEvals> [n_evals=3, k=0]'
INFO  [17:11:42.990] [bbotk] Evaluating 1 configuration(s)
INFO  [17:11:43.330] [bbotk] Result of batch 1:
INFO  [17:11:43.332] [bbotk]    laplace classif.ce warnings errors runtime_learners
INFO  [17:11:43.332] [bbotk]  0.7204395  0.2395271        0      0            0.289
INFO  [17:11:43.332] [bbotk]                                 uhash
INFO  [17:11:43.332] [bbotk]  c5de80cc-e9d8-4768-afe3-920024424460
INFO  [17:11:43.335] [bbotk] Evaluating 1 configuration(s)
INFO  [17:11:43.662] [bbotk] Result of batch 2:
INFO  [17:11:43.663] [bbotk]    laplace classif.ce warnings errors runtime_learners
INFO  [17:11:43.663] [bbotk]  0.8220612  0.2395271        0      0            0.266
INFO  [17:11:43.663] [bbotk]                                 uhash
INFO  [17:11:43.663] [bbotk]  c5af193b-a9f4-4414-b612-4a9116369db1
INFO  [17:11:43.669] [bbotk] Evaluating 1 configuration(s)
INFO  [17:11:44.008] [bbotk] Result of batch 3:
INFO  [17:11:44.010] [bbotk]     laplace classif.ce warnings errors runtime_learners
INFO  [17:11:44.010] [bbotk]  0.03379803  0.2395271        0      0            0.288
INFO  [17:11:44.010] [bbotk]                                 uhash
INFO  [17:11:44.010] [bbotk]  2899c45f-2e72-4e60-aa8a-60131a675d35
INFO  [17:11:44.024] [bbotk] Finished optimizing after 3 evaluation(s)
INFO  [17:11:44.024] [bbotk] Result:
INFO  [17:11:44.025] [bbotk]    laplace learner_param_vals  x_domain classif.ce
INFO  [17:11:44.025] [bbotk]      <num>             <list>    <list>      <num>
INFO  [17:11:44.025] [bbotk]  0.7204395          <list[1]> <list[1]>  0.2395271
INFO  [17:11:44.183] [bbotk] Starting to optimize 1 parameter(s) with '<OptimizerBatchRandomSearch>' and '<TerminatorEvals> [n_evals=3, k=0]'
INFO  [17:11:44.193] [bbotk] Evaluating 1 configuration(s)
INFO  [17:11:44.587] [bbotk] Result of batch 1:
INFO  [17:11:44.588] [bbotk]    laplace classif.ce warnings errors runtime_learners
INFO  [17:11:44.588] [bbotk]  0.4791936  0.2431252        0      0            0.346
INFO  [17:11:44.588] [bbotk]                                 uhash
INFO  [17:11:44.588] [bbotk]  cba17005-8bf6-4509-b263-76a67a2c313b
INFO  [17:11:44.590] [bbotk] Evaluating 1 configuration(s)
INFO  [17:11:44.972] [bbotk] Result of batch 2:
INFO  [17:11:44.974] [bbotk]   laplace classif.ce warnings errors runtime_learners
INFO  [17:11:44.974] [bbotk]  0.226422  0.2431252        0      0            0.334
INFO  [17:11:44.974] [bbotk]                                 uhash
INFO  [17:11:44.974] [bbotk]  8963b11f-e571-4f70-97dc-fa3f876bcf6c
INFO  [17:11:44.977] [bbotk] Evaluating 1 configuration(s)
INFO  [17:11:45.324] [bbotk] Result of batch 3:
INFO  [17:11:45.326] [bbotk]    laplace classif.ce warnings errors runtime_learners
INFO  [17:11:45.326] [bbotk]  0.5489767  0.2431252        0      0            0.295
INFO  [17:11:45.326] [bbotk]                                 uhash
INFO  [17:11:45.326] [bbotk]  ae1dffa4-3869-490a-9cd7-e2157f4b3ec3
INFO  [17:11:45.336] [bbotk] Finished optimizing after 3 evaluation(s)
INFO  [17:11:45.336] [bbotk] Result:
INFO  [17:11:45.337] [bbotk]    laplace learner_param_vals  x_domain classif.ce
INFO  [17:11:45.337] [bbotk]      <num>             <list>    <list>      <num>
INFO  [17:11:45.337] [bbotk]  0.4791936          <list[1]> <list[1]>  0.2431252
INFO  [17:11:45.456] [bbotk] Starting to optimize 1 parameter(s) with '<OptimizerBatchRandomSearch>' and '<TerminatorEvals> [n_evals=3, k=0]'
INFO  [17:11:45.464] [bbotk] Evaluating 1 configuration(s)
INFO  [17:11:45.841] [bbotk] Result of batch 1:
INFO  [17:11:45.843] [bbotk]    laplace classif.ce warnings errors runtime_learners
INFO  [17:11:45.843] [bbotk]  0.2820523  0.2508353        0      0             0.31
INFO  [17:11:45.843] [bbotk]                                 uhash
INFO  [17:11:45.843] [bbotk]  2a3face8-dc1d-4885-9d22-10294d1a3192
INFO  [17:11:45.846] [bbotk] Evaluating 1 configuration(s)
INFO  [17:11:46.218] [bbotk] Result of batch 2:
INFO  [17:11:46.219] [bbotk]    laplace classif.ce warnings errors runtime_learners
INFO  [17:11:46.219] [bbotk]  0.5702631  0.2508353        0      0            0.312
INFO  [17:11:46.219] [bbotk]                                 uhash
INFO  [17:11:46.219] [bbotk]  f485d3d5-2568-41fa-a83e-ed24fc0cfd60
INFO  [17:11:46.224] [bbotk] Evaluating 1 configuration(s)
INFO  [17:11:46.536] [bbotk] Result of batch 3:
INFO  [17:11:46.538] [bbotk]   laplace classif.ce warnings errors runtime_learners
INFO  [17:11:46.538] [bbotk]  0.100804  0.2508353        0      0            0.254
INFO  [17:11:46.538] [bbotk]                                 uhash
INFO  [17:11:46.538] [bbotk]  602c451d-ae50-4e48-bdfc-40e1d2d2ddff
INFO  [17:11:46.544] [bbotk] Finished optimizing after 3 evaluation(s)
INFO  [17:11:46.544] [bbotk] Result:
INFO  [17:11:46.545] [bbotk]    laplace learner_param_vals  x_domain classif.ce
INFO  [17:11:46.545] [bbotk]      <num>             <list>    <list>      <num>
INFO  [17:11:46.545] [bbotk]  0.2820523          <list[1]> <list[1]>  0.2508353
INFO  [17:11:46.700] [bbotk] Starting to optimize 1 parameter(s) with '<OptimizerBatchRandomSearch>' and '<TerminatorEvals> [n_evals=3, k=0]'
INFO  [17:11:46.707] [bbotk] Evaluating 1 configuration(s)
INFO  [17:11:47.064] [bbotk] Result of batch 1:
INFO  [17:11:47.071] [bbotk]    laplace classif.ce warnings errors runtime_learners
INFO  [17:11:47.071] [bbotk]  0.6431104  0.2428088        0      0            0.317
INFO  [17:11:47.071] [bbotk]                                 uhash
INFO  [17:11:47.071] [bbotk]  90ce5022-9556-4d29-9852-25a09f31d6a4
INFO  [17:11:47.077] [bbotk] Evaluating 1 configuration(s)
INFO  [17:11:47.412] [bbotk] Result of batch 2:
INFO  [17:11:47.413] [bbotk]    laplace classif.ce warnings errors runtime_learners
INFO  [17:11:47.413] [bbotk]  0.5952604  0.2428088        0      0            0.292
INFO  [17:11:47.413] [bbotk]                                 uhash
INFO  [17:11:47.413] [bbotk]  05c9f42b-21da-433a-b8f6-07f13f976fa5
INFO  [17:11:47.415] [bbotk] Evaluating 1 configuration(s)
INFO  [17:11:47.695] [bbotk] Result of batch 3:
INFO  [17:11:47.697] [bbotk]    laplace classif.ce warnings errors runtime_learners
INFO  [17:11:47.697] [bbotk]  0.6050092  0.2428088        0      0             0.22
INFO  [17:11:47.697] [bbotk]                                 uhash
INFO  [17:11:47.697] [bbotk]  f773eb41-4cbb-425d-ba00-4b2ec7b6c39d
INFO  [17:11:47.709] [bbotk] Finished optimizing after 3 evaluation(s)
INFO  [17:11:47.710] [bbotk] Result:
INFO  [17:11:47.710] [bbotk]    laplace learner_param_vals  x_domain classif.ce
INFO  [17:11:47.710] [bbotk]      <num>             <list>    <list>      <num>
INFO  [17:11:47.710] [bbotk]  0.6431104          <list[1]> <list[1]>  0.2428088

### [bt]: Job terminated successfully [batchtools job.id=2390]
### [bt]: Calculation finished!
