### [bt]: This is batchtools v0.9.17
### [bt]: Starting calculation of 5 jobs
### [bt]: Setting working directory to '/Users/User/Documents/Studium/Semester8/Hiwi/mlr3calibration/vignettes'
### [bt]: Memory measurement disabled
### [bt]: Starting job [batchtools job.id=2881]
### [bt]: Generating problem instance for problem '6390d9e81da17366' ...
### [bt]: Applying algorithm 'run_learner' on problem '6390d9e81da17366' for job 2881 (seed = 2882) ...
INFO  [17:24:20.839] [mlr3] Applying learner 'classif.ranger.tuned_calib.oof_beta' on task 'qsar-biodeg' (iter 1/10)
INFO  [17:24:20.901] [bbotk] Starting to optimize 1 parameter(s) with '<OptimizerBatchRandomSearch>' and '<TerminatorEvals> [n_evals=3, k=0]'
INFO  [17:24:20.913] [bbotk] Evaluating 1 configuration(s)
INFO  [17:24:21.319] [bbotk] Result of batch 1:
INFO  [17:24:21.321] [bbotk]  num.trees classif.ce warnings errors runtime_learners
INFO  [17:24:21.321] [bbotk]        423  0.1370224        0      0            0.352
INFO  [17:24:21.321] [bbotk]                                 uhash
INFO  [17:24:21.321] [bbotk]  c36d20da-68a8-42dd-8c19-ed4a1fed7618
INFO  [17:24:21.327] [bbotk] Evaluating 1 configuration(s)
INFO  [17:24:21.476] [bbotk] Result of batch 2:
INFO  [17:24:21.477] [bbotk]  num.trees classif.ce warnings errors runtime_learners
INFO  [17:24:21.477] [bbotk]        136  0.1422925        0      0            0.115
INFO  [17:24:21.477] [bbotk]                                 uhash
INFO  [17:24:21.477] [bbotk]  0d77e81f-9f10-42ec-856f-34c5287152f1
INFO  [17:24:21.481] [bbotk] Evaluating 1 configuration(s)
INFO  [17:24:21.890] [bbotk] Result of batch 3:
INFO  [17:24:21.898] [bbotk]  num.trees classif.ce warnings errors runtime_learners
INFO  [17:24:21.898] [bbotk]        486  0.1396574        0      0            0.338
INFO  [17:24:21.898] [bbotk]                                 uhash
INFO  [17:24:21.898] [bbotk]  9997cb1a-963a-4291-898c-0439e9332488
INFO  [17:24:21.919] [bbotk] Finished optimizing after 3 evaluation(s)
INFO  [17:24:21.920] [bbotk] Result:
INFO  [17:24:21.921] [bbotk]  num.trees learner_param_vals  x_domain classif.ce
INFO  [17:24:21.921] [bbotk]      <int>             <list>    <list>      <num>
INFO  [17:24:21.921] [bbotk]        423          <list[2]> <list[1]>  0.1370224
INFO  [17:24:22.113] [bbotk] Starting to optimize 1 parameter(s) with '<OptimizerBatchRandomSearch>' and '<TerminatorEvals> [n_evals=3, k=0]'
INFO  [17:24:22.123] [bbotk] Evaluating 1 configuration(s)
INFO  [17:24:22.534] [bbotk] Result of batch 1:
INFO  [17:24:22.535] [bbotk]  num.trees classif.ce warnings errors runtime_learners
INFO  [17:24:22.535] [bbotk]        492  0.1449275        0      0            0.377
INFO  [17:24:22.535] [bbotk]                                 uhash
INFO  [17:24:22.535] [bbotk]  7d57d34a-e670-40a8-946a-329830b588fc
INFO  [17:24:22.537] [bbotk] Evaluating 1 configuration(s)
INFO  [17:24:22.739] [bbotk] Result of batch 2:
INFO  [17:24:22.739] [bbotk]  num.trees classif.ce warnings errors runtime_learners
INFO  [17:24:22.739] [bbotk]        196  0.1396574        0      0            0.154
INFO  [17:24:22.739] [bbotk]                                 uhash
INFO  [17:24:22.739] [bbotk]  8219237d-45ae-4d6f-aab1-1f7e61e88b6a
INFO  [17:24:22.742] [bbotk] Evaluating 1 configuration(s)
INFO  [17:24:23.117] [bbotk] Result of batch 3:
INFO  [17:24:23.119] [bbotk]  num.trees classif.ce warnings errors runtime_learners
INFO  [17:24:23.119] [bbotk]        401  0.1449275        0      0            0.324
INFO  [17:24:23.119] [bbotk]                                 uhash
INFO  [17:24:23.119] [bbotk]  97ab18ff-1355-4be9-8c0c-7fac8c740ca2
INFO  [17:24:23.131] [bbotk] Finished optimizing after 3 evaluation(s)
INFO  [17:24:23.131] [bbotk] Result:
INFO  [17:24:23.132] [bbotk]  num.trees learner_param_vals  x_domain classif.ce
INFO  [17:24:23.132] [bbotk]      <int>             <list>    <list>      <num>
INFO  [17:24:23.132] [bbotk]        196          <list[2]> <list[1]>  0.1396574
INFO  [17:24:23.259] [bbotk] Starting to optimize 1 parameter(s) with '<OptimizerBatchRandomSearch>' and '<TerminatorEvals> [n_evals=3, k=0]'
INFO  [17:24:23.273] [bbotk] Evaluating 1 configuration(s)
INFO  [17:24:23.531] [bbotk] Result of batch 1:
INFO  [17:24:23.532] [bbotk]  num.trees classif.ce warnings errors runtime_learners
INFO  [17:24:23.532] [bbotk]        250  0.1343874        0      0            0.212
INFO  [17:24:23.532] [bbotk]                                 uhash
INFO  [17:24:23.532] [bbotk]  aa988bd0-ea81-48c6-a352-8900ab2e47b6
INFO  [17:24:23.536] [bbotk] Evaluating 1 configuration(s)
INFO  [17:24:23.780] [bbotk] Result of batch 2:
INFO  [17:24:23.781] [bbotk]  num.trees classif.ce warnings errors runtime_learners
INFO  [17:24:23.781] [bbotk]        249  0.1357049        0      0            0.192
INFO  [17:24:23.781] [bbotk]                                 uhash
INFO  [17:24:23.781] [bbotk]  17dd85dc-9b1c-408a-99d8-8924a7eb75bf
INFO  [17:24:23.783] [bbotk] Evaluating 1 configuration(s)
INFO  [17:24:24.065] [bbotk] Result of batch 3:
INFO  [17:24:24.067] [bbotk]  num.trees classif.ce warnings errors runtime_learners
INFO  [17:24:24.067] [bbotk]        293  0.1383399        0      0             0.24
INFO  [17:24:24.067] [bbotk]                                 uhash
INFO  [17:24:24.067] [bbotk]  4e9d34b6-f1b8-49a0-8ad9-1b45a3d571cc
INFO  [17:24:24.080] [bbotk] Finished optimizing after 3 evaluation(s)
INFO  [17:24:24.081] [bbotk] Result:
INFO  [17:24:24.083] [bbotk]  num.trees learner_param_vals  x_domain classif.ce
INFO  [17:24:24.083] [bbotk]      <int>             <list>    <list>      <num>
INFO  [17:24:24.083] [bbotk]        250          <list[2]> <list[1]>  0.1343874
INFO  [17:24:24.232] [bbotk] Starting to optimize 1 parameter(s) with '<OptimizerBatchRandomSearch>' and '<TerminatorEvals> [n_evals=3, k=0]'
INFO  [17:24:24.237] [bbotk] Evaluating 1 configuration(s)
INFO  [17:24:24.459] [bbotk] Result of batch 1:
INFO  [17:24:24.460] [bbotk]  num.trees classif.ce warnings errors runtime_learners
INFO  [17:24:24.460] [bbotk]        238  0.1422925        0      0            0.178
INFO  [17:24:24.460] [bbotk]                                 uhash
INFO  [17:24:24.460] [bbotk]  452aba3c-b92f-4cb0-b1ab-43025858b1ff
INFO  [17:24:24.466] [bbotk] Evaluating 1 configuration(s)
INFO  [17:24:24.824] [bbotk] Result of batch 2:
INFO  [17:24:24.825] [bbotk]  num.trees classif.ce warnings errors runtime_learners
INFO  [17:24:24.825] [bbotk]        431  0.1383399        0      0            0.298
INFO  [17:24:24.825] [bbotk]                                 uhash
INFO  [17:24:24.825] [bbotk]  a4e1d6fb-d76f-40f7-902d-b108c41f77b5
INFO  [17:24:24.827] [bbotk] Evaluating 1 configuration(s)
INFO  [17:24:25.218] [bbotk] Result of batch 3:
INFO  [17:24:25.219] [bbotk]  num.trees classif.ce warnings errors runtime_learners
INFO  [17:24:25.219] [bbotk]        480  0.1357049        0      0            0.347
INFO  [17:24:25.219] [bbotk]                                 uhash
INFO  [17:24:25.219] [bbotk]  74d7a1de-acbd-4f48-9a90-f90f81b8fb17
INFO  [17:24:25.232] [bbotk] Finished optimizing after 3 evaluation(s)
INFO  [17:24:25.232] [bbotk] Result:
INFO  [17:24:25.234] [bbotk]  num.trees learner_param_vals  x_domain classif.ce
INFO  [17:24:25.234] [bbotk]      <int>             <list>    <list>      <num>
INFO  [17:24:25.234] [bbotk]        480          <list[2]> <list[1]>  0.1357049
INFO  [17:24:25.499] [bbotk] Starting to optimize 1 parameter(s) with '<OptimizerBatchRandomSearch>' and '<TerminatorEvals> [n_evals=3, k=0]'
INFO  [17:24:25.504] [bbotk] Evaluating 1 configuration(s)
INFO  [17:24:25.657] [bbotk] Result of batch 1:
INFO  [17:24:25.660] [bbotk]  num.trees classif.ce warnings errors runtime_learners
INFO  [17:24:25.660] [bbotk]        137   0.143444        0      0             0.12
INFO  [17:24:25.660] [bbotk]                                 uhash
INFO  [17:24:25.660] [bbotk]  69300e08-9c1a-40db-ab61-3f08f79b0a7b
INFO  [17:24:25.665] [bbotk] Evaluating 1 configuration(s)
INFO  [17:24:25.961] [bbotk] Result of batch 2:
INFO  [17:24:25.962] [bbotk]  num.trees classif.ce warnings errors runtime_learners
INFO  [17:24:25.962] [bbotk]        352  0.1394863        0      0            0.249
INFO  [17:24:25.962] [bbotk]                                 uhash
INFO  [17:24:25.962] [bbotk]  c1b4125c-2090-4cd5-aee8-2d04024d32d2
INFO  [17:24:25.964] [bbotk] Evaluating 1 configuration(s)
INFO  [17:24:26.340] [bbotk] Result of batch 3:
INFO  [17:24:26.341] [bbotk]  num.trees classif.ce warnings errors runtime_learners
INFO  [17:24:26.341] [bbotk]        433  0.1408038        0      0            0.341
INFO  [17:24:26.341] [bbotk]                                 uhash
INFO  [17:24:26.341] [bbotk]  79bfcb56-2ce9-4abd-8a5a-6e54141a5478
INFO  [17:24:26.352] [bbotk] Finished optimizing after 3 evaluation(s)
INFO  [17:24:26.352] [bbotk] Result:
INFO  [17:24:26.353] [bbotk]  num.trees learner_param_vals  x_domain classif.ce
INFO  [17:24:26.353] [bbotk]      <int>             <list>    <list>      <num>
INFO  [17:24:26.353] [bbotk]        352          <list[2]> <list[1]>  0.1394863
Warning: glm.fit: fitted probabilities numerically 0 or 1 occurred
This happened PipeOp classif.ranger's $train()
[1] -72.79973
[1] 32.56045

### [bt]: Job terminated successfully [batchtools job.id=2881]
### [bt]: Starting job [batchtools job.id=2882]
### [bt]: Generating problem instance for problem '6390d9e81da17366' ...
### [bt]: Applying algorithm 'run_learner' on problem '6390d9e81da17366' for job 2882 (seed = 2883) ...
INFO  [17:24:26.626] [mlr3] Applying learner 'classif.ranger.tuned_calib.oof_beta' on task 'qsar-biodeg' (iter 2/10)
INFO  [17:24:26.733] [bbotk] Starting to optimize 1 parameter(s) with '<OptimizerBatchRandomSearch>' and '<TerminatorEvals> [n_evals=3, k=0]'
INFO  [17:24:26.746] [bbotk] Evaluating 1 configuration(s)
INFO  [17:24:27.173] [bbotk] Result of batch 1:
INFO  [17:24:27.174] [bbotk]  num.trees classif.ce warnings errors runtime_learners
INFO  [17:24:27.174] [bbotk]        465  0.1475626        0      0            0.367
INFO  [17:24:27.174] [bbotk]                                 uhash
INFO  [17:24:27.174] [bbotk]  e1dd85f2-4697-4119-8ee3-b2d54e705adf
INFO  [17:24:27.176] [bbotk] Evaluating 1 configuration(s)
INFO  [17:24:27.413] [bbotk] Result of batch 2:
INFO  [17:24:27.424] [bbotk]  num.trees classif.ce warnings errors runtime_learners
INFO  [17:24:27.424] [bbotk]        255  0.1475626        0      0             0.19
INFO  [17:24:27.424] [bbotk]                                 uhash
INFO  [17:24:27.424] [bbotk]  dd6a373d-9c26-44e0-b61a-fffb35a7878c
INFO  [17:24:27.427] [bbotk] Evaluating 1 configuration(s)
INFO  [17:24:27.655] [bbotk] Result of batch 3:
INFO  [17:24:27.656] [bbotk]  num.trees classif.ce warnings errors runtime_learners
INFO  [17:24:27.656] [bbotk]        219  0.1462451        0      0             0.18
INFO  [17:24:27.656] [bbotk]                                 uhash
INFO  [17:24:27.656] [bbotk]  5666bb4b-2314-4e10-801f-7a81760f1418
INFO  [17:24:27.663] [bbotk] Finished optimizing after 3 evaluation(s)
INFO  [17:24:27.663] [bbotk] Result:
INFO  [17:24:27.665] [bbotk]  num.trees learner_param_vals  x_domain classif.ce
INFO  [17:24:27.665] [bbotk]      <int>             <list>    <list>      <num>
INFO  [17:24:27.665] [bbotk]        219          <list[2]> <list[1]>  0.1462451
INFO  [17:24:27.820] [bbotk] Starting to optimize 1 parameter(s) with '<OptimizerBatchRandomSearch>' and '<TerminatorEvals> [n_evals=3, k=0]'
INFO  [17:24:27.826] [bbotk] Evaluating 1 configuration(s)
INFO  [17:24:28.282] [bbotk] Result of batch 1:
INFO  [17:24:28.284] [bbotk]  num.trees classif.ce warnings errors runtime_learners
INFO  [17:24:28.284] [bbotk]        478  0.1528327        0      0            0.412
INFO  [17:24:28.284] [bbotk]                                 uhash
INFO  [17:24:28.284] [bbotk]  7db235f3-a2b5-4081-80e5-961058ec2bf8
INFO  [17:24:28.290] [bbotk] Evaluating 1 configuration(s)
INFO  [17:24:28.479] [bbotk] Result of batch 2:
INFO  [17:24:28.480] [bbotk]  num.trees classif.ce warnings errors runtime_learners
INFO  [17:24:28.480] [bbotk]        167  0.1541502        0      0            0.144
INFO  [17:24:28.480] [bbotk]                                 uhash
INFO  [17:24:28.480] [bbotk]  55678d64-6770-43a8-9ce2-2a1499c9e412
INFO  [17:24:28.482] [bbotk] Evaluating 1 configuration(s)
INFO  [17:24:28.678] [bbotk] Result of batch 3:
INFO  [17:24:28.679] [bbotk]  num.trees classif.ce warnings errors runtime_learners
INFO  [17:24:28.679] [bbotk]        163  0.1620553        0      0            0.148
INFO  [17:24:28.679] [bbotk]                                 uhash
INFO  [17:24:28.679] [bbotk]  f1d7db7b-29ce-4a8a-a92a-460f9da8c929
INFO  [17:24:28.686] [bbotk] Finished optimizing after 3 evaluation(s)
INFO  [17:24:28.687] [bbotk] Result:
INFO  [17:24:28.687] [bbotk]  num.trees learner_param_vals  x_domain classif.ce
INFO  [17:24:28.687] [bbotk]      <int>             <list>    <list>      <num>
INFO  [17:24:28.687] [bbotk]        478          <list[2]> <list[1]>  0.1528327
INFO  [17:24:28.884] [bbotk] Starting to optimize 1 parameter(s) with '<OptimizerBatchRandomSearch>' and '<TerminatorEvals> [n_evals=3, k=0]'
INFO  [17:24:28.890] [bbotk] Evaluating 1 configuration(s)
INFO  [17:24:29.100] [bbotk] Result of batch 1:
INFO  [17:24:29.102] [bbotk]  num.trees classif.ce warnings errors runtime_learners
INFO  [17:24:29.102] [bbotk]        190  0.1330698        0      0            0.168
INFO  [17:24:29.102] [bbotk]                                 uhash
INFO  [17:24:29.102] [bbotk]  990ac3be-1a46-4463-9696-fff6457e0bb9
INFO  [17:24:29.104] [bbotk] Evaluating 1 configuration(s)
INFO  [17:24:29.400] [bbotk] Result of batch 2:
INFO  [17:24:29.401] [bbotk]  num.trees classif.ce warnings errors runtime_learners
INFO  [17:24:29.401] [bbotk]        345  0.1370224        0      0            0.238
INFO  [17:24:29.401] [bbotk]                                 uhash
INFO  [17:24:29.401] [bbotk]  67d07b98-1dff-49bf-8109-a3c6f8b5d357
INFO  [17:24:29.404] [bbotk] Evaluating 1 configuration(s)
INFO  [17:24:29.646] [bbotk] Result of batch 3:
INFO  [17:24:29.647] [bbotk]  num.trees classif.ce warnings errors runtime_learners
INFO  [17:24:29.647] [bbotk]        237   0.140975        0      0            0.192
INFO  [17:24:29.647] [bbotk]                                 uhash
INFO  [17:24:29.647] [bbotk]  bc7098e5-94a0-4ed6-8304-a8ab8e66b302
INFO  [17:24:29.653] [bbotk] Finished optimizing after 3 evaluation(s)
INFO  [17:24:29.654] [bbotk] Result:
INFO  [17:24:29.655] [bbotk]  num.trees learner_param_vals  x_domain classif.ce
INFO  [17:24:29.655] [bbotk]      <int>             <list>    <list>      <num>
INFO  [17:24:29.655] [bbotk]        190          <list[2]> <list[1]>  0.1330698
INFO  [17:24:29.773] [bbotk] Starting to optimize 1 parameter(s) with '<OptimizerBatchRandomSearch>' and '<TerminatorEvals> [n_evals=3, k=0]'
INFO  [17:24:29.778] [bbotk] Evaluating 1 configuration(s)
INFO  [17:24:30.076] [bbotk] Result of batch 1:
INFO  [17:24:30.079] [bbotk]  num.trees classif.ce warnings errors runtime_learners
INFO  [17:24:30.079] [bbotk]        283  0.1475626        0      0             0.24
INFO  [17:24:30.079] [bbotk]                                 uhash
INFO  [17:24:30.079] [bbotk]  dbbe32d0-d50c-4626-82ec-0fc62cc23e22
INFO  [17:24:30.084] [bbotk] Evaluating 1 configuration(s)
INFO  [17:24:30.457] [bbotk] Result of batch 2:
INFO  [17:24:30.458] [bbotk]  num.trees classif.ce warnings errors runtime_learners
INFO  [17:24:30.458] [bbotk]        477  0.1501976        0      0            0.337
INFO  [17:24:30.458] [bbotk]                                 uhash
INFO  [17:24:30.458] [bbotk]  84e64ea7-09ec-4f77-adf9-03e450afedea
INFO  [17:24:30.460] [bbotk] Evaluating 1 configuration(s)
INFO  [17:24:30.711] [bbotk] Result of batch 3:
INFO  [17:24:30.712] [bbotk]  num.trees classif.ce warnings errors runtime_learners
INFO  [17:24:30.712] [bbotk]        260  0.1462451        0      0            0.202
INFO  [17:24:30.712] [bbotk]                                 uhash
INFO  [17:24:30.712] [bbotk]  62c40b20-8844-4fbc-ae69-1b64d2d7db23
INFO  [17:24:30.723] [bbotk] Finished optimizing after 3 evaluation(s)
INFO  [17:24:30.723] [bbotk] Result:
INFO  [17:24:30.724] [bbotk]  num.trees learner_param_vals  x_domain classif.ce
INFO  [17:24:30.724] [bbotk]      <int>             <list>    <list>      <num>
INFO  [17:24:30.724] [bbotk]        260          <list[2]> <list[1]>  0.1462451
INFO  [17:24:30.852] [bbotk] Starting to optimize 1 parameter(s) with '<OptimizerBatchRandomSearch>' and '<TerminatorEvals> [n_evals=3, k=0]'
INFO  [17:24:30.858] [bbotk] Evaluating 1 configuration(s)
INFO  [17:24:31.278] [bbotk] Result of batch 1:
INFO  [17:24:31.279] [bbotk]  num.trees classif.ce warnings errors runtime_learners
INFO  [17:24:31.279] [bbotk]        487  0.1539479        0      0            0.375
INFO  [17:24:31.279] [bbotk]                                 uhash
INFO  [17:24:31.279] [bbotk]  79243d62-14c5-4317-8bfa-e6cdd36bb0e3
INFO  [17:24:31.281] [bbotk] Evaluating 1 configuration(s)
INFO  [17:24:31.558] [bbotk] Result of batch 2:
INFO  [17:24:31.559] [bbotk]  num.trees classif.ce warnings errors runtime_learners
INFO  [17:24:31.559] [bbotk]        267  0.1565881        0      0            0.229
INFO  [17:24:31.559] [bbotk]                                 uhash
INFO  [17:24:31.559] [bbotk]  beb650ce-af14-46b3-a249-aa88d7a44a43
INFO  [17:24:31.561] [bbotk] Evaluating 1 configuration(s)
INFO  [17:24:31.940] [bbotk] Result of batch 3:
INFO  [17:24:31.941] [bbotk]  num.trees classif.ce warnings errors runtime_learners
INFO  [17:24:31.941] [bbotk]        430   0.148683        0      0            0.346
INFO  [17:24:31.941] [bbotk]                                 uhash
INFO  [17:24:31.941] [bbotk]  2d5287c5-d0db-428b-a0ae-dec232cfd3d7
INFO  [17:24:31.948] [bbotk] Finished optimizing after 3 evaluation(s)
INFO  [17:24:31.948] [bbotk] Result:
INFO  [17:24:31.949] [bbotk]  num.trees learner_param_vals  x_domain classif.ce
INFO  [17:24:31.949] [bbotk]      <int>             <list>    <list>      <num>
INFO  [17:24:31.949] [bbotk]        430          <list[2]> <list[1]>   0.148683
Warning: glm.fit: fitted probabilities numerically 0 or 1 occurred
This happened PipeOp classif.ranger's $train()
[1] -64.53655
[1] 40.75359

### [bt]: Job terminated successfully [batchtools job.id=2882]
### [bt]: Starting job [batchtools job.id=2883]
### [bt]: Generating problem instance for problem '6390d9e81da17366' ...
### [bt]: Applying algorithm 'run_learner' on problem '6390d9e81da17366' for job 2883 (seed = 2884) ...
INFO  [17:24:32.301] [mlr3] Applying learner 'classif.ranger.tuned_calib.oof_beta' on task 'qsar-biodeg' (iter 3/10)
INFO  [17:24:32.397] [bbotk] Starting to optimize 1 parameter(s) with '<OptimizerBatchRandomSearch>' and '<TerminatorEvals> [n_evals=3, k=0]'
INFO  [17:24:32.408] [bbotk] Evaluating 1 configuration(s)
INFO  [17:24:32.749] [bbotk] Result of batch 1:
INFO  [17:24:32.749] [bbotk]  num.trees classif.ce warnings errors runtime_learners
INFO  [17:24:32.749] [bbotk]        338   0.140975        0      0            0.274
INFO  [17:24:32.749] [bbotk]                                 uhash
INFO  [17:24:32.749] [bbotk]  a7b3c45e-7beb-4df8-a571-39f20dce9c66
INFO  [17:24:32.754] [bbotk] Evaluating 1 configuration(s)
INFO  [17:24:32.973] [bbotk] Result of batch 2:
INFO  [17:24:32.975] [bbotk]  num.trees classif.ce warnings errors runtime_learners
INFO  [17:24:32.975] [bbotk]        211  0.1383399        0      0            0.157
INFO  [17:24:32.975] [bbotk]                                 uhash
INFO  [17:24:32.975] [bbotk]  bae34236-2ae8-46ab-9b4a-789ba8a63081
INFO  [17:24:32.980] [bbotk] Evaluating 1 configuration(s)
INFO  [17:24:33.127] [bbotk] Result of batch 3:
INFO  [17:24:33.128] [bbotk]  num.trees classif.ce warnings errors runtime_learners
INFO  [17:24:33.128] [bbotk]        133    0.14361        0      0              0.1
INFO  [17:24:33.128] [bbotk]                                 uhash
INFO  [17:24:33.128] [bbotk]  d5fa3bfe-14cd-41d8-a76d-9e60f8799676
INFO  [17:24:33.138] [bbotk] Finished optimizing after 3 evaluation(s)
INFO  [17:24:33.139] [bbotk] Result:
INFO  [17:24:33.141] [bbotk]  num.trees learner_param_vals  x_domain classif.ce
INFO  [17:24:33.141] [bbotk]      <int>             <list>    <list>      <num>
INFO  [17:24:33.141] [bbotk]        211          <list[2]> <list[1]>  0.1383399
INFO  [17:24:33.301] [bbotk] Starting to optimize 1 parameter(s) with '<OptimizerBatchRandomSearch>' and '<TerminatorEvals> [n_evals=3, k=0]'
INFO  [17:24:33.314] [bbotk] Evaluating 1 configuration(s)
INFO  [17:24:33.642] [bbotk] Result of batch 1:
INFO  [17:24:33.644] [bbotk]  num.trees classif.ce warnings errors runtime_learners
INFO  [17:24:33.644] [bbotk]        358  0.1225296        0      0            0.278
INFO  [17:24:33.644] [bbotk]                                 uhash
INFO  [17:24:33.644] [bbotk]  4eb8f91d-e4a1-4047-ae11-21d04d9d0ee8
INFO  [17:24:33.649] [bbotk] Evaluating 1 configuration(s)
INFO  [17:24:33.955] [bbotk] Result of batch 2:
INFO  [17:24:33.957] [bbotk]  num.trees classif.ce warnings errors runtime_learners
INFO  [17:24:33.957] [bbotk]        328  0.1264822        0      0             0.26
INFO  [17:24:33.957] [bbotk]                                 uhash
INFO  [17:24:33.957] [bbotk]  91b3cb6f-db61-4bf6-8445-ddcfb2855aa8
INFO  [17:24:33.962] [bbotk] Evaluating 1 configuration(s)
INFO  [17:24:34.253] [bbotk] Result of batch 3:
INFO  [17:24:34.254] [bbotk]  num.trees classif.ce warnings errors runtime_learners
INFO  [17:24:34.254] [bbotk]        318  0.1212121        0      0            0.236
INFO  [17:24:34.254] [bbotk]                                 uhash
INFO  [17:24:34.254] [bbotk]  77479f3f-e617-467a-892f-fca95a0eaf64
INFO  [17:24:34.262] [bbotk] Finished optimizing after 3 evaluation(s)
INFO  [17:24:34.263] [bbotk] Result:
INFO  [17:24:34.264] [bbotk]  num.trees learner_param_vals  x_domain classif.ce
INFO  [17:24:34.264] [bbotk]      <int>             <list>    <list>      <num>
INFO  [17:24:34.264] [bbotk]        318          <list[2]> <list[1]>  0.1212121
INFO  [17:24:34.431] [bbotk] Starting to optimize 1 parameter(s) with '<OptimizerBatchRandomSearch>' and '<TerminatorEvals> [n_evals=3, k=0]'
INFO  [17:24:34.436] [bbotk] Evaluating 1 configuration(s)
INFO  [17:24:34.628] [bbotk] Result of batch 1:
INFO  [17:24:34.629] [bbotk]  num.trees classif.ce warnings errors runtime_learners
INFO  [17:24:34.629] [bbotk]        181  0.1343874        0      0             0.15
INFO  [17:24:34.629] [bbotk]                                 uhash
INFO  [17:24:34.629] [bbotk]  e3db4e07-3a48-4b2a-bf0a-82761005faa1
INFO  [17:24:34.635] [bbotk] Evaluating 1 configuration(s)
INFO  [17:24:34.842] [bbotk] Result of batch 2:
INFO  [17:24:34.847] [bbotk]  num.trees classif.ce warnings errors runtime_learners
INFO  [17:24:34.847] [bbotk]        168  0.1370224        0      0            0.142
INFO  [17:24:34.847] [bbotk]                                 uhash
INFO  [17:24:34.847] [bbotk]  0e43c6ba-79da-4577-889f-258952a99c78
INFO  [17:24:34.852] [bbotk] Evaluating 1 configuration(s)
INFO  [17:24:35.123] [bbotk] Result of batch 3:
INFO  [17:24:35.125] [bbotk]  num.trees classif.ce warnings errors runtime_learners
INFO  [17:24:35.125] [bbotk]        267  0.1422925        0      0             0.22
INFO  [17:24:35.125] [bbotk]                                 uhash
INFO  [17:24:35.125] [bbotk]  edf08741-057e-4406-b425-cc38c09fa605
INFO  [17:24:35.151] [bbotk] Finished optimizing after 3 evaluation(s)
INFO  [17:24:35.152] [bbotk] Result:
INFO  [17:24:35.153] [bbotk]  num.trees learner_param_vals  x_domain classif.ce
INFO  [17:24:35.153] [bbotk]      <int>             <list>    <list>      <num>
INFO  [17:24:35.153] [bbotk]        181          <list[2]> <list[1]>  0.1343874
INFO  [17:24:35.316] [bbotk] Starting to optimize 1 parameter(s) with '<OptimizerBatchRandomSearch>' and '<TerminatorEvals> [n_evals=3, k=0]'
INFO  [17:24:35.329] [bbotk] Evaluating 1 configuration(s)
INFO  [17:24:35.763] [bbotk] Result of batch 1:
INFO  [17:24:35.764] [bbotk]  num.trees classif.ce warnings errors runtime_learners
INFO  [17:24:35.764] [bbotk]        498  0.1330698        0      0            0.378
INFO  [17:24:35.764] [bbotk]                                 uhash
INFO  [17:24:35.764] [bbotk]  ee1ae2bf-104b-4083-be0f-b2dd4b7deb3b
INFO  [17:24:35.766] [bbotk] Evaluating 1 configuration(s)
INFO  [17:24:36.140] [bbotk] Result of batch 2:
INFO  [17:24:36.141] [bbotk]  num.trees classif.ce warnings errors runtime_learners
INFO  [17:24:36.141] [bbotk]        427  0.1330698        0      0            0.326
INFO  [17:24:36.141] [bbotk]                                 uhash
INFO  [17:24:36.141] [bbotk]  a413ed02-ab93-408d-8407-d5401facee46
INFO  [17:24:36.145] [bbotk] Evaluating 1 configuration(s)
INFO  [17:24:36.541] [bbotk] Result of batch 3:
INFO  [17:24:36.542] [bbotk]  num.trees classif.ce warnings errors runtime_learners
INFO  [17:24:36.542] [bbotk]        475  0.1370224        0      0            0.348
INFO  [17:24:36.542] [bbotk]                                 uhash
INFO  [17:24:36.542] [bbotk]  12f2e911-ecd1-4582-83c6-71bc428b9929
INFO  [17:24:36.548] [bbotk] Finished optimizing after 3 evaluation(s)
INFO  [17:24:36.548] [bbotk] Result:
INFO  [17:24:36.549] [bbotk]  num.trees learner_param_vals  x_domain classif.ce
INFO  [17:24:36.549] [bbotk]      <int>             <list>    <list>      <num>
INFO  [17:24:36.549] [bbotk]        498          <list[2]> <list[1]>  0.1330698
INFO  [17:24:36.793] [bbotk] Starting to optimize 1 parameter(s) with '<OptimizerBatchRandomSearch>' and '<TerminatorEvals> [n_evals=3, k=0]'
INFO  [17:24:36.797] [bbotk] Evaluating 1 configuration(s)
INFO  [17:24:37.143] [bbotk] Result of batch 1:
INFO  [17:24:37.144] [bbotk]  num.trees classif.ce warnings errors runtime_learners
INFO  [17:24:37.144] [bbotk]        407  0.1381687        0      0            0.296
INFO  [17:24:37.144] [bbotk]                                 uhash
INFO  [17:24:37.144] [bbotk]  781755b0-3cfe-4702-9e7f-33d16beca790
INFO  [17:24:37.147] [bbotk] Evaluating 1 configuration(s)
INFO  [17:24:37.526] [bbotk] Result of batch 2:
INFO  [17:24:37.527] [bbotk]  num.trees classif.ce warnings errors runtime_learners
INFO  [17:24:37.527] [bbotk]        401  0.1381739        0      0             0.32
INFO  [17:24:37.527] [bbotk]                                 uhash
INFO  [17:24:37.527] [bbotk]  7eb916fb-9e65-4ddd-89c6-251be0237368
INFO  [17:24:37.529] [bbotk] Evaluating 1 configuration(s)
INFO  [17:24:37.925] [bbotk] Result of batch 3:
INFO  [17:24:37.926] [bbotk]  num.trees classif.ce warnings errors runtime_learners
INFO  [17:24:37.926] [bbotk]        396  0.1447615        0      0            0.311
INFO  [17:24:37.926] [bbotk]                                 uhash
INFO  [17:24:37.926] [bbotk]  055359d7-d78f-4ecf-98cf-d0d555efb2a6
INFO  [17:24:37.936] [bbotk] Finished optimizing after 3 evaluation(s)
INFO  [17:24:37.936] [bbotk] Result:
INFO  [17:24:37.937] [bbotk]  num.trees learner_param_vals  x_domain classif.ce
INFO  [17:24:37.937] [bbotk]      <int>             <list>    <list>      <num>
INFO  [17:24:37.937] [bbotk]        407          <list[2]> <list[1]>  0.1381687
Warning: glm.fit: fitted probabilities numerically 0 or 1 occurred
This happened PipeOp classif.ranger's $train()
[1] -58.89149
[1] 46.97769

### [bt]: Job terminated successfully [batchtools job.id=2883]
### [bt]: Starting job [batchtools job.id=2884]
### [bt]: Generating problem instance for problem '6390d9e81da17366' ...
### [bt]: Applying algorithm 'run_learner' on problem '6390d9e81da17366' for job 2884 (seed = 2885) ...
INFO  [17:24:38.257] [mlr3] Applying learner 'classif.ranger.tuned_calib.oof_beta' on task 'qsar-biodeg' (iter 4/10)
INFO  [17:24:38.312] [bbotk] Starting to optimize 1 parameter(s) with '<OptimizerBatchRandomSearch>' and '<TerminatorEvals> [n_evals=3, k=0]'
INFO  [17:24:38.337] [bbotk] Evaluating 1 configuration(s)
INFO  [17:24:38.608] [bbotk] Result of batch 1:
INFO  [17:24:38.609] [bbotk]  num.trees classif.ce warnings errors runtime_learners
INFO  [17:24:38.609] [bbotk]        259  0.1475626        0      0            0.225
INFO  [17:24:38.609] [bbotk]                                 uhash
INFO  [17:24:38.609] [bbotk]  37a650d1-1c7a-4d18-98c0-bf9f5987ffbe
INFO  [17:24:38.616] [bbotk] Evaluating 1 configuration(s)
INFO  [17:24:38.786] [bbotk] Result of batch 2:
INFO  [17:24:38.787] [bbotk]  num.trees classif.ce warnings errors runtime_learners
INFO  [17:24:38.787] [bbotk]        116  0.1515152        0      0            0.116
INFO  [17:24:38.787] [bbotk]                                 uhash
INFO  [17:24:38.787] [bbotk]  7fdc2dd0-d6ac-4af6-bcc4-7bc347a64d0c
INFO  [17:24:38.792] [bbotk] Evaluating 1 configuration(s)
INFO  [17:24:38.964] [bbotk] Result of batch 3:
INFO  [17:24:38.966] [bbotk]  num.trees classif.ce warnings errors runtime_learners
INFO  [17:24:38.966] [bbotk]        160  0.1475626        0      0            0.126
INFO  [17:24:38.966] [bbotk]                                 uhash
INFO  [17:24:38.966] [bbotk]  a6e26169-724a-4ea1-a810-122ba6716597
INFO  [17:24:38.976] [bbotk] Finished optimizing after 3 evaluation(s)
INFO  [17:24:38.976] [bbotk] Result:
INFO  [17:24:38.977] [bbotk]  num.trees learner_param_vals  x_domain classif.ce
INFO  [17:24:38.977] [bbotk]      <int>             <list>    <list>      <num>
INFO  [17:24:38.977] [bbotk]        259          <list[2]> <list[1]>  0.1475626
INFO  [17:24:39.120] [bbotk] Starting to optimize 1 parameter(s) with '<OptimizerBatchRandomSearch>' and '<TerminatorEvals> [n_evals=3, k=0]'
INFO  [17:24:39.138] [bbotk] Evaluating 1 configuration(s)
INFO  [17:24:39.361] [bbotk] Result of batch 1:
INFO  [17:24:39.362] [bbotk]  num.trees classif.ce warnings errors runtime_learners
INFO  [17:24:39.362] [bbotk]        193  0.1396574        0      0            0.168
INFO  [17:24:39.362] [bbotk]                                 uhash
INFO  [17:24:39.362] [bbotk]  b11a6a4d-af5a-496f-8631-6dbbccf562b6
INFO  [17:24:39.365] [bbotk] Evaluating 1 configuration(s)
INFO  [17:24:39.590] [bbotk] Result of batch 2:
INFO  [17:24:39.591] [bbotk]  num.trees classif.ce warnings errors runtime_learners
INFO  [17:24:39.591] [bbotk]        249  0.1330698        0      0            0.179
INFO  [17:24:39.591] [bbotk]                                 uhash
INFO  [17:24:39.591] [bbotk]  872dc382-552c-4ff3-a70b-c5f0498f857f
INFO  [17:24:39.593] [bbotk] Evaluating 1 configuration(s)
INFO  [17:24:39.969] [bbotk] Result of batch 3:
INFO  [17:24:39.971] [bbotk]  num.trees classif.ce warnings errors runtime_learners
INFO  [17:24:39.971] [bbotk]        438  0.1343874        0      0            0.337
INFO  [17:24:39.971] [bbotk]                                 uhash
INFO  [17:24:39.971] [bbotk]  e90049e6-1a0d-4985-b943-e991c030986d
INFO  [17:24:39.990] [bbotk] Finished optimizing after 3 evaluation(s)
INFO  [17:24:39.990] [bbotk] Result:
INFO  [17:24:39.991] [bbotk]  num.trees learner_param_vals  x_domain classif.ce
INFO  [17:24:39.991] [bbotk]      <int>             <list>    <list>      <num>
INFO  [17:24:39.991] [bbotk]        249          <list[2]> <list[1]>  0.1330698
INFO  [17:24:40.128] [bbotk] Starting to optimize 1 parameter(s) with '<OptimizerBatchRandomSearch>' and '<TerminatorEvals> [n_evals=3, k=0]'
INFO  [17:24:40.138] [bbotk] Evaluating 1 configuration(s)
INFO  [17:24:40.318] [bbotk] Result of batch 1:
INFO  [17:24:40.319] [bbotk]  num.trees classif.ce warnings errors runtime_learners
INFO  [17:24:40.319] [bbotk]        147  0.1304348        0      0            0.127
INFO  [17:24:40.319] [bbotk]                                 uhash
INFO  [17:24:40.319] [bbotk]  241696b3-dace-4db2-b2d2-6a730c7f206e
INFO  [17:24:40.322] [bbotk] Evaluating 1 configuration(s)
INFO  [17:24:40.622] [bbotk] Result of batch 2:
INFO  [17:24:40.622] [bbotk]  num.trees classif.ce warnings errors runtime_learners
INFO  [17:24:40.622] [bbotk]        360  0.1357049        0      0            0.251
INFO  [17:24:40.622] [bbotk]                                 uhash
INFO  [17:24:40.622] [bbotk]  8d3f763e-03cc-46c1-82ce-b84b67a768df
INFO  [17:24:40.626] [bbotk] Evaluating 1 configuration(s)
INFO  [17:24:40.779] [bbotk] Result of batch 3:
INFO  [17:24:40.781] [bbotk]  num.trees classif.ce warnings errors runtime_learners
INFO  [17:24:40.781] [bbotk]        115  0.1396574        0      0            0.115
INFO  [17:24:40.781] [bbotk]                                 uhash
INFO  [17:24:40.781] [bbotk]  f17aa444-30ae-4633-acc6-f3d9df9761d7
INFO  [17:24:40.788] [bbotk] Finished optimizing after 3 evaluation(s)
INFO  [17:24:40.789] [bbotk] Result:
INFO  [17:24:40.790] [bbotk]  num.trees learner_param_vals  x_domain classif.ce
INFO  [17:24:40.790] [bbotk]      <int>             <list>    <list>      <num>
INFO  [17:24:40.790] [bbotk]        147          <list[2]> <list[1]>  0.1304348
INFO  [17:24:40.916] [bbotk] Starting to optimize 1 parameter(s) with '<OptimizerBatchRandomSearch>' and '<TerminatorEvals> [n_evals=3, k=0]'
INFO  [17:24:40.924] [bbotk] Evaluating 1 configuration(s)
INFO  [17:24:41.320] [bbotk] Result of batch 1:
INFO  [17:24:41.322] [bbotk]  num.trees classif.ce warnings errors runtime_learners
INFO  [17:24:41.322] [bbotk]        469  0.1370224        0      0            0.338
INFO  [17:24:41.322] [bbotk]                                 uhash
INFO  [17:24:41.322] [bbotk]  f72722c4-653f-4597-8624-eeeca9ffe1ab
INFO  [17:24:41.325] [bbotk] Evaluating 1 configuration(s)
INFO  [17:24:41.625] [bbotk] Result of batch 2:
INFO  [17:24:41.626] [bbotk]  num.trees classif.ce warnings errors runtime_learners
INFO  [17:24:41.626] [bbotk]        327  0.1449275        0      0            0.254
INFO  [17:24:41.626] [bbotk]                                 uhash
INFO  [17:24:41.626] [bbotk]  74a13f22-e976-4207-8288-b6dba79e2b04
INFO  [17:24:41.629] [bbotk] Evaluating 1 configuration(s)
INFO  [17:24:41.981] [bbotk] Result of batch 3:
INFO  [17:24:41.982] [bbotk]  num.trees classif.ce warnings errors runtime_learners
INFO  [17:24:41.982] [bbotk]        427  0.1383399        0      0            0.321
INFO  [17:24:41.982] [bbotk]                                 uhash
INFO  [17:24:41.982] [bbotk]  1983a515-4cbc-4b3f-b5c5-a60267f411e0
INFO  [17:24:41.988] [bbotk] Finished optimizing after 3 evaluation(s)
INFO  [17:24:41.989] [bbotk] Result:
INFO  [17:24:41.989] [bbotk]  num.trees learner_param_vals  x_domain classif.ce
INFO  [17:24:41.989] [bbotk]      <int>             <list>    <list>      <num>
INFO  [17:24:41.989] [bbotk]        469          <list[2]> <list[1]>  0.1370224
INFO  [17:24:42.212] [bbotk] Starting to optimize 1 parameter(s) with '<OptimizerBatchRandomSearch>' and '<TerminatorEvals> [n_evals=3, k=0]'
INFO  [17:24:42.218] [bbotk] Evaluating 1 configuration(s)
INFO  [17:24:42.570] [bbotk] Result of batch 1:
INFO  [17:24:42.571] [bbotk]  num.trees classif.ce warnings errors runtime_learners
INFO  [17:24:42.571] [bbotk]        425  0.1315863        0      0            0.309
INFO  [17:24:42.571] [bbotk]                                 uhash
INFO  [17:24:42.571] [bbotk]  4772b78e-9285-4181-8626-1e36f6bd5a88
INFO  [17:24:42.574] [bbotk] Evaluating 1 configuration(s)
INFO  [17:24:42.862] [bbotk] Result of batch 2:
INFO  [17:24:42.873] [bbotk]  num.trees classif.ce warnings errors runtime_learners
INFO  [17:24:42.873] [bbotk]        328  0.1342162        0      0            0.248
INFO  [17:24:42.873] [bbotk]                                 uhash
INFO  [17:24:42.873] [bbotk]  a9dfa142-6f5d-465f-8466-e1b2dd40eb99
INFO  [17:24:42.876] [bbotk] Evaluating 1 configuration(s)
INFO  [17:24:43.084] [bbotk] Result of batch 3:
INFO  [17:24:43.084] [bbotk]  num.trees classif.ce warnings errors runtime_learners
INFO  [17:24:43.084] [bbotk]        204  0.1276389        0      0             0.16
INFO  [17:24:43.084] [bbotk]                                 uhash
INFO  [17:24:43.084] [bbotk]  a2c2b82f-b3c2-4c4a-a433-bd12ec6785dd
INFO  [17:24:43.091] [bbotk] Finished optimizing after 3 evaluation(s)
INFO  [17:24:43.092] [bbotk] Result:
INFO  [17:24:43.092] [bbotk]  num.trees learner_param_vals  x_domain classif.ce
INFO  [17:24:43.092] [bbotk]      <int>             <list>    <list>      <num>
INFO  [17:24:43.092] [bbotk]        204          <list[2]> <list[1]>  0.1276389
Warning: glm.fit: fitted probabilities numerically 0 or 1 occurred
This happened PipeOp classif.ranger's $train()
[1] -46.17728
[1] 52.70674

### [bt]: Job terminated successfully [batchtools job.id=2884]
### [bt]: Starting job [batchtools job.id=2885]
### [bt]: Generating problem instance for problem '6390d9e81da17366' ...
### [bt]: Applying algorithm 'run_learner' on problem '6390d9e81da17366' for job 2885 (seed = 2886) ...
INFO  [17:24:43.338] [mlr3] Applying learner 'classif.ranger.tuned_calib.oof_beta' on task 'qsar-biodeg' (iter 5/10)
INFO  [17:24:43.435] [bbotk] Starting to optimize 1 parameter(s) with '<OptimizerBatchRandomSearch>' and '<TerminatorEvals> [n_evals=3, k=0]'
INFO  [17:24:43.466] [bbotk] Evaluating 1 configuration(s)
INFO  [17:24:43.702] [bbotk] Result of batch 1:
INFO  [17:24:43.704] [bbotk]  num.trees classif.ce warnings errors runtime_learners
INFO  [17:24:43.704] [bbotk]        128  0.1554677        0      0            0.155
INFO  [17:24:43.704] [bbotk]                                 uhash
INFO  [17:24:43.704] [bbotk]  5809d2b8-757d-4a23-8d6a-f6b90c728162
INFO  [17:24:43.712] [bbotk] Evaluating 1 configuration(s)
INFO  [17:24:44.053] [bbotk] Result of batch 2:
INFO  [17:24:44.054] [bbotk]  num.trees classif.ce warnings errors runtime_learners
INFO  [17:24:44.054] [bbotk]        374  0.1620553        0      0            0.299
INFO  [17:24:44.054] [bbotk]                                 uhash
INFO  [17:24:44.054] [bbotk]  19c8cab1-b994-4932-bd8a-c8fc8a7c2a21
INFO  [17:24:44.057] [bbotk] Evaluating 1 configuration(s)
INFO  [17:24:44.240] [bbotk] Result of batch 3:
INFO  [17:24:44.244] [bbotk]  num.trees classif.ce warnings errors runtime_learners
INFO  [17:24:44.244] [bbotk]        148  0.1594203        0      0            0.129
INFO  [17:24:44.244] [bbotk]                                 uhash
INFO  [17:24:44.244] [bbotk]  c9e48c36-47b8-4a90-b347-55faf24da287
INFO  [17:24:44.260] [bbotk] Finished optimizing after 3 evaluation(s)
INFO  [17:24:44.261] [bbotk] Result:
INFO  [17:24:44.261] [bbotk]  num.trees learner_param_vals  x_domain classif.ce
INFO  [17:24:44.261] [bbotk]      <int>             <list>    <list>      <num>
INFO  [17:24:44.261] [bbotk]        128          <list[2]> <list[1]>  0.1554677
INFO  [17:24:44.413] [bbotk] Starting to optimize 1 parameter(s) with '<OptimizerBatchRandomSearch>' and '<TerminatorEvals> [n_evals=3, k=0]'
INFO  [17:24:44.418] [bbotk] Evaluating 1 configuration(s)
INFO  [17:24:44.636] [bbotk] Result of batch 1:
INFO  [17:24:44.636] [bbotk]  num.trees classif.ce warnings errors runtime_learners
INFO  [17:24:44.636] [bbotk]        201    0.14361        0      0            0.159
INFO  [17:24:44.636] [bbotk]                                 uhash
INFO  [17:24:44.636] [bbotk]  66669e73-f551-4d29-a1a0-451e4470e602
INFO  [17:24:44.646] [bbotk] Evaluating 1 configuration(s)
INFO  [17:24:44.994] [bbotk] Result of batch 2:
INFO  [17:24:44.996] [bbotk]  num.trees classif.ce warnings errors runtime_learners
INFO  [17:24:44.996] [bbotk]        363  0.1383399        0      0            0.276
INFO  [17:24:44.996] [bbotk]                                 uhash
INFO  [17:24:44.996] [bbotk]  1429f910-4ec3-4aa4-a2af-3f09ff887d39
INFO  [17:24:44.999] [bbotk] Evaluating 1 configuration(s)
INFO  [17:24:45.279] [bbotk] Result of batch 3:
INFO  [17:24:45.280] [bbotk]  num.trees classif.ce warnings errors runtime_learners
INFO  [17:24:45.280] [bbotk]        319  0.1396574        0      0            0.234
INFO  [17:24:45.280] [bbotk]                                 uhash
INFO  [17:24:45.280] [bbotk]  68d74557-f80e-420e-8ebe-924000c65acc
INFO  [17:24:45.286] [bbotk] Finished optimizing after 3 evaluation(s)
INFO  [17:24:45.286] [bbotk] Result:
INFO  [17:24:45.287] [bbotk]  num.trees learner_param_vals  x_domain classif.ce
INFO  [17:24:45.287] [bbotk]      <int>             <list>    <list>      <num>
INFO  [17:24:45.287] [bbotk]        363          <list[2]> <list[1]>  0.1383399
INFO  [17:24:45.473] [bbotk] Starting to optimize 1 parameter(s) with '<OptimizerBatchRandomSearch>' and '<TerminatorEvals> [n_evals=3, k=0]'
INFO  [17:24:45.481] [bbotk] Evaluating 1 configuration(s)
INFO  [17:24:45.913] [bbotk] Result of batch 1:
INFO  [17:24:45.914] [bbotk]  num.trees classif.ce warnings errors runtime_learners
INFO  [17:24:45.914] [bbotk]        473  0.1317523        0      0             0.39
INFO  [17:24:45.914] [bbotk]                                 uhash
INFO  [17:24:45.914] [bbotk]  f6998496-a53e-41fa-a532-f6ddf4e7ab51
INFO  [17:24:45.916] [bbotk] Evaluating 1 configuration(s)
INFO  [17:24:46.184] [bbotk] Result of batch 2:
INFO  [17:24:46.185] [bbotk]  num.trees classif.ce warnings errors runtime_learners
INFO  [17:24:46.185] [bbotk]        298  0.1291173        0      0            0.224
INFO  [17:24:46.185] [bbotk]                                 uhash
INFO  [17:24:46.185] [bbotk]  2e0190f8-bc6c-4763-b8c5-5c3a9a2a3f27
INFO  [17:24:46.187] [bbotk] Evaluating 1 configuration(s)
INFO  [17:24:46.540] [bbotk] Result of batch 3:
INFO  [17:24:46.541] [bbotk]  num.trees classif.ce warnings errors runtime_learners
INFO  [17:24:46.541] [bbotk]        416  0.1330698        0      0            0.309
INFO  [17:24:46.541] [bbotk]                                 uhash
INFO  [17:24:46.541] [bbotk]  cf9ac755-03e5-4390-b941-101967b73bc1
INFO  [17:24:46.548] [bbotk] Finished optimizing after 3 evaluation(s)
INFO  [17:24:46.548] [bbotk] Result:
INFO  [17:24:46.549] [bbotk]  num.trees learner_param_vals  x_domain classif.ce
INFO  [17:24:46.549] [bbotk]      <int>             <list>    <list>      <num>
INFO  [17:24:46.549] [bbotk]        298          <list[2]> <list[1]>  0.1291173
INFO  [17:24:46.725] [bbotk] Starting to optimize 1 parameter(s) with '<OptimizerBatchRandomSearch>' and '<TerminatorEvals> [n_evals=3, k=0]'
INFO  [17:24:46.730] [bbotk] Evaluating 1 configuration(s)
INFO  [17:24:47.152] [bbotk] Result of batch 1:
INFO  [17:24:47.153] [bbotk]  num.trees classif.ce warnings errors runtime_learners
INFO  [17:24:47.153] [bbotk]        465  0.1212121        0      0            0.368
INFO  [17:24:47.153] [bbotk]                                 uhash
INFO  [17:24:47.153] [bbotk]  f12e41d0-6f7d-4117-a3b7-b9d5c4d24a75
INFO  [17:24:47.157] [bbotk] Evaluating 1 configuration(s)
INFO  [17:24:47.388] [bbotk] Result of batch 2:
INFO  [17:24:47.389] [bbotk]  num.trees classif.ce warnings errors runtime_learners
INFO  [17:24:47.389] [bbotk]        242  0.1212121        0      0             0.19
INFO  [17:24:47.389] [bbotk]                                 uhash
INFO  [17:24:47.389] [bbotk]  772c34e9-2ccf-48b1-a6c0-6400d2369237
INFO  [17:24:47.392] [bbotk] Evaluating 1 configuration(s)
INFO  [17:24:47.527] [bbotk] Result of batch 3:
INFO  [17:24:47.528] [bbotk]  num.trees classif.ce warnings errors runtime_learners
INFO  [17:24:47.528] [bbotk]        106  0.1277997        0      0              0.1
INFO  [17:24:47.528] [bbotk]                                 uhash
INFO  [17:24:47.528] [bbotk]  fdddc7e6-aac5-40b7-9453-76f5c38a4e1e
INFO  [17:24:47.544] [bbotk] Finished optimizing after 3 evaluation(s)
INFO  [17:24:47.544] [bbotk] Result:
INFO  [17:24:47.545] [bbotk]  num.trees learner_param_vals  x_domain classif.ce
INFO  [17:24:47.545] [bbotk]      <int>             <list>    <list>      <num>
INFO  [17:24:47.545] [bbotk]        465          <list[2]> <list[1]>  0.1212121
INFO  [17:24:47.727] [bbotk] Starting to optimize 1 parameter(s) with '<OptimizerBatchRandomSearch>' and '<TerminatorEvals> [n_evals=3, k=0]'
INFO  [17:24:47.740] [bbotk] Evaluating 1 configuration(s)
INFO  [17:24:47.915] [bbotk] Result of batch 1:
INFO  [17:24:47.916] [bbotk]  num.trees classif.ce warnings errors runtime_learners
INFO  [17:24:47.916] [bbotk]        116  0.1289565        0      0            0.124
INFO  [17:24:47.916] [bbotk]                                 uhash
INFO  [17:24:47.916] [bbotk]  8df55965-f9a5-439c-baaa-c6b46e3e1963
INFO  [17:24:47.918] [bbotk] Evaluating 1 configuration(s)
INFO  [17:24:48.352] [bbotk] Result of batch 2:
INFO  [17:24:48.353] [bbotk]  num.trees classif.ce warnings errors runtime_learners
INFO  [17:24:48.353] [bbotk]        488  0.1355389        0      0            0.385
INFO  [17:24:48.353] [bbotk]                                 uhash
INFO  [17:24:48.353] [bbotk]  8f2e5dc7-333f-4b3b-bc99-81a9116e67e7
INFO  [17:24:48.355] [bbotk] Evaluating 1 configuration(s)
INFO  [17:24:48.750] [bbotk] Result of batch 3:
INFO  [17:24:48.752] [bbotk]  num.trees classif.ce warnings errors runtime_learners
INFO  [17:24:48.752] [bbotk]        462  0.1342214        0      0            0.358
INFO  [17:24:48.752] [bbotk]                                 uhash
INFO  [17:24:48.752] [bbotk]  71d768ba-87be-4e0b-8b76-a8e7c70050aa
INFO  [17:24:48.760] [bbotk] Finished optimizing after 3 evaluation(s)
INFO  [17:24:48.760] [bbotk] Result:
INFO  [17:24:48.761] [bbotk]  num.trees learner_param_vals  x_domain classif.ce
INFO  [17:24:48.761] [bbotk]      <int>             <list>    <list>      <num>
INFO  [17:24:48.761] [bbotk]        116          <list[2]> <list[1]>  0.1289565
Warning: glm.fit: fitted probabilities numerically 0 or 1 occurred
This happened PipeOp classif.ranger's $train()
[1] -59.59968
[1] 39.51155

### [bt]: Job terminated successfully [batchtools job.id=2885]
### [bt]: Calculation finished!
