### [bt]: This is batchtools v0.9.17
### [bt]: Starting calculation of 5 jobs
### [bt]: Setting working directory to '/Users/User/Documents/Studium/Semester8/Hiwi/mlr3calibration/vignettes'
### [bt]: Memory measurement disabled
### [bt]: Starting job [batchtools job.id=2871]
### [bt]: Generating problem instance for problem '6390d9e81da17366' ...
### [bt]: Applying algorithm 'run_learner' on problem '6390d9e81da17366' for job 2871 (seed = 2872) ...
INFO  [17:24:20.832] [mlr3] Applying learner 'classif.ranger.tuned_calib.oof_platt' on task 'qsar-biodeg' (iter 1/10)
INFO  [17:24:20.886] [bbotk] Starting to optimize 1 parameter(s) with '<OptimizerBatchRandomSearch>' and '<TerminatorEvals> [n_evals=3, k=0]'
INFO  [17:24:20.896] [bbotk] Evaluating 1 configuration(s)
INFO  [17:24:21.274] [bbotk] Result of batch 1:
INFO  [17:24:21.275] [bbotk]  num.trees classif.ce warnings errors runtime_learners
INFO  [17:24:21.275] [bbotk]        402  0.1370224        0      0            0.328
INFO  [17:24:21.275] [bbotk]                                 uhash
INFO  [17:24:21.275] [bbotk]  026d4719-9f7e-4387-900d-b6a98c183cab
INFO  [17:24:21.277] [bbotk] Evaluating 1 configuration(s)
INFO  [17:24:21.485] [bbotk] Result of batch 2:
INFO  [17:24:21.486] [bbotk]  num.trees classif.ce warnings errors runtime_learners
INFO  [17:24:21.486] [bbotk]        151    0.14361        0      0            0.153
INFO  [17:24:21.486] [bbotk]                                 uhash
INFO  [17:24:21.486] [bbotk]  d3e8868e-3fff-4cca-a876-bdde8213a4fe
INFO  [17:24:21.488] [bbotk] Evaluating 1 configuration(s)
INFO  [17:24:21.659] [bbotk] Result of batch 3:
INFO  [17:24:21.659] [bbotk]  num.trees classif.ce warnings errors runtime_learners
INFO  [17:24:21.659] [bbotk]        104  0.1383399        0      0            0.116
INFO  [17:24:21.659] [bbotk]                                 uhash
INFO  [17:24:21.659] [bbotk]  09116e7a-c093-4c90-bb21-61a0277de1bd
INFO  [17:24:21.683] [bbotk] Finished optimizing after 3 evaluation(s)
INFO  [17:24:21.684] [bbotk] Result:
INFO  [17:24:21.687] [bbotk]  num.trees learner_param_vals  x_domain classif.ce
INFO  [17:24:21.687] [bbotk]      <int>             <list>    <list>      <num>
INFO  [17:24:21.687] [bbotk]        402          <list[2]> <list[1]>  0.1370224
INFO  [17:24:22.017] [bbotk] Starting to optimize 1 parameter(s) with '<OptimizerBatchRandomSearch>' and '<TerminatorEvals> [n_evals=3, k=0]'
INFO  [17:24:22.031] [bbotk] Evaluating 1 configuration(s)
INFO  [17:24:22.448] [bbotk] Result of batch 1:
INFO  [17:24:22.448] [bbotk]  num.trees classif.ce warnings errors runtime_learners
INFO  [17:24:22.448] [bbotk]        466  0.1462451        0      0             0.37
INFO  [17:24:22.448] [bbotk]                                 uhash
INFO  [17:24:22.448] [bbotk]  82b4d07c-f9ee-414f-87f2-e337c501266b
INFO  [17:24:22.451] [bbotk] Evaluating 1 configuration(s)
INFO  [17:24:22.758] [bbotk] Result of batch 2:
INFO  [17:24:22.760] [bbotk]  num.trees classif.ce warnings errors runtime_learners
INFO  [17:24:22.760] [bbotk]        330  0.1462451        0      0            0.262
INFO  [17:24:22.760] [bbotk]                                 uhash
INFO  [17:24:22.760] [bbotk]  5dc9e2b3-fdc7-45ed-8b9c-10666fe50427
INFO  [17:24:22.764] [bbotk] Evaluating 1 configuration(s)
INFO  [17:24:22.939] [bbotk] Result of batch 3:
INFO  [17:24:22.944] [bbotk]  num.trees classif.ce warnings errors runtime_learners
INFO  [17:24:22.944] [bbotk]        117  0.1475626        0      0            0.117
INFO  [17:24:22.944] [bbotk]                                 uhash
INFO  [17:24:22.944] [bbotk]  c8410a71-a117-489c-b3de-cbe1cc21378f
INFO  [17:24:22.960] [bbotk] Finished optimizing after 3 evaluation(s)
INFO  [17:24:22.961] [bbotk] Result:
INFO  [17:24:22.961] [bbotk]  num.trees learner_param_vals  x_domain classif.ce
INFO  [17:24:22.961] [bbotk]      <int>             <list>    <list>      <num>
INFO  [17:24:22.961] [bbotk]        466          <list[2]> <list[1]>  0.1462451
INFO  [17:24:23.180] [bbotk] Starting to optimize 1 parameter(s) with '<OptimizerBatchRandomSearch>' and '<TerminatorEvals> [n_evals=3, k=0]'
INFO  [17:24:23.187] [bbotk] Evaluating 1 configuration(s)
INFO  [17:24:23.393] [bbotk] Result of batch 1:
INFO  [17:24:23.394] [bbotk]  num.trees classif.ce warnings errors runtime_learners
INFO  [17:24:23.394] [bbotk]        152  0.1330698        0      0            0.146
INFO  [17:24:23.394] [bbotk]                                 uhash
INFO  [17:24:23.394] [bbotk]  a4084398-1a79-46fe-80bf-12140196d18f
INFO  [17:24:23.397] [bbotk] Evaluating 1 configuration(s)
INFO  [17:24:23.719] [bbotk] Result of batch 2:
INFO  [17:24:23.721] [bbotk]  num.trees classif.ce warnings errors runtime_learners
INFO  [17:24:23.721] [bbotk]        348  0.1291173        0      0            0.266
INFO  [17:24:23.721] [bbotk]                                 uhash
INFO  [17:24:23.721] [bbotk]  0eb47997-4afc-41d7-9ea1-d16e8a75cb8f
INFO  [17:24:23.725] [bbotk] Evaluating 1 configuration(s)
INFO  [17:24:23.913] [bbotk] Result of batch 3:
INFO  [17:24:23.916] [bbotk]  num.trees classif.ce warnings errors runtime_learners
INFO  [17:24:23.916] [bbotk]        146  0.1330698        0      0            0.132
INFO  [17:24:23.916] [bbotk]                                 uhash
INFO  [17:24:23.916] [bbotk]  69646a2b-a928-43fa-8e77-7209b50e09be
INFO  [17:24:23.925] [bbotk] Finished optimizing after 3 evaluation(s)
INFO  [17:24:23.926] [bbotk] Result:
INFO  [17:24:23.927] [bbotk]  num.trees learner_param_vals  x_domain classif.ce
INFO  [17:24:23.927] [bbotk]      <int>             <list>    <list>      <num>
INFO  [17:24:23.927] [bbotk]        348          <list[2]> <list[1]>  0.1291173
INFO  [17:24:24.127] [bbotk] Starting to optimize 1 parameter(s) with '<OptimizerBatchRandomSearch>' and '<TerminatorEvals> [n_evals=3, k=0]'
INFO  [17:24:24.132] [bbotk] Evaluating 1 configuration(s)
INFO  [17:24:24.285] [bbotk] Result of batch 1:
INFO  [17:24:24.286] [bbotk]  num.trees classif.ce warnings errors runtime_learners
INFO  [17:24:24.286] [bbotk]        125    0.14361        0      0            0.102
INFO  [17:24:24.286] [bbotk]                                 uhash
INFO  [17:24:24.286] [bbotk]  faa10679-b90f-4d81-aaba-bd7a5050c784
INFO  [17:24:24.289] [bbotk] Evaluating 1 configuration(s)
INFO  [17:24:24.714] [bbotk] Result of batch 2:
INFO  [17:24:24.716] [bbotk]  num.trees classif.ce warnings errors runtime_learners
INFO  [17:24:24.716] [bbotk]        482  0.1449275        0      0            0.372
INFO  [17:24:24.716] [bbotk]                                 uhash
INFO  [17:24:24.716] [bbotk]  4997617b-b518-414d-a372-121756025c7c
INFO  [17:24:24.725] [bbotk] Evaluating 1 configuration(s)
INFO  [17:24:24.926] [bbotk] Result of batch 3:
INFO  [17:24:24.928] [bbotk]  num.trees classif.ce warnings errors runtime_learners
INFO  [17:24:24.928] [bbotk]        146  0.1488801        0      0            0.123
INFO  [17:24:24.928] [bbotk]                                 uhash
INFO  [17:24:24.928] [bbotk]  f73d2695-d702-436b-bddc-4a68f9950111
INFO  [17:24:24.936] [bbotk] Finished optimizing after 3 evaluation(s)
INFO  [17:24:24.936] [bbotk] Result:
INFO  [17:24:24.937] [bbotk]  num.trees learner_param_vals  x_domain classif.ce
INFO  [17:24:24.937] [bbotk]      <int>             <list>    <list>      <num>
INFO  [17:24:24.937] [bbotk]        125          <list[2]> <list[1]>    0.14361
INFO  [17:24:25.050] [bbotk] Starting to optimize 1 parameter(s) with '<OptimizerBatchRandomSearch>' and '<TerminatorEvals> [n_evals=3, k=0]'
INFO  [17:24:25.060] [bbotk] Evaluating 1 configuration(s)
INFO  [17:24:25.379] [bbotk] Result of batch 1:
INFO  [17:24:25.384] [bbotk]  num.trees classif.ce warnings errors runtime_learners
INFO  [17:24:25.384] [bbotk]        355  0.1526252        0      0             0.26
INFO  [17:24:25.384] [bbotk]                                 uhash
INFO  [17:24:25.384] [bbotk]  18abc939-2486-4263-99a8-8afebe7d6714
INFO  [17:24:25.390] [bbotk] Evaluating 1 configuration(s)
INFO  [17:24:25.798] [bbotk] Result of batch 2:
INFO  [17:24:25.802] [bbotk]  num.trees classif.ce warnings errors runtime_learners
INFO  [17:24:25.802] [bbotk]        457   0.151318        0      0            0.356
INFO  [17:24:25.802] [bbotk]                                 uhash
INFO  [17:24:25.802] [bbotk]  c1e4bdac-be7f-4fe9-b068-aac4d5ae44b6
INFO  [17:24:25.804] [bbotk] Evaluating 1 configuration(s)
INFO  [17:24:25.975] [bbotk] Result of batch 3:
INFO  [17:24:25.976] [bbotk]  num.trees classif.ce warnings errors runtime_learners
INFO  [17:24:25.976] [bbotk]        139   0.148683        0      0            0.133
INFO  [17:24:25.976] [bbotk]                                 uhash
INFO  [17:24:25.976] [bbotk]  cc393ba9-32d3-44a6-9b5c-af162421775e
INFO  [17:24:25.985] [bbotk] Finished optimizing after 3 evaluation(s)
INFO  [17:24:25.986] [bbotk] Result:
INFO  [17:24:25.987] [bbotk]  num.trees learner_param_vals  x_domain classif.ce
INFO  [17:24:25.987] [bbotk]      <int>             <list>    <list>      <num>
INFO  [17:24:25.987] [bbotk]        139          <list[2]> <list[1]>   0.148683

### [bt]: Job terminated successfully [batchtools job.id=2871]
### [bt]: Starting job [batchtools job.id=2872]
### [bt]: Generating problem instance for problem '6390d9e81da17366' ...
### [bt]: Applying algorithm 'run_learner' on problem '6390d9e81da17366' for job 2872 (seed = 2873) ...
INFO  [17:24:26.257] [mlr3] Applying learner 'classif.ranger.tuned_calib.oof_platt' on task 'qsar-biodeg' (iter 2/10)
INFO  [17:24:26.398] [bbotk] Starting to optimize 1 parameter(s) with '<OptimizerBatchRandomSearch>' and '<TerminatorEvals> [n_evals=3, k=0]'
INFO  [17:24:26.410] [bbotk] Evaluating 1 configuration(s)
INFO  [17:24:26.753] [bbotk] Result of batch 1:
INFO  [17:24:26.754] [bbotk]  num.trees classif.ce warnings errors runtime_learners
INFO  [17:24:26.754] [bbotk]        340  0.1370224        0      0            0.274
INFO  [17:24:26.754] [bbotk]                                 uhash
INFO  [17:24:26.754] [bbotk]  69e20c95-4325-412a-8ea1-f5dbea36cc41
INFO  [17:24:26.759] [bbotk] Evaluating 1 configuration(s)
INFO  [17:24:26.960] [bbotk] Result of batch 2:
INFO  [17:24:26.962] [bbotk]  num.trees classif.ce warnings errors runtime_learners
INFO  [17:24:26.962] [bbotk]        186    0.14361        0      0            0.147
INFO  [17:24:26.962] [bbotk]                                 uhash
INFO  [17:24:26.962] [bbotk]  1a3e2d67-df6c-4b2c-bf30-4fc3f190d73f
INFO  [17:24:26.970] [bbotk] Evaluating 1 configuration(s)
INFO  [17:24:27.369] [bbotk] Result of batch 3:
INFO  [17:24:27.370] [bbotk]  num.trees classif.ce warnings errors runtime_learners
INFO  [17:24:27.370] [bbotk]        391  0.1396574        0      0             0.32
INFO  [17:24:27.370] [bbotk]                                 uhash
INFO  [17:24:27.370] [bbotk]  7999b294-8134-444f-950e-1106b6549643
INFO  [17:24:27.377] [bbotk] Finished optimizing after 3 evaluation(s)
INFO  [17:24:27.378] [bbotk] Result:
INFO  [17:24:27.378] [bbotk]  num.trees learner_param_vals  x_domain classif.ce
INFO  [17:24:27.378] [bbotk]      <int>             <list>    <list>      <num>
INFO  [17:24:27.378] [bbotk]        340          <list[2]> <list[1]>  0.1370224
INFO  [17:24:27.547] [bbotk] Starting to optimize 1 parameter(s) with '<OptimizerBatchRandomSearch>' and '<TerminatorEvals> [n_evals=3, k=0]'
INFO  [17:24:27.551] [bbotk] Evaluating 1 configuration(s)
INFO  [17:24:27.945] [bbotk] Result of batch 1:
INFO  [17:24:27.946] [bbotk]  num.trees classif.ce warnings errors runtime_learners
INFO  [17:24:27.946] [bbotk]        497  0.1541502        0      0            0.366
INFO  [17:24:27.946] [bbotk]                                 uhash
INFO  [17:24:27.946] [bbotk]  883e8a0c-ed31-494e-bc37-85e4e5b6f30b
INFO  [17:24:27.948] [bbotk] Evaluating 1 configuration(s)
INFO  [17:24:28.121] [bbotk] Result of batch 2:
INFO  [17:24:28.122] [bbotk]  num.trees classif.ce warnings errors runtime_learners
INFO  [17:24:28.122] [bbotk]        136  0.1541502        0      0             0.12
INFO  [17:24:28.122] [bbotk]                                 uhash
INFO  [17:24:28.122] [bbotk]  f722889f-8455-4b33-8fb8-35b298268861
INFO  [17:24:28.125] [bbotk] Evaluating 1 configuration(s)
INFO  [17:24:28.336] [bbotk] Result of batch 3:
INFO  [17:24:28.338] [bbotk]  num.trees classif.ce warnings errors runtime_learners
INFO  [17:24:28.338] [bbotk]        159  0.1501976        0      0            0.152
INFO  [17:24:28.338] [bbotk]                                 uhash
INFO  [17:24:28.338] [bbotk]  8481eb27-2e2a-4467-9c8c-c35948680386
INFO  [17:24:28.347] [bbotk] Finished optimizing after 3 evaluation(s)
INFO  [17:24:28.347] [bbotk] Result:
INFO  [17:24:28.349] [bbotk]  num.trees learner_param_vals  x_domain classif.ce
INFO  [17:24:28.349] [bbotk]      <int>             <list>    <list>      <num>
INFO  [17:24:28.349] [bbotk]        159          <list[2]> <list[1]>  0.1501976
INFO  [17:24:28.469] [bbotk] Starting to optimize 1 parameter(s) with '<OptimizerBatchRandomSearch>' and '<TerminatorEvals> [n_evals=3, k=0]'
INFO  [17:24:28.482] [bbotk] Evaluating 1 configuration(s)
INFO  [17:24:28.788] [bbotk] Result of batch 1:
INFO  [17:24:28.790] [bbotk]  num.trees classif.ce warnings errors runtime_learners
INFO  [17:24:28.790] [bbotk]        313  0.1422925        0      0            0.253
INFO  [17:24:28.790] [bbotk]                                 uhash
INFO  [17:24:28.790] [bbotk]  86345d33-0e7a-4356-ad11-818701c65657
INFO  [17:24:28.793] [bbotk] Evaluating 1 configuration(s)
INFO  [17:24:29.060] [bbotk] Result of batch 2:
INFO  [17:24:29.061] [bbotk]  num.trees classif.ce warnings errors runtime_learners
INFO  [17:24:29.061] [bbotk]        292  0.1462451        0      0            0.214
INFO  [17:24:29.061] [bbotk]                                 uhash
INFO  [17:24:29.061] [bbotk]  7a010df3-10dd-4cfb-b473-c94416eecc20
INFO  [17:24:29.065] [bbotk] Evaluating 1 configuration(s)
INFO  [17:24:29.362] [bbotk] Result of batch 3:
INFO  [17:24:29.363] [bbotk]  num.trees classif.ce warnings errors runtime_learners
INFO  [17:24:29.363] [bbotk]        304  0.1501976        0      0            0.239
INFO  [17:24:29.363] [bbotk]                                 uhash
INFO  [17:24:29.363] [bbotk]  ad14c62e-2c39-44b7-ba82-43e2a929d1a0
INFO  [17:24:29.369] [bbotk] Finished optimizing after 3 evaluation(s)
INFO  [17:24:29.370] [bbotk] Result:
INFO  [17:24:29.370] [bbotk]  num.trees learner_param_vals  x_domain classif.ce
INFO  [17:24:29.370] [bbotk]      <int>             <list>    <list>      <num>
INFO  [17:24:29.370] [bbotk]        313          <list[2]> <list[1]>  0.1422925
INFO  [17:24:29.544] [bbotk] Starting to optimize 1 parameter(s) with '<OptimizerBatchRandomSearch>' and '<TerminatorEvals> [n_evals=3, k=0]'
INFO  [17:24:29.549] [bbotk] Evaluating 1 configuration(s)
INFO  [17:24:29.785] [bbotk] Result of batch 1:
INFO  [17:24:29.786] [bbotk]  num.trees classif.ce warnings errors runtime_learners
INFO  [17:24:29.786] [bbotk]        181  0.1370224        0      0            0.184
INFO  [17:24:29.786] [bbotk]                                 uhash
INFO  [17:24:29.786] [bbotk]  80ddb4a3-525c-42e7-af79-0ad1e8e309d8
INFO  [17:24:29.792] [bbotk] Evaluating 1 configuration(s)
INFO  [17:24:30.080] [bbotk] Result of batch 2:
INFO  [17:24:30.081] [bbotk]  num.trees classif.ce warnings errors runtime_learners
INFO  [17:24:30.081] [bbotk]        303  0.1330698        0      0             0.24
INFO  [17:24:30.081] [bbotk]                                 uhash
INFO  [17:24:30.081] [bbotk]  2cb37043-09c7-4d4a-8426-dfa6caf66e9a
INFO  [17:24:30.083] [bbotk] Evaluating 1 configuration(s)
INFO  [17:24:30.285] [bbotk] Result of batch 3:
INFO  [17:24:30.287] [bbotk]  num.trees classif.ce warnings errors runtime_learners
INFO  [17:24:30.287] [bbotk]        153  0.1370224        0      0            0.142
INFO  [17:24:30.287] [bbotk]                                 uhash
INFO  [17:24:30.287] [bbotk]  43b6214c-299e-46bc-94db-810100c2ee88
INFO  [17:24:30.298] [bbotk] Finished optimizing after 3 evaluation(s)
INFO  [17:24:30.298] [bbotk] Result:
INFO  [17:24:30.299] [bbotk]  num.trees learner_param_vals  x_domain classif.ce
INFO  [17:24:30.299] [bbotk]      <int>             <list>    <list>      <num>
INFO  [17:24:30.299] [bbotk]        303          <list[2]> <list[1]>  0.1330698
INFO  [17:24:30.456] [bbotk] Starting to optimize 1 parameter(s) with '<OptimizerBatchRandomSearch>' and '<TerminatorEvals> [n_evals=3, k=0]'
INFO  [17:24:30.462] [bbotk] Evaluating 1 configuration(s)
INFO  [17:24:30.790] [bbotk] Result of batch 1:
INFO  [17:24:30.791] [bbotk]  num.trees classif.ce warnings errors runtime_learners
INFO  [17:24:30.791] [bbotk]        334  0.1289357        0      0             0.27
INFO  [17:24:30.791] [bbotk]                                 uhash
INFO  [17:24:30.791] [bbotk]  0db07dde-7c7d-4fe8-8d0b-029d258d1212
INFO  [17:24:30.793] [bbotk] Evaluating 1 configuration(s)
INFO  [17:24:31.124] [bbotk] Result of batch 2:
INFO  [17:24:31.125] [bbotk]  num.trees classif.ce warnings errors runtime_learners
INFO  [17:24:31.125] [bbotk]        360  0.1341954        0      0            0.273
INFO  [17:24:31.125] [bbotk]                                 uhash
INFO  [17:24:31.125] [bbotk]  fe93a9c5-af09-42d7-af13-cb689c50cec3
INFO  [17:24:31.127] [bbotk] Evaluating 1 configuration(s)
INFO  [17:24:31.330] [bbotk] Result of batch 3:
INFO  [17:24:31.331] [bbotk]  num.trees classif.ce warnings errors runtime_learners
INFO  [17:24:31.331] [bbotk]        177  0.1236656        0      0            0.159
INFO  [17:24:31.331] [bbotk]                                 uhash
INFO  [17:24:31.331] [bbotk]  10a9d296-c746-4f13-bf9a-55d56224da20
INFO  [17:24:31.341] [bbotk] Finished optimizing after 3 evaluation(s)
INFO  [17:24:31.341] [bbotk] Result:
INFO  [17:24:31.342] [bbotk]  num.trees learner_param_vals  x_domain classif.ce
INFO  [17:24:31.342] [bbotk]      <int>             <list>    <list>      <num>
INFO  [17:24:31.342] [bbotk]        177          <list[2]> <list[1]>  0.1236656

### [bt]: Job terminated successfully [batchtools job.id=2872]
### [bt]: Starting job [batchtools job.id=2873]
### [bt]: Generating problem instance for problem '6390d9e81da17366' ...
### [bt]: Applying algorithm 'run_learner' on problem '6390d9e81da17366' for job 2873 (seed = 2874) ...
INFO  [17:24:31.650] [mlr3] Applying learner 'classif.ranger.tuned_calib.oof_platt' on task 'qsar-biodeg' (iter 3/10)
INFO  [17:24:31.728] [bbotk] Starting to optimize 1 parameter(s) with '<OptimizerBatchRandomSearch>' and '<TerminatorEvals> [n_evals=3, k=0]'
INFO  [17:24:31.739] [bbotk] Evaluating 1 configuration(s)
INFO  [17:24:31.996] [bbotk] Result of batch 1:
INFO  [17:24:31.998] [bbotk]  num.trees classif.ce warnings errors runtime_learners
INFO  [17:24:31.998] [bbotk]        186  0.1198946        0      0            0.154
INFO  [17:24:31.998] [bbotk]                                 uhash
INFO  [17:24:31.998] [bbotk]  3e19b77d-4243-466c-bff9-b5d33e839f6e
INFO  [17:24:32.012] [bbotk] Evaluating 1 configuration(s)
INFO  [17:24:32.366] [bbotk] Result of batch 2:
INFO  [17:24:32.366] [bbotk]  num.trees classif.ce warnings errors runtime_learners
INFO  [17:24:32.366] [bbotk]        364  0.1146245        0      0            0.284
INFO  [17:24:32.366] [bbotk]                                 uhash
INFO  [17:24:32.366] [bbotk]  a0fa4068-db00-4dbd-8385-864c3c960558
INFO  [17:24:32.369] [bbotk] Evaluating 1 configuration(s)
INFO  [17:24:32.666] [bbotk] Result of batch 3:
INFO  [17:24:32.667] [bbotk]  num.trees classif.ce warnings errors runtime_learners
INFO  [17:24:32.667] [bbotk]        351  0.1198946        0      0            0.259
INFO  [17:24:32.667] [bbotk]                                 uhash
INFO  [17:24:32.667] [bbotk]  9a8c2b6d-3c04-4ce9-a88d-3f63005fbf94
INFO  [17:24:32.678] [bbotk] Finished optimizing after 3 evaluation(s)
INFO  [17:24:32.679] [bbotk] Result:
INFO  [17:24:32.680] [bbotk]  num.trees learner_param_vals  x_domain classif.ce
INFO  [17:24:32.680] [bbotk]      <int>             <list>    <list>      <num>
INFO  [17:24:32.680] [bbotk]        364          <list[2]> <list[1]>  0.1146245
INFO  [17:24:32.856] [bbotk] Starting to optimize 1 parameter(s) with '<OptimizerBatchRandomSearch>' and '<TerminatorEvals> [n_evals=3, k=0]'
INFO  [17:24:32.863] [bbotk] Evaluating 1 configuration(s)
INFO  [17:24:33.209] [bbotk] Result of batch 1:
INFO  [17:24:33.210] [bbotk]  num.trees classif.ce warnings errors runtime_learners
INFO  [17:24:33.210] [bbotk]        394  0.1501976        0      0            0.301
INFO  [17:24:33.210] [bbotk]                                 uhash
INFO  [17:24:33.210] [bbotk]  76556c38-fad0-4223-b6d8-40f7f422cff7
INFO  [17:24:33.212] [bbotk] Evaluating 1 configuration(s)
INFO  [17:24:33.447] [bbotk] Result of batch 2:
INFO  [17:24:33.449] [bbotk]  num.trees classif.ce warnings errors runtime_learners
INFO  [17:24:33.449] [bbotk]        221  0.1488801        0      0            0.194
INFO  [17:24:33.449] [bbotk]                                 uhash
INFO  [17:24:33.449] [bbotk]  ed3741cf-ab5e-4bab-b519-5c02d86c6e10
INFO  [17:24:33.451] [bbotk] Evaluating 1 configuration(s)
INFO  [17:24:33.613] [bbotk] Result of batch 3:
INFO  [17:24:33.614] [bbotk]  num.trees classif.ce warnings errors runtime_learners
INFO  [17:24:33.614] [bbotk]        151  0.1488801        0      0            0.119
INFO  [17:24:33.614] [bbotk]                                 uhash
INFO  [17:24:33.614] [bbotk]  a8cfbebc-0607-4320-861b-79627a2c9ca8
INFO  [17:24:33.633] [bbotk] Finished optimizing after 3 evaluation(s)
INFO  [17:24:33.633] [bbotk] Result:
INFO  [17:24:33.635] [bbotk]  num.trees learner_param_vals  x_domain classif.ce
INFO  [17:24:33.635] [bbotk]      <int>             <list>    <list>      <num>
INFO  [17:24:33.635] [bbotk]        151          <list[2]> <list[1]>  0.1488801
INFO  [17:24:33.751] [bbotk] Starting to optimize 1 parameter(s) with '<OptimizerBatchRandomSearch>' and '<TerminatorEvals> [n_evals=3, k=0]'
INFO  [17:24:33.762] [bbotk] Evaluating 1 configuration(s)
INFO  [17:24:33.951] [bbotk] Result of batch 1:
INFO  [17:24:33.952] [bbotk]  num.trees classif.ce warnings errors runtime_learners
INFO  [17:24:33.952] [bbotk]        155  0.1330698        0      0            0.143
INFO  [17:24:33.952] [bbotk]                                 uhash
INFO  [17:24:33.952] [bbotk]  0a957fc5-baff-485d-a3a7-6f5583faad25
INFO  [17:24:33.956] [bbotk] Evaluating 1 configuration(s)
INFO  [17:24:34.359] [bbotk] Result of batch 2:
INFO  [17:24:34.361] [bbotk]  num.trees classif.ce warnings errors runtime_learners
INFO  [17:24:34.361] [bbotk]        467  0.1449275        0      0            0.352
INFO  [17:24:34.361] [bbotk]                                 uhash
INFO  [17:24:34.361] [bbotk]  310cbf4d-a6a2-4be6-bc41-488cdbfaa6be
INFO  [17:24:34.365] [bbotk] Evaluating 1 configuration(s)
INFO  [17:24:34.613] [bbotk] Result of batch 3:
INFO  [17:24:34.615] [bbotk]  num.trees classif.ce warnings errors runtime_learners
INFO  [17:24:34.615] [bbotk]        207  0.1462451        0      0            0.186
INFO  [17:24:34.615] [bbotk]                                 uhash
INFO  [17:24:34.615] [bbotk]  5e2dcf0a-7d79-4c87-aa0e-a85b8cc70655
INFO  [17:24:34.643] [bbotk] Finished optimizing after 3 evaluation(s)
INFO  [17:24:34.643] [bbotk] Result:
INFO  [17:24:34.644] [bbotk]  num.trees learner_param_vals  x_domain classif.ce
INFO  [17:24:34.644] [bbotk]      <int>             <list>    <list>      <num>
INFO  [17:24:34.644] [bbotk]        155          <list[2]> <list[1]>  0.1330698
INFO  [17:24:34.761] [bbotk] Starting to optimize 1 parameter(s) with '<OptimizerBatchRandomSearch>' and '<TerminatorEvals> [n_evals=3, k=0]'
INFO  [17:24:34.767] [bbotk] Evaluating 1 configuration(s)
INFO  [17:24:35.131] [bbotk] Result of batch 1:
INFO  [17:24:35.131] [bbotk]  num.trees classif.ce warnings errors runtime_learners
INFO  [17:24:35.131] [bbotk]        404  0.1370224        0      0            0.312
INFO  [17:24:35.131] [bbotk]                                 uhash
INFO  [17:24:35.131] [bbotk]  76fc7782-cc88-4462-a273-31e2608af9a4
INFO  [17:24:35.133] [bbotk] Evaluating 1 configuration(s)
INFO  [17:24:35.371] [bbotk] Result of batch 2:
INFO  [17:24:35.373] [bbotk]  num.trees classif.ce warnings errors runtime_learners
INFO  [17:24:35.373] [bbotk]        215  0.1396574        0      0            0.182
INFO  [17:24:35.373] [bbotk]                                 uhash
INFO  [17:24:35.373] [bbotk]  5747f7a6-23da-4bda-b01f-68b722b46a1f
INFO  [17:24:35.379] [bbotk] Evaluating 1 configuration(s)
INFO  [17:24:35.567] [bbotk] Result of batch 3:
INFO  [17:24:35.568] [bbotk]  num.trees classif.ce warnings errors runtime_learners
INFO  [17:24:35.568] [bbotk]        168  0.1396574        0      0            0.134
INFO  [17:24:35.568] [bbotk]                                 uhash
INFO  [17:24:35.568] [bbotk]  fc7ce03e-2f84-44fe-8f5f-518047151faf
INFO  [17:24:35.581] [bbotk] Finished optimizing after 3 evaluation(s)
INFO  [17:24:35.582] [bbotk] Result:
INFO  [17:24:35.583] [bbotk]  num.trees learner_param_vals  x_domain classif.ce
INFO  [17:24:35.583] [bbotk]      <int>             <list>    <list>      <num>
INFO  [17:24:35.583] [bbotk]        404          <list[2]> <list[1]>  0.1370224
INFO  [17:24:35.787] [bbotk] Starting to optimize 1 parameter(s) with '<OptimizerBatchRandomSearch>' and '<TerminatorEvals> [n_evals=3, k=0]'
INFO  [17:24:35.799] [bbotk] Evaluating 1 configuration(s)
INFO  [17:24:36.173] [bbotk] Result of batch 1:
INFO  [17:24:36.173] [bbotk]  num.trees classif.ce warnings errors runtime_learners
INFO  [17:24:36.173] [bbotk]        400  0.1368305        0      0            0.319
INFO  [17:24:36.173] [bbotk]                                 uhash
INFO  [17:24:36.173] [bbotk]  b8677519-08d7-45a2-947c-7915009c1766
INFO  [17:24:36.176] [bbotk] Evaluating 1 configuration(s)
INFO  [17:24:36.519] [bbotk] Result of batch 2:
INFO  [17:24:36.520] [bbotk]  num.trees classif.ce warnings errors runtime_learners
INFO  [17:24:36.520] [bbotk]        433  0.1342058        0      0            0.307
INFO  [17:24:36.520] [bbotk]                                 uhash
INFO  [17:24:36.520] [bbotk]  d41d1226-7305-4e8a-a9f2-7717415d4021
INFO  [17:24:36.523] [bbotk] Evaluating 1 configuration(s)
INFO  [17:24:36.927] [bbotk] Result of batch 3:
INFO  [17:24:36.929] [bbotk]  num.trees classif.ce warnings errors runtime_learners
INFO  [17:24:36.929] [bbotk]        492  0.1394655        0      0            0.353
INFO  [17:24:36.929] [bbotk]                                 uhash
INFO  [17:24:36.929] [bbotk]  d2001c98-5087-4c50-bada-823a13884ba1
INFO  [17:24:36.950] [bbotk] Finished optimizing after 3 evaluation(s)
INFO  [17:24:36.950] [bbotk] Result:
INFO  [17:24:36.951] [bbotk]  num.trees learner_param_vals  x_domain classif.ce
INFO  [17:24:36.951] [bbotk]      <int>             <list>    <list>      <num>
INFO  [17:24:36.951] [bbotk]        433          <list[2]> <list[1]>  0.1342058

### [bt]: Job terminated successfully [batchtools job.id=2873]
### [bt]: Starting job [batchtools job.id=2874]
### [bt]: Generating problem instance for problem '6390d9e81da17366' ...
### [bt]: Applying algorithm 'run_learner' on problem '6390d9e81da17366' for job 2874 (seed = 2875) ...
INFO  [17:24:37.340] [mlr3] Applying learner 'classif.ranger.tuned_calib.oof_platt' on task 'qsar-biodeg' (iter 4/10)
INFO  [17:24:37.417] [bbotk] Starting to optimize 1 parameter(s) with '<OptimizerBatchRandomSearch>' and '<TerminatorEvals> [n_evals=3, k=0]'
INFO  [17:24:37.433] [bbotk] Evaluating 1 configuration(s)
INFO  [17:24:37.642] [bbotk] Result of batch 1:
INFO  [17:24:37.643] [bbotk]  num.trees classif.ce warnings errors runtime_learners
INFO  [17:24:37.643] [bbotk]        207  0.1396574        0      0            0.157
INFO  [17:24:37.643] [bbotk]                                 uhash
INFO  [17:24:37.643] [bbotk]  6289ed37-142f-49d0-ba9e-28740daf5f92
INFO  [17:24:37.648] [bbotk] Evaluating 1 configuration(s)
INFO  [17:24:38.005] [bbotk] Result of batch 2:
INFO  [17:24:38.006] [bbotk]  num.trees classif.ce warnings errors runtime_learners
INFO  [17:24:38.006] [bbotk]        414  0.1422925        0      0             0.31
INFO  [17:24:38.006] [bbotk]                                 uhash
INFO  [17:24:38.006] [bbotk]  3a54bd3b-f04c-43dc-ace5-88ebdb029353
INFO  [17:24:38.010] [bbotk] Evaluating 1 configuration(s)
INFO  [17:24:38.209] [bbotk] Result of batch 3:
INFO  [17:24:38.210] [bbotk]  num.trees classif.ce warnings errors runtime_learners
INFO  [17:24:38.210] [bbotk]        214  0.1343874        0      0            0.156
INFO  [17:24:38.210] [bbotk]                                 uhash
INFO  [17:24:38.210] [bbotk]  b132fec3-55c2-41da-867e-873779964e77
INFO  [17:24:38.217] [bbotk] Finished optimizing after 3 evaluation(s)
INFO  [17:24:38.217] [bbotk] Result:
INFO  [17:24:38.219] [bbotk]  num.trees learner_param_vals  x_domain classif.ce
INFO  [17:24:38.219] [bbotk]      <int>             <list>    <list>      <num>
INFO  [17:24:38.219] [bbotk]        214          <list[2]> <list[1]>  0.1343874
INFO  [17:24:38.359] [bbotk] Starting to optimize 1 parameter(s) with '<OptimizerBatchRandomSearch>' and '<TerminatorEvals> [n_evals=3, k=0]'
INFO  [17:24:38.374] [bbotk] Evaluating 1 configuration(s)
INFO  [17:24:38.745] [bbotk] Result of batch 1:
INFO  [17:24:38.746] [bbotk]  num.trees classif.ce warnings errors runtime_learners
INFO  [17:24:38.746] [bbotk]        401  0.1515152        0      0            0.317
INFO  [17:24:38.746] [bbotk]                                 uhash
INFO  [17:24:38.746] [bbotk]  d5a0960e-919b-47e2-a9b2-d77a3d5147f8
INFO  [17:24:38.749] [bbotk] Evaluating 1 configuration(s)
INFO  [17:24:38.996] [bbotk] Result of batch 2:
INFO  [17:24:38.998] [bbotk]  num.trees classif.ce warnings errors runtime_learners
INFO  [17:24:38.998] [bbotk]        256  0.1554677        0      0             0.19
INFO  [17:24:38.998] [bbotk]                                 uhash
INFO  [17:24:38.998] [bbotk]  fdbd1bd1-ee1f-44f7-98df-964c48e23b0a
INFO  [17:24:39.002] [bbotk] Evaluating 1 configuration(s)
INFO  [17:24:39.251] [bbotk] Result of batch 3:
INFO  [17:24:39.252] [bbotk]  num.trees classif.ce warnings errors runtime_learners
INFO  [17:24:39.252] [bbotk]        254  0.1581028        0      0            0.204
INFO  [17:24:39.252] [bbotk]                                 uhash
INFO  [17:24:39.252] [bbotk]  2f9596fd-e9aa-42d8-84e0-b2306fcc5060
INFO  [17:24:39.261] [bbotk] Finished optimizing after 3 evaluation(s)
INFO  [17:24:39.262] [bbotk] Result:
INFO  [17:24:39.262] [bbotk]  num.trees learner_param_vals  x_domain classif.ce
INFO  [17:24:39.262] [bbotk]      <int>             <list>    <list>      <num>
INFO  [17:24:39.262] [bbotk]        401          <list[2]> <list[1]>  0.1515152
INFO  [17:24:39.483] [bbotk] Starting to optimize 1 parameter(s) with '<OptimizerBatchRandomSearch>' and '<TerminatorEvals> [n_evals=3, k=0]'
INFO  [17:24:39.494] [bbotk] Evaluating 1 configuration(s)
INFO  [17:24:39.717] [bbotk] Result of batch 1:
INFO  [17:24:39.718] [bbotk]  num.trees classif.ce warnings errors runtime_learners
INFO  [17:24:39.718] [bbotk]        168  0.1528327        0      0            0.169
INFO  [17:24:39.718] [bbotk]                                 uhash
INFO  [17:24:39.718] [bbotk]  7b5b6f74-e52a-43a3-b449-b08f3cb46d0d
INFO  [17:24:39.720] [bbotk] Evaluating 1 configuration(s)
INFO  [17:24:40.141] [bbotk] Result of batch 2:
INFO  [17:24:40.144] [bbotk]  num.trees classif.ce warnings errors runtime_learners
INFO  [17:24:40.144] [bbotk]        472  0.1475626        0      0            0.357
INFO  [17:24:40.144] [bbotk]                                 uhash
INFO  [17:24:40.144] [bbotk]  8e11617d-6644-42a7-8250-5c131edf60e2
INFO  [17:24:40.150] [bbotk] Evaluating 1 configuration(s)
INFO  [17:24:40.476] [bbotk] Result of batch 3:
INFO  [17:24:40.477] [bbotk]  num.trees classif.ce warnings errors runtime_learners
INFO  [17:24:40.477] [bbotk]        367  0.1462451        0      0            0.275
INFO  [17:24:40.477] [bbotk]                                 uhash
INFO  [17:24:40.477] [bbotk]  06c2cd7b-1c2e-47d6-b492-ccc913f20149
INFO  [17:24:40.490] [bbotk] Finished optimizing after 3 evaluation(s)
INFO  [17:24:40.491] [bbotk] Result:
INFO  [17:24:40.492] [bbotk]  num.trees learner_param_vals  x_domain classif.ce
INFO  [17:24:40.492] [bbotk]      <int>             <list>    <list>      <num>
INFO  [17:24:40.492] [bbotk]        367          <list[2]> <list[1]>  0.1462451
INFO  [17:24:40.678] [bbotk] Starting to optimize 1 parameter(s) with '<OptimizerBatchRandomSearch>' and '<TerminatorEvals> [n_evals=3, k=0]'
INFO  [17:24:40.682] [bbotk] Evaluating 1 configuration(s)
INFO  [17:24:41.050] [bbotk] Result of batch 1:
INFO  [17:24:41.051] [bbotk]  num.trees classif.ce warnings errors runtime_learners
INFO  [17:24:41.051] [bbotk]        442  0.1422925        0      0            0.322
INFO  [17:24:41.051] [bbotk]                                 uhash
INFO  [17:24:41.051] [bbotk]  cf0872ba-180f-41b5-962e-d8d6ed4316bc
INFO  [17:24:41.063] [bbotk] Evaluating 1 configuration(s)
INFO  [17:24:41.261] [bbotk] Result of batch 2:
INFO  [17:24:41.262] [bbotk]  num.trees classif.ce warnings errors runtime_learners
INFO  [17:24:41.262] [bbotk]        165  0.1449275        0      0            0.146
INFO  [17:24:41.262] [bbotk]                                 uhash
INFO  [17:24:41.262] [bbotk]  b984ee41-0457-4381-a55d-5b22f4b38ed9
INFO  [17:24:41.264] [bbotk] Evaluating 1 configuration(s)
INFO  [17:24:41.441] [bbotk] Result of batch 3:
INFO  [17:24:41.443] [bbotk]  num.trees classif.ce warnings errors runtime_learners
INFO  [17:24:41.443] [bbotk]        122  0.1528327        0      0            0.116
INFO  [17:24:41.443] [bbotk]                                 uhash
INFO  [17:24:41.443] [bbotk]  11ab8eb6-e18b-4bbd-ba8f-c19760fcca60
INFO  [17:24:41.455] [bbotk] Finished optimizing after 3 evaluation(s)
INFO  [17:24:41.455] [bbotk] Result:
INFO  [17:24:41.456] [bbotk]  num.trees learner_param_vals  x_domain classif.ce
INFO  [17:24:41.456] [bbotk]      <int>             <list>    <list>      <num>
INFO  [17:24:41.456] [bbotk]        442          <list[2]> <list[1]>  0.1422925
INFO  [17:24:41.718] [bbotk] Starting to optimize 1 parameter(s) with '<OptimizerBatchRandomSearch>' and '<TerminatorEvals> [n_evals=3, k=0]'
INFO  [17:24:41.732] [bbotk] Evaluating 1 configuration(s)
INFO  [17:24:41.924] [bbotk] Result of batch 1:
INFO  [17:24:41.925] [bbotk]  num.trees classif.ce warnings errors runtime_learners
INFO  [17:24:41.925] [bbotk]        164  0.1421058        0      0            0.145
INFO  [17:24:41.925] [bbotk]                                 uhash
INFO  [17:24:41.925] [bbotk]  0daf01a2-32f1-4b5b-adc0-d2cb38bdc81f
INFO  [17:24:41.931] [bbotk] Evaluating 1 configuration(s)
INFO  [17:24:42.216] [bbotk] Result of batch 2:
INFO  [17:24:42.218] [bbotk]  num.trees classif.ce warnings errors runtime_learners
INFO  [17:24:42.218] [bbotk]        336  0.1486986        0      0            0.233
INFO  [17:24:42.218] [bbotk]                                 uhash
INFO  [17:24:42.218] [bbotk]  4bfbcb74-3752-4ac2-8ddd-53f81e319b2c
INFO  [17:24:42.223] [bbotk] Evaluating 1 configuration(s)
INFO  [17:24:42.492] [bbotk] Result of batch 3:
INFO  [17:24:42.493] [bbotk]  num.trees classif.ce warnings errors runtime_learners
INFO  [17:24:42.493] [bbotk]        293  0.1460583        0      0            0.226
INFO  [17:24:42.493] [bbotk]                                 uhash
INFO  [17:24:42.493] [bbotk]  98f69ac4-576b-46da-b9df-b435c506992a
INFO  [17:24:42.499] [bbotk] Finished optimizing after 3 evaluation(s)
INFO  [17:24:42.499] [bbotk] Result:
INFO  [17:24:42.500] [bbotk]  num.trees learner_param_vals  x_domain classif.ce
INFO  [17:24:42.500] [bbotk]      <int>             <list>    <list>      <num>
INFO  [17:24:42.500] [bbotk]        164          <list[2]> <list[1]>  0.1421058

### [bt]: Job terminated successfully [batchtools job.id=2874]
### [bt]: Starting job [batchtools job.id=2875]
### [bt]: Generating problem instance for problem '6390d9e81da17366' ...
### [bt]: Applying algorithm 'run_learner' on problem '6390d9e81da17366' for job 2875 (seed = 2876) ...
INFO  [17:24:42.770] [mlr3] Applying learner 'classif.ranger.tuned_calib.oof_platt' on task 'qsar-biodeg' (iter 5/10)
INFO  [17:24:42.834] [bbotk] Starting to optimize 1 parameter(s) with '<OptimizerBatchRandomSearch>' and '<TerminatorEvals> [n_evals=3, k=0]'
INFO  [17:24:42.842] [bbotk] Evaluating 1 configuration(s)
INFO  [17:24:43.103] [bbotk] Result of batch 1:
INFO  [17:24:43.105] [bbotk]  num.trees classif.ce warnings errors runtime_learners
INFO  [17:24:43.105] [bbotk]        253    0.14361        0      0            0.191
INFO  [17:24:43.105] [bbotk]                                 uhash
INFO  [17:24:43.105] [bbotk]  fac5f618-c3b6-4a64-bd66-7dd11dac307b
INFO  [17:24:43.110] [bbotk] Evaluating 1 configuration(s)
INFO  [17:24:43.289] [bbotk] Result of batch 2:
INFO  [17:24:43.290] [bbotk]  num.trees classif.ce warnings errors runtime_learners
INFO  [17:24:43.290] [bbotk]        140  0.1488801        0      0            0.129
INFO  [17:24:43.290] [bbotk]                                 uhash
INFO  [17:24:43.290] [bbotk]  c7bb857d-2efc-4cb8-a40c-b88bf46af64b
INFO  [17:24:43.292] [bbotk] Evaluating 1 configuration(s)
INFO  [17:24:43.652] [bbotk] Result of batch 3:
INFO  [17:24:43.653] [bbotk]  num.trees classif.ce warnings errors runtime_learners
INFO  [17:24:43.653] [bbotk]        411  0.1475626        0      0             0.31
INFO  [17:24:43.653] [bbotk]                                 uhash
INFO  [17:24:43.653] [bbotk]  098247f8-938a-4ad2-8b95-f7429ed9ab2a
INFO  [17:24:43.673] [bbotk] Finished optimizing after 3 evaluation(s)
INFO  [17:24:43.674] [bbotk] Result:
INFO  [17:24:43.677] [bbotk]  num.trees learner_param_vals  x_domain classif.ce
INFO  [17:24:43.677] [bbotk]      <int>             <list>    <list>      <num>
INFO  [17:24:43.677] [bbotk]        253          <list[2]> <list[1]>    0.14361
INFO  [17:24:43.854] [bbotk] Starting to optimize 1 parameter(s) with '<OptimizerBatchRandomSearch>' and '<TerminatorEvals> [n_evals=3, k=0]'
INFO  [17:24:43.868] [bbotk] Evaluating 1 configuration(s)
INFO  [17:24:44.194] [bbotk] Result of batch 1:
INFO  [17:24:44.195] [bbotk]  num.trees classif.ce warnings errors runtime_learners
INFO  [17:24:44.195] [bbotk]        371    0.14361        0      0            0.273
INFO  [17:24:44.195] [bbotk]                                 uhash
INFO  [17:24:44.195] [bbotk]  5e963d4e-4121-49a4-bc05-9c59842950f2
INFO  [17:24:44.197] [bbotk] Evaluating 1 configuration(s)
INFO  [17:24:44.569] [bbotk] Result of batch 2:
INFO  [17:24:44.570] [bbotk]  num.trees classif.ce warnings errors runtime_learners
INFO  [17:24:44.570] [bbotk]        462  0.1422925        0      0            0.335
INFO  [17:24:44.570] [bbotk]                                 uhash
INFO  [17:24:44.570] [bbotk]  6343d0a7-359d-4ff2-a5d5-e55ea3d51af4
INFO  [17:24:44.572] [bbotk] Evaluating 1 configuration(s)
INFO  [17:24:44.958] [bbotk] Result of batch 3:
INFO  [17:24:44.959] [bbotk]  num.trees classif.ce warnings errors runtime_learners
INFO  [17:24:44.959] [bbotk]        439  0.1449275        0      0            0.331
INFO  [17:24:44.959] [bbotk]                                 uhash
INFO  [17:24:44.959] [bbotk]  3270aa39-669e-4c80-9e8e-55388b56dc44
INFO  [17:24:44.967] [bbotk] Finished optimizing after 3 evaluation(s)
INFO  [17:24:44.967] [bbotk] Result:
INFO  [17:24:44.968] [bbotk]  num.trees learner_param_vals  x_domain classif.ce
INFO  [17:24:44.968] [bbotk]      <int>             <list>    <list>      <num>
INFO  [17:24:44.968] [bbotk]        462          <list[2]> <list[1]>  0.1422925
INFO  [17:24:45.186] [bbotk] Starting to optimize 1 parameter(s) with '<OptimizerBatchRandomSearch>' and '<TerminatorEvals> [n_evals=3, k=0]'
INFO  [17:24:45.193] [bbotk] Evaluating 1 configuration(s)
INFO  [17:24:45.494] [bbotk] Result of batch 1:
INFO  [17:24:45.495] [bbotk]  num.trees classif.ce warnings errors runtime_learners
INFO  [17:24:45.495] [bbotk]        331    0.14361        0      0            0.254
INFO  [17:24:45.495] [bbotk]                                 uhash
INFO  [17:24:45.495] [bbotk]  c362647d-2b55-45f2-8caf-abbd15946821
INFO  [17:24:45.497] [bbotk] Evaluating 1 configuration(s)
INFO  [17:24:45.664] [bbotk] Result of batch 2:
INFO  [17:24:45.666] [bbotk]  num.trees classif.ce warnings errors runtime_learners
INFO  [17:24:45.666] [bbotk]        135   0.140975        0      0            0.116
INFO  [17:24:45.666] [bbotk]                                 uhash
INFO  [17:24:45.666] [bbotk]  2d961f29-4888-4159-b7a8-0fabe23b6d4b
INFO  [17:24:45.668] [bbotk] Evaluating 1 configuration(s)
INFO  [17:24:45.908] [bbotk] Result of batch 3:
INFO  [17:24:45.909] [bbotk]  num.trees classif.ce warnings errors runtime_learners
INFO  [17:24:45.909] [bbotk]        172    0.14361        0      0            0.153
INFO  [17:24:45.909] [bbotk]                                 uhash
INFO  [17:24:45.909] [bbotk]  cd9bb66f-37a2-45b9-9536-695b5e5c4364
INFO  [17:24:45.932] [bbotk] Finished optimizing after 3 evaluation(s)
INFO  [17:24:45.932] [bbotk] Result:
INFO  [17:24:45.933] [bbotk]  num.trees learner_param_vals  x_domain classif.ce
INFO  [17:24:45.933] [bbotk]      <int>             <list>    <list>      <num>
INFO  [17:24:45.933] [bbotk]        135          <list[2]> <list[1]>   0.140975
INFO  [17:24:46.039] [bbotk] Starting to optimize 1 parameter(s) with '<OptimizerBatchRandomSearch>' and '<TerminatorEvals> [n_evals=3, k=0]'
INFO  [17:24:46.052] [bbotk] Evaluating 1 configuration(s)
INFO  [17:24:46.476] [bbotk] Result of batch 1:
INFO  [17:24:46.478] [bbotk]  num.trees classif.ce warnings errors runtime_learners
INFO  [17:24:46.478] [bbotk]        472  0.1396574        0      0            0.388
INFO  [17:24:46.478] [bbotk]                                 uhash
INFO  [17:24:46.478] [bbotk]  38cb7114-5163-4ed8-a78a-c48495cba75f
INFO  [17:24:46.482] [bbotk] Evaluating 1 configuration(s)
INFO  [17:24:46.630] [bbotk] Result of batch 2:
INFO  [17:24:46.632] [bbotk]  num.trees classif.ce warnings errors runtime_learners
INFO  [17:24:46.632] [bbotk]        102  0.1449275        0      0              0.1
INFO  [17:24:46.632] [bbotk]                                 uhash
INFO  [17:24:46.632] [bbotk]  b0b5636d-6a35-48f6-9535-0c9bcb0cdad6
INFO  [17:24:46.645] [bbotk] Evaluating 1 configuration(s)
INFO  [17:24:46.982] [bbotk] Result of batch 3:
INFO  [17:24:46.982] [bbotk]  num.trees classif.ce warnings errors runtime_learners
INFO  [17:24:46.982] [bbotk]        390  0.1449275        0      0            0.289
INFO  [17:24:46.982] [bbotk]                                 uhash
INFO  [17:24:46.982] [bbotk]  a39e5fae-b286-480a-9eba-ea50f452c11e
INFO  [17:24:46.989] [bbotk] Finished optimizing after 3 evaluation(s)
INFO  [17:24:46.989] [bbotk] Result:
INFO  [17:24:46.990] [bbotk]  num.trees learner_param_vals  x_domain classif.ce
INFO  [17:24:46.990] [bbotk]      <int>             <list>    <list>      <num>
INFO  [17:24:46.990] [bbotk]        472          <list[2]> <list[1]>  0.1396574
INFO  [17:24:47.220] [bbotk] Starting to optimize 1 parameter(s) with '<OptimizerBatchRandomSearch>' and '<TerminatorEvals> [n_evals=3, k=0]'
INFO  [17:24:47.232] [bbotk] Evaluating 1 configuration(s)
INFO  [17:24:47.620] [bbotk] Result of batch 1:
INFO  [17:24:47.622] [bbotk]  num.trees classif.ce warnings errors runtime_learners
INFO  [17:24:47.622] [bbotk]        466  0.1421317        0      0            0.349
INFO  [17:24:47.622] [bbotk]                                 uhash
INFO  [17:24:47.622] [bbotk]  7e995e65-7b5b-4151-b7ac-f945a34cfa64
INFO  [17:24:47.629] [bbotk] Evaluating 1 configuration(s)
INFO  [17:24:47.761] [bbotk] Result of batch 2:
INFO  [17:24:47.763] [bbotk]  num.trees classif.ce warnings errors runtime_learners
INFO  [17:24:47.763] [bbotk]        103  0.1394966        0      0            0.088
INFO  [17:24:47.763] [bbotk]                                 uhash
INFO  [17:24:47.763] [bbotk]  30ec3e0f-534a-4ce0-b73d-582283968a90
INFO  [17:24:47.765] [bbotk] Evaluating 1 configuration(s)
INFO  [17:24:48.082] [bbotk] Result of batch 3:
INFO  [17:24:48.083] [bbotk]  num.trees classif.ce warnings errors runtime_learners
INFO  [17:24:48.083] [bbotk]        294  0.1368564        0      0            0.268
INFO  [17:24:48.083] [bbotk]                                 uhash
INFO  [17:24:48.083] [bbotk]  59d2a04e-b123-4248-93fb-0ae616364a45
INFO  [17:24:48.091] [bbotk] Finished optimizing after 3 evaluation(s)
INFO  [17:24:48.092] [bbotk] Result:
INFO  [17:24:48.093] [bbotk]  num.trees learner_param_vals  x_domain classif.ce
INFO  [17:24:48.093] [bbotk]      <int>             <list>    <list>      <num>
INFO  [17:24:48.093] [bbotk]        294          <list[2]> <list[1]>  0.1368564

### [bt]: Job terminated successfully [batchtools job.id=2875]
### [bt]: Calculation finished!
