### [bt]: This is batchtools v0.9.17
### [bt]: Starting calculation of 5 jobs
### [bt]: Setting working directory to '/Users/User/Documents/Studium/Semester8/Hiwi/mlr3calibration/vignettes'
### [bt]: Memory measurement disabled
### [bt]: Starting job [batchtools job.id=276]
### [bt]: Generating problem instance for problem '70bd5a65df34c4f3' ...
### [bt]: Applying algorithm 'run_learner' on problem '70bd5a65df34c4f3' for job 276 (seed = 277) ...
INFO  [16:40:35.212] [mlr3] Applying learner 'classif.xgboost.tuned_calib.oof_platt' on task 'kr-vs-kp' (iter 6/10)
Error : <TaskClassif:kr-vs-kp> has the following unsupported feature types: factor
This happened PipeOp classif.xgboost's $train()

### [bt]: Job terminated with an exception [batchtools job.id=276]
### [bt]: Starting job [batchtools job.id=277]
### [bt]: Generating problem instance for problem '70bd5a65df34c4f3' ...
### [bt]: Applying algorithm 'run_learner' on problem '70bd5a65df34c4f3' for job 277 (seed = 278) ...
INFO  [16:40:35.229] [mlr3] Applying learner 'classif.xgboost.tuned_calib.oof_platt' on task 'kr-vs-kp' (iter 7/10)
Error : <TaskClassif:kr-vs-kp> has the following unsupported feature types: factor
This happened PipeOp classif.xgboost's $train()

### [bt]: Job terminated with an exception [batchtools job.id=277]
### [bt]: Starting job [batchtools job.id=278]
### [bt]: Generating problem instance for problem '70bd5a65df34c4f3' ...
### [bt]: Applying algorithm 'run_learner' on problem '70bd5a65df34c4f3' for job 278 (seed = 279) ...
INFO  [16:40:35.259] [mlr3] Applying learner 'classif.xgboost.tuned_calib.oof_platt' on task 'kr-vs-kp' (iter 8/10)
Error : <TaskClassif:kr-vs-kp> has the following unsupported feature types: factor
This happened PipeOp classif.xgboost's $train()

### [bt]: Job terminated with an exception [batchtools job.id=278]
### [bt]: Starting job [batchtools job.id=279]
### [bt]: Generating problem instance for problem '70bd5a65df34c4f3' ...
### [bt]: Applying algorithm 'run_learner' on problem '70bd5a65df34c4f3' for job 279 (seed = 280) ...
INFO  [16:40:35.265] [mlr3] Applying learner 'classif.xgboost.tuned_calib.oof_platt' on task 'kr-vs-kp' (iter 9/10)
Error : <TaskClassif:kr-vs-kp> has the following unsupported feature types: factor
This happened PipeOp classif.xgboost's $train()

### [bt]: Job terminated with an exception [batchtools job.id=279]
### [bt]: Starting job [batchtools job.id=280]
### [bt]: Generating problem instance for problem '70bd5a65df34c4f3' ...
### [bt]: Applying algorithm 'run_learner' on problem '70bd5a65df34c4f3' for job 280 (seed = 281) ...
INFO  [16:40:35.272] [mlr3] Applying learner 'classif.xgboost.tuned_calib.oof_platt' on task 'kr-vs-kp' (iter 10/10)
Error : <TaskClassif:kr-vs-kp> has the following unsupported feature types: factor
This happened PipeOp classif.xgboost's $train()

### [bt]: Job terminated with an exception [batchtools job.id=280]
### [bt]: Calculation finished!
