### [bt]: This is batchtools v0.9.17
### [bt]: Starting calculation of 5 jobs
### [bt]: Setting working directory to '/Users/User/Documents/Studium/Semester8/Hiwi/mlr3calibration/vignettes'
### [bt]: Memory measurement disabled
### [bt]: Starting job [batchtools job.id=2531]
### [bt]: Generating problem instance for problem '34d90df810f60583' ...
### [bt]: Applying algorithm 'run_learner' on problem '34d90df810f60583' for job 2531 (seed = 2532) ...
INFO  [17:14:14.179] [mlr3] Applying learner 'classif.ranger.tuned_calib.perfold_isotonic' on task 'phoneme' (iter 1/10)
INFO  [17:14:14.252] [bbotk] Starting to optimize 1 parameter(s) with '<OptimizerBatchRandomSearch>' and '<TerminatorEvals> [n_evals=3, k=0]'
INFO  [17:14:14.262] [bbotk] Evaluating 1 configuration(s)
INFO  [17:14:16.795] [bbotk] Result of batch 1:
INFO  [17:14:16.795] [bbotk]  num.trees classif.ce warnings errors runtime_learners
INFO  [17:14:16.795] [bbotk]        484  0.1161935        0      0            2.487
INFO  [17:14:16.795] [bbotk]                                 uhash
INFO  [17:14:16.795] [bbotk]  9b863c47-28eb-4609-945e-636afcac80b2
INFO  [17:14:16.797] [bbotk] Evaluating 1 configuration(s)
INFO  [17:14:17.725] [bbotk] Result of batch 2:
INFO  [17:14:17.726] [bbotk]  num.trees classif.ce warnings errors runtime_learners
INFO  [17:14:17.726] [bbotk]        215  0.1203063        0      0            0.892
INFO  [17:14:17.726] [bbotk]                                 uhash
INFO  [17:14:17.726] [bbotk]  f142b01a-9bb8-4ce6-9df9-3efe36074674
INFO  [17:14:17.728] [bbotk] Evaluating 1 configuration(s)
INFO  [17:14:19.174] [bbotk] Result of batch 3:
INFO  [17:14:19.174] [bbotk]  num.trees classif.ce warnings errors runtime_learners
INFO  [17:14:19.174] [bbotk]        262  0.1161917        0      0            1.414
INFO  [17:14:19.174] [bbotk]                                 uhash
INFO  [17:14:19.174] [bbotk]  2fb79191-4530-474f-9f80-ac9be7cf8c04
INFO  [17:14:19.180] [bbotk] Finished optimizing after 3 evaluation(s)
INFO  [17:14:19.180] [bbotk] Result:
INFO  [17:14:19.181] [bbotk]  num.trees learner_param_vals  x_domain classif.ce
INFO  [17:14:19.181] [bbotk]      <int>             <list>    <list>      <num>
INFO  [17:14:19.181] [bbotk]        262          <list[2]> <list[1]>  0.1161917
INFO  [17:14:19.771] [bbotk] Starting to optimize 1 parameter(s) with '<OptimizerBatchRandomSearch>' and '<TerminatorEvals> [n_evals=3, k=0]'
INFO  [17:14:19.777] [bbotk] Evaluating 1 configuration(s)
INFO  [17:14:20.528] [bbotk] Result of batch 1:
INFO  [17:14:20.529] [bbotk]  num.trees classif.ce warnings errors runtime_learners
INFO  [17:14:20.529] [bbotk]        153  0.1115696        0      0            0.708
INFO  [17:14:20.529] [bbotk]                                 uhash
INFO  [17:14:20.529] [bbotk]  787d234f-9b78-4317-b0de-e58ff7dbafc7
INFO  [17:14:20.532] [bbotk] Evaluating 1 configuration(s)
INFO  [17:14:22.943] [bbotk] Result of batch 2:
INFO  [17:14:22.944] [bbotk]  num.trees classif.ce warnings errors runtime_learners
INFO  [17:14:22.944] [bbotk]        483  0.1118272        0      0            2.369
INFO  [17:14:22.944] [bbotk]                                 uhash
INFO  [17:14:22.944] [bbotk]  749e2260-42c1-4ec7-91fb-9ff419ef8768
INFO  [17:14:22.946] [bbotk] Evaluating 1 configuration(s)
INFO  [17:14:24.102] [bbotk] Result of batch 3:
INFO  [17:14:24.103] [bbotk]  num.trees classif.ce warnings errors runtime_learners
INFO  [17:14:24.103] [bbotk]        236  0.1102842        0      0             1.12
INFO  [17:14:24.103] [bbotk]                                 uhash
INFO  [17:14:24.103] [bbotk]  9706493a-ea52-45cd-861b-fc80433cb07f
INFO  [17:14:24.109] [bbotk] Finished optimizing after 3 evaluation(s)
INFO  [17:14:24.109] [bbotk] Result:
INFO  [17:14:24.110] [bbotk]  num.trees learner_param_vals  x_domain classif.ce
INFO  [17:14:24.110] [bbotk]      <int>             <list>    <list>      <num>
INFO  [17:14:24.110] [bbotk]        236          <list[2]> <list[1]>  0.1102842
INFO  [17:14:24.802] [bbotk] Starting to optimize 1 parameter(s) with '<OptimizerBatchRandomSearch>' and '<TerminatorEvals> [n_evals=3, k=0]'
INFO  [17:14:24.807] [bbotk] Evaluating 1 configuration(s)
INFO  [17:14:27.414] [bbotk] Result of batch 1:
INFO  [17:14:27.415] [bbotk]  num.trees classif.ce warnings errors runtime_learners
INFO  [17:14:27.415] [bbotk]        467  0.1156822        0      0            2.569
INFO  [17:14:27.415] [bbotk]                                 uhash
INFO  [17:14:27.415] [bbotk]  3b65b992-6215-4ee2-9925-a9a951d55643
INFO  [17:14:27.417] [bbotk] Evaluating 1 configuration(s)
INFO  [17:14:28.777] [bbotk] Result of batch 2:
INFO  [17:14:28.778] [bbotk]  num.trees classif.ce warnings errors runtime_learners
INFO  [17:14:28.778] [bbotk]        237  0.1179967        0      0            1.308
INFO  [17:14:28.778] [bbotk]                                 uhash
INFO  [17:14:28.778] [bbotk]  84f04819-bbc5-48d3-a64a-2c927d6d7eca
INFO  [17:14:28.780] [bbotk] Evaluating 1 configuration(s)
INFO  [17:14:29.969] [bbotk] Result of batch 3:
INFO  [17:14:29.970] [bbotk]  num.trees classif.ce warnings errors runtime_learners
INFO  [17:14:29.970] [bbotk]        242  0.1195387        0      0             1.15
INFO  [17:14:29.970] [bbotk]                                 uhash
INFO  [17:14:29.970] [bbotk]  4de44a44-cd17-4f53-8298-93fa2d760106
INFO  [17:14:29.976] [bbotk] Finished optimizing after 3 evaluation(s)
INFO  [17:14:29.976] [bbotk] Result:
INFO  [17:14:29.976] [bbotk]  num.trees learner_param_vals  x_domain classif.ce
INFO  [17:14:29.976] [bbotk]      <int>             <list>    <list>      <num>
INFO  [17:14:29.976] [bbotk]        467          <list[2]> <list[1]>  0.1156822
INFO  [17:14:31.290] [bbotk] Starting to optimize 1 parameter(s) with '<OptimizerBatchRandomSearch>' and '<TerminatorEvals> [n_evals=3, k=0]'
INFO  [17:14:31.296] [bbotk] Evaluating 1 configuration(s)
INFO  [17:14:32.723] [bbotk] Result of batch 1:
INFO  [17:14:32.724] [bbotk]  num.trees classif.ce warnings errors runtime_learners
INFO  [17:14:32.724] [bbotk]        280  0.1099974        0      0            1.397
INFO  [17:14:32.724] [bbotk]                                 uhash
INFO  [17:14:32.724] [bbotk]  3f052239-45cb-4bc5-9565-25284fc962c8
INFO  [17:14:32.726] [bbotk] Evaluating 1 configuration(s)
INFO  [17:14:33.521] [bbotk] Result of batch 2:
INFO  [17:14:33.524] [bbotk]  num.trees classif.ce warnings errors runtime_learners
INFO  [17:14:33.524] [bbotk]        150  0.1120535        0      0            0.751
INFO  [17:14:33.524] [bbotk]                                 uhash
INFO  [17:14:33.524] [bbotk]  f4ba2ebd-515d-422f-931e-2734829cd253
INFO  [17:14:33.526] [bbotk] Evaluating 1 configuration(s)
INFO  [17:14:35.469] [bbotk] Result of batch 3:
INFO  [17:14:35.470] [bbotk]  num.trees classif.ce warnings errors runtime_learners
INFO  [17:14:35.470] [bbotk]        332  0.1094834        0      0            1.903
INFO  [17:14:35.470] [bbotk]                                 uhash
INFO  [17:14:35.470] [bbotk]  04123362-b5af-4296-9735-15ab2c5ff1f7
INFO  [17:14:35.478] [bbotk] Finished optimizing after 3 evaluation(s)
INFO  [17:14:35.479] [bbotk] Result:
INFO  [17:14:35.480] [bbotk]  num.trees learner_param_vals  x_domain classif.ce
INFO  [17:14:35.480] [bbotk]      <int>             <list>    <list>      <num>
INFO  [17:14:35.480] [bbotk]        332          <list[2]> <list[1]>  0.1094834
INFO  [17:14:36.808] [bbotk] Starting to optimize 1 parameter(s) with '<OptimizerBatchRandomSearch>' and '<TerminatorEvals> [n_evals=3, k=0]'
INFO  [17:14:36.815] [bbotk] Evaluating 1 configuration(s)
INFO  [17:14:37.957] [bbotk] Result of batch 1:
INFO  [17:14:37.958] [bbotk]  num.trees classif.ce warnings errors runtime_learners
INFO  [17:14:37.958] [bbotk]        214  0.1076844        0      0             1.09
INFO  [17:14:37.958] [bbotk]                                 uhash
INFO  [17:14:37.958] [bbotk]  05957680-d853-4170-8c55-bc7fe9fea3bf
INFO  [17:14:37.962] [bbotk] Evaluating 1 configuration(s)
INFO  [17:14:38.547] [bbotk] Result of batch 2:
INFO  [17:14:38.548] [bbotk]  num.trees classif.ce warnings errors runtime_learners
INFO  [17:14:38.548] [bbotk]        123  0.1099974        0      0            0.549
INFO  [17:14:38.548] [bbotk]                                 uhash
INFO  [17:14:38.548] [bbotk]  180c70f1-7061-4b41-8619-bb2c669e8adb
INFO  [17:14:38.551] [bbotk] Evaluating 1 configuration(s)
INFO  [17:14:40.818] [bbotk] Result of batch 3:
INFO  [17:14:40.819] [bbotk]  num.trees classif.ce warnings errors runtime_learners
INFO  [17:14:40.819] [bbotk]        404  0.1043434        0      0             2.23
INFO  [17:14:40.819] [bbotk]                                 uhash
INFO  [17:14:40.819] [bbotk]  1553aea7-d937-454a-889e-eb3c271fb03f
INFO  [17:14:40.825] [bbotk] Finished optimizing after 3 evaluation(s)
INFO  [17:14:40.826] [bbotk] Result:
INFO  [17:14:40.826] [bbotk]  num.trees learner_param_vals  x_domain classif.ce
INFO  [17:14:40.826] [bbotk]      <int>             <list>    <list>      <num>
INFO  [17:14:40.826] [bbotk]        404          <list[2]> <list[1]>  0.1043434

### [bt]: Job terminated successfully [batchtools job.id=2531]
### [bt]: Starting job [batchtools job.id=2532]
### [bt]: Generating problem instance for problem '34d90df810f60583' ...
### [bt]: Applying algorithm 'run_learner' on problem '34d90df810f60583' for job 2532 (seed = 2533) ...
INFO  [17:14:42.548] [mlr3] Applying learner 'classif.ranger.tuned_calib.perfold_isotonic' on task 'phoneme' (iter 2/10)
INFO  [17:14:42.581] [bbotk] Starting to optimize 1 parameter(s) with '<OptimizerBatchRandomSearch>' and '<TerminatorEvals> [n_evals=3, k=0]'
INFO  [17:14:42.585] [bbotk] Evaluating 1 configuration(s)
INFO  [17:14:43.414] [bbotk] Result of batch 1:
INFO  [17:14:43.415] [bbotk]  num.trees classif.ce warnings errors runtime_learners
INFO  [17:14:43.415] [bbotk]        174  0.1133708        0      0            0.801
INFO  [17:14:43.415] [bbotk]                                 uhash
INFO  [17:14:43.415] [bbotk]  4243823a-1ad6-4c24-917c-c161495ae023
INFO  [17:14:43.418] [bbotk] Evaluating 1 configuration(s)
INFO  [17:14:44.021] [bbotk] Result of batch 2:
INFO  [17:14:44.022] [bbotk]  num.trees classif.ce warnings errors runtime_learners
INFO  [17:14:44.022] [bbotk]        125   0.113371        0      0            0.565
INFO  [17:14:44.022] [bbotk]                                 uhash
INFO  [17:14:44.022] [bbotk]  d6700b18-fbcc-4372-82d3-8f49c537f8ea
INFO  [17:14:44.024] [bbotk] Evaluating 1 configuration(s)
INFO  [17:14:46.209] [bbotk] Result of batch 3:
INFO  [17:14:46.210] [bbotk]  num.trees classif.ce warnings errors runtime_learners
INFO  [17:14:46.210] [bbotk]        387  0.1108012        0      0            2.152
INFO  [17:14:46.210] [bbotk]                                 uhash
INFO  [17:14:46.210] [bbotk]  7a08bfd4-8f51-46c8-9922-493644938397
INFO  [17:14:46.216] [bbotk] Finished optimizing after 3 evaluation(s)
INFO  [17:14:46.216] [bbotk] Result:
INFO  [17:14:46.217] [bbotk]  num.trees learner_param_vals  x_domain classif.ce
INFO  [17:14:46.217] [bbotk]      <int>             <list>    <list>      <num>
INFO  [17:14:46.217] [bbotk]        387          <list[2]> <list[1]>  0.1108012
INFO  [17:14:47.551] [bbotk] Starting to optimize 1 parameter(s) with '<OptimizerBatchRandomSearch>' and '<TerminatorEvals> [n_evals=3, k=0]'
INFO  [17:14:47.558] [bbotk] Evaluating 1 configuration(s)
INFO  [17:14:48.175] [bbotk] Result of batch 1:
INFO  [17:14:48.176] [bbotk]  num.trees classif.ce warnings errors runtime_learners
INFO  [17:14:48.176] [bbotk]        124  0.1159412        0      0             0.57
INFO  [17:14:48.176] [bbotk]                                 uhash
INFO  [17:14:48.176] [bbotk]  5b8ba0b1-b1a7-4ef7-b365-69cef5246fd0
INFO  [17:14:48.178] [bbotk] Evaluating 1 configuration(s)
INFO  [17:14:48.815] [bbotk] Result of batch 2:
INFO  [17:14:48.816] [bbotk]  num.trees classif.ce warnings errors runtime_learners
INFO  [17:14:48.816] [bbotk]        134  0.1161984        0      0            0.596
INFO  [17:14:48.816] [bbotk]                                 uhash
INFO  [17:14:48.816] [bbotk]  aa1c4745-837a-41bd-8df8-c4052a440b54
INFO  [17:14:48.821] [bbotk] Evaluating 1 configuration(s)
INFO  [17:14:49.847] [bbotk] Result of batch 3:
INFO  [17:14:49.848] [bbotk]  num.trees classif.ce warnings errors runtime_learners
INFO  [17:14:49.848] [bbotk]        213  0.1167122        0      0            0.991
INFO  [17:14:49.848] [bbotk]                                 uhash
INFO  [17:14:49.848] [bbotk]  0883768a-4098-4826-9ee7-ac437384f9d8
INFO  [17:14:49.861] [bbotk] Finished optimizing after 3 evaluation(s)
INFO  [17:14:49.861] [bbotk] Result:
INFO  [17:14:49.862] [bbotk]  num.trees learner_param_vals  x_domain classif.ce
INFO  [17:14:49.862] [bbotk]      <int>             <list>    <list>      <num>
INFO  [17:14:49.862] [bbotk]        124          <list[2]> <list[1]>  0.1159412
INFO  [17:14:50.203] [bbotk] Starting to optimize 1 parameter(s) with '<OptimizerBatchRandomSearch>' and '<TerminatorEvals> [n_evals=3, k=0]'
INFO  [17:14:50.208] [bbotk] Evaluating 1 configuration(s)
INFO  [17:14:50.817] [bbotk] Result of batch 1:
INFO  [17:14:50.818] [bbotk]  num.trees classif.ce warnings errors runtime_learners
INFO  [17:14:50.818] [bbotk]        133  0.1131084        0      0            0.572
INFO  [17:14:50.818] [bbotk]                                 uhash
INFO  [17:14:50.818] [bbotk]  b786caad-4958-46a8-9ce9-b72297282742
INFO  [17:14:50.820] [bbotk] Evaluating 1 configuration(s)
INFO  [17:14:52.288] [bbotk] Result of batch 2:
INFO  [17:14:52.290] [bbotk]  num.trees classif.ce warnings errors runtime_learners
INFO  [17:14:52.290] [bbotk]        296  0.1138794        0      0            1.429
INFO  [17:14:52.290] [bbotk]                                 uhash
INFO  [17:14:52.290] [bbotk]  284ccb2a-00ad-45e2-b264-092b2785549e
INFO  [17:14:52.295] [bbotk] Evaluating 1 configuration(s)
INFO  [17:14:54.688] [bbotk] Result of batch 3:
INFO  [17:14:54.689] [bbotk]  num.trees classif.ce warnings errors runtime_learners
INFO  [17:14:54.689] [bbotk]        413  0.1143927        0      0            2.349
INFO  [17:14:54.689] [bbotk]                                 uhash
INFO  [17:14:54.689] [bbotk]  fa3e90dd-71c8-40dd-a41c-fe8855c4a44b
INFO  [17:14:54.694] [bbotk] Finished optimizing after 3 evaluation(s)
INFO  [17:14:54.695] [bbotk] Result:
INFO  [17:14:54.695] [bbotk]  num.trees learner_param_vals  x_domain classif.ce
INFO  [17:14:54.695] [bbotk]      <int>             <list>    <list>      <num>
INFO  [17:14:54.695] [bbotk]        133          <list[2]> <list[1]>  0.1131084
INFO  [17:14:55.057] [bbotk] Starting to optimize 1 parameter(s) with '<OptimizerBatchRandomSearch>' and '<TerminatorEvals> [n_evals=3, k=0]'
INFO  [17:14:55.061] [bbotk] Evaluating 1 configuration(s)
INFO  [17:14:57.060] [bbotk] Result of batch 1:
INFO  [17:14:57.061] [bbotk]  num.trees classif.ce warnings errors runtime_learners
INFO  [17:14:57.061] [bbotk]        417  0.1213056        0      0            1.966
INFO  [17:14:57.061] [bbotk]                                 uhash
INFO  [17:14:57.061] [bbotk]  a90c181a-7f2d-4935-b629-9adb4d857cb3
INFO  [17:14:57.063] [bbotk] Evaluating 1 configuration(s)
INFO  [17:14:57.951] [bbotk] Result of batch 2:
INFO  [17:14:57.952] [bbotk]  num.trees classif.ce warnings errors runtime_learners
INFO  [17:14:57.952] [bbotk]        192  0.1225906        0      0            0.852
INFO  [17:14:57.952] [bbotk]                                 uhash
INFO  [17:14:57.952] [bbotk]  f8d6e886-d624-4970-9494-80a4e4772339
INFO  [17:14:57.954] [bbotk] Evaluating 1 configuration(s)
INFO  [17:14:58.860] [bbotk] Result of batch 3:
INFO  [17:14:58.862] [bbotk]  num.trees classif.ce warnings errors runtime_learners
INFO  [17:14:58.862] [bbotk]        212  0.1200206        0      0            0.874
INFO  [17:14:58.862] [bbotk]                                 uhash
INFO  [17:14:58.862] [bbotk]  83fbd19e-1c08-4e4a-bfb7-8754d2a8c4a1
INFO  [17:14:58.872] [bbotk] Finished optimizing after 3 evaluation(s)
INFO  [17:14:58.872] [bbotk] Result:
INFO  [17:14:58.873] [bbotk]  num.trees learner_param_vals  x_domain classif.ce
INFO  [17:14:58.873] [bbotk]      <int>             <list>    <list>      <num>
INFO  [17:14:58.873] [bbotk]        212          <list[2]> <list[1]>  0.1200206
INFO  [17:14:59.382] [bbotk] Starting to optimize 1 parameter(s) with '<OptimizerBatchRandomSearch>' and '<TerminatorEvals> [n_evals=3, k=0]'
INFO  [17:14:59.390] [bbotk] Evaluating 1 configuration(s)
INFO  [17:15:01.294] [bbotk] Result of batch 1:
INFO  [17:15:01.295] [bbotk]  num.trees classif.ce warnings errors runtime_learners
INFO  [17:15:01.295] [bbotk]        384  0.1197636        0      0            1.871
INFO  [17:15:01.295] [bbotk]                                 uhash
INFO  [17:15:01.295] [bbotk]  9502dee2-99bb-40a6-a8cd-594ce295c868
INFO  [17:15:01.297] [bbotk] Evaluating 1 configuration(s)
INFO  [17:15:04.040] [bbotk] Result of batch 2:
INFO  [17:15:04.040] [bbotk]  num.trees classif.ce warnings errors runtime_learners
INFO  [17:15:04.040] [bbotk]        491  0.1189925        0      0            2.711
INFO  [17:15:04.040] [bbotk]                                 uhash
INFO  [17:15:04.040] [bbotk]  71988590-696e-4328-a27c-fa81dc2fafaf
INFO  [17:15:04.043] [bbotk] Evaluating 1 configuration(s)
INFO  [17:15:06.056] [bbotk] Result of batch 3:
INFO  [17:15:06.057] [bbotk]  num.trees classif.ce warnings errors runtime_learners
INFO  [17:15:06.057] [bbotk]        410  0.1184785        0      0            1.983
INFO  [17:15:06.057] [bbotk]                                 uhash
INFO  [17:15:06.057] [bbotk]  851d529a-534f-42fc-abfb-d7ae317174ce
INFO  [17:15:06.070] [bbotk] Finished optimizing after 3 evaluation(s)
INFO  [17:15:06.070] [bbotk] Result:
INFO  [17:15:06.071] [bbotk]  num.trees learner_param_vals  x_domain classif.ce
INFO  [17:15:06.071] [bbotk]      <int>             <list>    <list>      <num>
INFO  [17:15:06.071] [bbotk]        410          <list[2]> <list[1]>  0.1184785

### [bt]: Job terminated successfully [batchtools job.id=2532]
### [bt]: Starting job [batchtools job.id=2533]
### [bt]: Generating problem instance for problem '34d90df810f60583' ...
### [bt]: Applying algorithm 'run_learner' on problem '34d90df810f60583' for job 2533 (seed = 2534) ...
INFO  [17:15:07.718] [mlr3] Applying learner 'classif.ranger.tuned_calib.perfold_isotonic' on task 'phoneme' (iter 3/10)
INFO  [17:15:07.752] [bbotk] Starting to optimize 1 parameter(s) with '<OptimizerBatchRandomSearch>' and '<TerminatorEvals> [n_evals=3, k=0]'
INFO  [17:15:07.756] [bbotk] Evaluating 1 configuration(s)
INFO  [17:15:09.598] [bbotk] Result of batch 1:
INFO  [17:15:09.599] [bbotk]  num.trees classif.ce warnings errors runtime_learners
INFO  [17:15:09.599] [bbotk]        355  0.1092538        0      0            1.811
INFO  [17:15:09.599] [bbotk]                                 uhash
INFO  [17:15:09.599] [bbotk]  bc708b1f-9e09-4891-947e-5a863c0f27c6
INFO  [17:15:09.602] [bbotk] Evaluating 1 configuration(s)
INFO  [17:15:11.706] [bbotk] Result of batch 2:
INFO  [17:15:11.707] [bbotk]  num.trees classif.ce warnings errors runtime_learners
INFO  [17:15:11.707] [bbotk]        387   0.109253        0      0            2.074
INFO  [17:15:11.707] [bbotk]                                 uhash
INFO  [17:15:11.707] [bbotk]  20566752-00ec-45ca-907d-f1798d5c67c0
INFO  [17:15:11.709] [bbotk] Evaluating 1 configuration(s)
INFO  [17:15:12.196] [bbotk] Result of batch 3:
INFO  [17:15:12.197] [bbotk]  num.trees classif.ce warnings errors runtime_learners
INFO  [17:15:12.197] [bbotk]        101  0.1113098        0      0            0.454
INFO  [17:15:12.197] [bbotk]                                 uhash
INFO  [17:15:12.197] [bbotk]  29be49c8-76ff-46b2-991c-117140c879e5
INFO  [17:15:12.203] [bbotk] Finished optimizing after 3 evaluation(s)
INFO  [17:15:12.203] [bbotk] Result:
INFO  [17:15:12.204] [bbotk]  num.trees learner_param_vals  x_domain classif.ce
INFO  [17:15:12.204] [bbotk]      <int>             <list>    <list>      <num>
INFO  [17:15:12.204] [bbotk]        387          <list[2]> <list[1]>   0.109253
INFO  [17:15:13.358] [bbotk] Starting to optimize 1 parameter(s) with '<OptimizerBatchRandomSearch>' and '<TerminatorEvals> [n_evals=3, k=0]'
INFO  [17:15:13.365] [bbotk] Evaluating 1 configuration(s)
INFO  [17:15:15.548] [bbotk] Result of batch 1:
INFO  [17:15:15.549] [bbotk]  num.trees classif.ce warnings errors runtime_learners
INFO  [17:15:15.549] [bbotk]        437  0.1131074        0      0            2.136
INFO  [17:15:15.549] [bbotk]                                 uhash
INFO  [17:15:15.549] [bbotk]  0e848580-ab0c-4f0d-8c1d-453929ebfc36
INFO  [17:15:15.552] [bbotk] Evaluating 1 configuration(s)
INFO  [17:15:17.405] [bbotk] Result of batch 2:
INFO  [17:15:17.406] [bbotk]  num.trees classif.ce warnings errors runtime_learners
INFO  [17:15:17.406] [bbotk]        366  0.1105376        0      0            1.812
INFO  [17:15:17.406] [bbotk]                                 uhash
INFO  [17:15:17.406] [bbotk]  272af5e2-ad38-4426-b9f0-b634e1900ce0
INFO  [17:15:17.411] [bbotk] Evaluating 1 configuration(s)
INFO  [17:15:19.854] [bbotk] Result of batch 3:
INFO  [17:15:19.855] [bbotk]  num.trees classif.ce warnings errors runtime_learners
INFO  [17:15:19.855] [bbotk]        467  0.1064238        0      0             2.41
INFO  [17:15:19.855] [bbotk]                                 uhash
INFO  [17:15:19.855] [bbotk]  2a8dce4e-f225-4adb-81ab-d957b29a94ba
INFO  [17:15:19.861] [bbotk] Finished optimizing after 3 evaluation(s)
INFO  [17:15:19.861] [bbotk] Result:
INFO  [17:15:19.862] [bbotk]  num.trees learner_param_vals  x_domain classif.ce
INFO  [17:15:19.862] [bbotk]      <int>             <list>    <list>      <num>
INFO  [17:15:19.862] [bbotk]        467          <list[2]> <list[1]>  0.1064238
INFO  [17:15:21.158] [bbotk] Starting to optimize 1 parameter(s) with '<OptimizerBatchRandomSearch>' and '<TerminatorEvals> [n_evals=3, k=0]'
INFO  [17:15:21.358] [bbotk] Evaluating 1 configuration(s)
INFO  [17:15:22.287] [bbotk] Result of batch 1:
INFO  [17:15:22.289] [bbotk]  num.trees classif.ce warnings errors runtime_learners
INFO  [17:15:22.289] [bbotk]        195  0.1169673        0      0            0.884
INFO  [17:15:22.289] [bbotk]                                 uhash
INFO  [17:15:22.289] [bbotk]  984eb85d-f699-4a8e-93ce-ffc56a58bd6e
INFO  [17:15:22.291] [bbotk] Evaluating 1 configuration(s)
INFO  [17:15:24.287] [bbotk] Result of batch 2:
INFO  [17:15:24.289] [bbotk]  num.trees classif.ce warnings errors runtime_learners
INFO  [17:15:24.289] [bbotk]        358  0.1143958        0      0            1.954
INFO  [17:15:24.289] [bbotk]                                 uhash
INFO  [17:15:24.289] [bbotk]  d39532fe-97c9-4e90-981a-bf46e6fa96b3
INFO  [17:15:24.294] [bbotk] Evaluating 1 configuration(s)
INFO  [17:15:26.570] [bbotk] Result of batch 3:
INFO  [17:15:26.571] [bbotk]  num.trees classif.ce warnings errors runtime_learners
INFO  [17:15:26.571] [bbotk]        454  0.1138828        0      0            2.234
INFO  [17:15:26.571] [bbotk]                                 uhash
INFO  [17:15:26.571] [bbotk]  3f2ce26b-f64b-4371-9195-70e20696c974
INFO  [17:15:26.581] [bbotk] Finished optimizing after 3 evaluation(s)
INFO  [17:15:26.581] [bbotk] Result:
INFO  [17:15:26.582] [bbotk]  num.trees learner_param_vals  x_domain classif.ce
INFO  [17:15:26.582] [bbotk]      <int>             <list>    <list>      <num>
INFO  [17:15:26.582] [bbotk]        454          <list[2]> <list[1]>  0.1138828
INFO  [17:15:27.969] [bbotk] Starting to optimize 1 parameter(s) with '<OptimizerBatchRandomSearch>' and '<TerminatorEvals> [n_evals=3, k=0]'
INFO  [17:15:27.974] [bbotk] Evaluating 1 configuration(s)
INFO  [17:15:29.356] [bbotk] Result of batch 1:
INFO  [17:15:29.357] [bbotk]  num.trees classif.ce warnings errors runtime_learners
INFO  [17:15:29.357] [bbotk]        286  0.1138525        0      0            1.346
INFO  [17:15:29.357] [bbotk]                                 uhash
INFO  [17:15:29.357] [bbotk]  b4877ee0-fdf1-41e3-8cd0-b17cb3d23d63
INFO  [17:15:29.360] [bbotk] Evaluating 1 configuration(s)
INFO  [17:15:30.527] [bbotk] Result of batch 2:
INFO  [17:15:30.529] [bbotk]  num.trees classif.ce warnings errors runtime_learners
INFO  [17:15:30.529] [bbotk]        230  0.1169365        0      0            1.131
INFO  [17:15:30.529] [bbotk]                                 uhash
INFO  [17:15:30.529] [bbotk]  c9f5fe7a-5c62-478a-ba25-2a51bdda18b1
INFO  [17:15:30.534] [bbotk] Evaluating 1 configuration(s)
INFO  [17:15:33.350] [bbotk] Result of batch 3:
INFO  [17:15:33.351] [bbotk]  num.trees classif.ce warnings errors runtime_learners
INFO  [17:15:33.351] [bbotk]        488  0.1156515        0      0            2.776
INFO  [17:15:33.351] [bbotk]                                 uhash
INFO  [17:15:33.351] [bbotk]  a216c8fd-6ff4-4728-b106-dfb8493dc01a
INFO  [17:15:33.358] [bbotk] Finished optimizing after 3 evaluation(s)
INFO  [17:15:33.358] [bbotk] Result:
INFO  [17:15:33.358] [bbotk]  num.trees learner_param_vals  x_domain classif.ce
INFO  [17:15:33.358] [bbotk]      <int>             <list>    <list>      <num>
INFO  [17:15:33.358] [bbotk]        286          <list[2]> <list[1]>  0.1138525
INFO  [17:15:34.122] [bbotk] Starting to optimize 1 parameter(s) with '<OptimizerBatchRandomSearch>' and '<TerminatorEvals> [n_evals=3, k=0]'
INFO  [17:15:34.126] [bbotk] Evaluating 1 configuration(s)
INFO  [17:15:36.566] [bbotk] Result of batch 1:
INFO  [17:15:36.567] [bbotk]  num.trees classif.ce warnings errors runtime_learners
INFO  [17:15:36.567] [bbotk]        484  0.1105114        0      0             2.41
INFO  [17:15:36.567] [bbotk]                                 uhash
INFO  [17:15:36.567] [bbotk]  37e09e00-ad76-49a9-b175-39353c511b81
INFO  [17:15:36.569] [bbotk] Evaluating 1 configuration(s)
INFO  [17:15:38.684] [bbotk] Result of batch 2:
INFO  [17:15:38.686] [bbotk]  num.trees classif.ce warnings errors runtime_learners
INFO  [17:15:38.686] [bbotk]        428  0.1110254        0      0            2.079
INFO  [17:15:38.686] [bbotk]                                 uhash
INFO  [17:15:38.686] [bbotk]  e53f2e61-3525-4e8c-acfb-cf8b019cb98a
INFO  [17:15:38.692] [bbotk] Evaluating 1 configuration(s)
INFO  [17:15:39.495] [bbotk] Result of batch 3:
INFO  [17:15:39.496] [bbotk]  num.trees classif.ce warnings errors runtime_learners
INFO  [17:15:39.496] [bbotk]        169  0.1107684        0      0             0.76
INFO  [17:15:39.496] [bbotk]                                 uhash
INFO  [17:15:39.496] [bbotk]  2f485b0d-864e-49d1-b1ff-62ad2726910e
INFO  [17:15:39.503] [bbotk] Finished optimizing after 3 evaluation(s)
INFO  [17:15:39.503] [bbotk] Result:
INFO  [17:15:39.504] [bbotk]  num.trees learner_param_vals  x_domain classif.ce
INFO  [17:15:39.504] [bbotk]      <int>             <list>    <list>      <num>
INFO  [17:15:39.504] [bbotk]        484          <list[2]> <list[1]>  0.1105114

### [bt]: Job terminated successfully [batchtools job.id=2533]
### [bt]: Starting job [batchtools job.id=2534]
### [bt]: Generating problem instance for problem '34d90df810f60583' ...
### [bt]: Applying algorithm 'run_learner' on problem '34d90df810f60583' for job 2534 (seed = 2535) ...
INFO  [17:15:41.156] [mlr3] Applying learner 'classif.ranger.tuned_calib.perfold_isotonic' on task 'phoneme' (iter 4/10)
INFO  [17:15:41.198] [bbotk] Starting to optimize 1 parameter(s) with '<OptimizerBatchRandomSearch>' and '<TerminatorEvals> [n_evals=3, k=0]'
INFO  [17:15:41.202] [bbotk] Evaluating 1 configuration(s)
INFO  [17:15:43.750] [bbotk] Result of batch 1:
INFO  [17:15:43.752] [bbotk]  num.trees classif.ce warnings errors runtime_learners
INFO  [17:15:43.752] [bbotk]        465  0.1095126        0      0            2.512
INFO  [17:15:43.752] [bbotk]                                 uhash
INFO  [17:15:43.752] [bbotk]  90ed11fe-0191-4a6b-ad7d-e6bed342184f
INFO  [17:15:43.756] [bbotk] Evaluating 1 configuration(s)
INFO  [17:15:44.897] [bbotk] Result of batch 2:
INFO  [17:15:44.898] [bbotk]  num.trees classif.ce warnings errors runtime_learners
INFO  [17:15:44.898] [bbotk]        222  0.1077124        0      0            1.097
INFO  [17:15:44.898] [bbotk]                                 uhash
INFO  [17:15:44.898] [bbotk]  4b432aca-bd75-4967-94c6-93643c888f94
INFO  [17:15:44.900] [bbotk] Evaluating 1 configuration(s)
INFO  [17:15:47.662] [bbotk] Result of batch 3:
INFO  [17:15:47.663] [bbotk]  num.trees classif.ce warnings errors runtime_learners
INFO  [17:15:47.663] [bbotk]        493  0.1113112        0      0            2.725
INFO  [17:15:47.663] [bbotk]                                 uhash
INFO  [17:15:47.663] [bbotk]  b4bc29d7-4a5f-4346-a811-ca481a237cd3
INFO  [17:15:47.670] [bbotk] Finished optimizing after 3 evaluation(s)
INFO  [17:15:47.670] [bbotk] Result:
INFO  [17:15:47.671] [bbotk]  num.trees learner_param_vals  x_domain classif.ce
INFO  [17:15:47.671] [bbotk]      <int>             <list>    <list>      <num>
INFO  [17:15:47.671] [bbotk]        222          <list[2]> <list[1]>  0.1077124
INFO  [17:15:48.305] [bbotk] Starting to optimize 1 parameter(s) with '<OptimizerBatchRandomSearch>' and '<TerminatorEvals> [n_evals=3, k=0]'
INFO  [17:15:48.309] [bbotk] Evaluating 1 configuration(s)
INFO  [17:15:50.395] [bbotk] Result of batch 1:
INFO  [17:15:50.396] [bbotk]  num.trees classif.ce warnings errors runtime_learners
INFO  [17:15:50.396] [bbotk]        394  0.1141394        0      0            2.054
INFO  [17:15:50.396] [bbotk]                                 uhash
INFO  [17:15:50.396] [bbotk]  221e9e3e-11a1-4fce-80d1-f835828ca776
INFO  [17:15:50.398] [bbotk] Evaluating 1 configuration(s)
INFO  [17:15:52.271] [bbotk] Result of batch 2:
INFO  [17:15:52.272] [bbotk]  num.trees classif.ce warnings errors runtime_learners
INFO  [17:15:52.272] [bbotk]        375  0.1133682        0      0            1.838
INFO  [17:15:52.272] [bbotk]                                 uhash
INFO  [17:15:52.272] [bbotk]  1f10ea71-e6f9-40ec-93ab-4218ce4f92ad
INFO  [17:15:52.275] [bbotk] Evaluating 1 configuration(s)
INFO  [17:15:54.307] [bbotk] Result of batch 3:
INFO  [17:15:54.308] [bbotk]  num.trees classif.ce warnings errors runtime_learners
INFO  [17:15:54.308] [bbotk]        381  0.1133674        0      0            1.995
INFO  [17:15:54.308] [bbotk]                                 uhash
INFO  [17:15:54.308] [bbotk]  5d8c5aaf-4845-4856-a88f-cb28fb2e9298
INFO  [17:15:54.314] [bbotk] Finished optimizing after 3 evaluation(s)
INFO  [17:15:54.315] [bbotk] Result:
INFO  [17:15:54.315] [bbotk]  num.trees learner_param_vals  x_domain classif.ce
INFO  [17:15:54.315] [bbotk]      <int>             <list>    <list>      <num>
INFO  [17:15:54.315] [bbotk]        381          <list[2]> <list[1]>  0.1133674
INFO  [17:15:55.376] [bbotk] Starting to optimize 1 parameter(s) with '<OptimizerBatchRandomSearch>' and '<TerminatorEvals> [n_evals=3, k=0]'
INFO  [17:15:55.380] [bbotk] Evaluating 1 configuration(s)
INFO  [17:15:56.630] [bbotk] Result of batch 1:
INFO  [17:15:56.632] [bbotk]  num.trees classif.ce warnings errors runtime_learners
INFO  [17:15:56.632] [bbotk]        244  0.1059114        0      0            1.203
INFO  [17:15:56.632] [bbotk]                                 uhash
INFO  [17:15:56.632] [bbotk]  2f2558c8-97a8-4b07-a858-439aa1e6c302
INFO  [17:15:56.635] [bbotk] Evaluating 1 configuration(s)
INFO  [17:15:58.758] [bbotk] Result of batch 2:
INFO  [17:15:58.758] [bbotk]  num.trees classif.ce warnings errors runtime_learners
INFO  [17:15:58.758] [bbotk]        403  0.1089978        0      0            2.077
INFO  [17:15:58.758] [bbotk]                                 uhash
INFO  [17:15:58.758] [bbotk]  a72bcf04-83ee-4563-bfdd-6dd9c175b5cf
INFO  [17:15:58.760] [bbotk] Evaluating 1 configuration(s)
INFO  [17:16:00.008] [bbotk] Result of batch 3:
INFO  [17:16:00.009] [bbotk]  num.trees classif.ce warnings errors runtime_learners
INFO  [17:16:00.009] [bbotk]        263  0.1084828        0      0            1.215
INFO  [17:16:00.009] [bbotk]                                 uhash
INFO  [17:16:00.009] [bbotk]  647b036b-669c-4f62-b0ab-69a136232e19
INFO  [17:16:00.015] [bbotk] Finished optimizing after 3 evaluation(s)
INFO  [17:16:00.015] [bbotk] Result:
INFO  [17:16:00.015] [bbotk]  num.trees learner_param_vals  x_domain classif.ce
INFO  [17:16:00.015] [bbotk]      <int>             <list>    <list>      <num>
INFO  [17:16:00.015] [bbotk]        244          <list[2]> <list[1]>  0.1059114
INFO  [17:16:00.712] [bbotk] Starting to optimize 1 parameter(s) with '<OptimizerBatchRandomSearch>' and '<TerminatorEvals> [n_evals=3, k=0]'
INFO  [17:16:00.727] [bbotk] Evaluating 1 configuration(s)
INFO  [17:16:02.207] [bbotk] Result of batch 1:
INFO  [17:16:02.208] [bbotk]  num.trees classif.ce warnings errors runtime_learners
INFO  [17:16:02.208] [bbotk]        316  0.1151375        0      0            1.448
INFO  [17:16:02.208] [bbotk]                                 uhash
INFO  [17:16:02.208] [bbotk]  a0e691d8-1444-401b-8af0-86d71fe8b0bf
INFO  [17:16:02.210] [bbotk] Evaluating 1 configuration(s)
INFO  [17:16:02.990] [bbotk] Result of batch 2:
INFO  [17:16:02.991] [bbotk]  num.trees classif.ce warnings errors runtime_learners
INFO  [17:16:02.991] [bbotk]        162  0.1133385        0      0            0.735
INFO  [17:16:02.991] [bbotk]                                 uhash
INFO  [17:16:02.991] [bbotk]  f5ceec84-f41a-459a-a488-834d9b079665
INFO  [17:16:02.995] [bbotk] Evaluating 1 configuration(s)
INFO  [17:16:04.211] [bbotk] Result of batch 3:
INFO  [17:16:04.212] [bbotk]  num.trees classif.ce warnings errors runtime_learners
INFO  [17:16:04.212] [bbotk]        212  0.1148805        0      0            0.947
INFO  [17:16:04.212] [bbotk]                                 uhash
INFO  [17:16:04.212] [bbotk]  2c0b5f18-826a-41ae-90c1-35ffef616527
INFO  [17:16:04.226] [bbotk] Finished optimizing after 3 evaluation(s)
INFO  [17:16:04.226] [bbotk] Result:
INFO  [17:16:04.228] [bbotk]  num.trees learner_param_vals  x_domain classif.ce
INFO  [17:16:04.228] [bbotk]      <int>             <list>    <list>      <num>
INFO  [17:16:04.228] [bbotk]        162          <list[2]> <list[1]>  0.1133385
INFO  [17:16:04.608] [bbotk] Starting to optimize 1 parameter(s) with '<OptimizerBatchRandomSearch>' and '<TerminatorEvals> [n_evals=3, k=0]'
INFO  [17:16:04.612] [bbotk] Evaluating 1 configuration(s)
INFO  [17:16:06.746] [bbotk] Result of batch 1:
INFO  [17:16:06.747] [bbotk]  num.trees classif.ce warnings errors runtime_learners
INFO  [17:16:06.747] [bbotk]        420  0.1066564        0      0            2.105
INFO  [17:16:06.747] [bbotk]                                 uhash
INFO  [17:16:06.747] [bbotk]  2e3dfc6f-ba24-45bf-b3d0-47c8d689cece
INFO  [17:16:06.749] [bbotk] Evaluating 1 configuration(s)
INFO  [17:16:09.258] [bbotk] Result of batch 2:
INFO  [17:16:09.259] [bbotk]  num.trees classif.ce warnings errors runtime_learners
INFO  [17:16:09.259] [bbotk]        470  0.1033153        0      0            2.471
INFO  [17:16:09.259] [bbotk]                                 uhash
INFO  [17:16:09.259] [bbotk]  ce983ac4-6ab0-4c65-9fb3-9473675c0be9
INFO  [17:16:09.261] [bbotk] Evaluating 1 configuration(s)
INFO  [17:16:10.147] [bbotk] Result of batch 3:
INFO  [17:16:10.148] [bbotk]  num.trees classif.ce warnings errors runtime_learners
INFO  [17:16:10.148] [bbotk]        180  0.1063994        0      0            0.849
INFO  [17:16:10.148] [bbotk]                                 uhash
INFO  [17:16:10.148] [bbotk]  f814858f-a48f-4591-8a6b-c9c27a3d70d5
INFO  [17:16:10.155] [bbotk] Finished optimizing after 3 evaluation(s)
INFO  [17:16:10.155] [bbotk] Result:
INFO  [17:16:10.156] [bbotk]  num.trees learner_param_vals  x_domain classif.ce
INFO  [17:16:10.156] [bbotk]      <int>             <list>    <list>      <num>
INFO  [17:16:10.156] [bbotk]        470          <list[2]> <list[1]>  0.1033153

### [bt]: Job terminated successfully [batchtools job.id=2534]
### [bt]: Starting job [batchtools job.id=2535]
### [bt]: Generating problem instance for problem '34d90df810f60583' ...
### [bt]: Applying algorithm 'run_learner' on problem '34d90df810f60583' for job 2535 (seed = 2536) ...
INFO  [17:16:11.828] [mlr3] Applying learner 'classif.ranger.tuned_calib.perfold_isotonic' on task 'phoneme' (iter 5/10)
INFO  [17:16:11.863] [bbotk] Starting to optimize 1 parameter(s) with '<OptimizerBatchRandomSearch>' and '<TerminatorEvals> [n_evals=3, k=0]'
INFO  [17:16:11.868] [bbotk] Evaluating 1 configuration(s)
INFO  [17:16:12.747] [bbotk] Result of batch 1:
INFO  [17:16:12.748] [bbotk]  num.trees classif.ce warnings errors runtime_learners
INFO  [17:16:12.748] [bbotk]        187  0.1128245        0      0            0.836
INFO  [17:16:12.748] [bbotk]                                 uhash
INFO  [17:16:12.748] [bbotk]  c3911f86-134c-494a-9cf7-56a5a7951e34
INFO  [17:16:12.750] [bbotk] Evaluating 1 configuration(s)
INFO  [17:16:13.807] [bbotk] Result of batch 2:
INFO  [17:16:13.808] [bbotk]  num.trees classif.ce warnings errors runtime_learners
INFO  [17:16:13.808] [bbotk]        245  0.1151375        0      0            1.011
INFO  [17:16:13.808] [bbotk]                                 uhash
INFO  [17:16:13.808] [bbotk]  80b79305-c6db-42a9-aebc-bca66fba0fd7
INFO  [17:16:13.810] [bbotk] Evaluating 1 configuration(s)
INFO  [17:16:14.886] [bbotk] Result of batch 3:
INFO  [17:16:14.887] [bbotk]  num.trees classif.ce warnings errors runtime_learners
INFO  [17:16:14.887] [bbotk]        251  0.1123105        0      0            1.047
INFO  [17:16:14.887] [bbotk]                                 uhash
INFO  [17:16:14.887] [bbotk]  7739a669-e4de-40a3-b00a-f07d08516dc4
INFO  [17:16:14.893] [bbotk] Finished optimizing after 3 evaluation(s)
INFO  [17:16:14.893] [bbotk] Result:
INFO  [17:16:14.894] [bbotk]  num.trees learner_param_vals  x_domain classif.ce
INFO  [17:16:14.894] [bbotk]      <int>             <list>    <list>      <num>
INFO  [17:16:14.894] [bbotk]        251          <list[2]> <list[1]>  0.1123105
INFO  [17:16:15.515] [bbotk] Starting to optimize 1 parameter(s) with '<OptimizerBatchRandomSearch>' and '<TerminatorEvals> [n_evals=3, k=0]'
INFO  [17:16:15.524] [bbotk] Evaluating 1 configuration(s)
INFO  [17:16:16.438] [bbotk] Result of batch 1:
INFO  [17:16:16.439] [bbotk]  num.trees classif.ce warnings errors runtime_learners
INFO  [17:16:16.439] [bbotk]        208  0.1107684        0      0            0.882
INFO  [17:16:16.439] [bbotk]                                 uhash
INFO  [17:16:16.439] [bbotk]  0e850d30-715a-4297-aad3-b676b69708ee
INFO  [17:16:16.441] [bbotk] Evaluating 1 configuration(s)
INFO  [17:16:17.643] [bbotk] Result of batch 2:
INFO  [17:16:17.644] [bbotk]  num.trees classif.ce warnings errors runtime_learners
INFO  [17:16:17.644] [bbotk]        275  0.1138525        0      0            1.168
INFO  [17:16:17.644] [bbotk]                                 uhash
INFO  [17:16:17.644] [bbotk]  1ecca5a7-1575-430b-9732-2f1907cd83ff
INFO  [17:16:17.646] [bbotk] Evaluating 1 configuration(s)
INFO  [17:16:19.532] [bbotk] Result of batch 3:
INFO  [17:16:19.533] [bbotk]  num.trees classif.ce warnings errors runtime_learners
INFO  [17:16:19.533] [bbotk]        428  0.1130815        0      0            1.852
INFO  [17:16:19.533] [bbotk]                                 uhash
INFO  [17:16:19.533] [bbotk]  0cecca04-da30-41bd-8b83-b0cf8969b666
INFO  [17:16:19.539] [bbotk] Finished optimizing after 3 evaluation(s)
INFO  [17:16:19.539] [bbotk] Result:
INFO  [17:16:19.540] [bbotk]  num.trees learner_param_vals  x_domain classif.ce
INFO  [17:16:19.540] [bbotk]      <int>             <list>    <list>      <num>
INFO  [17:16:19.540] [bbotk]        208          <list[2]> <list[1]>  0.1107684
INFO  [17:16:19.993] [bbotk] Starting to optimize 1 parameter(s) with '<OptimizerBatchRandomSearch>' and '<TerminatorEvals> [n_evals=3, k=0]'
INFO  [17:16:19.998] [bbotk] Evaluating 1 configuration(s)
INFO  [17:16:20.986] [bbotk] Result of batch 1:
INFO  [17:16:20.987] [bbotk]  num.trees classif.ce warnings errors runtime_learners
INFO  [17:16:20.987] [bbotk]        214  0.1097404        0      0            0.959
INFO  [17:16:20.987] [bbotk]                                 uhash
INFO  [17:16:20.987] [bbotk]  f354b3a9-ce9f-44cf-a850-9f98254aec73
INFO  [17:16:20.989] [bbotk] Evaluating 1 configuration(s)
INFO  [17:16:21.786] [bbotk] Result of batch 2:
INFO  [17:16:21.786] [bbotk]  num.trees classif.ce warnings errors runtime_learners
INFO  [17:16:21.786] [bbotk]        195  0.1087124        0      0            0.767
INFO  [17:16:21.786] [bbotk]                                 uhash
INFO  [17:16:21.786] [bbotk]  9eefd429-ba76-40a6-a682-957a44a89cf7
INFO  [17:16:21.788] [bbotk] Evaluating 1 configuration(s)
INFO  [17:16:23.715] [bbotk] Result of batch 3:
INFO  [17:16:23.716] [bbotk]  num.trees classif.ce warnings errors runtime_learners
INFO  [17:16:23.716] [bbotk]        426  0.1081984        0      0            1.899
INFO  [17:16:23.716] [bbotk]                                 uhash
INFO  [17:16:23.716] [bbotk]  8a2c9714-d28d-4d50-a499-4eb8a246cf50
INFO  [17:16:23.726] [bbotk] Finished optimizing after 3 evaluation(s)
INFO  [17:16:23.727] [bbotk] Result:
INFO  [17:16:23.727] [bbotk]  num.trees learner_param_vals  x_domain classif.ce
INFO  [17:16:23.727] [bbotk]      <int>             <list>    <list>      <num>
INFO  [17:16:23.727] [bbotk]        426          <list[2]> <list[1]>  0.1081984
INFO  [17:16:24.854] [bbotk] Starting to optimize 1 parameter(s) with '<OptimizerBatchRandomSearch>' and '<TerminatorEvals> [n_evals=3, k=0]'
INFO  [17:16:24.863] [bbotk] Evaluating 1 configuration(s)
INFO  [17:16:27.085] [bbotk] Result of batch 1:
INFO  [17:16:27.086] [bbotk]  num.trees classif.ce warnings errors runtime_learners
INFO  [17:16:27.086] [bbotk]        484  0.1184785        0      0            2.187
INFO  [17:16:27.086] [bbotk]                                 uhash
INFO  [17:16:27.086] [bbotk]  a816f805-8735-49c5-8d23-aeec6ab39363
INFO  [17:16:27.088] [bbotk] Evaluating 1 configuration(s)
INFO  [17:16:28.625] [bbotk] Result of batch 2:
INFO  [17:16:28.627] [bbotk]  num.trees classif.ce warnings errors runtime_learners
INFO  [17:16:28.627] [bbotk]        332  0.1177075        0      0            1.496
INFO  [17:16:28.627] [bbotk]                                 uhash
INFO  [17:16:28.627] [bbotk]  d51fadf1-eb17-4399-83a2-edb65bb162aa
INFO  [17:16:28.631] [bbotk] Evaluating 1 configuration(s)
INFO  [17:16:29.351] [bbotk] Result of batch 3:
INFO  [17:16:29.352] [bbotk]  num.trees classif.ce warnings errors runtime_learners
INFO  [17:16:29.352] [bbotk]        158  0.1205346        0      0            0.681
INFO  [17:16:29.352] [bbotk]                                 uhash
INFO  [17:16:29.352] [bbotk]  9633cbd3-1701-492b-b9d0-ff569209f6c4
INFO  [17:16:29.358] [bbotk] Finished optimizing after 3 evaluation(s)
INFO  [17:16:29.359] [bbotk] Result:
INFO  [17:16:29.359] [bbotk]  num.trees learner_param_vals  x_domain classif.ce
INFO  [17:16:29.359] [bbotk]      <int>             <list>    <list>      <num>
INFO  [17:16:29.359] [bbotk]        332          <list[2]> <list[1]>  0.1177075
INFO  [17:16:30.199] [bbotk] Starting to optimize 1 parameter(s) with '<OptimizerBatchRandomSearch>' and '<TerminatorEvals> [n_evals=3, k=0]'
INFO  [17:16:30.204] [bbotk] Evaluating 1 configuration(s)
INFO  [17:16:30.894] [bbotk] Result of batch 1:
INFO  [17:16:30.895] [bbotk]  num.trees classif.ce warnings errors runtime_learners
INFO  [17:16:30.895] [bbotk]        152  0.1158812        0      0            0.652
INFO  [17:16:30.895] [bbotk]                                 uhash
INFO  [17:16:30.895] [bbotk]  6224d38a-fb76-41ec-9542-9cb5fde07c04
INFO  [17:16:30.897] [bbotk] Evaluating 1 configuration(s)
INFO  [17:16:31.608] [bbotk] Result of batch 2:
INFO  [17:16:31.608] [bbotk]  num.trees classif.ce warnings errors runtime_learners
INFO  [17:16:31.608] [bbotk]        160  0.1169086        0      0            0.678
INFO  [17:16:31.608] [bbotk]                                 uhash
INFO  [17:16:31.608] [bbotk]  0ff8514f-fe7a-49d8-9307-cdd5135c4f6d
INFO  [17:16:31.841] [bbotk] Evaluating 1 configuration(s)
INFO  [17:16:33.777] [bbotk] Result of batch 3:
INFO  [17:16:33.777] [bbotk]  num.trees classif.ce warnings errors runtime_learners
INFO  [17:16:33.777] [bbotk]        464  0.1133135        0      0            1.909
INFO  [17:16:33.777] [bbotk]                                 uhash
INFO  [17:16:33.777] [bbotk]  94884b23-96fc-48e5-a9cb-33c72edb7ef7
INFO  [17:16:33.784] [bbotk] Finished optimizing after 3 evaluation(s)
INFO  [17:16:33.784] [bbotk] Result:
INFO  [17:16:33.785] [bbotk]  num.trees learner_param_vals  x_domain classif.ce
INFO  [17:16:33.785] [bbotk]      <int>             <list>    <list>      <num>
INFO  [17:16:33.785] [bbotk]        464          <list[2]> <list[1]>  0.1133135

### [bt]: Job terminated successfully [batchtools job.id=2535]
### [bt]: Calculation finished!
