### [bt]: This is batchtools v0.9.17
### [bt]: Starting calculation of 5 jobs
### [bt]: Setting working directory to '/Users/User/Documents/Studium/Semester8/Hiwi/mlr3calibration/vignettes'
Loading required package: mlr3verse
Loading required package: mlr3
### [bt]: Memory measurement disabled
### [bt]: Starting job [batchtools job.id=6]
### [bt]: Generating problem instance for problem '70bd5a65df34c4f3' ...
### [bt]: Applying algorithm 'run_learner' on problem '70bd5a65df34c4f3' for job 6 (seed = 7) ...
INFO  [16:37:08.833] [mlr3] Applying learner 'classif.naive_bayes.tuned' on task 'kr-vs-kp' (iter 6/10)
INFO  [16:37:08.955] [bbotk] Starting to optimize 1 parameter(s) with '<OptimizerBatchRandomSearch>' and '<TerminatorEvals> [n_evals=3, k=0]'
INFO  [16:37:09.028] [bbotk] Evaluating 1 configuration(s)
INFO  [16:37:09.032] [mlr3] Running benchmark with 3 resampling iterations
INFO  [16:37:09.099] [mlr3] Applying learner 'classif.naive_bayes' on task 'kr-vs-kp' (iter 1/3)
INFO  [16:37:09.503] [mlr3] Applying learner 'classif.naive_bayes' on task 'kr-vs-kp' (iter 2/3)
INFO  [16:37:09.780] [mlr3] Applying learner 'classif.naive_bayes' on task 'kr-vs-kp' (iter 3/3)
INFO  [16:37:10.070] [mlr3] Finished benchmark
INFO  [16:37:10.091] [bbotk] Result of batch 1:
INFO  [16:37:10.093] [bbotk]    laplace classif.ce warnings errors runtime_learners
INFO  [16:37:10.093] [bbotk]  0.7284614  0.1255262        0      0            0.949
INFO  [16:37:10.093] [bbotk]                                 uhash
INFO  [16:37:10.093] [bbotk]  597b2607-2be6-410f-9ce8-858d41ccb0d9
INFO  [16:37:10.103] [bbotk] Evaluating 1 configuration(s)
INFO  [16:37:10.106] [mlr3] Running benchmark with 3 resampling iterations
INFO  [16:37:10.108] [mlr3] Applying learner 'classif.naive_bayes' on task 'kr-vs-kp' (iter 1/3)
INFO  [16:37:10.347] [mlr3] Applying learner 'classif.naive_bayes' on task 'kr-vs-kp' (iter 2/3)
INFO  [16:37:10.580] [mlr3] Applying learner 'classif.naive_bayes' on task 'kr-vs-kp' (iter 3/3)
INFO  [16:37:10.895] [mlr3] Finished benchmark
INFO  [16:37:10.925] [bbotk] Result of batch 2:
INFO  [16:37:10.926] [bbotk]    laplace classif.ce warnings errors runtime_learners
INFO  [16:37:10.926] [bbotk]  0.8056129  0.1255262        0      0            0.763
INFO  [16:37:10.926] [bbotk]                                 uhash
INFO  [16:37:10.926] [bbotk]  18be88f5-8ff5-46a5-adcd-e230c0299da7
INFO  [16:37:10.928] [bbotk] Evaluating 1 configuration(s)
INFO  [16:37:10.930] [mlr3] Running benchmark with 3 resampling iterations
INFO  [16:37:10.932] [mlr3] Applying learner 'classif.naive_bayes' on task 'kr-vs-kp' (iter 1/3)
INFO  [16:37:11.340] [mlr3] Applying learner 'classif.naive_bayes' on task 'kr-vs-kp' (iter 2/3)
INFO  [16:37:11.587] [mlr3] Applying learner 'classif.naive_bayes' on task 'kr-vs-kp' (iter 3/3)
INFO  [16:37:11.840] [mlr3] Finished benchmark
INFO  [16:37:11.857] [bbotk] Result of batch 3:
INFO  [16:37:11.858] [bbotk]    laplace classif.ce warnings errors runtime_learners
INFO  [16:37:11.858] [bbotk]  0.2179679  0.1255258        0      0            0.884
INFO  [16:37:11.858] [bbotk]                                 uhash
INFO  [16:37:11.858] [bbotk]  e185681b-4a3c-4540-af4f-1a7bd4920ec7
INFO  [16:37:11.873] [bbotk] Finished optimizing after 3 evaluation(s)
INFO  [16:37:11.874] [bbotk] Result:
INFO  [16:37:11.874] [bbotk]    laplace learner_param_vals  x_domain classif.ce
INFO  [16:37:11.874] [bbotk]      <num>             <list>    <list>      <num>
INFO  [16:37:11.874] [bbotk]  0.2179679          <list[1]> <list[1]>  0.1255258

### [bt]: Job terminated successfully [batchtools job.id=6]
### [bt]: Starting job [batchtools job.id=7]
### [bt]: Generating problem instance for problem '70bd5a65df34c4f3' ...
### [bt]: Applying algorithm 'run_learner' on problem '70bd5a65df34c4f3' for job 7 (seed = 8) ...
INFO  [16:37:11.983] [mlr3] Applying learner 'classif.naive_bayes.tuned' on task 'kr-vs-kp' (iter 7/10)
INFO  [16:37:12.023] [bbotk] Starting to optimize 1 parameter(s) with '<OptimizerBatchRandomSearch>' and '<TerminatorEvals> [n_evals=3, k=0]'
INFO  [16:37:12.033] [bbotk] Evaluating 1 configuration(s)
INFO  [16:37:12.036] [mlr3] Running benchmark with 3 resampling iterations
INFO  [16:37:12.039] [mlr3] Applying learner 'classif.naive_bayes' on task 'kr-vs-kp' (iter 1/3)
INFO  [16:37:12.318] [mlr3] Applying learner 'classif.naive_bayes' on task 'kr-vs-kp' (iter 2/3)
INFO  [16:37:12.595] [mlr3] Applying learner 'classif.naive_bayes' on task 'kr-vs-kp' (iter 3/3)
INFO  [16:37:12.825] [mlr3] Finished benchmark
INFO  [16:37:12.844] [bbotk] Result of batch 1:
INFO  [16:37:12.845] [bbotk]    laplace classif.ce warnings errors runtime_learners
INFO  [16:37:12.845] [bbotk]  0.9810955  0.1233924        0      0             0.77
INFO  [16:37:12.845] [bbotk]                                 uhash
INFO  [16:37:12.845] [bbotk]  a2d292ac-3e46-4990-bb64-1239b9c21379
INFO  [16:37:12.847] [bbotk] Evaluating 1 configuration(s)
INFO  [16:37:12.851] [mlr3] Running benchmark with 3 resampling iterations
INFO  [16:37:12.856] [mlr3] Applying learner 'classif.naive_bayes' on task 'kr-vs-kp' (iter 1/3)
INFO  [16:37:13.145] [mlr3] Applying learner 'classif.naive_bayes' on task 'kr-vs-kp' (iter 2/3)
INFO  [16:37:13.435] [mlr3] Applying learner 'classif.naive_bayes' on task 'kr-vs-kp' (iter 3/3)
INFO  [16:37:13.701] [mlr3] Finished benchmark
INFO  [16:37:13.716] [bbotk] Result of batch 2:
INFO  [16:37:13.717] [bbotk]    laplace classif.ce warnings errors runtime_learners
INFO  [16:37:13.717] [bbotk]  0.9903202  0.1233924        0      0            0.825
INFO  [16:37:13.717] [bbotk]                                 uhash
INFO  [16:37:13.717] [bbotk]  3dc06e19-f051-4061-9363-826395bdeed7
INFO  [16:37:13.720] [bbotk] Evaluating 1 configuration(s)
INFO  [16:37:13.722] [mlr3] Running benchmark with 3 resampling iterations
INFO  [16:37:13.724] [mlr3] Applying learner 'classif.naive_bayes' on task 'kr-vs-kp' (iter 1/3)
INFO  [16:37:13.990] [mlr3] Applying learner 'classif.naive_bayes' on task 'kr-vs-kp' (iter 2/3)
INFO  [16:37:14.267] [mlr3] Applying learner 'classif.naive_bayes' on task 'kr-vs-kp' (iter 3/3)
INFO  [16:37:14.559] [mlr3] Finished benchmark
INFO  [16:37:14.578] [bbotk] Result of batch 3:
INFO  [16:37:14.581] [bbotk]    laplace classif.ce warnings errors runtime_learners
INFO  [16:37:14.581] [bbotk]  0.3859231  0.1220021        0      0            0.819
INFO  [16:37:14.581] [bbotk]                                 uhash
INFO  [16:37:14.581] [bbotk]  69f35b91-db66-42b1-ac7d-40ce916a3f8c
INFO  [16:37:14.595] [bbotk] Finished optimizing after 3 evaluation(s)
INFO  [16:37:14.596] [bbotk] Result:
INFO  [16:37:14.597] [bbotk]    laplace learner_param_vals  x_domain classif.ce
INFO  [16:37:14.597] [bbotk]      <num>             <list>    <list>      <num>
INFO  [16:37:14.597] [bbotk]  0.3859231          <list[1]> <list[1]>  0.1220021

### [bt]: Job terminated successfully [batchtools job.id=7]
### [bt]: Starting job [batchtools job.id=8]
### [bt]: Generating problem instance for problem '70bd5a65df34c4f3' ...
### [bt]: Applying algorithm 'run_learner' on problem '70bd5a65df34c4f3' for job 8 (seed = 9) ...
INFO  [16:37:14.715] [mlr3] Applying learner 'classif.naive_bayes.tuned' on task 'kr-vs-kp' (iter 8/10)
INFO  [16:37:14.745] [bbotk] Starting to optimize 1 parameter(s) with '<OptimizerBatchRandomSearch>' and '<TerminatorEvals> [n_evals=3, k=0]'
INFO  [16:37:14.749] [bbotk] Evaluating 1 configuration(s)
INFO  [16:37:14.753] [mlr3] Running benchmark with 3 resampling iterations
INFO  [16:37:14.758] [mlr3] Applying learner 'classif.naive_bayes' on task 'kr-vs-kp' (iter 1/3)
INFO  [16:37:15.042] [mlr3] Applying learner 'classif.naive_bayes' on task 'kr-vs-kp' (iter 2/3)
INFO  [16:37:15.312] [mlr3] Applying learner 'classif.naive_bayes' on task 'kr-vs-kp' (iter 3/3)
INFO  [16:37:15.559] [mlr3] Finished benchmark
INFO  [16:37:15.584] [bbotk] Result of batch 1:
INFO  [16:37:15.585] [bbotk]    laplace classif.ce warnings errors runtime_learners
INFO  [16:37:15.585] [bbotk]  0.3529625  0.1209593        0      0            0.769
INFO  [16:37:15.585] [bbotk]                                 uhash
INFO  [16:37:15.585] [bbotk]  9400344c-5847-4768-926e-8f46d32af8c1
INFO  [16:37:15.588] [bbotk] Evaluating 1 configuration(s)
INFO  [16:37:15.591] [mlr3] Running benchmark with 3 resampling iterations
INFO  [16:37:15.593] [mlr3] Applying learner 'classif.naive_bayes' on task 'kr-vs-kp' (iter 1/3)
INFO  [16:37:15.855] [mlr3] Applying learner 'classif.naive_bayes' on task 'kr-vs-kp' (iter 2/3)
INFO  [16:37:16.111] [mlr3] Applying learner 'classif.naive_bayes' on task 'kr-vs-kp' (iter 3/3)
INFO  [16:37:16.382] [mlr3] Finished benchmark
INFO  [16:37:16.395] [bbotk] Result of batch 2:
INFO  [16:37:16.396] [bbotk]     laplace classif.ce warnings errors runtime_learners
INFO  [16:37:16.396] [bbotk]  0.07147249  0.1206117        0      0             0.77
INFO  [16:37:16.396] [bbotk]                                 uhash
INFO  [16:37:16.396] [bbotk]  bb44e97d-688f-42ae-9d37-23230f8e6b39
INFO  [16:37:16.398] [bbotk] Evaluating 1 configuration(s)
INFO  [16:37:16.400] [mlr3] Running benchmark with 3 resampling iterations
INFO  [16:37:16.403] [mlr3] Applying learner 'classif.naive_bayes' on task 'kr-vs-kp' (iter 1/3)
INFO  [16:37:16.681] [mlr3] Applying learner 'classif.naive_bayes' on task 'kr-vs-kp' (iter 2/3)
INFO  [16:37:16.907] [mlr3] Applying learner 'classif.naive_bayes' on task 'kr-vs-kp' (iter 3/3)
INFO  [16:37:17.187] [mlr3] Finished benchmark
INFO  [16:37:17.210] [bbotk] Result of batch 3:
INFO  [16:37:17.211] [bbotk]    laplace classif.ce warnings errors runtime_learners
INFO  [16:37:17.211] [bbotk]  0.8168015  0.1206117        0      0            0.766
INFO  [16:37:17.211] [bbotk]                                 uhash
INFO  [16:37:17.211] [bbotk]  d2045115-b6bd-47db-bb21-6c4a9997bd5b
INFO  [16:37:17.236] [bbotk] Finished optimizing after 3 evaluation(s)
INFO  [16:37:17.236] [bbotk] Result:
INFO  [16:37:17.237] [bbotk]     laplace learner_param_vals  x_domain classif.ce
INFO  [16:37:17.237] [bbotk]       <num>             <list>    <list>      <num>
INFO  [16:37:17.237] [bbotk]  0.07147249          <list[1]> <list[1]>  0.1206117

### [bt]: Job terminated successfully [batchtools job.id=8]
### [bt]: Starting job [batchtools job.id=9]
### [bt]: Generating problem instance for problem '70bd5a65df34c4f3' ...
### [bt]: Applying algorithm 'run_learner' on problem '70bd5a65df34c4f3' for job 9 (seed = 10) ...
INFO  [16:37:17.342] [mlr3] Applying learner 'classif.naive_bayes.tuned' on task 'kr-vs-kp' (iter 9/10)
INFO  [16:37:17.391] [bbotk] Starting to optimize 1 parameter(s) with '<OptimizerBatchRandomSearch>' and '<TerminatorEvals> [n_evals=3, k=0]'
INFO  [16:37:17.397] [bbotk] Evaluating 1 configuration(s)
INFO  [16:37:17.402] [mlr3] Running benchmark with 3 resampling iterations
INFO  [16:37:17.412] [mlr3] Applying learner 'classif.naive_bayes' on task 'kr-vs-kp' (iter 1/3)
INFO  [16:37:17.700] [mlr3] Applying learner 'classif.naive_bayes' on task 'kr-vs-kp' (iter 2/3)
INFO  [16:37:17.972] [mlr3] Applying learner 'classif.naive_bayes' on task 'kr-vs-kp' (iter 3/3)
INFO  [16:37:18.225] [mlr3] Finished benchmark
INFO  [16:37:18.237] [bbotk] Result of batch 1:
INFO  [16:37:18.240] [bbotk]    laplace classif.ce warnings errors runtime_learners
INFO  [16:37:18.240] [bbotk]  0.4372595    0.12374        0      0            0.796
INFO  [16:37:18.240] [bbotk]                                 uhash
INFO  [16:37:18.240] [bbotk]  3fe356d7-59f4-440b-9c80-14a297e55dde
INFO  [16:37:18.246] [bbotk] Evaluating 1 configuration(s)
INFO  [16:37:18.249] [mlr3] Running benchmark with 3 resampling iterations
INFO  [16:37:18.254] [mlr3] Applying learner 'classif.naive_bayes' on task 'kr-vs-kp' (iter 1/3)
INFO  [16:37:18.549] [mlr3] Applying learner 'classif.naive_bayes' on task 'kr-vs-kp' (iter 2/3)
INFO  [16:37:18.860] [mlr3] Applying learner 'classif.naive_bayes' on task 'kr-vs-kp' (iter 3/3)
INFO  [16:37:19.164] [mlr3] Finished benchmark
INFO  [16:37:19.184] [bbotk] Result of batch 2:
INFO  [16:37:19.185] [bbotk]    laplace classif.ce warnings errors runtime_learners
INFO  [16:37:19.185] [bbotk]  0.5557817    0.12374        0      0            0.892
INFO  [16:37:19.185] [bbotk]                                 uhash
INFO  [16:37:19.185] [bbotk]  cbf138e7-775d-4feb-ade8-51c9d305ca03
INFO  [16:37:19.187] [bbotk] Evaluating 1 configuration(s)
INFO  [16:37:19.189] [mlr3] Running benchmark with 3 resampling iterations
INFO  [16:37:19.192] [mlr3] Applying learner 'classif.naive_bayes' on task 'kr-vs-kp' (iter 1/3)
INFO  [16:37:19.498] [mlr3] Applying learner 'classif.naive_bayes' on task 'kr-vs-kp' (iter 2/3)
INFO  [16:37:19.742] [mlr3] Applying learner 'classif.naive_bayes' on task 'kr-vs-kp' (iter 3/3)
INFO  [16:37:20.027] [mlr3] Finished benchmark
INFO  [16:37:20.045] [bbotk] Result of batch 3:
INFO  [16:37:20.045] [bbotk]    laplace classif.ce warnings errors runtime_learners
INFO  [16:37:20.045] [bbotk]  0.4674343    0.12374        0      0            0.818
INFO  [16:37:20.045] [bbotk]                                 uhash
INFO  [16:37:20.045] [bbotk]  08816c8d-0871-4004-8507-5e75fd3a298c
INFO  [16:37:20.060] [bbotk] Finished optimizing after 3 evaluation(s)
INFO  [16:37:20.062] [bbotk] Result:
INFO  [16:37:20.064] [bbotk]    laplace learner_param_vals  x_domain classif.ce
INFO  [16:37:20.064] [bbotk]      <num>             <list>    <list>      <num>
INFO  [16:37:20.064] [bbotk]  0.4372595          <list[1]> <list[1]>    0.12374

### [bt]: Job terminated successfully [batchtools job.id=9]
### [bt]: Starting job [batchtools job.id=10]
### [bt]: Generating problem instance for problem '70bd5a65df34c4f3' ...
### [bt]: Applying algorithm 'run_learner' on problem '70bd5a65df34c4f3' for job 10 (seed = 11) ...
INFO  [16:37:20.200] [mlr3] Applying learner 'classif.naive_bayes.tuned' on task 'kr-vs-kp' (iter 10/10)
INFO  [16:37:20.253] [bbotk] Starting to optimize 1 parameter(s) with '<OptimizerBatchRandomSearch>' and '<TerminatorEvals> [n_evals=3, k=0]'
INFO  [16:37:20.262] [bbotk] Evaluating 1 configuration(s)
INFO  [16:37:20.264] [mlr3] Running benchmark with 3 resampling iterations
INFO  [16:37:20.267] [mlr3] Applying learner 'classif.naive_bayes' on task 'kr-vs-kp' (iter 1/3)
INFO  [16:37:20.530] [mlr3] Applying learner 'classif.naive_bayes' on task 'kr-vs-kp' (iter 2/3)
INFO  [16:37:20.800] [mlr3] Applying learner 'classif.naive_bayes' on task 'kr-vs-kp' (iter 3/3)
INFO  [16:37:21.038] [mlr3] Finished benchmark
INFO  [16:37:21.059] [bbotk] Result of batch 1:
INFO  [16:37:21.062] [bbotk]   laplace classif.ce warnings errors runtime_learners
INFO  [16:37:21.062] [bbotk]  0.290318  0.1282586        0      0            0.754
INFO  [16:37:21.062] [bbotk]                                 uhash
INFO  [16:37:21.062] [bbotk]  f36b4559-d93d-4d14-b836-07efd1ba67a2
INFO  [16:37:21.068] [bbotk] Evaluating 1 configuration(s)
INFO  [16:37:21.077] [mlr3] Running benchmark with 3 resampling iterations
INFO  [16:37:21.084] [mlr3] Applying learner 'classif.naive_bayes' on task 'kr-vs-kp' (iter 1/3)
INFO  [16:37:21.406] [mlr3] Applying learner 'classif.naive_bayes' on task 'kr-vs-kp' (iter 2/3)
INFO  [16:37:21.717] [mlr3] Applying learner 'classif.naive_bayes' on task 'kr-vs-kp' (iter 3/3)
INFO  [16:37:22.022] [mlr3] Finished benchmark
INFO  [16:37:22.049] [bbotk] Result of batch 2:
INFO  [16:37:22.050] [bbotk]    laplace classif.ce warnings errors runtime_learners
INFO  [16:37:22.050] [bbotk]  0.9125684  0.1289538        0      0            0.912
INFO  [16:37:22.050] [bbotk]                                 uhash
INFO  [16:37:22.050] [bbotk]  1ec49988-88f7-4eb5-86cd-37c5f1a4999e
INFO  [16:37:22.052] [bbotk] Evaluating 1 configuration(s)
INFO  [16:37:22.055] [mlr3] Running benchmark with 3 resampling iterations
INFO  [16:37:22.057] [mlr3] Applying learner 'classif.naive_bayes' on task 'kr-vs-kp' (iter 1/3)
INFO  [16:37:22.370] [mlr3] Applying learner 'classif.naive_bayes' on task 'kr-vs-kp' (iter 2/3)
INFO  [16:37:22.614] [mlr3] Applying learner 'classif.naive_bayes' on task 'kr-vs-kp' (iter 3/3)
INFO  [16:37:22.888] [mlr3] Finished benchmark
INFO  [16:37:22.904] [bbotk] Result of batch 3:
INFO  [16:37:22.905] [bbotk]    laplace classif.ce warnings errors runtime_learners
INFO  [16:37:22.905] [bbotk]  0.8869626  0.1289538        0      0            0.816
INFO  [16:37:22.905] [bbotk]                                 uhash
INFO  [16:37:22.905] [bbotk]  79df8816-9d42-41f9-bbc5-fe0b97265a96
INFO  [16:37:22.915] [bbotk] Finished optimizing after 3 evaluation(s)
INFO  [16:37:22.915] [bbotk] Result:
INFO  [16:37:23.031] [bbotk]   laplace learner_param_vals  x_domain classif.ce
INFO  [16:37:23.031] [bbotk]     <num>             <list>    <list>      <num>
INFO  [16:37:23.031] [bbotk]  0.290318          <list[1]> <list[1]>  0.1282586

### [bt]: Job terminated successfully [batchtools job.id=10]
### [bt]: Calculation finished!
