### [bt]: This is batchtools v0.9.17
### [bt]: Starting calculation of 5 jobs
### [bt]: Setting working directory to '/Users/User/Documents/Studium/Semester8/Hiwi/mlr3calibration/vignettes'
### [bt]: Memory measurement disabled
### [bt]: Starting job [batchtools job.id=2481]
### [bt]: Generating problem instance for problem '34d90df810f60583' ...
### [bt]: Applying algorithm 'run_learner' on problem '34d90df810f60583' for job 2481 (seed = 2482) ...
INFO  [17:12:11.450] [mlr3] Applying learner 'classif.ranger.tuned_calib.oof_platt' on task 'phoneme' (iter 1/10)
INFO  [17:12:11.532] [bbotk] Starting to optimize 1 parameter(s) with '<OptimizerBatchRandomSearch>' and '<TerminatorEvals> [n_evals=3, k=0]'
INFO  [17:12:11.545] [bbotk] Evaluating 1 configuration(s)
INFO  [17:12:12.766] [bbotk] Result of batch 1:
INFO  [17:12:12.766] [bbotk]  num.trees classif.ce warnings errors runtime_learners
INFO  [17:12:12.766] [bbotk]        242  0.1182554        0      0            1.177
INFO  [17:12:12.766] [bbotk]                                 uhash
INFO  [17:12:12.766] [bbotk]  3226a908-c29b-4983-ab7d-928e08ab8af4
INFO  [17:12:12.769] [bbotk] Evaluating 1 configuration(s)
INFO  [17:12:13.731] [bbotk] Result of batch 2:
INFO  [17:12:13.732] [bbotk]  num.trees classif.ce warnings errors runtime_learners
INFO  [17:12:13.732] [bbotk]        211  0.1146566        0      0            0.931
INFO  [17:12:13.732] [bbotk]                                 uhash
INFO  [17:12:13.732] [bbotk]  756cb070-b75e-476d-bb94-b9d2c5cb7083
INFO  [17:12:13.734] [bbotk] Evaluating 1 configuration(s)
INFO  [17:12:15.639] [bbotk] Result of batch 3:
INFO  [17:12:15.640] [bbotk]  num.trees classif.ce warnings errors runtime_learners
INFO  [17:12:15.640] [bbotk]        346  0.1190271        0      0            1.872
INFO  [17:12:15.640] [bbotk]                                 uhash
INFO  [17:12:15.640] [bbotk]  6fd0f65b-dc2e-40b5-a69d-393f11cc4edf
INFO  [17:12:15.646] [bbotk] Finished optimizing after 3 evaluation(s)
INFO  [17:12:15.646] [bbotk] Result:
INFO  [17:12:15.647] [bbotk]  num.trees learner_param_vals  x_domain classif.ce
INFO  [17:12:15.647] [bbotk]      <int>             <list>    <list>      <num>
INFO  [17:12:15.647] [bbotk]        211          <list[2]> <list[1]>  0.1146566
INFO  [17:12:16.355] [bbotk] Starting to optimize 1 parameter(s) with '<OptimizerBatchRandomSearch>' and '<TerminatorEvals> [n_evals=3, k=0]'
INFO  [17:12:16.359] [bbotk] Evaluating 1 configuration(s)
INFO  [17:12:17.403] [bbotk] Result of batch 1:
INFO  [17:12:17.404] [bbotk]  num.trees classif.ce warnings errors runtime_learners
INFO  [17:12:17.404] [bbotk]        207  0.1179941        0      0            1.006
INFO  [17:12:17.404] [bbotk]                                 uhash
INFO  [17:12:17.404] [bbotk]  a6688ce9-1127-4183-8539-3a026e0c64a0
INFO  [17:12:17.406] [bbotk] Evaluating 1 configuration(s)
INFO  [17:12:19.879] [bbotk] Result of batch 2:
INFO  [17:12:19.880] [bbotk]  num.trees classif.ce warnings errors runtime_learners
INFO  [17:12:19.880] [bbotk]        453  0.1182525        0      0            2.443
INFO  [17:12:19.880] [bbotk]                                 uhash
INFO  [17:12:19.880] [bbotk]  f6f39955-bb35-42d5-8ccb-4f95021405d8
INFO  [17:12:19.882] [bbotk] Evaluating 1 configuration(s)
INFO  [17:12:20.587] [bbotk] Result of batch 3:
INFO  [17:12:20.588] [bbotk]  num.trees classif.ce warnings errors runtime_learners
INFO  [17:12:20.588] [bbotk]        152  0.1161955        0      0            0.669
INFO  [17:12:20.588] [bbotk]                                 uhash
INFO  [17:12:20.588] [bbotk]  482a05d0-f521-453f-963d-23902259d763
INFO  [17:12:20.594] [bbotk] Finished optimizing after 3 evaluation(s)
INFO  [17:12:20.594] [bbotk] Result:
INFO  [17:12:20.595] [bbotk]  num.trees learner_param_vals  x_domain classif.ce
INFO  [17:12:20.595] [bbotk]      <int>             <list>    <list>      <num>
INFO  [17:12:20.595] [bbotk]        152          <list[2]> <list[1]>  0.1161955
INFO  [17:12:21.107] [bbotk] Starting to optimize 1 parameter(s) with '<OptimizerBatchRandomSearch>' and '<TerminatorEvals> [n_evals=3, k=0]'
INFO  [17:12:21.111] [bbotk] Evaluating 1 configuration(s)
INFO  [17:12:23.666] [bbotk] Result of batch 1:
INFO  [17:12:23.667] [bbotk]  num.trees classif.ce warnings errors runtime_learners
INFO  [17:12:23.667] [bbotk]        463  0.1136248        0      0            2.527
INFO  [17:12:23.667] [bbotk]                                 uhash
INFO  [17:12:23.667] [bbotk]  ed78acb9-9313-4eb1-abca-9ee44ae390fd
INFO  [17:12:23.669] [bbotk] Evaluating 1 configuration(s)
INFO  [17:12:25.879] [bbotk] Result of batch 2:
INFO  [17:12:25.880] [bbotk]  num.trees classif.ce warnings errors runtime_learners
INFO  [17:12:25.880] [bbotk]        433  0.1113106        0      0            2.173
INFO  [17:12:25.880] [bbotk]                                 uhash
INFO  [17:12:25.880] [bbotk]  7a8630af-8640-4568-a3a2-a65f16d648d2
INFO  [17:12:25.882] [bbotk] Evaluating 1 configuration(s)
INFO  [17:12:27.223] [bbotk] Result of batch 3:
INFO  [17:12:27.226] [bbotk]  num.trees classif.ce warnings errors runtime_learners
INFO  [17:12:27.226] [bbotk]        266  0.1123382        0      0            1.296
INFO  [17:12:27.226] [bbotk]                                 uhash
INFO  [17:12:27.226] [bbotk]  a0adb715-2f56-41df-a371-bfb4c219c457
INFO  [17:12:27.232] [bbotk] Finished optimizing after 3 evaluation(s)
INFO  [17:12:27.233] [bbotk] Result:
INFO  [17:12:27.233] [bbotk]  num.trees learner_param_vals  x_domain classif.ce
INFO  [17:12:27.233] [bbotk]      <int>             <list>    <list>      <num>
INFO  [17:12:27.233] [bbotk]        433          <list[2]> <list[1]>  0.1113106
INFO  [17:12:28.533] [bbotk] Starting to optimize 1 parameter(s) with '<OptimizerBatchRandomSearch>' and '<TerminatorEvals> [n_evals=3, k=0]'
INFO  [17:12:28.537] [bbotk] Evaluating 1 configuration(s)
INFO  [17:12:29.610] [bbotk] Result of batch 1:
INFO  [17:12:29.611] [bbotk]  num.trees classif.ce warnings errors runtime_learners
INFO  [17:12:29.611] [bbotk]        203  0.1141095        0      0            1.037
INFO  [17:12:29.611] [bbotk]                                 uhash
INFO  [17:12:29.611] [bbotk]  eabf5c30-4065-4794-9ade-a8fd310add32
INFO  [17:12:29.614] [bbotk] Evaluating 1 configuration(s)
INFO  [17:12:30.790] [bbotk] Result of batch 2:
INFO  [17:12:30.790] [bbotk]  num.trees classif.ce warnings errors runtime_learners
INFO  [17:12:30.790] [bbotk]        271  0.1146235        0      0            1.134
INFO  [17:12:30.790] [bbotk]                                 uhash
INFO  [17:12:30.790] [bbotk]  294c0830-1619-4b11-ad48-cc1871cd6d1c
INFO  [17:12:30.793] [bbotk] Evaluating 1 configuration(s)
INFO  [17:12:33.303] [bbotk] Result of batch 3:
INFO  [17:12:33.303] [bbotk]  num.trees classif.ce warnings errors runtime_learners
INFO  [17:12:33.303] [bbotk]        453  0.1161655        0      0            2.478
INFO  [17:12:33.303] [bbotk]                                 uhash
INFO  [17:12:33.303] [bbotk]  b4379655-52df-4b27-90fa-22d009516f69
INFO  [17:12:33.309] [bbotk] Finished optimizing after 3 evaluation(s)
INFO  [17:12:33.310] [bbotk] Result:
INFO  [17:12:33.310] [bbotk]  num.trees learner_param_vals  x_domain classif.ce
INFO  [17:12:33.310] [bbotk]      <int>             <list>    <list>      <num>
INFO  [17:12:33.310] [bbotk]        203          <list[2]> <list[1]>  0.1141095
INFO  [17:12:33.912] [bbotk] Starting to optimize 1 parameter(s) with '<OptimizerBatchRandomSearch>' and '<TerminatorEvals> [n_evals=3, k=0]'
INFO  [17:12:33.917] [bbotk] Evaluating 1 configuration(s)
INFO  [17:12:35.037] [bbotk] Result of batch 1:
INFO  [17:12:35.039] [bbotk]  num.trees classif.ce warnings errors runtime_learners
INFO  [17:12:35.039] [bbotk]        238  0.1123105        0      0            1.078
INFO  [17:12:35.039] [bbotk]                                 uhash
INFO  [17:12:35.039] [bbotk]  cd8de7a5-1eb0-4894-bb31-536c598843db
INFO  [17:12:35.044] [bbotk] Evaluating 1 configuration(s)
INFO  [17:12:37.319] [bbotk] Result of batch 2:
INFO  [17:12:37.320] [bbotk]  num.trees classif.ce warnings errors runtime_learners
INFO  [17:12:37.320] [bbotk]        454  0.1089694        0      0            2.237
INFO  [17:12:37.320] [bbotk]                                 uhash
INFO  [17:12:37.320] [bbotk]  43784ccd-cec3-4951-897d-1b540c7e6f64
INFO  [17:12:37.322] [bbotk] Evaluating 1 configuration(s)
INFO  [17:12:38.490] [bbotk] Result of batch 3:
INFO  [17:12:38.491] [bbotk]  num.trees classif.ce warnings errors runtime_learners
INFO  [17:12:38.491] [bbotk]        247  0.1110254        0      0            1.136
INFO  [17:12:38.491] [bbotk]                                 uhash
INFO  [17:12:38.491] [bbotk]  0abf33b2-4f5d-4dfc-8b64-af0a06e3bc8e
INFO  [17:12:38.505] [bbotk] Finished optimizing after 3 evaluation(s)
INFO  [17:12:38.506] [bbotk] Result:
INFO  [17:12:38.507] [bbotk]  num.trees learner_param_vals  x_domain classif.ce
INFO  [17:12:38.507] [bbotk]      <int>             <list>    <list>      <num>
INFO  [17:12:38.507] [bbotk]        454          <list[2]> <list[1]>  0.1089694

### [bt]: Job terminated successfully [batchtools job.id=2481]
### [bt]: Starting job [batchtools job.id=2482]
### [bt]: Generating problem instance for problem '34d90df810f60583' ...
### [bt]: Applying algorithm 'run_learner' on problem '34d90df810f60583' for job 2482 (seed = 2483) ...
INFO  [17:12:40.156] [mlr3] Applying learner 'classif.ranger.tuned_calib.oof_platt' on task 'phoneme' (iter 2/10)
INFO  [17:12:40.210] [bbotk] Starting to optimize 1 parameter(s) with '<OptimizerBatchRandomSearch>' and '<TerminatorEvals> [n_evals=3, k=0]'
INFO  [17:12:40.219] [bbotk] Evaluating 1 configuration(s)
INFO  [17:12:42.966] [bbotk] Result of batch 1:
INFO  [17:12:42.968] [bbotk]  num.trees classif.ce warnings errors runtime_learners
INFO  [17:12:42.968] [bbotk]        463  0.1149118        0      0            2.697
INFO  [17:12:42.968] [bbotk]                                 uhash
INFO  [17:12:42.968] [bbotk]  1ccc5897-15eb-4d44-8c17-d11999cb33b5
INFO  [17:12:42.972] [bbotk] Evaluating 1 configuration(s)
INFO  [17:12:44.831] [bbotk] Result of batch 2:
INFO  [17:12:44.833] [bbotk]  num.trees classif.ce warnings errors runtime_learners
INFO  [17:12:44.833] [bbotk]        339   0.111056        0      0            1.825
INFO  [17:12:44.833] [bbotk]                                 uhash
INFO  [17:12:44.833] [bbotk]  74400980-98ef-47f6-ac50-8616d8b61ec7
INFO  [17:12:44.836] [bbotk] Evaluating 1 configuration(s)
INFO  [17:12:47.317] [bbotk] Result of batch 3:
INFO  [17:12:47.318] [bbotk]  num.trees classif.ce warnings errors runtime_learners
INFO  [17:12:47.318] [bbotk]        453  0.1141404        0      0            2.445
INFO  [17:12:47.318] [bbotk]                                 uhash
INFO  [17:12:47.318] [bbotk]  5f7a33a2-156f-4931-84a8-34b6074218f6
INFO  [17:12:47.326] [bbotk] Finished optimizing after 3 evaluation(s)
INFO  [17:12:47.326] [bbotk] Result:
INFO  [17:12:47.327] [bbotk]  num.trees learner_param_vals  x_domain classif.ce
INFO  [17:12:47.327] [bbotk]      <int>             <list>    <list>      <num>
INFO  [17:12:47.327] [bbotk]        339          <list[2]> <list[1]>   0.111056
INFO  [17:12:48.196] [bbotk] Starting to optimize 1 parameter(s) with '<OptimizerBatchRandomSearch>' and '<TerminatorEvals> [n_evals=3, k=0]'
INFO  [17:12:48.201] [bbotk] Evaluating 1 configuration(s)
INFO  [17:12:50.829] [bbotk] Result of batch 1:
INFO  [17:12:50.830] [bbotk]  num.trees classif.ce warnings errors runtime_learners
INFO  [17:12:50.830] [bbotk]        468  0.1084842        0      0            2.597
INFO  [17:12:50.830] [bbotk]                                 uhash
INFO  [17:12:50.830] [bbotk]  b461b398-1db5-4ab0-b8db-b451f9c00cb6
INFO  [17:12:50.832] [bbotk] Evaluating 1 configuration(s)
INFO  [17:12:52.102] [bbotk] Result of batch 2:
INFO  [17:12:52.103] [bbotk]  num.trees classif.ce warnings errors runtime_learners
INFO  [17:12:52.103] [bbotk]        256  0.1074548        0      0            1.217
INFO  [17:12:52.103] [bbotk]                                 uhash
INFO  [17:12:52.103] [bbotk]  4ef52322-9881-4468-bf6a-db68cb45898f
INFO  [17:12:52.105] [bbotk] Evaluating 1 configuration(s)
INFO  [17:12:54.698] [bbotk] Result of batch 3:
INFO  [17:12:54.700] [bbotk]  num.trees classif.ce warnings errors runtime_learners
INFO  [17:12:54.700] [bbotk]        439    0.10797        0      0             2.56
INFO  [17:12:54.700] [bbotk]                                 uhash
INFO  [17:12:54.700] [bbotk]  4deb72e3-3657-4c0a-b4d3-1d1b7f9b3eed
INFO  [17:12:54.716] [bbotk] Finished optimizing after 3 evaluation(s)
INFO  [17:12:54.717] [bbotk] Result:
INFO  [17:12:54.717] [bbotk]  num.trees learner_param_vals  x_domain classif.ce
INFO  [17:12:54.717] [bbotk]      <int>             <list>    <list>      <num>
INFO  [17:12:54.717] [bbotk]        256          <list[2]> <list[1]>  0.1074548
INFO  [17:12:55.448] [bbotk] Starting to optimize 1 parameter(s) with '<OptimizerBatchRandomSearch>' and '<TerminatorEvals> [n_evals=3, k=0]'
INFO  [17:12:55.452] [bbotk] Evaluating 1 configuration(s)
INFO  [17:12:57.673] [bbotk] Result of batch 1:
INFO  [17:12:57.674] [bbotk]  num.trees classif.ce warnings errors runtime_learners
INFO  [17:12:57.674] [bbotk]        405  0.1138828        0      0            2.185
INFO  [17:12:57.674] [bbotk]                                 uhash
INFO  [17:12:57.674] [bbotk]  9261d3a6-9959-4caf-8c02-22c6d6ac36f5
INFO  [17:12:57.676] [bbotk] Evaluating 1 configuration(s)
INFO  [17:13:00.245] [bbotk] Result of batch 2:
INFO  [17:13:00.246] [bbotk]  num.trees classif.ce warnings errors runtime_learners
INFO  [17:13:00.246] [bbotk]        434   0.115168        0      0            2.528
INFO  [17:13:00.246] [bbotk]                                 uhash
INFO  [17:13:00.246] [bbotk]  8fd24dfd-4256-4f2b-b546-079dcc852ffc
INFO  [17:13:00.249] [bbotk] Evaluating 1 configuration(s)
INFO  [17:13:02.561] [bbotk] Result of batch 3:
INFO  [17:13:02.562] [bbotk]  num.trees classif.ce warnings errors runtime_learners
INFO  [17:13:02.562] [bbotk]        440  0.1172251        0      0            2.266
INFO  [17:13:02.562] [bbotk]                                 uhash
INFO  [17:13:02.562] [bbotk]  69d2d2c7-53f1-43f9-9440-4d3ab38aaf68
INFO  [17:13:02.569] [bbotk] Finished optimizing after 3 evaluation(s)
INFO  [17:13:02.570] [bbotk] Result:
INFO  [17:13:02.570] [bbotk]  num.trees learner_param_vals  x_domain classif.ce
INFO  [17:13:02.570] [bbotk]      <int>             <list>    <list>      <num>
INFO  [17:13:02.570] [bbotk]        405          <list[2]> <list[1]>  0.1138828
INFO  [17:13:03.903] [bbotk] Starting to optimize 1 parameter(s) with '<OptimizerBatchRandomSearch>' and '<TerminatorEvals> [n_evals=3, k=0]'
INFO  [17:13:03.908] [bbotk] Evaluating 1 configuration(s)
INFO  [17:13:04.537] [bbotk] Result of batch 1:
INFO  [17:13:04.538] [bbotk]  num.trees classif.ce warnings errors runtime_learners
INFO  [17:13:04.538] [bbotk]        134  0.1164225        0      0            0.595
INFO  [17:13:04.538] [bbotk]                                 uhash
INFO  [17:13:04.538] [bbotk]  b154c636-d3dd-4f84-a8c0-0c07705d4f28
INFO  [17:13:04.543] [bbotk] Evaluating 1 configuration(s)
INFO  [17:13:06.845] [bbotk] Result of batch 2:
INFO  [17:13:06.847] [bbotk]  num.trees classif.ce warnings errors runtime_learners
INFO  [17:13:06.847] [bbotk]        421  0.1200206        0      0            2.247
INFO  [17:13:06.847] [bbotk]                                 uhash
INFO  [17:13:06.847] [bbotk]  c4aa09ea-f98d-417d-80bc-01c526e5b5e7
INFO  [17:13:06.852] [bbotk] Evaluating 1 configuration(s)
INFO  [17:13:08.697] [bbotk] Result of batch 3:
INFO  [17:13:08.698] [bbotk]  num.trees classif.ce warnings errors runtime_learners
INFO  [17:13:08.698] [bbotk]        367  0.1223336        0      0            1.807
INFO  [17:13:08.698] [bbotk]                                 uhash
INFO  [17:13:08.698] [bbotk]  9bc11144-7f31-49b2-8b0b-09b5eed8083e
INFO  [17:13:08.704] [bbotk] Finished optimizing after 3 evaluation(s)
INFO  [17:13:08.704] [bbotk] Result:
INFO  [17:13:08.705] [bbotk]  num.trees learner_param_vals  x_domain classif.ce
INFO  [17:13:08.705] [bbotk]      <int>             <list>    <list>      <num>
INFO  [17:13:08.705] [bbotk]        134          <list[2]> <list[1]>  0.1164225
INFO  [17:13:09.044] [bbotk] Starting to optimize 1 parameter(s) with '<OptimizerBatchRandomSearch>' and '<TerminatorEvals> [n_evals=3, k=0]'
INFO  [17:13:09.054] [bbotk] Evaluating 1 configuration(s)
INFO  [17:13:09.668] [bbotk] Result of batch 1:
INFO  [17:13:09.670] [bbotk]  num.trees classif.ce warnings errors runtime_learners
INFO  [17:13:09.670] [bbotk]        123  0.1156515        0      0            0.568
INFO  [17:13:09.670] [bbotk]                                 uhash
INFO  [17:13:09.670] [bbotk]  74b8b14f-a6aa-4770-af39-80cf627036c6
INFO  [17:13:09.672] [bbotk] Evaluating 1 configuration(s)
INFO  [17:13:11.126] [bbotk] Result of batch 2:
INFO  [17:13:11.127] [bbotk]  num.trees classif.ce warnings errors runtime_learners
INFO  [17:13:11.127] [bbotk]        279  0.1146235        0      0            1.423
INFO  [17:13:11.127] [bbotk]                                 uhash
INFO  [17:13:11.127] [bbotk]  d68a8d4c-a293-4ee8-bfc4-d8e6fc09a161
INFO  [17:13:11.129] [bbotk] Evaluating 1 configuration(s)
INFO  [17:13:12.105] [bbotk] Result of batch 3:
INFO  [17:13:12.106] [bbotk]  num.trees classif.ce warnings errors runtime_learners
INFO  [17:13:12.106] [bbotk]        190  0.1141095        0      0            0.938
INFO  [17:13:12.106] [bbotk]                                 uhash
INFO  [17:13:12.106] [bbotk]  68297cc5-75f5-48a5-8f0b-3bfe799411af
INFO  [17:13:12.111] [bbotk] Finished optimizing after 3 evaluation(s)
INFO  [17:13:12.112] [bbotk] Result:
INFO  [17:13:12.112] [bbotk]  num.trees learner_param_vals  x_domain classif.ce
INFO  [17:13:12.112] [bbotk]      <int>             <list>    <list>      <num>
INFO  [17:13:12.112] [bbotk]        190          <list[2]> <list[1]>  0.1141095

### [bt]: Job terminated successfully [batchtools job.id=2482]
### [bt]: Starting job [batchtools job.id=2483]
### [bt]: Generating problem instance for problem '34d90df810f60583' ...
### [bt]: Applying algorithm 'run_learner' on problem '34d90df810f60583' for job 2483 (seed = 2484) ...
INFO  [17:13:12.860] [mlr3] Applying learner 'classif.ranger.tuned_calib.oof_platt' on task 'phoneme' (iter 3/10)
INFO  [17:13:12.904] [bbotk] Starting to optimize 1 parameter(s) with '<OptimizerBatchRandomSearch>' and '<TerminatorEvals> [n_evals=3, k=0]'
INFO  [17:13:12.909] [bbotk] Evaluating 1 configuration(s)
INFO  [17:13:14.341] [bbotk] Result of batch 1:
INFO  [17:13:14.342] [bbotk]  num.trees classif.ce warnings errors runtime_learners
INFO  [17:13:14.342] [bbotk]        287  0.1077139        0      0            1.397
INFO  [17:13:14.342] [bbotk]                                 uhash
INFO  [17:13:14.342] [bbotk]  890064f5-1ecd-4727-add4-6dce44f94579
INFO  [17:13:14.344] [bbotk] Evaluating 1 configuration(s)
INFO  [17:13:16.807] [bbotk] Result of batch 2:
INFO  [17:13:16.808] [bbotk]  num.trees classif.ce warnings errors runtime_learners
INFO  [17:13:16.808] [bbotk]        460  0.1087412        0      0            2.428
INFO  [17:13:16.808] [bbotk]                                 uhash
INFO  [17:13:16.808] [bbotk]  2b37f847-86ac-4ada-84e5-373aec4d37b8
INFO  [17:13:16.810] [bbotk] Evaluating 1 configuration(s)
INFO  [17:13:17.612] [bbotk] Result of batch 3:
INFO  [17:13:17.614] [bbotk]  num.trees classif.ce warnings errors runtime_learners
INFO  [17:13:17.614] [bbotk]        161  0.1095128        0      0            0.763
INFO  [17:13:17.614] [bbotk]                                 uhash
INFO  [17:13:17.614] [bbotk]  87819c24-d162-411e-a244-bfb43c13e353
INFO  [17:13:17.622] [bbotk] Finished optimizing after 3 evaluation(s)
INFO  [17:13:17.623] [bbotk] Result:
INFO  [17:13:17.624] [bbotk]  num.trees learner_param_vals  x_domain classif.ce
INFO  [17:13:17.624] [bbotk]      <int>             <list>    <list>      <num>
INFO  [17:13:17.624] [bbotk]        287          <list[2]> <list[1]>  0.1077139
INFO  [17:13:18.440] [bbotk] Starting to optimize 1 parameter(s) with '<OptimizerBatchRandomSearch>' and '<TerminatorEvals> [n_evals=3, k=0]'
INFO  [17:13:18.445] [bbotk] Evaluating 1 configuration(s)
INFO  [17:13:19.042] [bbotk] Result of batch 1:
INFO  [17:13:19.044] [bbotk]  num.trees classif.ce warnings errors runtime_learners
INFO  [17:13:19.044] [bbotk]        122   0.115169        0      0            0.557
INFO  [17:13:19.044] [bbotk]                                 uhash
INFO  [17:13:19.044] [bbotk]  a1486632-a3de-4049-b00a-499b0077bce0
INFO  [17:13:19.075] [bbotk] Evaluating 1 configuration(s)
INFO  [17:13:21.055] [bbotk] Result of batch 2:
INFO  [17:13:21.056] [bbotk]  num.trees classif.ce warnings errors runtime_learners
INFO  [17:13:21.056] [bbotk]        389  0.1107988        0      0            1.945
INFO  [17:13:21.056] [bbotk]                                 uhash
INFO  [17:13:21.056] [bbotk]  fcb60fe1-3298-4e1c-abb4-8c1444851f27
INFO  [17:13:21.058] [bbotk] Evaluating 1 configuration(s)
INFO  [17:13:23.571] [bbotk] Result of batch 3:
INFO  [17:13:23.572] [bbotk]  num.trees classif.ce warnings errors runtime_learners
INFO  [17:13:23.572] [bbotk]        499  0.1100282        0      0            2.472
INFO  [17:13:23.572] [bbotk]                                 uhash
INFO  [17:13:23.572] [bbotk]  d3d82e4d-2ba4-4ee3-8e15-a842880ca614
INFO  [17:13:23.578] [bbotk] Finished optimizing after 3 evaluation(s)
INFO  [17:13:23.578] [bbotk] Result:
INFO  [17:13:23.579] [bbotk]  num.trees learner_param_vals  x_domain classif.ce
INFO  [17:13:23.579] [bbotk]      <int>             <list>    <list>      <num>
INFO  [17:13:23.579] [bbotk]        499          <list[2]> <list[1]>  0.1100282
INFO  [17:13:25.332] [bbotk] Starting to optimize 1 parameter(s) with '<OptimizerBatchRandomSearch>' and '<TerminatorEvals> [n_evals=3, k=0]'
INFO  [17:13:25.336] [bbotk] Evaluating 1 configuration(s)
INFO  [17:13:27.695] [bbotk] Result of batch 1:
INFO  [17:13:27.696] [bbotk]  num.trees classif.ce warnings errors runtime_learners
INFO  [17:13:27.696] [bbotk]        441  0.1161933        0      0            2.327
INFO  [17:13:27.696] [bbotk]                                 uhash
INFO  [17:13:27.696] [bbotk]  31995296-0d32-4a87-951d-2a194f554512
INFO  [17:13:27.698] [bbotk] Evaluating 1 configuration(s)
INFO  [17:13:28.560] [bbotk] Result of batch 2:
INFO  [17:13:28.561] [bbotk]  num.trees classif.ce warnings errors runtime_learners
INFO  [17:13:28.561] [bbotk]        177  0.1136224        0      0            0.818
INFO  [17:13:28.561] [bbotk]                                 uhash
INFO  [17:13:28.561] [bbotk]  5fc11f67-b80c-4a07-9894-362df8e34290
INFO  [17:13:28.563] [bbotk] Evaluating 1 configuration(s)
INFO  [17:13:30.459] [bbotk] Result of batch 3:
INFO  [17:13:30.461] [bbotk]  num.trees classif.ce warnings errors runtime_learners
INFO  [17:13:30.461] [bbotk]        393  0.1161931        0      0            1.859
INFO  [17:13:30.461] [bbotk]                                 uhash
INFO  [17:13:30.461] [bbotk]  735711ce-8298-4e46-866e-f0802414f5c3
INFO  [17:13:30.475] [bbotk] Finished optimizing after 3 evaluation(s)
INFO  [17:13:30.476] [bbotk] Result:
INFO  [17:13:30.478] [bbotk]  num.trees learner_param_vals  x_domain classif.ce
INFO  [17:13:30.478] [bbotk]      <int>             <list>    <list>      <num>
INFO  [17:13:30.478] [bbotk]        177          <list[2]> <list[1]>  0.1136224
INFO  [17:13:30.955] [bbotk] Starting to optimize 1 parameter(s) with '<OptimizerBatchRandomSearch>' and '<TerminatorEvals> [n_evals=3, k=0]'
INFO  [17:13:30.959] [bbotk] Evaluating 1 configuration(s)
INFO  [17:13:32.909] [bbotk] Result of batch 1:
INFO  [17:13:32.910] [bbotk]  num.trees classif.ce warnings errors runtime_learners
INFO  [17:13:32.910] [bbotk]        444  0.1084554        0      0              1.9
INFO  [17:13:32.910] [bbotk]                                 uhash
INFO  [17:13:32.910] [bbotk]  97e189e0-7c99-4e84-8d2a-359730ee617c
INFO  [17:13:32.915] [bbotk] Evaluating 1 configuration(s)
INFO  [17:13:34.472] [bbotk] Result of batch 2:
INFO  [17:13:34.473] [bbotk]  num.trees classif.ce warnings errors runtime_learners
INFO  [17:13:34.473] [bbotk]        312  0.1099974        0      0            1.512
INFO  [17:13:34.473] [bbotk]                                 uhash
INFO  [17:13:34.473] [bbotk]  9e716dab-8653-4fb5-a3f0-e4724e944d9d
INFO  [17:13:34.475] [bbotk] Evaluating 1 configuration(s)
INFO  [17:13:35.026] [bbotk] Result of batch 3:
INFO  [17:13:35.027] [bbotk]  num.trees classif.ce warnings errors runtime_learners
INFO  [17:13:35.027] [bbotk]        103  0.1089694        0      0            0.517
INFO  [17:13:35.027] [bbotk]                                 uhash
INFO  [17:13:35.027] [bbotk]  2187bc1d-9087-4cfd-80ba-ec8d6e955a57
INFO  [17:13:35.033] [bbotk] Finished optimizing after 3 evaluation(s)
INFO  [17:13:35.033] [bbotk] Result:
INFO  [17:13:35.034] [bbotk]  num.trees learner_param_vals  x_domain classif.ce
INFO  [17:13:35.034] [bbotk]      <int>             <list>    <list>      <num>
INFO  [17:13:35.034] [bbotk]        444          <list[2]> <list[1]>  0.1084554
INFO  [17:13:36.326] [bbotk] Starting to optimize 1 parameter(s) with '<OptimizerBatchRandomSearch>' and '<TerminatorEvals> [n_evals=3, k=0]'
INFO  [17:13:36.333] [bbotk] Evaluating 1 configuration(s)
INFO  [17:13:37.656] [bbotk] Result of batch 1:
INFO  [17:13:37.658] [bbotk]  num.trees classif.ce warnings errors runtime_learners
INFO  [17:13:37.658] [bbotk]        226  0.1159085        0      0            1.047
INFO  [17:13:37.658] [bbotk]                                 uhash
INFO  [17:13:37.658] [bbotk]  a23693ba-b469-42fa-9dd7-158d3c3ed71c
INFO  [17:13:37.663] [bbotk] Evaluating 1 configuration(s)
INFO  [17:13:40.219] [bbotk] Result of batch 2:
INFO  [17:13:40.220] [bbotk]  num.trees classif.ce warnings errors runtime_learners
INFO  [17:13:40.220] [bbotk]        472  0.1169365        0      0            2.523
INFO  [17:13:40.220] [bbotk]                                 uhash
INFO  [17:13:40.220] [bbotk]  bd0df1c9-7364-4551-9f92-9211f253c92b
INFO  [17:13:40.224] [bbotk] Evaluating 1 configuration(s)
INFO  [17:13:41.309] [bbotk] Result of batch 3:
INFO  [17:13:41.311] [bbotk]  num.trees classif.ce warnings errors runtime_learners
INFO  [17:13:41.311] [bbotk]        200  0.1156515        0      0            1.038
INFO  [17:13:41.311] [bbotk]                                 uhash
INFO  [17:13:41.311] [bbotk]  7092974d-1cd2-4b02-afcd-adc8d236f80c
INFO  [17:13:41.319] [bbotk] Finished optimizing after 3 evaluation(s)
INFO  [17:13:41.320] [bbotk] Result:
INFO  [17:13:41.320] [bbotk]  num.trees learner_param_vals  x_domain classif.ce
INFO  [17:13:41.320] [bbotk]      <int>             <list>    <list>      <num>
INFO  [17:13:41.320] [bbotk]        200          <list[2]> <list[1]>  0.1156515

### [bt]: Job terminated successfully [batchtools job.id=2483]
### [bt]: Starting job [batchtools job.id=2484]
### [bt]: Generating problem instance for problem '34d90df810f60583' ...
### [bt]: Applying algorithm 'run_learner' on problem '34d90df810f60583' for job 2484 (seed = 2485) ...
INFO  [17:13:42.235] [mlr3] Applying learner 'classif.ranger.tuned_calib.oof_platt' on task 'phoneme' (iter 4/10)
INFO  [17:13:42.298] [bbotk] Starting to optimize 1 parameter(s) with '<OptimizerBatchRandomSearch>' and '<TerminatorEvals> [n_evals=3, k=0]'
INFO  [17:13:42.312] [bbotk] Evaluating 1 configuration(s)
INFO  [17:13:43.007] [bbotk] Result of batch 1:
INFO  [17:13:43.008] [bbotk]  num.trees classif.ce warnings errors runtime_learners
INFO  [17:13:43.008] [bbotk]        145  0.1172235        0      0            0.649
INFO  [17:13:43.008] [bbotk]                                 uhash
INFO  [17:13:43.008] [bbotk]  94083d3b-0f90-4b48-b35e-ef1e9c4c1123
INFO  [17:13:43.010] [bbotk] Evaluating 1 configuration(s)
INFO  [17:13:44.576] [bbotk] Result of batch 2:
INFO  [17:13:44.578] [bbotk]  num.trees classif.ce warnings errors runtime_learners
INFO  [17:13:44.578] [bbotk]        307  0.1138818        0      0            1.535
INFO  [17:13:44.578] [bbotk]                                 uhash
INFO  [17:13:44.578] [bbotk]  66b4a8c3-10d8-4fb7-9406-fbab2dc79470
INFO  [17:13:44.582] [bbotk] Evaluating 1 configuration(s)
INFO  [17:13:46.359] [bbotk] Result of batch 3:
INFO  [17:13:46.360] [bbotk]  num.trees classif.ce warnings errors runtime_learners
INFO  [17:13:46.360] [bbotk]        355  0.1138824        0      0            1.734
INFO  [17:13:46.360] [bbotk]                                 uhash
INFO  [17:13:46.360] [bbotk]  1a0a37e3-194f-40bc-80d7-d21609edc907
INFO  [17:13:46.366] [bbotk] Finished optimizing after 3 evaluation(s)
INFO  [17:13:46.366] [bbotk] Result:
INFO  [17:13:46.367] [bbotk]  num.trees learner_param_vals  x_domain classif.ce
INFO  [17:13:46.367] [bbotk]      <int>             <list>    <list>      <num>
INFO  [17:13:46.367] [bbotk]        307          <list[2]> <list[1]>  0.1138818
INFO  [17:13:47.197] [bbotk] Starting to optimize 1 parameter(s) with '<OptimizerBatchRandomSearch>' and '<TerminatorEvals> [n_evals=3, k=0]'
INFO  [17:13:47.220] [bbotk] Evaluating 1 configuration(s)
INFO  [17:13:49.866] [bbotk] Result of batch 1:
INFO  [17:13:49.866] [bbotk]  num.trees classif.ce warnings errors runtime_learners
INFO  [17:13:49.866] [bbotk]        471  0.1043679        0      0            2.616
INFO  [17:13:49.866] [bbotk]                                 uhash
INFO  [17:13:49.866] [bbotk]  daf9a94e-b4a6-4fd4-9485-c87bca702a63
INFO  [17:13:49.868] [bbotk] Evaluating 1 configuration(s)
INFO  [17:13:51.072] [bbotk] Result of batch 2:
INFO  [17:13:51.074] [bbotk]  num.trees classif.ce warnings errors runtime_learners
INFO  [17:13:51.074] [bbotk]        212   0.108995        0      0            1.166
INFO  [17:13:51.074] [bbotk]                                 uhash
INFO  [17:13:51.074] [bbotk]  45d7422a-66c4-44ef-8b26-190c15a50af9
INFO  [17:13:51.080] [bbotk] Evaluating 1 configuration(s)
INFO  [17:13:52.760] [bbotk] Result of batch 3:
INFO  [17:13:52.761] [bbotk]  num.trees classif.ce warnings errors runtime_learners
INFO  [17:13:52.761] [bbotk]        351  0.1061668        0      0            1.634
INFO  [17:13:52.761] [bbotk]                                 uhash
INFO  [17:13:52.761] [bbotk]  0c57570b-ff0b-4dea-a11c-4fece54604ea
INFO  [17:13:52.773] [bbotk] Finished optimizing after 3 evaluation(s)
INFO  [17:13:52.773] [bbotk] Result:
INFO  [17:13:52.774] [bbotk]  num.trees learner_param_vals  x_domain classif.ce
INFO  [17:13:52.774] [bbotk]      <int>             <list>    <list>      <num>
INFO  [17:13:52.774] [bbotk]        471          <list[2]> <list[1]>  0.1043679
INFO  [17:13:54.308] [bbotk] Starting to optimize 1 parameter(s) with '<OptimizerBatchRandomSearch>' and '<TerminatorEvals> [n_evals=3, k=0]'
INFO  [17:13:54.312] [bbotk] Evaluating 1 configuration(s)
INFO  [17:13:55.052] [bbotk] Result of batch 1:
INFO  [17:13:55.054] [bbotk]  num.trees classif.ce warnings errors runtime_learners
INFO  [17:13:55.054] [bbotk]        149  0.1092576        0      0            0.696
INFO  [17:13:55.054] [bbotk]                                 uhash
INFO  [17:13:55.054] [bbotk]  98ee6cec-bafa-4adf-a38b-ee1c79777eca
INFO  [17:13:55.057] [bbotk] Evaluating 1 configuration(s)
INFO  [17:13:57.142] [bbotk] Result of batch 2:
INFO  [17:13:57.143] [bbotk]  num.trees classif.ce warnings errors runtime_learners
INFO  [17:13:57.143] [bbotk]        420   0.110287        0      0            2.048
INFO  [17:13:57.143] [bbotk]                                 uhash
INFO  [17:13:57.143] [bbotk]  feacb0bb-0dc6-455a-8fc9-f78e25c0f8b3
INFO  [17:13:57.145] [bbotk] Evaluating 1 configuration(s)
INFO  [17:13:58.089] [bbotk] Result of batch 3:
INFO  [17:13:58.090] [bbotk]  num.trees classif.ce warnings errors runtime_learners
INFO  [17:13:58.090] [bbotk]        190   0.109771        0      0            0.907
INFO  [17:13:58.090] [bbotk]                                 uhash
INFO  [17:13:58.090] [bbotk]  5e58e8c8-95ed-43b1-84ec-bcaced242758
INFO  [17:13:58.098] [bbotk] Finished optimizing after 3 evaluation(s)
INFO  [17:13:58.098] [bbotk] Result:
INFO  [17:13:58.100] [bbotk]  num.trees learner_param_vals  x_domain classif.ce
INFO  [17:13:58.100] [bbotk]      <int>             <list>    <list>      <num>
INFO  [17:13:58.100] [bbotk]        149          <list[2]> <list[1]>  0.1092576
INFO  [17:13:58.545] [bbotk] Starting to optimize 1 parameter(s) with '<OptimizerBatchRandomSearch>' and '<TerminatorEvals> [n_evals=3, k=0]'
INFO  [17:13:58.551] [bbotk] Evaluating 1 configuration(s)
INFO  [17:14:00.727] [bbotk] Result of batch 1:
INFO  [17:14:00.728] [bbotk]  num.trees classif.ce warnings errors runtime_learners
INFO  [17:14:00.728] [bbotk]        440  0.1115395        0      0             2.14
INFO  [17:14:00.728] [bbotk]                                 uhash
INFO  [17:14:00.728] [bbotk]  5098eac4-aee4-40fb-a263-230ae59d8d99
INFO  [17:14:00.731] [bbotk] Evaluating 1 configuration(s)
INFO  [17:14:02.922] [bbotk] Result of batch 2:
INFO  [17:14:02.923] [bbotk]  num.trees classif.ce warnings errors runtime_learners
INFO  [17:14:02.923] [bbotk]        415  0.1092264        0      0            2.158
INFO  [17:14:02.923] [bbotk]                                 uhash
INFO  [17:14:02.923] [bbotk]  3e2ae025-604a-451e-8908-bcd8a1d0fb57
INFO  [17:14:02.925] [bbotk] Evaluating 1 configuration(s)
INFO  [17:14:03.946] [bbotk] Result of batch 3:
INFO  [17:14:03.947] [bbotk]  num.trees classif.ce warnings errors runtime_learners
INFO  [17:14:03.947] [bbotk]        204  0.1102544        0      0            0.984
INFO  [17:14:03.947] [bbotk]                                 uhash
INFO  [17:14:03.947] [bbotk]  564ed01a-95d1-4f1f-bf9f-cbd3222178c5
INFO  [17:14:03.954] [bbotk] Finished optimizing after 3 evaluation(s)
INFO  [17:14:03.955] [bbotk] Result:
INFO  [17:14:03.956] [bbotk]  num.trees learner_param_vals  x_domain classif.ce
INFO  [17:14:03.956] [bbotk]      <int>             <list>    <list>      <num>
INFO  [17:14:03.956] [bbotk]        415          <list[2]> <list[1]>  0.1092264
INFO  [17:14:05.042] [bbotk] Starting to optimize 1 parameter(s) with '<OptimizerBatchRandomSearch>' and '<TerminatorEvals> [n_evals=3, k=0]'
INFO  [17:14:05.046] [bbotk] Evaluating 1 configuration(s)
INFO  [17:14:06.308] [bbotk] Result of batch 1:
INFO  [17:14:06.310] [bbotk]  num.trees classif.ce warnings errors runtime_learners
INFO  [17:14:06.310] [bbotk]        272  0.1153945        0      0            1.222
INFO  [17:14:06.310] [bbotk]                                 uhash
INFO  [17:14:06.310] [bbotk]  fb49cc8a-f523-4409-a2da-2eb4b434d9f6
INFO  [17:14:06.315] [bbotk] Evaluating 1 configuration(s)
INFO  [17:14:07.070] [bbotk] Result of batch 2:
INFO  [17:14:07.070] [bbotk]  num.trees classif.ce warnings errors runtime_learners
INFO  [17:14:07.070] [bbotk]        137  0.1148805        0      0            0.714
INFO  [17:14:07.070] [bbotk]                                 uhash
INFO  [17:14:07.070] [bbotk]  6b9ec693-80d5-4af0-88cf-e71b91a3e0db
INFO  [17:14:07.072] [bbotk] Evaluating 1 configuration(s)
INFO  [17:14:09.527] [bbotk] Result of batch 3:
INFO  [17:14:09.527] [bbotk]  num.trees classif.ce warnings errors runtime_learners
INFO  [17:14:09.527] [bbotk]        454  0.1141095        0      0            2.419
INFO  [17:14:09.527] [bbotk]                                 uhash
INFO  [17:14:09.527] [bbotk]  c29dd790-f93d-4353-9bce-e6d277c55866
INFO  [17:14:09.533] [bbotk] Finished optimizing after 3 evaluation(s)
INFO  [17:14:09.533] [bbotk] Result:
INFO  [17:14:09.534] [bbotk]  num.trees learner_param_vals  x_domain classif.ce
INFO  [17:14:09.534] [bbotk]      <int>             <list>    <list>      <num>
INFO  [17:14:09.534] [bbotk]        454          <list[2]> <list[1]>  0.1141095

### [bt]: Job terminated successfully [batchtools job.id=2484]
### [bt]: Starting job [batchtools job.id=2485]
### [bt]: Generating problem instance for problem '34d90df810f60583' ...
### [bt]: Applying algorithm 'run_learner' on problem '34d90df810f60583' for job 2485 (seed = 2486) ...
INFO  [17:14:11.050] [mlr3] Applying learner 'classif.ranger.tuned_calib.oof_platt' on task 'phoneme' (iter 5/10)
INFO  [17:14:11.116] [bbotk] Starting to optimize 1 parameter(s) with '<OptimizerBatchRandomSearch>' and '<TerminatorEvals> [n_evals=3, k=0]'
INFO  [17:14:11.126] [bbotk] Evaluating 1 configuration(s)
INFO  [17:14:12.212] [bbotk] Result of batch 1:
INFO  [17:14:12.213] [bbotk]  num.trees classif.ce warnings errors runtime_learners
INFO  [17:14:12.213] [bbotk]        232  0.1074274        0      0            1.045
INFO  [17:14:12.213] [bbotk]                                 uhash
INFO  [17:14:12.213] [bbotk]  49c903d0-f3a1-4c29-80a2-a27879b406ba
INFO  [17:14:12.216] [bbotk] Evaluating 1 configuration(s)
INFO  [17:14:13.524] [bbotk] Result of batch 2:
INFO  [17:14:13.525] [bbotk]  num.trees classif.ce warnings errors runtime_learners
INFO  [17:14:13.525] [bbotk]        272  0.1079414        0      0            1.276
INFO  [17:14:13.525] [bbotk]                                 uhash
INFO  [17:14:13.525] [bbotk]  9e2b2d61-afb9-4573-abb4-367a18ea8433
INFO  [17:14:13.539] [bbotk] Evaluating 1 configuration(s)
INFO  [17:14:14.286] [bbotk] Result of batch 3:
INFO  [17:14:14.286] [bbotk]  num.trees classif.ce warnings errors runtime_learners
INFO  [17:14:14.286] [bbotk]        164  0.1089694        0      0            0.713
INFO  [17:14:14.286] [bbotk]                                 uhash
INFO  [17:14:14.286] [bbotk]  b071bbf4-6ced-4710-924d-fc5db856ebbc
INFO  [17:14:14.293] [bbotk] Finished optimizing after 3 evaluation(s)
INFO  [17:14:14.293] [bbotk] Result:
INFO  [17:14:14.294] [bbotk]  num.trees learner_param_vals  x_domain classif.ce
INFO  [17:14:14.294] [bbotk]      <int>             <list>    <list>      <num>
INFO  [17:14:14.294] [bbotk]        232          <list[2]> <list[1]>  0.1074274
INFO  [17:14:14.891] [bbotk] Starting to optimize 1 parameter(s) with '<OptimizerBatchRandomSearch>' and '<TerminatorEvals> [n_evals=3, k=0]'
INFO  [17:14:14.898] [bbotk] Evaluating 1 configuration(s)
INFO  [17:14:17.247] [bbotk] Result of batch 1:
INFO  [17:14:17.248] [bbotk]  num.trees classif.ce warnings errors runtime_learners
INFO  [17:14:17.248] [bbotk]        436  0.1141095        0      0            2.315
INFO  [17:14:17.248] [bbotk]                                 uhash
INFO  [17:14:17.248] [bbotk]  ba936785-23d8-474d-96c8-b7037afd8cc2
INFO  [17:14:17.250] [bbotk] Evaluating 1 configuration(s)
INFO  [17:14:18.800] [bbotk] Result of batch 2:
INFO  [17:14:18.801] [bbotk]  num.trees classif.ce warnings errors runtime_learners
INFO  [17:14:18.801] [bbotk]        327  0.1141095        0      0            1.517
INFO  [17:14:18.801] [bbotk]                                 uhash
INFO  [17:14:18.801] [bbotk]  4d84d96c-8a97-46d5-aacf-022368fd2a71
INFO  [17:14:18.804] [bbotk] Evaluating 1 configuration(s)
INFO  [17:14:21.257] [bbotk] Result of batch 3:
INFO  [17:14:21.258] [bbotk]  num.trees classif.ce warnings errors runtime_learners
INFO  [17:14:21.258] [bbotk]        440  0.1146235        0      0            2.411
INFO  [17:14:21.258] [bbotk]                                 uhash
INFO  [17:14:21.258] [bbotk]  3e3374f9-94f9-4d4e-8c86-ff92519e2655
INFO  [17:14:21.274] [bbotk] Finished optimizing after 3 evaluation(s)
INFO  [17:14:21.275] [bbotk] Result:
INFO  [17:14:21.276] [bbotk]  num.trees learner_param_vals  x_domain classif.ce
INFO  [17:14:21.276] [bbotk]      <int>             <list>    <list>      <num>
INFO  [17:14:21.276] [bbotk]        436          <list[2]> <list[1]>  0.1141095
INFO  [17:14:22.981] [bbotk] Starting to optimize 1 parameter(s) with '<OptimizerBatchRandomSearch>' and '<TerminatorEvals> [n_evals=3, k=0]'
INFO  [17:14:22.991] [bbotk] Evaluating 1 configuration(s)
INFO  [17:14:23.738] [bbotk] Result of batch 1:
INFO  [17:14:23.739] [bbotk]  num.trees classif.ce warnings errors runtime_learners
INFO  [17:14:23.739] [bbotk]        146  0.1097404        0      0            0.703
INFO  [17:14:23.739] [bbotk]                                 uhash
INFO  [17:14:23.739] [bbotk]  3a947692-4733-4b04-8aba-39c2a06cf782
INFO  [17:14:23.741] [bbotk] Evaluating 1 configuration(s)
INFO  [17:14:24.375] [bbotk] Result of batch 2:
INFO  [17:14:24.376] [bbotk]  num.trees classif.ce warnings errors runtime_learners
INFO  [17:14:24.376] [bbotk]        137  0.1105114        0      0            0.597
INFO  [17:14:24.376] [bbotk]                                 uhash
INFO  [17:14:24.376] [bbotk]  d04a4176-3119-4117-9440-c149cb43a142
INFO  [17:14:24.378] [bbotk] Evaluating 1 configuration(s)
INFO  [17:14:25.906] [bbotk] Result of batch 3:
INFO  [17:14:25.907] [bbotk]  num.trees classif.ce warnings errors runtime_learners
INFO  [17:14:25.907] [bbotk]        284  0.1102544        0      0            1.495
INFO  [17:14:25.907] [bbotk]                                 uhash
INFO  [17:14:25.907] [bbotk]  f8ef7b73-e72c-4346-a1f6-94b448930060
INFO  [17:14:25.913] [bbotk] Finished optimizing after 3 evaluation(s)
INFO  [17:14:25.914] [bbotk] Result:
INFO  [17:14:25.914] [bbotk]  num.trees learner_param_vals  x_domain classif.ce
INFO  [17:14:25.914] [bbotk]      <int>             <list>    <list>      <num>
INFO  [17:14:25.914] [bbotk]        146          <list[2]> <list[1]>  0.1097404
INFO  [17:14:26.247] [bbotk] Starting to optimize 1 parameter(s) with '<OptimizerBatchRandomSearch>' and '<TerminatorEvals> [n_evals=3, k=0]'
INFO  [17:14:26.254] [bbotk] Evaluating 1 configuration(s)
INFO  [17:14:27.357] [bbotk] Result of batch 1:
INFO  [17:14:27.358] [bbotk]  num.trees classif.ce warnings errors runtime_learners
INFO  [17:14:27.358] [bbotk]        212  0.1087124        0      0            1.069
INFO  [17:14:27.358] [bbotk]                                 uhash
INFO  [17:14:27.358] [bbotk]  2017aacc-3f7f-4ad7-801e-fb77c704122d
INFO  [17:14:27.360] [bbotk] Evaluating 1 configuration(s)
INFO  [17:14:29.440] [bbotk] Result of batch 2:
INFO  [17:14:29.441] [bbotk]  num.trees classif.ce warnings errors runtime_learners
INFO  [17:14:29.441] [bbotk]        365  0.1081984        0      0            2.046
INFO  [17:14:29.441] [bbotk]                                 uhash
INFO  [17:14:29.441] [bbotk]  a23a6df6-8617-4593-97a2-7de7bb9ebca5
INFO  [17:14:29.443] [bbotk] Evaluating 1 configuration(s)
INFO  [17:14:31.759] [bbotk] Result of batch 3:
INFO  [17:14:31.760] [bbotk]  num.trees classif.ce warnings errors runtime_learners
INFO  [17:14:31.760] [bbotk]        424  0.1094834        0      0            2.275
INFO  [17:14:31.760] [bbotk]                                 uhash
INFO  [17:14:31.760] [bbotk]  8742200c-af12-4d78-a462-d51619580c83
INFO  [17:14:31.766] [bbotk] Finished optimizing after 3 evaluation(s)
INFO  [17:14:31.766] [bbotk] Result:
INFO  [17:14:31.767] [bbotk]  num.trees learner_param_vals  x_domain classif.ce
INFO  [17:14:31.767] [bbotk]      <int>             <list>    <list>      <num>
INFO  [17:14:31.767] [bbotk]        365          <list[2]> <list[1]>  0.1081984
INFO  [17:14:32.969] [bbotk] Starting to optimize 1 parameter(s) with '<OptimizerBatchRandomSearch>' and '<TerminatorEvals> [n_evals=3, k=0]'
INFO  [17:14:32.973] [bbotk] Evaluating 1 configuration(s)
INFO  [17:14:33.673] [bbotk] Result of batch 1:
INFO  [17:14:33.674] [bbotk]  num.trees classif.ce warnings errors runtime_learners
INFO  [17:14:33.674] [bbotk]        131  0.1143354        0      0            0.634
INFO  [17:14:33.674] [bbotk]                                 uhash
INFO  [17:14:33.674] [bbotk]  fae0c181-72f2-47bb-b1be-88c59581af5d
INFO  [17:14:33.677] [bbotk] Evaluating 1 configuration(s)
INFO  [17:14:35.003] [bbotk] Result of batch 2:
INFO  [17:14:35.003] [bbotk]  num.trees classif.ce warnings errors runtime_learners
INFO  [17:14:35.003] [bbotk]        234   0.114336        0      0             1.29
INFO  [17:14:35.003] [bbotk]                                 uhash
INFO  [17:14:35.003] [bbotk]  178d4139-0f2e-4b26-a06a-f3ccae3512c0
INFO  [17:14:35.005] [bbotk] Evaluating 1 configuration(s)
INFO  [17:14:37.588] [bbotk] Result of batch 3:
INFO  [17:14:37.589] [bbotk]  num.trees classif.ce warnings errors runtime_learners
INFO  [17:14:37.589] [bbotk]        480  0.1120232        0      0            2.547
INFO  [17:14:37.589] [bbotk]                                 uhash
INFO  [17:14:37.589] [bbotk]  b3746727-1380-4af5-b56a-1d5d6b0ea5f5
INFO  [17:14:37.597] [bbotk] Finished optimizing after 3 evaluation(s)
INFO  [17:14:37.597] [bbotk] Result:
INFO  [17:14:37.597] [bbotk]  num.trees learner_param_vals  x_domain classif.ce
INFO  [17:14:37.597] [bbotk]      <int>             <list>    <list>      <num>
INFO  [17:14:37.597] [bbotk]        480          <list[2]> <list[1]>  0.1120232

### [bt]: Job terminated successfully [batchtools job.id=2485]
### [bt]: Calculation finished!
