### [bt]: This is batchtools v0.9.17
### [bt]: Starting calculation of 5 jobs
### [bt]: Setting working directory to '/Users/User/Documents/Studium/Semester8/Hiwi/mlr3calibration/vignettes'
### [bt]: Memory measurement disabled
### [bt]: Starting job [batchtools job.id=2466]
### [bt]: Generating problem instance for problem '34d90df810f60583' ...
### [bt]: Applying algorithm 'run_learner' on problem '34d90df810f60583' for job 2466 (seed = 2467) ...
INFO  [17:12:11.439] [mlr3] Applying learner 'classif.naive_bayes.tuned_calib.tunefirst.perfold_isotonic' on task 'phoneme' (iter 6/10)
INFO  [17:12:11.543] [bbotk] Starting to optimize 1 parameter(s) with '<OptimizerBatchRandomSearch>' and '<TerminatorEvals> [n_evals=3, k=0]'
INFO  [17:12:11.549] [bbotk] Evaluating 1 configuration(s)
INFO  [17:12:11.982] [bbotk] Result of batch 1:
INFO  [17:12:11.999] [bbotk]    laplace classif.ce warnings errors runtime_learners
INFO  [17:12:11.999] [bbotk]  0.2046795  0.2434215        0      0            0.394
INFO  [17:12:11.999] [bbotk]                                 uhash
INFO  [17:12:11.999] [bbotk]  1c36db80-625b-4e90-805a-eb5355a657e8
INFO  [17:12:12.006] [bbotk] Evaluating 1 configuration(s)
INFO  [17:12:12.664] [bbotk] Result of batch 2:
INFO  [17:12:12.668] [bbotk]    laplace classif.ce warnings errors runtime_learners
INFO  [17:12:12.668] [bbotk]  0.5024694  0.2434215        0      0            0.582
INFO  [17:12:12.668] [bbotk]                                 uhash
INFO  [17:12:12.668] [bbotk]  309a27ce-3864-448e-b306-9f29962ace41
INFO  [17:12:12.675] [bbotk] Evaluating 1 configuration(s)
INFO  [17:12:13.318] [bbotk] Result of batch 3:
INFO  [17:12:13.320] [bbotk]    laplace classif.ce warnings errors runtime_learners
INFO  [17:12:13.320] [bbotk]  0.7372877  0.2434215        0      0            0.588
INFO  [17:12:13.320] [bbotk]                                 uhash
INFO  [17:12:13.320] [bbotk]  2ccb8d0f-c968-4612-9957-c70084ac1437
INFO  [17:12:13.340] [bbotk] Finished optimizing after 3 evaluation(s)
INFO  [17:12:13.340] [bbotk] Result:
INFO  [17:12:13.343] [bbotk]    laplace learner_param_vals  x_domain classif.ce
INFO  [17:12:13.343] [bbotk]      <num>             <list>    <list>      <num>
INFO  [17:12:13.343] [bbotk]  0.2046795          <list[1]> <list[1]>  0.2434215

### [bt]: Job terminated successfully [batchtools job.id=2466]
### [bt]: Starting job [batchtools job.id=2467]
### [bt]: Generating problem instance for problem '34d90df810f60583' ...
### [bt]: Applying algorithm 'run_learner' on problem '34d90df810f60583' for job 2467 (seed = 2468) ...
INFO  [17:12:14.364] [mlr3] Applying learner 'classif.naive_bayes.tuned_calib.tunefirst.perfold_isotonic' on task 'phoneme' (iter 7/10)
INFO  [17:12:14.467] [bbotk] Starting to optimize 1 parameter(s) with '<OptimizerBatchRandomSearch>' and '<TerminatorEvals> [n_evals=3, k=0]'
INFO  [17:12:14.485] [bbotk] Evaluating 1 configuration(s)
INFO  [17:12:15.074] [bbotk] Result of batch 1:
INFO  [17:12:15.075] [bbotk]    laplace classif.ce warnings errors runtime_learners
INFO  [17:12:15.075] [bbotk]  0.9435616  0.2423927        0      0            0.504
INFO  [17:12:15.075] [bbotk]                                 uhash
INFO  [17:12:15.075] [bbotk]  b6a13a7f-522a-4fc2-82db-181b95daeb12
INFO  [17:12:15.077] [bbotk] Evaluating 1 configuration(s)
INFO  [17:12:15.562] [bbotk] Result of batch 2:
INFO  [17:12:15.563] [bbotk]    laplace classif.ce warnings errors runtime_learners
INFO  [17:12:15.563] [bbotk]  0.2373266  0.2423927        0      0            0.448
INFO  [17:12:15.563] [bbotk]                                 uhash
INFO  [17:12:15.563] [bbotk]  6d365a2f-f591-47e5-840b-91babef7e335
INFO  [17:12:15.566] [bbotk] Evaluating 1 configuration(s)
INFO  [17:12:16.464] [bbotk] Result of batch 3:
INFO  [17:12:16.465] [bbotk]    laplace classif.ce warnings errors runtime_learners
INFO  [17:12:16.465] [bbotk]  0.3054848  0.2423927        0      0            0.839
INFO  [17:12:16.465] [bbotk]                                 uhash
INFO  [17:12:16.465] [bbotk]  71474642-0bfb-4c09-9e06-369125a283f6
INFO  [17:12:16.472] [bbotk] Finished optimizing after 3 evaluation(s)
INFO  [17:12:16.473] [bbotk] Result:
INFO  [17:12:16.473] [bbotk]    laplace learner_param_vals  x_domain classif.ce
INFO  [17:12:16.473] [bbotk]      <num>             <list>    <list>      <num>
INFO  [17:12:16.473] [bbotk]  0.9435616          <list[1]> <list[1]>  0.2423927

### [bt]: Job terminated successfully [batchtools job.id=2467]
### [bt]: Starting job [batchtools job.id=2468]
### [bt]: Generating problem instance for problem '34d90df810f60583' ...
### [bt]: Applying algorithm 'run_learner' on problem '34d90df810f60583' for job 2468 (seed = 2469) ...
INFO  [17:12:17.523] [mlr3] Applying learner 'classif.naive_bayes.tuned_calib.tunefirst.perfold_isotonic' on task 'phoneme' (iter 8/10)
INFO  [17:12:17.569] [bbotk] Starting to optimize 1 parameter(s) with '<OptimizerBatchRandomSearch>' and '<TerminatorEvals> [n_evals=3, k=0]'
INFO  [17:12:17.580] [bbotk] Evaluating 1 configuration(s)
INFO  [17:12:18.072] [bbotk] Result of batch 1:
INFO  [17:12:18.073] [bbotk]    laplace classif.ce warnings errors runtime_learners
INFO  [17:12:18.073] [bbotk]  0.9277358  0.2397213        0      0            0.439
INFO  [17:12:18.073] [bbotk]                                 uhash
INFO  [17:12:18.073] [bbotk]  dbe79e8e-1df8-4085-95ab-4b0d6771dd6f
INFO  [17:12:18.075] [bbotk] Evaluating 1 configuration(s)
INFO  [17:12:18.605] [bbotk] Result of batch 2:
INFO  [17:12:18.607] [bbotk]    laplace classif.ce warnings errors runtime_learners
INFO  [17:12:18.607] [bbotk]  0.5670551  0.2397213        0      0            0.477
INFO  [17:12:18.607] [bbotk]                                 uhash
INFO  [17:12:18.607] [bbotk]  15f9a333-daf3-4807-8e1f-fe390a583d95
INFO  [17:12:18.618] [bbotk] Evaluating 1 configuration(s)
INFO  [17:12:19.106] [bbotk] Result of batch 3:
INFO  [17:12:19.108] [bbotk]    laplace classif.ce warnings errors runtime_learners
INFO  [17:12:19.108] [bbotk]  0.3647176  0.2397213        0      0            0.421
INFO  [17:12:19.108] [bbotk]                                 uhash
INFO  [17:12:19.108] [bbotk]  a2894fce-0890-4e7a-bc4c-26cabf42d197
INFO  [17:12:19.126] [bbotk] Finished optimizing after 3 evaluation(s)
INFO  [17:12:19.126] [bbotk] Result:
INFO  [17:12:19.127] [bbotk]    laplace learner_param_vals  x_domain classif.ce
INFO  [17:12:19.127] [bbotk]      <num>             <list>    <list>      <num>
INFO  [17:12:19.127] [bbotk]  0.9277358          <list[1]> <list[1]>  0.2397213

### [bt]: Job terminated successfully [batchtools job.id=2468]
### [bt]: Starting job [batchtools job.id=2469]
### [bt]: Generating problem instance for problem '34d90df810f60583' ...
### [bt]: Applying algorithm 'run_learner' on problem '34d90df810f60583' for job 2469 (seed = 2470) ...
INFO  [17:12:20.114] [mlr3] Applying learner 'classif.naive_bayes.tuned_calib.tunefirst.perfold_isotonic' on task 'phoneme' (iter 9/10)
INFO  [17:12:20.183] [bbotk] Starting to optimize 1 parameter(s) with '<OptimizerBatchRandomSearch>' and '<TerminatorEvals> [n_evals=3, k=0]'
INFO  [17:12:20.192] [bbotk] Evaluating 1 configuration(s)
INFO  [17:12:20.777] [bbotk] Result of batch 1:
INFO  [17:12:20.779] [bbotk]    laplace classif.ce warnings errors runtime_learners
INFO  [17:12:20.779] [bbotk]  0.3449117  0.2380738        0      0            0.491
INFO  [17:12:20.779] [bbotk]                                 uhash
INFO  [17:12:20.779] [bbotk]  4cd83287-84e6-4d81-a9a3-4237674bf70f
INFO  [17:12:20.781] [bbotk] Evaluating 1 configuration(s)
INFO  [17:12:21.357] [bbotk] Result of batch 2:
INFO  [17:12:21.358] [bbotk]    laplace classif.ce warnings errors runtime_learners
INFO  [17:12:21.358] [bbotk]  0.6633721  0.2380738        0      0            0.518
INFO  [17:12:21.358] [bbotk]                                 uhash
INFO  [17:12:21.358] [bbotk]  2e5133c8-7a2b-4f6c-b431-c2d8f8dbe500
INFO  [17:12:21.360] [bbotk] Evaluating 1 configuration(s)
INFO  [17:12:21.946] [bbotk] Result of batch 3:
INFO  [17:12:21.951] [bbotk]    laplace classif.ce warnings errors runtime_learners
INFO  [17:12:21.951] [bbotk]  0.7020052  0.2380738        0      0             0.49
INFO  [17:12:21.951] [bbotk]                                 uhash
INFO  [17:12:21.951] [bbotk]  59ae2fd2-0aaf-4590-845f-898e710415f6
INFO  [17:12:21.976] [bbotk] Finished optimizing after 3 evaluation(s)
INFO  [17:12:21.977] [bbotk] Result:
INFO  [17:12:21.977] [bbotk]    laplace learner_param_vals  x_domain classif.ce
INFO  [17:12:21.977] [bbotk]      <num>             <list>    <list>      <num>
INFO  [17:12:21.977] [bbotk]  0.3449117          <list[1]> <list[1]>  0.2380738

### [bt]: Job terminated successfully [batchtools job.id=2469]
### [bt]: Starting job [batchtools job.id=2470]
### [bt]: Generating problem instance for problem '34d90df810f60583' ...
### [bt]: Applying algorithm 'run_learner' on problem '34d90df810f60583' for job 2470 (seed = 2471) ...
INFO  [17:12:22.932] [mlr3] Applying learner 'classif.naive_bayes.tuned_calib.tunefirst.perfold_isotonic' on task 'phoneme' (iter 10/10)
INFO  [17:12:22.996] [bbotk] Starting to optimize 1 parameter(s) with '<OptimizerBatchRandomSearch>' and '<TerminatorEvals> [n_evals=3, k=0]'
INFO  [17:12:23.027] [bbotk] Evaluating 1 configuration(s)
INFO  [17:12:23.607] [bbotk] Result of batch 1:
INFO  [17:12:23.608] [bbotk]    laplace classif.ce warnings errors runtime_learners
INFO  [17:12:23.608] [bbotk]  0.3209057  0.2419815        0      0             0.54
INFO  [17:12:23.608] [bbotk]                                 uhash
INFO  [17:12:23.608] [bbotk]  ef22c737-cd32-4736-8eb0-4827cc03ac6e
INFO  [17:12:23.615] [bbotk] Evaluating 1 configuration(s)
INFO  [17:12:24.150] [bbotk] Result of batch 2:
INFO  [17:12:24.151] [bbotk]    laplace classif.ce warnings errors runtime_learners
INFO  [17:12:24.151] [bbotk]  0.6074205  0.2419815        0      0             0.47
INFO  [17:12:24.151] [bbotk]                                 uhash
INFO  [17:12:24.151] [bbotk]  0f87ddfc-5e02-4624-9299-868f92bff95b
INFO  [17:12:24.160] [bbotk] Evaluating 1 configuration(s)
INFO  [17:12:24.687] [bbotk] Result of batch 3:
INFO  [17:12:24.689] [bbotk]    laplace classif.ce warnings errors runtime_learners
INFO  [17:12:24.689] [bbotk]  0.7409573  0.2419815        0      0            0.469
INFO  [17:12:24.689] [bbotk]                                 uhash
INFO  [17:12:24.689] [bbotk]  fba1c7b1-2418-46f8-b67c-b49eae10996d
INFO  [17:12:24.707] [bbotk] Finished optimizing after 3 evaluation(s)
INFO  [17:12:24.708] [bbotk] Result:
INFO  [17:12:24.710] [bbotk]    laplace learner_param_vals  x_domain classif.ce
INFO  [17:12:24.710] [bbotk]      <num>             <list>    <list>      <num>
INFO  [17:12:24.710] [bbotk]  0.3209057          <list[1]> <list[1]>  0.2419815

### [bt]: Job terminated successfully [batchtools job.id=2470]
### [bt]: Calculation finished!
