### [bt]: This is batchtools v0.9.17
### [bt]: Starting calculation of 5 jobs
### [bt]: Setting working directory to '/Users/User/Documents/Studium/Semester8/Hiwi/mlr3calibration/vignettes'
### [bt]: Memory measurement disabled
### [bt]: Starting job [batchtools job.id=3226]
### [bt]: Generating problem instance for problem '6fbfe6520e3d949c' ...
### [bt]: Applying algorithm 'run_learner' on problem '6fbfe6520e3d949c' for job 3226 (seed = 3227) ...
INFO  [17:30:21.265] [mlr3] Applying learner 'classif.naive_bayes.tuned_calib.tunefirst.perfold_platt' on task 'banknote-authentication' (iter 6/10)
INFO  [17:30:21.344] [bbotk] Starting to optimize 1 parameter(s) with '<OptimizerBatchRandomSearch>' and '<TerminatorEvals> [n_evals=3, k=0]'
INFO  [17:30:21.363] [bbotk] Evaluating 1 configuration(s)
INFO  [17:30:21.490] [bbotk] Result of batch 1:
INFO  [17:30:21.490] [bbotk]    laplace classif.ce warnings errors runtime_learners
INFO  [17:30:21.490] [bbotk]  0.3588993  0.1554697        0      0            0.077
INFO  [17:30:21.490] [bbotk]                                 uhash
INFO  [17:30:21.490] [bbotk]  74120692-0851-4218-8e06-b31fde4cf296
INFO  [17:30:21.493] [bbotk] Evaluating 1 configuration(s)
INFO  [17:30:21.643] [bbotk] Result of batch 2:
INFO  [17:30:21.645] [bbotk]   laplace classif.ce warnings errors runtime_learners
INFO  [17:30:21.645] [bbotk]  0.806127  0.1554697        0      0            0.095
INFO  [17:30:21.645] [bbotk]                                 uhash
INFO  [17:30:21.645] [bbotk]  95ed6152-c5c5-4d7e-8554-12db08e41de9
INFO  [17:30:21.649] [bbotk] Evaluating 1 configuration(s)
INFO  [17:30:21.770] [bbotk] Result of batch 3:
INFO  [17:30:21.771] [bbotk]    laplace classif.ce warnings errors runtime_learners
INFO  [17:30:21.771] [bbotk]  0.5494947  0.1554697        0      0            0.073
INFO  [17:30:21.771] [bbotk]                                 uhash
INFO  [17:30:21.771] [bbotk]  2d504952-e158-44e7-9840-c5fcc1da5682
INFO  [17:30:21.778] [bbotk] Finished optimizing after 3 evaluation(s)
INFO  [17:30:21.778] [bbotk] Result:
INFO  [17:30:21.779] [bbotk]    laplace learner_param_vals  x_domain classif.ce
INFO  [17:30:21.779] [bbotk]      <num>             <list>    <list>      <num>
INFO  [17:30:21.779] [bbotk]  0.3588993          <list[1]> <list[1]>  0.1554697

### [bt]: Job terminated successfully [batchtools job.id=3226]
### [bt]: Starting job [batchtools job.id=3227]
### [bt]: Generating problem instance for problem '6fbfe6520e3d949c' ...
### [bt]: Applying algorithm 'run_learner' on problem '6fbfe6520e3d949c' for job 3227 (seed = 3228) ...
INFO  [17:30:22.280] [mlr3] Applying learner 'classif.naive_bayes.tuned_calib.tunefirst.perfold_platt' on task 'banknote-authentication' (iter 7/10)
INFO  [17:30:22.344] [bbotk] Starting to optimize 1 parameter(s) with '<OptimizerBatchRandomSearch>' and '<TerminatorEvals> [n_evals=3, k=0]'
INFO  [17:30:22.349] [bbotk] Evaluating 1 configuration(s)
INFO  [17:30:22.617] [bbotk] Result of batch 1:
INFO  [17:30:22.619] [bbotk]    laplace classif.ce warnings errors runtime_learners
INFO  [17:30:22.619] [bbotk]  0.6666319  0.1659915        0      0            0.186
INFO  [17:30:22.619] [bbotk]                                 uhash
INFO  [17:30:22.619] [bbotk]  d750ddfd-e2df-48c8-8595-c811fc99a556
INFO  [17:30:22.623] [bbotk] Evaluating 1 configuration(s)
INFO  [17:30:22.779] [bbotk] Result of batch 2:
INFO  [17:30:22.784] [bbotk]   laplace classif.ce warnings errors runtime_learners
INFO  [17:30:22.784] [bbotk]  0.297623  0.1659915        0      0            0.104
INFO  [17:30:22.784] [bbotk]                                 uhash
INFO  [17:30:22.784] [bbotk]  829b54fa-eeee-4979-a7f7-b62dc75005b7
INFO  [17:30:22.787] [bbotk] Evaluating 1 configuration(s)
INFO  [17:30:22.953] [bbotk] Result of batch 3:
INFO  [17:30:22.958] [bbotk]    laplace classif.ce warnings errors runtime_learners
INFO  [17:30:22.958] [bbotk]  0.1510066  0.1659915        0      0            0.091
INFO  [17:30:22.958] [bbotk]                                 uhash
INFO  [17:30:22.958] [bbotk]  4ae5fc4f-2333-435f-8e07-ae1dd919614a
INFO  [17:30:22.966] [bbotk] Finished optimizing after 3 evaluation(s)
INFO  [17:30:22.966] [bbotk] Result:
INFO  [17:30:22.967] [bbotk]    laplace learner_param_vals  x_domain classif.ce
INFO  [17:30:22.967] [bbotk]      <num>             <list>    <list>      <num>
INFO  [17:30:22.967] [bbotk]  0.6666319          <list[1]> <list[1]>  0.1659915

### [bt]: Job terminated successfully [batchtools job.id=3227]
### [bt]: Starting job [batchtools job.id=3228]
### [bt]: Generating problem instance for problem '6fbfe6520e3d949c' ...
### [bt]: Applying algorithm 'run_learner' on problem '6fbfe6520e3d949c' for job 3228 (seed = 3229) ...
INFO  [17:30:23.490] [mlr3] Applying learner 'classif.naive_bayes.tuned_calib.tunefirst.perfold_platt' on task 'banknote-authentication' (iter 8/10)
INFO  [17:30:23.541] [bbotk] Starting to optimize 1 parameter(s) with '<OptimizerBatchRandomSearch>' and '<TerminatorEvals> [n_evals=3, k=0]'
INFO  [17:30:23.548] [bbotk] Evaluating 1 configuration(s)
INFO  [17:30:23.671] [bbotk] Result of batch 1:
INFO  [17:30:23.672] [bbotk]    laplace classif.ce warnings errors runtime_learners
INFO  [17:30:23.672] [bbotk]  0.6806507  0.1627572        0      0             0.07
INFO  [17:30:23.672] [bbotk]                                 uhash
INFO  [17:30:23.672] [bbotk]  a1c0cba8-1ec1-43a8-a483-e0072f07dafd
INFO  [17:30:23.674] [bbotk] Evaluating 1 configuration(s)
INFO  [17:30:23.844] [bbotk] Result of batch 2:
INFO  [17:30:23.845] [bbotk]     laplace classif.ce warnings errors runtime_learners
INFO  [17:30:23.845] [bbotk]  0.01845898  0.1627572        0      0            0.104
INFO  [17:30:23.845] [bbotk]                                 uhash
INFO  [17:30:23.845] [bbotk]  5340e1e5-e152-4187-af58-c85a7493746d
INFO  [17:30:23.849] [bbotk] Evaluating 1 configuration(s)
INFO  [17:30:24.061] [bbotk] Result of batch 3:
INFO  [17:30:24.062] [bbotk]    laplace classif.ce warnings errors runtime_learners
INFO  [17:30:24.062] [bbotk]  0.8968187  0.1627572        0      0             0.17
INFO  [17:30:24.062] [bbotk]                                 uhash
INFO  [17:30:24.062] [bbotk]  76384dba-6d38-44d5-97ca-bf4c41fd3775
INFO  [17:30:24.071] [bbotk] Finished optimizing after 3 evaluation(s)
INFO  [17:30:24.072] [bbotk] Result:
INFO  [17:30:24.072] [bbotk]    laplace learner_param_vals  x_domain classif.ce
INFO  [17:30:24.072] [bbotk]      <num>             <list>    <list>      <num>
INFO  [17:30:24.072] [bbotk]  0.6806507          <list[1]> <list[1]>  0.1627572

### [bt]: Job terminated successfully [batchtools job.id=3228]
### [bt]: Starting job [batchtools job.id=3229]
### [bt]: Generating problem instance for problem '6fbfe6520e3d949c' ...
### [bt]: Applying algorithm 'run_learner' on problem '6fbfe6520e3d949c' for job 3229 (seed = 3230) ...
INFO  [17:30:24.569] [mlr3] Applying learner 'classif.naive_bayes.tuned_calib.tunefirst.perfold_platt' on task 'banknote-authentication' (iter 9/10)
INFO  [17:30:24.631] [bbotk] Starting to optimize 1 parameter(s) with '<OptimizerBatchRandomSearch>' and '<TerminatorEvals> [n_evals=3, k=0]'
INFO  [17:30:24.645] [bbotk] Evaluating 1 configuration(s)
INFO  [17:30:24.848] [bbotk] Result of batch 1:
INFO  [17:30:24.849] [bbotk]    laplace classif.ce warnings errors runtime_learners
INFO  [17:30:24.849] [bbotk]  0.6221688  0.1546351        0      0            0.154
INFO  [17:30:24.849] [bbotk]                                 uhash
INFO  [17:30:24.849] [bbotk]  a1dac62b-358b-41be-b62c-470c8b95a5fa
INFO  [17:30:24.852] [bbotk] Evaluating 1 configuration(s)
INFO  [17:30:25.009] [bbotk] Result of batch 2:
INFO  [17:30:25.012] [bbotk]    laplace classif.ce warnings errors runtime_learners
INFO  [17:30:25.012] [bbotk]  0.6358619  0.1546351        0      0            0.098
INFO  [17:30:25.012] [bbotk]                                 uhash
INFO  [17:30:25.012] [bbotk]  9967bb30-1392-409e-a018-89c620eb7d3c
INFO  [17:30:25.017] [bbotk] Evaluating 1 configuration(s)
INFO  [17:30:25.165] [bbotk] Result of batch 3:
INFO  [17:30:25.166] [bbotk]    laplace classif.ce warnings errors runtime_learners
INFO  [17:30:25.166] [bbotk]  0.1111191  0.1546351        0      0            0.085
INFO  [17:30:25.166] [bbotk]                                 uhash
INFO  [17:30:25.166] [bbotk]  b6271fae-9f6a-4d5a-8658-090417beeacd
INFO  [17:30:25.177] [bbotk] Finished optimizing after 3 evaluation(s)
INFO  [17:30:25.177] [bbotk] Result:
INFO  [17:30:25.178] [bbotk]    laplace learner_param_vals  x_domain classif.ce
INFO  [17:30:25.178] [bbotk]      <num>             <list>    <list>      <num>
INFO  [17:30:25.178] [bbotk]  0.6221688          <list[1]> <list[1]>  0.1546351

### [bt]: Job terminated successfully [batchtools job.id=3229]
### [bt]: Starting job [batchtools job.id=3230]
### [bt]: Generating problem instance for problem '6fbfe6520e3d949c' ...
### [bt]: Applying algorithm 'run_learner' on problem '6fbfe6520e3d949c' for job 3230 (seed = 3231) ...
INFO  [17:30:25.602] [mlr3] Applying learner 'classif.naive_bayes.tuned_calib.tunefirst.perfold_platt' on task 'banknote-authentication' (iter 10/10)
INFO  [17:30:25.651] [bbotk] Starting to optimize 1 parameter(s) with '<OptimizerBatchRandomSearch>' and '<TerminatorEvals> [n_evals=3, k=0]'
INFO  [17:30:25.656] [bbotk] Evaluating 1 configuration(s)
INFO  [17:30:25.775] [bbotk] Result of batch 1:
INFO  [17:30:25.776] [bbotk]    laplace classif.ce warnings errors runtime_learners
INFO  [17:30:25.776] [bbotk]  0.6023495  0.1595308        0      0            0.075
INFO  [17:30:25.776] [bbotk]                                 uhash
INFO  [17:30:25.776] [bbotk]  aef62b8d-712c-49ac-8c4d-175389d19143
INFO  [17:30:25.778] [bbotk] Evaluating 1 configuration(s)
INFO  [17:30:25.964] [bbotk] Result of batch 2:
INFO  [17:30:25.966] [bbotk]    laplace classif.ce warnings errors runtime_learners
INFO  [17:30:25.966] [bbotk]  0.1760709  0.1595308        0      0            0.102
INFO  [17:30:25.966] [bbotk]                                 uhash
INFO  [17:30:25.966] [bbotk]  6c65fd88-1abe-4e7c-872d-bbeecc64d893
INFO  [17:30:25.970] [bbotk] Evaluating 1 configuration(s)
INFO  [17:30:26.077] [bbotk] Result of batch 3:
INFO  [17:30:26.078] [bbotk]    laplace classif.ce warnings errors runtime_learners
INFO  [17:30:26.078] [bbotk]  0.4004102  0.1595308        0      0            0.067
INFO  [17:30:26.078] [bbotk]                                 uhash
INFO  [17:30:26.078] [bbotk]  de26d60c-1442-4f8f-9bbc-d471e63d9954
INFO  [17:30:26.092] [bbotk] Finished optimizing after 3 evaluation(s)
INFO  [17:30:26.093] [bbotk] Result:
INFO  [17:30:26.095] [bbotk]    laplace learner_param_vals  x_domain classif.ce
INFO  [17:30:26.095] [bbotk]      <num>             <list>    <list>      <num>
INFO  [17:30:26.095] [bbotk]  0.6023495          <list[1]> <list[1]>  0.1595308

### [bt]: Job terminated successfully [batchtools job.id=3230]
### [bt]: Calculation finished!
