### [bt]: This is batchtools v0.9.17
### [bt]: Starting calculation of 5 jobs
### [bt]: Setting working directory to '/Users/User/Documents/Studium/Semester8/Hiwi/mlr3calibration/vignettes'
### [bt]: Memory measurement disabled
### [bt]: Starting job [batchtools job.id=1156]
### [bt]: Generating problem instance for problem '698720b8ce42ae0c' ...
### [bt]: Applying algorithm 'run_learner' on problem '698720b8ce42ae0c' for job 1156 (seed = 1157) ...
INFO  [16:47:52.455] [mlr3] Applying learner 'classif.xgboost.tuned_calib.tunefirst.perfold_beta' on task 'pc4' (iter 6/10)
INFO  [16:47:52.500] [bbotk] Starting to optimize 3 parameter(s) with '<OptimizerBatchRandomSearch>' and '<TerminatorEvals> [n_evals=10, k=0]'
INFO  [16:47:52.510] [bbotk] Evaluating 1 configuration(s)
INFO  [16:47:52.923] [bbotk] Result of batch 1:
INFO  [16:47:52.924] [bbotk]  nrounds       eta max_depth classif.ce warnings errors runtime_learners
INFO  [16:47:52.924] [bbotk]       77 0.1906464         5 0.08766357        0      0            0.378
INFO  [16:47:52.924] [bbotk]                                 uhash
INFO  [16:47:52.924] [bbotk]  40a47583-62bc-4093-9f38-9f351a19ffba
INFO  [16:47:52.933] [bbotk] Evaluating 1 configuration(s)
INFO  [16:47:53.861] [bbotk] Result of batch 2:
INFO  [16:47:53.862] [bbotk]  nrounds      eta max_depth classif.ce warnings errors runtime_learners
INFO  [16:47:53.862] [bbotk]      162 0.273352         8 0.09070771        0      0            0.823
INFO  [16:47:53.862] [bbotk]                                 uhash
INFO  [16:47:53.862] [bbotk]  3e221460-1686-4b5c-bef5-1873c30e8d57
INFO  [16:47:53.875] [bbotk] Evaluating 1 configuration(s)
INFO  [16:47:54.620] [bbotk] Result of batch 3:
INFO  [16:47:54.621] [bbotk]  nrounds       eta max_depth classif.ce warnings errors runtime_learners
INFO  [16:47:54.621] [bbotk]      138 0.1061258         5 0.08232065        0      0            0.704
INFO  [16:47:54.621] [bbotk]                                 uhash
INFO  [16:47:54.621] [bbotk]  fe2f7e97-6208-4791-91f1-4c512c2dc387
INFO  [16:47:54.625] [bbotk] Evaluating 1 configuration(s)
INFO  [16:47:55.701] [bbotk] Result of batch 4:
INFO  [16:47:55.705] [bbotk]  nrounds       eta max_depth classif.ce warnings errors runtime_learners
INFO  [16:47:55.705] [bbotk]      278 0.2015794        10 0.09070771        0      0             1.03
INFO  [16:47:55.705] [bbotk]                                 uhash
INFO  [16:47:55.705] [bbotk]  f302940c-a0d1-4b65-abf3-1aa980549e98
INFO  [16:47:55.713] [bbotk] Evaluating 1 configuration(s)
INFO  [16:47:56.739] [bbotk] Result of batch 5:
INFO  [16:47:56.741] [bbotk]  nrounds       eta max_depth classif.ce warnings errors runtime_learners
INFO  [16:47:56.741] [bbotk]      197 0.1869854         7 0.09147049        0      0            0.987
INFO  [16:47:56.741] [bbotk]                                 uhash
INFO  [16:47:56.741] [bbotk]  a33d09da-5587-4098-a95d-163aa0b161ea
INFO  [16:47:56.751] [bbotk] Evaluating 1 configuration(s)
INFO  [16:47:57.660] [bbotk] Result of batch 6:
INFO  [16:47:57.661] [bbotk]  nrounds       eta max_depth classif.ce warnings errors runtime_learners
INFO  [16:47:57.661] [bbotk]      233 0.2033638         4 0.09071119        0      0            0.856
INFO  [16:47:57.661] [bbotk]                                 uhash
INFO  [16:47:57.661] [bbotk]  14a03fac-8f01-4a21-8be9-f6973f382586
INFO  [16:47:57.668] [bbotk] Evaluating 1 configuration(s)
INFO  [16:47:58.549] [bbotk] Result of batch 7:
INFO  [16:47:58.550] [bbotk]  nrounds       eta max_depth classif.ce warnings errors runtime_learners
INFO  [16:47:58.550] [bbotk]      223 0.2226751         4 0.09223675        0      0            0.831
INFO  [16:47:58.550] [bbotk]                                 uhash
INFO  [16:47:58.550] [bbotk]  6424c708-87a9-49d1-b5a4-69099b209edc
INFO  [16:47:58.557] [bbotk] Evaluating 1 configuration(s)
INFO  [16:47:59.531] [bbotk] Result of batch 8:
INFO  [16:47:59.534] [bbotk]  nrounds       eta max_depth classif.ce warnings errors runtime_learners
INFO  [16:47:59.534] [bbotk]      201 0.2320297         6 0.09070945        0      0            0.916
INFO  [16:47:59.534] [bbotk]                                 uhash
INFO  [16:47:59.534] [bbotk]  df7eb3d3-8bce-435f-982a-ef0a5fff517b
INFO  [16:47:59.538] [bbotk] Evaluating 1 configuration(s)
INFO  [16:47:59.910] [bbotk] Result of batch 9:
INFO  [16:47:59.911] [bbotk]  nrounds       eta max_depth classif.ce warnings errors runtime_learners
INFO  [16:47:59.911] [bbotk]       50 0.2645821         9 0.09451811        0      0            0.328
INFO  [16:47:59.911] [bbotk]                                 uhash
INFO  [16:47:59.911] [bbotk]  7ac6e785-dda3-4589-9cd6-d472d5696ce2
INFO  [16:47:59.917] [bbotk] Evaluating 1 configuration(s)
INFO  [16:48:00.439] [bbotk] Result of batch 10:
INFO  [16:48:00.443] [bbotk]  nrounds       eta max_depth classif.ce warnings errors runtime_learners
INFO  [16:48:00.443] [bbotk]       78 0.2328063         9 0.08995364        0      0            0.476
INFO  [16:48:00.443] [bbotk]                                 uhash
INFO  [16:48:00.443] [bbotk]  6fadef5e-aa2c-43e8-9284-bf72fc6fa617
INFO  [16:48:00.457] [bbotk] Finished optimizing after 10 evaluation(s)
INFO  [16:48:00.457] [bbotk] Result:
INFO  [16:48:00.459] [bbotk]  nrounds       eta max_depth learner_param_vals  x_domain classif.ce
INFO  [16:48:00.459] [bbotk]    <int>     <num>     <int>             <list>    <list>      <num>
INFO  [16:48:00.459] [bbotk]      138 0.1061258         5          <list[5]> <list[3]> 0.08232065
[1] -15.81544
[1] 32.67792
[1] -23.67723
[1] 30.42741
[1] -2.838155
[1] 26.91363
[1] 1.395467
[1] 41.53371
[1] -14.75987
[1] 34.60414

### [bt]: Job terminated successfully [batchtools job.id=1156]
### [bt]: Starting job [batchtools job.id=1157]
### [bt]: Generating problem instance for problem '698720b8ce42ae0c' ...
### [bt]: Applying algorithm 'run_learner' on problem '698720b8ce42ae0c' for job 1157 (seed = 1158) ...
INFO  [16:48:02.417] [mlr3] Applying learner 'classif.xgboost.tuned_calib.tunefirst.perfold_beta' on task 'pc4' (iter 7/10)
INFO  [16:48:02.487] [bbotk] Starting to optimize 3 parameter(s) with '<OptimizerBatchRandomSearch>' and '<TerminatorEvals> [n_evals=10, k=0]'
INFO  [16:48:02.501] [bbotk] Evaluating 1 configuration(s)
INFO  [16:48:03.106] [bbotk] Result of batch 1:
INFO  [16:48:03.107] [bbotk]  nrounds       eta max_depth classif.ce warnings errors runtime_learners
INFO  [16:48:03.107] [bbotk]      102 0.2716426         8 0.08917693        0      0            0.569
INFO  [16:48:03.107] [bbotk]                                 uhash
INFO  [16:48:03.107] [bbotk]  d8f32fe8-9ec1-4790-a339-b6b8a5cd3f41
INFO  [16:48:03.111] [bbotk] Evaluating 1 configuration(s)
INFO  [16:48:03.894] [bbotk] Result of batch 2:
INFO  [16:48:03.895] [bbotk]  nrounds       eta max_depth classif.ce warnings errors runtime_learners
INFO  [16:48:03.895] [bbotk]      128 0.1701152        10 0.08383924        0      0            0.739
INFO  [16:48:03.895] [bbotk]                                 uhash
INFO  [16:48:03.895] [bbotk]  29188366-5b14-4015-9682-9cc745f480ef
INFO  [16:48:03.906] [bbotk] Evaluating 1 configuration(s)
INFO  [16:48:04.855] [bbotk] Result of batch 3:
INFO  [16:48:04.856] [bbotk]  nrounds       eta max_depth classif.ce warnings errors runtime_learners
INFO  [16:48:04.856] [bbotk]      230 0.2131965         5 0.08307646        0      0            0.907
INFO  [16:48:04.856] [bbotk]                                 uhash
INFO  [16:48:04.856] [bbotk]  210af4a1-afbe-4da0-abec-75fc93c5f45a
INFO  [16:48:04.866] [bbotk] Evaluating 1 configuration(s)
INFO  [16:48:05.323] [bbotk] Result of batch 4:
INFO  [16:48:05.325] [bbotk]  nrounds       eta max_depth classif.ce warnings errors runtime_learners
INFO  [16:48:05.325] [bbotk]       60 0.1412555         9 0.08841764        0      0            0.416
INFO  [16:48:05.325] [bbotk]                                 uhash
INFO  [16:48:05.325] [bbotk]  2f7032fa-0edd-45f8-a101-857757e38fdd
INFO  [16:48:05.330] [bbotk] Evaluating 1 configuration(s)
INFO  [16:48:06.249] [bbotk] Result of batch 5:
INFO  [16:48:06.252] [bbotk]  nrounds       eta max_depth classif.ce warnings errors runtime_learners
INFO  [16:48:06.252] [bbotk]      199 0.2985748         6  0.0830782        0      0            0.867
INFO  [16:48:06.252] [bbotk]                                 uhash
INFO  [16:48:06.252] [bbotk]  87c17e56-577c-403a-bc39-178ac7a375d5
INFO  [16:48:06.257] [bbotk] Evaluating 1 configuration(s)
INFO  [16:48:06.764] [bbotk] Result of batch 6:
INFO  [16:48:06.766] [bbotk]  nrounds       eta max_depth classif.ce warnings errors runtime_learners
INFO  [16:48:06.766] [bbotk]      102 0.2183024         5 0.08765486        0      0            0.464
INFO  [16:48:06.766] [bbotk]                                 uhash
INFO  [16:48:06.766] [bbotk]  4f1ad344-9f43-4075-8e57-beb7687024a3
INFO  [16:48:06.778] [bbotk] Evaluating 1 configuration(s)
INFO  [16:48:08.327] [bbotk] Result of batch 7:
INFO  [16:48:08.328] [bbotk]  nrounds       eta max_depth classif.ce warnings errors runtime_learners
INFO  [16:48:08.328] [bbotk]      278 0.1051818         6  0.0884159        0      0            1.519
INFO  [16:48:08.328] [bbotk]                                 uhash
INFO  [16:48:08.328] [bbotk]  6e4f58f8-a2c0-43af-8287-3e5cb3382d69
INFO  [16:48:08.332] [bbotk] Evaluating 1 configuration(s)
INFO  [16:48:09.487] [bbotk] Result of batch 8:
INFO  [16:48:09.488] [bbotk]  nrounds      eta max_depth classif.ce warnings errors runtime_learners
INFO  [16:48:09.488] [bbotk]      269 0.279109         7  0.0868886        0      0            1.121
INFO  [16:48:09.488] [bbotk]                                 uhash
INFO  [16:48:09.488] [bbotk]  f78ce1f8-b5fc-4887-aed0-0e7b1235fdfd
INFO  [16:48:09.496] [bbotk] Evaluating 1 configuration(s)
INFO  [16:48:10.100] [bbotk] Result of batch 9:
INFO  [16:48:10.103] [bbotk]  nrounds       eta max_depth classif.ce warnings errors runtime_learners
INFO  [16:48:10.103] [bbotk]      181 0.1112579         4 0.08384446        0      0             0.56
INFO  [16:48:10.103] [bbotk]                                 uhash
INFO  [16:48:10.103] [bbotk]  1a5583f7-b972-4c7c-934a-9f14c45db08f
INFO  [16:48:10.111] [bbotk] Evaluating 1 configuration(s)
INFO  [16:48:11.739] [bbotk] Result of batch 10:
INFO  [16:48:11.741] [bbotk]  nrounds       eta max_depth classif.ce warnings errors runtime_learners
INFO  [16:48:11.741] [bbotk]      250 0.1016663         9  0.0846055        0      0            1.552
INFO  [16:48:11.741] [bbotk]                                 uhash
INFO  [16:48:11.741] [bbotk]  dfb2bd19-f4cb-45c8-83cd-d30e270831ec
INFO  [16:48:11.762] [bbotk] Finished optimizing after 10 evaluation(s)
INFO  [16:48:11.763] [bbotk] Result:
INFO  [16:48:11.764] [bbotk]  nrounds       eta max_depth learner_param_vals  x_domain classif.ce
INFO  [16:48:11.764] [bbotk]    <int>     <num>     <int>             <list>    <list>      <num>
INFO  [16:48:11.764] [bbotk]      230 0.2131965         5          <list[5]> <list[3]> 0.08307646
[1] -3.472159
[1] 24.76476
[1] -1.396875
[1] 29.53326
[1] -25.51565
[1] 18.04878
[1] 0.8269631
[1] 35.21141
[1] -41.11647
[1] 26.97622

### [bt]: Job terminated successfully [batchtools job.id=1157]
### [bt]: Starting job [batchtools job.id=1158]
### [bt]: Generating problem instance for problem '698720b8ce42ae0c' ...
### [bt]: Applying algorithm 'run_learner' on problem '698720b8ce42ae0c' for job 1158 (seed = 1159) ...
INFO  [16:48:14.562] [mlr3] Applying learner 'classif.xgboost.tuned_calib.tunefirst.perfold_beta' on task 'pc4' (iter 8/10)
INFO  [16:48:14.594] [bbotk] Starting to optimize 3 parameter(s) with '<OptimizerBatchRandomSearch>' and '<TerminatorEvals> [n_evals=10, k=0]'
INFO  [16:48:14.603] [bbotk] Evaluating 1 configuration(s)
INFO  [16:48:15.053] [bbotk] Result of batch 1:
INFO  [16:48:15.054] [bbotk]  nrounds       eta max_depth classif.ce warnings errors runtime_learners
INFO  [16:48:15.054] [bbotk]       66 0.2893347         8 0.09527392        0      0            0.396
INFO  [16:48:15.054] [bbotk]                                 uhash
INFO  [16:48:15.054] [bbotk]  4fd3cf68-ffba-42ab-8199-b465d27b0644
INFO  [16:48:15.059] [bbotk] Evaluating 1 configuration(s)
INFO  [16:48:15.917] [bbotk] Result of batch 2:
INFO  [16:48:15.919] [bbotk]  nrounds       eta max_depth classif.ce warnings errors runtime_learners
INFO  [16:48:15.919] [bbotk]      167 0.2935371         8 0.09832503        0      0            0.795
INFO  [16:48:15.919] [bbotk]                                 uhash
INFO  [16:48:15.919] [bbotk]  634fc9db-d251-423d-9d0b-59d4b64ff87e
INFO  [16:48:15.927] [bbotk] Evaluating 1 configuration(s)
INFO  [16:48:17.107] [bbotk] Result of batch 3:
INFO  [16:48:17.109] [bbotk]  nrounds       eta max_depth classif.ce warnings errors runtime_learners
INFO  [16:48:17.109] [bbotk]      244 0.1419926         5  0.1013709        0      0            1.142
INFO  [16:48:17.109] [bbotk]                                 uhash
INFO  [16:48:17.109] [bbotk]  59660d2c-a6e8-4c86-82ae-43ee7ab3b233
INFO  [16:48:17.119] [bbotk] Evaluating 1 configuration(s)
INFO  [16:48:18.209] [bbotk] Result of batch 4:
INFO  [16:48:18.212] [bbotk]  nrounds       eta max_depth classif.ce warnings errors runtime_learners
INFO  [16:48:18.212] [bbotk]      164 0.1319968        10  0.1006099        0      0            1.031
INFO  [16:48:18.212] [bbotk]                                 uhash
INFO  [16:48:18.212] [bbotk]  8946c186-b18d-4789-9fee-c401d1b8b146
INFO  [16:48:18.218] [bbotk] Evaluating 1 configuration(s)
INFO  [16:48:19.617] [bbotk] Result of batch 5:
INFO  [16:48:19.618] [bbotk]  nrounds       eta max_depth classif.ce warnings errors runtime_learners
INFO  [16:48:19.618] [bbotk]      272 0.1337178         7 0.09985058        0      0             1.35
INFO  [16:48:19.618] [bbotk]                                 uhash
INFO  [16:48:19.618] [bbotk]  74bdbedc-b3a3-42c8-9229-a4c42750eb35
INFO  [16:48:19.622] [bbotk] Evaluating 1 configuration(s)
INFO  [16:48:20.375] [bbotk] Result of batch 6:
INFO  [16:48:20.376] [bbotk]  nrounds       eta max_depth classif.ce warnings errors runtime_learners
INFO  [16:48:20.376] [bbotk]      121 0.1904168         8 0.09832851        0      0            0.721
INFO  [16:48:20.376] [bbotk]                                 uhash
INFO  [16:48:20.376] [bbotk]  abb27671-edba-4698-ad0a-ca119ecf8fa2
INFO  [16:48:20.380] [bbotk] Evaluating 1 configuration(s)
INFO  [16:48:21.748] [bbotk] Result of batch 7:
INFO  [16:48:21.750] [bbotk]  nrounds        eta max_depth classif.ce warnings errors runtime_learners
INFO  [16:48:21.750] [bbotk]      254 0.08023283         6 0.09756051        0      0             1.33
INFO  [16:48:21.750] [bbotk]                                 uhash
INFO  [16:48:21.750] [bbotk]  fd31517c-0576-4b7e-9602-462599ebf5d1
INFO  [16:48:21.755] [bbotk] Evaluating 1 configuration(s)
INFO  [16:48:22.394] [bbotk] Result of batch 8:
INFO  [16:48:22.395] [bbotk]  nrounds      eta max_depth classif.ce warnings errors runtime_learners
INFO  [16:48:22.395] [bbotk]      126 0.202693         4  0.1013674        0      0             0.57
INFO  [16:48:22.395] [bbotk]                                 uhash
INFO  [16:48:22.395] [bbotk]  c8257cd6-0d93-416a-806e-2107b5527a93
INFO  [16:48:22.399] [bbotk] Evaluating 1 configuration(s)
INFO  [16:48:22.806] [bbotk] Result of batch 9:
INFO  [16:48:22.807] [bbotk]  nrounds       eta max_depth classif.ce warnings errors runtime_learners
INFO  [16:48:22.807] [bbotk]       63 0.2600394         6  0.1036575        0      0            0.369
INFO  [16:48:22.807] [bbotk]                                 uhash
INFO  [16:48:22.807] [bbotk]  62df7b53-da48-4934-bf87-3a5ac81db9af
INFO  [16:48:22.817] [bbotk] Evaluating 1 configuration(s)
INFO  [16:48:24.579] [bbotk] Result of batch 10:
INFO  [16:48:24.580] [bbotk]  nrounds        eta max_depth classif.ce warnings errors runtime_learners
INFO  [16:48:24.580] [bbotk]      257 0.06429577        10  0.1006064        0      0            1.718
INFO  [16:48:24.580] [bbotk]                                 uhash
INFO  [16:48:24.580] [bbotk]  b52a83b3-b462-4b0b-9a80-1487b0cef396
INFO  [16:48:24.599] [bbotk] Finished optimizing after 10 evaluation(s)
INFO  [16:48:24.600] [bbotk] Result:
INFO  [16:48:24.601] [bbotk]  nrounds       eta max_depth learner_param_vals  x_domain classif.ce
INFO  [16:48:24.601] [bbotk]    <int>     <num>     <int>             <list>    <list>      <num>
INFO  [16:48:24.601] [bbotk]       66 0.2893347         8          <list[5]> <list[3]> 0.09527392
[1] -0.8959071
[1] 43.38082
[1] -4.099017
[1] 25.03405
[1] -6.359646
[1] 25.51133
[1] -0.360556
[1] 27.72005
[1] -18.35499
[1] 23.01824

### [bt]: Job terminated successfully [batchtools job.id=1158]
### [bt]: Starting job [batchtools job.id=1159]
### [bt]: Generating problem instance for problem '698720b8ce42ae0c' ...
### [bt]: Applying algorithm 'run_learner' on problem '698720b8ce42ae0c' for job 1159 (seed = 1160) ...
INFO  [16:48:25.895] [mlr3] Applying learner 'classif.xgboost.tuned_calib.tunefirst.perfold_beta' on task 'pc4' (iter 9/10)
INFO  [16:48:25.960] [bbotk] Starting to optimize 3 parameter(s) with '<OptimizerBatchRandomSearch>' and '<TerminatorEvals> [n_evals=10, k=0]'
INFO  [16:48:25.988] [bbotk] Evaluating 1 configuration(s)
INFO  [16:48:26.548] [bbotk] Result of batch 1:
INFO  [16:48:26.549] [bbotk]  nrounds        eta max_depth classif.ce warnings errors runtime_learners
INFO  [16:48:26.549] [bbotk]      128 0.03903297         4 0.08834275        0      0             0.52
INFO  [16:48:26.549] [bbotk]                                 uhash
INFO  [16:48:26.549] [bbotk]  b056c89b-808f-4b8d-97f7-b0d81f0ed918
INFO  [16:48:26.559] [bbotk] Evaluating 1 configuration(s)
INFO  [16:48:27.076] [bbotk] Result of batch 2:
INFO  [16:48:27.077] [bbotk]  nrounds       eta max_depth classif.ce warnings errors runtime_learners
INFO  [16:48:27.077] [bbotk]       99 0.2458448         5 0.08224403        0      0            0.486
INFO  [16:48:27.077] [bbotk]                                 uhash
INFO  [16:48:27.077] [bbotk]  62904d82-4b50-43d0-a03c-8080e6261478
INFO  [16:48:27.083] [bbotk] Evaluating 1 configuration(s)
INFO  [16:48:27.825] [bbotk] Result of batch 3:
INFO  [16:48:27.826] [bbotk]  nrounds       eta max_depth classif.ce warnings errors runtime_learners
INFO  [16:48:27.826] [bbotk]      130 0.2072113         7  0.0921549        0      0            0.688
INFO  [16:48:27.826] [bbotk]                                 uhash
INFO  [16:48:27.826] [bbotk]  91cb14b6-b354-49bb-ab14-2c47eef92295
INFO  [16:48:27.829] [bbotk] Evaluating 1 configuration(s)
INFO  [16:48:29.069] [bbotk] Result of batch 4:
INFO  [16:48:29.070] [bbotk]  nrounds       eta max_depth classif.ce warnings errors runtime_learners
INFO  [16:48:29.070] [bbotk]      292 0.2935886         6 0.08834275        0      0            1.198
INFO  [16:48:29.070] [bbotk]                                 uhash
INFO  [16:48:29.070] [bbotk]  659a27db-fd53-49d0-a67c-dcdc902a820d
INFO  [16:48:29.075] [bbotk] Evaluating 1 configuration(s)
INFO  [16:48:29.495] [bbotk] Result of batch 5:
INFO  [16:48:29.497] [bbotk]  nrounds        eta max_depth classif.ce warnings errors runtime_learners
INFO  [16:48:29.497] [bbotk]      197 0.09511097         2 0.08834101        0      0            0.377
INFO  [16:48:29.497] [bbotk]                                 uhash
INFO  [16:48:29.497] [bbotk]  b6205912-fd62-4658-9e72-a1cb4e58ba9d
INFO  [16:48:29.506] [bbotk] Evaluating 1 configuration(s)
INFO  [16:48:29.895] [bbotk] Result of batch 6:
INFO  [16:48:29.896] [bbotk]  nrounds        eta max_depth classif.ce warnings errors runtime_learners
INFO  [16:48:29.896] [bbotk]      165 0.06222798         2 0.09596355        0      0            0.342
INFO  [16:48:29.896] [bbotk]                                 uhash
INFO  [16:48:29.896] [bbotk]  4eb9f72e-7137-4d47-b71c-aa9e149a7b8a
INFO  [16:48:29.902] [bbotk] Evaluating 1 configuration(s)
INFO  [16:48:30.465] [bbotk] Result of batch 7:
INFO  [16:48:30.466] [bbotk]  nrounds      eta max_depth classif.ce warnings errors runtime_learners
INFO  [16:48:30.466] [bbotk]      162 0.254447         3 0.08224054        0      0            0.515
INFO  [16:48:30.466] [bbotk]                                 uhash
INFO  [16:48:30.466] [bbotk]  46c7cc8a-2b2a-4cc8-812e-9ab82f97b877
INFO  [16:48:30.471] [bbotk] Evaluating 1 configuration(s)
INFO  [16:48:30.860] [bbotk] Result of batch 8:
INFO  [16:48:30.861] [bbotk]  nrounds        eta max_depth classif.ce warnings errors runtime_learners
INFO  [16:48:30.861] [bbotk]       63 0.03101993         6 0.09062412        0      0            0.346
INFO  [16:48:30.861] [bbotk]                                 uhash
INFO  [16:48:30.861] [bbotk]  4e664024-caba-4a80-ace5-74c2430c092d
INFO  [16:48:30.865] [bbotk] Evaluating 1 configuration(s)
INFO  [16:48:31.617] [bbotk] Result of batch 9:
INFO  [16:48:31.619] [bbotk]  nrounds       eta max_depth classif.ce warnings errors runtime_learners
INFO  [16:48:31.619] [bbotk]      146 0.2686195         9 0.08758172        0      0            0.716
INFO  [16:48:31.619] [bbotk]                                 uhash
INFO  [16:48:31.619] [bbotk]  6586548e-7f4e-4975-9ab6-5ec2b1d812f7
INFO  [16:48:31.631] [bbotk] Evaluating 1 configuration(s)
INFO  [16:48:33.075] [bbotk] Result of batch 10:
INFO  [16:48:33.077] [bbotk]  nrounds       eta max_depth classif.ce warnings errors runtime_learners
INFO  [16:48:33.077] [bbotk]      258 0.0406812         6 0.08757824        0      0              1.4
INFO  [16:48:33.077] [bbotk]                                 uhash
INFO  [16:48:33.077] [bbotk]  4799673f-b7c3-45ef-afda-1d135190c3b0
INFO  [16:48:33.093] [bbotk] Finished optimizing after 10 evaluation(s)
INFO  [16:48:33.094] [bbotk] Result:
INFO  [16:48:33.094] [bbotk]  nrounds      eta max_depth learner_param_vals  x_domain classif.ce
INFO  [16:48:33.094] [bbotk]    <int>    <num>     <int>             <list>    <list>      <num>
INFO  [16:48:33.094] [bbotk]      162 0.254447         3          <list[5]> <list[3]> 0.08224054
[1] -3.832632
[1] 27.79723
[1] -2.116817
[1] 37.4984
[1] -10.51721
[1] 21.91476
[1] 1.258103
[1] 39.82184
[1] -9.512363
[1] 26.04145

### [bt]: Job terminated successfully [batchtools job.id=1159]
### [bt]: Starting job [batchtools job.id=1160]
### [bt]: Generating problem instance for problem '698720b8ce42ae0c' ...
### [bt]: Applying algorithm 'run_learner' on problem '698720b8ce42ae0c' for job 1160 (seed = 1161) ...
INFO  [16:48:34.396] [mlr3] Applying learner 'classif.xgboost.tuned_calib.tunefirst.perfold_beta' on task 'pc4' (iter 10/10)
INFO  [16:48:34.450] [bbotk] Starting to optimize 3 parameter(s) with '<OptimizerBatchRandomSearch>' and '<TerminatorEvals> [n_evals=10, k=0]'
INFO  [16:48:34.470] [bbotk] Evaluating 1 configuration(s)
INFO  [16:48:34.809] [bbotk] Result of batch 1:
INFO  [16:48:34.810] [bbotk]  nrounds       eta max_depth classif.ce warnings errors runtime_learners
INFO  [16:48:34.810] [bbotk]      103 0.2979561         3 0.08834101        0      0            0.301
INFO  [16:48:34.810] [bbotk]                                 uhash
INFO  [16:48:34.810] [bbotk]  645db35e-4f72-42c5-abe1-7b8c74694f42
INFO  [16:48:34.816] [bbotk] Evaluating 1 configuration(s)
INFO  [16:48:36.250] [bbotk] Result of batch 2:
INFO  [16:48:36.251] [bbotk]  nrounds        eta max_depth classif.ce warnings errors runtime_learners
INFO  [16:48:36.251] [bbotk]      209 0.03045007         7 0.09519729        0      0              1.4
INFO  [16:48:36.251] [bbotk]                                 uhash
INFO  [16:48:36.251] [bbotk]  cd7f966c-2395-490c-a66d-790008496bd2
INFO  [16:48:36.255] [bbotk] Evaluating 1 configuration(s)
INFO  [16:48:36.706] [bbotk] Result of batch 3:
INFO  [16:48:36.709] [bbotk]  nrounds       eta max_depth classif.ce warnings errors runtime_learners
INFO  [16:48:36.709] [bbotk]      237 0.2812296         2 0.09443452        0      0            0.403
INFO  [16:48:36.709] [bbotk]                                 uhash
INFO  [16:48:36.709] [bbotk]  66d1503e-43cf-4e6a-9330-20633314a386
INFO  [16:48:36.719] [bbotk] Evaluating 1 configuration(s)
INFO  [16:48:37.220] [bbotk] Result of batch 4:
INFO  [16:48:37.221] [bbotk]  nrounds        eta max_depth classif.ce warnings errors runtime_learners
INFO  [16:48:37.221] [bbotk]       66 0.06519939         8 0.09976002        0      0            0.457
INFO  [16:48:37.221] [bbotk]                                 uhash
INFO  [16:48:37.221] [bbotk]  6fa10058-248c-400f-a22b-9020990ddeec
INFO  [16:48:37.225] [bbotk] Evaluating 1 configuration(s)
INFO  [16:48:37.856] [bbotk] Result of batch 5:
INFO  [16:48:37.857] [bbotk]  nrounds       eta max_depth classif.ce warnings errors runtime_learners
INFO  [16:48:37.857] [bbotk]      113 0.2992782         6 0.09367697        0      0            0.588
INFO  [16:48:37.857] [bbotk]                                 uhash
INFO  [16:48:37.857] [bbotk]  c0995b54-2d21-48a9-830d-e089d9cd5135
INFO  [16:48:37.863] [bbotk] Evaluating 1 configuration(s)
INFO  [16:48:38.059] [bbotk] Result of batch 6:
INFO  [16:48:38.060] [bbotk]  nrounds        eta max_depth classif.ce warnings errors runtime_learners
INFO  [16:48:38.060] [bbotk]       66 0.08302458         3 0.09672111        0      0            0.162
INFO  [16:48:38.060] [bbotk]                                 uhash
INFO  [16:48:38.060] [bbotk]  2b743a61-9816-4fff-9e6c-fd1363215e67
INFO  [16:48:38.064] [bbotk] Evaluating 1 configuration(s)
INFO  [16:48:38.529] [bbotk] Result of batch 7:
INFO  [16:48:38.530] [bbotk]  nrounds       eta max_depth classif.ce warnings errors runtime_learners
INFO  [16:48:38.530] [bbotk]       97 0.2488377         6 0.09138864        0      0            0.435
INFO  [16:48:38.530] [bbotk]                                 uhash
INFO  [16:48:38.530] [bbotk]  5785194c-44ee-4d1f-b559-802b87c63bad
INFO  [16:48:38.541] [bbotk] Evaluating 1 configuration(s)
INFO  [16:48:39.778] [bbotk] Result of batch 8:
INFO  [16:48:39.780] [bbotk]  nrounds        eta max_depth classif.ce warnings errors runtime_learners
INFO  [16:48:39.780] [bbotk]      193 0.09141492        10 0.09062586        0      0             1.19
INFO  [16:48:39.780] [bbotk]                                 uhash
INFO  [16:48:39.780] [bbotk]  e173f65b-99b9-4b73-a805-762d52e4faa9
INFO  [16:48:39.801] [bbotk] Evaluating 1 configuration(s)
INFO  [16:48:41.006] [bbotk] Result of batch 9:
INFO  [16:48:41.008] [bbotk]  nrounds      eta max_depth classif.ce warnings errors runtime_learners
INFO  [16:48:41.008] [bbotk]      183 0.128773         8 0.09443278        0      0            1.162
INFO  [16:48:41.008] [bbotk]                                 uhash
INFO  [16:48:41.008] [bbotk]  372a8338-5b76-4f32-a625-d565004507cf
INFO  [16:48:41.013] [bbotk] Evaluating 1 configuration(s)
INFO  [16:48:41.304] [bbotk] Result of batch 10:
INFO  [16:48:41.305] [bbotk]  nrounds       eta max_depth classif.ce warnings errors runtime_learners
INFO  [16:48:41.305] [bbotk]       52 0.2601376         4 0.09519555        0      0            0.254
INFO  [16:48:41.305] [bbotk]                                 uhash
INFO  [16:48:41.305] [bbotk]  8d08c867-a60e-4641-92a6-0536df67e6e9
INFO  [16:48:41.326] [bbotk] Finished optimizing after 10 evaluation(s)
INFO  [16:48:41.326] [bbotk] Result:
INFO  [16:48:41.327] [bbotk]  nrounds       eta max_depth learner_param_vals  x_domain classif.ce
INFO  [16:48:41.327] [bbotk]    <int>     <num>     <int>             <list>    <list>      <num>
INFO  [16:48:41.327] [bbotk]      103 0.2979561         3          <list[5]> <list[3]> 0.08834101
[1] -4.06135
[1] 32.7425
[1] -11.43721
[1] 24.81059
[1] -1.014492
[1] 32.21959
[1] 1.053332
[1] 30.2655
[1] -21.13309
[1] 24.245

### [bt]: Job terminated successfully [batchtools job.id=1160]
### [bt]: Calculation finished!
