### [bt]: This is batchtools v0.9.17
### [bt]: Starting calculation of 5 jobs
### [bt]: Setting working directory to '/Users/User/Documents/Studium/Semester8/Hiwi/mlr3calibration/vignettes'
### [bt]: Memory measurement disabled
### [bt]: Starting job [batchtools job.id=831]
### [bt]: Generating problem instance for problem '698720b8ce42ae0c' ...
### [bt]: Applying algorithm 'run_learner' on problem '698720b8ce42ae0c' for job 831 (seed = 832) ...
INFO  [16:42:27.726] [mlr3] Applying learner 'classif.naive_bayes.tuned_calib.perfold_beta' on task 'pc4' (iter 1/10)
INFO  [16:42:27.777] [bbotk] Starting to optimize 1 parameter(s) with '<OptimizerBatchRandomSearch>' and '<TerminatorEvals> [n_evals=3, k=0]'
INFO  [16:42:27.785] [bbotk] Evaluating 1 configuration(s)
INFO  [16:42:28.145] [bbotk] Result of batch 1:
INFO  [16:42:28.147] [bbotk]    laplace classif.ce warnings errors runtime_learners
INFO  [16:42:28.147] [bbotk]  0.3629362  0.1477773        0      0            0.306
INFO  [16:42:28.147] [bbotk]                                 uhash
INFO  [16:42:28.147] [bbotk]  c91568c8-1ba1-406a-b0bb-07e139d12d56
INFO  [16:42:28.150] [bbotk] Evaluating 1 configuration(s)
INFO  [16:42:28.488] [bbotk] Result of batch 2:
INFO  [16:42:28.489] [bbotk]    laplace classif.ce warnings errors runtime_learners
INFO  [16:42:28.489] [bbotk]  0.8973654  0.1477773        0      0            0.293
INFO  [16:42:28.489] [bbotk]                                 uhash
INFO  [16:42:28.489] [bbotk]  061f45f8-a01c-4ea1-8018-22aab95f8e58
INFO  [16:42:28.491] [bbotk] Evaluating 1 configuration(s)
INFO  [16:42:28.865] [bbotk] Result of batch 3:
INFO  [16:42:28.865] [bbotk]    laplace classif.ce warnings errors runtime_learners
INFO  [16:42:28.865] [bbotk]  0.7916969  0.1477773        0      0            0.343
INFO  [16:42:28.865] [bbotk]                                 uhash
INFO  [16:42:28.865] [bbotk]  6626fd23-71ab-41f9-a824-edad015a7eba
INFO  [16:42:28.872] [bbotk] Finished optimizing after 3 evaluation(s)
INFO  [16:42:28.872] [bbotk] Result:
INFO  [16:42:28.872] [bbotk]    laplace learner_param_vals  x_domain classif.ce
INFO  [16:42:28.872] [bbotk]      <num>             <list>    <list>      <num>
INFO  [16:42:28.872] [bbotk]  0.3629362          <list[1]> <list[1]>  0.1477773
INFO  [16:42:29.010] [bbotk] Starting to optimize 1 parameter(s) with '<OptimizerBatchRandomSearch>' and '<TerminatorEvals> [n_evals=3, k=0]'
INFO  [16:42:29.022] [bbotk] Evaluating 1 configuration(s)
INFO  [16:42:29.379] [bbotk] Result of batch 1:
INFO  [16:42:29.382] [bbotk]    laplace classif.ce warnings errors runtime_learners
INFO  [16:42:29.382] [bbotk]  0.2786358  0.1649611        0      0            0.329
INFO  [16:42:29.382] [bbotk]                                 uhash
INFO  [16:42:29.382] [bbotk]  f53d37a7-b6e1-4dcf-b5fe-9c047c64ffc5
INFO  [16:42:29.388] [bbotk] Evaluating 1 configuration(s)
INFO  [16:42:29.800] [bbotk] Result of batch 2:
INFO  [16:42:29.802] [bbotk]    laplace classif.ce warnings errors runtime_learners
INFO  [16:42:29.802] [bbotk]  0.5528744  0.1649611        0      0            0.365
INFO  [16:42:29.802] [bbotk]                                 uhash
INFO  [16:42:29.802] [bbotk]  d09f41ed-23c0-4227-adc0-44e7acc080f1
INFO  [16:42:29.811] [bbotk] Evaluating 1 configuration(s)
INFO  [16:42:30.162] [bbotk] Result of batch 3:
INFO  [16:42:30.163] [bbotk]    laplace classif.ce warnings errors runtime_learners
INFO  [16:42:30.163] [bbotk]  0.6496098  0.1649611        0      0             0.29
INFO  [16:42:30.163] [bbotk]                                 uhash
INFO  [16:42:30.163] [bbotk]  811d1241-0b86-44af-b8f8-d105b7e46483
INFO  [16:42:30.175] [bbotk] Finished optimizing after 3 evaluation(s)
INFO  [16:42:30.176] [bbotk] Result:
INFO  [16:42:30.180] [bbotk]    laplace learner_param_vals  x_domain classif.ce
INFO  [16:42:30.180] [bbotk]      <num>             <list>    <list>      <num>
INFO  [16:42:30.180] [bbotk]  0.2786358          <list[1]> <list[1]>  0.1649611
INFO  [16:42:30.327] [bbotk] Starting to optimize 1 parameter(s) with '<OptimizerBatchRandomSearch>' and '<TerminatorEvals> [n_evals=3, k=0]'
INFO  [16:42:30.334] [bbotk] Evaluating 1 configuration(s)
INFO  [16:42:30.666] [bbotk] Result of batch 1:
INFO  [16:42:30.667] [bbotk]    laplace classif.ce warnings errors runtime_learners
INFO  [16:42:30.667] [bbotk]  0.3764569  0.1380952        0      0            0.301
INFO  [16:42:30.667] [bbotk]                                 uhash
INFO  [16:42:30.667] [bbotk]  2d3a6308-3299-41e4-a7e6-ce164d60dd1c
INFO  [16:42:30.669] [bbotk] Evaluating 1 configuration(s)
INFO  [16:42:31.029] [bbotk] Result of batch 2:
INFO  [16:42:31.031] [bbotk]    laplace classif.ce warnings errors runtime_learners
INFO  [16:42:31.031] [bbotk]  0.5393979  0.1380952        0      0            0.295
INFO  [16:42:31.031] [bbotk]                                 uhash
INFO  [16:42:31.031] [bbotk]  ee856fda-b42e-4f2f-9422-8fe770f30317
INFO  [16:42:31.035] [bbotk] Evaluating 1 configuration(s)
INFO  [16:42:31.424] [bbotk] Result of batch 3:
INFO  [16:42:31.424] [bbotk]    laplace classif.ce warnings errors runtime_learners
INFO  [16:42:31.424] [bbotk]  0.8505696  0.1380952        0      0            0.336
INFO  [16:42:31.424] [bbotk]                                 uhash
INFO  [16:42:31.424] [bbotk]  7f331df5-d079-433d-9412-2628faef75e4
INFO  [16:42:31.432] [bbotk] Finished optimizing after 3 evaluation(s)
INFO  [16:42:31.433] [bbotk] Result:
INFO  [16:42:31.433] [bbotk]    laplace learner_param_vals  x_domain classif.ce
INFO  [16:42:31.433] [bbotk]      <num>             <list>    <list>      <num>
INFO  [16:42:31.433] [bbotk]  0.3764569          <list[1]> <list[1]>  0.1380952
INFO  [16:42:31.543] [bbotk] Starting to optimize 1 parameter(s) with '<OptimizerBatchRandomSearch>' and '<TerminatorEvals> [n_evals=3, k=0]'
INFO  [16:42:31.548] [bbotk] Evaluating 1 configuration(s)
INFO  [16:42:31.963] [bbotk] Result of batch 1:
INFO  [16:42:31.965] [bbotk]    laplace classif.ce warnings errors runtime_learners
INFO  [16:42:31.965] [bbotk]  0.3199088  0.1361905        0      0            0.363
INFO  [16:42:31.965] [bbotk]                                 uhash
INFO  [16:42:31.965] [bbotk]  649af4a6-3670-45a3-8170-e1a8c74fdf12
INFO  [16:42:31.970] [bbotk] Evaluating 1 configuration(s)
INFO  [16:42:32.382] [bbotk] Result of batch 2:
INFO  [16:42:32.383] [bbotk]    laplace classif.ce warnings errors runtime_learners
INFO  [16:42:32.383] [bbotk]  0.2402469  0.1361905        0      0            0.335
INFO  [16:42:32.383] [bbotk]                                 uhash
INFO  [16:42:32.383] [bbotk]  6112a521-695d-4904-bde1-27c4e7ec9e69
INFO  [16:42:32.386] [bbotk] Evaluating 1 configuration(s)
INFO  [16:42:32.760] [bbotk] Result of batch 3:
INFO  [16:42:32.761] [bbotk]     laplace classif.ce warnings errors runtime_learners
INFO  [16:42:32.761] [bbotk]  0.05562148  0.1361905        0      0            0.323
INFO  [16:42:32.761] [bbotk]                                 uhash
INFO  [16:42:32.761] [bbotk]  cf588db2-028d-4f10-9ea6-68a35ef8509d
INFO  [16:42:32.791] [bbotk] Finished optimizing after 3 evaluation(s)
INFO  [16:42:32.791] [bbotk] Result:
INFO  [16:42:32.792] [bbotk]    laplace learner_param_vals  x_domain classif.ce
INFO  [16:42:32.792] [bbotk]      <num>             <list>    <list>      <num>
INFO  [16:42:32.792] [bbotk]  0.3199088          <list[1]> <list[1]>  0.1361905
INFO  [16:42:32.915] [bbotk] Starting to optimize 1 parameter(s) with '<OptimizerBatchRandomSearch>' and '<TerminatorEvals> [n_evals=3, k=0]'
INFO  [16:42:32.925] [bbotk] Evaluating 1 configuration(s)
INFO  [16:42:33.283] [bbotk] Result of batch 1:
INFO  [16:42:33.284] [bbotk]    laplace classif.ce warnings errors runtime_learners
INFO  [16:42:33.284] [bbotk]  0.5225625   0.167619        0      0            0.304
INFO  [16:42:33.284] [bbotk]                                 uhash
INFO  [16:42:33.284] [bbotk]  ff0436b7-7995-4da0-a761-358d87cc5987
INFO  [16:42:33.286] [bbotk] Evaluating 1 configuration(s)
INFO  [16:42:33.667] [bbotk] Result of batch 2:
INFO  [16:42:33.668] [bbotk]    laplace classif.ce warnings errors runtime_learners
INFO  [16:42:33.668] [bbotk]  0.4405225   0.167619        0      0            0.335
INFO  [16:42:33.668] [bbotk]                                 uhash
INFO  [16:42:33.668] [bbotk]  e76021ce-9f9b-426a-8116-a21f547b1396
INFO  [16:42:33.674] [bbotk] Evaluating 1 configuration(s)
INFO  [16:42:34.058] [bbotk] Result of batch 3:
INFO  [16:42:34.059] [bbotk]    laplace classif.ce warnings errors runtime_learners
INFO  [16:42:34.059] [bbotk]  0.2513344   0.167619        0      0            0.329
INFO  [16:42:34.059] [bbotk]                                 uhash
INFO  [16:42:34.059] [bbotk]  a0da3678-39df-40e0-93f4-a93cca43ea48
INFO  [16:42:34.066] [bbotk] Finished optimizing after 3 evaluation(s)
INFO  [16:42:34.066] [bbotk] Result:
INFO  [16:42:34.067] [bbotk]    laplace learner_param_vals  x_domain classif.ce
INFO  [16:42:34.067] [bbotk]      <num>             <list>    <list>      <num>
INFO  [16:42:34.067] [bbotk]  0.5225625          <list[1]> <list[1]>   0.167619
[1] -0.1179982
[1] 6.275522
Warning in value[[3L]](cond) :
  beta_calibration failed: uniroot endpoint sign mismatch.
This happened PipeOp classif.naive_bayes's $train()
[1] -3.024574
[1] 5.030704
[1] -0.08667528
[1] 4.799161
[1] -2.162957
[1] 6.16579
[1] -0.6787155
[1] 3.32318
Warning in value[[3L]](cond) :
  beta_calibration failed: uniroot endpoint sign mismatch.
This happened PipeOp classif.naive_bayes's $train()

### [bt]: Job terminated successfully [batchtools job.id=831]
### [bt]: Starting job [batchtools job.id=832]
### [bt]: Generating problem instance for problem '698720b8ce42ae0c' ...
### [bt]: Applying algorithm 'run_learner' on problem '698720b8ce42ae0c' for job 832 (seed = 833) ...
INFO  [16:42:34.477] [mlr3] Applying learner 'classif.naive_bayes.tuned_calib.perfold_beta' on task 'pc4' (iter 2/10)
INFO  [16:42:34.541] [bbotk] Starting to optimize 1 parameter(s) with '<OptimizerBatchRandomSearch>' and '<TerminatorEvals> [n_evals=3, k=0]'
INFO  [16:42:34.551] [bbotk] Evaluating 1 configuration(s)
INFO  [16:42:34.959] [bbotk] Result of batch 1:
INFO  [16:42:34.960] [bbotk]    laplace classif.ce warnings errors runtime_learners
INFO  [16:42:34.960] [bbotk]  0.8232701  0.1410397        0      0            0.362
INFO  [16:42:34.960] [bbotk]                                 uhash
INFO  [16:42:34.960] [bbotk]  7d9c4afa-c61f-42b9-a875-2bb163744e65
INFO  [16:42:34.963] [bbotk] Evaluating 1 configuration(s)
INFO  [16:42:35.368] [bbotk] Result of batch 2:
INFO  [16:42:35.369] [bbotk]    laplace classif.ce warnings errors runtime_learners
INFO  [16:42:35.369] [bbotk]  0.4627244  0.1410397        0      0            0.365
INFO  [16:42:35.369] [bbotk]                                 uhash
INFO  [16:42:35.369] [bbotk]  eefdfc70-0277-42c6-aaab-58c2e7b160a6
INFO  [16:42:35.372] [bbotk] Evaluating 1 configuration(s)
INFO  [16:42:35.719] [bbotk] Result of batch 3:
INFO  [16:42:35.720] [bbotk]    laplace classif.ce warnings errors runtime_learners
INFO  [16:42:35.720] [bbotk]  0.7299311  0.1410397        0      0            0.304
INFO  [16:42:35.720] [bbotk]                                 uhash
INFO  [16:42:35.720] [bbotk]  2fc91865-93f1-4557-8d78-36915d0c9406
INFO  [16:42:35.727] [bbotk] Finished optimizing after 3 evaluation(s)
INFO  [16:42:35.727] [bbotk] Result:
INFO  [16:42:35.728] [bbotk]    laplace learner_param_vals  x_domain classif.ce
INFO  [16:42:35.728] [bbotk]      <num>             <list>    <list>      <num>
INFO  [16:42:35.728] [bbotk]  0.8232701          <list[1]> <list[1]>  0.1410397
INFO  [16:42:35.870] [bbotk] Starting to optimize 1 parameter(s) with '<OptimizerBatchRandomSearch>' and '<TerminatorEvals> [n_evals=3, k=0]'
INFO  [16:42:35.877] [bbotk] Evaluating 1 configuration(s)
INFO  [16:42:36.224] [bbotk] Result of batch 1:
INFO  [16:42:36.228] [bbotk]     laplace classif.ce warnings errors runtime_learners
INFO  [16:42:36.228] [bbotk]  0.04677829  0.1515814        0      0            0.296
INFO  [16:42:36.228] [bbotk]                                 uhash
INFO  [16:42:36.228] [bbotk]  1a191fff-d5a6-4913-9385-2f348d807beb
INFO  [16:42:36.237] [bbotk] Evaluating 1 configuration(s)
INFO  [16:42:36.637] [bbotk] Result of batch 2:
INFO  [16:42:36.639] [bbotk]    laplace classif.ce warnings errors runtime_learners
INFO  [16:42:36.639] [bbotk]  0.2416998  0.1515814        0      0            0.343
INFO  [16:42:36.639] [bbotk]                                 uhash
INFO  [16:42:36.639] [bbotk]  2bde3db1-8a26-43ea-bd6d-cc3596c75866
INFO  [16:42:36.642] [bbotk] Evaluating 1 configuration(s)
INFO  [16:42:37.079] [bbotk] Result of batch 3:
INFO  [16:42:37.083] [bbotk]    laplace classif.ce warnings errors runtime_learners
INFO  [16:42:37.083] [bbotk]  0.1369108  0.1515814        0      0            0.372
INFO  [16:42:37.083] [bbotk]                                 uhash
INFO  [16:42:37.083] [bbotk]  eee28ab4-2750-481b-b5f5-ec4867f95916
INFO  [16:42:37.096] [bbotk] Finished optimizing after 3 evaluation(s)
INFO  [16:42:37.096] [bbotk] Result:
INFO  [16:42:37.097] [bbotk]     laplace learner_param_vals  x_domain classif.ce
INFO  [16:42:37.097] [bbotk]       <num>             <list>    <list>      <num>
INFO  [16:42:37.097] [bbotk]  0.04677829          <list[1]> <list[1]>  0.1515814
INFO  [16:42:37.252] [bbotk] Starting to optimize 1 parameter(s) with '<OptimizerBatchRandomSearch>' and '<TerminatorEvals> [n_evals=3, k=0]'
INFO  [16:42:37.256] [bbotk] Evaluating 1 configuration(s)
INFO  [16:42:37.646] [bbotk] Result of batch 1:
INFO  [16:42:37.647] [bbotk]    laplace classif.ce warnings errors runtime_learners
INFO  [16:42:37.647] [bbotk]  0.4810161  0.1704762        0      0            0.345
INFO  [16:42:37.647] [bbotk]                                 uhash
INFO  [16:42:37.647] [bbotk]  7a1ddfba-56e8-4099-affc-f1ce7cd43c47
INFO  [16:42:37.649] [bbotk] Evaluating 1 configuration(s)
INFO  [16:42:38.031] [bbotk] Result of batch 2:
INFO  [16:42:38.033] [bbotk]    laplace classif.ce warnings errors runtime_learners
INFO  [16:42:38.033] [bbotk]  0.6780223  0.1704762        0      0            0.328
INFO  [16:42:38.033] [bbotk]                                 uhash
INFO  [16:42:38.033] [bbotk]  b91297a8-f3ae-45e3-8291-0f1daeaba949
INFO  [16:42:38.036] [bbotk] Evaluating 1 configuration(s)
INFO  [16:42:38.359] [bbotk] Result of batch 3:
INFO  [16:42:38.360] [bbotk]    laplace classif.ce warnings errors runtime_learners
INFO  [16:42:38.360] [bbotk]  0.3684883  0.1704762        0      0             0.28
INFO  [16:42:38.360] [bbotk]                                 uhash
INFO  [16:42:38.360] [bbotk]  ec4c36a9-151d-4b5f-9c06-15ff24f35a67
INFO  [16:42:38.368] [bbotk] Finished optimizing after 3 evaluation(s)
INFO  [16:42:38.369] [bbotk] Result:
INFO  [16:42:38.370] [bbotk]    laplace learner_param_vals  x_domain classif.ce
INFO  [16:42:38.370] [bbotk]      <num>             <list>    <list>      <num>
INFO  [16:42:38.370] [bbotk]  0.4810161          <list[1]> <list[1]>  0.1704762
INFO  [16:42:38.495] [bbotk] Starting to optimize 1 parameter(s) with '<OptimizerBatchRandomSearch>' and '<TerminatorEvals> [n_evals=3, k=0]'
INFO  [16:42:38.506] [bbotk] Evaluating 1 configuration(s)
INFO  [16:42:38.869] [bbotk] Result of batch 1:
INFO  [16:42:38.870] [bbotk]    laplace classif.ce warnings errors runtime_learners
INFO  [16:42:38.870] [bbotk]  0.3645682  0.1485714        0      0            0.311
INFO  [16:42:38.870] [bbotk]                                 uhash
INFO  [16:42:38.870] [bbotk]  5e0b34e9-ecdd-4e51-b34b-eb64bd927598
INFO  [16:42:38.872] [bbotk] Evaluating 1 configuration(s)
INFO  [16:42:39.199] [bbotk] Result of batch 2:
INFO  [16:42:39.201] [bbotk]    laplace classif.ce warnings errors runtime_learners
INFO  [16:42:39.201] [bbotk]  0.9423007  0.1485714        0      0            0.276
INFO  [16:42:39.201] [bbotk]                                 uhash
INFO  [16:42:39.201] [bbotk]  814246e8-0075-42c6-8d45-c737a1f439f2
INFO  [16:42:39.206] [bbotk] Evaluating 1 configuration(s)
INFO  [16:42:39.527] [bbotk] Result of batch 3:
INFO  [16:42:39.528] [bbotk]    laplace classif.ce warnings errors runtime_learners
INFO  [16:42:39.528] [bbotk]  0.6880677  0.1485714        0      0            0.287
INFO  [16:42:39.528] [bbotk]                                 uhash
INFO  [16:42:39.528] [bbotk]  ffbafe21-1743-4da7-997b-a030a896060c
INFO  [16:42:39.544] [bbotk] Finished optimizing after 3 evaluation(s)
INFO  [16:42:39.544] [bbotk] Result:
INFO  [16:42:39.546] [bbotk]    laplace learner_param_vals  x_domain classif.ce
INFO  [16:42:39.546] [bbotk]      <num>             <list>    <list>      <num>
INFO  [16:42:39.546] [bbotk]  0.3645682          <list[1]> <list[1]>  0.1485714
INFO  [16:42:39.682] [bbotk] Starting to optimize 1 parameter(s) with '<OptimizerBatchRandomSearch>' and '<TerminatorEvals> [n_evals=3, k=0]'
INFO  [16:42:39.687] [bbotk] Evaluating 1 configuration(s)
INFO  [16:42:40.055] [bbotk] Result of batch 1:
INFO  [16:42:40.057] [bbotk]    laplace classif.ce warnings errors runtime_learners
INFO  [16:42:40.057] [bbotk]  0.6085698  0.1419048        0      0            0.315
INFO  [16:42:40.057] [bbotk]                                 uhash
INFO  [16:42:40.057] [bbotk]  bcb2d9b0-51cc-4445-9b11-7e6cbcda3f94
INFO  [16:42:40.063] [bbotk] Evaluating 1 configuration(s)
INFO  [16:42:40.366] [bbotk] Result of batch 2:
INFO  [16:42:40.367] [bbotk]    laplace classif.ce warnings errors runtime_learners
INFO  [16:42:40.367] [bbotk]  0.7972632  0.1419048        0      0            0.272
INFO  [16:42:40.367] [bbotk]                                 uhash
INFO  [16:42:40.367] [bbotk]  241f088c-9f7f-40fc-b298-4ba428b570fe
INFO  [16:42:40.369] [bbotk] Evaluating 1 configuration(s)
INFO  [16:42:40.728] [bbotk] Result of batch 3:
INFO  [16:42:40.729] [bbotk]     laplace classif.ce warnings errors runtime_learners
INFO  [16:42:40.729] [bbotk]  0.03734868  0.1419048        0      0            0.313
INFO  [16:42:40.729] [bbotk]                                 uhash
INFO  [16:42:40.729] [bbotk]  b4ab459e-4045-4334-87c1-71ae6cd636b7
INFO  [16:42:40.749] [bbotk] Finished optimizing after 3 evaluation(s)
INFO  [16:42:40.749] [bbotk] Result:
INFO  [16:42:40.750] [bbotk]    laplace learner_param_vals  x_domain classif.ce
INFO  [16:42:40.750] [bbotk]      <num>             <list>    <list>      <num>
INFO  [16:42:40.750] [bbotk]  0.6085698          <list[1]> <list[1]>  0.1419048
[1] -0.1133331
[1] 7.420845
[1] -0.6882205
[1] 3.910719
Warning in value[[3L]](cond) :
  beta_calibration failed: uniroot endpoint sign mismatch.
This happened PipeOp classif.naive_bayes's $train()
[1] -6.149577
[1] 3.212542
[1] -0.1970648
[1] 5.208911
Warning in value[[3L]](cond) :
  beta_calibration failed: uniroot endpoint sign mismatch.
This happened PipeOp classif.naive_bayes's $train()
[1] -2.133753
[1] 4.177616

### [bt]: Job terminated successfully [batchtools job.id=832]
### [bt]: Starting job [batchtools job.id=833]
### [bt]: Generating problem instance for problem '698720b8ce42ae0c' ...
### [bt]: Applying algorithm 'run_learner' on problem '698720b8ce42ae0c' for job 833 (seed = 834) ...
INFO  [16:42:41.195] [mlr3] Applying learner 'classif.naive_bayes.tuned_calib.perfold_beta' on task 'pc4' (iter 3/10)
INFO  [16:42:41.247] [bbotk] Starting to optimize 1 parameter(s) with '<OptimizerBatchRandomSearch>' and '<TerminatorEvals> [n_evals=3, k=0]'
INFO  [16:42:41.261] [bbotk] Evaluating 1 configuration(s)
INFO  [16:42:41.588] [bbotk] Result of batch 1:
INFO  [16:42:41.589] [bbotk]    laplace classif.ce warnings errors runtime_learners
INFO  [16:42:41.589] [bbotk]  0.6401178  0.1401801        0      0            0.285
INFO  [16:42:41.589] [bbotk]                                 uhash
INFO  [16:42:41.589] [bbotk]  bb12a3c8-6aed-4112-ab9e-a10919aa3646
INFO  [16:42:41.591] [bbotk] Evaluating 1 configuration(s)
INFO  [16:42:41.952] [bbotk] Result of batch 2:
INFO  [16:42:41.954] [bbotk]    laplace classif.ce warnings errors runtime_learners
INFO  [16:42:41.954] [bbotk]  0.6220748  0.1401801        0      0            0.316
INFO  [16:42:41.954] [bbotk]                                 uhash
INFO  [16:42:41.954] [bbotk]  f6d98cbc-0419-4da9-a682-73f240e77071
INFO  [16:42:41.959] [bbotk] Evaluating 1 configuration(s)
INFO  [16:42:42.365] [bbotk] Result of batch 3:
INFO  [16:42:42.367] [bbotk]    laplace classif.ce warnings errors runtime_learners
INFO  [16:42:42.367] [bbotk]  0.8026864  0.1401801        0      0            0.341
INFO  [16:42:42.367] [bbotk]                                 uhash
INFO  [16:42:42.367] [bbotk]  8b074d60-bd0f-4d3f-90b6-fb26dad3404f
INFO  [16:42:42.390] [bbotk] Finished optimizing after 3 evaluation(s)
INFO  [16:42:42.394] [bbotk] Result:
INFO  [16:42:42.395] [bbotk]    laplace learner_param_vals  x_domain classif.ce
INFO  [16:42:42.395] [bbotk]      <num>             <list>    <list>      <num>
INFO  [16:42:42.395] [bbotk]  0.6401178          <list[1]> <list[1]>  0.1401801
INFO  [16:42:42.509] [bbotk] Starting to optimize 1 parameter(s) with '<OptimizerBatchRandomSearch>' and '<TerminatorEvals> [n_evals=3, k=0]'
INFO  [16:42:42.521] [bbotk] Evaluating 1 configuration(s)
INFO  [16:42:42.873] [bbotk] Result of batch 1:
INFO  [16:42:42.875] [bbotk]    laplace classif.ce warnings errors runtime_learners
INFO  [16:42:42.875] [bbotk]  0.8568599   0.225878        0      0            0.303
INFO  [16:42:42.875] [bbotk]                                 uhash
INFO  [16:42:42.875] [bbotk]  cc07dc8d-b70d-4965-9d6b-864faaa69c00
INFO  [16:42:42.880] [bbotk] Evaluating 1 configuration(s)
INFO  [16:42:43.289] [bbotk] Result of batch 2:
INFO  [16:42:43.291] [bbotk]    laplace classif.ce warnings errors runtime_learners
INFO  [16:42:43.291] [bbotk]  0.2023034   0.225878        0      0            0.353
INFO  [16:42:43.291] [bbotk]                                 uhash
INFO  [16:42:43.291] [bbotk]  eaa6fcdc-d4f7-4eb9-b57e-9bf07c0da05e
INFO  [16:42:43.297] [bbotk] Evaluating 1 configuration(s)
INFO  [16:42:43.706] [bbotk] Result of batch 3:
INFO  [16:42:43.708] [bbotk]     laplace classif.ce warnings errors runtime_learners
INFO  [16:42:43.708] [bbotk]  0.08067219   0.225878        0      0            0.339
INFO  [16:42:43.708] [bbotk]                                 uhash
INFO  [16:42:43.708] [bbotk]  f6f45a5d-08ee-4f07-810a-fdf1d486db16
INFO  [16:42:43.725] [bbotk] Finished optimizing after 3 evaluation(s)
INFO  [16:42:43.726] [bbotk] Result:
INFO  [16:42:43.726] [bbotk]    laplace learner_param_vals  x_domain classif.ce
INFO  [16:42:43.726] [bbotk]      <num>             <list>    <list>      <num>
INFO  [16:42:43.726] [bbotk]  0.8568599          <list[1]> <list[1]>   0.225878
INFO  [16:42:43.870] [bbotk] Starting to optimize 1 parameter(s) with '<OptimizerBatchRandomSearch>' and '<TerminatorEvals> [n_evals=3, k=0]'
INFO  [16:42:43.888] [bbotk] Evaluating 1 configuration(s)
INFO  [16:42:44.240] [bbotk] Result of batch 1:
INFO  [16:42:44.243] [bbotk]    laplace classif.ce warnings errors runtime_learners
INFO  [16:42:44.243] [bbotk]  0.5122402  0.1714286        0      0            0.308
INFO  [16:42:44.243] [bbotk]                                 uhash
INFO  [16:42:44.243] [bbotk]  d71bab54-8993-4021-a46e-4fc659696a56
INFO  [16:42:44.249] [bbotk] Evaluating 1 configuration(s)
INFO  [16:42:44.647] [bbotk] Result of batch 2:
INFO  [16:42:44.648] [bbotk]    laplace classif.ce warnings errors runtime_learners
INFO  [16:42:44.648] [bbotk]  0.6914709  0.1714286        0      0            0.325
INFO  [16:42:44.648] [bbotk]                                 uhash
INFO  [16:42:44.648] [bbotk]  f840e9a0-4537-49c5-94ed-b02c65045f80
INFO  [16:42:44.650] [bbotk] Evaluating 1 configuration(s)
INFO  [16:42:45.046] [bbotk] Result of batch 3:
INFO  [16:42:45.047] [bbotk]    laplace classif.ce warnings errors runtime_learners
INFO  [16:42:45.047] [bbotk]  0.7907695  0.1714286        0      0            0.331
INFO  [16:42:45.047] [bbotk]                                 uhash
INFO  [16:42:45.047] [bbotk]  7dbef738-ee99-4dfe-9fa0-839624da8dce
INFO  [16:42:45.053] [bbotk] Finished optimizing after 3 evaluation(s)
INFO  [16:42:45.054] [bbotk] Result:
INFO  [16:42:45.055] [bbotk]    laplace learner_param_vals  x_domain classif.ce
INFO  [16:42:45.055] [bbotk]      <num>             <list>    <list>      <num>
INFO  [16:42:45.055] [bbotk]  0.5122402          <list[1]> <list[1]>  0.1714286
INFO  [16:42:45.151] [bbotk] Starting to optimize 1 parameter(s) with '<OptimizerBatchRandomSearch>' and '<TerminatorEvals> [n_evals=3, k=0]'
INFO  [16:42:45.157] [bbotk] Evaluating 1 configuration(s)
INFO  [16:42:45.486] [bbotk] Result of batch 1:
INFO  [16:42:45.487] [bbotk]    laplace classif.ce warnings errors runtime_learners
INFO  [16:42:45.487] [bbotk]  0.8631689  0.1447619        0      0            0.294
INFO  [16:42:45.487] [bbotk]                                 uhash
INFO  [16:42:45.487] [bbotk]  f789116f-e2c1-41de-86e4-13652d45b264
INFO  [16:42:45.490] [bbotk] Evaluating 1 configuration(s)
INFO  [16:42:45.851] [bbotk] Result of batch 2:
INFO  [16:42:45.854] [bbotk]    laplace classif.ce warnings errors runtime_learners
INFO  [16:42:45.854] [bbotk]  0.4765475  0.1447619        0      0            0.316
INFO  [16:42:45.854] [bbotk]                                 uhash
INFO  [16:42:45.854] [bbotk]  17f1ce4f-7efd-4e32-a159-19ae3fb0ab1c
INFO  [16:42:45.866] [bbotk] Evaluating 1 configuration(s)
INFO  [16:42:46.203] [bbotk] Result of batch 3:
INFO  [16:42:46.205] [bbotk]    laplace classif.ce warnings errors runtime_learners
INFO  [16:42:46.205] [bbotk]  0.1579976  0.1447619        0      0            0.286
INFO  [16:42:46.205] [bbotk]                                 uhash
INFO  [16:42:46.205] [bbotk]  c5a9306c-045c-446f-8a57-23ba6af7012c
INFO  [16:42:46.216] [bbotk] Finished optimizing after 3 evaluation(s)
INFO  [16:42:46.216] [bbotk] Result:
INFO  [16:42:46.217] [bbotk]    laplace learner_param_vals  x_domain classif.ce
INFO  [16:42:46.217] [bbotk]      <num>             <list>    <list>      <num>
INFO  [16:42:46.217] [bbotk]  0.8631689          <list[1]> <list[1]>  0.1447619
INFO  [16:42:46.331] [bbotk] Starting to optimize 1 parameter(s) with '<OptimizerBatchRandomSearch>' and '<TerminatorEvals> [n_evals=3, k=0]'
INFO  [16:42:46.343] [bbotk] Evaluating 1 configuration(s)
INFO  [16:42:46.722] [bbotk] Result of batch 1:
INFO  [16:42:46.724] [bbotk]    laplace classif.ce warnings errors runtime_learners
INFO  [16:42:46.724] [bbotk]  0.1505494  0.1247619        0      0            0.313
INFO  [16:42:46.724] [bbotk]                                 uhash
INFO  [16:42:46.724] [bbotk]  dfd3ef86-6a0b-41b1-944b-9df1f7047c1a
INFO  [16:42:46.727] [bbotk] Evaluating 1 configuration(s)
INFO  [16:42:47.054] [bbotk] Result of batch 2:
INFO  [16:42:47.055] [bbotk]    laplace classif.ce warnings errors runtime_learners
INFO  [16:42:47.055] [bbotk]  0.7517905  0.1247619        0      0            0.282
INFO  [16:42:47.055] [bbotk]                                 uhash
INFO  [16:42:47.055] [bbotk]  bdbc146d-8590-46f5-be6a-8f82ee4bc964
INFO  [16:42:47.057] [bbotk] Evaluating 1 configuration(s)
INFO  [16:42:47.450] [bbotk] Result of batch 3:
INFO  [16:42:47.451] [bbotk]    laplace classif.ce warnings errors runtime_learners
INFO  [16:42:47.451] [bbotk]  0.8997608  0.1247619        0      0            0.345
INFO  [16:42:47.451] [bbotk]                                 uhash
INFO  [16:42:47.451] [bbotk]  8a64a2dc-eee9-4af5-bef5-957f6050475a
INFO  [16:42:47.464] [bbotk] Finished optimizing after 3 evaluation(s)
INFO  [16:42:47.465] [bbotk] Result:
INFO  [16:42:47.465] [bbotk]    laplace learner_param_vals  x_domain classif.ce
INFO  [16:42:47.465] [bbotk]      <num>             <list>    <list>      <num>
INFO  [16:42:47.465] [bbotk]  0.1505494          <list[1]> <list[1]>  0.1247619
[1] -0.1277126
[1] 4.528711
Warning in value[[3L]](cond) :
  beta_calibration failed: uniroot endpoint sign mismatch.
This happened PipeOp classif.naive_bayes's $train()
[1] -4.982109
[1] 4.277602
[1] -0.05958661
[1] 5.803713
Warning in value[[3L]](cond) :
  beta_calibration failed: uniroot endpoint sign mismatch.
This happened PipeOp classif.naive_bayes's $train()
[1] -3.301896
[1] 3.254163
[1] -1.360908
[1] 2.842623
Warning in value[[3L]](cond) :
  beta_calibration failed: uniroot endpoint sign mismatch.
This happened PipeOp classif.naive_bayes's $train()

### [bt]: Job terminated successfully [batchtools job.id=833]
### [bt]: Starting job [batchtools job.id=834]
### [bt]: Generating problem instance for problem '698720b8ce42ae0c' ...
### [bt]: Applying algorithm 'run_learner' on problem '698720b8ce42ae0c' for job 834 (seed = 835) ...
INFO  [16:42:47.953] [mlr3] Applying learner 'classif.naive_bayes.tuned_calib.perfold_beta' on task 'pc4' (iter 4/10)
INFO  [16:42:48.004] [bbotk] Starting to optimize 1 parameter(s) with '<OptimizerBatchRandomSearch>' and '<TerminatorEvals> [n_evals=3, k=0]'
INFO  [16:42:48.017] [bbotk] Evaluating 1 configuration(s)
INFO  [16:42:48.392] [bbotk] Result of batch 1:
INFO  [16:42:48.393] [bbotk]    laplace classif.ce warnings errors runtime_learners
INFO  [16:42:48.393] [bbotk]  0.7815344  0.1755001        0      0            0.298
INFO  [16:42:48.393] [bbotk]                                 uhash
INFO  [16:42:48.393] [bbotk]  98511dbe-5238-42d7-9061-312f013cfa41
INFO  [16:42:48.396] [bbotk] Evaluating 1 configuration(s)
INFO  [16:42:48.800] [bbotk] Result of batch 2:
INFO  [16:42:48.801] [bbotk]    laplace classif.ce warnings errors runtime_learners
INFO  [16:42:48.801] [bbotk]  0.2707672  0.1755001        0      0            0.354
INFO  [16:42:48.801] [bbotk]                                 uhash
INFO  [16:42:48.801] [bbotk]  dd03fa43-2e1b-4176-a712-563244002075
INFO  [16:42:48.808] [bbotk] Evaluating 1 configuration(s)
INFO  [16:42:49.150] [bbotk] Result of batch 3:
INFO  [16:42:49.151] [bbotk]   laplace classif.ce warnings errors runtime_learners
INFO  [16:42:49.151] [bbotk]  0.536785  0.1755001        0      0            0.297
INFO  [16:42:49.151] [bbotk]                                 uhash
INFO  [16:42:49.151] [bbotk]  485f805e-c885-4ac3-9d49-106b33fff8c3
INFO  [16:42:49.161] [bbotk] Finished optimizing after 3 evaluation(s)
INFO  [16:42:49.162] [bbotk] Result:
INFO  [16:42:49.164] [bbotk]    laplace learner_param_vals  x_domain classif.ce
INFO  [16:42:49.164] [bbotk]      <num>             <list>    <list>      <num>
INFO  [16:42:49.164] [bbotk]  0.7815344          <list[1]> <list[1]>  0.1755001
INFO  [16:42:49.293] [bbotk] Starting to optimize 1 parameter(s) with '<OptimizerBatchRandomSearch>' and '<TerminatorEvals> [n_evals=3, k=0]'
INFO  [16:42:49.302] [bbotk] Evaluating 1 configuration(s)
INFO  [16:42:49.894] [bbotk] Result of batch 1:
INFO  [16:42:49.895] [bbotk]    laplace classif.ce warnings errors runtime_learners
INFO  [16:42:49.895] [bbotk]  0.3595425  0.1707218        0      0            0.551
INFO  [16:42:49.895] [bbotk]                                 uhash
INFO  [16:42:49.895] [bbotk]  a0dbcf20-44c1-4ace-8b03-8d676d27379f
INFO  [16:42:49.899] [bbotk] Evaluating 1 configuration(s)
INFO  [16:42:50.182] [bbotk] Result of batch 2:
INFO  [16:42:50.183] [bbotk]    laplace classif.ce warnings errors runtime_learners
INFO  [16:42:50.183] [bbotk]  0.1774823  0.1707218        0      0            0.245
INFO  [16:42:50.183] [bbotk]                                 uhash
INFO  [16:42:50.183] [bbotk]  a36440ab-8f6d-44aa-8de8-59592d50d1f7
INFO  [16:42:50.185] [bbotk] Evaluating 1 configuration(s)
INFO  [16:42:50.467] [bbotk] Result of batch 3:
INFO  [16:42:50.468] [bbotk]   laplace classif.ce warnings errors runtime_learners
INFO  [16:42:50.468] [bbotk]  0.574525  0.1707218        0      0            0.235
INFO  [16:42:50.468] [bbotk]                                 uhash
INFO  [16:42:50.468] [bbotk]  d6c0189b-8961-4149-be16-349d5d6d6334
INFO  [16:42:50.481] [bbotk] Finished optimizing after 3 evaluation(s)
INFO  [16:42:50.482] [bbotk] Result:
INFO  [16:42:50.484] [bbotk]    laplace learner_param_vals  x_domain classif.ce
INFO  [16:42:50.484] [bbotk]      <num>             <list>    <list>      <num>
INFO  [16:42:50.484] [bbotk]  0.3595425          <list[1]> <list[1]>  0.1707218
INFO  [16:42:50.665] [bbotk] Starting to optimize 1 parameter(s) with '<OptimizerBatchRandomSearch>' and '<TerminatorEvals> [n_evals=3, k=0]'
INFO  [16:42:50.672] [bbotk] Evaluating 1 configuration(s)
INFO  [16:42:51.071] [bbotk] Result of batch 1:
INFO  [16:42:51.073] [bbotk]    laplace classif.ce warnings errors runtime_learners
INFO  [16:42:51.073] [bbotk]  0.1376306  0.1638095        0      0            0.334
INFO  [16:42:51.073] [bbotk]                                 uhash
INFO  [16:42:51.073] [bbotk]  f8c8ee09-475d-439a-9bdb-4d4c8d751f34
INFO  [16:42:51.079] [bbotk] Evaluating 1 configuration(s)
INFO  [16:42:51.458] [bbotk] Result of batch 2:
INFO  [16:42:51.459] [bbotk]    laplace classif.ce warnings errors runtime_learners
INFO  [16:42:51.459] [bbotk]  0.1811619  0.1638095        0      0             0.33
INFO  [16:42:51.459] [bbotk]                                 uhash
INFO  [16:42:51.459] [bbotk]  27746b94-0007-4874-9fbf-5e902b58d0f7
INFO  [16:42:51.461] [bbotk] Evaluating 1 configuration(s)
INFO  [16:42:51.810] [bbotk] Result of batch 3:
INFO  [16:42:51.811] [bbotk]    laplace classif.ce warnings errors runtime_learners
INFO  [16:42:51.811] [bbotk]  0.3967155  0.1638095        0      0            0.312
INFO  [16:42:51.811] [bbotk]                                 uhash
INFO  [16:42:51.811] [bbotk]  9eb353bd-4288-46fc-be09-37a3625cf21e
INFO  [16:42:51.820] [bbotk] Finished optimizing after 3 evaluation(s)
INFO  [16:42:51.821] [bbotk] Result:
INFO  [16:42:51.823] [bbotk]    laplace learner_param_vals  x_domain classif.ce
INFO  [16:42:51.823] [bbotk]      <num>             <list>    <list>      <num>
INFO  [16:42:51.823] [bbotk]  0.1376306          <list[1]> <list[1]>  0.1638095
INFO  [16:42:51.942] [bbotk] Starting to optimize 1 parameter(s) with '<OptimizerBatchRandomSearch>' and '<TerminatorEvals> [n_evals=3, k=0]'
INFO  [16:42:51.956] [bbotk] Evaluating 1 configuration(s)
INFO  [16:42:52.261] [bbotk] Result of batch 1:
INFO  [16:42:52.262] [bbotk]    laplace classif.ce warnings errors runtime_learners
INFO  [16:42:52.262] [bbotk]  0.1836585  0.1314286        0      0            0.264
INFO  [16:42:52.262] [bbotk]                                 uhash
INFO  [16:42:52.262] [bbotk]  d17b7fdb-57b3-4e8b-9489-c7076b07b09c
INFO  [16:42:52.264] [bbotk] Evaluating 1 configuration(s)
INFO  [16:42:52.576] [bbotk] Result of batch 2:
INFO  [16:42:52.577] [bbotk]    laplace classif.ce warnings errors runtime_learners
INFO  [16:42:52.577] [bbotk]  0.5068917  0.1314286        0      0            0.265
INFO  [16:42:52.577] [bbotk]                                 uhash
INFO  [16:42:52.577] [bbotk]  6c3bd2e8-ef98-4686-8169-ac174bb8be96
INFO  [16:42:52.579] [bbotk] Evaluating 1 configuration(s)
INFO  [16:42:52.964] [bbotk] Result of batch 3:
INFO  [16:42:52.975] [bbotk]    laplace classif.ce warnings errors runtime_learners
INFO  [16:42:52.975] [bbotk]  0.9113375  0.1314286        0      0            0.331
INFO  [16:42:52.975] [bbotk]                                 uhash
INFO  [16:42:52.975] [bbotk]  bbdd43ea-082d-463b-bfe8-6b8ba35ce752
INFO  [16:42:52.990] [bbotk] Finished optimizing after 3 evaluation(s)
INFO  [16:42:52.990] [bbotk] Result:
INFO  [16:42:52.991] [bbotk]    laplace learner_param_vals  x_domain classif.ce
INFO  [16:42:52.991] [bbotk]      <num>             <list>    <list>      <num>
INFO  [16:42:52.991] [bbotk]  0.1836585          <list[1]> <list[1]>  0.1314286
INFO  [16:42:53.105] [bbotk] Starting to optimize 1 parameter(s) with '<OptimizerBatchRandomSearch>' and '<TerminatorEvals> [n_evals=3, k=0]'
INFO  [16:42:53.120] [bbotk] Evaluating 1 configuration(s)
INFO  [16:42:53.511] [bbotk] Result of batch 1:
INFO  [16:42:53.514] [bbotk]    laplace classif.ce warnings errors runtime_learners
INFO  [16:42:53.514] [bbotk]  0.6462694  0.1371429        0      0            0.332
INFO  [16:42:53.514] [bbotk]                                 uhash
INFO  [16:42:53.514] [bbotk]  e09579dd-3a80-4f81-a83f-95d75eacd263
INFO  [16:42:53.522] [bbotk] Evaluating 1 configuration(s)
INFO  [16:42:53.884] [bbotk] Result of batch 2:
INFO  [16:42:53.886] [bbotk]    laplace classif.ce warnings errors runtime_learners
INFO  [16:42:53.886] [bbotk]  0.7651594  0.1371429        0      0            0.296
INFO  [16:42:53.886] [bbotk]                                 uhash
INFO  [16:42:53.886] [bbotk]  b6db23ed-8bc0-46b3-b8e9-fffca28b6468
INFO  [16:42:53.889] [bbotk] Evaluating 1 configuration(s)
INFO  [16:42:54.240] [bbotk] Result of batch 3:
INFO  [16:42:54.241] [bbotk]    laplace classif.ce warnings errors runtime_learners
INFO  [16:42:54.241] [bbotk]  0.4362969  0.1371429        0      0             0.31
INFO  [16:42:54.241] [bbotk]                                 uhash
INFO  [16:42:54.241] [bbotk]  66366b32-5ace-4933-a01e-66c9278fdf88
INFO  [16:42:54.257] [bbotk] Finished optimizing after 3 evaluation(s)
INFO  [16:42:54.257] [bbotk] Result:
INFO  [16:42:54.258] [bbotk]    laplace learner_param_vals  x_domain classif.ce
INFO  [16:42:54.258] [bbotk]      <num>             <list>    <list>      <num>
INFO  [16:42:54.258] [bbotk]  0.6462694          <list[1]> <list[1]>  0.1371429
[1] -2.984959
[1] 2.696067
[1] -7.388771
[1] 2.236788
[1] -1.896614
[1] 6.255324
[1] -0.3142192
[1] 3.82834
Warning in value[[3L]](cond) :
  beta_calibration failed: uniroot endpoint sign mismatch.
This happened PipeOp classif.naive_bayes's $train()
[1] 0.3872716
[1] 7.421788

### [bt]: Job terminated successfully [batchtools job.id=834]
### [bt]: Starting job [batchtools job.id=835]
### [bt]: Generating problem instance for problem '698720b8ce42ae0c' ...
### [bt]: Applying algorithm 'run_learner' on problem '698720b8ce42ae0c' for job 835 (seed = 836) ...
INFO  [16:42:54.767] [mlr3] Applying learner 'classif.naive_bayes.tuned_calib.perfold_beta' on task 'pc4' (iter 5/10)
INFO  [16:42:54.834] [bbotk] Starting to optimize 1 parameter(s) with '<OptimizerBatchRandomSearch>' and '<TerminatorEvals> [n_evals=3, k=0]'
INFO  [16:42:54.841] [bbotk] Evaluating 1 configuration(s)
INFO  [16:42:55.192] [bbotk] Result of batch 1:
INFO  [16:42:55.193] [bbotk]    laplace classif.ce warnings errors runtime_learners
INFO  [16:42:55.193] [bbotk]  0.2536211  0.1277255        0      0              0.3
INFO  [16:42:55.193] [bbotk]                                 uhash
INFO  [16:42:55.193] [bbotk]  c3696076-1050-4b4f-8a8c-66e3549bcbd2
INFO  [16:42:55.195] [bbotk] Evaluating 1 configuration(s)
INFO  [16:42:55.549] [bbotk] Result of batch 2:
INFO  [16:42:55.551] [bbotk]    laplace classif.ce warnings errors runtime_learners
INFO  [16:42:55.551] [bbotk]  0.5295972  0.1277255        0      0            0.305
INFO  [16:42:55.551] [bbotk]                                 uhash
INFO  [16:42:55.551] [bbotk]  2e4fa846-e359-4e91-9511-2bb10846969b
INFO  [16:42:55.554] [bbotk] Evaluating 1 configuration(s)
INFO  [16:42:55.912] [bbotk] Result of batch 3:
INFO  [16:42:55.914] [bbotk]    laplace classif.ce warnings errors runtime_learners
INFO  [16:42:55.914] [bbotk]  0.3611609  0.1277255        0      0            0.315
INFO  [16:42:55.914] [bbotk]                                 uhash
INFO  [16:42:55.914] [bbotk]  95a6f24b-4c94-46aa-86c2-5350669a2b16
INFO  [16:42:55.927] [bbotk] Finished optimizing after 3 evaluation(s)
INFO  [16:42:55.927] [bbotk] Result:
INFO  [16:42:55.928] [bbotk]    laplace learner_param_vals  x_domain classif.ce
INFO  [16:42:55.928] [bbotk]      <num>             <list>    <list>      <num>
INFO  [16:42:55.928] [bbotk]  0.2536211          <list[1]> <list[1]>  0.1277255
INFO  [16:42:56.040] [bbotk] Starting to optimize 1 parameter(s) with '<OptimizerBatchRandomSearch>' and '<TerminatorEvals> [n_evals=3, k=0]'
INFO  [16:42:56.048] [bbotk] Evaluating 1 configuration(s)
INFO  [16:42:56.423] [bbotk] Result of batch 1:
INFO  [16:42:56.424] [bbotk]    laplace classif.ce warnings errors runtime_learners
INFO  [16:42:56.424] [bbotk]  0.2266949  0.1572356        0      0            0.329
INFO  [16:42:56.424] [bbotk]                                 uhash
INFO  [16:42:56.424] [bbotk]  a9e700e0-bde2-4169-b85c-921292bce2e0
INFO  [16:42:56.427] [bbotk] Evaluating 1 configuration(s)
INFO  [16:42:56.818] [bbotk] Result of batch 2:
INFO  [16:42:56.819] [bbotk]    laplace classif.ce warnings errors runtime_learners
INFO  [16:42:56.819] [bbotk]  0.4023723  0.1572356        0      0             0.35
INFO  [16:42:56.819] [bbotk]                                 uhash
INFO  [16:42:56.819] [bbotk]  7b9ee307-e3db-46dd-9bc3-972674c4b4b2
INFO  [16:42:56.821] [bbotk] Evaluating 1 configuration(s)
INFO  [16:42:57.179] [bbotk] Result of batch 3:
INFO  [16:42:57.188] [bbotk]    laplace classif.ce warnings errors runtime_learners
INFO  [16:42:57.188] [bbotk]  0.1047793  0.1572356        0      0            0.305
INFO  [16:42:57.188] [bbotk]                                 uhash
INFO  [16:42:57.188] [bbotk]  688fa3f2-f946-4b9e-b30a-7b5a4f3893d2
INFO  [16:42:57.211] [bbotk] Finished optimizing after 3 evaluation(s)
INFO  [16:42:57.211] [bbotk] Result:
INFO  [16:42:57.213] [bbotk]    laplace learner_param_vals  x_domain classif.ce
INFO  [16:42:57.213] [bbotk]      <num>             <list>    <list>      <num>
INFO  [16:42:57.213] [bbotk]  0.2266949          <list[1]> <list[1]>  0.1572356
INFO  [16:42:57.333] [bbotk] Starting to optimize 1 parameter(s) with '<OptimizerBatchRandomSearch>' and '<TerminatorEvals> [n_evals=3, k=0]'
INFO  [16:42:57.343] [bbotk] Evaluating 1 configuration(s)
INFO  [16:42:57.752] [bbotk] Result of batch 1:
INFO  [16:42:57.753] [bbotk]    laplace classif.ce warnings errors runtime_learners
INFO  [16:42:57.753] [bbotk]  0.8637315   0.152381        0      0            0.335
INFO  [16:42:57.753] [bbotk]                                 uhash
INFO  [16:42:57.753] [bbotk]  20802a78-dae1-4853-a1f1-11fe549c08d2
INFO  [16:42:57.756] [bbotk] Evaluating 1 configuration(s)
INFO  [16:42:58.082] [bbotk] Result of batch 2:
INFO  [16:42:58.083] [bbotk]    laplace classif.ce warnings errors runtime_learners
INFO  [16:42:58.083] [bbotk]  0.1868076   0.152381        0      0            0.285
INFO  [16:42:58.083] [bbotk]                                 uhash
INFO  [16:42:58.083] [bbotk]  17936048-c060-493b-8cc4-8b3d42127fe7
INFO  [16:42:58.088] [bbotk] Evaluating 1 configuration(s)
INFO  [16:42:58.486] [bbotk] Result of batch 3:
INFO  [16:42:58.487] [bbotk]    laplace classif.ce warnings errors runtime_learners
INFO  [16:42:58.487] [bbotk]  0.3257897   0.152381        0      0            0.359
INFO  [16:42:58.487] [bbotk]                                 uhash
INFO  [16:42:58.487] [bbotk]  444a7f2e-144f-4c03-a9e2-f17127814061
INFO  [16:42:58.500] [bbotk] Finished optimizing after 3 evaluation(s)
INFO  [16:42:58.501] [bbotk] Result:
INFO  [16:42:58.501] [bbotk]    laplace learner_param_vals  x_domain classif.ce
INFO  [16:42:58.501] [bbotk]      <num>             <list>    <list>      <num>
INFO  [16:42:58.501] [bbotk]  0.8637315          <list[1]> <list[1]>   0.152381
INFO  [16:42:58.643] [bbotk] Starting to optimize 1 parameter(s) with '<OptimizerBatchRandomSearch>' and '<TerminatorEvals> [n_evals=3, k=0]'
INFO  [16:42:58.651] [bbotk] Evaluating 1 configuration(s)
INFO  [16:42:59.071] [bbotk] Result of batch 1:
INFO  [16:42:59.072] [bbotk]   laplace classif.ce warnings errors runtime_learners
INFO  [16:42:59.072] [bbotk]  0.872388  0.1266667        0      0            0.366
INFO  [16:42:59.072] [bbotk]                                 uhash
INFO  [16:42:59.072] [bbotk]  852d6513-5d2d-4f88-9b8a-4afa323147f5
INFO  [16:42:59.074] [bbotk] Evaluating 1 configuration(s)
INFO  [16:42:59.375] [bbotk] Result of batch 2:
INFO  [16:42:59.376] [bbotk]    laplace classif.ce warnings errors runtime_learners
INFO  [16:42:59.376] [bbotk]  0.4701851  0.1266667        0      0            0.263
INFO  [16:42:59.376] [bbotk]                                 uhash
INFO  [16:42:59.376] [bbotk]  e8e1a03b-416f-489b-b532-3b528142a4a0
INFO  [16:42:59.380] [bbotk] Evaluating 1 configuration(s)
INFO  [16:42:59.714] [bbotk] Result of batch 3:
INFO  [16:42:59.715] [bbotk]    laplace classif.ce warnings errors runtime_learners
INFO  [16:42:59.715] [bbotk]  0.5173817  0.1266667        0      0            0.291
INFO  [16:42:59.715] [bbotk]                                 uhash
INFO  [16:42:59.715] [bbotk]  b4de7d4b-7fb1-4181-b3b1-fb7898c92fba
INFO  [16:42:59.728] [bbotk] Finished optimizing after 3 evaluation(s)
INFO  [16:42:59.729] [bbotk] Result:
INFO  [16:42:59.730] [bbotk]   laplace learner_param_vals  x_domain classif.ce
INFO  [16:42:59.730] [bbotk]     <num>             <list>    <list>      <num>
INFO  [16:42:59.730] [bbotk]  0.872388          <list[1]> <list[1]>  0.1266667
INFO  [16:42:59.842] [bbotk] Starting to optimize 1 parameter(s) with '<OptimizerBatchRandomSearch>' and '<TerminatorEvals> [n_evals=3, k=0]'
INFO  [16:42:59.849] [bbotk] Evaluating 1 configuration(s)
INFO  [16:43:00.211] [bbotk] Result of batch 1:
INFO  [16:43:00.212] [bbotk]    laplace classif.ce warnings errors runtime_learners
INFO  [16:43:00.212] [bbotk]  0.9367898  0.1466667        0      0            0.311
INFO  [16:43:00.212] [bbotk]                                 uhash
INFO  [16:43:00.212] [bbotk]  4bc0cd71-daf8-4a55-b2df-f6f7618fa950
INFO  [16:43:00.215] [bbotk] Evaluating 1 configuration(s)
INFO  [16:43:00.538] [bbotk] Result of batch 2:
INFO  [16:43:00.538] [bbotk]    laplace classif.ce warnings errors runtime_learners
INFO  [16:43:00.538] [bbotk]  0.5293129  0.1466667        0      0            0.284
INFO  [16:43:00.538] [bbotk]                                 uhash
INFO  [16:43:00.538] [bbotk]  f6d41795-2eee-4d31-a336-377963454061
INFO  [16:43:00.541] [bbotk] Evaluating 1 configuration(s)
INFO  [16:43:00.914] [bbotk] Result of batch 3:
INFO  [16:43:00.915] [bbotk]    laplace classif.ce warnings errors runtime_learners
INFO  [16:43:00.915] [bbotk]  0.5972101  0.1466667        0      0            0.332
INFO  [16:43:00.915] [bbotk]                                 uhash
INFO  [16:43:00.915] [bbotk]  dab2c290-9c8c-43fc-ac0b-42c6aa650660
INFO  [16:43:00.921] [bbotk] Finished optimizing after 3 evaluation(s)
INFO  [16:43:00.921] [bbotk] Result:
INFO  [16:43:00.923] [bbotk]    laplace learner_param_vals  x_domain classif.ce
INFO  [16:43:00.923] [bbotk]      <num>             <list>    <list>      <num>
INFO  [16:43:00.923] [bbotk]  0.9367898          <list[1]> <list[1]>  0.1466667
[1] -0.2569177
[1] 4.93051
Warning in value[[3L]](cond) :
  beta_calibration failed: uniroot endpoint sign mismatch.
This happened PipeOp classif.naive_bayes's $train()
[1] -2.281112
[1] 2.275684
[1] -2.134131
[1] 7.497938
[1] 0.1249836
[1] 5.592832
[1] -0.09599736
[1] 5.708085
Warning in value[[3L]](cond) :
  beta_calibration failed: uniroot endpoint sign mismatch.
This happened PipeOp classif.naive_bayes's $train()

### [bt]: Job terminated successfully [batchtools job.id=835]
### [bt]: Calculation finished!
