### [bt]: This is batchtools v0.9.17
### [bt]: Starting calculation of 5 jobs
### [bt]: Setting working directory to '/Users/User/Documents/Studium/Semester8/Hiwi/mlr3calibration/vignettes'
### [bt]: Memory measurement disabled
### [bt]: Starting job [batchtools job.id=2926]
### [bt]: Generating problem instance for problem '6390d9e81da17366' ...
### [bt]: Applying algorithm 'run_learner' on problem '6390d9e81da17366' for job 2926 (seed = 2927) ...
INFO  [17:24:50.191] [mlr3] Applying learner 'classif.ranger.tuned_calib.perfold_isotonic' on task 'qsar-biodeg' (iter 6/10)
INFO  [17:24:50.231] [bbotk] Starting to optimize 1 parameter(s) with '<OptimizerBatchRandomSearch>' and '<TerminatorEvals> [n_evals=3, k=0]'
INFO  [17:24:50.237] [bbotk] Evaluating 1 configuration(s)
INFO  [17:24:50.413] [bbotk] Result of batch 1:
INFO  [17:24:50.414] [bbotk]  num.trees classif.ce warnings errors runtime_learners
INFO  [17:24:50.414] [bbotk]        129  0.1341851        0      0            0.129
INFO  [17:24:50.414] [bbotk]                                 uhash
INFO  [17:24:50.414] [bbotk]  d2d02a9f-4a16-436c-81cf-b736c2cd0391
INFO  [17:24:50.416] [bbotk] Evaluating 1 configuration(s)
INFO  [17:24:50.747] [bbotk] Result of batch 2:
INFO  [17:24:50.748] [bbotk]  num.trees classif.ce warnings errors runtime_learners
INFO  [17:24:50.748] [bbotk]        376  0.1381117        0      0            0.293
INFO  [17:24:50.748] [bbotk]                                 uhash
INFO  [17:24:50.748] [bbotk]  c0a45e3a-18ee-44f4-b9e5-f7fc044a62f3
INFO  [17:24:50.750] [bbotk] Evaluating 1 configuration(s)
INFO  [17:24:51.016] [bbotk] Result of batch 3:
INFO  [17:24:51.017] [bbotk]  num.trees classif.ce warnings errors runtime_learners
INFO  [17:24:51.017] [bbotk]        263  0.1367942        0      0            0.206
INFO  [17:24:51.017] [bbotk]                                 uhash
INFO  [17:24:51.017] [bbotk]  486ff696-3e16-4ae6-bdf9-68c42dc31168
INFO  [17:24:51.027] [bbotk] Finished optimizing after 3 evaluation(s)
INFO  [17:24:51.027] [bbotk] Result:
INFO  [17:24:51.028] [bbotk]  num.trees learner_param_vals  x_domain classif.ce
INFO  [17:24:51.028] [bbotk]      <int>             <list>    <list>      <num>
INFO  [17:24:51.028] [bbotk]        129          <list[2]> <list[1]>  0.1341851
INFO  [17:24:51.141] [bbotk] Starting to optimize 1 parameter(s) with '<OptimizerBatchRandomSearch>' and '<TerminatorEvals> [n_evals=3, k=0]'
INFO  [17:24:51.147] [bbotk] Evaluating 1 configuration(s)
INFO  [17:24:51.591] [bbotk] Result of batch 1:
INFO  [17:24:51.592] [bbotk]  num.trees classif.ce warnings errors runtime_learners
INFO  [17:24:51.592] [bbotk]        453   0.135487        0      0            0.402
INFO  [17:24:51.592] [bbotk]                                 uhash
INFO  [17:24:51.592] [bbotk]  8aca5ecc-1569-4234-8dd7-e38fe3e5e9fe
INFO  [17:24:51.597] [bbotk] Evaluating 1 configuration(s)
INFO  [17:24:51.985] [bbotk] Result of batch 2:
INFO  [17:24:51.987] [bbotk]  num.trees classif.ce warnings errors runtime_learners
INFO  [17:24:51.987] [bbotk]        411  0.1407675        0      0            0.347
INFO  [17:24:51.987] [bbotk]                                 uhash
INFO  [17:24:51.987] [bbotk]  4500ab84-3993-4405-a449-6c244140608f
INFO  [17:24:51.989] [bbotk] Evaluating 1 configuration(s)
INFO  [17:24:52.219] [bbotk] Result of batch 3:
INFO  [17:24:52.220] [bbotk]  num.trees classif.ce warnings errors runtime_learners
INFO  [17:24:52.220] [bbotk]        198  0.1328623        0      0            0.186
INFO  [17:24:52.220] [bbotk]                                 uhash
INFO  [17:24:52.220] [bbotk]  5c8aeac3-398c-4bf5-9384-a5e449045569
INFO  [17:24:52.233] [bbotk] Finished optimizing after 3 evaluation(s)
INFO  [17:24:52.234] [bbotk] Result:
INFO  [17:24:52.234] [bbotk]  num.trees learner_param_vals  x_domain classif.ce
INFO  [17:24:52.234] [bbotk]      <int>             <list>    <list>      <num>
INFO  [17:24:52.234] [bbotk]        198          <list[2]> <list[1]>  0.1328623
INFO  [17:24:52.353] [bbotk] Starting to optimize 1 parameter(s) with '<OptimizerBatchRandomSearch>' and '<TerminatorEvals> [n_evals=3, k=0]'
INFO  [17:24:52.360] [bbotk] Evaluating 1 configuration(s)
INFO  [17:24:52.575] [bbotk] Result of batch 1:
INFO  [17:24:52.576] [bbotk]  num.trees classif.ce warnings errors runtime_learners
INFO  [17:24:52.576] [bbotk]        151  0.1407415        0      0            0.167
INFO  [17:24:52.576] [bbotk]                                 uhash
INFO  [17:24:52.576] [bbotk]  e889a694-cd0e-46da-9616-63705ac28dd2
INFO  [17:24:52.579] [bbotk] Evaluating 1 configuration(s)
INFO  [17:24:52.771] [bbotk] Result of batch 2:
INFO  [17:24:52.771] [bbotk]  num.trees classif.ce warnings errors runtime_learners
INFO  [17:24:52.771] [bbotk]        199   0.139424        0      0            0.158
INFO  [17:24:52.771] [bbotk]                                 uhash
INFO  [17:24:52.771] [bbotk]  b1bdb2e9-f1fb-487c-9a4e-42529040aff9
INFO  [17:24:52.776] [bbotk] Evaluating 1 configuration(s)
INFO  [17:24:52.995] [bbotk] Result of batch 3:
INFO  [17:24:52.997] [bbotk]  num.trees classif.ce warnings errors runtime_learners
INFO  [17:24:52.997] [bbotk]        180  0.1407364        0      0             0.17
INFO  [17:24:52.997] [bbotk]                                 uhash
INFO  [17:24:52.997] [bbotk]  44a3e051-b837-4502-b32c-48447a79a6d1
INFO  [17:24:53.006] [bbotk] Finished optimizing after 3 evaluation(s)
INFO  [17:24:53.007] [bbotk] Result:
INFO  [17:24:53.007] [bbotk]  num.trees learner_param_vals  x_domain classif.ce
INFO  [17:24:53.007] [bbotk]      <int>             <list>    <list>      <num>
INFO  [17:24:53.007] [bbotk]        199          <list[2]> <list[1]>   0.139424
INFO  [17:24:53.156] [bbotk] Starting to optimize 1 parameter(s) with '<OptimizerBatchRandomSearch>' and '<TerminatorEvals> [n_evals=3, k=0]'
INFO  [17:24:53.162] [bbotk] Evaluating 1 configuration(s)
INFO  [17:24:53.537] [bbotk] Result of batch 1:
INFO  [17:24:53.538] [bbotk]  num.trees classif.ce warnings errors runtime_learners
INFO  [17:24:53.538] [bbotk]        396  0.1315656        0      0            0.339
INFO  [17:24:53.538] [bbotk]                                 uhash
INFO  [17:24:53.538] [bbotk]  9380e118-85d8-40ac-9b67-5dcb0ba7f8dc
INFO  [17:24:53.542] [bbotk] Evaluating 1 configuration(s)
INFO  [17:24:53.928] [bbotk] Result of batch 2:
INFO  [17:24:53.928] [bbotk]  num.trees classif.ce warnings errors runtime_learners
INFO  [17:24:53.928] [bbotk]        409  0.1328831        0      0            0.341
INFO  [17:24:53.928] [bbotk]                                 uhash
INFO  [17:24:53.928] [bbotk]  1ddae61c-145d-40b7-95d5-4b8b3efd37e8
INFO  [17:24:53.930] [bbotk] Evaluating 1 configuration(s)
INFO  [17:24:54.142] [bbotk] Result of batch 3:
INFO  [17:24:54.144] [bbotk]  num.trees classif.ce warnings errors runtime_learners
INFO  [17:24:54.144] [bbotk]        178  0.1341954        0      0            0.154
INFO  [17:24:54.144] [bbotk]                                 uhash
INFO  [17:24:54.144] [bbotk]  fe9b633c-91bb-44d4-9273-750f060b01ed
INFO  [17:24:54.152] [bbotk] Finished optimizing after 3 evaluation(s)
INFO  [17:24:54.152] [bbotk] Result:
INFO  [17:24:54.153] [bbotk]  num.trees learner_param_vals  x_domain classif.ce
INFO  [17:24:54.153] [bbotk]      <int>             <list>    <list>      <num>
INFO  [17:24:54.153] [bbotk]        396          <list[2]> <list[1]>  0.1315656
INFO  [17:24:54.338] [bbotk] Starting to optimize 1 parameter(s) with '<OptimizerBatchRandomSearch>' and '<TerminatorEvals> [n_evals=3, k=0]'
INFO  [17:24:54.343] [bbotk] Evaluating 1 configuration(s)
INFO  [17:24:54.782] [bbotk] Result of batch 1:
INFO  [17:24:54.783] [bbotk]  num.trees classif.ce warnings errors runtime_learners
INFO  [17:24:54.783] [bbotk]        488  0.1237123        0      0              0.4
INFO  [17:24:54.783] [bbotk]                                 uhash
INFO  [17:24:54.783] [bbotk]  ef5fa4df-c5ea-462f-a753-e535a8f33f0f
INFO  [17:24:54.785] [bbotk] Evaluating 1 configuration(s)
INFO  [17:24:55.194] [bbotk] Result of batch 2:
INFO  [17:24:55.195] [bbotk]  num.trees classif.ce warnings errors runtime_learners
INFO  [17:24:55.195] [bbotk]        454  0.1184318        0      0             0.36
INFO  [17:24:55.195] [bbotk]                                 uhash
INFO  [17:24:55.195] [bbotk]  146c6ca1-a619-4d38-93b4-c0f5d7c3c4a2
INFO  [17:24:55.197] [bbotk] Evaluating 1 configuration(s)
INFO  [17:24:55.362] [bbotk] Result of batch 3:
INFO  [17:24:55.363] [bbotk]  num.trees classif.ce warnings errors runtime_learners
INFO  [17:24:55.363] [bbotk]        128  0.1223948        0      0            0.124
INFO  [17:24:55.363] [bbotk]                                 uhash
INFO  [17:24:55.363] [bbotk]  83a30436-2ac0-480f-9a30-a2b999938072
INFO  [17:24:55.377] [bbotk] Finished optimizing after 3 evaluation(s)
INFO  [17:24:55.378] [bbotk] Result:
INFO  [17:24:55.379] [bbotk]  num.trees learner_param_vals  x_domain classif.ce
INFO  [17:24:55.379] [bbotk]      <int>             <list>    <list>      <num>
INFO  [17:24:55.379] [bbotk]        454          <list[2]> <list[1]>  0.1184318

### [bt]: Job terminated successfully [batchtools job.id=2926]
### [bt]: Starting job [batchtools job.id=2927]
### [bt]: Generating problem instance for problem '6390d9e81da17366' ...
### [bt]: Applying algorithm 'run_learner' on problem '6390d9e81da17366' for job 2927 (seed = 2928) ...
INFO  [17:24:55.874] [mlr3] Applying learner 'classif.ranger.tuned_calib.perfold_isotonic' on task 'qsar-biodeg' (iter 7/10)
INFO  [17:24:55.951] [bbotk] Starting to optimize 1 parameter(s) with '<OptimizerBatchRandomSearch>' and '<TerminatorEvals> [n_evals=3, k=0]'
INFO  [17:24:55.961] [bbotk] Evaluating 1 configuration(s)
INFO  [17:24:56.274] [bbotk] Result of batch 1:
INFO  [17:24:56.275] [bbotk]  num.trees classif.ce warnings errors runtime_learners
INFO  [17:24:56.275] [bbotk]        294  0.1447356        0      0             0.26
INFO  [17:24:56.275] [bbotk]                                 uhash
INFO  [17:24:56.275] [bbotk]  dc17000a-6bb0-4b4c-81a0-ebdf1e44c09a
INFO  [17:24:56.282] [bbotk] Evaluating 1 configuration(s)
INFO  [17:24:56.627] [bbotk] Result of batch 2:
INFO  [17:24:56.627] [bbotk]  num.trees classif.ce warnings errors runtime_learners
INFO  [17:24:56.627] [bbotk]        366  0.1460583        0      0            0.294
INFO  [17:24:56.627] [bbotk]                                 uhash
INFO  [17:24:56.627] [bbotk]  411c46b7-b749-4539-a76b-d142814c3c13
INFO  [17:24:56.629] [bbotk] Evaluating 1 configuration(s)
INFO  [17:24:57.056] [bbotk] Result of batch 3:
INFO  [17:24:57.058] [bbotk]  num.trees classif.ce warnings errors runtime_learners
INFO  [17:24:57.058] [bbotk]        492  0.1421058        0      0            0.378
INFO  [17:24:57.058] [bbotk]                                 uhash
INFO  [17:24:57.058] [bbotk]  5e2b7e1f-c4a3-4d24-9875-baad57d2a619
INFO  [17:24:57.070] [bbotk] Finished optimizing after 3 evaluation(s)
INFO  [17:24:57.070] [bbotk] Result:
INFO  [17:24:57.071] [bbotk]  num.trees learner_param_vals  x_domain classif.ce
INFO  [17:24:57.071] [bbotk]      <int>             <list>    <list>      <num>
INFO  [17:24:57.071] [bbotk]        492          <list[2]> <list[1]>  0.1421058
INFO  [17:24:57.390] [bbotk] Starting to optimize 1 parameter(s) with '<OptimizerBatchRandomSearch>' and '<TerminatorEvals> [n_evals=3, k=0]'
INFO  [17:24:57.400] [bbotk] Evaluating 1 configuration(s)
INFO  [17:24:57.756] [bbotk] Result of batch 1:
INFO  [17:24:57.756] [bbotk]  num.trees classif.ce warnings errors runtime_learners
INFO  [17:24:57.756] [bbotk]        402  0.1486882        0      0            0.298
INFO  [17:24:57.756] [bbotk]                                 uhash
INFO  [17:24:57.756] [bbotk]  16d28eac-c83d-4282-9aa7-ff99fa48ea2a
INFO  [17:24:57.759] [bbotk] Evaluating 1 configuration(s)
INFO  [17:24:58.039] [bbotk] Result of batch 2:
INFO  [17:24:58.041] [bbotk]  num.trees classif.ce warnings errors runtime_learners
INFO  [17:24:58.041] [bbotk]        259  0.1421109        0      0            0.218
INFO  [17:24:58.041] [bbotk]                                 uhash
INFO  [17:24:58.041] [bbotk]  3cebc559-c402-49f2-88ec-59b7ce4a3df8
INFO  [17:24:58.043] [bbotk] Evaluating 1 configuration(s)
INFO  [17:24:58.469] [bbotk] Result of batch 3:
INFO  [17:24:58.471] [bbotk]  num.trees classif.ce warnings errors runtime_learners
INFO  [17:24:58.471] [bbotk]        392  0.1486882        0      0            0.363
INFO  [17:24:58.471] [bbotk]                                 uhash
INFO  [17:24:58.471] [bbotk]  1c7b7fe2-c92f-4e98-8a83-3e62519d6699
INFO  [17:24:58.486] [bbotk] Finished optimizing after 3 evaluation(s)
INFO  [17:24:58.487] [bbotk] Result:
INFO  [17:24:58.489] [bbotk]  num.trees learner_param_vals  x_domain classif.ce
INFO  [17:24:58.489] [bbotk]      <int>             <list>    <list>      <num>
INFO  [17:24:58.489] [bbotk]        259          <list[2]> <list[1]>  0.1421109
INFO  [17:24:58.690] [bbotk] Starting to optimize 1 parameter(s) with '<OptimizerBatchRandomSearch>' and '<TerminatorEvals> [n_evals=3, k=0]'
INFO  [17:24:58.708] [bbotk] Evaluating 1 configuration(s)
INFO  [17:24:58.934] [bbotk] Result of batch 1:
INFO  [17:24:58.936] [bbotk]  num.trees classif.ce warnings errors runtime_learners
INFO  [17:24:58.936] [bbotk]        143  0.1434337        0      0            0.141
INFO  [17:24:58.936] [bbotk]                                 uhash
INFO  [17:24:58.936] [bbotk]  1a39e08f-7cc7-499f-aa91-ca67bec8664c
INFO  [17:24:58.940] [bbotk] Evaluating 1 configuration(s)
INFO  [17:24:59.212] [bbotk] Result of batch 2:
INFO  [17:24:59.212] [bbotk]  num.trees classif.ce warnings errors runtime_learners
INFO  [17:24:59.212] [bbotk]        245  0.1381739        0      0            0.207
INFO  [17:24:59.212] [bbotk]                                 uhash
INFO  [17:24:59.212] [bbotk]  f7c897fa-9059-49b2-9591-1d4321dea9ef
INFO  [17:24:59.215] [bbotk] Evaluating 1 configuration(s)
INFO  [17:24:59.488] [bbotk] Result of batch 3:
INFO  [17:24:59.490] [bbotk]  num.trees classif.ce warnings errors runtime_learners
INFO  [17:24:59.490] [bbotk]        252  0.1408142        0      0            0.206
INFO  [17:24:59.490] [bbotk]                                 uhash
INFO  [17:24:59.490] [bbotk]  033e4069-cc94-4d40-b86c-8d910184a19e
INFO  [17:24:59.497] [bbotk] Finished optimizing after 3 evaluation(s)
INFO  [17:24:59.498] [bbotk] Result:
INFO  [17:24:59.498] [bbotk]  num.trees learner_param_vals  x_domain classif.ce
INFO  [17:24:59.498] [bbotk]      <int>             <list>    <list>      <num>
INFO  [17:24:59.498] [bbotk]        245          <list[2]> <list[1]>  0.1381739
INFO  [17:24:59.671] [bbotk] Starting to optimize 1 parameter(s) with '<OptimizerBatchRandomSearch>' and '<TerminatorEvals> [n_evals=3, k=0]'
INFO  [17:24:59.678] [bbotk] Evaluating 1 configuration(s)
INFO  [17:25:00.032] [bbotk] Result of batch 1:
INFO  [17:25:00.033] [bbotk]  num.trees classif.ce warnings errors runtime_learners
INFO  [17:25:00.033] [bbotk]        345  0.1341954        0      0            0.309
INFO  [17:25:00.033] [bbotk]                                 uhash
INFO  [17:25:00.033] [bbotk]  95eee80c-98f1-4253-b1d9-aad4adaebf53
INFO  [17:25:00.036] [bbotk] Evaluating 1 configuration(s)
INFO  [17:25:00.432] [bbotk] Result of batch 2:
INFO  [17:25:00.433] [bbotk]  num.trees classif.ce warnings errors runtime_learners
INFO  [17:25:00.433] [bbotk]        416  0.1381376        0      0            0.351
INFO  [17:25:00.433] [bbotk]                                 uhash
INFO  [17:25:00.433] [bbotk]  1510343f-d177-4926-9d37-5363297900ee
INFO  [17:25:00.437] [bbotk] Evaluating 1 configuration(s)
INFO  [17:25:00.699] [bbotk] Result of batch 3:
INFO  [17:25:00.701] [bbotk]  num.trees classif.ce warnings errors runtime_learners
INFO  [17:25:00.701] [bbotk]        239  0.1460376        0      0            0.187
INFO  [17:25:00.701] [bbotk]                                 uhash
INFO  [17:25:00.701] [bbotk]  c1088006-a3ca-44b8-8888-12f5ed2832f2
INFO  [17:25:00.722] [bbotk] Finished optimizing after 3 evaluation(s)
INFO  [17:25:00.723] [bbotk] Result:
INFO  [17:25:00.724] [bbotk]  num.trees learner_param_vals  x_domain classif.ce
INFO  [17:25:00.724] [bbotk]      <int>             <list>    <list>      <num>
INFO  [17:25:00.724] [bbotk]        345          <list[2]> <list[1]>  0.1341954
INFO  [17:25:00.919] [bbotk] Starting to optimize 1 parameter(s) with '<OptimizerBatchRandomSearch>' and '<TerminatorEvals> [n_evals=3, k=0]'
INFO  [17:25:00.929] [bbotk] Evaluating 1 configuration(s)
INFO  [17:25:01.364] [bbotk] Result of batch 1:
INFO  [17:25:01.365] [bbotk]  num.trees classif.ce warnings errors runtime_learners
INFO  [17:25:01.365] [bbotk]        484   0.144746        0      0            0.381
INFO  [17:25:01.365] [bbotk]                                 uhash
INFO  [17:25:01.365] [bbotk]  cbaf2602-4b8e-47ab-b71d-1b5d132cac40
INFO  [17:25:01.368] [bbotk] Evaluating 1 configuration(s)
INFO  [17:25:01.600] [bbotk] Result of batch 2:
INFO  [17:25:01.601] [bbotk]  num.trees classif.ce warnings errors runtime_learners
INFO  [17:25:01.601] [bbotk]        178  0.1473707        0      0            0.187
INFO  [17:25:01.601] [bbotk]                                 uhash
INFO  [17:25:01.601] [bbotk]  73383a60-fca0-4269-9131-48d3f0beeeef
INFO  [17:25:01.605] [bbotk] Evaluating 1 configuration(s)
INFO  [17:25:01.783] [bbotk] Result of batch 3:
INFO  [17:25:01.784] [bbotk]  num.trees classif.ce warnings errors runtime_learners
INFO  [17:25:01.784] [bbotk]        111  0.1500057        0      0            0.122
INFO  [17:25:01.784] [bbotk]                                 uhash
INFO  [17:25:01.784] [bbotk]  c303df85-3e66-453a-9fa8-d6eea6423b5a
INFO  [17:25:01.800] [bbotk] Finished optimizing after 3 evaluation(s)
INFO  [17:25:01.800] [bbotk] Result:
INFO  [17:25:01.802] [bbotk]  num.trees learner_param_vals  x_domain classif.ce
INFO  [17:25:01.802] [bbotk]      <int>             <list>    <list>      <num>
INFO  [17:25:01.802] [bbotk]        484          <list[2]> <list[1]>   0.144746

### [bt]: Job terminated successfully [batchtools job.id=2927]
### [bt]: Starting job [batchtools job.id=2928]
### [bt]: Generating problem instance for problem '6390d9e81da17366' ...
### [bt]: Applying algorithm 'run_learner' on problem '6390d9e81da17366' for job 2928 (seed = 2929) ...
INFO  [17:25:02.431] [mlr3] Applying learner 'classif.ranger.tuned_calib.perfold_isotonic' on task 'qsar-biodeg' (iter 8/10)
INFO  [17:25:02.595] [bbotk] Starting to optimize 1 parameter(s) with '<OptimizerBatchRandomSearch>' and '<TerminatorEvals> [n_evals=3, k=0]'
INFO  [17:25:02.621] [bbotk] Evaluating 1 configuration(s)
INFO  [17:25:02.860] [bbotk] Result of batch 1:
INFO  [17:25:02.875] [bbotk]  num.trees classif.ce warnings errors runtime_learners
INFO  [17:25:02.875] [bbotk]        103   0.139507        0      0             0.15
INFO  [17:25:02.875] [bbotk]                                 uhash
INFO  [17:25:02.875] [bbotk]  e26b4e0f-fe6e-42a9-ad28-7ccec894d47f
INFO  [17:25:02.890] [bbotk] Evaluating 1 configuration(s)
INFO  [17:25:03.126] [bbotk] Result of batch 2:
INFO  [17:25:03.127] [bbotk]  num.trees classif.ce warnings errors runtime_learners
INFO  [17:25:03.127] [bbotk]        166  0.1434492        0      0             0.15
INFO  [17:25:03.127] [bbotk]                                 uhash
INFO  [17:25:03.127] [bbotk]  8e084d6b-dd13-48d7-81df-4f01dd5251d7
INFO  [17:25:03.129] [bbotk] Evaluating 1 configuration(s)
INFO  [17:25:03.487] [bbotk] Result of batch 3:
INFO  [17:25:03.487] [bbotk]  num.trees classif.ce warnings errors runtime_learners
INFO  [17:25:03.487] [bbotk]        396  0.1421369        0      0            0.314
INFO  [17:25:03.487] [bbotk]                                 uhash
INFO  [17:25:03.487] [bbotk]  b5f1910e-f28a-4795-b151-8c77ea5fa4c8
INFO  [17:25:03.501] [bbotk] Finished optimizing after 3 evaluation(s)
INFO  [17:25:03.501] [bbotk] Result:
INFO  [17:25:03.502] [bbotk]  num.trees learner_param_vals  x_domain classif.ce
INFO  [17:25:03.502] [bbotk]      <int>             <list>    <list>      <num>
INFO  [17:25:03.502] [bbotk]        103          <list[2]> <list[1]>   0.139507
INFO  [17:25:03.615] [bbotk] Starting to optimize 1 parameter(s) with '<OptimizerBatchRandomSearch>' and '<TerminatorEvals> [n_evals=3, k=0]'
INFO  [17:25:03.621] [bbotk] Evaluating 1 configuration(s)
INFO  [17:25:03.843] [bbotk] Result of batch 1:
INFO  [17:25:03.844] [bbotk]  num.trees classif.ce warnings errors runtime_learners
INFO  [17:25:03.844] [bbotk]        159   0.140809        0      0            0.154
INFO  [17:25:03.844] [bbotk]                                 uhash
INFO  [17:25:03.844] [bbotk]  04ea4c0f-2649-4bc7-82e0-61537dbafbdd
INFO  [17:25:03.848] [bbotk] Evaluating 1 configuration(s)
INFO  [17:25:04.136] [bbotk] Result of batch 2:
INFO  [17:25:04.137] [bbotk]  num.trees classif.ce warnings errors runtime_learners
INFO  [17:25:04.137] [bbotk]        247  0.1355544        0      0            0.238
INFO  [17:25:04.137] [bbotk]                                 uhash
INFO  [17:25:04.137] [bbotk]  4f621407-6711-4154-9dc7-37ec3cff6e1e
INFO  [17:25:04.139] [bbotk] Evaluating 1 configuration(s)
INFO  [17:25:04.359] [bbotk] Result of batch 3:
INFO  [17:25:04.362] [bbotk]  num.trees classif.ce warnings errors runtime_learners
INFO  [17:25:04.362] [bbotk]        218  0.1289616        0      0             0.17
INFO  [17:25:04.362] [bbotk]                                 uhash
INFO  [17:25:04.362] [bbotk]  e65dd024-cd52-47b5-bbf7-5cdfdd01be17
INFO  [17:25:04.379] [bbotk] Finished optimizing after 3 evaluation(s)
INFO  [17:25:04.379] [bbotk] Result:
INFO  [17:25:04.381] [bbotk]  num.trees learner_param_vals  x_domain classif.ce
INFO  [17:25:04.381] [bbotk]      <int>             <list>    <list>      <num>
INFO  [17:25:04.381] [bbotk]        218          <list[2]> <list[1]>  0.1289616
INFO  [17:25:04.572] [bbotk] Starting to optimize 1 parameter(s) with '<OptimizerBatchRandomSearch>' and '<TerminatorEvals> [n_evals=3, k=0]'
INFO  [17:25:04.578] [bbotk] Evaluating 1 configuration(s)
INFO  [17:25:04.965] [bbotk] Result of batch 1:
INFO  [17:25:04.968] [bbotk]  num.trees classif.ce warnings errors runtime_learners
INFO  [17:25:04.968] [bbotk]        406  0.1394603        0      0             0.33
INFO  [17:25:04.968] [bbotk]                                 uhash
INFO  [17:25:04.968] [bbotk]  dfb3e81e-092f-4be8-bd0b-84a645cbe69c
INFO  [17:25:04.973] [bbotk] Evaluating 1 configuration(s)
INFO  [17:25:05.179] [bbotk] Result of batch 2:
INFO  [17:25:05.180] [bbotk]  num.trees classif.ce warnings errors runtime_learners
INFO  [17:25:05.180] [bbotk]        170  0.1394603        0      0            0.143
INFO  [17:25:05.180] [bbotk]                                 uhash
INFO  [17:25:05.180] [bbotk]  853224d7-e7b7-4de7-9151-40ae204c67fe
INFO  [17:25:05.182] [bbotk] Evaluating 1 configuration(s)
INFO  [17:25:05.553] [bbotk] Result of batch 3:
INFO  [17:25:05.554] [bbotk]  num.trees classif.ce warnings errors runtime_learners
INFO  [17:25:05.554] [bbotk]        443  0.1381428        0      0            0.319
INFO  [17:25:05.554] [bbotk]                                 uhash
INFO  [17:25:05.554] [bbotk]  10420ae1-f82e-47c8-884e-a2184d077a01
INFO  [17:25:05.561] [bbotk] Finished optimizing after 3 evaluation(s)
INFO  [17:25:05.562] [bbotk] Result:
INFO  [17:25:05.562] [bbotk]  num.trees learner_param_vals  x_domain classif.ce
INFO  [17:25:05.562] [bbotk]      <int>             <list>    <list>      <num>
INFO  [17:25:05.562] [bbotk]        443          <list[2]> <list[1]>  0.1381428
INFO  [17:25:05.787] [bbotk] Starting to optimize 1 parameter(s) with '<OptimizerBatchRandomSearch>' and '<TerminatorEvals> [n_evals=3, k=0]'
INFO  [17:25:05.797] [bbotk] Evaluating 1 configuration(s)
INFO  [17:25:06.094] [bbotk] Result of batch 1:
INFO  [17:25:06.095] [bbotk]  num.trees classif.ce warnings errors runtime_learners
INFO  [17:25:06.095] [bbotk]        323  0.1276337        0      0            0.255
INFO  [17:25:06.095] [bbotk]                                 uhash
INFO  [17:25:06.095] [bbotk]  032c9a19-5d63-4257-8a9b-5e3fda4e0226
INFO  [17:25:06.097] [bbotk] Evaluating 1 configuration(s)
INFO  [17:25:06.322] [bbotk] Result of batch 2:
INFO  [17:25:06.324] [bbotk]  num.trees classif.ce warnings errors runtime_learners
INFO  [17:25:06.324] [bbotk]        228  0.1355078        0      0            0.181
INFO  [17:25:06.324] [bbotk]                                 uhash
INFO  [17:25:06.324] [bbotk]  8e5f4ebe-93da-4f2e-8469-41e0cd9c9e0a
INFO  [17:25:06.331] [bbotk] Evaluating 1 configuration(s)
INFO  [17:25:06.573] [bbotk] Result of batch 3:
INFO  [17:25:06.575] [bbotk]  num.trees classif.ce warnings errors runtime_learners
INFO  [17:25:06.575] [bbotk]        111  0.1342058        0      0             0.12
INFO  [17:25:06.575] [bbotk]                                 uhash
INFO  [17:25:06.575] [bbotk]  ba0f4c0a-55bc-418b-acdb-d211e15bdb08
INFO  [17:25:06.603] [bbotk] Finished optimizing after 3 evaluation(s)
INFO  [17:25:06.603] [bbotk] Result:
INFO  [17:25:06.604] [bbotk]  num.trees learner_param_vals  x_domain classif.ce
INFO  [17:25:06.604] [bbotk]      <int>             <list>    <list>      <num>
INFO  [17:25:06.604] [bbotk]        323          <list[2]> <list[1]>  0.1276337
INFO  [17:25:06.820] [bbotk] Starting to optimize 1 parameter(s) with '<OptimizerBatchRandomSearch>' and '<TerminatorEvals> [n_evals=3, k=0]'
INFO  [17:25:06.840] [bbotk] Evaluating 1 configuration(s)
INFO  [17:25:07.215] [bbotk] Result of batch 1:
INFO  [17:25:07.218] [bbotk]  num.trees classif.ce warnings errors runtime_learners
INFO  [17:25:07.218] [bbotk]        331  0.1394759        0      0            0.272
INFO  [17:25:07.218] [bbotk]                                 uhash
INFO  [17:25:07.218] [bbotk]  ca3c2adf-9318-4299-81e9-e7ae978c85a1
INFO  [17:25:07.226] [bbotk] Evaluating 1 configuration(s)
INFO  [17:25:07.617] [bbotk] Result of batch 2:
INFO  [17:25:07.618] [bbotk]  num.trees classif.ce warnings errors runtime_learners
INFO  [17:25:07.618] [bbotk]        444  0.1368564        0      0            0.329
INFO  [17:25:07.618] [bbotk]                                 uhash
INFO  [17:25:07.618] [bbotk]  a94c60c7-433d-409c-a8ff-e8b77c87df44
INFO  [17:25:07.620] [bbotk] Evaluating 1 configuration(s)
INFO  [17:25:07.810] [bbotk] Result of batch 3:
INFO  [17:25:07.811] [bbotk]  num.trees classif.ce warnings errors runtime_learners
INFO  [17:25:07.811] [bbotk]        182  0.1381636        0      0            0.133
INFO  [17:25:07.811] [bbotk]                                 uhash
INFO  [17:25:07.811] [bbotk]  cae981c9-e9a9-441b-9b78-d7f6bc53e92d
INFO  [17:25:07.824] [bbotk] Finished optimizing after 3 evaluation(s)
INFO  [17:25:07.825] [bbotk] Result:
INFO  [17:25:07.826] [bbotk]  num.trees learner_param_vals  x_domain classif.ce
INFO  [17:25:07.826] [bbotk]      <int>             <list>    <list>      <num>
INFO  [17:25:07.826] [bbotk]        444          <list[2]> <list[1]>  0.1368564

### [bt]: Job terminated successfully [batchtools job.id=2928]
### [bt]: Starting job [batchtools job.id=2929]
### [bt]: Generating problem instance for problem '6390d9e81da17366' ...
### [bt]: Applying algorithm 'run_learner' on problem '6390d9e81da17366' for job 2929 (seed = 2930) ...
INFO  [17:25:08.219] [mlr3] Applying learner 'classif.ranger.tuned_calib.perfold_isotonic' on task 'qsar-biodeg' (iter 9/10)
INFO  [17:25:08.340] [bbotk] Starting to optimize 1 parameter(s) with '<OptimizerBatchRandomSearch>' and '<TerminatorEvals> [n_evals=3, k=0]'
INFO  [17:25:08.346] [bbotk] Evaluating 1 configuration(s)
INFO  [17:25:08.682] [bbotk] Result of batch 1:
INFO  [17:25:08.682] [bbotk]  num.trees classif.ce warnings errors runtime_learners
INFO  [17:25:08.682] [bbotk]        328  0.1460376        0      0            0.282
INFO  [17:25:08.682] [bbotk]                                 uhash
INFO  [17:25:08.682] [bbotk]  96cd8d92-482a-447e-a201-a818da811a68
INFO  [17:25:08.688] [bbotk] Evaluating 1 configuration(s)
INFO  [17:25:08.915] [bbotk] Result of batch 2:
INFO  [17:25:08.917] [bbotk]  num.trees classif.ce warnings errors runtime_learners
INFO  [17:25:08.917] [bbotk]        201  0.1447097        0      0            0.177
INFO  [17:25:08.917] [bbotk]                                 uhash
INFO  [17:25:08.917] [bbotk]  5cfb2eb1-9c93-4ca1-863d-20eab4db9fbe
INFO  [17:25:08.923] [bbotk] Evaluating 1 configuration(s)
INFO  [17:25:09.347] [bbotk] Result of batch 3:
INFO  [17:25:09.348] [bbotk]  num.trees classif.ce warnings errors runtime_learners
INFO  [17:25:09.348] [bbotk]        466  0.1368097        0      0            0.382
INFO  [17:25:09.348] [bbotk]                                 uhash
INFO  [17:25:09.348] [bbotk]  1ca82158-de1e-42c1-9a87-1eb51e769f32
INFO  [17:25:09.354] [bbotk] Finished optimizing after 3 evaluation(s)
INFO  [17:25:09.354] [bbotk] Result:
INFO  [17:25:09.355] [bbotk]  num.trees learner_param_vals  x_domain classif.ce
INFO  [17:25:09.355] [bbotk]      <int>             <list>    <list>      <num>
INFO  [17:25:09.355] [bbotk]        466          <list[2]> <list[1]>  0.1368097
INFO  [17:25:09.578] [bbotk] Starting to optimize 1 parameter(s) with '<OptimizerBatchRandomSearch>' and '<TerminatorEvals> [n_evals=3, k=0]'
INFO  [17:25:09.583] [bbotk] Evaluating 1 configuration(s)
INFO  [17:25:09.805] [bbotk] Result of batch 1:
INFO  [17:25:09.807] [bbotk]  num.trees classif.ce warnings errors runtime_learners
INFO  [17:25:09.807] [bbotk]        220  0.1407986        0      0            0.174
INFO  [17:25:09.807] [bbotk]                                 uhash
INFO  [17:25:09.807] [bbotk]  6341e9e4-f339-4d12-ab6f-70a56978f1cd
INFO  [17:25:09.814] [bbotk] Evaluating 1 configuration(s)
INFO  [17:25:10.122] [bbotk] Result of batch 2:
INFO  [17:25:10.123] [bbotk]  num.trees classif.ce warnings errors runtime_learners
INFO  [17:25:10.123] [bbotk]        337  0.1368408        0      0            0.264
INFO  [17:25:10.123] [bbotk]                                 uhash
INFO  [17:25:10.123] [bbotk]  d05fc4c1-8110-460f-91e1-efb82ce74fa2
INFO  [17:25:10.126] [bbotk] Evaluating 1 configuration(s)
INFO  [17:25:10.449] [bbotk] Result of batch 3:
INFO  [17:25:10.451] [bbotk]  num.trees classif.ce warnings errors runtime_learners
INFO  [17:25:10.451] [bbotk]        336  0.1381532        0      0            0.269
INFO  [17:25:10.451] [bbotk]                                 uhash
INFO  [17:25:10.451] [bbotk]  11438ab4-80d0-4651-9b16-33fae0f1ebf8
INFO  [17:25:10.461] [bbotk] Finished optimizing after 3 evaluation(s)
INFO  [17:25:10.461] [bbotk] Result:
INFO  [17:25:10.462] [bbotk]  num.trees learner_param_vals  x_domain classif.ce
INFO  [17:25:10.462] [bbotk]      <int>             <list>    <list>      <num>
INFO  [17:25:10.462] [bbotk]        337          <list[2]> <list[1]>  0.1368408
INFO  [17:25:10.625] [bbotk] Starting to optimize 1 parameter(s) with '<OptimizerBatchRandomSearch>' and '<TerminatorEvals> [n_evals=3, k=0]'
INFO  [17:25:10.629] [bbotk] Evaluating 1 configuration(s)
INFO  [17:25:10.925] [bbotk] Result of batch 1:
INFO  [17:25:10.926] [bbotk]  num.trees classif.ce warnings errors runtime_learners
INFO  [17:25:10.926] [bbotk]        349  0.1460843        0      0            0.265
INFO  [17:25:10.926] [bbotk]                                 uhash
INFO  [17:25:10.926] [bbotk]  06f48b11-e1e1-464f-b040-f08356d71bca
INFO  [17:25:10.928] [bbotk] Evaluating 1 configuration(s)
INFO  [17:25:11.316] [bbotk] Result of batch 2:
INFO  [17:25:11.316] [bbotk]  num.trees classif.ce warnings errors runtime_learners
INFO  [17:25:11.316] [bbotk]        443  0.1408349        0      0            0.352
INFO  [17:25:11.316] [bbotk]                                 uhash
INFO  [17:25:11.316] [bbotk]  44eae69b-51d9-4db0-b118-4f7e5ccc8fb6
INFO  [17:25:11.319] [bbotk] Evaluating 1 configuration(s)
INFO  [17:25:11.513] [bbotk] Result of batch 3:
INFO  [17:25:11.513] [bbotk]  num.trees classif.ce warnings errors runtime_learners
INFO  [17:25:11.513] [bbotk]        146  0.1421369        0      0            0.146
INFO  [17:25:11.513] [bbotk]                                 uhash
INFO  [17:25:11.513] [bbotk]  3108b9b4-15da-41c7-a3a9-d314656deef3
INFO  [17:25:11.523] [bbotk] Finished optimizing after 3 evaluation(s)
INFO  [17:25:11.524] [bbotk] Result:
INFO  [17:25:11.525] [bbotk]  num.trees learner_param_vals  x_domain classif.ce
INFO  [17:25:11.525] [bbotk]      <int>             <list>    <list>      <num>
INFO  [17:25:11.525] [bbotk]        443          <list[2]> <list[1]>  0.1408349
INFO  [17:25:11.782] [bbotk] Starting to optimize 1 parameter(s) with '<OptimizerBatchRandomSearch>' and '<TerminatorEvals> [n_evals=3, k=0]'
INFO  [17:25:11.787] [bbotk] Evaluating 1 configuration(s)
INFO  [17:25:12.096] [bbotk] Result of batch 1:
INFO  [17:25:12.097] [bbotk]  num.trees classif.ce warnings errors runtime_learners
INFO  [17:25:12.097] [bbotk]        367  0.1565985        0      0            0.282
INFO  [17:25:12.097] [bbotk]                                 uhash
INFO  [17:25:12.097] [bbotk]  36100c30-565b-4c73-bf14-0aa6f3360001
INFO  [17:25:12.099] [bbotk] Evaluating 1 configuration(s)
INFO  [17:25:12.357] [bbotk] Result of batch 2:
INFO  [17:25:12.360] [bbotk]  num.trees classif.ce warnings errors runtime_learners
INFO  [17:25:12.360] [bbotk]        246  0.1644777        0      0              0.2
INFO  [17:25:12.360] [bbotk]                                 uhash
INFO  [17:25:12.360] [bbotk]  7187f12b-d26e-48be-b015-48bd781c226d
INFO  [17:25:12.364] [bbotk] Evaluating 1 configuration(s)
INFO  [17:25:12.525] [bbotk] Result of batch 3:
INFO  [17:25:12.526] [bbotk]  num.trees classif.ce warnings errors runtime_learners
INFO  [17:25:12.526] [bbotk]        116  0.1631809        0      0            0.111
INFO  [17:25:12.526] [bbotk]                                 uhash
INFO  [17:25:12.526] [bbotk]  12c6646d-a68a-48fa-9976-ff0bd12b70bf
INFO  [17:25:12.535] [bbotk] Finished optimizing after 3 evaluation(s)
INFO  [17:25:12.535] [bbotk] Result:
INFO  [17:25:12.536] [bbotk]  num.trees learner_param_vals  x_domain classif.ce
INFO  [17:25:12.536] [bbotk]      <int>             <list>    <list>      <num>
INFO  [17:25:12.536] [bbotk]        367          <list[2]> <list[1]>  0.1565985
INFO  [17:25:12.719] [bbotk] Starting to optimize 1 parameter(s) with '<OptimizerBatchRandomSearch>' and '<TerminatorEvals> [n_evals=3, k=0]'
INFO  [17:25:12.724] [bbotk] Evaluating 1 configuration(s)
INFO  [17:25:12.857] [bbotk] Result of batch 1:
INFO  [17:25:12.858] [bbotk]  num.trees classif.ce warnings errors runtime_learners
INFO  [17:25:12.858] [bbotk]        103  0.1486674        0      0            0.098
INFO  [17:25:12.858] [bbotk]                                 uhash
INFO  [17:25:12.858] [bbotk]  ff829b1c-cc3d-44b9-8a75-9ccc7d212c89
INFO  [17:25:12.861] [bbotk] Evaluating 1 configuration(s)
INFO  [17:25:13.022] [bbotk] Result of batch 2:
INFO  [17:25:13.023] [bbotk]  num.trees classif.ce warnings errors runtime_learners
INFO  [17:25:13.023] [bbotk]        124  0.1460428        0      0            0.124
INFO  [17:25:13.023] [bbotk]                                 uhash
INFO  [17:25:13.023] [bbotk]  d1fe7623-6473-4439-b4a8-87ee874a8f96
INFO  [17:25:13.025] [bbotk] Evaluating 1 configuration(s)
INFO  [17:25:13.393] [bbotk] Result of batch 3:
INFO  [17:25:13.394] [bbotk]  num.trees classif.ce warnings errors runtime_learners
INFO  [17:25:13.394] [bbotk]        410   0.149985        0      0            0.337
INFO  [17:25:13.394] [bbotk]                                 uhash
INFO  [17:25:13.394] [bbotk]  b3903a71-566e-4c8b-8ccc-db8f9eca03e7
INFO  [17:25:13.407] [bbotk] Finished optimizing after 3 evaluation(s)
INFO  [17:25:13.408] [bbotk] Result:
INFO  [17:25:13.409] [bbotk]  num.trees learner_param_vals  x_domain classif.ce
INFO  [17:25:13.409] [bbotk]      <int>             <list>    <list>      <num>
INFO  [17:25:13.409] [bbotk]        124          <list[2]> <list[1]>  0.1460428

### [bt]: Job terminated successfully [batchtools job.id=2929]
### [bt]: Starting job [batchtools job.id=2930]
### [bt]: Generating problem instance for problem '6390d9e81da17366' ...
### [bt]: Applying algorithm 'run_learner' on problem '6390d9e81da17366' for job 2930 (seed = 2931) ...
INFO  [17:25:13.661] [mlr3] Applying learner 'classif.ranger.tuned_calib.perfold_isotonic' on task 'qsar-biodeg' (iter 10/10)
INFO  [17:25:13.698] [bbotk] Starting to optimize 1 parameter(s) with '<OptimizerBatchRandomSearch>' and '<TerminatorEvals> [n_evals=3, k=0]'
INFO  [17:25:13.703] [bbotk] Evaluating 1 configuration(s)
INFO  [17:25:13.978] [bbotk] Result of batch 1:
INFO  [17:25:13.979] [bbotk]  num.trees classif.ce warnings errors runtime_learners
INFO  [17:25:13.979] [bbotk]        274  0.1342162        0      0            0.227
INFO  [17:25:13.979] [bbotk]                                 uhash
INFO  [17:25:13.979] [bbotk]  acf360fd-b597-4b5f-9142-89b771e5bf4b
INFO  [17:25:13.981] [bbotk] Evaluating 1 configuration(s)
INFO  [17:25:14.282] [bbotk] Result of batch 2:
INFO  [17:25:14.284] [bbotk]  num.trees classif.ce warnings errors runtime_learners
INFO  [17:25:14.284] [bbotk]        334  0.1250091        0      0             0.26
INFO  [17:25:14.284] [bbotk]                                 uhash
INFO  [17:25:14.284] [bbotk]  4c237533-1ff8-415d-8658-095e130c65b9
INFO  [17:25:14.288] [bbotk] Evaluating 1 configuration(s)
INFO  [17:25:14.568] [bbotk] Result of batch 3:
INFO  [17:25:14.569] [bbotk]  num.trees classif.ce warnings errors runtime_learners
INFO  [17:25:14.569] [bbotk]        262  0.1302792        0      0            0.242
INFO  [17:25:14.569] [bbotk]                                 uhash
INFO  [17:25:14.569] [bbotk]  dec01439-41fb-40fa-910f-3fa0488ce404
INFO  [17:25:14.575] [bbotk] Finished optimizing after 3 evaluation(s)
INFO  [17:25:14.576] [bbotk] Result:
INFO  [17:25:14.576] [bbotk]  num.trees learner_param_vals  x_domain classif.ce
INFO  [17:25:14.576] [bbotk]      <int>             <list>    <list>      <num>
INFO  [17:25:14.576] [bbotk]        334          <list[2]> <list[1]>  0.1250091
INFO  [17:25:14.739] [bbotk] Starting to optimize 1 parameter(s) with '<OptimizerBatchRandomSearch>' and '<TerminatorEvals> [n_evals=3, k=0]'
INFO  [17:25:14.746] [bbotk] Evaluating 1 configuration(s)
INFO  [17:25:15.076] [bbotk] Result of batch 1:
INFO  [17:25:15.077] [bbotk]  num.trees classif.ce warnings errors runtime_learners
INFO  [17:25:15.077] [bbotk]        361  0.1394759        0      0            0.285
INFO  [17:25:15.077] [bbotk]                                 uhash
INFO  [17:25:15.077] [bbotk]  102dc2d4-537a-4d23-8eb2-561fb13e4134
INFO  [17:25:15.080] [bbotk] Evaluating 1 configuration(s)
INFO  [17:25:15.280] [bbotk] Result of batch 2:
INFO  [17:25:15.281] [bbotk]  num.trees classif.ce warnings errors runtime_learners
INFO  [17:25:15.281] [bbotk]        178  0.1421109        0      0            0.145
INFO  [17:25:15.281] [bbotk]                                 uhash
INFO  [17:25:15.281] [bbotk]  ea972cbd-ed48-4282-8011-097bfa17eaba
INFO  [17:25:15.283] [bbotk] Evaluating 1 configuration(s)
INFO  [17:25:15.511] [bbotk] Result of batch 3:
INFO  [17:25:15.512] [bbotk]  num.trees classif.ce warnings errors runtime_learners
INFO  [17:25:15.512] [bbotk]        261  0.1421109        0      0            0.194
INFO  [17:25:15.512] [bbotk]                                 uhash
INFO  [17:25:15.512] [bbotk]  d78cb4b0-ce18-4d58-a1df-ce477adc995b
INFO  [17:25:15.519] [bbotk] Finished optimizing after 3 evaluation(s)
INFO  [17:25:15.520] [bbotk] Result:
INFO  [17:25:15.520] [bbotk]  num.trees learner_param_vals  x_domain classif.ce
INFO  [17:25:15.520] [bbotk]      <int>             <list>    <list>      <num>
INFO  [17:25:15.520] [bbotk]        361          <list[2]> <list[1]>  0.1394759
INFO  [17:25:15.685] [bbotk] Starting to optimize 1 parameter(s) with '<OptimizerBatchRandomSearch>' and '<TerminatorEvals> [n_evals=3, k=0]'
INFO  [17:25:15.690] [bbotk] Evaluating 1 configuration(s)
INFO  [17:25:15.877] [bbotk] Result of batch 1:
INFO  [17:25:15.878] [bbotk]  num.trees classif.ce warnings errors runtime_learners
INFO  [17:25:15.878] [bbotk]        210  0.1460324        0      0            0.151
INFO  [17:25:15.878] [bbotk]                                 uhash
INFO  [17:25:15.878] [bbotk]  43e5e325-6ec5-462f-8db4-9cc026d60687
INFO  [17:25:15.880] [bbotk] Evaluating 1 configuration(s)
INFO  [17:25:16.014] [bbotk] Result of batch 2:
INFO  [17:25:16.016] [bbotk]  num.trees classif.ce warnings errors runtime_learners
INFO  [17:25:16.016] [bbotk]        144  0.1407727        0      0            0.105
INFO  [17:25:16.016] [bbotk]                                 uhash
INFO  [17:25:16.016] [bbotk]  3e61c828-6250-4053-8304-8d37419eed1c
INFO  [17:25:16.020] [bbotk] Evaluating 1 configuration(s)
INFO  [17:25:16.303] [bbotk] Result of batch 3:
INFO  [17:25:16.304] [bbotk]  num.trees classif.ce warnings errors runtime_learners
INFO  [17:25:16.304] [bbotk]        383   0.142085        0      0            0.253
INFO  [17:25:16.304] [bbotk]                                 uhash
INFO  [17:25:16.304] [bbotk]  7c34a6a2-69fb-494e-a82a-09f64ec3a326
INFO  [17:25:16.311] [bbotk] Finished optimizing after 3 evaluation(s)
INFO  [17:25:16.311] [bbotk] Result:
INFO  [17:25:16.312] [bbotk]  num.trees learner_param_vals  x_domain classif.ce
INFO  [17:25:16.312] [bbotk]      <int>             <list>    <list>      <num>
INFO  [17:25:16.312] [bbotk]        144          <list[2]> <list[1]>  0.1407727
INFO  [17:25:16.400] [bbotk] Starting to optimize 1 parameter(s) with '<OptimizerBatchRandomSearch>' and '<TerminatorEvals> [n_evals=3, k=0]'
INFO  [17:25:16.407] [bbotk] Evaluating 1 configuration(s)
INFO  [17:25:16.607] [bbotk] Result of batch 1:
INFO  [17:25:16.608] [bbotk]  num.trees classif.ce warnings errors runtime_learners
INFO  [17:25:16.608] [bbotk]        257  0.1381324        0      0            0.168
INFO  [17:25:16.608] [bbotk]                                 uhash
INFO  [17:25:16.608] [bbotk]  f0d202ce-cebc-4dfa-bd3f-7f9d6643a384
INFO  [17:25:16.610] [bbotk] Evaluating 1 configuration(s)
INFO  [17:25:16.865] [bbotk] Result of batch 2:
INFO  [17:25:16.866] [bbotk]  num.trees classif.ce warnings errors runtime_learners
INFO  [17:25:16.866] [bbotk]        386   0.135487        0      0            0.229
INFO  [17:25:16.866] [bbotk]                                 uhash
INFO  [17:25:16.866] [bbotk]  d8a63661-7e2e-490c-956d-4c09619a0e71
INFO  [17:25:16.869] [bbotk] Evaluating 1 configuration(s)
INFO  [17:25:17.034] [bbotk] Result of batch 3:
INFO  [17:25:17.035] [bbotk]  num.trees classif.ce warnings errors runtime_learners
INFO  [17:25:17.035] [bbotk]        226  0.1434077        0      0            0.137
INFO  [17:25:17.035] [bbotk]                                 uhash
INFO  [17:25:17.035] [bbotk]  90874e09-4cd2-49c5-81fb-f79ab3bd7c11
INFO  [17:25:17.041] [bbotk] Finished optimizing after 3 evaluation(s)
INFO  [17:25:17.042] [bbotk] Result:
INFO  [17:25:17.043] [bbotk]  num.trees learner_param_vals  x_domain classif.ce
INFO  [17:25:17.043] [bbotk]      <int>             <list>    <list>      <num>
INFO  [17:25:17.043] [bbotk]        386          <list[2]> <list[1]>   0.135487
INFO  [17:25:17.186] [bbotk] Starting to optimize 1 parameter(s) with '<OptimizerBatchRandomSearch>' and '<TerminatorEvals> [n_evals=3, k=0]'
INFO  [17:25:17.190] [bbotk] Evaluating 1 configuration(s)
INFO  [17:25:17.463] [bbotk] Result of batch 1:
INFO  [17:25:17.464] [bbotk]  num.trees classif.ce warnings errors runtime_learners
INFO  [17:25:17.464] [bbotk]        420  0.1316226        0      0            0.246
INFO  [17:25:17.464] [bbotk]                                 uhash
INFO  [17:25:17.464] [bbotk]  7feac8b3-b9e2-4303-b583-be019c0d13c6
INFO  [17:25:17.466] [bbotk] Evaluating 1 configuration(s)
INFO  [17:25:17.629] [bbotk] Result of batch 2:
INFO  [17:25:17.630] [bbotk]  num.trees classif.ce warnings errors runtime_learners
INFO  [17:25:17.630] [bbotk]        229  0.1316382        0      0            0.137
INFO  [17:25:17.630] [bbotk]                                 uhash
INFO  [17:25:17.630] [bbotk]  2cd5afc8-b881-4850-9363-661372ae43c2
INFO  [17:25:17.633] [bbotk] Evaluating 1 configuration(s)
INFO  [17:25:17.830] [bbotk] Result of batch 3:
INFO  [17:25:17.831] [bbotk]  num.trees classif.ce warnings errors runtime_learners
INFO  [17:25:17.831] [bbotk]        262  0.1303155        0      0            0.162
INFO  [17:25:17.831] [bbotk]                                 uhash
INFO  [17:25:17.831] [bbotk]  4c8982f1-65ce-420a-89d8-7d0addb8f6d9
INFO  [17:25:17.838] [bbotk] Finished optimizing after 3 evaluation(s)
INFO  [17:25:17.838] [bbotk] Result:
INFO  [17:25:17.839] [bbotk]  num.trees learner_param_vals  x_domain classif.ce
INFO  [17:25:17.839] [bbotk]      <int>             <list>    <list>      <num>
INFO  [17:25:17.839] [bbotk]        262          <list[2]> <list[1]>  0.1303155

### [bt]: Job terminated successfully [batchtools job.id=2930]
### [bt]: Calculation finished!
