### [bt]: This is batchtools v0.9.17
### [bt]: Starting calculation of 5 jobs
### [bt]: Setting working directory to '/Users/User/Documents/Studium/Semester8/Hiwi/mlr3calibration/vignettes'
### [bt]: Memory measurement disabled
### [bt]: Starting job [batchtools job.id=1586]
### [bt]: Generating problem instance for problem '42e9f2146ba77696' ...
### [bt]: Applying algorithm 'run_learner' on problem '42e9f2146ba77696' for job 1586 (seed = 1587) ...
INFO  [16:59:09.489] [mlr3] Applying learner 'classif.naive_bayes.tuned_calib.oof_beta' on task 'kc1' (iter 6/10)
INFO  [16:59:09.581] [bbotk] Starting to optimize 1 parameter(s) with '<OptimizerBatchRandomSearch>' and '<TerminatorEvals> [n_evals=3, k=0]'
INFO  [16:59:09.594] [bbotk] Evaluating 1 configuration(s)
INFO  [16:59:09.910] [bbotk] Result of batch 1:
INFO  [16:59:09.912] [bbotk]    laplace classif.ce warnings errors runtime_learners
INFO  [16:59:09.912] [bbotk]  0.6135621  0.1811594        0      0            0.263
INFO  [16:59:09.912] [bbotk]                                 uhash
INFO  [16:59:09.912] [bbotk]  bc5c0135-f46a-4346-b828-59a1db1335ab
INFO  [16:59:09.922] [bbotk] Evaluating 1 configuration(s)
INFO  [16:59:10.255] [bbotk] Result of batch 2:
INFO  [16:59:10.257] [bbotk]    laplace classif.ce warnings errors runtime_learners
INFO  [16:59:10.257] [bbotk]  0.7145636  0.1811594        0      0            0.291
INFO  [16:59:10.257] [bbotk]                                 uhash
INFO  [16:59:10.257] [bbotk]  d84e2e1e-ebb1-4669-8adf-148feff32eec
INFO  [16:59:10.262] [bbotk] Evaluating 1 configuration(s)
INFO  [16:59:10.590] [bbotk] Result of batch 3:
INFO  [16:59:10.592] [bbotk]     laplace classif.ce warnings errors runtime_learners
INFO  [16:59:10.592] [bbotk]  0.03228036  0.1811594        0      0            0.282
INFO  [16:59:10.592] [bbotk]                                 uhash
INFO  [16:59:10.592] [bbotk]  c51251ba-9cb1-4b27-8208-3c9d20edca82
INFO  [16:59:10.616] [bbotk] Finished optimizing after 3 evaluation(s)
INFO  [16:59:10.617] [bbotk] Result:
INFO  [16:59:10.618] [bbotk]    laplace learner_param_vals  x_domain classif.ce
INFO  [16:59:10.618] [bbotk]      <num>             <list>    <list>      <num>
INFO  [16:59:10.618] [bbotk]  0.6135621          <list[1]> <list[1]>  0.1811594
INFO  [16:59:10.789] [bbotk] Starting to optimize 1 parameter(s) with '<OptimizerBatchRandomSearch>' and '<TerminatorEvals> [n_evals=3, k=0]'
INFO  [16:59:10.798] [bbotk] Evaluating 1 configuration(s)
INFO  [16:59:11.176] [bbotk] Result of batch 1:
INFO  [16:59:11.178] [bbotk]     laplace classif.ce warnings errors runtime_learners
INFO  [16:59:11.178] [bbotk]  0.09674065  0.1785244        0      0            0.327
INFO  [16:59:11.178] [bbotk]                                 uhash
INFO  [16:59:11.178] [bbotk]  a2a0ee46-5ccc-4d71-8f5a-2156dd5d275e
INFO  [16:59:11.182] [bbotk] Evaluating 1 configuration(s)
INFO  [16:59:11.509] [bbotk] Result of batch 2:
INFO  [16:59:11.510] [bbotk]    laplace classif.ce warnings errors runtime_learners
INFO  [16:59:11.510] [bbotk]  0.5023621  0.1785244        0      0            0.276
INFO  [16:59:11.510] [bbotk]                                 uhash
INFO  [16:59:11.510] [bbotk]  e074617a-4f82-4be6-8a08-32892f6d1e49
INFO  [16:59:11.512] [bbotk] Evaluating 1 configuration(s)
INFO  [16:59:11.800] [bbotk] Result of batch 3:
INFO  [16:59:11.802] [bbotk]    laplace classif.ce warnings errors runtime_learners
INFO  [16:59:11.802] [bbotk]  0.6844609  0.1785244        0      0            0.236
INFO  [16:59:11.802] [bbotk]                                 uhash
INFO  [16:59:11.802] [bbotk]  b7999643-9ef8-410b-a4b7-cc964bb40668
INFO  [16:59:11.823] [bbotk] Finished optimizing after 3 evaluation(s)
INFO  [16:59:11.824] [bbotk] Result:
INFO  [16:59:11.825] [bbotk]     laplace learner_param_vals  x_domain classif.ce
INFO  [16:59:11.825] [bbotk]       <num>             <list>    <list>      <num>
INFO  [16:59:11.825] [bbotk]  0.09674065          <list[1]> <list[1]>  0.1785244
INFO  [16:59:11.954] [bbotk] Starting to optimize 1 parameter(s) with '<OptimizerBatchRandomSearch>' and '<TerminatorEvals> [n_evals=3, k=0]'
INFO  [16:59:11.961] [bbotk] Evaluating 1 configuration(s)
INFO  [16:59:12.264] [bbotk] Result of batch 1:
INFO  [16:59:12.265] [bbotk]    laplace classif.ce warnings errors runtime_learners
INFO  [16:59:12.265] [bbotk]  0.1849341  0.1798419        0      0            0.255
INFO  [16:59:12.265] [bbotk]                                 uhash
INFO  [16:59:12.265] [bbotk]  0d8ef553-cb18-4867-8f5d-17129201e511
INFO  [16:59:12.268] [bbotk] Evaluating 1 configuration(s)
INFO  [16:59:12.599] [bbotk] Result of batch 2:
INFO  [16:59:12.601] [bbotk]    laplace classif.ce warnings errors runtime_learners
INFO  [16:59:12.601] [bbotk]  0.3862039  0.1798419        0      0             0.28
INFO  [16:59:12.601] [bbotk]                                 uhash
INFO  [16:59:12.601] [bbotk]  62e74269-0e47-4ccb-82f5-58abd63a021c
INFO  [16:59:12.607] [bbotk] Evaluating 1 configuration(s)
INFO  [16:59:12.984] [bbotk] Result of batch 3:
INFO  [16:59:12.984] [bbotk]    laplace classif.ce warnings errors runtime_learners
INFO  [16:59:12.984] [bbotk]  0.2757301  0.1798419        0      0            0.331
INFO  [16:59:12.984] [bbotk]                                 uhash
INFO  [16:59:12.984] [bbotk]  3c98b6fe-6e71-49ff-975a-1979f3a20088
INFO  [16:59:12.997] [bbotk] Finished optimizing after 3 evaluation(s)
INFO  [16:59:12.997] [bbotk] Result:
INFO  [16:59:13.000] [bbotk]    laplace learner_param_vals  x_domain classif.ce
INFO  [16:59:13.000] [bbotk]      <num>             <list>    <list>      <num>
INFO  [16:59:13.000] [bbotk]  0.1849341          <list[1]> <list[1]>  0.1798419
INFO  [16:59:13.103] [bbotk] Starting to optimize 1 parameter(s) with '<OptimizerBatchRandomSearch>' and '<TerminatorEvals> [n_evals=3, k=0]'
INFO  [16:59:13.108] [bbotk] Evaluating 1 configuration(s)
INFO  [16:59:13.424] [bbotk] Result of batch 1:
INFO  [16:59:13.425] [bbotk]    laplace classif.ce warnings errors runtime_learners
INFO  [16:59:13.425] [bbotk]  0.5423559  0.1724786        0      0            0.282
INFO  [16:59:13.425] [bbotk]                                 uhash
INFO  [16:59:13.425] [bbotk]  a2419f5b-9b32-4436-9529-ff856892a8a3
INFO  [16:59:13.427] [bbotk] Evaluating 1 configuration(s)
INFO  [16:59:13.772] [bbotk] Result of batch 2:
INFO  [16:59:13.773] [bbotk]    laplace classif.ce warnings errors runtime_learners
INFO  [16:59:13.773] [bbotk]  0.2359001  0.1724786        0      0            0.301
INFO  [16:59:13.773] [bbotk]                                 uhash
INFO  [16:59:13.773] [bbotk]  d202abb5-80d5-4a5a-addf-59857a6bd014
INFO  [16:59:13.775] [bbotk] Evaluating 1 configuration(s)
INFO  [16:59:14.063] [bbotk] Result of batch 3:
INFO  [16:59:14.065] [bbotk]    laplace classif.ce warnings errors runtime_learners
INFO  [16:59:14.065] [bbotk]  0.6242593  0.1724786        0      0            0.257
INFO  [16:59:14.065] [bbotk]                                 uhash
INFO  [16:59:14.065] [bbotk]  74fe0b5c-6ab0-4a89-9747-66199e550170
INFO  [16:59:14.080] [bbotk] Finished optimizing after 3 evaluation(s)
INFO  [16:59:14.081] [bbotk] Result:
INFO  [16:59:14.082] [bbotk]    laplace learner_param_vals  x_domain classif.ce
INFO  [16:59:14.082] [bbotk]      <num>             <list>    <list>      <num>
INFO  [16:59:14.082] [bbotk]  0.5423559          <list[1]> <list[1]>  0.1724786
INFO  [16:59:14.194] [bbotk] Starting to optimize 1 parameter(s) with '<OptimizerBatchRandomSearch>' and '<TerminatorEvals> [n_evals=3, k=0]'
INFO  [16:59:14.199] [bbotk] Evaluating 1 configuration(s)
INFO  [16:59:14.522] [bbotk] Result of batch 1:
INFO  [16:59:14.523] [bbotk]    laplace classif.ce warnings errors runtime_learners
INFO  [16:59:14.523] [bbotk]  0.8978935  0.1751084        0      0            0.278
INFO  [16:59:14.523] [bbotk]                                 uhash
INFO  [16:59:14.523] [bbotk]  6092919a-692b-47d0-9c56-d7b24353205a
INFO  [16:59:14.528] [bbotk] Evaluating 1 configuration(s)
INFO  [16:59:14.917] [bbotk] Result of batch 2:
INFO  [16:59:14.921] [bbotk]      laplace classif.ce warnings errors runtime_learners
INFO  [16:59:14.921] [bbotk]  0.002966153  0.1751084        0      0            0.342
INFO  [16:59:14.921] [bbotk]                                 uhash
INFO  [16:59:14.921] [bbotk]  6f1353f9-336f-4ef3-8fd6-6355c342817f
INFO  [16:59:14.926] [bbotk] Evaluating 1 configuration(s)
INFO  [16:59:15.275] [bbotk] Result of batch 3:
INFO  [16:59:15.275] [bbotk]    laplace classif.ce warnings errors runtime_learners
INFO  [16:59:15.275] [bbotk]  0.2225822  0.1751084        0      0            0.305
INFO  [16:59:15.275] [bbotk]                                 uhash
INFO  [16:59:15.275] [bbotk]  96a0428c-baec-4914-a09d-07121b2f8537
INFO  [16:59:15.287] [bbotk] Finished optimizing after 3 evaluation(s)
INFO  [16:59:15.288] [bbotk] Result:
INFO  [16:59:15.289] [bbotk]    laplace learner_param_vals  x_domain classif.ce
INFO  [16:59:15.289] [bbotk]      <num>             <list>    <list>      <num>
INFO  [16:59:15.289] [bbotk]  0.8978935          <list[1]> <list[1]>  0.1751084
[1] -0.7278123
[1] 3.710639
Warning in value[[3L]](cond) :
  beta_calibration failed: uniroot endpoint sign mismatch.
This happened PipeOp classif.naive_bayes's $train()

### [bt]: Job terminated successfully [batchtools job.id=1586]
### [bt]: Starting job [batchtools job.id=1587]
### [bt]: Generating problem instance for problem '42e9f2146ba77696' ...
### [bt]: Applying algorithm 'run_learner' on problem '42e9f2146ba77696' for job 1587 (seed = 1588) ...
INFO  [16:59:15.646] [mlr3] Applying learner 'classif.naive_bayes.tuned_calib.oof_beta' on task 'kc1' (iter 7/10)
INFO  [16:59:15.709] [bbotk] Starting to optimize 1 parameter(s) with '<OptimizerBatchRandomSearch>' and '<TerminatorEvals> [n_evals=3, k=0]'
INFO  [16:59:15.719] [bbotk] Evaluating 1 configuration(s)
INFO  [16:59:16.058] [bbotk] Result of batch 1:
INFO  [16:59:16.059] [bbotk]    laplace classif.ce warnings errors runtime_learners
INFO  [16:59:16.059] [bbotk]  0.4938783  0.1752306        0      0             0.29
INFO  [16:59:16.059] [bbotk]                                 uhash
INFO  [16:59:16.059] [bbotk]  bd694386-1985-4368-99cd-2df79c28d1f5
INFO  [16:59:16.063] [bbotk] Evaluating 1 configuration(s)
INFO  [16:59:16.429] [bbotk] Result of batch 2:
INFO  [16:59:16.430] [bbotk]   laplace classif.ce warnings errors runtime_learners
INFO  [16:59:16.430] [bbotk]  0.322181  0.1752306        0      0             0.33
INFO  [16:59:16.430] [bbotk]                                 uhash
INFO  [16:59:16.430] [bbotk]  85f35eb4-c148-43d5-a528-f0f391ca642d
INFO  [16:59:16.438] [bbotk] Evaluating 1 configuration(s)
INFO  [16:59:16.803] [bbotk] Result of batch 3:
INFO  [16:59:16.804] [bbotk]    laplace classif.ce warnings errors runtime_learners
INFO  [16:59:16.804] [bbotk]  0.9971647  0.1752306        0      0            0.316
INFO  [16:59:16.804] [bbotk]                                 uhash
INFO  [16:59:16.804] [bbotk]  c8dc3ae0-0ce0-4f3e-890a-75ba32fee098
INFO  [16:59:16.822] [bbotk] Finished optimizing after 3 evaluation(s)
INFO  [16:59:16.823] [bbotk] Result:
INFO  [16:59:16.831] [bbotk]    laplace learner_param_vals  x_domain classif.ce
INFO  [16:59:16.831] [bbotk]      <num>             <list>    <list>      <num>
INFO  [16:59:16.831] [bbotk]  0.4938783          <list[1]> <list[1]>  0.1752306
INFO  [16:59:16.953] [bbotk] Starting to optimize 1 parameter(s) with '<OptimizerBatchRandomSearch>' and '<TerminatorEvals> [n_evals=3, k=0]'
INFO  [16:59:16.957] [bbotk] Evaluating 1 configuration(s)
INFO  [16:59:17.278] [bbotk] Result of batch 1:
INFO  [16:59:17.280] [bbotk]    laplace classif.ce warnings errors runtime_learners
INFO  [16:59:17.280] [bbotk]  0.5408838  0.1837945        0      0             0.28
INFO  [16:59:17.280] [bbotk]                                 uhash
INFO  [16:59:17.280] [bbotk]  26521fa3-a125-4424-96c4-a839e053add4
INFO  [16:59:17.284] [bbotk] Evaluating 1 configuration(s)
INFO  [16:59:17.643] [bbotk] Result of batch 2:
INFO  [16:59:17.644] [bbotk]    laplace classif.ce warnings errors runtime_learners
INFO  [16:59:17.644] [bbotk]  0.1040636  0.1837945        0      0            0.322
INFO  [16:59:17.644] [bbotk]                                 uhash
INFO  [16:59:17.644] [bbotk]  dbfff498-d567-4526-acbc-60f9ef6a1902
INFO  [16:59:17.648] [bbotk] Evaluating 1 configuration(s)
INFO  [16:59:17.996] [bbotk] Result of batch 3:
INFO  [16:59:17.998] [bbotk]    laplace classif.ce warnings errors runtime_learners
INFO  [16:59:17.998] [bbotk]  0.7374114  0.1837945        0      0            0.284
INFO  [16:59:17.998] [bbotk]                                 uhash
INFO  [16:59:17.998] [bbotk]  2ea13af6-e91c-4eff-9d77-8cf884302ca8
INFO  [16:59:18.013] [bbotk] Finished optimizing after 3 evaluation(s)
INFO  [16:59:18.014] [bbotk] Result:
INFO  [16:59:18.015] [bbotk]    laplace learner_param_vals  x_domain classif.ce
INFO  [16:59:18.015] [bbotk]      <num>             <list>    <list>      <num>
INFO  [16:59:18.015] [bbotk]  0.5408838          <list[1]> <list[1]>  0.1837945
INFO  [16:59:18.125] [bbotk] Starting to optimize 1 parameter(s) with '<OptimizerBatchRandomSearch>' and '<TerminatorEvals> [n_evals=3, k=0]'
INFO  [16:59:18.137] [bbotk] Evaluating 1 configuration(s)
INFO  [16:59:18.468] [bbotk] Result of batch 1:
INFO  [16:59:18.469] [bbotk]     laplace classif.ce warnings errors runtime_learners
INFO  [16:59:18.469] [bbotk]  0.02242044  0.1745718        0      0            0.294
INFO  [16:59:18.469] [bbotk]                                 uhash
INFO  [16:59:18.469] [bbotk]  c5b08afc-d7c9-4a3f-a2c0-ee28fe788cfd
INFO  [16:59:18.473] [bbotk] Evaluating 1 configuration(s)
INFO  [16:59:18.805] [bbotk] Result of batch 2:
INFO  [16:59:18.807] [bbotk]    laplace classif.ce warnings errors runtime_learners
INFO  [16:59:18.807] [bbotk]  0.7835072  0.1745718        0      0            0.291
INFO  [16:59:18.807] [bbotk]                                 uhash
INFO  [16:59:18.807] [bbotk]  8ff60c87-1eab-40e7-9a4a-e384c35316a9
INFO  [16:59:18.812] [bbotk] Evaluating 1 configuration(s)
INFO  [16:59:19.181] [bbotk] Result of batch 3:
INFO  [16:59:19.182] [bbotk]    laplace classif.ce warnings errors runtime_learners
INFO  [16:59:19.182] [bbotk]  0.4200321  0.1745718        0      0            0.308
INFO  [16:59:19.182] [bbotk]                                 uhash
INFO  [16:59:19.182] [bbotk]  702fb813-14a3-456d-8c9e-6748fbf884df
INFO  [16:59:19.191] [bbotk] Finished optimizing after 3 evaluation(s)
INFO  [16:59:19.191] [bbotk] Result:
INFO  [16:59:19.192] [bbotk]     laplace learner_param_vals  x_domain classif.ce
INFO  [16:59:19.192] [bbotk]       <num>             <list>    <list>      <num>
INFO  [16:59:19.192] [bbotk]  0.02242044          <list[1]> <list[1]>  0.1745718
INFO  [16:59:19.321] [bbotk] Starting to optimize 1 parameter(s) with '<OptimizerBatchRandomSearch>' and '<TerminatorEvals> [n_evals=3, k=0]'
INFO  [16:59:19.331] [bbotk] Evaluating 1 configuration(s)
INFO  [16:59:19.665] [bbotk] Result of batch 1:
INFO  [16:59:19.668] [bbotk]     laplace classif.ce warnings errors runtime_learners
INFO  [16:59:19.668] [bbotk]  0.01455938  0.1725007        0      0            0.259
INFO  [16:59:19.668] [bbotk]                                 uhash
INFO  [16:59:19.668] [bbotk]  134bce7b-85f8-4dfd-ab04-5281cec2c9d7
INFO  [16:59:19.673] [bbotk] Evaluating 1 configuration(s)
INFO  [16:59:20.019] [bbotk] Result of batch 2:
INFO  [16:59:20.020] [bbotk]    laplace classif.ce warnings errors runtime_learners
INFO  [16:59:20.020] [bbotk]  0.6637654  0.1725007        0      0            0.302
INFO  [16:59:20.020] [bbotk]                                 uhash
INFO  [16:59:20.020] [bbotk]  ff24d5a2-efa7-4ea7-8ca5-6f8e2c1382be
INFO  [16:59:20.024] [bbotk] Evaluating 1 configuration(s)
INFO  [16:59:20.392] [bbotk] Result of batch 3:
INFO  [16:59:20.393] [bbotk]     laplace classif.ce warnings errors runtime_learners
INFO  [16:59:20.393] [bbotk]  0.05132608  0.1725007        0      0            0.324
INFO  [16:59:20.393] [bbotk]                                 uhash
INFO  [16:59:20.393] [bbotk]  45d9d951-86c1-45b9-8b25-6a2a8b3f8a38
INFO  [16:59:20.400] [bbotk] Finished optimizing after 3 evaluation(s)
INFO  [16:59:20.401] [bbotk] Result:
INFO  [16:59:20.401] [bbotk]     laplace learner_param_vals  x_domain classif.ce
INFO  [16:59:20.401] [bbotk]       <num>             <list>    <list>      <num>
INFO  [16:59:20.401] [bbotk]  0.01455938          <list[1]> <list[1]>  0.1725007
INFO  [16:59:20.602] [bbotk] Starting to optimize 1 parameter(s) with '<OptimizerBatchRandomSearch>' and '<TerminatorEvals> [n_evals=3, k=0]'
INFO  [16:59:20.608] [bbotk] Evaluating 1 configuration(s)
INFO  [16:59:20.978] [bbotk] Result of batch 1:
INFO  [16:59:20.980] [bbotk]    laplace classif.ce warnings errors runtime_learners
INFO  [16:59:20.980] [bbotk]  0.7949135  0.1672189        0      0            0.307
INFO  [16:59:20.980] [bbotk]                                 uhash
INFO  [16:59:20.980] [bbotk]  87b6b29f-e527-4289-866f-5f90c60d77ea
INFO  [16:59:20.991] [bbotk] Evaluating 1 configuration(s)
INFO  [16:59:21.288] [bbotk] Result of batch 2:
INFO  [16:59:21.299] [bbotk]    laplace classif.ce warnings errors runtime_learners
INFO  [16:59:21.299] [bbotk]  0.1017062  0.1672189        0      0            0.256
INFO  [16:59:21.299] [bbotk]                                 uhash
INFO  [16:59:21.299] [bbotk]  43540c89-aed2-4e6b-b3ba-63322344f04c
INFO  [16:59:21.303] [bbotk] Evaluating 1 configuration(s)
INFO  [16:59:21.621] [bbotk] Result of batch 3:
INFO  [16:59:21.623] [bbotk]      laplace classif.ce warnings errors runtime_learners
INFO  [16:59:21.623] [bbotk]  0.008805389  0.1672189        0      0            0.275
INFO  [16:59:21.623] [bbotk]                                 uhash
INFO  [16:59:21.623] [bbotk]  f4c70450-4098-49f0-86c7-4e3e3ece5e34
INFO  [16:59:21.630] [bbotk] Finished optimizing after 3 evaluation(s)
INFO  [16:59:21.631] [bbotk] Result:
INFO  [16:59:21.631] [bbotk]    laplace learner_param_vals  x_domain classif.ce
INFO  [16:59:21.631] [bbotk]      <num>             <list>    <list>      <num>
INFO  [16:59:21.631] [bbotk]  0.7949135          <list[1]> <list[1]>  0.1672189
[1] -0.5166854
[1] 3.885641
Warning in value[[3L]](cond) :
  beta_calibration failed: uniroot endpoint sign mismatch.
This happened PipeOp classif.naive_bayes's $train()

### [bt]: Job terminated successfully [batchtools job.id=1587]
### [bt]: Starting job [batchtools job.id=1588]
### [bt]: Generating problem instance for problem '42e9f2146ba77696' ...
### [bt]: Applying algorithm 'run_learner' on problem '42e9f2146ba77696' for job 1588 (seed = 1589) ...
INFO  [16:59:22.041] [mlr3] Applying learner 'classif.naive_bayes.tuned_calib.oof_beta' on task 'kc1' (iter 8/10)
INFO  [16:59:22.125] [bbotk] Starting to optimize 1 parameter(s) with '<OptimizerBatchRandomSearch>' and '<TerminatorEvals> [n_evals=3, k=0]'
INFO  [16:59:22.148] [bbotk] Evaluating 1 configuration(s)
INFO  [16:59:22.462] [bbotk] Result of batch 1:
INFO  [16:59:22.463] [bbotk]   laplace classif.ce warnings errors runtime_learners
INFO  [16:59:22.463] [bbotk]  0.886829  0.1798419        0      0            0.282
INFO  [16:59:22.463] [bbotk]                                 uhash
INFO  [16:59:22.463] [bbotk]  834f10c1-2042-4285-89ea-c907011aac9a
INFO  [16:59:22.477] [bbotk] Evaluating 1 configuration(s)
INFO  [16:59:22.728] [bbotk] Result of batch 2:
INFO  [16:59:22.729] [bbotk]    laplace classif.ce warnings errors runtime_learners
INFO  [16:59:22.729] [bbotk]  0.3991415  0.1798419        0      0            0.217
INFO  [16:59:22.729] [bbotk]                                 uhash
INFO  [16:59:22.729] [bbotk]  9bdbcfe6-f255-48ca-a1b3-ef1b87295739
INFO  [16:59:22.731] [bbotk] Evaluating 1 configuration(s)
INFO  [16:59:22.982] [bbotk] Result of batch 3:
INFO  [16:59:22.984] [bbotk]    laplace classif.ce warnings errors runtime_learners
INFO  [16:59:22.984] [bbotk]  0.3595633  0.1798419        0      0            0.216
INFO  [16:59:22.984] [bbotk]                                 uhash
INFO  [16:59:22.984] [bbotk]  ae1d5420-5e3a-4c68-aacc-29de0a585939
INFO  [16:59:23.001] [bbotk] Finished optimizing after 3 evaluation(s)
INFO  [16:59:23.001] [bbotk] Result:
INFO  [16:59:23.002] [bbotk]   laplace learner_param_vals  x_domain classif.ce
INFO  [16:59:23.002] [bbotk]     <num>             <list>    <list>      <num>
INFO  [16:59:23.002] [bbotk]  0.886829          <list[1]> <list[1]>  0.1798419
INFO  [16:59:23.153] [bbotk] Starting to optimize 1 parameter(s) with '<OptimizerBatchRandomSearch>' and '<TerminatorEvals> [n_evals=3, k=0]'
INFO  [16:59:23.159] [bbotk] Evaluating 1 configuration(s)
INFO  [16:59:23.566] [bbotk] Result of batch 1:
INFO  [16:59:23.567] [bbotk]    laplace classif.ce warnings errors runtime_learners
INFO  [16:59:23.567] [bbotk]  0.8101266  0.1706192        0      0            0.343
INFO  [16:59:23.567] [bbotk]                                 uhash
INFO  [16:59:23.567] [bbotk]  729e661d-80b1-407a-8711-473d7dd36904
INFO  [16:59:23.569] [bbotk] Evaluating 1 configuration(s)
INFO  [16:59:23.917] [bbotk] Result of batch 2:
INFO  [16:59:23.918] [bbotk]    laplace classif.ce warnings errors runtime_learners
INFO  [16:59:23.918] [bbotk]  0.8673637  0.1706192        0      0            0.303
INFO  [16:59:23.918] [bbotk]                                 uhash
INFO  [16:59:23.918] [bbotk]  0b2e5f1a-ef99-43d2-ba28-2ecf683b2dc5
INFO  [16:59:23.920] [bbotk] Evaluating 1 configuration(s)
INFO  [16:59:24.243] [bbotk] Result of batch 3:
INFO  [16:59:24.246] [bbotk]    laplace classif.ce warnings errors runtime_learners
INFO  [16:59:24.246] [bbotk]  0.4050172  0.1706192        0      0            0.263
INFO  [16:59:24.246] [bbotk]                                 uhash
INFO  [16:59:24.246] [bbotk]  6ce8d791-4e8c-4862-8260-f968c3acf01b
INFO  [16:59:24.277] [bbotk] Finished optimizing after 3 evaluation(s)
INFO  [16:59:24.278] [bbotk] Result:
INFO  [16:59:24.283] [bbotk]    laplace learner_param_vals  x_domain classif.ce
INFO  [16:59:24.283] [bbotk]      <num>             <list>    <list>      <num>
INFO  [16:59:24.283] [bbotk]  0.8101266          <list[1]> <list[1]>  0.1706192
INFO  [16:59:24.419] [bbotk] Starting to optimize 1 parameter(s) with '<OptimizerBatchRandomSearch>' and '<TerminatorEvals> [n_evals=3, k=0]'
INFO  [16:59:24.425] [bbotk] Evaluating 1 configuration(s)
INFO  [16:59:24.804] [bbotk] Result of batch 1:
INFO  [16:59:24.806] [bbotk]    laplace classif.ce warnings errors runtime_learners
INFO  [16:59:24.806] [bbotk]  0.8121956  0.1693017        0      0            0.329
INFO  [16:59:24.806] [bbotk]                                 uhash
INFO  [16:59:24.806] [bbotk]  d7160c36-3e15-4657-a211-6e10fb2e8237
INFO  [16:59:24.814] [bbotk] Evaluating 1 configuration(s)
INFO  [16:59:25.145] [bbotk] Result of batch 2:
INFO  [16:59:25.148] [bbotk]    laplace classif.ce warnings errors runtime_learners
INFO  [16:59:25.148] [bbotk]  0.4165202  0.1693017        0      0            0.275
INFO  [16:59:25.148] [bbotk]                                 uhash
INFO  [16:59:25.148] [bbotk]  1b399044-658d-4c47-b2d6-385cfe3a3e32
INFO  [16:59:25.154] [bbotk] Evaluating 1 configuration(s)
INFO  [16:59:25.524] [bbotk] Result of batch 3:
INFO  [16:59:25.526] [bbotk]    laplace classif.ce warnings errors runtime_learners
INFO  [16:59:25.526] [bbotk]  0.5608524  0.1693017        0      0            0.317
INFO  [16:59:25.526] [bbotk]                                 uhash
INFO  [16:59:25.526] [bbotk]  c8a7a310-3773-420c-aea1-5a82d04e1312
INFO  [16:59:25.541] [bbotk] Finished optimizing after 3 evaluation(s)
INFO  [16:59:25.541] [bbotk] Result:
INFO  [16:59:25.543] [bbotk]    laplace learner_param_vals  x_domain classif.ce
INFO  [16:59:25.543] [bbotk]      <num>             <list>    <list>      <num>
INFO  [16:59:25.543] [bbotk]  0.8121956          <list[1]> <list[1]>  0.1693017
INFO  [16:59:25.662] [bbotk] Starting to optimize 1 parameter(s) with '<OptimizerBatchRandomSearch>' and '<TerminatorEvals> [n_evals=3, k=0]'
INFO  [16:59:25.667] [bbotk] Evaluating 1 configuration(s)
INFO  [16:59:26.021] [bbotk] Result of batch 1:
INFO  [16:59:26.022] [bbotk]   laplace classif.ce warnings errors runtime_learners
INFO  [16:59:26.022] [bbotk]  0.348827   0.177086        0      0            0.312
INFO  [16:59:26.022] [bbotk]                                 uhash
INFO  [16:59:26.022] [bbotk]  5eeb4979-c762-45b1-85a0-56ec820fd2be
INFO  [16:59:26.027] [bbotk] Evaluating 1 configuration(s)
INFO  [16:59:26.366] [bbotk] Result of batch 2:
INFO  [16:59:26.367] [bbotk]    laplace classif.ce warnings errors runtime_learners
INFO  [16:59:26.367] [bbotk]  0.5327624   0.177086        0      0            0.285
INFO  [16:59:26.367] [bbotk]                                 uhash
INFO  [16:59:26.367] [bbotk]  f378558d-3f11-4418-9a3e-faa3a1fe2e87
INFO  [16:59:26.369] [bbotk] Evaluating 1 configuration(s)
INFO  [16:59:26.734] [bbotk] Result of batch 3:
INFO  [16:59:26.735] [bbotk]    laplace classif.ce warnings errors runtime_learners
INFO  [16:59:26.735] [bbotk]  0.1049888   0.177086        0      0             0.32
INFO  [16:59:26.735] [bbotk]                                 uhash
INFO  [16:59:26.735] [bbotk]  c56ee617-f1f6-44b5-ac43-410a37e45028
INFO  [16:59:26.760] [bbotk] Finished optimizing after 3 evaluation(s)
INFO  [16:59:26.760] [bbotk] Result:
INFO  [16:59:26.762] [bbotk]   laplace learner_param_vals  x_domain classif.ce
INFO  [16:59:26.762] [bbotk]     <num>             <list>    <list>      <num>
INFO  [16:59:26.762] [bbotk]  0.348827          <list[1]> <list[1]>   0.177086
INFO  [16:59:26.862] [bbotk] Starting to optimize 1 parameter(s) with '<OptimizerBatchRandomSearch>' and '<TerminatorEvals> [n_evals=3, k=0]'
INFO  [16:59:26.866] [bbotk] Evaluating 1 configuration(s)
INFO  [16:59:27.222] [bbotk] Result of batch 1:
INFO  [16:59:27.225] [bbotk]    laplace classif.ce warnings errors runtime_learners
INFO  [16:59:27.225] [bbotk]  0.4344401  0.1803759        0      0            0.315
INFO  [16:59:27.225] [bbotk]                                 uhash
INFO  [16:59:27.225] [bbotk]  aea77012-09fa-4a1e-9e68-b60faf66d880
INFO  [16:59:27.228] [bbotk] Evaluating 1 configuration(s)
INFO  [16:59:27.565] [bbotk] Result of batch 2:
INFO  [16:59:27.566] [bbotk]    laplace classif.ce warnings errors runtime_learners
INFO  [16:59:27.566] [bbotk]  0.9878916  0.1803759        0      0            0.288
INFO  [16:59:27.566] [bbotk]                                 uhash
INFO  [16:59:27.566] [bbotk]  029f7768-cd40-416c-ab42-1e9b007f3c36
INFO  [16:59:27.568] [bbotk] Evaluating 1 configuration(s)
INFO  [16:59:27.865] [bbotk] Result of batch 3:
INFO  [16:59:27.867] [bbotk]    laplace classif.ce warnings errors runtime_learners
INFO  [16:59:27.867] [bbotk]  0.2662347  0.1803759        0      0            0.255
INFO  [16:59:27.867] [bbotk]                                 uhash
INFO  [16:59:27.867] [bbotk]  cea244bc-46b8-427b-bb37-6e81262c9aa1
INFO  [16:59:27.875] [bbotk] Finished optimizing after 3 evaluation(s)
INFO  [16:59:27.875] [bbotk] Result:
INFO  [16:59:27.876] [bbotk]    laplace learner_param_vals  x_domain classif.ce
INFO  [16:59:27.876] [bbotk]      <num>             <list>    <list>      <num>
INFO  [16:59:27.876] [bbotk]  0.4344401          <list[1]> <list[1]>  0.1803759
[1] -0.7717609
[1] 3.480524
Warning in value[[3L]](cond) :
  beta_calibration failed: uniroot endpoint sign mismatch.
This happened PipeOp classif.naive_bayes's $train()

### [bt]: Job terminated successfully [batchtools job.id=1588]
### [bt]: Starting job [batchtools job.id=1589]
### [bt]: Generating problem instance for problem '42e9f2146ba77696' ...
### [bt]: Applying algorithm 'run_learner' on problem '42e9f2146ba77696' for job 1589 (seed = 1590) ...
INFO  [16:59:28.255] [mlr3] Applying learner 'classif.naive_bayes.tuned_calib.oof_beta' on task 'kc1' (iter 9/10)
INFO  [16:59:28.293] [bbotk] Starting to optimize 1 parameter(s) with '<OptimizerBatchRandomSearch>' and '<TerminatorEvals> [n_evals=3, k=0]'
INFO  [16:59:28.301] [bbotk] Evaluating 1 configuration(s)
INFO  [16:59:28.661] [bbotk] Result of batch 1:
INFO  [16:59:28.662] [bbotk]    laplace classif.ce warnings errors runtime_learners
INFO  [16:59:28.662] [bbotk]  0.8351696  0.1778656        0      0            0.311
INFO  [16:59:28.662] [bbotk]                                 uhash
INFO  [16:59:28.662] [bbotk]  504b87e7-a28b-46d7-b4ee-e5a1ce1a788e
INFO  [16:59:28.670] [bbotk] Evaluating 1 configuration(s)
INFO  [16:59:29.028] [bbotk] Result of batch 2:
INFO  [16:59:29.029] [bbotk]   laplace classif.ce warnings errors runtime_learners
INFO  [16:59:29.029] [bbotk]  0.442275  0.1778656        0      0            0.304
INFO  [16:59:29.029] [bbotk]                                 uhash
INFO  [16:59:29.029] [bbotk]  d9fd737a-64a7-449b-baa4-c9781089cd18
INFO  [16:59:29.031] [bbotk] Evaluating 1 configuration(s)
INFO  [16:59:29.345] [bbotk] Result of batch 3:
INFO  [16:59:29.346] [bbotk]    laplace classif.ce warnings errors runtime_learners
INFO  [16:59:29.346] [bbotk]  0.1692945  0.1778656        0      0             0.27
INFO  [16:59:29.346] [bbotk]                                 uhash
INFO  [16:59:29.346] [bbotk]  c2f2a476-30c4-4955-875f-e8e18ff2d98e
INFO  [16:59:29.353] [bbotk] Finished optimizing after 3 evaluation(s)
INFO  [16:59:29.353] [bbotk] Result:
INFO  [16:59:29.354] [bbotk]    laplace learner_param_vals  x_domain classif.ce
INFO  [16:59:29.354] [bbotk]      <num>             <list>    <list>      <num>
INFO  [16:59:29.354] [bbotk]  0.8351696          <list[1]> <list[1]>  0.1778656
INFO  [16:59:29.461] [bbotk] Starting to optimize 1 parameter(s) with '<OptimizerBatchRandomSearch>' and '<TerminatorEvals> [n_evals=3, k=0]'
INFO  [16:59:29.471] [bbotk] Evaluating 1 configuration(s)
INFO  [16:59:29.855] [bbotk] Result of batch 1:
INFO  [16:59:29.855] [bbotk]    laplace classif.ce warnings errors runtime_learners
INFO  [16:59:29.855] [bbotk]  0.5332876  0.1778656        0      0            0.332
INFO  [16:59:29.855] [bbotk]                                 uhash
INFO  [16:59:29.855] [bbotk]  28ecfd6f-e519-4231-93da-f13bf2977508
INFO  [16:59:29.860] [bbotk] Evaluating 1 configuration(s)
INFO  [16:59:30.220] [bbotk] Result of batch 2:
INFO  [16:59:30.220] [bbotk]    laplace classif.ce warnings errors runtime_learners
INFO  [16:59:30.220] [bbotk]  0.9904139  0.1778656        0      0            0.302
INFO  [16:59:30.220] [bbotk]                                 uhash
INFO  [16:59:30.220] [bbotk]  8aa3ec7f-3f85-498b-8655-20fea416770d
INFO  [16:59:30.223] [bbotk] Evaluating 1 configuration(s)
INFO  [16:59:30.583] [bbotk] Result of batch 3:
INFO  [16:59:30.584] [bbotk]   laplace classif.ce warnings errors runtime_learners
INFO  [16:59:30.584] [bbotk]  0.401619  0.1778656        0      0            0.294
INFO  [16:59:30.584] [bbotk]                                 uhash
INFO  [16:59:30.584] [bbotk]  a80c000a-b071-4f03-b45d-ffec80b61b1e
INFO  [16:59:30.591] [bbotk] Finished optimizing after 3 evaluation(s)
INFO  [16:59:30.592] [bbotk] Result:
INFO  [16:59:30.592] [bbotk]    laplace learner_param_vals  x_domain classif.ce
INFO  [16:59:30.592] [bbotk]      <num>             <list>    <list>      <num>
INFO  [16:59:30.592] [bbotk]  0.5332876          <list[1]> <list[1]>  0.1778656
INFO  [16:59:30.700] [bbotk] Starting to optimize 1 parameter(s) with '<OptimizerBatchRandomSearch>' and '<TerminatorEvals> [n_evals=3, k=0]'
INFO  [16:59:30.711] [bbotk] Evaluating 1 configuration(s)
INFO  [16:59:31.080] [bbotk] Result of batch 1:
INFO  [16:59:31.082] [bbotk]    laplace classif.ce warnings errors runtime_learners
INFO  [16:59:31.082] [bbotk]  0.4292505  0.1758893        0      0             0.31
INFO  [16:59:31.082] [bbotk]                                 uhash
INFO  [16:59:31.082] [bbotk]  72d59dee-9d87-4f20-ab3c-8710a5dc9c69
INFO  [16:59:31.087] [bbotk] Evaluating 1 configuration(s)
INFO  [16:59:31.420] [bbotk] Result of batch 2:
INFO  [16:59:31.421] [bbotk]    laplace classif.ce warnings errors runtime_learners
INFO  [16:59:31.421] [bbotk]  0.7394912  0.1758893        0      0            0.285
INFO  [16:59:31.421] [bbotk]                                 uhash
INFO  [16:59:31.421] [bbotk]  5d1bc4ff-7e88-4b66-bd21-c63424d428db
INFO  [16:59:31.424] [bbotk] Evaluating 1 configuration(s)
INFO  [16:59:31.804] [bbotk] Result of batch 3:
INFO  [16:59:31.805] [bbotk]    laplace classif.ce warnings errors runtime_learners
INFO  [16:59:31.805] [bbotk]  0.5772097  0.1758893        0      0            0.328
INFO  [16:59:31.805] [bbotk]                                 uhash
INFO  [16:59:31.805] [bbotk]  32470c77-dd5b-4523-8d95-91a7075d49a2
INFO  [16:59:31.827] [bbotk] Finished optimizing after 3 evaluation(s)
INFO  [16:59:31.827] [bbotk] Result:
INFO  [16:59:31.829] [bbotk]    laplace learner_param_vals  x_domain classif.ce
INFO  [16:59:31.829] [bbotk]      <num>             <list>    <list>      <num>
INFO  [16:59:31.829] [bbotk]  0.4292505          <list[1]> <list[1]>  0.1758893
INFO  [16:59:31.972] [bbotk] Starting to optimize 1 parameter(s) with '<OptimizerBatchRandomSearch>' and '<TerminatorEvals> [n_evals=3, k=0]'
INFO  [16:59:31.979] [bbotk] Evaluating 1 configuration(s)
INFO  [16:59:32.674] [bbotk] Result of batch 1:
INFO  [16:59:32.675] [bbotk]     laplace classif.ce warnings errors runtime_learners
INFO  [16:59:32.675] [bbotk]  0.07238942  0.1757659        0      0            0.645
INFO  [16:59:32.675] [bbotk]                                 uhash
INFO  [16:59:32.675] [bbotk]  4cc66a1b-056d-42c4-8a51-eb56b4f446ae
INFO  [16:59:32.677] [bbotk] Evaluating 1 configuration(s)
INFO  [16:59:33.034] [bbotk] Result of batch 2:
INFO  [16:59:33.035] [bbotk]    laplace classif.ce warnings errors runtime_learners
INFO  [16:59:33.035] [bbotk]  0.3299007  0.1757659        0      0             0.32
INFO  [16:59:33.035] [bbotk]                                 uhash
INFO  [16:59:33.035] [bbotk]  205ec0ee-13f9-40eb-bc4d-56d1cccf7b23
INFO  [16:59:33.042] [bbotk] Evaluating 1 configuration(s)
INFO  [16:59:33.340] [bbotk] Result of batch 3:
INFO  [16:59:33.342] [bbotk]    laplace classif.ce warnings errors runtime_learners
INFO  [16:59:33.342] [bbotk]  0.2770481  0.1757659        0      0             0.25
INFO  [16:59:33.342] [bbotk]                                 uhash
INFO  [16:59:33.342] [bbotk]  19ab04b1-6d7a-4b85-9d48-783ae1a76161
INFO  [16:59:33.349] [bbotk] Finished optimizing after 3 evaluation(s)
INFO  [16:59:33.349] [bbotk] Result:
INFO  [16:59:33.350] [bbotk]     laplace learner_param_vals  x_domain classif.ce
INFO  [16:59:33.350] [bbotk]       <num>             <list>    <list>      <num>
INFO  [16:59:33.350] [bbotk]  0.07238942          <list[1]> <list[1]>  0.1757659
INFO  [16:59:33.451] [bbotk] Starting to optimize 1 parameter(s) with '<OptimizerBatchRandomSearch>' and '<TerminatorEvals> [n_evals=3, k=0]'
INFO  [16:59:33.456] [bbotk] Evaluating 1 configuration(s)
INFO  [16:59:33.748] [bbotk] Result of batch 1:
INFO  [16:59:33.752] [bbotk]  laplace classif.ce warnings errors runtime_learners
INFO  [16:59:33.752] [bbotk]   0.8134  0.1724851        0      0            0.252
INFO  [16:59:33.752] [bbotk]                                 uhash
INFO  [16:59:33.752] [bbotk]  b6894461-37a8-44d3-9183-a74ea65218da
INFO  [16:59:33.757] [bbotk] Evaluating 1 configuration(s)
INFO  [16:59:34.071] [bbotk] Result of batch 2:
INFO  [16:59:34.072] [bbotk]    laplace classif.ce warnings errors runtime_learners
INFO  [16:59:34.072] [bbotk]  0.8338998  0.1724851        0      0            0.274
INFO  [16:59:34.072] [bbotk]                                 uhash
INFO  [16:59:34.072] [bbotk]  e29f2f58-8f5d-4330-84b6-8a45d1997e6d
INFO  [16:59:34.077] [bbotk] Evaluating 1 configuration(s)
INFO  [16:59:34.370] [bbotk] Result of batch 3:
INFO  [16:59:34.371] [bbotk]    laplace classif.ce warnings errors runtime_learners
INFO  [16:59:34.371] [bbotk]  0.6734487  0.1724851        0      0            0.251
INFO  [16:59:34.371] [bbotk]                                 uhash
INFO  [16:59:34.371] [bbotk]  5e66963b-963e-47e7-9ad3-26409a7d6b93
INFO  [16:59:34.377] [bbotk] Finished optimizing after 3 evaluation(s)
INFO  [16:59:34.378] [bbotk] Result:
INFO  [16:59:34.379] [bbotk]  laplace learner_param_vals  x_domain classif.ce
INFO  [16:59:34.379] [bbotk]    <num>             <list>    <list>      <num>
INFO  [16:59:34.379] [bbotk]   0.8134          <list[1]> <list[1]>  0.1724851
[1] -0.5274232
[1] 3.992147
Warning in value[[3L]](cond) :
  beta_calibration failed: uniroot endpoint sign mismatch.
This happened PipeOp classif.naive_bayes's $train()

### [bt]: Job terminated successfully [batchtools job.id=1589]
### [bt]: Starting job [batchtools job.id=1590]
### [bt]: Generating problem instance for problem '42e9f2146ba77696' ...
### [bt]: Applying algorithm 'run_learner' on problem '42e9f2146ba77696' for job 1590 (seed = 1591) ...
INFO  [16:59:34.699] [mlr3] Applying learner 'classif.naive_bayes.tuned_calib.oof_beta' on task 'kc1' (iter 10/10)
INFO  [16:59:34.748] [bbotk] Starting to optimize 1 parameter(s) with '<OptimizerBatchRandomSearch>' and '<TerminatorEvals> [n_evals=3, k=0]'
INFO  [16:59:34.752] [bbotk] Evaluating 1 configuration(s)
INFO  [16:59:35.075] [bbotk] Result of batch 1:
INFO  [16:59:35.076] [bbotk]    laplace classif.ce warnings errors runtime_learners
INFO  [16:59:35.076] [bbotk]  0.5024375  0.1737818        0      0            0.284
INFO  [16:59:35.076] [bbotk]                                 uhash
INFO  [16:59:35.076] [bbotk]  7921bf1e-d84b-46c0-9a0d-1cd459d693fc
INFO  [16:59:35.078] [bbotk] Evaluating 1 configuration(s)
INFO  [16:59:35.397] [bbotk] Result of batch 2:
INFO  [16:59:35.399] [bbotk]    laplace classif.ce warnings errors runtime_learners
INFO  [16:59:35.399] [bbotk]  0.3677689  0.1737818        0      0            0.271
INFO  [16:59:35.399] [bbotk]                                 uhash
INFO  [16:59:35.399] [bbotk]  c52de064-c40d-451b-9937-77b1eb9f1522
INFO  [16:59:35.413] [bbotk] Evaluating 1 configuration(s)
INFO  [16:59:35.733] [bbotk] Result of batch 3:
INFO  [16:59:35.737] [bbotk]    laplace classif.ce warnings errors runtime_learners
INFO  [16:59:35.737] [bbotk]  0.8957164  0.1737818        0      0            0.255
INFO  [16:59:35.737] [bbotk]                                 uhash
INFO  [16:59:35.737] [bbotk]  b27e7075-bccb-457b-9284-079913ee57e2
INFO  [16:59:35.751] [bbotk] Finished optimizing after 3 evaluation(s)
INFO  [16:59:35.752] [bbotk] Result:
INFO  [16:59:35.753] [bbotk]    laplace learner_param_vals  x_domain classif.ce
INFO  [16:59:35.753] [bbotk]      <num>             <list>    <list>      <num>
INFO  [16:59:35.753] [bbotk]  0.5024375          <list[1]> <list[1]>  0.1737818
INFO  [16:59:35.893] [bbotk] Starting to optimize 1 parameter(s) with '<OptimizerBatchRandomSearch>' and '<TerminatorEvals> [n_evals=3, k=0]'
INFO  [16:59:35.897] [bbotk] Evaluating 1 configuration(s)
INFO  [16:59:36.177] [bbotk] Result of batch 1:
INFO  [16:59:36.179] [bbotk]    laplace classif.ce warnings errors runtime_learners
INFO  [16:59:36.179] [bbotk]  0.7274567  0.1678711        0      0            0.235
INFO  [16:59:36.179] [bbotk]                                 uhash
INFO  [16:59:36.179] [bbotk]  1ce4a80b-9963-4e64-9a2f-0417d9fdf273
INFO  [16:59:36.182] [bbotk] Evaluating 1 configuration(s)
INFO  [16:59:36.448] [bbotk] Result of batch 2:
INFO  [16:59:36.450] [bbotk]    laplace classif.ce warnings errors runtime_learners
INFO  [16:59:36.450] [bbotk]  0.5865812  0.1678711        0      0            0.234
INFO  [16:59:36.450] [bbotk]                                 uhash
INFO  [16:59:36.450] [bbotk]  6975c528-ca5e-4fa1-8bab-3de7769d8ed3
INFO  [16:59:36.456] [bbotk] Evaluating 1 configuration(s)
INFO  [16:59:36.738] [bbotk] Result of batch 3:
INFO  [16:59:36.739] [bbotk]    laplace classif.ce warnings errors runtime_learners
INFO  [16:59:36.739] [bbotk]  0.5055333  0.1678711        0      0            0.234
INFO  [16:59:36.739] [bbotk]                                 uhash
INFO  [16:59:36.739] [bbotk]  e77604f0-c24a-4e93-932e-2d95786cf896
INFO  [16:59:36.749] [bbotk] Finished optimizing after 3 evaluation(s)
INFO  [16:59:36.749] [bbotk] Result:
INFO  [16:59:36.751] [bbotk]    laplace learner_param_vals  x_domain classif.ce
INFO  [16:59:36.751] [bbotk]      <num>             <list>    <list>      <num>
INFO  [16:59:36.751] [bbotk]  0.7274567          <list[1]> <list[1]>  0.1678711
INFO  [16:59:36.885] [bbotk] Starting to optimize 1 parameter(s) with '<OptimizerBatchRandomSearch>' and '<TerminatorEvals> [n_evals=3, k=0]'
INFO  [16:59:36.895] [bbotk] Evaluating 1 configuration(s)
INFO  [16:59:37.216] [bbotk] Result of batch 1:
INFO  [16:59:37.217] [bbotk]   laplace classif.ce warnings errors runtime_learners
INFO  [16:59:37.217] [bbotk]  0.175244  0.1803954        0      0            0.271
INFO  [16:59:37.217] [bbotk]                                 uhash
INFO  [16:59:37.217] [bbotk]  6ecf152a-e400-410a-acee-9fc062ea0a94
INFO  [16:59:37.219] [bbotk] Evaluating 1 configuration(s)
INFO  [16:59:37.577] [bbotk] Result of batch 2:
INFO  [16:59:37.578] [bbotk]    laplace classif.ce warnings errors runtime_learners
INFO  [16:59:37.578] [bbotk]  0.8300312  0.1803954        0      0            0.299
INFO  [16:59:37.578] [bbotk]                                 uhash
INFO  [16:59:37.578] [bbotk]  c12b0e6e-dddc-4c3a-ab8f-e270b37304df
INFO  [16:59:37.580] [bbotk] Evaluating 1 configuration(s)
INFO  [16:59:37.920] [bbotk] Result of batch 3:
INFO  [16:59:37.922] [bbotk]    laplace classif.ce warnings errors runtime_learners
INFO  [16:59:37.922] [bbotk]  0.8831421  0.1803954        0      0            0.279
INFO  [16:59:37.922] [bbotk]                                 uhash
INFO  [16:59:37.922] [bbotk]  d552b2dd-994e-4629-9476-7df23643473d
INFO  [16:59:37.931] [bbotk] Finished optimizing after 3 evaluation(s)
INFO  [16:59:37.932] [bbotk] Result:
INFO  [16:59:37.933] [bbotk]   laplace learner_param_vals  x_domain classif.ce
INFO  [16:59:37.933] [bbotk]     <num>             <list>    <list>      <num>
INFO  [16:59:37.933] [bbotk]  0.175244          <list[1]> <list[1]>  0.1803954
INFO  [16:59:38.031] [bbotk] Starting to optimize 1 parameter(s) with '<OptimizerBatchRandomSearch>' and '<TerminatorEvals> [n_evals=3, k=0]'
INFO  [16:59:38.036] [bbotk] Evaluating 1 configuration(s)
INFO  [16:59:38.361] [bbotk] Result of batch 1:
INFO  [16:59:38.368] [bbotk]    laplace classif.ce warnings errors runtime_learners
INFO  [16:59:38.368] [bbotk]  0.6744934  0.1797094        0      0            0.282
INFO  [16:59:38.368] [bbotk]                                 uhash
INFO  [16:59:38.368] [bbotk]  b3c33c4e-d87f-4eb8-b7f0-ed8f87dadd51
INFO  [16:59:38.372] [bbotk] Evaluating 1 configuration(s)
INFO  [16:59:38.696] [bbotk] Result of batch 2:
INFO  [16:59:38.698] [bbotk]    laplace classif.ce warnings errors runtime_learners
INFO  [16:59:38.698] [bbotk]  0.4049172  0.1797094        0      0            0.285
INFO  [16:59:38.698] [bbotk]                                 uhash
INFO  [16:59:38.698] [bbotk]  06c3ebb1-a182-464f-b61c-e28912ea1a3e
INFO  [16:59:38.703] [bbotk] Evaluating 1 configuration(s)
INFO  [16:59:38.994] [bbotk] Result of batch 3:
INFO  [16:59:38.995] [bbotk]   laplace classif.ce warnings errors runtime_learners
INFO  [16:59:38.995] [bbotk]  0.411486  0.1797094        0      0            0.252
INFO  [16:59:38.995] [bbotk]                                 uhash
INFO  [16:59:38.995] [bbotk]  33ae6b30-8350-4896-afa4-c56092eb607b
INFO  [16:59:39.009] [bbotk] Finished optimizing after 3 evaluation(s)
INFO  [16:59:39.009] [bbotk] Result:
INFO  [16:59:39.011] [bbotk]    laplace learner_param_vals  x_domain classif.ce
INFO  [16:59:39.011] [bbotk]      <num>             <list>    <list>      <num>
INFO  [16:59:39.011] [bbotk]  0.6744934          <list[1]> <list[1]>  0.1797094
INFO  [16:59:39.132] [bbotk] Starting to optimize 1 parameter(s) with '<OptimizerBatchRandomSearch>' and '<TerminatorEvals> [n_evals=3, k=0]'
INFO  [16:59:39.144] [bbotk] Evaluating 1 configuration(s)
INFO  [16:59:39.545] [bbotk] Result of batch 1:
INFO  [16:59:39.549] [bbotk]    laplace classif.ce warnings errors runtime_learners
INFO  [16:59:39.549] [bbotk]  0.2993482  0.1736818        0      0            0.328
INFO  [16:59:39.549] [bbotk]                                 uhash
INFO  [16:59:39.549] [bbotk]  9ec461d1-3ea6-4fd9-af08-bd51e503bb61
INFO  [16:59:39.552] [bbotk] Evaluating 1 configuration(s)
INFO  [16:59:39.850] [bbotk] Result of batch 2:
INFO  [16:59:39.852] [bbotk]    laplace classif.ce warnings errors runtime_learners
INFO  [16:59:39.852] [bbotk]  0.2069608  0.1736818        0      0            0.269
INFO  [16:59:39.852] [bbotk]                                 uhash
INFO  [16:59:39.852] [bbotk]  ae15b5bc-a882-44ce-b8a3-8236b68470bf
INFO  [16:59:39.857] [bbotk] Evaluating 1 configuration(s)
INFO  [16:59:40.134] [bbotk] Result of batch 3:
INFO  [16:59:40.135] [bbotk]    laplace classif.ce warnings errors runtime_learners
INFO  [16:59:40.135] [bbotk]  0.7068503  0.1736818        0      0            0.239
INFO  [16:59:40.135] [bbotk]                                 uhash
INFO  [16:59:40.135] [bbotk]  53395774-0534-4aec-b0ce-f5df3fe62edf
INFO  [16:59:40.151] [bbotk] Finished optimizing after 3 evaluation(s)
INFO  [16:59:40.151] [bbotk] Result:
INFO  [16:59:40.152] [bbotk]    laplace learner_param_vals  x_domain classif.ce
INFO  [16:59:40.152] [bbotk]      <num>             <list>    <list>      <num>
INFO  [16:59:40.152] [bbotk]  0.2993482          <list[1]> <list[1]>  0.1736818
[1] -0.3068384
[1] 4.161163
Warning in value[[3L]](cond) :
  beta_calibration failed: uniroot endpoint sign mismatch.
This happened PipeOp classif.naive_bayes's $train()

### [bt]: Job terminated successfully [batchtools job.id=1590]
### [bt]: Calculation finished!
