### [bt]: This is batchtools v0.9.17
### [bt]: Starting calculation of 5 jobs
### [bt]: Setting working directory to '/Users/User/Documents/Studium/Semester8/Hiwi/mlr3calibration/vignettes'
### [bt]: Memory measurement disabled
### [bt]: Starting job [batchtools job.id=3871]
### [bt]: Generating problem instance for problem '01ea4b20a58e68c2' ...
### [bt]: Applying algorithm 'run_learner' on problem '01ea4b20a58e68c2' for job 3871 (seed = 3872) ...
INFO  [17:38:43.321] [mlr3] Applying learner 'classif.xgboost.tuned_calib.tunefirst.perfold_platt' on task 'wilt' (iter 1/10)
INFO  [17:38:43.346] [bbotk] Starting to optimize 3 parameter(s) with '<OptimizerBatchRandomSearch>' and '<TerminatorEvals> [n_evals=10, k=0]'
INFO  [17:38:43.355] [bbotk] Evaluating 1 configuration(s)
INFO  [17:38:43.633] [bbotk] Result of batch 1:
INFO  [17:38:43.636] [bbotk]  nrounds      eta max_depth classif.ce warnings errors runtime_learners
INFO  [17:38:43.636] [bbotk]       51 0.258878        10 0.01446677        0      0            0.231
INFO  [17:38:43.636] [bbotk]                                 uhash
INFO  [17:38:43.636] [bbotk]  ef7773f6-af2f-4cfb-b317-d4bb1a3bb4fd
INFO  [17:38:43.647] [bbotk] Evaluating 1 configuration(s)
INFO  [17:38:44.338] [bbotk] Result of batch 2:
INFO  [17:38:44.340] [bbotk]  nrounds       eta max_depth classif.ce warnings errors runtime_learners
INFO  [17:38:44.340] [bbotk]      222 0.1405039         3 0.01354833        0      0            0.658
INFO  [17:38:44.340] [bbotk]                                 uhash
INFO  [17:38:44.340] [bbotk]  8caa0496-579a-4695-a1ff-ca2092fb1a50
INFO  [17:38:44.345] [bbotk] Evaluating 1 configuration(s)
INFO  [17:38:45.847] [bbotk] Result of batch 3:
INFO  [17:38:45.849] [bbotk]  nrounds        eta max_depth classif.ce warnings errors runtime_learners
INFO  [17:38:45.849] [bbotk]      299 0.02459095         5 0.01515563        0      0            1.454
INFO  [17:38:45.849] [bbotk]                                 uhash
INFO  [17:38:45.849] [bbotk]  7fbe81b2-ed6a-4851-98e0-0807cf169049
INFO  [17:38:45.860] [bbotk] Evaluating 1 configuration(s)
INFO  [17:38:46.287] [bbotk] Result of batch 4:
INFO  [17:38:46.289] [bbotk]  nrounds      eta max_depth classif.ce warnings errors runtime_learners
INFO  [17:38:46.289] [bbotk]      104 0.197593         4 0.01354833        0      0            0.378
INFO  [17:38:46.289] [bbotk]                                 uhash
INFO  [17:38:46.289] [bbotk]  9f094349-f7f5-4b61-9a7c-587bc674374a
INFO  [17:38:46.296] [bbotk] Evaluating 1 configuration(s)
INFO  [17:38:47.013] [bbotk] Result of batch 5:
INFO  [17:38:47.014] [bbotk]  nrounds      eta max_depth classif.ce warnings errors runtime_learners
INFO  [17:38:47.014] [bbotk]      202 0.270264         5  0.0151561        0      0            0.668
INFO  [17:38:47.014] [bbotk]                                 uhash
INFO  [17:38:47.014] [bbotk]  0d4258ca-025f-4173-a253-b8e68a7defda
INFO  [17:38:47.023] [bbotk] Evaluating 1 configuration(s)
INFO  [17:38:48.019] [bbotk] Result of batch 6:
INFO  [17:38:48.021] [bbotk]  nrounds       eta max_depth classif.ce warnings errors runtime_learners
INFO  [17:38:48.021] [bbotk]      278 0.2024444         5 0.01515595        0      0             0.94
INFO  [17:38:48.021] [bbotk]                                 uhash
INFO  [17:38:48.021] [bbotk]  a5f6deab-89de-40f2-be27-5c180a70eebc
INFO  [17:38:48.031] [bbotk] Evaluating 1 configuration(s)
INFO  [17:38:48.291] [bbotk] Result of batch 7:
INFO  [17:38:48.292] [bbotk]  nrounds       eta max_depth classif.ce warnings errors runtime_learners
INFO  [17:38:48.292] [bbotk]       84 0.1394065         2 0.01676277        0      0            0.191
INFO  [17:38:48.292] [bbotk]                                 uhash
INFO  [17:38:48.292] [bbotk]  c73e5716-8d9e-4831-9147-cd9af265c736
INFO  [17:38:48.296] [bbotk] Evaluating 1 configuration(s)
INFO  [17:38:49.230] [bbotk] Result of batch 8:
INFO  [17:38:49.231] [bbotk]  nrounds       eta max_depth classif.ce warnings errors runtime_learners
INFO  [17:38:49.231] [bbotk]      175 0.1075905         6  0.0149259        0      0            0.878
INFO  [17:38:49.231] [bbotk]                                 uhash
INFO  [17:38:49.231] [bbotk]  072d1c49-2372-4c61-beae-c8bb811ced57
INFO  [17:38:49.235] [bbotk] Evaluating 1 configuration(s)
INFO  [17:38:49.504] [bbotk] Result of batch 9:
INFO  [17:38:49.507] [bbotk]  nrounds        eta max_depth classif.ce warnings errors runtime_learners
INFO  [17:38:49.507] [bbotk]       59 0.09851678         4 0.01584418        0      0            0.229
INFO  [17:38:49.507] [bbotk]                                 uhash
INFO  [17:38:49.507] [bbotk]  dac5fe4d-a4c3-4973-abab-8ae83c64bc0b
INFO  [17:38:49.522] [bbotk] Evaluating 1 configuration(s)
INFO  [17:38:50.360] [bbotk] Result of batch 10:
INFO  [17:38:50.362] [bbotk]  nrounds       eta max_depth classif.ce warnings errors runtime_learners
INFO  [17:38:50.362] [bbotk]      160 0.1142725         7  0.0149259        0      0            0.789
INFO  [17:38:50.362] [bbotk]                                 uhash
INFO  [17:38:50.362] [bbotk]  11336328-2b18-4fa0-8f12-25fc7abcc96a
INFO  [17:38:50.374] [bbotk] Finished optimizing after 10 evaluation(s)
INFO  [17:38:50.374] [bbotk] Result:
INFO  [17:38:50.375] [bbotk]  nrounds       eta max_depth learner_param_vals  x_domain classif.ce
INFO  [17:38:50.375] [bbotk]    <int>     <num>     <int>             <list>    <list>      <num>
INFO  [17:38:50.375] [bbotk]      222 0.1405039         3          <list[5]> <list[3]> 0.01354833

### [bt]: Job terminated successfully [batchtools job.id=3871]
### [bt]: Starting job [batchtools job.id=3872]
### [bt]: Generating problem instance for problem '01ea4b20a58e68c2' ...
### [bt]: Applying algorithm 'run_learner' on problem '01ea4b20a58e68c2' for job 3872 (seed = 3873) ...
INFO  [17:38:52.286] [mlr3] Applying learner 'classif.xgboost.tuned_calib.tunefirst.perfold_platt' on task 'wilt' (iter 2/10)
INFO  [17:38:52.368] [bbotk] Starting to optimize 3 parameter(s) with '<OptimizerBatchRandomSearch>' and '<TerminatorEvals> [n_evals=10, k=0]'
INFO  [17:38:52.383] [bbotk] Evaluating 1 configuration(s)
INFO  [17:38:53.271] [bbotk] Result of batch 1:
INFO  [17:38:53.278] [bbotk]  nrounds       eta max_depth classif.ce warnings errors runtime_learners
INFO  [17:38:53.278] [bbotk]      244 0.2395454         6 0.01285884        0      0            0.849
INFO  [17:38:53.278] [bbotk]                                 uhash
INFO  [17:38:53.278] [bbotk]  6d124a57-04d1-4ee6-81d5-05b2fc8ebd09
INFO  [17:38:53.288] [bbotk] Evaluating 1 configuration(s)
INFO  [17:38:53.882] [bbotk] Result of batch 2:
INFO  [17:38:53.883] [bbotk]  nrounds       eta max_depth classif.ce warnings errors runtime_learners
INFO  [17:38:53.883] [bbotk]      136 0.2212144         6 0.01308872        0      0             0.55
INFO  [17:38:53.883] [bbotk]                                 uhash
INFO  [17:38:53.883] [bbotk]  efdcb567-4b5d-45c5-9197-cd3d8addb9dc
INFO  [17:38:53.887] [bbotk] Evaluating 1 configuration(s)
INFO  [17:38:54.600] [bbotk] Result of batch 3:
INFO  [17:38:54.601] [bbotk]  nrounds       eta max_depth classif.ce warnings errors runtime_learners
INFO  [17:38:54.601] [bbotk]      194 0.2376241        10 0.01308856        0      0            0.685
INFO  [17:38:54.601] [bbotk]                                 uhash
INFO  [17:38:54.601] [bbotk]  d506c993-c772-425a-afe4-290f3e675754
INFO  [17:38:54.605] [bbotk] Evaluating 1 configuration(s)
INFO  [17:38:54.962] [bbotk] Result of batch 4:
INFO  [17:38:54.963] [bbotk]  nrounds       eta max_depth classif.ce warnings errors runtime_learners
INFO  [17:38:54.963] [bbotk]      124 0.2864515         3 0.01354802        0      0            0.321
INFO  [17:38:54.963] [bbotk]                                 uhash
INFO  [17:38:54.963] [bbotk]  3307e189-1827-43f1-b971-5957c3a9b929
INFO  [17:38:54.968] [bbotk] Evaluating 1 configuration(s)
INFO  [17:38:55.870] [bbotk] Result of batch 5:
INFO  [17:38:55.871] [bbotk]  nrounds       eta max_depth classif.ce warnings errors runtime_learners
INFO  [17:38:55.871] [bbotk]      223 0.2251254         5  0.0135477        0      0             0.84
INFO  [17:38:55.871] [bbotk]                                 uhash
INFO  [17:38:55.871] [bbotk]  b695388d-d69f-45de-b7c2-18d959786bcc
INFO  [17:38:55.875] [bbotk] Evaluating 1 configuration(s)
INFO  [17:38:56.799] [bbotk] Result of batch 6:
INFO  [17:38:56.801] [bbotk]  nrounds       eta max_depth classif.ce warnings errors runtime_learners
INFO  [17:38:56.801] [bbotk]      300 0.2811268         9 0.01285868        0      0            0.875
INFO  [17:38:56.801] [bbotk]                                 uhash
INFO  [17:38:56.801] [bbotk]  9c0a75b7-4682-4f11-9cf1-20595d3c76ab
INFO  [17:38:56.816] [bbotk] Evaluating 1 configuration(s)
INFO  [17:38:57.254] [bbotk] Result of batch 7:
INFO  [17:38:57.255] [bbotk]  nrounds       eta max_depth classif.ce warnings errors runtime_learners
INFO  [17:38:57.255] [bbotk]      181 0.2472974         2 0.01285931        0      0            0.392
INFO  [17:38:57.255] [bbotk]                                 uhash
INFO  [17:38:57.255] [bbotk]  ebc8b785-0214-487f-ad90-ca652dd36757
INFO  [17:38:57.262] [bbotk] Evaluating 1 configuration(s)
INFO  [17:38:58.106] [bbotk] Result of batch 8:
INFO  [17:38:58.107] [bbotk]  nrounds       eta max_depth classif.ce warnings errors runtime_learners
INFO  [17:38:58.107] [bbotk]      223 0.1969615         4 0.01285884        0      0            0.795
INFO  [17:38:58.107] [bbotk]                                 uhash
INFO  [17:38:58.107] [bbotk]  8a1b6d6b-54cc-449c-a56e-ccf37f1cf483
INFO  [17:38:58.111] [bbotk] Evaluating 1 configuration(s)
INFO  [17:38:59.083] [bbotk] Result of batch 9:
INFO  [17:38:59.086] [bbotk]  nrounds        eta max_depth classif.ce warnings errors runtime_learners
INFO  [17:38:59.086] [bbotk]      179 0.05447919         7 0.01331813        0      0            0.931
INFO  [17:38:59.086] [bbotk]                                 uhash
INFO  [17:38:59.086] [bbotk]  05e3868b-df70-4840-8c0a-6229d0fa85cb
INFO  [17:38:59.096] [bbotk] Evaluating 1 configuration(s)
INFO  [17:38:59.785] [bbotk] Result of batch 10:
INFO  [17:38:59.787] [bbotk]  nrounds        eta max_depth classif.ce warnings errors runtime_learners
INFO  [17:38:59.787] [bbotk]      120 0.02120704         7 0.01538441        0      0            0.622
INFO  [17:38:59.787] [bbotk]                                 uhash
INFO  [17:38:59.787] [bbotk]  19e77980-7517-44ab-a51e-5f8aa8d7fe5d
INFO  [17:38:59.812] [bbotk] Finished optimizing after 10 evaluation(s)
INFO  [17:38:59.813] [bbotk] Result:
INFO  [17:38:59.815] [bbotk]  nrounds       eta max_depth learner_param_vals  x_domain classif.ce
INFO  [17:38:59.815] [bbotk]    <int>     <num>     <int>             <list>    <list>      <num>
INFO  [17:38:59.815] [bbotk]      300 0.2811268         9          <list[5]> <list[3]> 0.01285868

### [bt]: Job terminated successfully [batchtools job.id=3872]
### [bt]: Starting job [batchtools job.id=3873]
### [bt]: Generating problem instance for problem '01ea4b20a58e68c2' ...
### [bt]: Applying algorithm 'run_learner' on problem '01ea4b20a58e68c2' for job 3873 (seed = 3874) ...
INFO  [17:39:02.384] [mlr3] Applying learner 'classif.xgboost.tuned_calib.tunefirst.perfold_platt' on task 'wilt' (iter 3/10)
INFO  [17:39:02.433] [bbotk] Starting to optimize 3 parameter(s) with '<OptimizerBatchRandomSearch>' and '<TerminatorEvals> [n_evals=10, k=0]'
INFO  [17:39:02.448] [bbotk] Evaluating 1 configuration(s)
INFO  [17:39:02.996] [bbotk] Result of batch 1:
INFO  [17:39:02.997] [bbotk]  nrounds       eta max_depth classif.ce warnings errors runtime_learners
INFO  [17:39:02.997] [bbotk]      146 0.2711803         4 0.01584497        0      0            0.497
INFO  [17:39:02.997] [bbotk]                                 uhash
INFO  [17:39:02.997] [bbotk]  9868554a-7f23-4371-8382-7daf72fb716c
INFO  [17:39:03.003] [bbotk] Evaluating 1 configuration(s)
INFO  [17:39:03.758] [bbotk] Result of batch 2:
INFO  [17:39:03.759] [bbotk]  nrounds       eta max_depth classif.ce warnings errors runtime_learners
INFO  [17:39:03.759] [bbotk]      168 0.1928021         6 0.01607422        0      0            0.698
INFO  [17:39:03.759] [bbotk]                                 uhash
INFO  [17:39:03.759] [bbotk]  ef66de8d-5819-4af8-8ccb-22d11ee70922
INFO  [17:39:03.762] [bbotk] Evaluating 1 configuration(s)
INFO  [17:39:05.260] [bbotk] Result of batch 3:
INFO  [17:39:05.264] [bbotk]  nrounds        eta max_depth classif.ce warnings errors runtime_learners
INFO  [17:39:05.264] [bbotk]      265 0.04449192        10 0.01561477        0      0            1.438
INFO  [17:39:05.264] [bbotk]                                 uhash
INFO  [17:39:05.264] [bbotk]  58020fd6-74c4-4a1e-9daf-45219a81cc0a
INFO  [17:39:05.269] [bbotk] Evaluating 1 configuration(s)
INFO  [17:39:05.841] [bbotk] Result of batch 4:
INFO  [17:39:05.843] [bbotk]  nrounds       eta max_depth classif.ce warnings errors runtime_learners
INFO  [17:39:05.843] [bbotk]      159 0.1168049         3 0.01538536        0      0            0.519
INFO  [17:39:05.843] [bbotk]                                 uhash
INFO  [17:39:05.843] [bbotk]  4e5e1fe1-e6bb-467e-8a9b-d4a486e07e20
INFO  [17:39:05.852] [bbotk] Evaluating 1 configuration(s)
INFO  [17:39:06.885] [bbotk] Result of batch 5:
INFO  [17:39:06.887] [bbotk]  nrounds       eta max_depth classif.ce warnings errors runtime_learners
INFO  [17:39:06.887] [bbotk]      298 0.2436217         9 0.01515595        0      0            0.997
INFO  [17:39:06.887] [bbotk]                                 uhash
INFO  [17:39:06.887] [bbotk]  25a0e024-7029-44b2-addc-c3fc93116e0a
INFO  [17:39:06.905] [bbotk] Evaluating 1 configuration(s)
INFO  [17:39:07.361] [bbotk] Result of batch 6:
INFO  [17:39:07.363] [bbotk]  nrounds       eta max_depth classif.ce warnings errors runtime_learners
INFO  [17:39:07.363] [bbotk]      226 0.2883374         2 0.01538536        0      0            0.403
INFO  [17:39:07.363] [bbotk]                                 uhash
INFO  [17:39:07.363] [bbotk]  b608d1e6-4a05-4231-8bea-d2f908bb7bde
INFO  [17:39:07.370] [bbotk] Evaluating 1 configuration(s)
INFO  [17:39:07.838] [bbotk] Result of batch 7:
INFO  [17:39:07.839] [bbotk]  nrounds       eta max_depth classif.ce warnings errors runtime_learners
INFO  [17:39:07.839] [bbotk]       81 0.1713836        10  0.0153852        0      0            0.407
INFO  [17:39:07.839] [bbotk]                                 uhash
INFO  [17:39:07.839] [bbotk]  93b1ec95-ad1d-42c5-9a81-84611b986d5e
INFO  [17:39:07.843] [bbotk] Evaluating 1 configuration(s)
INFO  [17:39:08.667] [bbotk] Result of batch 8:
INFO  [17:39:08.669] [bbotk]  nrounds       eta max_depth classif.ce warnings errors runtime_learners
INFO  [17:39:08.669] [bbotk]      286 0.2987687         5  0.0176812        0      0            0.786
INFO  [17:39:08.669] [bbotk]                                 uhash
INFO  [17:39:08.669] [bbotk]  b69557a2-844a-4301-8cec-e33c8876bae8
INFO  [17:39:08.679] [bbotk] Evaluating 1 configuration(s)
INFO  [17:39:09.154] [bbotk] Result of batch 9:
INFO  [17:39:09.156] [bbotk]  nrounds       eta max_depth classif.ce warnings errors runtime_learners
INFO  [17:39:09.156] [bbotk]       90 0.1990434         7 0.01538504        0      0            0.419
INFO  [17:39:09.156] [bbotk]                                 uhash
INFO  [17:39:09.156] [bbotk]  18c9cab2-96de-4f0b-a911-33599cfde96f
INFO  [17:39:09.163] [bbotk] Evaluating 1 configuration(s)
INFO  [17:39:10.118] [bbotk] Result of batch 10:
INFO  [17:39:10.120] [bbotk]  nrounds        eta max_depth classif.ce warnings errors runtime_learners
INFO  [17:39:10.120] [bbotk]      159 0.01452697        10 0.01791124        0      0            0.906
INFO  [17:39:10.120] [bbotk]                                 uhash
INFO  [17:39:10.120] [bbotk]  d76e4c0d-83c5-49fc-bed2-460d65bd3578
INFO  [17:39:10.130] [bbotk] Finished optimizing after 10 evaluation(s)
INFO  [17:39:10.130] [bbotk] Result:
INFO  [17:39:10.131] [bbotk]  nrounds       eta max_depth learner_param_vals  x_domain classif.ce
INFO  [17:39:10.131] [bbotk]    <int>     <num>     <int>             <list>    <list>      <num>
INFO  [17:39:10.131] [bbotk]      298 0.2436217         9          <list[5]> <list[3]> 0.01515595

### [bt]: Job terminated successfully [batchtools job.id=3873]
### [bt]: Starting job [batchtools job.id=3874]
### [bt]: Generating problem instance for problem '01ea4b20a58e68c2' ...
### [bt]: Applying algorithm 'run_learner' on problem '01ea4b20a58e68c2' for job 3874 (seed = 3875) ...
INFO  [17:39:12.739] [mlr3] Applying learner 'classif.xgboost.tuned_calib.tunefirst.perfold_platt' on task 'wilt' (iter 4/10)
INFO  [17:39:12.773] [bbotk] Starting to optimize 3 parameter(s) with '<OptimizerBatchRandomSearch>' and '<TerminatorEvals> [n_evals=10, k=0]'
INFO  [17:39:12.790] [bbotk] Evaluating 1 configuration(s)
INFO  [17:39:13.284] [bbotk] Result of batch 1:
INFO  [17:39:13.285] [bbotk]  nrounds       eta max_depth classif.ce warnings errors runtime_learners
INFO  [17:39:13.285] [bbotk]      144 0.1630005         3 0.01538409        0      0             0.44
INFO  [17:39:13.285] [bbotk]                                 uhash
INFO  [17:39:13.285] [bbotk]  fe9acbf4-a713-4c9e-aa2c-02d7699bdd3c
INFO  [17:39:13.299] [bbotk] Evaluating 1 configuration(s)
INFO  [17:39:14.203] [bbotk] Result of batch 2:
INFO  [17:39:14.204] [bbotk]  nrounds       eta max_depth classif.ce warnings errors runtime_learners
INFO  [17:39:14.204] [bbotk]      196 0.1736795         7 0.01745131        0      0             0.86
INFO  [17:39:14.204] [bbotk]                                 uhash
INFO  [17:39:14.204] [bbotk]  e086f934-b855-483b-9fa6-52688919c362
INFO  [17:39:14.214] [bbotk] Evaluating 1 configuration(s)
INFO  [17:39:14.594] [bbotk] Result of batch 3:
INFO  [17:39:14.597] [bbotk]  nrounds       eta max_depth classif.ce warnings errors runtime_learners
INFO  [17:39:14.597] [bbotk]       59 0.2677029        10 0.01630252        0      0            0.323
INFO  [17:39:14.597] [bbotk]                                 uhash
INFO  [17:39:14.597] [bbotk]  a51d42ff-64f9-4a94-9eee-05bdfd18170a
INFO  [17:39:14.613] [bbotk] Evaluating 1 configuration(s)
INFO  [17:39:16.243] [bbotk] Result of batch 4:
INFO  [17:39:16.246] [bbotk]  nrounds        eta max_depth classif.ce warnings errors runtime_learners
INFO  [17:39:16.246] [bbotk]      289 0.03164165        10 0.01630284        0      0            1.569
INFO  [17:39:16.246] [bbotk]                                 uhash
INFO  [17:39:16.246] [bbotk]  7e650e74-e509-4da8-ad90-651440229ad3
INFO  [17:39:16.260] [bbotk] Evaluating 1 configuration(s)
INFO  [17:39:16.694] [bbotk] Result of batch 5:
INFO  [17:39:16.695] [bbotk]  nrounds       eta max_depth classif.ce warnings errors runtime_learners
INFO  [17:39:16.695] [bbotk]       73 0.2529321         9 0.01791045        0      0            0.388
INFO  [17:39:16.695] [bbotk]                                 uhash
INFO  [17:39:16.695] [bbotk]  5448b43a-beeb-4fe6-bcc1-2fe2c8c56acb
INFO  [17:39:16.708] [bbotk] Evaluating 1 configuration(s)
INFO  [17:39:17.584] [bbotk] Result of batch 6:
INFO  [17:39:17.585] [bbotk]  nrounds        eta max_depth classif.ce warnings errors runtime_learners
INFO  [17:39:17.585] [bbotk]      193 0.08545004         5 0.01699202        0      0            0.829
INFO  [17:39:17.585] [bbotk]                                 uhash
INFO  [17:39:17.585] [bbotk]  c8bc4046-da9d-45e2-a44c-52752d6a3c22
INFO  [17:39:17.589] [bbotk] Evaluating 1 configuration(s)
INFO  [17:39:18.021] [bbotk] Result of batch 7:
INFO  [17:39:18.022] [bbotk]  nrounds       eta max_depth classif.ce warnings errors runtime_learners
INFO  [17:39:18.022] [bbotk]      189 0.2785141         2 0.01676197        0      0            0.377
INFO  [17:39:18.022] [bbotk]                                 uhash
INFO  [17:39:18.022] [bbotk]  7bd35300-53ad-4634-9a9a-d36044f02957
INFO  [17:39:18.026] [bbotk] Evaluating 1 configuration(s)
INFO  [17:39:18.916] [bbotk] Result of batch 8:
INFO  [17:39:18.923] [bbotk]  nrounds       eta max_depth classif.ce warnings errors runtime_learners
INFO  [17:39:18.923] [bbotk]      240 0.1256836         4 0.01630268        0      0            0.843
INFO  [17:39:18.923] [bbotk]                                 uhash
INFO  [17:39:18.923] [bbotk]  50f4739a-1c80-44d9-a5b5-fdc899badb77
INFO  [17:39:18.935] [bbotk] Evaluating 1 configuration(s)
INFO  [17:39:19.326] [bbotk] Result of batch 9:
INFO  [17:39:19.327] [bbotk]  nrounds       eta max_depth classif.ce warnings errors runtime_learners
INFO  [17:39:19.327] [bbotk]       73 0.2446751         8 0.01722127        0      0            0.353
INFO  [17:39:19.327] [bbotk]                                 uhash
INFO  [17:39:19.327] [bbotk]  ee2eba73-b7e4-409e-a6d7-c9f013b03a6a
INFO  [17:39:19.339] [bbotk] Evaluating 1 configuration(s)
INFO  [17:39:19.721] [bbotk] Result of batch 10:
INFO  [17:39:19.723] [bbotk]  nrounds       eta max_depth classif.ce warnings errors runtime_learners
INFO  [17:39:19.723] [bbotk]       54 0.2722189         6 0.01676213        0      0            0.316
INFO  [17:39:19.723] [bbotk]                                 uhash
INFO  [17:39:19.723] [bbotk]  90fe3e20-7c98-4991-8f3e-03fc1aa93b92
INFO  [17:39:19.740] [bbotk] Finished optimizing after 10 evaluation(s)
INFO  [17:39:19.741] [bbotk] Result:
INFO  [17:39:19.742] [bbotk]  nrounds       eta max_depth learner_param_vals  x_domain classif.ce
INFO  [17:39:19.742] [bbotk]    <int>     <num>     <int>             <list>    <list>      <num>
INFO  [17:39:19.742] [bbotk]      144 0.1630005         3          <list[5]> <list[3]> 0.01538409

### [bt]: Job terminated successfully [batchtools job.id=3874]
### [bt]: Starting job [batchtools job.id=3875]
### [bt]: Generating problem instance for problem '01ea4b20a58e68c2' ...
### [bt]: Applying algorithm 'run_learner' on problem '01ea4b20a58e68c2' for job 3875 (seed = 3876) ...
INFO  [17:39:21.137] [mlr3] Applying learner 'classif.xgboost.tuned_calib.tunefirst.perfold_platt' on task 'wilt' (iter 5/10)
INFO  [17:39:21.193] [bbotk] Starting to optimize 3 parameter(s) with '<OptimizerBatchRandomSearch>' and '<TerminatorEvals> [n_evals=10, k=0]'
INFO  [17:39:21.224] [bbotk] Evaluating 1 configuration(s)
INFO  [17:39:21.996] [bbotk] Result of batch 1:
INFO  [17:39:21.997] [bbotk]  nrounds        eta max_depth classif.ce warnings errors runtime_learners
INFO  [17:39:21.997] [bbotk]      124 0.07341438        10 0.01630268        0      0            0.731
INFO  [17:39:21.997] [bbotk]                                 uhash
INFO  [17:39:21.997] [bbotk]  ddf03eb0-f80f-438b-af47-a2674a08af14
INFO  [17:39:22.004] [bbotk] Evaluating 1 configuration(s)
INFO  [17:39:22.822] [bbotk] Result of batch 2:
INFO  [17:39:22.823] [bbotk]  nrounds       eta max_depth classif.ce warnings errors runtime_learners
INFO  [17:39:22.823] [bbotk]      178 0.2947013         9 0.01607374        0      0             0.77
INFO  [17:39:22.823] [bbotk]                                 uhash
INFO  [17:39:22.823] [bbotk]  2fb1d737-3a55-4e17-96a8-a9bd31ac31ea
INFO  [17:39:22.827] [bbotk] Evaluating 1 configuration(s)
INFO  [17:39:23.618] [bbotk] Result of batch 3:
INFO  [17:39:23.621] [bbotk]  nrounds       eta max_depth classif.ce warnings errors runtime_learners
INFO  [17:39:23.621] [bbotk]      175 0.1402023         5 0.01676277        0      0            0.746
INFO  [17:39:23.621] [bbotk]                                 uhash
INFO  [17:39:23.621] [bbotk]  3977579d-774e-41df-b4b8-2487f07c392c
INFO  [17:39:23.631] [bbotk] Evaluating 1 configuration(s)
INFO  [17:39:24.355] [bbotk] Result of batch 4:
INFO  [17:39:24.356] [bbotk]  nrounds       eta max_depth classif.ce warnings errors runtime_learners
INFO  [17:39:24.356] [bbotk]      254 0.2480889         3 0.01630379        0      0            0.673
INFO  [17:39:24.356] [bbotk]                                 uhash
INFO  [17:39:24.356] [bbotk]  df553349-977b-4db4-a0f0-cca2c6fbbb93
INFO  [17:39:24.364] [bbotk] Evaluating 1 configuration(s)
INFO  [17:39:25.249] [bbotk] Result of batch 5:
INFO  [17:39:25.250] [bbotk]  nrounds       eta max_depth classif.ce warnings errors runtime_learners
INFO  [17:39:25.250] [bbotk]      227 0.1509686         5 0.01561461        0      0            0.829
INFO  [17:39:25.250] [bbotk]                                 uhash
INFO  [17:39:25.250] [bbotk]  57e64b4e-a9ab-430c-8cf9-36cbbe326460
INFO  [17:39:25.255] [bbotk] Evaluating 1 configuration(s)
INFO  [17:39:26.187] [bbotk] Result of batch 6:
INFO  [17:39:26.189] [bbotk]  nrounds       eta max_depth classif.ce warnings errors runtime_learners
INFO  [17:39:26.189] [bbotk]      219 0.0965826        10 0.01630315        0      0            0.882
INFO  [17:39:26.189] [bbotk]                                 uhash
INFO  [17:39:26.189] [bbotk]  ff21f035-db4f-4ddf-8527-bbf5278256e5
INFO  [17:39:26.199] [bbotk] Evaluating 1 configuration(s)
INFO  [17:39:27.194] [bbotk] Result of batch 7:
INFO  [17:39:27.196] [bbotk]  nrounds       eta max_depth classif.ce warnings errors runtime_learners
INFO  [17:39:27.196] [bbotk]      258 0.1077815         8 0.01561429        0      0            0.946
INFO  [17:39:27.196] [bbotk]                                 uhash
INFO  [17:39:27.196] [bbotk]  754533a9-9fb9-40e5-a9f4-bfc28cae35f9
INFO  [17:39:27.201] [bbotk] Evaluating 1 configuration(s)
INFO  [17:39:27.625] [bbotk] Result of batch 8:
INFO  [17:39:27.626] [bbotk]  nrounds       eta max_depth classif.ce warnings errors runtime_learners
INFO  [17:39:27.626] [bbotk]      223 0.2977178         2 0.01653304        0      0            0.393
INFO  [17:39:27.626] [bbotk]                                 uhash
INFO  [17:39:27.626] [bbotk]  4c7541ef-b832-4969-9f5b-e71f0f121e5e
INFO  [17:39:27.632] [bbotk] Evaluating 1 configuration(s)
INFO  [17:39:28.543] [bbotk] Result of batch 9:
INFO  [17:39:28.544] [bbotk]  nrounds       eta max_depth classif.ce warnings errors runtime_learners
INFO  [17:39:28.544] [bbotk]      282 0.1726158         7 0.01515563        0      0            0.867
INFO  [17:39:28.544] [bbotk]                                 uhash
INFO  [17:39:28.544] [bbotk]  0e5c2acb-8c52-4664-a6d6-36022fc1b88a
INFO  [17:39:28.550] [bbotk] Evaluating 1 configuration(s)
INFO  [17:39:29.401] [bbotk] Result of batch 10:
INFO  [17:39:29.402] [bbotk]  nrounds        eta max_depth classif.ce warnings errors runtime_learners
INFO  [17:39:29.402] [bbotk]      188 0.05974414         7 0.01676229        0      0            0.802
INFO  [17:39:29.402] [bbotk]                                 uhash
INFO  [17:39:29.402] [bbotk]  a061ccf3-311b-4054-9dec-76fd1c3dfde6
INFO  [17:39:29.414] [bbotk] Finished optimizing after 10 evaluation(s)
INFO  [17:39:29.414] [bbotk] Result:
INFO  [17:39:29.416] [bbotk]  nrounds       eta max_depth learner_param_vals  x_domain classif.ce
INFO  [17:39:29.416] [bbotk]    <int>     <num>     <int>             <list>    <list>      <num>
INFO  [17:39:29.416] [bbotk]      282 0.1726158         7          <list[5]> <list[3]> 0.01515563

### [bt]: Job terminated successfully [batchtools job.id=3875]
### [bt]: Calculation finished!
