### [bt]: This is batchtools v0.9.17
### [bt]: Starting calculation of 5 jobs
### [bt]: Setting working directory to '/Users/User/Documents/Studium/Semester8/Hiwi/mlr3calibration/vignettes'
### [bt]: Memory measurement disabled
### [bt]: Starting job [batchtools job.id=71]
### [bt]: Generating problem instance for problem '70bd5a65df34c4f3' ...
### [bt]: Applying algorithm 'run_learner' on problem '70bd5a65df34c4f3' for job 71 (seed = 72) ...
INFO  [16:38:11.263] [mlr3] Applying learner 'classif.naive_bayes.tuned_calib.tunefirst.oof_platt' on task 'kr-vs-kp' (iter 1/10)
INFO  [16:38:11.320] [bbotk] Starting to optimize 1 parameter(s) with '<OptimizerBatchRandomSearch>' and '<TerminatorEvals> [n_evals=3, k=0]'
INFO  [16:38:11.325] [bbotk] Evaluating 1 configuration(s)
INFO  [16:38:12.196] [bbotk] Result of batch 1:
INFO  [16:38:12.198] [bbotk]   laplace classif.ce warnings errors runtime_learners
INFO  [16:38:12.198] [bbotk]  0.191363  0.1223823        0      0            0.823
INFO  [16:38:12.198] [bbotk]                                 uhash
INFO  [16:38:12.198] [bbotk]  9b3707eb-3798-4186-a1d5-292fa1999bf1
INFO  [16:38:12.204] [bbotk] Evaluating 1 configuration(s)
INFO  [16:38:13.139] [bbotk] Result of batch 2:
INFO  [16:38:13.140] [bbotk]    laplace classif.ce warnings errors runtime_learners
INFO  [16:38:13.140] [bbotk]  0.7589606  0.1220347        0      0             0.88
INFO  [16:38:13.140] [bbotk]                                 uhash
INFO  [16:38:13.140] [bbotk]  6637a8af-24d1-43f6-a03a-5edec3cb6488
INFO  [16:38:13.142] [bbotk] Evaluating 1 configuration(s)
INFO  [16:38:14.066] [bbotk] Result of batch 3:
INFO  [16:38:14.067] [bbotk]     laplace classif.ce warnings errors runtime_learners
INFO  [16:38:14.067] [bbotk]  0.00347019  0.1227299        0      0            0.888
INFO  [16:38:14.067] [bbotk]                                 uhash
INFO  [16:38:14.067] [bbotk]  90311149-c821-4533-8114-f963932ab08f
INFO  [16:38:14.087] [bbotk] Finished optimizing after 3 evaluation(s)
INFO  [16:38:14.088] [bbotk] Result:
INFO  [16:38:14.090] [bbotk]    laplace learner_param_vals  x_domain classif.ce
INFO  [16:38:14.090] [bbotk]      <num>             <list>    <list>      <num>
INFO  [16:38:14.090] [bbotk]  0.7589606          <list[1]> <list[1]>  0.1220347

### [bt]: Job terminated successfully [batchtools job.id=71]
### [bt]: Starting job [batchtools job.id=72]
### [bt]: Generating problem instance for problem '70bd5a65df34c4f3' ...
### [bt]: Applying algorithm 'run_learner' on problem '70bd5a65df34c4f3' for job 72 (seed = 73) ...
INFO  [16:38:15.560] [mlr3] Applying learner 'classif.naive_bayes.tuned_calib.tunefirst.oof_platt' on task 'kr-vs-kp' (iter 2/10)
INFO  [16:38:15.631] [bbotk] Starting to optimize 1 parameter(s) with '<OptimizerBatchRandomSearch>' and '<TerminatorEvals> [n_evals=3, k=0]'
INFO  [16:38:15.638] [bbotk] Evaluating 1 configuration(s)
INFO  [16:38:16.408] [bbotk] Result of batch 1:
INFO  [16:38:16.409] [bbotk]    laplace classif.ce warnings errors runtime_learners
INFO  [16:38:16.409] [bbotk]  0.0346003  0.1255244        0      0            0.723
INFO  [16:38:16.409] [bbotk]                                 uhash
INFO  [16:38:16.409] [bbotk]  b87025aa-0e86-4183-9b59-fbec3edb4529
INFO  [16:38:16.412] [bbotk] Evaluating 1 configuration(s)
INFO  [16:38:17.276] [bbotk] Result of batch 2:
INFO  [16:38:17.277] [bbotk]    laplace classif.ce warnings errors runtime_learners
INFO  [16:38:17.277] [bbotk]  0.6846176  0.1251768        0      0            0.811
INFO  [16:38:17.277] [bbotk]                                 uhash
INFO  [16:38:17.277] [bbotk]  82c4562a-6c28-4905-bcba-06852e76fffa
INFO  [16:38:17.279] [bbotk] Evaluating 1 configuration(s)
INFO  [16:38:18.166] [bbotk] Result of batch 3:
INFO  [16:38:18.168] [bbotk]    laplace classif.ce warnings errors runtime_learners
INFO  [16:38:18.168] [bbotk]  0.3632334  0.1255244        0      0            0.839
INFO  [16:38:18.168] [bbotk]                                 uhash
INFO  [16:38:18.168] [bbotk]  f8537b46-45e1-4a27-a656-2a9383e81abc
INFO  [16:38:18.184] [bbotk] Finished optimizing after 3 evaluation(s)
INFO  [16:38:18.185] [bbotk] Result:
INFO  [16:38:18.186] [bbotk]    laplace learner_param_vals  x_domain classif.ce
INFO  [16:38:18.186] [bbotk]      <num>             <list>    <list>      <num>
INFO  [16:38:18.186] [bbotk]  0.6846176          <list[1]> <list[1]>  0.1251768

### [bt]: Job terminated successfully [batchtools job.id=72]
### [bt]: Starting job [batchtools job.id=73]
### [bt]: Generating problem instance for problem '70bd5a65df34c4f3' ...
### [bt]: Applying algorithm 'run_learner' on problem '70bd5a65df34c4f3' for job 73 (seed = 74) ...
INFO  [16:38:19.458] [mlr3] Applying learner 'classif.naive_bayes.tuned_calib.tunefirst.oof_platt' on task 'kr-vs-kp' (iter 3/10)
INFO  [16:38:19.505] [bbotk] Starting to optimize 1 parameter(s) with '<OptimizerBatchRandomSearch>' and '<TerminatorEvals> [n_evals=3, k=0]'
INFO  [16:38:19.512] [bbotk] Evaluating 1 configuration(s)
INFO  [16:38:20.336] [bbotk] Result of batch 1:
INFO  [16:38:20.337] [bbotk]    laplace classif.ce warnings errors runtime_learners
INFO  [16:38:20.337] [bbotk]  0.6235536   0.127607        0      0            0.777
INFO  [16:38:20.337] [bbotk]                                 uhash
INFO  [16:38:20.337] [bbotk]  d0f9beee-632c-4dff-86b7-3b26654addf6
INFO  [16:38:20.339] [bbotk] Evaluating 1 configuration(s)
INFO  [16:38:21.234] [bbotk] Result of batch 2:
INFO  [16:38:21.235] [bbotk]    laplace classif.ce warnings errors runtime_learners
INFO  [16:38:21.235] [bbotk]  0.7977039  0.1283021        0      0            0.835
INFO  [16:38:21.235] [bbotk]                                 uhash
INFO  [16:38:21.235] [bbotk]  aca7eb28-3bfa-48a4-b932-fef64cc28ec7
INFO  [16:38:21.239] [bbotk] Evaluating 1 configuration(s)
INFO  [16:38:22.087] [bbotk] Result of batch 3:
INFO  [16:38:22.088] [bbotk]    laplace classif.ce warnings errors runtime_learners
INFO  [16:38:22.088] [bbotk]  0.3279922   0.127607        0      0            0.796
INFO  [16:38:22.088] [bbotk]                                 uhash
INFO  [16:38:22.088] [bbotk]  c0d66db4-6ed7-434b-991a-8922f293271c
INFO  [16:38:22.106] [bbotk] Finished optimizing after 3 evaluation(s)
INFO  [16:38:22.107] [bbotk] Result:
INFO  [16:38:22.107] [bbotk]    laplace learner_param_vals  x_domain classif.ce
INFO  [16:38:22.107] [bbotk]      <num>             <list>    <list>      <num>
INFO  [16:38:22.107] [bbotk]  0.6235536          <list[1]> <list[1]>   0.127607

### [bt]: Job terminated successfully [batchtools job.id=73]
### [bt]: Starting job [batchtools job.id=74]
### [bt]: Generating problem instance for problem '70bd5a65df34c4f3' ...
### [bt]: Applying algorithm 'run_learner' on problem '70bd5a65df34c4f3' for job 74 (seed = 75) ...
INFO  [16:38:23.548] [mlr3] Applying learner 'classif.naive_bayes.tuned_calib.tunefirst.oof_platt' on task 'kr-vs-kp' (iter 4/10)
INFO  [16:38:23.617] [bbotk] Starting to optimize 1 parameter(s) with '<OptimizerBatchRandomSearch>' and '<TerminatorEvals> [n_evals=3, k=0]'
INFO  [16:38:23.624] [bbotk] Evaluating 1 configuration(s)
INFO  [16:38:24.507] [bbotk] Result of batch 1:
INFO  [16:38:24.509] [bbotk]     laplace classif.ce warnings errors runtime_learners
INFO  [16:38:24.509] [bbotk]  0.03312163  0.1279524        0      0            0.839
INFO  [16:38:24.509] [bbotk]                                 uhash
INFO  [16:38:24.509] [bbotk]  c17ed341-3930-4bf4-8933-d4190fa9516f
INFO  [16:38:24.514] [bbotk] Evaluating 1 configuration(s)
INFO  [16:38:25.552] [bbotk] Result of batch 2:
INFO  [16:38:25.554] [bbotk]    laplace classif.ce warnings errors runtime_learners
INFO  [16:38:25.554] [bbotk]  0.9846532     0.1283        0      0            0.983
INFO  [16:38:25.554] [bbotk]                                 uhash
INFO  [16:38:25.554] [bbotk]  b88f5cb4-f1d5-4f90-8397-17a770a7b707
INFO  [16:38:25.557] [bbotk] Evaluating 1 configuration(s)
INFO  [16:38:26.412] [bbotk] Result of batch 3:
INFO  [16:38:26.413] [bbotk]   laplace classif.ce warnings errors runtime_learners
INFO  [16:38:26.413] [bbotk]  0.575066  0.1286475        0      0            0.812
INFO  [16:38:26.413] [bbotk]                                 uhash
INFO  [16:38:26.413] [bbotk]  475f564d-e261-4751-b13d-3bb4ea1119ca
INFO  [16:38:26.426] [bbotk] Finished optimizing after 3 evaluation(s)
INFO  [16:38:26.427] [bbotk] Result:
INFO  [16:38:26.428] [bbotk]     laplace learner_param_vals  x_domain classif.ce
INFO  [16:38:26.428] [bbotk]       <num>             <list>    <list>      <num>
INFO  [16:38:26.428] [bbotk]  0.03312163          <list[1]> <list[1]>  0.1279524

### [bt]: Job terminated successfully [batchtools job.id=74]
### [bt]: Starting job [batchtools job.id=75]
### [bt]: Generating problem instance for problem '70bd5a65df34c4f3' ...
### [bt]: Applying algorithm 'run_learner' on problem '70bd5a65df34c4f3' for job 75 (seed = 76) ...
INFO  [16:38:27.965] [mlr3] Applying learner 'classif.naive_bayes.tuned_calib.tunefirst.oof_platt' on task 'kr-vs-kp' (iter 5/10)
INFO  [16:38:28.013] [bbotk] Starting to optimize 1 parameter(s) with '<OptimizerBatchRandomSearch>' and '<TerminatorEvals> [n_evals=3, k=0]'
INFO  [16:38:28.024] [bbotk] Evaluating 1 configuration(s)
INFO  [16:38:28.874] [bbotk] Result of batch 1:
INFO  [16:38:28.875] [bbotk]    laplace classif.ce warnings errors runtime_learners
INFO  [16:38:28.875] [bbotk]  0.4302884  0.1324746        0      0            0.803
INFO  [16:38:28.875] [bbotk]                                 uhash
INFO  [16:38:28.875] [bbotk]  7a366bef-9051-4433-988d-363f90284793
INFO  [16:38:28.881] [bbotk] Evaluating 1 configuration(s)
INFO  [16:38:29.723] [bbotk] Result of batch 2:
INFO  [16:38:29.724] [bbotk]    laplace classif.ce warnings errors runtime_learners
INFO  [16:38:29.724] [bbotk]  0.5836061  0.1324746        0      0            0.797
INFO  [16:38:29.724] [bbotk]                                 uhash
INFO  [16:38:29.724] [bbotk]  28c73d67-fb91-4dbf-812f-281637135cf2
INFO  [16:38:29.729] [bbotk] Evaluating 1 configuration(s)
INFO  [16:38:30.546] [bbotk] Result of batch 3:
INFO  [16:38:30.547] [bbotk]    laplace classif.ce warnings errors runtime_learners
INFO  [16:38:30.547] [bbotk]  0.8825406  0.1324746        0      0            0.763
INFO  [16:38:30.547] [bbotk]                                 uhash
INFO  [16:38:30.547] [bbotk]  5aae08d6-2c47-4941-8f52-2a0a60fc1ad0
INFO  [16:38:30.553] [bbotk] Finished optimizing after 3 evaluation(s)
INFO  [16:38:30.554] [bbotk] Result:
INFO  [16:38:30.554] [bbotk]    laplace learner_param_vals  x_domain classif.ce
INFO  [16:38:30.554] [bbotk]      <num>             <list>    <list>      <num>
INFO  [16:38:30.554] [bbotk]  0.4302884          <list[1]> <list[1]>  0.1324746

### [bt]: Job terminated successfully [batchtools job.id=75]
### [bt]: Calculation finished!
