### [bt]: This is batchtools v0.9.17
### [bt]: Starting calculation of 5 jobs
### [bt]: Setting working directory to '/Users/User/Documents/Studium/Semester8/Hiwi/mlr3calibration/vignettes'
### [bt]: Memory measurement disabled
### [bt]: Starting job [batchtools job.id=1746]
### [bt]: Generating problem instance for problem '42e9f2146ba77696' ...
### [bt]: Applying algorithm 'run_learner' on problem '42e9f2146ba77696' for job 1746 (seed = 1747) ...
INFO  [17:01:04.482] [mlr3] Applying learner 'classif.ranger.tuned_calib.perfold_beta' on task 'kc1' (iter 6/10)
INFO  [17:01:04.572] [bbotk] Starting to optimize 1 parameter(s) with '<OptimizerBatchRandomSearch>' and '<TerminatorEvals> [n_evals=3, k=0]'
INFO  [17:01:04.578] [bbotk] Evaluating 1 configuration(s)
INFO  [17:01:05.131] [bbotk] Result of batch 1:
INFO  [17:01:05.133] [bbotk]  num.trees classif.ce warnings errors runtime_learners
INFO  [17:01:05.133] [bbotk]        282    0.14361        0      0            0.486
INFO  [17:01:05.133] [bbotk]                                 uhash
INFO  [17:01:05.133] [bbotk]  ddb48700-f34f-450e-9d9c-513f213d37e4
INFO  [17:01:05.148] [bbotk] Evaluating 1 configuration(s)
INFO  [17:01:05.711] [bbotk] Result of batch 2:
INFO  [17:01:05.712] [bbotk]  num.trees classif.ce warnings errors runtime_learners
INFO  [17:01:05.712] [bbotk]        363  0.1455863        0      0            0.507
INFO  [17:01:05.712] [bbotk]                                 uhash
INFO  [17:01:05.712] [bbotk]  cc8cccef-43e3-4127-aa30-d6feb7e8844a
INFO  [17:01:05.714] [bbotk] Evaluating 1 configuration(s)
INFO  [17:01:06.373] [bbotk] Result of batch 3:
INFO  [17:01:06.374] [bbotk]  num.trees classif.ce warnings errors runtime_learners
INFO  [17:01:06.374] [bbotk]        433  0.1429513        0      0             0.62
INFO  [17:01:06.374] [bbotk]                                 uhash
INFO  [17:01:06.374] [bbotk]  1b66233e-25d2-48b2-bd92-432478924612
INFO  [17:01:06.381] [bbotk] Finished optimizing after 3 evaluation(s)
INFO  [17:01:06.381] [bbotk] Result:
INFO  [17:01:06.382] [bbotk]  num.trees learner_param_vals  x_domain classif.ce
INFO  [17:01:06.382] [bbotk]      <int>             <list>    <list>      <num>
INFO  [17:01:06.382] [bbotk]        433          <list[2]> <list[1]>  0.1429513
INFO  [17:01:06.740] [bbotk] Starting to optimize 1 parameter(s) with '<OptimizerBatchRandomSearch>' and '<TerminatorEvals> [n_evals=3, k=0]'
INFO  [17:01:06.750] [bbotk] Evaluating 1 configuration(s)
INFO  [17:01:07.151] [bbotk] Result of batch 1:
INFO  [17:01:07.152] [bbotk]  num.trees classif.ce warnings errors runtime_learners
INFO  [17:01:07.152] [bbotk]        261  0.1376812        0      0            0.328
INFO  [17:01:07.152] [bbotk]                                 uhash
INFO  [17:01:07.152] [bbotk]  9ae6ed1d-9d27-4f85-85c6-c8e4c33d53e4
INFO  [17:01:07.154] [bbotk] Evaluating 1 configuration(s)
INFO  [17:01:07.886] [bbotk] Result of batch 2:
INFO  [17:01:07.887] [bbotk]  num.trees classif.ce warnings errors runtime_learners
INFO  [17:01:07.887] [bbotk]        460  0.1383399        0      0             0.69
INFO  [17:01:07.887] [bbotk]                                 uhash
INFO  [17:01:07.887] [bbotk]  3b31958f-1210-40ac-a6fc-1da6d193d949
INFO  [17:01:07.889] [bbotk] Evaluating 1 configuration(s)
INFO  [17:01:08.524] [bbotk] Result of batch 3:
INFO  [17:01:08.525] [bbotk]  num.trees classif.ce warnings errors runtime_learners
INFO  [17:01:08.525] [bbotk]        443  0.1389987        0      0            0.591
INFO  [17:01:08.525] [bbotk]                                 uhash
INFO  [17:01:08.525] [bbotk]  b401b46b-4bba-4194-b904-cf68cce7ae6a
INFO  [17:01:08.534] [bbotk] Finished optimizing after 3 evaluation(s)
INFO  [17:01:08.535] [bbotk] Result:
INFO  [17:01:08.538] [bbotk]  num.trees learner_param_vals  x_domain classif.ce
INFO  [17:01:08.538] [bbotk]      <int>             <list>    <list>      <num>
INFO  [17:01:08.538] [bbotk]        261          <list[2]> <list[1]>  0.1376812
INFO  [17:01:08.783] [bbotk] Starting to optimize 1 parameter(s) with '<OptimizerBatchRandomSearch>' and '<TerminatorEvals> [n_evals=3, k=0]'
INFO  [17:01:08.798] [bbotk] Evaluating 1 configuration(s)
INFO  [17:01:09.204] [bbotk] Result of batch 1:
INFO  [17:01:09.207] [bbotk]  num.trees classif.ce warnings errors runtime_learners
INFO  [17:01:09.207] [bbotk]        224  0.1330698        0      0            0.302
INFO  [17:01:09.207] [bbotk]                                 uhash
INFO  [17:01:09.207] [bbotk]  2f806409-4e1a-4aea-99e7-6482b35ca58b
INFO  [17:01:09.210] [bbotk] Evaluating 1 configuration(s)
INFO  [17:01:09.539] [bbotk] Result of batch 2:
INFO  [17:01:09.542] [bbotk]  num.trees classif.ce warnings errors runtime_learners
INFO  [17:01:09.542] [bbotk]        185  0.1357049        0      0             0.28
INFO  [17:01:09.542] [bbotk]                                 uhash
INFO  [17:01:09.542] [bbotk]  c3c1c81f-212b-4409-9599-f6507cede88e
INFO  [17:01:09.545] [bbotk] Evaluating 1 configuration(s)
INFO  [17:01:10.033] [bbotk] Result of batch 3:
INFO  [17:01:10.035] [bbotk]  num.trees classif.ce warnings errors runtime_learners
INFO  [17:01:10.035] [bbotk]        303  0.1357049        0      0            0.435
INFO  [17:01:10.035] [bbotk]                                 uhash
INFO  [17:01:10.035] [bbotk]  3549f23c-dc93-42b6-9d3a-3ee6a260b584
INFO  [17:01:10.049] [bbotk] Finished optimizing after 3 evaluation(s)
INFO  [17:01:10.049] [bbotk] Result:
INFO  [17:01:10.050] [bbotk]  num.trees learner_param_vals  x_domain classif.ce
INFO  [17:01:10.050] [bbotk]      <int>             <list>    <list>      <num>
INFO  [17:01:10.050] [bbotk]        224          <list[2]> <list[1]>  0.1330698
INFO  [17:01:10.257] [bbotk] Starting to optimize 1 parameter(s) with '<OptimizerBatchRandomSearch>' and '<TerminatorEvals> [n_evals=3, k=0]'
INFO  [17:01:10.265] [bbotk] Evaluating 1 configuration(s)
INFO  [17:01:10.922] [bbotk] Result of batch 1:
INFO  [17:01:10.923] [bbotk]  num.trees classif.ce warnings errors runtime_learners
INFO  [17:01:10.923] [bbotk]        419  0.1520687        0      0            0.607
INFO  [17:01:10.923] [bbotk]                                 uhash
INFO  [17:01:10.923] [bbotk]  220ad809-185d-491f-913e-35a5164af285
INFO  [17:01:10.925] [bbotk] Evaluating 1 configuration(s)
INFO  [17:01:11.247] [bbotk] Result of batch 2:
INFO  [17:01:11.248] [bbotk]  num.trees classif.ce warnings errors runtime_learners
INFO  [17:01:11.248] [bbotk]        222  0.1494349        0      0            0.286
INFO  [17:01:11.248] [bbotk]                                 uhash
INFO  [17:01:11.248] [bbotk]  7b3722a1-9d87-401f-a9bc-9e466a0305e8
INFO  [17:01:11.253] [bbotk] Evaluating 1 configuration(s)
INFO  [17:01:11.443] [bbotk] Result of batch 3:
INFO  [17:01:11.445] [bbotk]  num.trees classif.ce warnings errors runtime_learners
INFO  [17:01:11.445] [bbotk]        108  0.1487762        0      0            0.139
INFO  [17:01:11.445] [bbotk]                                 uhash
INFO  [17:01:11.445] [bbotk]  cb17bed6-d7f6-4a67-8945-f7fee80957ef
INFO  [17:01:11.461] [bbotk] Finished optimizing after 3 evaluation(s)
INFO  [17:01:11.462] [bbotk] Result:
INFO  [17:01:11.464] [bbotk]  num.trees learner_param_vals  x_domain classif.ce
INFO  [17:01:11.464] [bbotk]      <int>             <list>    <list>      <num>
INFO  [17:01:11.464] [bbotk]        108          <list[2]> <list[1]>  0.1487762
INFO  [17:01:11.610] [bbotk] Starting to optimize 1 parameter(s) with '<OptimizerBatchRandomSearch>' and '<TerminatorEvals> [n_evals=3, k=0]'
INFO  [17:01:11.614] [bbotk] Evaluating 1 configuration(s)
INFO  [17:01:12.074] [bbotk] Result of batch 1:
INFO  [17:01:12.076] [bbotk]  num.trees classif.ce warnings errors runtime_learners
INFO  [17:01:12.076] [bbotk]        302  0.1296942        0      0            0.385
INFO  [17:01:12.076] [bbotk]                                 uhash
INFO  [17:01:12.076] [bbotk]  438e8d30-2c38-4604-b5da-b03cd78858bf
INFO  [17:01:12.084] [bbotk] Evaluating 1 configuration(s)
INFO  [17:01:12.725] [bbotk] Result of batch 2:
INFO  [17:01:12.725] [bbotk]  num.trees classif.ce warnings errors runtime_learners
INFO  [17:01:12.725] [bbotk]        491  0.1343042        0      0            0.584
INFO  [17:01:12.725] [bbotk]                                 uhash
INFO  [17:01:12.725] [bbotk]  aa3e0a4b-f6f6-49ad-9900-b1d432b12227
INFO  [17:01:12.731] [bbotk] Evaluating 1 configuration(s)
INFO  [17:01:13.081] [bbotk] Result of batch 3:
INFO  [17:01:13.082] [bbotk]  num.trees classif.ce warnings errors runtime_learners
INFO  [17:01:13.082] [bbotk]        262  0.1343055        0      0            0.312
INFO  [17:01:13.082] [bbotk]                                 uhash
INFO  [17:01:13.082] [bbotk]  f25e9c5d-ec59-43ce-8d42-05efb261ab80
INFO  [17:01:13.095] [bbotk] Finished optimizing after 3 evaluation(s)
INFO  [17:01:13.096] [bbotk] Result:
INFO  [17:01:13.097] [bbotk]  num.trees learner_param_vals  x_domain classif.ce
INFO  [17:01:13.097] [bbotk]      <int>             <list>    <list>      <num>
INFO  [17:01:13.097] [bbotk]        302          <list[2]> <list[1]>  0.1296942
[1] -41.6078
[1] 20.69158
Warning: glm.fit: fitted probabilities numerically 0 or 1 occurred
This happened PipeOp classif.ranger's $train()
[1] -0.37726
[1] 46.99369
[1] -48.72661
[1] 13.18953
[1] -86.8745
[1] 14.82874
[1] -33.28896
[1] 21.41309

### [bt]: Job terminated successfully [batchtools job.id=1746]
### [bt]: Starting job [batchtools job.id=1747]
### [bt]: Generating problem instance for problem '42e9f2146ba77696' ...
### [bt]: Applying algorithm 'run_learner' on problem '42e9f2146ba77696' for job 1747 (seed = 1748) ...
INFO  [17:01:13.534] [mlr3] Applying learner 'classif.ranger.tuned_calib.perfold_beta' on task 'kc1' (iter 7/10)
INFO  [17:01:13.583] [bbotk] Starting to optimize 1 parameter(s) with '<OptimizerBatchRandomSearch>' and '<TerminatorEvals> [n_evals=3, k=0]'
INFO  [17:01:13.594] [bbotk] Evaluating 1 configuration(s)
INFO  [17:01:13.852] [bbotk] Result of batch 1:
INFO  [17:01:13.854] [bbotk]  num.trees classif.ce warnings errors runtime_learners
INFO  [17:01:13.854] [bbotk]        150  0.1304348        0      0            0.214
INFO  [17:01:13.854] [bbotk]                                 uhash
INFO  [17:01:13.854] [bbotk]  a958f0f5-3fec-49a9-b446-432c97bda713
INFO  [17:01:13.862] [bbotk] Evaluating 1 configuration(s)
INFO  [17:01:14.508] [bbotk] Result of batch 2:
INFO  [17:01:14.510] [bbotk]  num.trees classif.ce warnings errors runtime_learners
INFO  [17:01:14.510] [bbotk]        491  0.1376812        0      0            0.594
INFO  [17:01:14.510] [bbotk]                                 uhash
INFO  [17:01:14.510] [bbotk]  a787ce7a-7359-4813-bce1-e4bb000eac49
INFO  [17:01:14.515] [bbotk] Evaluating 1 configuration(s)
INFO  [17:01:14.853] [bbotk] Result of batch 3:
INFO  [17:01:14.854] [bbotk]  num.trees classif.ce warnings errors runtime_learners
INFO  [17:01:14.854] [bbotk]        183  0.1370224        0      0            0.262
INFO  [17:01:14.854] [bbotk]                                 uhash
INFO  [17:01:14.854] [bbotk]  43683601-1c61-4dca-81d9-86b83830b300
INFO  [17:01:14.864] [bbotk] Finished optimizing after 3 evaluation(s)
INFO  [17:01:14.865] [bbotk] Result:
INFO  [17:01:14.867] [bbotk]  num.trees learner_param_vals  x_domain classif.ce
INFO  [17:01:14.867] [bbotk]      <int>             <list>    <list>      <num>
INFO  [17:01:14.867] [bbotk]        150          <list[2]> <list[1]>  0.1304348
INFO  [17:01:15.063] [bbotk] Starting to optimize 1 parameter(s) with '<OptimizerBatchRandomSearch>' and '<TerminatorEvals> [n_evals=3, k=0]'
INFO  [17:01:15.080] [bbotk] Evaluating 1 configuration(s)
INFO  [17:01:15.730] [bbotk] Result of batch 1:
INFO  [17:01:15.732] [bbotk]  num.trees classif.ce warnings errors runtime_learners
INFO  [17:01:15.732] [bbotk]        416  0.1455863        0      0            0.607
INFO  [17:01:15.732] [bbotk]                                 uhash
INFO  [17:01:15.732] [bbotk]  d19dc1c8-9dfb-47ae-a5fb-1783cb7fe4e9
INFO  [17:01:15.736] [bbotk] Evaluating 1 configuration(s)
INFO  [17:01:16.153] [bbotk] Result of batch 2:
INFO  [17:01:16.154] [bbotk]  num.trees classif.ce warnings errors runtime_learners
INFO  [17:01:16.154] [bbotk]        272  0.1422925        0      0            0.346
INFO  [17:01:16.154] [bbotk]                                 uhash
INFO  [17:01:16.154] [bbotk]  99167d14-e1a7-4556-b8cb-a16257dd72b8
INFO  [17:01:16.158] [bbotk] Evaluating 1 configuration(s)
INFO  [17:01:16.682] [bbotk] Result of batch 3:
INFO  [17:01:16.683] [bbotk]  num.trees classif.ce warnings errors runtime_learners
INFO  [17:01:16.683] [bbotk]        360  0.1449275        0      0            0.483
INFO  [17:01:16.683] [bbotk]                                 uhash
INFO  [17:01:16.683] [bbotk]  8b51a72f-95e2-4b8d-a41d-64115c2be6ad
INFO  [17:01:16.694] [bbotk] Finished optimizing after 3 evaluation(s)
INFO  [17:01:16.694] [bbotk] Result:
INFO  [17:01:16.696] [bbotk]  num.trees learner_param_vals  x_domain classif.ce
INFO  [17:01:16.696] [bbotk]      <int>             <list>    <list>      <num>
INFO  [17:01:16.696] [bbotk]        272          <list[2]> <list[1]>  0.1422925
INFO  [17:01:16.904] [bbotk] Starting to optimize 1 parameter(s) with '<OptimizerBatchRandomSearch>' and '<TerminatorEvals> [n_evals=3, k=0]'
INFO  [17:01:16.915] [bbotk] Evaluating 1 configuration(s)
INFO  [17:01:17.400] [bbotk] Result of batch 1:
INFO  [17:01:17.406] [bbotk]  num.trees classif.ce warnings errors runtime_learners
INFO  [17:01:17.406] [bbotk]        371   0.140975        0      0            0.445
INFO  [17:01:17.406] [bbotk]                                 uhash
INFO  [17:01:17.406] [bbotk]  c1ef9183-3fdf-499b-8ec8-6afa3bd1f43b
INFO  [17:01:17.411] [bbotk] Evaluating 1 configuration(s)
INFO  [17:01:17.845] [bbotk] Result of batch 2:
INFO  [17:01:17.846] [bbotk]  num.trees classif.ce warnings errors runtime_learners
INFO  [17:01:17.846] [bbotk]        286  0.1416337        0      0            0.385
INFO  [17:01:17.846] [bbotk]                                 uhash
INFO  [17:01:17.846] [bbotk]  eb7fc859-ef56-44a2-8a14-192cba81d34c
INFO  [17:01:17.849] [bbotk] Evaluating 1 configuration(s)
INFO  [17:01:18.488] [bbotk] Result of batch 3:
INFO  [17:01:18.490] [bbotk]  num.trees classif.ce warnings errors runtime_learners
INFO  [17:01:18.490] [bbotk]        445   0.140975        0      0            0.578
INFO  [17:01:18.490] [bbotk]                                 uhash
INFO  [17:01:18.490] [bbotk]  98dc555f-8075-4b7e-ab97-e4678dfbe79c
INFO  [17:01:18.505] [bbotk] Finished optimizing after 3 evaluation(s)
INFO  [17:01:18.505] [bbotk] Result:
INFO  [17:01:18.507] [bbotk]  num.trees learner_param_vals  x_domain classif.ce
INFO  [17:01:18.507] [bbotk]      <int>             <list>    <list>      <num>
INFO  [17:01:18.507] [bbotk]        371          <list[2]> <list[1]>   0.140975
INFO  [17:01:18.815] [bbotk] Starting to optimize 1 parameter(s) with '<OptimizerBatchRandomSearch>' and '<TerminatorEvals> [n_evals=3, k=0]'
INFO  [17:01:18.821] [bbotk] Evaluating 1 configuration(s)
INFO  [17:01:19.058] [bbotk] Result of batch 1:
INFO  [17:01:19.059] [bbotk]  num.trees classif.ce warnings errors runtime_learners
INFO  [17:01:19.059] [bbotk]        132  0.1487762        0      0            0.182
INFO  [17:01:19.059] [bbotk]                                 uhash
INFO  [17:01:19.059] [bbotk]  9c8768e1-8de1-4514-93b8-26fb9cddb196
INFO  [17:01:19.072] [bbotk] Evaluating 1 configuration(s)
INFO  [17:01:19.534] [bbotk] Result of batch 2:
INFO  [17:01:19.535] [bbotk]  num.trees classif.ce warnings errors runtime_learners
INFO  [17:01:19.535] [bbotk]        331  0.1546959        0      0            0.417
INFO  [17:01:19.535] [bbotk]                                 uhash
INFO  [17:01:19.535] [bbotk]  27ec988e-5f48-441d-a12e-4df7f78058d8
INFO  [17:01:19.539] [bbotk] Evaluating 1 configuration(s)
INFO  [17:01:19.941] [bbotk] Result of batch 3:
INFO  [17:01:19.944] [bbotk]  num.trees classif.ce warnings errors runtime_learners
INFO  [17:01:19.944] [bbotk]        260   0.153381        0      0            0.353
INFO  [17:01:19.944] [bbotk]                                 uhash
INFO  [17:01:19.944] [bbotk]  0efa44cf-8cf2-46d6-b924-7cd1ae370497
INFO  [17:01:19.964] [bbotk] Finished optimizing after 3 evaluation(s)
INFO  [17:01:19.965] [bbotk] Result:
INFO  [17:01:19.966] [bbotk]  num.trees learner_param_vals  x_domain classif.ce
INFO  [17:01:19.966] [bbotk]      <int>             <list>    <list>      <num>
INFO  [17:01:19.966] [bbotk]        132          <list[2]> <list[1]>  0.1487762
INFO  [17:01:20.126] [bbotk] Starting to optimize 1 parameter(s) with '<OptimizerBatchRandomSearch>' and '<TerminatorEvals> [n_evals=3, k=0]'
INFO  [17:01:20.137] [bbotk] Evaluating 1 configuration(s)
INFO  [17:01:20.492] [bbotk] Result of batch 1:
INFO  [17:01:20.495] [bbotk]  num.trees classif.ce warnings errors runtime_learners
INFO  [17:01:20.495] [bbotk]        187  0.1501015        0      0            0.287
INFO  [17:01:20.495] [bbotk]                                 uhash
INFO  [17:01:20.495] [bbotk]  75541afe-f7dd-49bc-9d58-88ce9f6de8ed
INFO  [17:01:20.501] [bbotk] Evaluating 1 configuration(s)
INFO  [17:01:20.926] [bbotk] Result of batch 2:
INFO  [17:01:20.927] [bbotk]  num.trees classif.ce warnings errors runtime_learners
INFO  [17:01:20.927] [bbotk]        271   0.148784        0      0             0.38
INFO  [17:01:20.927] [bbotk]                                 uhash
INFO  [17:01:20.927] [bbotk]  9f9f8fca-5d8d-40b1-ba5e-d75ebefb7a34
INFO  [17:01:20.929] [bbotk] Evaluating 1 configuration(s)
INFO  [17:01:21.184] [bbotk] Result of batch 3:
INFO  [17:01:21.186] [bbotk]  num.trees classif.ce warnings errors runtime_learners
INFO  [17:01:21.186] [bbotk]        141  0.1474664        0      0            0.207
INFO  [17:01:21.186] [bbotk]                                 uhash
INFO  [17:01:21.186] [bbotk]  46e0b1d9-12af-490f-ae7c-4ed06dc0a9f4
INFO  [17:01:21.206] [bbotk] Finished optimizing after 3 evaluation(s)
INFO  [17:01:21.207] [bbotk] Result:
INFO  [17:01:21.209] [bbotk]  num.trees learner_param_vals  x_domain classif.ce
INFO  [17:01:21.209] [bbotk]      <int>             <list>    <list>      <num>
INFO  [17:01:21.209] [bbotk]        141          <list[2]> <list[1]>  0.1474664
[1] -97.48869
[1] 1.345947
Warning: glm.fit: fitted probabilities numerically 0 or 1 occurred
This happened PipeOp classif.ranger's $train()
[1] -51.2843
[1] 33.44261
[1] -27.45986
[1] 20.3995
[1] -149.7765
[1] -2.739955
[1] -74.60866
[1] 17.41891

### [bt]: Job terminated successfully [batchtools job.id=1747]
### [bt]: Starting job [batchtools job.id=1748]
### [bt]: Generating problem instance for problem '42e9f2146ba77696' ...
### [bt]: Applying algorithm 'run_learner' on problem '42e9f2146ba77696' for job 1748 (seed = 1749) ...
INFO  [17:01:21.802] [mlr3] Applying learner 'classif.ranger.tuned_calib.perfold_beta' on task 'kc1' (iter 8/10)
INFO  [17:01:21.901] [bbotk] Starting to optimize 1 parameter(s) with '<OptimizerBatchRandomSearch>' and '<TerminatorEvals> [n_evals=3, k=0]'
INFO  [17:01:21.912] [bbotk] Evaluating 1 configuration(s)
INFO  [17:01:22.218] [bbotk] Result of batch 1:
INFO  [17:01:22.219] [bbotk]  num.trees classif.ce warnings errors runtime_learners
INFO  [17:01:22.219] [bbotk]        134  0.1350461        0      0            0.223
INFO  [17:01:22.219] [bbotk]                                 uhash
INFO  [17:01:22.219] [bbotk]  143c55c2-2887-469b-9134-4bd3b21452f4
INFO  [17:01:22.232] [bbotk] Evaluating 1 configuration(s)
INFO  [17:01:22.538] [bbotk] Result of batch 2:
INFO  [17:01:22.540] [bbotk]  num.trees classif.ce warnings errors runtime_learners
INFO  [17:01:22.540] [bbotk]        175  0.1396574        0      0            0.251
INFO  [17:01:22.540] [bbotk]                                 uhash
INFO  [17:01:22.540] [bbotk]  12c9f1cd-3113-4640-aff3-ad55ce36431e
INFO  [17:01:22.548] [bbotk] Evaluating 1 configuration(s)
INFO  [17:01:22.788] [bbotk] Result of batch 3:
INFO  [17:01:22.790] [bbotk]  num.trees classif.ce warnings errors runtime_learners
INFO  [17:01:22.790] [bbotk]        127   0.140975        0      0            0.177
INFO  [17:01:22.790] [bbotk]                                 uhash
INFO  [17:01:22.790] [bbotk]  32271263-4c74-4d76-a8a3-8680d4d20384
INFO  [17:01:22.875] [bbotk] Finished optimizing after 3 evaluation(s)
INFO  [17:01:22.876] [bbotk] Result:
INFO  [17:01:22.878] [bbotk]  num.trees learner_param_vals  x_domain classif.ce
INFO  [17:01:22.878] [bbotk]      <int>             <list>    <list>      <num>
INFO  [17:01:22.878] [bbotk]        134          <list[2]> <list[1]>  0.1350461
INFO  [17:01:23.069] [bbotk] Starting to optimize 1 parameter(s) with '<OptimizerBatchRandomSearch>' and '<TerminatorEvals> [n_evals=3, k=0]'
INFO  [17:01:23.098] [bbotk] Evaluating 1 configuration(s)
INFO  [17:01:23.721] [bbotk] Result of batch 1:
INFO  [17:01:23.722] [bbotk]  num.trees classif.ce warnings errors runtime_learners
INFO  [17:01:23.722] [bbotk]        459  0.1416337        0      0             0.58
INFO  [17:01:23.722] [bbotk]                                 uhash
INFO  [17:01:23.722] [bbotk]  35499277-961d-42b8-ac1e-d328182d1046
INFO  [17:01:23.727] [bbotk] Evaluating 1 configuration(s)
INFO  [17:01:24.156] [bbotk] Result of batch 2:
INFO  [17:01:24.158] [bbotk]  num.trees classif.ce warnings errors runtime_learners
INFO  [17:01:24.158] [bbotk]        254  0.1429513        0      0            0.367
INFO  [17:01:24.158] [bbotk]                                 uhash
INFO  [17:01:24.158] [bbotk]  cc8e3a62-4747-41b7-9ec7-8c67f1f5d2ef
INFO  [17:01:24.162] [bbotk] Evaluating 1 configuration(s)
INFO  [17:01:24.514] [bbotk] Result of batch 3:
INFO  [17:01:24.516] [bbotk]  num.trees classif.ce warnings errors runtime_learners
INFO  [17:01:24.516] [bbotk]        237  0.1449275        0      0             0.31
INFO  [17:01:24.516] [bbotk]                                 uhash
INFO  [17:01:24.516] [bbotk]  31080b60-04e0-4034-8053-afd5e3d88831
INFO  [17:01:24.527] [bbotk] Finished optimizing after 3 evaluation(s)
INFO  [17:01:24.527] [bbotk] Result:
INFO  [17:01:24.529] [bbotk]  num.trees learner_param_vals  x_domain classif.ce
INFO  [17:01:24.529] [bbotk]      <int>             <list>    <list>      <num>
INFO  [17:01:24.529] [bbotk]        459          <list[2]> <list[1]>  0.1416337
INFO  [17:01:24.969] [bbotk] Starting to optimize 1 parameter(s) with '<OptimizerBatchRandomSearch>' and '<TerminatorEvals> [n_evals=3, k=0]'
INFO  [17:01:24.988] [bbotk] Evaluating 1 configuration(s)
INFO  [17:01:25.227] [bbotk] Result of batch 1:
INFO  [17:01:25.228] [bbotk]  num.trees classif.ce warnings errors runtime_learners
INFO  [17:01:25.228] [bbotk]        133  0.1515152        0      0            0.187
INFO  [17:01:25.228] [bbotk]                                 uhash
INFO  [17:01:25.228] [bbotk]  73ee6404-5b24-46f3-b5b4-4a9cb4da9562
INFO  [17:01:25.230] [bbotk] Evaluating 1 configuration(s)
INFO  [17:01:25.785] [bbotk] Result of batch 2:
INFO  [17:01:25.785] [bbotk]  num.trees classif.ce warnings errors runtime_learners
INFO  [17:01:25.785] [bbotk]        390  0.1475626        0      0            0.502
INFO  [17:01:25.785] [bbotk]                                 uhash
INFO  [17:01:25.785] [bbotk]  999b16a6-ffc6-49a6-af59-5228e57e6198
INFO  [17:01:25.788] [bbotk] Evaluating 1 configuration(s)
INFO  [17:01:26.103] [bbotk] Result of batch 3:
INFO  [17:01:26.104] [bbotk]  num.trees classif.ce warnings errors runtime_learners
INFO  [17:01:26.104] [bbotk]        133  0.1469038        0      0            0.258
INFO  [17:01:26.104] [bbotk]                                 uhash
INFO  [17:01:26.104] [bbotk]  4e181729-ecab-4f36-aa60-1b6ac19fcb52
INFO  [17:01:26.120] [bbotk] Finished optimizing after 3 evaluation(s)
INFO  [17:01:26.120] [bbotk] Result:
INFO  [17:01:26.121] [bbotk]  num.trees learner_param_vals  x_domain classif.ce
INFO  [17:01:26.121] [bbotk]      <int>             <list>    <list>      <num>
INFO  [17:01:26.121] [bbotk]        133          <list[2]> <list[1]>  0.1469038
INFO  [17:01:26.265] [bbotk] Starting to optimize 1 parameter(s) with '<OptimizerBatchRandomSearch>' and '<TerminatorEvals> [n_evals=3, k=0]'
INFO  [17:01:26.274] [bbotk] Evaluating 1 configuration(s)
INFO  [17:01:26.716] [bbotk] Result of batch 1:
INFO  [17:01:26.721] [bbotk]  num.trees classif.ce warnings errors runtime_learners
INFO  [17:01:26.721] [bbotk]        297  0.1487969        0      0            0.386
INFO  [17:01:26.721] [bbotk]                                 uhash
INFO  [17:01:26.721] [bbotk]  ca3a5d67-1d86-4345-9e5e-b322720841dd
INFO  [17:01:26.727] [bbotk] Evaluating 1 configuration(s)
INFO  [17:01:27.456] [bbotk] Result of batch 2:
INFO  [17:01:27.457] [bbotk]  num.trees classif.ce warnings errors runtime_learners
INFO  [17:01:27.457] [bbotk]        470  0.1448483        0      0            0.692
INFO  [17:01:27.457] [bbotk]                                 uhash
INFO  [17:01:27.457] [bbotk]  54a1f650-62dd-46e9-95ea-ec5b19f102e1
INFO  [17:01:27.462] [bbotk] Evaluating 1 configuration(s)
INFO  [17:01:27.768] [bbotk] Result of batch 3:
INFO  [17:01:27.770] [bbotk]  num.trees classif.ce warnings errors runtime_learners
INFO  [17:01:27.770] [bbotk]        169  0.1481408        0      0            0.247
INFO  [17:01:27.770] [bbotk]                                 uhash
INFO  [17:01:27.770] [bbotk]  6e035ed9-4adf-4ea0-aa9d-42632fd0aa50
INFO  [17:01:27.791] [bbotk] Finished optimizing after 3 evaluation(s)
INFO  [17:01:27.791] [bbotk] Result:
INFO  [17:01:27.794] [bbotk]  num.trees learner_param_vals  x_domain classif.ce
INFO  [17:01:27.794] [bbotk]      <int>             <list>    <list>      <num>
INFO  [17:01:27.794] [bbotk]        470          <list[2]> <list[1]>  0.1448483
INFO  [17:01:28.166] [bbotk] Starting to optimize 1 parameter(s) with '<OptimizerBatchRandomSearch>' and '<TerminatorEvals> [n_evals=3, k=0]'
INFO  [17:01:28.170] [bbotk] Evaluating 1 configuration(s)
INFO  [17:01:28.753] [bbotk] Result of batch 1:
INFO  [17:01:28.754] [bbotk]  num.trees classif.ce warnings errors runtime_learners
INFO  [17:01:28.754] [bbotk]        414  0.1342977        0      0            0.545
INFO  [17:01:28.754] [bbotk]                                 uhash
INFO  [17:01:28.754] [bbotk]  3a0cd293-bea1-4fab-8a29-b857115ac2cc
INFO  [17:01:28.756] [bbotk] Evaluating 1 configuration(s)
INFO  [17:01:29.388] [bbotk] Result of batch 2:
INFO  [17:01:29.389] [bbotk]  num.trees classif.ce warnings errors runtime_learners
INFO  [17:01:29.389] [bbotk]        483  0.1375863        0      0            0.586
INFO  [17:01:29.389] [bbotk]                                 uhash
INFO  [17:01:29.389] [bbotk]  16ca4132-bf61-45e3-9dd7-08013431b4af
INFO  [17:01:29.402] [bbotk] Evaluating 1 configuration(s)
INFO  [17:01:29.932] [bbotk] Result of batch 3:
INFO  [17:01:29.933] [bbotk]  num.trees classif.ce warnings errors runtime_learners
INFO  [17:01:29.933] [bbotk]        384  0.1402188        0      0            0.478
INFO  [17:01:29.933] [bbotk]                                 uhash
INFO  [17:01:29.933] [bbotk]  6726d2dc-6610-46a3-99ee-995d7035fc9f
INFO  [17:01:29.939] [bbotk] Finished optimizing after 3 evaluation(s)
INFO  [17:01:29.939] [bbotk] Result:
INFO  [17:01:29.940] [bbotk]  num.trees learner_param_vals  x_domain classif.ce
INFO  [17:01:29.940] [bbotk]      <int>             <list>    <list>      <num>
INFO  [17:01:29.940] [bbotk]        414          <list[2]> <list[1]>  0.1342977
Warning: glm.fit: fitted probabilities numerically 0 or 1 occurred
This happened PipeOp classif.ranger's $train()
[1] -5.689334
[1] 31.14011
[1] -79.31082
[1] 5.103981
[1] -47.30465
[1] 28.3472
[1] -70.86002
[1] 21.02074
[1] -131.9924
[1] -2.098364

### [bt]: Job terminated successfully [batchtools job.id=1748]
### [bt]: Starting job [batchtools job.id=1749]
### [bt]: Generating problem instance for problem '42e9f2146ba77696' ...
### [bt]: Applying algorithm 'run_learner' on problem '42e9f2146ba77696' for job 1749 (seed = 1750) ...
INFO  [17:01:30.487] [mlr3] Applying learner 'classif.ranger.tuned_calib.perfold_beta' on task 'kc1' (iter 9/10)
INFO  [17:01:30.579] [bbotk] Starting to optimize 1 parameter(s) with '<OptimizerBatchRandomSearch>' and '<TerminatorEvals> [n_evals=3, k=0]'
INFO  [17:01:30.608] [bbotk] Evaluating 1 configuration(s)
INFO  [17:01:31.285] [bbotk] Result of batch 1:
INFO  [17:01:31.286] [bbotk]  num.trees classif.ce warnings errors runtime_learners
INFO  [17:01:31.286] [bbotk]        479  0.1515152        0      0            0.605
INFO  [17:01:31.286] [bbotk]                                 uhash
INFO  [17:01:31.286] [bbotk]  8b452eb4-1f14-4d60-a8a1-1e105329f9eb
INFO  [17:01:31.289] [bbotk] Evaluating 1 configuration(s)
INFO  [17:01:31.600] [bbotk] Result of batch 2:
INFO  [17:01:31.601] [bbotk]  num.trees classif.ce warnings errors runtime_learners
INFO  [17:01:31.601] [bbotk]        177  0.1521739        0      0            0.252
INFO  [17:01:31.601] [bbotk]                                 uhash
INFO  [17:01:31.601] [bbotk]  eadd0e5f-9e56-456a-a0e2-13b9b692a840
INFO  [17:01:31.606] [bbotk] Evaluating 1 configuration(s)
INFO  [17:01:32.132] [bbotk] Result of batch 3:
INFO  [17:01:32.133] [bbotk]  num.trees classif.ce warnings errors runtime_learners
INFO  [17:01:32.133] [bbotk]        384  0.1508564        0      0            0.466
INFO  [17:01:32.133] [bbotk]                                 uhash
INFO  [17:01:32.133] [bbotk]  d0a3e6bc-f8e8-476c-93d9-1c29a6f9b460
INFO  [17:01:32.146] [bbotk] Finished optimizing after 3 evaluation(s)
INFO  [17:01:32.146] [bbotk] Result:
INFO  [17:01:32.148] [bbotk]  num.trees learner_param_vals  x_domain classif.ce
INFO  [17:01:32.148] [bbotk]      <int>             <list>    <list>      <num>
INFO  [17:01:32.148] [bbotk]        384          <list[2]> <list[1]>  0.1508564
INFO  [17:01:32.447] [bbotk] Starting to optimize 1 parameter(s) with '<OptimizerBatchRandomSearch>' and '<TerminatorEvals> [n_evals=3, k=0]'
INFO  [17:01:32.456] [bbotk] Evaluating 1 configuration(s)
INFO  [17:01:32.867] [bbotk] Result of batch 1:
INFO  [17:01:32.868] [bbotk]  num.trees classif.ce warnings errors runtime_learners
INFO  [17:01:32.868] [bbotk]        297  0.1600791        0      0             0.36
INFO  [17:01:32.868] [bbotk]                                 uhash
INFO  [17:01:32.868] [bbotk]  4a70c156-73bd-4119-80f7-16637890d93a
INFO  [17:01:32.872] [bbotk] Evaluating 1 configuration(s)
INFO  [17:01:33.081] [bbotk] Result of batch 2:
INFO  [17:01:33.082] [bbotk]  num.trees classif.ce warnings errors runtime_learners
INFO  [17:01:33.082] [bbotk]        101   0.154809        0      0            0.143
INFO  [17:01:33.082] [bbotk]                                 uhash
INFO  [17:01:33.082] [bbotk]  69122c8b-c606-40b2-8a8a-071c6ee9b4c4
INFO  [17:01:33.091] [bbotk] Evaluating 1 configuration(s)
INFO  [17:01:33.543] [bbotk] Result of batch 3:
INFO  [17:01:33.545] [bbotk]  num.trees classif.ce warnings errors runtime_learners
INFO  [17:01:33.545] [bbotk]        295  0.1521739        0      0            0.383
INFO  [17:01:33.545] [bbotk]                                 uhash
INFO  [17:01:33.545] [bbotk]  7130b30f-838d-47e7-96e5-29411eb4072a
INFO  [17:01:33.558] [bbotk] Finished optimizing after 3 evaluation(s)
INFO  [17:01:33.558] [bbotk] Result:
INFO  [17:01:33.559] [bbotk]  num.trees learner_param_vals  x_domain classif.ce
INFO  [17:01:33.559] [bbotk]      <int>             <list>    <list>      <num>
INFO  [17:01:33.559] [bbotk]        295          <list[2]> <list[1]>  0.1521739
INFO  [17:01:33.802] [bbotk] Starting to optimize 1 parameter(s) with '<OptimizerBatchRandomSearch>' and '<TerminatorEvals> [n_evals=3, k=0]'
INFO  [17:01:33.808] [bbotk] Evaluating 1 configuration(s)
INFO  [17:01:34.281] [bbotk] Result of batch 1:
INFO  [17:01:34.283] [bbotk]  num.trees classif.ce warnings errors runtime_learners
INFO  [17:01:34.283] [bbotk]        336  0.1429513        0      0            0.419
INFO  [17:01:34.283] [bbotk]                                 uhash
INFO  [17:01:34.283] [bbotk]  8318086b-0112-4870-8aa4-3accfaad6e7e
INFO  [17:01:34.287] [bbotk] Evaluating 1 configuration(s)
INFO  [17:01:34.728] [bbotk] Result of batch 2:
INFO  [17:01:34.729] [bbotk]  num.trees classif.ce warnings errors runtime_learners
INFO  [17:01:34.729] [bbotk]        287  0.1429513        0      0            0.387
INFO  [17:01:34.729] [bbotk]                                 uhash
INFO  [17:01:34.729] [bbotk]  4d379220-5ca0-4a44-82c3-e4faf6088ecc
INFO  [17:01:34.731] [bbotk] Evaluating 1 configuration(s)
INFO  [17:01:35.196] [bbotk] Result of batch 3:
INFO  [17:01:35.198] [bbotk]  num.trees classif.ce warnings errors runtime_learners
INFO  [17:01:35.198] [bbotk]        302  0.1469038        0      0            0.406
INFO  [17:01:35.198] [bbotk]                                 uhash
INFO  [17:01:35.198] [bbotk]  ac2a49b6-faca-4ffc-a9d7-bd980bd4633f
INFO  [17:01:35.218] [bbotk] Finished optimizing after 3 evaluation(s)
INFO  [17:01:35.218] [bbotk] Result:
INFO  [17:01:35.219] [bbotk]  num.trees learner_param_vals  x_domain classif.ce
INFO  [17:01:35.219] [bbotk]      <int>             <list>    <list>      <num>
INFO  [17:01:35.219] [bbotk]        336          <list[2]> <list[1]>  0.1429513
INFO  [17:01:35.494] [bbotk] Starting to optimize 1 parameter(s) with '<OptimizerBatchRandomSearch>' and '<TerminatorEvals> [n_evals=3, k=0]'
INFO  [17:01:35.509] [bbotk] Evaluating 1 configuration(s)
INFO  [17:01:35.938] [bbotk] Result of batch 1:
INFO  [17:01:35.940] [bbotk]  num.trees classif.ce warnings errors runtime_learners
INFO  [17:01:35.940] [bbotk]        271   0.149431        0      0            0.369
INFO  [17:01:35.940] [bbotk]                                 uhash
INFO  [17:01:35.940] [bbotk]  e68c30ac-f272-4e7d-b830-1ee306feb474
INFO  [17:01:35.950] [bbotk] Evaluating 1 configuration(s)
INFO  [17:01:36.382] [bbotk] Result of batch 2:
INFO  [17:01:36.384] [bbotk]  num.trees classif.ce warnings errors runtime_learners
INFO  [17:01:36.384] [bbotk]        314  0.1494284        0      0            0.384
INFO  [17:01:36.384] [bbotk]                                 uhash
INFO  [17:01:36.384] [bbotk]  5e016625-935a-47cb-aef1-23ec0451a7d8
INFO  [17:01:36.386] [bbotk] Evaluating 1 configuration(s)
INFO  [17:01:37.058] [bbotk] Result of batch 3:
INFO  [17:01:37.058] [bbotk]  num.trees classif.ce warnings errors runtime_learners
INFO  [17:01:37.058] [bbotk]        480  0.1474508        0      0            0.634
INFO  [17:01:37.058] [bbotk]                                 uhash
INFO  [17:01:37.058] [bbotk]  0693a932-5f10-4455-ab02-a17fb230a8b4
INFO  [17:01:37.064] [bbotk] Finished optimizing after 3 evaluation(s)
INFO  [17:01:37.065] [bbotk] Result:
INFO  [17:01:37.065] [bbotk]  num.trees learner_param_vals  x_domain classif.ce
INFO  [17:01:37.065] [bbotk]      <int>             <list>    <list>      <num>
INFO  [17:01:37.065] [bbotk]        480          <list[2]> <list[1]>  0.1474508
INFO  [17:01:37.533] [bbotk] Starting to optimize 1 parameter(s) with '<OptimizerBatchRandomSearch>' and '<TerminatorEvals> [n_evals=3, k=0]'
INFO  [17:01:37.538] [bbotk] Evaluating 1 configuration(s)
INFO  [17:01:37.856] [bbotk] Result of batch 1:
INFO  [17:01:37.858] [bbotk]  num.trees classif.ce warnings errors runtime_learners
INFO  [17:01:37.858] [bbotk]        178   0.136934        0      0            0.249
INFO  [17:01:37.858] [bbotk]                                 uhash
INFO  [17:01:37.858] [bbotk]  57d2c0c1-0884-4f9c-bb53-f8a03e4cd3ff
INFO  [17:01:37.873] [bbotk] Evaluating 1 configuration(s)
INFO  [17:01:38.503] [bbotk] Result of batch 2:
INFO  [17:01:38.503] [bbotk]  num.trees classif.ce warnings errors runtime_learners
INFO  [17:01:38.503] [bbotk]        435  0.1356204        0      0            0.598
INFO  [17:01:38.503] [bbotk]                                 uhash
INFO  [17:01:38.503] [bbotk]  ab63e999-fab8-4453-a9f6-62c47ee16b37
INFO  [17:01:38.506] [bbotk] Evaluating 1 configuration(s)
INFO  [17:01:38.885] [bbotk] Result of batch 3:
INFO  [17:01:38.886] [bbotk]  num.trees classif.ce warnings errors runtime_learners
INFO  [17:01:38.886] [bbotk]        232  0.1369366        0      0            0.326
INFO  [17:01:38.886] [bbotk]                                 uhash
INFO  [17:01:38.886] [bbotk]  c88df646-a35e-4709-98ef-edd249df873a
INFO  [17:01:38.896] [bbotk] Finished optimizing after 3 evaluation(s)
INFO  [17:01:38.896] [bbotk] Result:
INFO  [17:01:38.898] [bbotk]  num.trees learner_param_vals  x_domain classif.ce
INFO  [17:01:38.898] [bbotk]      <int>             <list>    <list>      <num>
INFO  [17:01:38.898] [bbotk]        435          <list[2]> <list[1]>  0.1356204
[1] -103.5923
[1] 16.26187
[1] -166.7845
[1] 5.569673
[1] -35.85629
[1] 20.77994
[1] -18.70333
[1] 21.99191
[1] -32.67551
[1] 24.25171

### [bt]: Job terminated successfully [batchtools job.id=1749]
### [bt]: Starting job [batchtools job.id=1750]
### [bt]: Generating problem instance for problem '42e9f2146ba77696' ...
### [bt]: Applying algorithm 'run_learner' on problem '42e9f2146ba77696' for job 1750 (seed = 1751) ...
INFO  [17:01:39.724] [mlr3] Applying learner 'classif.ranger.tuned_calib.perfold_beta' on task 'kc1' (iter 10/10)
INFO  [17:01:39.842] [bbotk] Starting to optimize 1 parameter(s) with '<OptimizerBatchRandomSearch>' and '<TerminatorEvals> [n_evals=3, k=0]'
INFO  [17:01:39.862] [bbotk] Evaluating 1 configuration(s)
INFO  [17:01:40.530] [bbotk] Result of batch 1:
INFO  [17:01:40.532] [bbotk]  num.trees classif.ce warnings errors runtime_learners
INFO  [17:01:40.532] [bbotk]        479  0.1421872        0      0            0.613
INFO  [17:01:40.532] [bbotk]                                 uhash
INFO  [17:01:40.532] [bbotk]  19c0710d-bff9-4131-8ea2-495684b96c6d
INFO  [17:01:40.538] [bbotk] Evaluating 1 configuration(s)
INFO  [17:01:41.043] [bbotk] Result of batch 2:
INFO  [17:01:41.044] [bbotk]  num.trees classif.ce warnings errors runtime_learners
INFO  [17:01:41.044] [bbotk]        280  0.1435009        0      0            0.454
INFO  [17:01:41.044] [bbotk]                                 uhash
INFO  [17:01:41.044] [bbotk]  954320ca-e0ee-4ab6-acaa-40e7a841c021
INFO  [17:01:41.047] [bbotk] Evaluating 1 configuration(s)
INFO  [17:01:41.422] [bbotk] Result of batch 3:
INFO  [17:01:41.423] [bbotk]  num.trees classif.ce warnings errors runtime_learners
INFO  [17:01:41.423] [bbotk]        261  0.1402162        0      0            0.344
INFO  [17:01:41.423] [bbotk]                                 uhash
INFO  [17:01:41.423] [bbotk]  ea2a58df-f460-4b85-8f48-df4034206bed
INFO  [17:01:41.439] [bbotk] Finished optimizing after 3 evaluation(s)
INFO  [17:01:41.439] [bbotk] Result:
INFO  [17:01:41.441] [bbotk]  num.trees learner_param_vals  x_domain classif.ce
INFO  [17:01:41.441] [bbotk]      <int>             <list>    <list>      <num>
INFO  [17:01:41.441] [bbotk]        261          <list[2]> <list[1]>  0.1402162
INFO  [17:01:41.691] [bbotk] Starting to optimize 1 parameter(s) with '<OptimizerBatchRandomSearch>' and '<TerminatorEvals> [n_evals=3, k=0]'
INFO  [17:01:41.698] [bbotk] Evaluating 1 configuration(s)
INFO  [17:01:42.269] [bbotk] Result of batch 1:
INFO  [17:01:42.271] [bbotk]  num.trees classif.ce warnings errors runtime_learners
INFO  [17:01:42.271] [bbotk]        401  0.1389194        0      0            0.515
INFO  [17:01:42.271] [bbotk]                                 uhash
INFO  [17:01:42.271] [bbotk]  1187e128-7b58-42c0-a546-391351682794
INFO  [17:01:42.277] [bbotk] Evaluating 1 configuration(s)
INFO  [17:01:42.976] [bbotk] Result of batch 2:
INFO  [17:01:42.977] [bbotk]  num.trees classif.ce warnings errors runtime_learners
INFO  [17:01:42.977] [bbotk]        491  0.1369483        0      0            0.635
INFO  [17:01:42.977] [bbotk]                                 uhash
INFO  [17:01:42.977] [bbotk]  b66d08e8-6d3c-4b61-be63-4b6a508cfe2a
INFO  [17:01:42.979] [bbotk] Evaluating 1 configuration(s)
INFO  [17:01:43.566] [bbotk] Result of batch 3:
INFO  [17:01:43.568] [bbotk]  num.trees classif.ce warnings errors runtime_learners
INFO  [17:01:43.568] [bbotk]        381  0.1343172        0      0            0.533
INFO  [17:01:43.568] [bbotk]                                 uhash
INFO  [17:01:43.568] [bbotk]  2db81aa4-f5c0-4eb2-b50f-e30d9821c321
INFO  [17:01:43.584] [bbotk] Finished optimizing after 3 evaluation(s)
INFO  [17:01:43.584] [bbotk] Result:
INFO  [17:01:43.586] [bbotk]  num.trees learner_param_vals  x_domain classif.ce
INFO  [17:01:43.586] [bbotk]      <int>             <list>    <list>      <num>
INFO  [17:01:43.586] [bbotk]        381          <list[2]> <list[1]>  0.1343172
INFO  [17:01:43.874] [bbotk] Starting to optimize 1 parameter(s) with '<OptimizerBatchRandomSearch>' and '<TerminatorEvals> [n_evals=3, k=0]'
INFO  [17:01:43.878] [bbotk] Evaluating 1 configuration(s)
INFO  [17:01:44.237] [bbotk] Result of batch 1:
INFO  [17:01:44.238] [bbotk]  num.trees classif.ce warnings errors runtime_learners
INFO  [17:01:44.238] [bbotk]        261  0.1415493        0      0            0.312
INFO  [17:01:44.238] [bbotk]                                 uhash
INFO  [17:01:44.238] [bbotk]  36a8f5cb-f89b-428f-80c2-a7235cb935bd
INFO  [17:01:44.242] [bbotk] Evaluating 1 configuration(s)
INFO  [17:01:44.562] [bbotk] Result of batch 2:
INFO  [17:01:44.563] [bbotk]  num.trees classif.ce warnings errors runtime_learners
INFO  [17:01:44.563] [bbotk]        145  0.1389142        0      0            0.221
INFO  [17:01:44.563] [bbotk]                                 uhash
INFO  [17:01:44.563] [bbotk]  c69cd91e-a458-4752-a7ae-31e234f38dd8
INFO  [17:01:44.566] [bbotk] Evaluating 1 configuration(s)
INFO  [17:01:44.985] [bbotk] Result of batch 3:
INFO  [17:01:44.988] [bbotk]  num.trees classif.ce warnings errors runtime_learners
INFO  [17:01:44.988] [bbotk]        276  0.1389129        0      0            0.343
INFO  [17:01:44.988] [bbotk]                                 uhash
INFO  [17:01:44.988] [bbotk]  5111897e-521b-4566-a8f0-bcfbbe09f4e7
INFO  [17:01:45.005] [bbotk] Finished optimizing after 3 evaluation(s)
INFO  [17:01:45.006] [bbotk] Result:
INFO  [17:01:45.007] [bbotk]  num.trees learner_param_vals  x_domain classif.ce
INFO  [17:01:45.007] [bbotk]      <int>             <list>    <list>      <num>
INFO  [17:01:45.007] [bbotk]        276          <list[2]> <list[1]>  0.1389129
INFO  [17:01:45.289] [bbotk] Starting to optimize 1 parameter(s) with '<OptimizerBatchRandomSearch>' and '<TerminatorEvals> [n_evals=3, k=0]'
INFO  [17:01:45.299] [bbotk] Evaluating 1 configuration(s)
INFO  [17:01:45.949] [bbotk] Result of batch 1:
INFO  [17:01:45.951] [bbotk]  num.trees classif.ce warnings errors runtime_learners
INFO  [17:01:45.951] [bbotk]        493  0.1461528        0      0            0.583
INFO  [17:01:45.951] [bbotk]                                 uhash
INFO  [17:01:45.951] [bbotk]  9d6d7749-22a3-4a9a-88fc-b26d15c5627d
INFO  [17:01:45.957] [bbotk] Evaluating 1 configuration(s)
INFO  [17:01:46.199] [bbotk] Result of batch 2:
INFO  [17:01:46.201] [bbotk]  num.trees classif.ce warnings errors runtime_learners
INFO  [17:01:46.201] [bbotk]        156   0.144834        0      0             0.19
INFO  [17:01:46.201] [bbotk]                                 uhash
INFO  [17:01:46.201] [bbotk]  86ffbc92-d1fd-42f5-991b-d7af9db54036
INFO  [17:01:46.209] [bbotk] Evaluating 1 configuration(s)
INFO  [17:01:46.899] [bbotk] Result of batch 3:
INFO  [17:01:46.906] [bbotk]  num.trees classif.ce warnings errors runtime_learners
INFO  [17:01:46.906] [bbotk]        250  0.1441778        0      0            0.627
INFO  [17:01:46.906] [bbotk]                                 uhash
INFO  [17:01:46.906] [bbotk]  c65ce1d9-f515-416f-910b-86e1bcb57132
INFO  [17:01:46.922] [bbotk] Finished optimizing after 3 evaluation(s)
INFO  [17:01:46.922] [bbotk] Result:
INFO  [17:01:46.924] [bbotk]  num.trees learner_param_vals  x_domain classif.ce
INFO  [17:01:46.924] [bbotk]      <int>             <list>    <list>      <num>
INFO  [17:01:46.924] [bbotk]        250          <list[2]> <list[1]>  0.1441778
INFO  [17:01:47.130] [bbotk] Starting to optimize 1 parameter(s) with '<OptimizerBatchRandomSearch>' and '<TerminatorEvals> [n_evals=3, k=0]'
INFO  [17:01:47.136] [bbotk] Evaluating 1 configuration(s)
INFO  [17:01:47.569] [bbotk] Result of batch 1:
INFO  [17:01:47.571] [bbotk]  num.trees classif.ce warnings errors runtime_learners
INFO  [17:01:47.571] [bbotk]        276  0.1460463        0      0            0.378
INFO  [17:01:47.571] [bbotk]                                 uhash
INFO  [17:01:47.571] [bbotk]  cf3b2259-3705-4b7a-964c-9d578769e9fb
INFO  [17:01:47.576] [bbotk] Evaluating 1 configuration(s)
INFO  [17:01:47.844] [bbotk] Result of batch 2:
INFO  [17:01:47.846] [bbotk]  num.trees classif.ce warnings errors runtime_learners
INFO  [17:01:47.846] [bbotk]        154  0.1499962        0      0            0.204
INFO  [17:01:47.846] [bbotk]                                 uhash
INFO  [17:01:47.846] [bbotk]  d841c954-f9d7-49a1-94ce-661604976788
INFO  [17:01:47.857] [bbotk] Evaluating 1 configuration(s)
INFO  [17:01:48.191] [bbotk] Result of batch 3:
INFO  [17:01:48.193] [bbotk]  num.trees classif.ce warnings errors runtime_learners
INFO  [17:01:48.193] [bbotk]        207  0.1473625        0      0            0.284
INFO  [17:01:48.193] [bbotk]                                 uhash
INFO  [17:01:48.193] [bbotk]  63fbf26f-e32e-4a72-b4af-1690a0201dcb
INFO  [17:01:48.207] [bbotk] Finished optimizing after 3 evaluation(s)
INFO  [17:01:48.208] [bbotk] Result:
INFO  [17:01:48.209] [bbotk]  num.trees learner_param_vals  x_domain classif.ce
INFO  [17:01:48.209] [bbotk]      <int>             <list>    <list>      <num>
INFO  [17:01:48.209] [bbotk]        276          <list[2]> <list[1]>  0.1460463
Warning: glm.fit: fitted probabilities numerically 0 or 1 occurred
This happened PipeOp classif.ranger's $train()
[1] -32.45578
[1] 32.08837
[1] -76.95122
[1] 34.08054
[1] -48.18919
[1] 9.710569
[1] -119.9297
[1] -2.883679
[1] -188.3144
[1] -3.558571

### [bt]: Job terminated successfully [batchtools job.id=1750]
### [bt]: Calculation finished!
