### [bt]: This is batchtools v0.9.17
### [bt]: Starting calculation of 5 jobs
### [bt]: Setting working directory to '/Users/User/Documents/Studium/Semester8/Hiwi/mlr3calibration/vignettes'
### [bt]: Memory measurement disabled
### [bt]: Starting job [batchtools job.id=2291]
### [bt]: Generating problem instance for problem 'a63d756aec4c60c1' ...
### [bt]: Applying algorithm 'run_learner' on problem 'a63d756aec4c60c1' for job 2291 (seed = 2292) ...
INFO  [17:10:13.426] [mlr3] Applying learner 'classif.xgboost.tuned_calib.tunefirst.oof_beta' on task 'pc1' (iter 1/10)
INFO  [17:10:13.471] [bbotk] Starting to optimize 3 parameter(s) with '<OptimizerBatchRandomSearch>' and '<TerminatorEvals> [n_evals=10, k=0]'
INFO  [17:10:13.489] [bbotk] Evaluating 1 configuration(s)
INFO  [17:10:13.736] [bbotk] Result of batch 1:
INFO  [17:10:13.737] [bbotk]  nrounds        eta max_depth classif.ce warnings errors runtime_learners
INFO  [17:10:13.737] [bbotk]       85 0.01000034         6  0.0661535        0      0            0.209
INFO  [17:10:13.737] [bbotk]                                 uhash
INFO  [17:10:13.737] [bbotk]  f4b3bd6f-745f-4b52-8758-754b7fc5c5db
INFO  [17:10:13.741] [bbotk] Evaluating 1 configuration(s)
INFO  [17:10:14.065] [bbotk] Result of batch 2:
INFO  [17:10:14.066] [bbotk]  nrounds        eta max_depth classif.ce warnings errors runtime_learners
INFO  [17:10:14.066] [bbotk]       77 0.04590867        10 0.07316352        0      0            0.279
INFO  [17:10:14.066] [bbotk]                                 uhash
INFO  [17:10:14.066] [bbotk]  a2eb6d84-27b7-4fa0-9633-58227589ba46
INFO  [17:10:14.071] [bbotk] Evaluating 1 configuration(s)
INFO  [17:10:14.320] [bbotk] Result of batch 3:
INFO  [17:10:14.321] [bbotk]  nrounds        eta max_depth classif.ce warnings errors runtime_learners
INFO  [17:10:14.321] [bbotk]       75 0.02595669         6 0.07115549        0      0            0.193
INFO  [17:10:14.321] [bbotk]                                 uhash
INFO  [17:10:14.321] [bbotk]  8499e8c8-f164-4ff2-9f01-bbdda422d591
INFO  [17:10:14.327] [bbotk] Evaluating 1 configuration(s)
INFO  [17:10:14.871] [bbotk] Result of batch 4:
INFO  [17:10:14.873] [bbotk]  nrounds        eta max_depth classif.ce warnings errors runtime_learners
INFO  [17:10:14.873] [bbotk]      180 0.09164631         6 0.07316654        0      0            0.503
INFO  [17:10:14.873] [bbotk]                                 uhash
INFO  [17:10:14.873] [bbotk]  ef178f0c-338f-4888-bca2-6bbb6687d405
INFO  [17:10:14.883] [bbotk] Evaluating 1 configuration(s)
INFO  [17:10:15.574] [bbotk] Result of batch 5:
INFO  [17:10:15.576] [bbotk]  nrounds       eta max_depth classif.ce warnings errors runtime_learners
INFO  [17:10:15.576] [bbotk]      286 0.1423612        10 0.06815852        0      0            0.635
INFO  [17:10:15.576] [bbotk]                                 uhash
INFO  [17:10:15.576] [bbotk]  09753a70-bca5-43a4-8648-2f6aa0e594cf
INFO  [17:10:15.583] [bbotk] Evaluating 1 configuration(s)
INFO  [17:10:16.087] [bbotk] Result of batch 6:
INFO  [17:10:16.088] [bbotk]  nrounds       eta max_depth classif.ce warnings errors runtime_learners
INFO  [17:10:16.088] [bbotk]      156 0.1535236         8 0.07116454        0      0            0.458
INFO  [17:10:16.088] [bbotk]                                 uhash
INFO  [17:10:16.088] [bbotk]  a2a55abc-7de5-44da-a7da-7acce82b7729
INFO  [17:10:16.096] [bbotk] Evaluating 1 configuration(s)
INFO  [17:10:16.276] [bbotk] Result of batch 7:
INFO  [17:10:16.277] [bbotk]  nrounds        eta max_depth classif.ce warnings errors runtime_learners
INFO  [17:10:16.277] [bbotk]      111 0.06093212         2  0.0651525        0      0            0.131
INFO  [17:10:16.277] [bbotk]                                 uhash
INFO  [17:10:16.277] [bbotk]  a0a3b47f-1536-48b5-85f8-74da59970abd
INFO  [17:10:16.283] [bbotk] Evaluating 1 configuration(s)
INFO  [17:10:16.738] [bbotk] Result of batch 8:
INFO  [17:10:16.739] [bbotk]  nrounds       eta max_depth classif.ce warnings errors runtime_learners
INFO  [17:10:16.739] [bbotk]      179 0.2273426         9 0.06915952        0      0            0.418
INFO  [17:10:16.739] [bbotk]                                 uhash
INFO  [17:10:16.739] [bbotk]  3b3eaa38-0031-4ceb-98c6-bfa4149dcbeb
INFO  [17:10:16.743] [bbotk] Evaluating 1 configuration(s)
INFO  [17:10:17.403] [bbotk] Result of batch 9:
INFO  [17:10:17.406] [bbotk]  nrounds       eta max_depth classif.ce warnings errors runtime_learners
INFO  [17:10:17.406] [bbotk]      268 0.2934404        10 0.07316352        0      0            0.617
INFO  [17:10:17.406] [bbotk]                                 uhash
INFO  [17:10:17.406] [bbotk]  d16c0046-018a-410f-a7fc-d5d893d80881
INFO  [17:10:17.412] [bbotk] Evaluating 1 configuration(s)
INFO  [17:10:17.847] [bbotk] Result of batch 10:
INFO  [17:10:17.848] [bbotk]  nrounds        eta max_depth classif.ce warnings errors runtime_learners
INFO  [17:10:17.848] [bbotk]      230 0.06599115         3 0.07016354        0      0            0.377
INFO  [17:10:17.848] [bbotk]                                 uhash
INFO  [17:10:17.848] [bbotk]  61c3bb08-bba5-4f08-bca8-91f3d69180d6
INFO  [17:10:17.860] [bbotk] Finished optimizing after 10 evaluation(s)
INFO  [17:10:17.860] [bbotk] Result:
INFO  [17:10:17.862] [bbotk]  nrounds        eta max_depth learner_param_vals  x_domain classif.ce
INFO  [17:10:17.862] [bbotk]    <int>      <num>     <int>             <list>    <list>      <num>
INFO  [17:10:17.862] [bbotk]      111 0.06093212         2          <list[5]> <list[3]>  0.0651525
[1] -24.64159
[1] 45.63183

### [bt]: Job terminated successfully [batchtools job.id=2291]
### [bt]: Starting job [batchtools job.id=2292]
### [bt]: Generating problem instance for problem 'a63d756aec4c60c1' ...
### [bt]: Applying algorithm 'run_learner' on problem 'a63d756aec4c60c1' for job 2292 (seed = 2293) ...
INFO  [17:10:18.315] [mlr3] Applying learner 'classif.xgboost.tuned_calib.tunefirst.oof_beta' on task 'pc1' (iter 2/10)
INFO  [17:10:18.383] [bbotk] Starting to optimize 3 parameter(s) with '<OptimizerBatchRandomSearch>' and '<TerminatorEvals> [n_evals=10, k=0]'
INFO  [17:10:18.406] [bbotk] Evaluating 1 configuration(s)
INFO  [17:10:19.166] [bbotk] Result of batch 1:
INFO  [17:10:19.167] [bbotk]  nrounds       eta max_depth classif.ce warnings errors runtime_learners
INFO  [17:10:19.167] [bbotk]      276 0.2239506         6 0.06614144        0      0            0.692
INFO  [17:10:19.167] [bbotk]                                 uhash
INFO  [17:10:19.167] [bbotk]  733a13d9-484b-4002-b269-7f9911026411
INFO  [17:10:19.171] [bbotk] Evaluating 1 configuration(s)
INFO  [17:10:19.826] [bbotk] Result of batch 2:
INFO  [17:10:19.829] [bbotk]  nrounds       eta max_depth classif.ce warnings errors runtime_learners
INFO  [17:10:19.829] [bbotk]      234 0.2172673         8 0.06212839        0      0            0.614
INFO  [17:10:19.829] [bbotk]                                 uhash
INFO  [17:10:19.829] [bbotk]  957305aa-2b8c-42b9-8697-32f24d0ca1ca
INFO  [17:10:19.841] [bbotk] Evaluating 1 configuration(s)
INFO  [17:10:20.707] [bbotk] Result of batch 3:
INFO  [17:10:20.708] [bbotk]  nrounds        eta max_depth classif.ce warnings errors runtime_learners
INFO  [17:10:20.708] [bbotk]      280 0.08312573         8 0.06413643        0      0            0.829
INFO  [17:10:20.708] [bbotk]                                 uhash
INFO  [17:10:20.708] [bbotk]  b7f3c8cf-e56b-4378-8d9c-0751e9b2768e
INFO  [17:10:20.725] [bbotk] Evaluating 1 configuration(s)
INFO  [17:10:21.064] [bbotk] Result of batch 4:
INFO  [17:10:21.065] [bbotk]  nrounds       eta max_depth classif.ce warnings errors runtime_learners
INFO  [17:10:21.065] [bbotk]      105 0.1998519         4 0.06213442        0      0            0.288
INFO  [17:10:21.065] [bbotk]                                 uhash
INFO  [17:10:21.065] [bbotk]  f643f617-a808-497a-a1de-062d043e7067
INFO  [17:10:21.084] [bbotk] Evaluating 1 configuration(s)
INFO  [17:10:21.728] [bbotk] Result of batch 5:
INFO  [17:10:21.735] [bbotk]  nrounds       eta max_depth classif.ce warnings errors runtime_learners
INFO  [17:10:21.735] [bbotk]      294 0.2910658         9 0.07114946        0      0            0.607
INFO  [17:10:21.735] [bbotk]                                 uhash
INFO  [17:10:21.735] [bbotk]  a39f5dde-e704-4e31-97f7-0ba9a9dede6f
INFO  [17:10:21.745] [bbotk] Evaluating 1 configuration(s)
INFO  [17:10:22.416] [bbotk] Result of batch 6:
INFO  [17:10:22.417] [bbotk]  nrounds       eta max_depth classif.ce warnings errors runtime_learners
INFO  [17:10:22.417] [bbotk]      257 0.2468866         7 0.06614144        0      0            0.615
INFO  [17:10:22.417] [bbotk]                                 uhash
INFO  [17:10:22.417] [bbotk]  f7ae43fa-1dcb-48dc-bcc1-dad8ebf53671
INFO  [17:10:22.421] [bbotk] Evaluating 1 configuration(s)
INFO  [17:10:22.882] [bbotk] Result of batch 7:
INFO  [17:10:22.883] [bbotk]  nrounds       eta max_depth classif.ce warnings errors runtime_learners
INFO  [17:10:22.883] [bbotk]      193 0.2944918         4 0.06513441        0      0            0.403
INFO  [17:10:22.883] [bbotk]                                 uhash
INFO  [17:10:22.883] [bbotk]  5ea7c7a4-01b4-4aea-8fa5-d626d0af6110
INFO  [17:10:22.893] [bbotk] Evaluating 1 configuration(s)
INFO  [17:10:23.229] [bbotk] Result of batch 8:
INFO  [17:10:23.230] [bbotk]  nrounds       eta max_depth classif.ce warnings errors runtime_learners
INFO  [17:10:23.230] [bbotk]      222 0.1951773         2 0.06313241        0      0            0.289
INFO  [17:10:23.230] [bbotk]                                 uhash
INFO  [17:10:23.230] [bbotk]  5986ad62-01c2-4b0b-adb5-c341ef890f45
INFO  [17:10:23.235] [bbotk] Evaluating 1 configuration(s)
INFO  [17:10:23.424] [bbotk] Result of batch 9:
INFO  [17:10:23.426] [bbotk]  nrounds        eta max_depth classif.ce warnings errors runtime_learners
INFO  [17:10:23.426] [bbotk]       99 0.09671136         2 0.06314145        0      0             0.13
INFO  [17:10:23.426] [bbotk]                                 uhash
INFO  [17:10:23.426] [bbotk]  afdb02b6-cf9f-4007-a29b-66452a16aca4
INFO  [17:10:23.435] [bbotk] Evaluating 1 configuration(s)
INFO  [17:10:23.809] [bbotk] Result of batch 10:
INFO  [17:10:23.811] [bbotk]  nrounds       eta max_depth classif.ce warnings errors runtime_learners
INFO  [17:10:23.811] [bbotk]      197 0.1037553         3 0.06113644        0      0            0.316
INFO  [17:10:23.811] [bbotk]                                 uhash
INFO  [17:10:23.811] [bbotk]  e4fc94bd-17dc-4d54-92e2-90f5f1f8e967
INFO  [17:10:23.826] [bbotk] Finished optimizing after 10 evaluation(s)
INFO  [17:10:23.827] [bbotk] Result:
INFO  [17:10:23.843] [bbotk]  nrounds       eta max_depth learner_param_vals  x_domain classif.ce
INFO  [17:10:23.843] [bbotk]    <int>     <num>     <int>             <list>    <list>      <num>
INFO  [17:10:23.843] [bbotk]      197 0.1037553         3          <list[5]> <list[3]> 0.06113644
[1] -24.95504
[1] 20.28988

### [bt]: Job terminated successfully [batchtools job.id=2292]
### [bt]: Starting job [batchtools job.id=2293]
### [bt]: Generating problem instance for problem 'a63d756aec4c60c1' ...
### [bt]: Applying algorithm 'run_learner' on problem 'a63d756aec4c60c1' for job 2293 (seed = 2294) ...
INFO  [17:10:24.706] [mlr3] Applying learner 'classif.xgboost.tuned_calib.tunefirst.oof_beta' on task 'pc1' (iter 3/10)
INFO  [17:10:24.748] [bbotk] Starting to optimize 3 parameter(s) with '<OptimizerBatchRandomSearch>' and '<TerminatorEvals> [n_evals=10, k=0]'
INFO  [17:10:24.763] [bbotk] Evaluating 1 configuration(s)
INFO  [17:10:25.487] [bbotk] Result of batch 1:
INFO  [17:10:25.488] [bbotk]  nrounds       eta max_depth classif.ce warnings errors runtime_learners
INFO  [17:10:25.488] [bbotk]      300 0.2359771         5 0.07614844        0      0            0.683
INFO  [17:10:25.488] [bbotk]                                 uhash
INFO  [17:10:25.488] [bbotk]  f84ad04e-e2e2-4370-97a4-c777558be55a
INFO  [17:10:25.492] [bbotk] Evaluating 1 configuration(s)
INFO  [17:10:25.964] [bbotk] Result of batch 2:
INFO  [17:10:25.966] [bbotk]  nrounds       eta max_depth classif.ce warnings errors runtime_learners
INFO  [17:10:25.966] [bbotk]      122 0.1131263         9 0.07514744        0      0             0.41
INFO  [17:10:25.966] [bbotk]                                 uhash
INFO  [17:10:25.966] [bbotk]  1e25c614-7b53-4871-8a11-7f850e4aa02b
INFO  [17:10:25.985] [bbotk] Evaluating 1 configuration(s)
INFO  [17:10:26.598] [bbotk] Result of batch 3:
INFO  [17:10:26.599] [bbotk]  nrounds       eta max_depth classif.ce warnings errors runtime_learners
INFO  [17:10:26.599] [bbotk]      279 0.2466958         4 0.07614241        0      0            0.569
INFO  [17:10:26.599] [bbotk]                                 uhash
INFO  [17:10:26.599] [bbotk]  c24a806d-1ea5-419f-8b67-9cb8ae4b5ad5
INFO  [17:10:26.603] [bbotk] Evaluating 1 configuration(s)
INFO  [17:10:27.251] [bbotk] Result of batch 4:
INFO  [17:10:27.252] [bbotk]  nrounds       eta max_depth classif.ce warnings errors runtime_learners
INFO  [17:10:27.252] [bbotk]      220 0.2178774         7 0.07614844        0      0            0.587
INFO  [17:10:27.252] [bbotk]                                 uhash
INFO  [17:10:27.252] [bbotk]  bd73ccbd-7ffb-4927-8a82-e120d5803267
INFO  [17:10:27.256] [bbotk] Evaluating 1 configuration(s)
INFO  [17:10:27.812] [bbotk] Result of batch 5:
INFO  [17:10:27.814] [bbotk]  nrounds       eta max_depth classif.ce warnings errors runtime_learners
INFO  [17:10:27.814] [bbotk]      166 0.2348382        10 0.07414945        0      0            0.514
INFO  [17:10:27.814] [bbotk]                                 uhash
INFO  [17:10:27.814] [bbotk]  8edc9c2a-cbe2-4e42-8689-a8431bf20542
INFO  [17:10:27.823] [bbotk] Evaluating 1 configuration(s)
INFO  [17:10:28.481] [bbotk] Result of batch 6:
INFO  [17:10:28.482] [bbotk]  nrounds       eta max_depth classif.ce warnings errors runtime_learners
INFO  [17:10:28.482] [bbotk]      203 0.1823315         9 0.07214443        0      0            0.606
INFO  [17:10:28.482] [bbotk]                                 uhash
INFO  [17:10:28.482] [bbotk]  7a28ca21-057b-4cdf-9d42-b5daeea223f1
INFO  [17:10:28.493] [bbotk] Evaluating 1 configuration(s)
INFO  [17:10:28.914] [bbotk] Result of batch 7:
INFO  [17:10:28.915] [bbotk]  nrounds       eta max_depth classif.ce warnings errors runtime_learners
INFO  [17:10:28.915] [bbotk]      102 0.1339706         9 0.06913842        0      0            0.374
INFO  [17:10:28.915] [bbotk]                                 uhash
INFO  [17:10:28.915] [bbotk]  c35a67e7-a678-45c6-aab4-8587bc1fc5ad
INFO  [17:10:28.925] [bbotk] Evaluating 1 configuration(s)
INFO  [17:10:29.124] [bbotk] Result of batch 8:
INFO  [17:10:29.124] [bbotk]  nrounds       eta max_depth classif.ce warnings errors runtime_learners
INFO  [17:10:29.124] [bbotk]       61 0.1402942         3 0.06814043        0      0            0.144
INFO  [17:10:29.124] [bbotk]                                 uhash
INFO  [17:10:29.124] [bbotk]  3e84baa1-6ece-42f6-b3a2-9797ba22202a
INFO  [17:10:29.133] [bbotk] Evaluating 1 configuration(s)
INFO  [17:10:30.091] [bbotk] Result of batch 9:
INFO  [17:10:30.092] [bbotk]  nrounds        eta max_depth classif.ce warnings errors runtime_learners
INFO  [17:10:30.092] [bbotk]      297 0.07780826         9 0.07414945        0      0            0.904
INFO  [17:10:30.092] [bbotk]                                 uhash
INFO  [17:10:30.092] [bbotk]  fcd3b234-37f0-4d68-9de7-3f4432ac6b6d
INFO  [17:10:30.102] [bbotk] Evaluating 1 configuration(s)
INFO  [17:10:30.422] [bbotk] Result of batch 10:
INFO  [17:10:30.423] [bbotk]  nrounds       eta max_depth classif.ce warnings errors runtime_learners
INFO  [17:10:30.423] [bbotk]      228 0.1770685         2 0.07014243        0      0            0.282
INFO  [17:10:30.423] [bbotk]                                 uhash
INFO  [17:10:30.423] [bbotk]  5554b198-2df7-4e3f-8267-f864112a6f7d
INFO  [17:10:30.443] [bbotk] Finished optimizing after 10 evaluation(s)
INFO  [17:10:30.443] [bbotk] Result:
INFO  [17:10:30.445] [bbotk]  nrounds       eta max_depth learner_param_vals  x_domain classif.ce
INFO  [17:10:30.445] [bbotk]    <int>     <num>     <int>             <list>    <list>      <num>
INFO  [17:10:30.445] [bbotk]       61 0.1402942         3          <list[5]> <list[3]> 0.06814043
[1] -21.33531
[1] 32.90265

### [bt]: Job terminated successfully [batchtools job.id=2293]
### [bt]: Starting job [batchtools job.id=2294]
### [bt]: Generating problem instance for problem 'a63d756aec4c60c1' ...
### [bt]: Applying algorithm 'run_learner' on problem 'a63d756aec4c60c1' for job 2294 (seed = 2295) ...
INFO  [17:10:30.905] [mlr3] Applying learner 'classif.xgboost.tuned_calib.tunefirst.oof_beta' on task 'pc1' (iter 4/10)
INFO  [17:10:30.930] [bbotk] Starting to optimize 3 parameter(s) with '<OptimizerBatchRandomSearch>' and '<TerminatorEvals> [n_evals=10, k=0]'
INFO  [17:10:30.955] [bbotk] Evaluating 1 configuration(s)
INFO  [17:10:31.366] [bbotk] Result of batch 1:
INFO  [17:10:31.367] [bbotk]  nrounds       eta max_depth classif.ce warnings errors runtime_learners
INFO  [17:10:31.367] [bbotk]      112 0.1553603         6  0.0721384        0      0            0.365
INFO  [17:10:31.367] [bbotk]                                 uhash
INFO  [17:10:31.367] [bbotk]  d54d9ba9-332c-4d7a-a14b-4d271df0dbee
INFO  [17:10:31.371] [bbotk] Evaluating 1 configuration(s)
INFO  [17:10:31.773] [bbotk] Result of batch 2:
INFO  [17:10:31.774] [bbotk]  nrounds       eta max_depth classif.ce warnings errors runtime_learners
INFO  [17:10:31.774] [bbotk]      106 0.1153405        10 0.07113137        0      0            0.366
INFO  [17:10:31.774] [bbotk]                                 uhash
INFO  [17:10:31.774] [bbotk]  6a5e7458-f674-48a8-9542-9bf763d5bf2a
INFO  [17:10:31.780] [bbotk] Evaluating 1 configuration(s)
INFO  [17:10:32.056] [bbotk] Result of batch 3:
INFO  [17:10:32.058] [bbotk]  nrounds        eta max_depth classif.ce warnings errors runtime_learners
INFO  [17:10:32.058] [bbotk]       86 0.08803795         4 0.06912937        0      0            0.222
INFO  [17:10:32.058] [bbotk]                                 uhash
INFO  [17:10:32.058] [bbotk]  572d739f-70fb-4194-bd20-28401436cb5b
INFO  [17:10:32.070] [bbotk] Evaluating 1 configuration(s)
INFO  [17:10:32.303] [bbotk] Result of batch 4:
INFO  [17:10:32.307] [bbotk]  nrounds        eta max_depth classif.ce warnings errors runtime_learners
INFO  [17:10:32.307] [bbotk]       94 0.02866077         4 0.06411834        0      0            0.198
INFO  [17:10:32.307] [bbotk]                                 uhash
INFO  [17:10:32.307] [bbotk]  9ce1c5ae-a404-43c2-b040-bbc802c476ca
INFO  [17:10:32.317] [bbotk] Evaluating 1 configuration(s)
INFO  [17:10:32.484] [bbotk] Result of batch 5:
INFO  [17:10:32.485] [bbotk]  nrounds        eta max_depth classif.ce warnings errors runtime_learners
INFO  [17:10:32.485] [bbotk]       71 0.06087657         3 0.06913842        0      0            0.123
INFO  [17:10:32.485] [bbotk]                                 uhash
INFO  [17:10:32.485] [bbotk]  af231aec-60ef-4d27-b0a2-60ce69e517ff
INFO  [17:10:32.492] [bbotk] Evaluating 1 configuration(s)
INFO  [17:10:32.839] [bbotk] Result of batch 6:
INFO  [17:10:32.840] [bbotk]  nrounds       eta max_depth classif.ce warnings errors runtime_learners
INFO  [17:10:32.840] [bbotk]       92 0.1003705         9 0.07013037        0      0            0.311
INFO  [17:10:32.840] [bbotk]                                 uhash
INFO  [17:10:32.840] [bbotk]  e3c8a074-7855-4a44-b09f-484968312e0c
INFO  [17:10:32.845] [bbotk] Evaluating 1 configuration(s)
INFO  [17:10:33.624] [bbotk] Result of batch 7:
INFO  [17:10:33.626] [bbotk]  nrounds       eta max_depth classif.ce warnings errors runtime_learners
INFO  [17:10:33.626] [bbotk]      280 0.1479705         9 0.07413739        0      0            0.736
INFO  [17:10:33.626] [bbotk]                                 uhash
INFO  [17:10:33.626] [bbotk]  2a824ddd-6944-436c-876b-e908cc165103
INFO  [17:10:33.630] [bbotk] Evaluating 1 configuration(s)
INFO  [17:10:34.172] [bbotk] Result of batch 8:
INFO  [17:10:34.173] [bbotk]  nrounds        eta max_depth classif.ce warnings errors runtime_learners
INFO  [17:10:34.173] [bbotk]      279 0.05629871         3 0.06712737        0      0            0.496
INFO  [17:10:34.173] [bbotk]                                 uhash
INFO  [17:10:34.173] [bbotk]  31a12c39-2c67-4504-86a6-f5e9ae2935b6
INFO  [17:10:34.177] [bbotk] Evaluating 1 configuration(s)
INFO  [17:10:34.909] [bbotk] Result of batch 9:
INFO  [17:10:34.912] [bbotk]  nrounds        eta max_depth classif.ce warnings errors runtime_learners
INFO  [17:10:34.912] [bbotk]      206 0.03449026        10 0.06512537        0      0            0.685
INFO  [17:10:34.912] [bbotk]                                 uhash
INFO  [17:10:34.912] [bbotk]  f76e7c9d-97d7-4d4b-a65e-40eeda13d6c8
INFO  [17:10:34.925] [bbotk] Evaluating 1 configuration(s)
INFO  [17:10:35.405] [bbotk] Result of batch 10:
INFO  [17:10:35.407] [bbotk]  nrounds       eta max_depth classif.ce warnings errors runtime_learners
INFO  [17:10:35.407] [bbotk]      173 0.1606485         4 0.06713038        0      0            0.418
INFO  [17:10:35.407] [bbotk]                                 uhash
INFO  [17:10:35.407] [bbotk]  2e876f1f-9c92-45e5-9ac9-c52caabdaf07
INFO  [17:10:35.426] [bbotk] Finished optimizing after 10 evaluation(s)
INFO  [17:10:35.426] [bbotk] Result:
INFO  [17:10:35.427] [bbotk]  nrounds        eta max_depth learner_param_vals  x_domain classif.ce
INFO  [17:10:35.427] [bbotk]    <int>      <num>     <int>             <list>    <list>      <num>
INFO  [17:10:35.427] [bbotk]       94 0.02866077         4          <list[5]> <list[3]> 0.06411834
[1] 1.388239
[1] 68.81222

### [bt]: Job terminated successfully [batchtools job.id=2294]
### [bt]: Starting job [batchtools job.id=2295]
### [bt]: Generating problem instance for problem 'a63d756aec4c60c1' ...
### [bt]: Applying algorithm 'run_learner' on problem 'a63d756aec4c60c1' for job 2295 (seed = 2296) ...
INFO  [17:10:36.112] [mlr3] Applying learner 'classif.xgboost.tuned_calib.tunefirst.oof_beta' on task 'pc1' (iter 5/10)
INFO  [17:10:36.160] [bbotk] Starting to optimize 3 parameter(s) with '<OptimizerBatchRandomSearch>' and '<TerminatorEvals> [n_evals=10, k=0]'
INFO  [17:10:36.189] [bbotk] Evaluating 1 configuration(s)
INFO  [17:10:37.015] [bbotk] Result of batch 1:
INFO  [17:10:37.017] [bbotk]  nrounds       eta max_depth classif.ce warnings errors runtime_learners
INFO  [17:10:37.017] [bbotk]      272 0.1157611         6 0.06311733        0      0             0.77
INFO  [17:10:37.017] [bbotk]                                 uhash
INFO  [17:10:37.017] [bbotk]  a72e8554-b3a7-4203-9fc1-dc3463a8b38a
INFO  [17:10:37.022] [bbotk] Evaluating 1 configuration(s)
INFO  [17:10:37.413] [bbotk] Result of batch 2:
INFO  [17:10:37.417] [bbotk]  nrounds      eta max_depth classif.ce warnings errors runtime_learners
INFO  [17:10:37.417] [bbotk]      167 0.282801         4 0.06011132        0      0             0.34
INFO  [17:10:37.417] [bbotk]                                 uhash
INFO  [17:10:37.417] [bbotk]  f1dcf07f-c437-435d-8230-86b30fef6b19
INFO  [17:10:37.421] [bbotk] Evaluating 1 configuration(s)
INFO  [17:10:37.818] [bbotk] Result of batch 3:
INFO  [17:10:37.820] [bbotk]  nrounds     eta max_depth classif.ce warnings errors runtime_learners
INFO  [17:10:37.820] [bbotk]      114 0.27734        10 0.06111533        0      0            0.363
INFO  [17:10:37.820] [bbotk]                                 uhash
INFO  [17:10:37.820] [bbotk]  e35a7d52-ad2a-4b43-b42b-f44e0989daa7
INFO  [17:10:37.833] [bbotk] Evaluating 1 configuration(s)
INFO  [17:10:38.129] [bbotk] Result of batch 4:
INFO  [17:10:38.131] [bbotk]  nrounds       eta max_depth classif.ce warnings errors runtime_learners
INFO  [17:10:38.131] [bbotk]       96 0.2861578         4 0.06311733        0      0            0.245
INFO  [17:10:38.131] [bbotk]                                 uhash
INFO  [17:10:38.131] [bbotk]  2fdf2978-2eac-48d2-bcc0-258d4e9630d8
INFO  [17:10:38.144] [bbotk] Evaluating 1 configuration(s)
INFO  [17:10:38.774] [bbotk] Result of batch 5:
INFO  [17:10:38.775] [bbotk]  nrounds        eta max_depth classif.ce warnings errors runtime_learners
INFO  [17:10:38.775] [bbotk]      200 0.04195733         6 0.06412135        0      0            0.574
INFO  [17:10:38.775] [bbotk]                                 uhash
INFO  [17:10:38.775] [bbotk]  a1554f22-1cfc-499e-9f6e-fea09148840c
INFO  [17:10:38.779] [bbotk] Evaluating 1 configuration(s)
INFO  [17:10:39.454] [bbotk] Result of batch 6:
INFO  [17:10:39.455] [bbotk]  nrounds       eta max_depth classif.ce warnings errors runtime_learners
INFO  [17:10:39.455] [bbotk]      240 0.2610796        10 0.06211332        0      0             0.63
INFO  [17:10:39.455] [bbotk]                                 uhash
INFO  [17:10:39.455] [bbotk]  8f5e4fea-261e-472f-b5f4-904a667c7489
INFO  [17:10:39.459] [bbotk] Evaluating 1 configuration(s)
INFO  [17:10:39.747] [bbotk] Result of batch 7:
INFO  [17:10:39.748] [bbotk]  nrounds       eta max_depth classif.ce warnings errors runtime_learners
INFO  [17:10:39.748] [bbotk]       76 0.1201213         6 0.06412135        0      0            0.241
INFO  [17:10:39.748] [bbotk]                                 uhash
INFO  [17:10:39.748] [bbotk]  30daf3b6-3d3e-4e2a-bd18-b2dc3c51ac2f
INFO  [17:10:39.752] [bbotk] Evaluating 1 configuration(s)
INFO  [17:10:40.621] [bbotk] Result of batch 8:
INFO  [17:10:40.625] [bbotk]  nrounds       eta max_depth classif.ce warnings errors runtime_learners
INFO  [17:10:40.625] [bbotk]      257 0.0672276         7 0.06211332        0      0            0.824
INFO  [17:10:40.625] [bbotk]                                 uhash
INFO  [17:10:40.625] [bbotk]  c3539654-f35e-4255-a847-0e6ee3ba4fd7
INFO  [17:10:40.636] [bbotk] Evaluating 1 configuration(s)
INFO  [17:10:41.055] [bbotk] Result of batch 9:
INFO  [17:10:41.056] [bbotk]  nrounds        eta max_depth classif.ce warnings errors runtime_learners
INFO  [17:10:41.056] [bbotk]      295 0.08579924         2 0.05711133        0      0             0.37
INFO  [17:10:41.056] [bbotk]                                 uhash
INFO  [17:10:41.056] [bbotk]  86c79719-eeb8-4907-8032-887485be9668
INFO  [17:10:41.068] [bbotk] Evaluating 1 configuration(s)
INFO  [17:10:41.726] [bbotk] Result of batch 10:
INFO  [17:10:41.727] [bbotk]  nrounds        eta max_depth classif.ce warnings errors runtime_learners
INFO  [17:10:41.727] [bbotk]      185 0.06897812         9 0.06211633        0      0            0.618
INFO  [17:10:41.727] [bbotk]                                 uhash
INFO  [17:10:41.727] [bbotk]  577a7cd8-1af4-4465-b9ab-b698f5e9e1ed
INFO  [17:10:41.736] [bbotk] Finished optimizing after 10 evaluation(s)
INFO  [17:10:41.736] [bbotk] Result:
INFO  [17:10:41.737] [bbotk]  nrounds        eta max_depth learner_param_vals  x_domain classif.ce
INFO  [17:10:41.737] [bbotk]    <int>      <num>     <int>             <list>    <list>      <num>
INFO  [17:10:41.737] [bbotk]      295 0.08579924         2          <list[5]> <list[3]> 0.05711133
[1] -9.196559
[1] 26.73808

### [bt]: Job terminated successfully [batchtools job.id=2295]
### [bt]: Calculation finished!
