### [bt]: This is batchtools v0.9.17
### [bt]: Starting calculation of 5 jobs
### [bt]: Setting working directory to '/Users/User/Documents/Studium/Semester8/Hiwi/mlr3calibration/vignettes'
### [bt]: Memory measurement disabled
### [bt]: Starting job [batchtools job.id=1946]
### [bt]: Generating problem instance for problem '42e9f2146ba77696' ...
### [bt]: Applying algorithm 'run_learner' on problem '42e9f2146ba77696' for job 1946 (seed = 1947) ...
INFO  [17:05:50.709] [mlr3] Applying learner 'classif.xgboost.tuned_calib.tunefirst.perfold_isotonic' on task 'kc1' (iter 6/10)
INFO  [17:05:50.865] [bbotk] Starting to optimize 3 parameter(s) with '<OptimizerBatchRandomSearch>' and '<TerminatorEvals> [n_evals=10, k=0]'
INFO  [17:05:50.880] [bbotk] Evaluating 1 configuration(s)
INFO  [17:05:52.346] [bbotk] Result of batch 1:
INFO  [17:05:52.347] [bbotk]  nrounds       eta max_depth classif.ce warnings errors runtime_learners
INFO  [17:05:52.347] [bbotk]      248 0.1021529         7  0.1533135        0      0            1.418
INFO  [17:05:52.347] [bbotk]                                 uhash
INFO  [17:05:52.347] [bbotk]  d9bc4741-5d45-4612-9a81-de8e87dc4282
INFO  [17:05:52.353] [bbotk] Evaluating 1 configuration(s)
INFO  [17:05:52.692] [bbotk] Result of batch 2:
INFO  [17:05:52.693] [bbotk]  nrounds        eta max_depth classif.ce warnings errors runtime_learners
INFO  [17:05:52.693] [bbotk]       89 0.08593792         4  0.1438207        0      0            0.296
INFO  [17:05:52.693] [bbotk]                                 uhash
INFO  [17:05:52.693] [bbotk]  ebe03c89-f416-4d09-95b3-3959d3a9742b
INFO  [17:05:52.700] [bbotk] Evaluating 1 configuration(s)
INFO  [17:05:53.315] [bbotk] Result of batch 3:
INFO  [17:05:53.316] [bbotk]  nrounds       eta max_depth classif.ce warnings errors runtime_learners
INFO  [17:05:53.316] [bbotk]       81 0.1279824         9  0.1427692        0      0            0.565
INFO  [17:05:53.316] [bbotk]                                 uhash
INFO  [17:05:53.316] [bbotk]  fde0739b-cbaf-4584-96d9-0c9fa5f55e31
INFO  [17:05:53.321] [bbotk] Evaluating 1 configuration(s)
INFO  [17:05:54.006] [bbotk] Result of batch 4:
INFO  [17:05:54.007] [bbotk]  nrounds       eta max_depth classif.ce warnings errors runtime_learners
INFO  [17:05:54.007] [bbotk]       75 0.2069605         9  0.1517313        0      0             0.63
INFO  [17:05:54.007] [bbotk]                                 uhash
INFO  [17:05:54.007] [bbotk]  ca65724c-8580-413e-9bda-6ba339762c4a
INFO  [17:05:54.011] [bbotk] Evaluating 1 configuration(s)
INFO  [17:05:54.849] [bbotk] Result of batch 5:
INFO  [17:05:54.850] [bbotk]  nrounds       eta max_depth classif.ce warnings errors runtime_learners
INFO  [17:05:54.850] [bbotk]      284 0.2762654         3  0.1554166        0      0            0.798
INFO  [17:05:54.850] [bbotk]                                 uhash
INFO  [17:05:54.850] [bbotk]  3c178182-6a77-40fc-a5f0-a54fc92a9b89
INFO  [17:05:54.854] [bbotk] Evaluating 1 configuration(s)
INFO  [17:05:56.299] [bbotk] Result of batch 6:
INFO  [17:05:56.305] [bbotk]  nrounds        eta max_depth classif.ce warnings errors runtime_learners
INFO  [17:05:56.305] [bbotk]      199 0.06791455         8  0.1501523        0      0            1.398
INFO  [17:05:56.305] [bbotk]                                 uhash
INFO  [17:05:56.305] [bbotk]  ef08319e-cc3d-4d8f-a3a6-f8dbdf5c73f6
INFO  [17:05:56.322] [bbotk] Evaluating 1 configuration(s)
INFO  [17:05:57.065] [bbotk] Result of batch 7:
INFO  [17:05:57.066] [bbotk]  nrounds       eta max_depth classif.ce warnings errors runtime_learners
INFO  [17:05:57.066] [bbotk]      211 0.1935603         3  0.1490908        0      0            0.677
INFO  [17:05:57.066] [bbotk]                                 uhash
INFO  [17:05:57.066] [bbotk]  8c854c30-bd63-498c-bd65-b245a9d23b7b
INFO  [17:05:57.077] [bbotk] Evaluating 1 configuration(s)
INFO  [17:05:57.851] [bbotk] Result of batch 8:
INFO  [17:05:57.852] [bbotk]  nrounds       eta max_depth classif.ce warnings errors runtime_learners
INFO  [17:05:57.852] [bbotk]      221 0.1014661         4  0.1432999        0      0             0.72
INFO  [17:05:57.852] [bbotk]                                 uhash
INFO  [17:05:57.852] [bbotk]  57098fef-fc44-4d45-b630-67b6f449fd79
INFO  [17:05:57.861] [bbotk] Evaluating 1 configuration(s)
INFO  [17:05:58.721] [bbotk] Result of batch 9:
INFO  [17:05:58.722] [bbotk]  nrounds       eta max_depth classif.ce warnings errors runtime_learners
INFO  [17:05:58.722] [bbotk]      132 0.1431347         7  0.1475168        0      0            0.823
INFO  [17:05:58.722] [bbotk]                                 uhash
INFO  [17:05:58.722] [bbotk]  ee19ddbf-8685-4091-9204-9137e6f6211d
INFO  [17:05:58.727] [bbotk] Evaluating 1 configuration(s)
INFO  [17:05:59.965] [bbotk] Result of batch 10:
INFO  [17:05:59.966] [bbotk]  nrounds       eta max_depth classif.ce warnings errors runtime_learners
INFO  [17:05:59.966] [bbotk]      194 0.1067682         7  0.1459379        0      0             1.19
INFO  [17:05:59.966] [bbotk]                                 uhash
INFO  [17:05:59.966] [bbotk]  c4d3250c-c4d8-4291-b4b5-869edb1fe560
INFO  [17:05:59.979] [bbotk] Finished optimizing after 10 evaluation(s)
INFO  [17:05:59.979] [bbotk] Result:
INFO  [17:05:59.981] [bbotk]  nrounds       eta max_depth learner_param_vals  x_domain classif.ce
INFO  [17:05:59.981] [bbotk]    <int>     <num>     <int>             <list>    <list>      <num>
INFO  [17:05:59.981] [bbotk]       81 0.1279824         9          <list[5]> <list[3]>  0.1427692

### [bt]: Job terminated successfully [batchtools job.id=1946]
### [bt]: Starting job [batchtools job.id=1947]
### [bt]: Generating problem instance for problem '42e9f2146ba77696' ...
### [bt]: Applying algorithm 'run_learner' on problem '42e9f2146ba77696' for job 1947 (seed = 1948) ...
INFO  [17:06:01.686] [mlr3] Applying learner 'classif.xgboost.tuned_calib.tunefirst.perfold_isotonic' on task 'kc1' (iter 7/10)
INFO  [17:06:01.753] [bbotk] Starting to optimize 3 parameter(s) with '<OptimizerBatchRandomSearch>' and '<TerminatorEvals> [n_evals=10, k=0]'
INFO  [17:06:01.782] [bbotk] Evaluating 1 configuration(s)
INFO  [17:06:02.820] [bbotk] Result of batch 1:
INFO  [17:06:02.821] [bbotk]  nrounds       eta max_depth classif.ce warnings errors runtime_learners
INFO  [17:06:02.821] [bbotk]      146 0.2573535         9  0.1612241        0      0            0.999
INFO  [17:06:02.821] [bbotk]                                 uhash
INFO  [17:06:02.821] [bbotk]  13af2d38-c37b-4501-b402-6dd01d1a8217
INFO  [17:06:02.827] [bbotk] Evaluating 1 configuration(s)
INFO  [17:06:03.974] [bbotk] Result of batch 2:
INFO  [17:06:03.975] [bbotk]  nrounds       eta max_depth classif.ce warnings errors runtime_learners
INFO  [17:06:03.975] [bbotk]      246 0.2776738         6  0.1596485        0      0            1.095
INFO  [17:06:03.975] [bbotk]                                 uhash
INFO  [17:06:03.975] [bbotk]  aa94e455-561e-4637-b714-e575570f39cd
INFO  [17:06:03.984] [bbotk] Evaluating 1 configuration(s)
INFO  [17:06:04.266] [bbotk] Result of batch 3:
INFO  [17:06:04.267] [bbotk]  nrounds        eta max_depth classif.ce warnings errors runtime_learners
INFO  [17:06:04.267] [bbotk]       54 0.09886732         5   0.152267        0      0            0.247
INFO  [17:06:04.267] [bbotk]                                 uhash
INFO  [17:06:04.267] [bbotk]  7b66803f-e0b8-457d-ae0a-c66f64b1754f
INFO  [17:06:04.273] [bbotk] Evaluating 1 configuration(s)
INFO  [17:06:04.581] [bbotk] Result of batch 4:
INFO  [17:06:04.582] [bbotk]  nrounds       eta max_depth classif.ce warnings errors runtime_learners
INFO  [17:06:04.582] [bbotk]      138 0.2759144         2  0.1533244        0      0            0.266
INFO  [17:06:04.582] [bbotk]                                 uhash
INFO  [17:06:04.582] [bbotk]  7c6e5264-2634-430d-9fc3-3a64ec8b83aa
INFO  [17:06:04.585] [bbotk] Evaluating 1 configuration(s)
INFO  [17:06:05.304] [bbotk] Result of batch 5:
INFO  [17:06:05.305] [bbotk]  nrounds       eta max_depth classif.ce warnings errors runtime_learners
INFO  [17:06:05.305] [bbotk]      207 0.2472034         4  0.1575379        0      0            0.679
INFO  [17:06:05.305] [bbotk]                                 uhash
INFO  [17:06:05.305] [bbotk]  c2f5f365-18d8-4fcd-bef7-9cc6b9c23d06
INFO  [17:06:05.315] [bbotk] Evaluating 1 configuration(s)
INFO  [17:06:05.914] [bbotk] Result of batch 6:
INFO  [17:06:05.915] [bbotk]  nrounds        eta max_depth classif.ce warnings errors runtime_learners
INFO  [17:06:05.915] [bbotk]       94 0.07341339         7  0.1501656        0      0            0.551
INFO  [17:06:05.915] [bbotk]                                 uhash
INFO  [17:06:05.915] [bbotk]  9fffad71-7e6d-4a0d-ac28-667f007784cd
INFO  [17:06:05.924] [bbotk] Evaluating 1 configuration(s)
INFO  [17:06:06.936] [bbotk] Result of batch 7:
INFO  [17:06:06.937] [bbotk]  nrounds       eta max_depth classif.ce warnings errors runtime_learners
INFO  [17:06:06.937] [bbotk]      224 0.1697478         5  0.1549033        0      0             0.96
INFO  [17:06:06.937] [bbotk]                                 uhash
INFO  [17:06:06.937] [bbotk]  c272c936-7e4c-4bcd-967c-c53ad28069f6
INFO  [17:06:06.945] [bbotk] Evaluating 1 configuration(s)
INFO  [17:06:07.145] [bbotk] Result of batch 8:
INFO  [17:06:07.146] [bbotk]  nrounds       eta max_depth classif.ce warnings errors runtime_learners
INFO  [17:06:07.146] [bbotk]       65 0.1976394         2  0.1496374        0      0            0.138
INFO  [17:06:07.146] [bbotk]                                 uhash
INFO  [17:06:07.146] [bbotk]  ab62fa78-c435-45e7-b98d-54f3f34f35bf
INFO  [17:06:07.150] [bbotk] Evaluating 1 configuration(s)
INFO  [17:06:07.611] [bbotk] Result of batch 9:
INFO  [17:06:07.612] [bbotk]  nrounds       eta max_depth classif.ce warnings errors runtime_learners
INFO  [17:06:07.612] [bbotk]      168 0.1717154         3  0.1564856        0      0            0.422
INFO  [17:06:07.612] [bbotk]                                 uhash
INFO  [17:06:07.612] [bbotk]  d83f9c26-6241-4140-98c0-3a0f8b9ebd49
INFO  [17:06:07.616] [bbotk] Evaluating 1 configuration(s)
INFO  [17:06:08.236] [bbotk] Result of batch 10:
INFO  [17:06:08.237] [bbotk]  nrounds      eta max_depth classif.ce warnings errors runtime_learners
INFO  [17:06:08.237] [bbotk]       96 0.185822         9  0.1570147        0      0            0.569
INFO  [17:06:08.237] [bbotk]                                 uhash
INFO  [17:06:08.237] [bbotk]  cd7e11d7-d221-4a57-8b47-1bf916292432
INFO  [17:06:08.246] [bbotk] Finished optimizing after 10 evaluation(s)
INFO  [17:06:08.247] [bbotk] Result:
INFO  [17:06:08.247] [bbotk]  nrounds       eta max_depth learner_param_vals  x_domain classif.ce
INFO  [17:06:08.247] [bbotk]    <int>     <num>     <int>             <list>    <list>      <num>
INFO  [17:06:08.247] [bbotk]       65 0.1976394         2          <list[5]> <list[3]>  0.1496374

### [bt]: Job terminated successfully [batchtools job.id=1947]
### [bt]: Starting job [batchtools job.id=1948]
### [bt]: Generating problem instance for problem '42e9f2146ba77696' ...
### [bt]: Applying algorithm 'run_learner' on problem '42e9f2146ba77696' for job 1948 (seed = 1949) ...
INFO  [17:06:08.715] [mlr3] Applying learner 'classif.xgboost.tuned_calib.tunefirst.perfold_isotonic' on task 'kc1' (iter 8/10)
INFO  [17:06:08.756] [bbotk] Starting to optimize 3 parameter(s) with '<OptimizerBatchRandomSearch>' and '<TerminatorEvals> [n_evals=10, k=0]'
INFO  [17:06:08.766] [bbotk] Evaluating 1 configuration(s)
INFO  [17:06:09.237] [bbotk] Result of batch 1:
INFO  [17:06:09.240] [bbotk]  nrounds       eta max_depth classif.ce warnings errors runtime_learners
INFO  [17:06:09.240] [bbotk]       80 0.2904788         7  0.1480584        0      0            0.431
INFO  [17:06:09.240] [bbotk]                                 uhash
INFO  [17:06:09.240] [bbotk]  83182aa3-d42f-49bb-a972-22565e5b2982
INFO  [17:06:09.253] [bbotk] Evaluating 1 configuration(s)
INFO  [17:06:09.435] [bbotk] Result of batch 2:
INFO  [17:06:09.436] [bbotk]  nrounds       eta max_depth classif.ce warnings errors runtime_learners
INFO  [17:06:09.436] [bbotk]       61 0.1623977         2  0.1412011        0      0            0.129
INFO  [17:06:09.436] [bbotk]                                 uhash
INFO  [17:06:09.436] [bbotk]  eb6c9ad5-6008-4fe7-b385-abd3dde1e56b
INFO  [17:06:09.445] [bbotk] Evaluating 1 configuration(s)
INFO  [17:06:09.815] [bbotk] Result of batch 3:
INFO  [17:06:09.816] [bbotk]  nrounds       eta max_depth classif.ce warnings errors runtime_learners
INFO  [17:06:09.816] [bbotk]      120 0.1740093         3  0.1422601        0      0            0.328
INFO  [17:06:09.816] [bbotk]                                 uhash
INFO  [17:06:09.816] [bbotk]  3c35da6e-c343-4ec3-b250-2ee65294c639
INFO  [17:06:09.820] [bbotk] Evaluating 1 configuration(s)
INFO  [17:06:10.279] [bbotk] Result of batch 4:
INFO  [17:06:10.280] [bbotk]  nrounds       eta max_depth classif.ce warnings errors runtime_learners
INFO  [17:06:10.280] [bbotk]       84 0.1709892         5  0.1448905        0      0            0.396
INFO  [17:06:10.280] [bbotk]                                 uhash
INFO  [17:06:10.280] [bbotk]  e60d63eb-e4bd-40ee-973f-dea694d69531
INFO  [17:06:10.284] [bbotk] Evaluating 1 configuration(s)
INFO  [17:06:12.024] [bbotk] Result of batch 5:
INFO  [17:06:12.025] [bbotk]  nrounds      eta max_depth classif.ce warnings errors runtime_learners
INFO  [17:06:12.025] [bbotk]      236 0.151773         9   0.152272        0      0            1.692
INFO  [17:06:12.025] [bbotk]                                 uhash
INFO  [17:06:12.025] [bbotk]  c40ed2c3-b7d4-4df8-8ed1-febfd6859660
INFO  [17:06:12.030] [bbotk] Evaluating 1 configuration(s)
INFO  [17:06:13.302] [bbotk] Result of batch 6:
INFO  [17:06:13.304] [bbotk]  nrounds        eta max_depth classif.ce warnings errors runtime_learners
INFO  [17:06:13.304] [bbotk]      165 0.08528841         8  0.1464753        0      0             1.23
INFO  [17:06:13.304] [bbotk]                                 uhash
INFO  [17:06:13.304] [bbotk]  c814278e-f84d-4d2b-b9d8-5be9468a0d14
INFO  [17:06:13.315] [bbotk] Evaluating 1 configuration(s)
INFO  [17:06:15.158] [bbotk] Result of batch 7:
INFO  [17:06:15.160] [bbotk]  nrounds       eta max_depth classif.ce warnings errors runtime_learners
INFO  [17:06:15.160] [bbotk]      270 0.2857989         8  0.1559557        0      0            1.785
INFO  [17:06:15.160] [bbotk]                                 uhash
INFO  [17:06:15.160] [bbotk]  21bfd5a0-f6d3-4122-89b2-af1626773880
INFO  [17:06:15.167] [bbotk] Evaluating 1 configuration(s)
INFO  [17:06:15.826] [bbotk] Result of batch 8:
INFO  [17:06:15.827] [bbotk]  nrounds       eta max_depth classif.ce warnings errors runtime_learners
INFO  [17:06:15.827] [bbotk]       96 0.2162211         7  0.1443665        0      0            0.598
INFO  [17:06:15.827] [bbotk]                                 uhash
INFO  [17:06:15.827] [bbotk]  8ad3a37f-129a-458b-98d1-6c402e672e0e
INFO  [17:06:15.831] [bbotk] Evaluating 1 configuration(s)
INFO  [17:06:16.162] [bbotk] Result of batch 9:
INFO  [17:06:16.163] [bbotk]  nrounds       eta max_depth classif.ce warnings errors runtime_learners
INFO  [17:06:16.163] [bbotk]      130 0.2078848         2  0.1427875        0      0            0.292
INFO  [17:06:16.163] [bbotk]                                 uhash
INFO  [17:06:16.163] [bbotk]  c99323eb-d8cc-4a03-bf7c-f99880899dc7
INFO  [17:06:16.168] [bbotk] Evaluating 1 configuration(s)
INFO  [17:06:16.586] [bbotk] Result of batch 10:
INFO  [17:06:16.587] [bbotk]  nrounds        eta max_depth classif.ce warnings errors runtime_learners
INFO  [17:06:16.587] [bbotk]       55 0.05400221         8  0.1485834        0      0            0.377
INFO  [17:06:16.587] [bbotk]                                 uhash
INFO  [17:06:16.587] [bbotk]  87f71ff2-b3ba-4ebd-abcd-53b543407de9
INFO  [17:06:16.595] [bbotk] Finished optimizing after 10 evaluation(s)
INFO  [17:06:16.596] [bbotk] Result:
INFO  [17:06:16.596] [bbotk]  nrounds       eta max_depth learner_param_vals  x_domain classif.ce
INFO  [17:06:16.596] [bbotk]    <int>     <num>     <int>             <list>    <list>      <num>
INFO  [17:06:16.596] [bbotk]       61 0.1623977         2          <list[5]> <list[3]>  0.1412011

### [bt]: Job terminated successfully [batchtools job.id=1948]
### [bt]: Starting job [batchtools job.id=1949]
### [bt]: Generating problem instance for problem '42e9f2146ba77696' ...
### [bt]: Applying algorithm 'run_learner' on problem '42e9f2146ba77696' for job 1949 (seed = 1950) ...
INFO  [17:06:17.087] [mlr3] Applying learner 'classif.xgboost.tuned_calib.tunefirst.perfold_isotonic' on task 'kc1' (iter 9/10)
INFO  [17:06:17.135] [bbotk] Starting to optimize 3 parameter(s) with '<OptimizerBatchRandomSearch>' and '<TerminatorEvals> [n_evals=10, k=0]'
INFO  [17:06:17.155] [bbotk] Evaluating 1 configuration(s)
INFO  [17:06:18.824] [bbotk] Result of batch 1:
INFO  [17:06:18.826] [bbotk]  nrounds       eta max_depth classif.ce warnings errors runtime_learners
INFO  [17:06:18.826] [bbotk]      298 0.2672707         7  0.1522678        0      0            1.628
INFO  [17:06:18.826] [bbotk]                                 uhash
INFO  [17:06:18.826] [bbotk]  8289f2f2-19cb-41e8-8345-ab3e2b292326
INFO  [17:06:18.835] [bbotk] Evaluating 1 configuration(s)
INFO  [17:06:19.043] [bbotk] Result of batch 2:
INFO  [17:06:19.045] [bbotk]  nrounds        eta max_depth classif.ce warnings errors runtime_learners
INFO  [17:06:19.045] [bbotk]       96 0.01742491         2  0.1496282        0      0            0.155
INFO  [17:06:19.045] [bbotk]                                 uhash
INFO  [17:06:19.045] [bbotk]  dee3cf4a-4960-4a3d-95bc-dc4481f2d84a
INFO  [17:06:19.054] [bbotk] Evaluating 1 configuration(s)
INFO  [17:06:19.425] [bbotk] Result of batch 3:
INFO  [17:06:19.425] [bbotk]  nrounds       eta max_depth classif.ce warnings errors runtime_learners
INFO  [17:06:19.425] [bbotk]       63 0.1728884         6  0.1459437        0      0            0.337
INFO  [17:06:19.425] [bbotk]                                 uhash
INFO  [17:06:19.425] [bbotk]  cc399f9b-53f7-48de-b8fb-0d20a27521ad
INFO  [17:06:19.430] [bbotk] Evaluating 1 configuration(s)
INFO  [17:06:19.814] [bbotk] Result of batch 4:
INFO  [17:06:19.816] [bbotk]  nrounds       eta max_depth classif.ce warnings errors runtime_learners
INFO  [17:06:19.816] [bbotk]      165 0.2702078         2  0.1464737        0      0            0.346
INFO  [17:06:19.816] [bbotk]                                 uhash
INFO  [17:06:19.816] [bbotk]  2a9a58b7-e6bd-456c-bca0-f8cc8f6d3f71
INFO  [17:06:19.825] [bbotk] Evaluating 1 configuration(s)
INFO  [17:06:20.258] [bbotk] Result of batch 5:
INFO  [17:06:20.259] [bbotk]  nrounds        eta max_depth classif.ce warnings errors runtime_learners
INFO  [17:06:20.259] [bbotk]       94 0.01252007         4  0.1527969        0      0            0.385
INFO  [17:06:20.259] [bbotk]                                 uhash
INFO  [17:06:20.259] [bbotk]  46280f7a-2a4e-4140-b040-e4fb90a7c881
INFO  [17:06:20.271] [bbotk] Evaluating 1 configuration(s)
INFO  [17:06:21.629] [bbotk] Result of batch 6:
INFO  [17:06:21.630] [bbotk]  nrounds       eta max_depth classif.ce warnings errors runtime_learners
INFO  [17:06:21.630] [bbotk]      262 0.2000961         6  0.1506872        0      0            1.315
INFO  [17:06:21.630] [bbotk]                                 uhash
INFO  [17:06:21.630] [bbotk]  76056416-fd1d-4ddd-883e-2ec76874f57e
INFO  [17:06:21.638] [bbotk] Evaluating 1 configuration(s)
INFO  [17:06:23.037] [bbotk] Result of batch 7:
INFO  [17:06:23.039] [bbotk]  nrounds       eta max_depth classif.ce warnings errors runtime_learners
INFO  [17:06:23.039] [bbotk]      177 0.1152537        10  0.1506889        0      0            1.336
INFO  [17:06:23.039] [bbotk]                                 uhash
INFO  [17:06:23.039] [bbotk]  ccc12c42-1039-4124-8816-3e3e1d47f4e0
INFO  [17:06:23.050] [bbotk] Evaluating 1 configuration(s)
INFO  [17:06:23.659] [bbotk] Result of batch 8:
INFO  [17:06:23.660] [bbotk]  nrounds      eta max_depth classif.ce warnings errors runtime_learners
INFO  [17:06:23.660] [bbotk]      227 0.131527         3  0.1454171        0      0            0.575
INFO  [17:06:23.660] [bbotk]                                 uhash
INFO  [17:06:23.660] [bbotk]  e4100da6-cf01-44ff-ad7e-c1b282da955e
INFO  [17:06:23.669] [bbotk] Evaluating 1 configuration(s)
INFO  [17:06:25.193] [bbotk] Result of batch 9:
INFO  [17:06:25.196] [bbotk]  nrounds        eta max_depth classif.ce warnings errors runtime_learners
INFO  [17:06:25.196] [bbotk]      285 0.07526508         6  0.1464703        0      0            1.461
INFO  [17:06:25.196] [bbotk]                                 uhash
INFO  [17:06:25.196] [bbotk]  b76f5bc6-363e-4ae9-a973-3253f6e13bf7
INFO  [17:06:25.208] [bbotk] Evaluating 1 configuration(s)
INFO  [17:06:26.156] [bbotk] Result of batch 10:
INFO  [17:06:26.158] [bbotk]  nrounds        eta max_depth classif.ce warnings errors runtime_learners
INFO  [17:06:26.158] [bbotk]      144 0.05789296         8   0.147526        0      0             0.91
INFO  [17:06:26.158] [bbotk]                                 uhash
INFO  [17:06:26.158] [bbotk]  2cd8faa2-bb44-43fa-a384-f5319ba96315
INFO  [17:06:26.173] [bbotk] Finished optimizing after 10 evaluation(s)
INFO  [17:06:26.173] [bbotk] Result:
INFO  [17:06:26.174] [bbotk]  nrounds      eta max_depth learner_param_vals  x_domain classif.ce
INFO  [17:06:26.174] [bbotk]    <int>    <num>     <int>             <list>    <list>      <num>
INFO  [17:06:26.174] [bbotk]      227 0.131527         3          <list[5]> <list[3]>  0.1454171

### [bt]: Job terminated successfully [batchtools job.id=1949]
### [bt]: Starting job [batchtools job.id=1950]
### [bt]: Generating problem instance for problem '42e9f2146ba77696' ...
### [bt]: Applying algorithm 'run_learner' on problem '42e9f2146ba77696' for job 1950 (seed = 1951) ...
INFO  [17:06:27.692] [mlr3] Applying learner 'classif.xgboost.tuned_calib.tunefirst.perfold_isotonic' on task 'kc1' (iter 10/10)
INFO  [17:06:27.741] [bbotk] Starting to optimize 3 parameter(s) with '<OptimizerBatchRandomSearch>' and '<TerminatorEvals> [n_evals=10, k=0]'
INFO  [17:06:27.751] [bbotk] Evaluating 1 configuration(s)
INFO  [17:06:28.575] [bbotk] Result of batch 1:
INFO  [17:06:28.576] [bbotk]  nrounds        eta max_depth classif.ce warnings errors runtime_learners
INFO  [17:06:28.576] [bbotk]      170 0.06812106         5  0.1484992        0      0            0.775
INFO  [17:06:28.576] [bbotk]                                 uhash
INFO  [17:06:28.576] [bbotk]  cfbea507-0aec-4eae-985f-b46654cfe15e
INFO  [17:06:28.581] [bbotk] Evaluating 1 configuration(s)
INFO  [17:06:29.836] [bbotk] Result of batch 2:
INFO  [17:06:29.837] [bbotk]  nrounds       eta max_depth classif.ce warnings errors runtime_learners
INFO  [17:06:29.837] [bbotk]      276 0.2817139         5   0.150079        0      0            1.204
INFO  [17:06:29.837] [bbotk]                                 uhash
INFO  [17:06:29.837] [bbotk]  b863787c-cb4c-4405-8704-446bda2fd8c2
INFO  [17:06:29.842] [bbotk] Evaluating 1 configuration(s)
INFO  [17:06:30.933] [bbotk] Result of batch 3:
INFO  [17:06:30.934] [bbotk]  nrounds        eta max_depth classif.ce warnings errors runtime_learners
INFO  [17:06:30.934] [bbotk]      202 0.06145259         6  0.1442865        0      0             1.04
INFO  [17:06:30.934] [bbotk]                                 uhash
INFO  [17:06:30.934] [bbotk]  3f36d5a9-b47b-4280-ad68-16b07c64249a
INFO  [17:06:30.939] [bbotk] Evaluating 1 configuration(s)
INFO  [17:06:32.982] [bbotk] Result of batch 4:
INFO  [17:06:32.983] [bbotk]  nrounds        eta max_depth classif.ce warnings errors runtime_learners
INFO  [17:06:32.983] [bbotk]      276 0.05702281         9   0.152712        0      0            2.001
INFO  [17:06:32.983] [bbotk]                                 uhash
INFO  [17:06:32.983] [bbotk]  0b0ad006-bc96-4cac-994c-b13d3694cd17
INFO  [17:06:32.993] [bbotk] Evaluating 1 configuration(s)
INFO  [17:06:33.461] [bbotk] Result of batch 5:
INFO  [17:06:33.463] [bbotk]  nrounds        eta max_depth classif.ce warnings errors runtime_learners
INFO  [17:06:33.463] [bbotk]       80 0.06578122         5  0.1479726        0      0            0.423
INFO  [17:06:33.463] [bbotk]                                 uhash
INFO  [17:06:33.463] [bbotk]  ec1ba792-40bf-4ba4-8d0c-0bd74a0956bf
INFO  [17:06:33.474] [bbotk] Evaluating 1 configuration(s)
INFO  [17:06:35.190] [bbotk] Result of batch 6:
INFO  [17:06:35.193] [bbotk]  nrounds        eta max_depth classif.ce warnings errors runtime_learners
INFO  [17:06:35.193] [bbotk]      284 0.05398768         7  0.1479726        0      0            1.671
INFO  [17:06:35.193] [bbotk]                                 uhash
INFO  [17:06:35.193] [bbotk]  a87434e5-2546-4728-83a4-54e0c3cb6de1
INFO  [17:06:35.202] [bbotk] Evaluating 1 configuration(s)
INFO  [17:06:35.881] [bbotk] Result of batch 7:
INFO  [17:06:35.882] [bbotk]  nrounds       eta max_depth classif.ce warnings errors runtime_learners
INFO  [17:06:35.882] [bbotk]       77 0.2078348        10  0.1511322        0      0            0.635
INFO  [17:06:35.882] [bbotk]                                 uhash
INFO  [17:06:35.882] [bbotk]  734bebe7-135d-464f-86e3-14ebe73cc0cd
INFO  [17:06:35.891] [bbotk] Evaluating 1 configuration(s)
INFO  [17:06:36.519] [bbotk] Result of batch 8:
INFO  [17:06:36.522] [bbotk]  nrounds       eta max_depth classif.ce warnings errors runtime_learners
INFO  [17:06:36.522] [bbotk]      169 0.1531075         4  0.1495524        0      0            0.592
INFO  [17:06:36.522] [bbotk]                                 uhash
INFO  [17:06:36.522] [bbotk]  0d847b98-e110-475b-b956-116f02ef557c
INFO  [17:06:36.533] [bbotk] Evaluating 1 configuration(s)
INFO  [17:06:37.094] [bbotk] Result of batch 9:
INFO  [17:06:37.097] [bbotk]  nrounds        eta max_depth classif.ce warnings errors runtime_learners
INFO  [17:06:37.097] [bbotk]      276 0.01738048         2  0.1463928        0      0            0.519
INFO  [17:06:37.097] [bbotk]                                 uhash
INFO  [17:06:37.097] [bbotk]  57b814ac-1ff6-4c54-9508-9fa523e62dda
INFO  [17:06:37.115] [bbotk] Evaluating 1 configuration(s)
INFO  [17:06:37.576] [bbotk] Result of batch 10:
INFO  [17:06:37.578] [bbotk]  nrounds       eta max_depth classif.ce warnings errors runtime_learners
INFO  [17:06:37.578] [bbotk]       59 0.2559821         7  0.1516588        0      0            0.391
INFO  [17:06:37.578] [bbotk]                                 uhash
INFO  [17:06:37.578] [bbotk]  c4c7757d-bba6-4ea3-97dc-020af53d1527
INFO  [17:06:37.594] [bbotk] Finished optimizing after 10 evaluation(s)
INFO  [17:06:37.595] [bbotk] Result:
INFO  [17:06:37.595] [bbotk]  nrounds        eta max_depth learner_param_vals  x_domain classif.ce
INFO  [17:06:37.595] [bbotk]    <int>      <num>     <int>             <list>    <list>      <num>
INFO  [17:06:37.595] [bbotk]      202 0.06145259         6          <list[5]> <list[3]>  0.1442865

### [bt]: Job terminated successfully [batchtools job.id=1950]
### [bt]: Calculation finished!
