### [bt]: This is batchtools v0.9.17
### [bt]: Starting calculation of 5 jobs
### [bt]: Setting working directory to '/Users/User/Documents/Studium/Semester8/Hiwi/mlr3calibration/vignettes'
### [bt]: Memory measurement disabled
### [bt]: Starting job [batchtools job.id=2411]
### [bt]: Generating problem instance for problem '34d90df810f60583' ...
### [bt]: Applying algorithm 'run_learner' on problem '34d90df810f60583' for job 2411 (seed = 2412) ...
INFO  [17:11:41.126] [mlr3] Applying learner 'classif.naive_bayes.tuned_calib.tunefirst.oof_platt' on task 'phoneme' (iter 1/10)
INFO  [17:11:41.165] [bbotk] Starting to optimize 1 parameter(s) with '<OptimizerBatchRandomSearch>' and '<TerminatorEvals> [n_evals=3, k=0]'
INFO  [17:11:41.170] [bbotk] Evaluating 1 configuration(s)
INFO  [17:11:41.586] [bbotk] Result of batch 1:
INFO  [17:11:41.587] [bbotk]  laplace classif.ce warnings errors runtime_learners
INFO  [17:11:41.587] [bbotk]  0.42834  0.2410035        0      0            0.383
INFO  [17:11:41.587] [bbotk]                                 uhash
INFO  [17:11:41.587] [bbotk]  4163c8f0-360c-4f9f-8661-55ac5f96f4e5
INFO  [17:11:41.594] [bbotk] Evaluating 1 configuration(s)
INFO  [17:11:41.993] [bbotk] Result of batch 2:
INFO  [17:11:41.994] [bbotk]    laplace classif.ce warnings errors runtime_learners
INFO  [17:11:41.994] [bbotk]  0.2471262  0.2410035        0      0            0.358
INFO  [17:11:41.994] [bbotk]                                 uhash
INFO  [17:11:41.994] [bbotk]  1391c9c2-d2ff-4f5d-ac48-9adb83a3b3e2
INFO  [17:11:41.998] [bbotk] Evaluating 1 configuration(s)
INFO  [17:11:42.435] [bbotk] Result of batch 3:
INFO  [17:11:42.436] [bbotk]    laplace classif.ce warnings errors runtime_learners
INFO  [17:11:42.436] [bbotk]  0.3267956  0.2410035        0      0            0.373
INFO  [17:11:42.436] [bbotk]                                 uhash
INFO  [17:11:42.436] [bbotk]  85f585b2-6d54-45d0-89a2-1fa128053f4a
INFO  [17:11:42.457] [bbotk] Finished optimizing after 3 evaluation(s)
INFO  [17:11:42.457] [bbotk] Result:
INFO  [17:11:42.458] [bbotk]  laplace learner_param_vals  x_domain classif.ce
INFO  [17:11:42.458] [bbotk]    <num>             <list>    <list>      <num>
INFO  [17:11:42.458] [bbotk]  0.42834          <list[1]> <list[1]>  0.2410035

### [bt]: Job terminated successfully [batchtools job.id=2411]
### [bt]: Starting job [batchtools job.id=2412]
### [bt]: Generating problem instance for problem '34d90df810f60583' ...
### [bt]: Applying algorithm 'run_learner' on problem '34d90df810f60583' for job 2412 (seed = 2413) ...
INFO  [17:11:43.171] [mlr3] Applying learner 'classif.naive_bayes.tuned_calib.tunefirst.oof_platt' on task 'phoneme' (iter 2/10)
INFO  [17:11:43.247] [bbotk] Starting to optimize 1 parameter(s) with '<OptimizerBatchRandomSearch>' and '<TerminatorEvals> [n_evals=3, k=0]'
INFO  [17:11:43.257] [bbotk] Evaluating 1 configuration(s)
INFO  [17:11:43.627] [bbotk] Result of batch 1:
INFO  [17:11:43.628] [bbotk]    laplace classif.ce warnings errors runtime_learners
INFO  [17:11:43.628] [bbotk]  0.4644235  0.2426486        0      0             0.32
INFO  [17:11:43.628] [bbotk]                                 uhash
INFO  [17:11:43.628] [bbotk]  e98f42cc-40cc-47a9-ad88-930016d7b9f2
INFO  [17:11:43.639] [bbotk] Evaluating 1 configuration(s)
INFO  [17:11:44.055] [bbotk] Result of batch 2:
INFO  [17:11:44.056] [bbotk]    laplace classif.ce warnings errors runtime_learners
INFO  [17:11:44.056] [bbotk]  0.5429376  0.2426486        0      0             0.35
INFO  [17:11:44.056] [bbotk]                                 uhash
INFO  [17:11:44.056] [bbotk]  6944e641-fbaa-4f98-bc57-4c2230dfe0c7
INFO  [17:11:44.059] [bbotk] Evaluating 1 configuration(s)
INFO  [17:11:44.458] [bbotk] Result of batch 3:
INFO  [17:11:44.459] [bbotk]    laplace classif.ce warnings errors runtime_learners
INFO  [17:11:44.459] [bbotk]  0.2260895  0.2426486        0      0            0.343
INFO  [17:11:44.459] [bbotk]                                 uhash
INFO  [17:11:44.459] [bbotk]  92ef8e4e-d5a8-4bbc-aae7-01971fbcf8a7
INFO  [17:11:44.475] [bbotk] Finished optimizing after 3 evaluation(s)
INFO  [17:11:44.476] [bbotk] Result:
INFO  [17:11:44.476] [bbotk]    laplace learner_param_vals  x_domain classif.ce
INFO  [17:11:44.476] [bbotk]      <num>             <list>    <list>      <num>
INFO  [17:11:44.476] [bbotk]  0.4644235          <list[1]> <list[1]>  0.2426486

### [bt]: Job terminated successfully [batchtools job.id=2412]
### [bt]: Starting job [batchtools job.id=2413]
### [bt]: Generating problem instance for problem '34d90df810f60583' ...
### [bt]: Applying algorithm 'run_learner' on problem '34d90df810f60583' for job 2413 (seed = 2414) ...
INFO  [17:11:45.122] [mlr3] Applying learner 'classif.naive_bayes.tuned_calib.tunefirst.oof_platt' on task 'phoneme' (iter 3/10)
INFO  [17:11:45.177] [bbotk] Starting to optimize 1 parameter(s) with '<OptimizerBatchRandomSearch>' and '<TerminatorEvals> [n_evals=3, k=0]'
INFO  [17:11:45.182] [bbotk] Evaluating 1 configuration(s)
INFO  [17:11:45.570] [bbotk] Result of batch 1:
INFO  [17:11:45.572] [bbotk]    laplace classif.ce warnings errors runtime_learners
INFO  [17:11:45.572] [bbotk]  0.4139607  0.2342176        0      0            0.342
INFO  [17:11:45.572] [bbotk]                                 uhash
INFO  [17:11:45.572] [bbotk]  cb6a77d8-6bb6-4ae0-9faf-74aa0a3d16a0
INFO  [17:11:45.578] [bbotk] Evaluating 1 configuration(s)
INFO  [17:11:45.984] [bbotk] Result of batch 2:
INFO  [17:11:45.985] [bbotk]    laplace classif.ce warnings errors runtime_learners
INFO  [17:11:45.985] [bbotk]  0.4268477  0.2342176        0      0            0.371
INFO  [17:11:45.985] [bbotk]                                 uhash
INFO  [17:11:45.985] [bbotk]  859d9f43-8318-4df7-890e-edec3189b8b1
INFO  [17:11:45.988] [bbotk] Evaluating 1 configuration(s)
INFO  [17:11:46.443] [bbotk] Result of batch 3:
INFO  [17:11:46.444] [bbotk]    laplace classif.ce warnings errors runtime_learners
INFO  [17:11:46.444] [bbotk]  0.8015299  0.2342176        0      0             0.41
INFO  [17:11:46.444] [bbotk]                                 uhash
INFO  [17:11:46.444] [bbotk]  59d2323c-4a31-4150-bfd7-980b5c12a0bc
INFO  [17:11:46.450] [bbotk] Finished optimizing after 3 evaluation(s)
INFO  [17:11:46.451] [bbotk] Result:
INFO  [17:11:46.451] [bbotk]    laplace learner_param_vals  x_domain classif.ce
INFO  [17:11:46.451] [bbotk]      <num>             <list>    <list>      <num>
INFO  [17:11:46.451] [bbotk]  0.4139607          <list[1]> <list[1]>  0.2342176

### [bt]: Job terminated successfully [batchtools job.id=2413]
### [bt]: Starting job [batchtools job.id=2414]
### [bt]: Generating problem instance for problem '34d90df810f60583' ...
### [bt]: Applying algorithm 'run_learner' on problem '34d90df810f60583' for job 2414 (seed = 2415) ...
INFO  [17:11:47.186] [mlr3] Applying learner 'classif.naive_bayes.tuned_calib.tunefirst.oof_platt' on task 'phoneme' (iter 4/10)
INFO  [17:11:47.221] [bbotk] Starting to optimize 1 parameter(s) with '<OptimizerBatchRandomSearch>' and '<TerminatorEvals> [n_evals=3, k=0]'
INFO  [17:11:47.232] [bbotk] Evaluating 1 configuration(s)
INFO  [17:11:47.606] [bbotk] Result of batch 1:
INFO  [17:11:47.607] [bbotk]    laplace classif.ce warnings errors runtime_learners
INFO  [17:11:47.607] [bbotk]  0.3785449  0.2364795        0      0            0.328
INFO  [17:11:47.607] [bbotk]                                 uhash
INFO  [17:11:47.607] [bbotk]  6392c27a-5e7d-41e8-8b5b-2ab7bb2c7b8f
INFO  [17:11:47.609] [bbotk] Evaluating 1 configuration(s)
INFO  [17:11:47.964] [bbotk] Result of batch 2:
INFO  [17:11:47.967] [bbotk]    laplace classif.ce warnings errors runtime_learners
INFO  [17:11:47.967] [bbotk]  0.4178781  0.2364795        0      0            0.298
INFO  [17:11:47.967] [bbotk]                                 uhash
INFO  [17:11:47.967] [bbotk]  acf695e7-c3b3-4ea8-ba7c-a38849205d17
INFO  [17:11:47.972] [bbotk] Evaluating 1 configuration(s)
INFO  [17:11:48.340] [bbotk] Result of batch 3:
INFO  [17:11:48.341] [bbotk]    laplace classif.ce warnings errors runtime_learners
INFO  [17:11:48.341] [bbotk]  0.9974725  0.2364795        0      0            0.318
INFO  [17:11:48.341] [bbotk]                                 uhash
INFO  [17:11:48.341] [bbotk]  bdb407ab-8c22-4651-8d01-b618ae29cd68
INFO  [17:11:48.355] [bbotk] Finished optimizing after 3 evaluation(s)
INFO  [17:11:48.355] [bbotk] Result:
INFO  [17:11:48.357] [bbotk]    laplace learner_param_vals  x_domain classif.ce
INFO  [17:11:48.357] [bbotk]      <num>             <list>    <list>      <num>
INFO  [17:11:48.357] [bbotk]  0.3785449          <list[1]> <list[1]>  0.2364795

### [bt]: Job terminated successfully [batchtools job.id=2414]
### [bt]: Starting job [batchtools job.id=2415]
### [bt]: Generating problem instance for problem '34d90df810f60583' ...
### [bt]: Applying algorithm 'run_learner' on problem '34d90df810f60583' for job 2415 (seed = 2416) ...
INFO  [17:11:48.927] [mlr3] Applying learner 'classif.naive_bayes.tuned_calib.tunefirst.oof_platt' on task 'phoneme' (iter 5/10)
INFO  [17:11:48.973] [bbotk] Starting to optimize 1 parameter(s) with '<OptimizerBatchRandomSearch>' and '<TerminatorEvals> [n_evals=3, k=0]'
INFO  [17:11:48.989] [bbotk] Evaluating 1 configuration(s)
INFO  [17:11:49.346] [bbotk] Result of batch 1:
INFO  [17:11:49.347] [bbotk]    laplace classif.ce warnings errors runtime_learners
INFO  [17:11:49.347] [bbotk]  0.5467899  0.2446578        0      0            0.314
INFO  [17:11:49.347] [bbotk]                                 uhash
INFO  [17:11:49.347] [bbotk]  b30ca321-16a5-448f-ab54-2a70f07f6b9c
INFO  [17:11:49.350] [bbotk] Evaluating 1 configuration(s)
INFO  [17:11:49.659] [bbotk] Result of batch 2:
INFO  [17:11:49.662] [bbotk]    laplace classif.ce warnings errors runtime_learners
INFO  [17:11:49.662] [bbotk]  0.1427696  0.2446578        0      0            0.262
INFO  [17:11:49.662] [bbotk]                                 uhash
INFO  [17:11:49.662] [bbotk]  4ddc4f88-f985-49b1-a12d-380f23e3e7ca
INFO  [17:11:49.669] [bbotk] Evaluating 1 configuration(s)
INFO  [17:11:49.980] [bbotk] Result of batch 3:
INFO  [17:11:49.981] [bbotk]    laplace classif.ce warnings errors runtime_learners
INFO  [17:11:49.981] [bbotk]  0.5251192  0.2446578        0      0            0.259
INFO  [17:11:49.981] [bbotk]                                 uhash
INFO  [17:11:49.981] [bbotk]  ecc80a0c-24c1-4813-8a6b-2aa7b2343f19
INFO  [17:11:50.044] [bbotk] Finished optimizing after 3 evaluation(s)
INFO  [17:11:50.045] [bbotk] Result:
INFO  [17:11:50.046] [bbotk]    laplace learner_param_vals  x_domain classif.ce
INFO  [17:11:50.046] [bbotk]      <num>             <list>    <list>      <num>
INFO  [17:11:50.046] [bbotk]  0.5467899          <list[1]> <list[1]>  0.2446578

### [bt]: Job terminated successfully [batchtools job.id=2415]
### [bt]: Calculation finished!
