### [bt]: This is batchtools v0.9.17
### [bt]: Starting calculation of 5 jobs
### [bt]: Setting working directory to '/Users/User/Documents/Studium/Semester8/Hiwi/mlr3calibration/vignettes'
### [bt]: Memory measurement disabled
### [bt]: Starting job [batchtools job.id=926]
### [bt]: Generating problem instance for problem '698720b8ce42ae0c' ...
### [bt]: Applying algorithm 'run_learner' on problem '698720b8ce42ae0c' for job 926 (seed = 927) ...
INFO  [16:43:17.392] [mlr3] Applying learner 'classif.ranger.tuned_calib.oof_platt' on task 'pc4' (iter 6/10)
INFO  [16:43:17.442] [bbotk] Starting to optimize 1 parameter(s) with '<OptimizerBatchRandomSearch>' and '<TerminatorEvals> [n_evals=3, k=0]'
INFO  [16:43:17.447] [bbotk] Evaluating 1 configuration(s)
INFO  [16:43:17.647] [bbotk] Result of batch 1:
INFO  [16:43:17.648] [bbotk]  num.trees classif.ce warnings errors runtime_learners
INFO  [16:43:17.648] [bbotk]        126 0.09814982        0      0             0.14
INFO  [16:43:17.648] [bbotk]                                 uhash
INFO  [16:43:17.648] [bbotk]  22c5faa0-fb49-433d-bfa3-832d1c3b8487
INFO  [16:43:17.650] [bbotk] Evaluating 1 configuration(s)
INFO  [16:43:17.946] [bbotk] Result of batch 2:
INFO  [16:43:17.948] [bbotk]  num.trees classif.ce warnings errors runtime_learners
INFO  [16:43:17.948] [bbotk]        316 0.09816073        0      0            0.248
INFO  [16:43:17.948] [bbotk]                                 uhash
INFO  [16:43:17.948] [bbotk]  03a9e97b-ed1d-4e1e-9ea7-c4fce0e00bfd
INFO  [16:43:17.952] [bbotk] Evaluating 1 configuration(s)
INFO  [16:43:18.239] [bbotk] Result of batch 3:
INFO  [16:43:18.240] [bbotk]  num.trees classif.ce warnings errors runtime_learners
INFO  [16:43:18.240] [bbotk]        286   0.101007        0      0            0.238
INFO  [16:43:18.240] [bbotk]                                 uhash
INFO  [16:43:18.240] [bbotk]  499a4f00-b4b9-4fce-a5e8-66f69e56e5e1
INFO  [16:43:18.246] [bbotk] Finished optimizing after 3 evaluation(s)
INFO  [16:43:18.246] [bbotk] Result:
INFO  [16:43:18.248] [bbotk]  num.trees learner_param_vals  x_domain classif.ce
INFO  [16:43:18.248] [bbotk]      <int>             <list>    <list>      <num>
INFO  [16:43:18.248] [bbotk]        126          <list[2]> <list[1]> 0.09814982
INFO  [16:43:18.353] [bbotk] Starting to optimize 1 parameter(s) with '<OptimizerBatchRandomSearch>' and '<TerminatorEvals> [n_evals=3, k=0]'
INFO  [16:43:18.365] [bbotk] Evaluating 1 configuration(s)
INFO  [16:43:18.654] [bbotk] Result of batch 1:
INFO  [16:43:18.655] [bbotk]  num.trees classif.ce warnings errors runtime_learners
INFO  [16:43:18.655] [bbotk]        235  0.1086642        0      0            0.233
INFO  [16:43:18.655] [bbotk]                                 uhash
INFO  [16:43:18.655] [bbotk]  eba9f375-b40f-49d8-86c9-e364430bbeba
INFO  [16:43:18.657] [bbotk] Evaluating 1 configuration(s)
INFO  [16:43:19.047] [bbotk] Result of batch 2:
INFO  [16:43:19.048] [bbotk]  num.trees classif.ce warnings errors runtime_learners
INFO  [16:43:19.048] [bbotk]        435  0.1048574        0      0            0.346
INFO  [16:43:19.048] [bbotk]                                 uhash
INFO  [16:43:19.048] [bbotk]  afb00304-bb7f-4464-8e09-4597a19255ad
INFO  [16:43:19.052] [bbotk] Evaluating 1 configuration(s)
INFO  [16:43:19.481] [bbotk] Result of batch 3:
INFO  [16:43:19.482] [bbotk]  num.trees classif.ce warnings errors runtime_learners
INFO  [16:43:19.482] [bbotk]        494  0.1048547        0      0            0.388
INFO  [16:43:19.482] [bbotk]                                 uhash
INFO  [16:43:19.482] [bbotk]  8819797c-9413-4c86-9415-cf1e59f1baee
INFO  [16:43:19.494] [bbotk] Finished optimizing after 3 evaluation(s)
INFO  [16:43:19.494] [bbotk] Result:
INFO  [16:43:19.496] [bbotk]  num.trees learner_param_vals  x_domain classif.ce
INFO  [16:43:19.496] [bbotk]      <int>             <list>    <list>      <num>
INFO  [16:43:19.496] [bbotk]        494          <list[2]> <list[1]>  0.1048547
INFO  [16:43:19.722] [bbotk] Starting to optimize 1 parameter(s) with '<OptimizerBatchRandomSearch>' and '<TerminatorEvals> [n_evals=3, k=0]'
INFO  [16:43:19.730] [bbotk] Evaluating 1 configuration(s)
INFO  [16:43:20.042] [bbotk] Result of batch 1:
INFO  [16:43:20.044] [bbotk]  num.trees classif.ce warnings errors runtime_learners
INFO  [16:43:20.044] [bbotk]        371  0.1028571        0      0            0.266
INFO  [16:43:20.044] [bbotk]                                 uhash
INFO  [16:43:20.044] [bbotk]  f99fbf63-0fde-4944-9ac6-a5824d7a1080
INFO  [16:43:20.049] [bbotk] Evaluating 1 configuration(s)
INFO  [16:43:20.359] [bbotk] Result of batch 2:
INFO  [16:43:20.364] [bbotk]  num.trees classif.ce warnings errors runtime_learners
INFO  [16:43:20.364] [bbotk]        198  0.1009524        0      0            0.227
INFO  [16:43:20.364] [bbotk]                                 uhash
INFO  [16:43:20.364] [bbotk]  f4323077-ac9b-491e-a7bc-0139fb833318
INFO  [16:43:20.370] [bbotk] Evaluating 1 configuration(s)
INFO  [16:43:20.697] [bbotk] Result of batch 3:
INFO  [16:43:20.697] [bbotk]  num.trees classif.ce warnings errors runtime_learners
INFO  [16:43:20.697] [bbotk]        277        0.1        0      0            0.254
INFO  [16:43:20.697] [bbotk]                                 uhash
INFO  [16:43:20.697] [bbotk]  e158bf7a-9082-4f37-be72-35f18ed333cf
INFO  [16:43:20.739] [bbotk] Finished optimizing after 3 evaluation(s)
INFO  [16:43:20.739] [bbotk] Result:
INFO  [16:43:20.740] [bbotk]  num.trees learner_param_vals  x_domain classif.ce
INFO  [16:43:20.740] [bbotk]      <int>             <list>    <list>      <num>
INFO  [16:43:20.740] [bbotk]        277          <list[2]> <list[1]>        0.1
INFO  [16:43:20.928] [bbotk] Starting to optimize 1 parameter(s) with '<OptimizerBatchRandomSearch>' and '<TerminatorEvals> [n_evals=3, k=0]'
INFO  [16:43:20.934] [bbotk] Evaluating 1 configuration(s)
INFO  [16:43:21.208] [bbotk] Result of batch 1:
INFO  [16:43:21.210] [bbotk]  num.trees classif.ce warnings errors runtime_learners
INFO  [16:43:21.210] [bbotk]        179 0.08857143        0      0            0.199
INFO  [16:43:21.210] [bbotk]                                 uhash
INFO  [16:43:21.210] [bbotk]  be726a13-6cf2-41ba-b615-47dd8dfa9c35
INFO  [16:43:21.216] [bbotk] Evaluating 1 configuration(s)
INFO  [16:43:21.561] [bbotk] Result of batch 2:
INFO  [16:43:21.562] [bbotk]  num.trees classif.ce warnings errors runtime_learners
INFO  [16:43:21.562] [bbotk]        309 0.09142857        0      0            0.274
INFO  [16:43:21.562] [bbotk]                                 uhash
INFO  [16:43:21.562] [bbotk]  5abd7ff9-672a-4d85-8d3a-da8888e85bc9
INFO  [16:43:21.565] [bbotk] Evaluating 1 configuration(s)
INFO  [16:43:21.896] [bbotk] Result of batch 3:
INFO  [16:43:21.897] [bbotk]  num.trees classif.ce warnings errors runtime_learners
INFO  [16:43:21.897] [bbotk]        303 0.08857143        0      0            0.267
INFO  [16:43:21.897] [bbotk]                                 uhash
INFO  [16:43:21.897] [bbotk]  a3809c9f-ea83-42ee-9d23-9f4d60669199
INFO  [16:43:21.908] [bbotk] Finished optimizing after 3 evaluation(s)
INFO  [16:43:21.908] [bbotk] Result:
INFO  [16:43:21.910] [bbotk]  num.trees learner_param_vals  x_domain classif.ce
INFO  [16:43:21.910] [bbotk]      <int>             <list>    <list>      <num>
INFO  [16:43:21.910] [bbotk]        179          <list[2]> <list[1]> 0.08857143
INFO  [16:43:22.051] [bbotk] Starting to optimize 1 parameter(s) with '<OptimizerBatchRandomSearch>' and '<TerminatorEvals> [n_evals=3, k=0]'
INFO  [16:43:22.061] [bbotk] Evaluating 1 configuration(s)
INFO  [16:43:22.352] [bbotk] Result of batch 1:
INFO  [16:43:22.355] [bbotk]  num.trees classif.ce warnings errors runtime_learners
INFO  [16:43:22.355] [bbotk]        177  0.0952381        0      0            0.186
INFO  [16:43:22.355] [bbotk]                                 uhash
INFO  [16:43:22.355] [bbotk]  030257b3-51e4-4d86-a528-929bba8fdc3b
INFO  [16:43:22.361] [bbotk] Evaluating 1 configuration(s)
INFO  [16:43:22.523] [bbotk] Result of batch 2:
INFO  [16:43:22.524] [bbotk]  num.trees classif.ce warnings errors runtime_learners
INFO  [16:43:22.524] [bbotk]        102 0.09238095        0      0            0.109
INFO  [16:43:22.524] [bbotk]                                 uhash
INFO  [16:43:22.524] [bbotk]  f133179e-9d61-4358-8cb0-5009d32e0c23
INFO  [16:43:22.527] [bbotk] Evaluating 1 configuration(s)
INFO  [16:43:22.767] [bbotk] Result of batch 3:
INFO  [16:43:22.769] [bbotk]  num.trees classif.ce warnings errors runtime_learners
INFO  [16:43:22.769] [bbotk]        192 0.09714286        0      0            0.177
INFO  [16:43:22.769] [bbotk]                                 uhash
INFO  [16:43:22.769] [bbotk]  bcc94930-0c46-4bc5-9966-51aae67b490b
INFO  [16:43:22.794] [bbotk] Finished optimizing after 3 evaluation(s)
INFO  [16:43:22.794] [bbotk] Result:
INFO  [16:43:22.795] [bbotk]  num.trees learner_param_vals  x_domain classif.ce
INFO  [16:43:22.795] [bbotk]      <int>             <list>    <list>      <num>
INFO  [16:43:22.795] [bbotk]        102          <list[2]> <list[1]> 0.09238095

### [bt]: Job terminated successfully [batchtools job.id=926]
### [bt]: Starting job [batchtools job.id=927]
### [bt]: Generating problem instance for problem '698720b8ce42ae0c' ...
### [bt]: Applying algorithm 'run_learner' on problem '698720b8ce42ae0c' for job 927 (seed = 928) ...
INFO  [16:43:23.016] [mlr3] Applying learner 'classif.ranger.tuned_calib.oof_platt' on task 'pc4' (iter 7/10)
INFO  [16:43:23.075] [bbotk] Starting to optimize 1 parameter(s) with '<OptimizerBatchRandomSearch>' and '<TerminatorEvals> [n_evals=3, k=0]'
INFO  [16:43:23.084] [bbotk] Evaluating 1 configuration(s)
INFO  [16:43:23.486] [bbotk] Result of batch 1:
INFO  [16:43:23.487] [bbotk]  num.trees classif.ce warnings errors runtime_learners
INFO  [16:43:23.487] [bbotk]        460 0.09148861        0      0            0.355
INFO  [16:43:23.487] [bbotk]                                 uhash
INFO  [16:43:23.487] [bbotk]  02362bdc-0f57-48a4-a6ef-83bb48d28ea9
INFO  [16:43:23.490] [bbotk] Evaluating 1 configuration(s)
INFO  [16:43:23.817] [bbotk] Result of batch 2:
INFO  [16:43:23.818] [bbotk]  num.trees classif.ce warnings errors runtime_learners
INFO  [16:43:23.818] [bbotk]        349  0.0933961        0      0            0.287
INFO  [16:43:23.818] [bbotk]                                 uhash
INFO  [16:43:23.818] [bbotk]  7fc6e102-995a-4c29-b5c6-a3bb235165fe
INFO  [16:43:23.821] [bbotk] Evaluating 1 configuration(s)
INFO  [16:43:24.031] [bbotk] Result of batch 3:
INFO  [16:43:24.037] [bbotk]  num.trees classif.ce warnings errors runtime_learners
INFO  [16:43:24.037] [bbotk]        177 0.09816619        0      0            0.147
INFO  [16:43:24.037] [bbotk]                                 uhash
INFO  [16:43:24.037] [bbotk]  38e26d1e-a12c-40d0-a257-f9f94b43ac03
INFO  [16:43:24.072] [bbotk] Finished optimizing after 3 evaluation(s)
INFO  [16:43:24.073] [bbotk] Result:
INFO  [16:43:24.075] [bbotk]  num.trees learner_param_vals  x_domain classif.ce
INFO  [16:43:24.075] [bbotk]      <int>             <list>    <list>      <num>
INFO  [16:43:24.075] [bbotk]        460          <list[2]> <list[1]> 0.09148861
INFO  [16:43:24.323] [bbotk] Starting to optimize 1 parameter(s) with '<OptimizerBatchRandomSearch>' and '<TerminatorEvals> [n_evals=3, k=0]'
INFO  [16:43:24.352] [bbotk] Evaluating 1 configuration(s)
INFO  [16:43:24.765] [bbotk] Result of batch 1:
INFO  [16:43:24.767] [bbotk]  num.trees classif.ce warnings errors runtime_learners
INFO  [16:43:24.767] [bbotk]        384  0.1001037        0      0             0.36
INFO  [16:43:24.767] [bbotk]                                 uhash
INFO  [16:43:24.767] [bbotk]  c417df3b-c5f5-45ba-96ea-891a012ac827
INFO  [16:43:24.777] [bbotk] Evaluating 1 configuration(s)
INFO  [16:43:25.014] [bbotk] Result of batch 2:
INFO  [16:43:25.014] [bbotk]  num.trees classif.ce warnings errors runtime_learners
INFO  [16:43:25.014] [bbotk]        174 0.09915677        0      0            0.186
INFO  [16:43:25.014] [bbotk]                                 uhash
INFO  [16:43:25.014] [bbotk]  384484d2-9026-4349-abe3-dede99e78963
INFO  [16:43:25.020] [bbotk] Evaluating 1 configuration(s)
INFO  [16:43:25.273] [bbotk] Result of batch 3:
INFO  [16:43:25.275] [bbotk]  num.trees classif.ce warnings errors runtime_learners
INFO  [16:43:25.275] [bbotk]        214  0.1039241        0      0            0.189
INFO  [16:43:25.275] [bbotk]                                 uhash
INFO  [16:43:25.275] [bbotk]  f7463630-62b0-40c5-96f5-0f695070823f
INFO  [16:43:25.281] [bbotk] Finished optimizing after 3 evaluation(s)
INFO  [16:43:25.281] [bbotk] Result:
INFO  [16:43:25.282] [bbotk]  num.trees learner_param_vals  x_domain classif.ce
INFO  [16:43:25.282] [bbotk]      <int>             <list>    <list>      <num>
INFO  [16:43:25.282] [bbotk]        174          <list[2]> <list[1]> 0.09915677
INFO  [16:43:25.418] [bbotk] Starting to optimize 1 parameter(s) with '<OptimizerBatchRandomSearch>' and '<TerminatorEvals> [n_evals=3, k=0]'
INFO  [16:43:25.422] [bbotk] Evaluating 1 configuration(s)
INFO  [16:43:25.702] [bbotk] Result of batch 1:
INFO  [16:43:25.702] [bbotk]  num.trees classif.ce warnings errors runtime_learners
INFO  [16:43:25.702] [bbotk]        261  0.1019048        0      0            0.226
INFO  [16:43:25.702] [bbotk]                                 uhash
INFO  [16:43:25.702] [bbotk]  af11ef96-2b5a-416c-a97b-3c2863e3a3cd
INFO  [16:43:25.707] [bbotk] Evaluating 1 configuration(s)
INFO  [16:43:25.949] [bbotk] Result of batch 2:
INFO  [16:43:25.950] [bbotk]  num.trees classif.ce warnings errors runtime_learners
INFO  [16:43:25.950] [bbotk]        141  0.1047619        0      0            0.124
INFO  [16:43:25.950] [bbotk]                                 uhash
INFO  [16:43:25.950] [bbotk]  9860f738-72a6-40c7-987b-19d0a285dbcb
INFO  [16:43:25.959] [bbotk] Evaluating 1 configuration(s)
INFO  [16:43:26.149] [bbotk] Result of batch 3:
INFO  [16:43:26.150] [bbotk]  num.trees classif.ce warnings errors runtime_learners
INFO  [16:43:26.150] [bbotk]        121 0.09809524        0      0            0.119
INFO  [16:43:26.150] [bbotk]                                 uhash
INFO  [16:43:26.150] [bbotk]  76cf8fab-4bf3-46bd-b4ea-e6984645f88a
INFO  [16:43:26.174] [bbotk] Finished optimizing after 3 evaluation(s)
INFO  [16:43:26.174] [bbotk] Result:
INFO  [16:43:26.176] [bbotk]  num.trees learner_param_vals  x_domain classif.ce
INFO  [16:43:26.176] [bbotk]      <int>             <list>    <list>      <num>
INFO  [16:43:26.176] [bbotk]        121          <list[2]> <list[1]> 0.09809524
INFO  [16:43:26.309] [bbotk] Starting to optimize 1 parameter(s) with '<OptimizerBatchRandomSearch>' and '<TerminatorEvals> [n_evals=3, k=0]'
INFO  [16:43:26.317] [bbotk] Evaluating 1 configuration(s)
INFO  [16:43:26.605] [bbotk] Result of batch 1:
INFO  [16:43:26.607] [bbotk]  num.trees classif.ce warnings errors runtime_learners
INFO  [16:43:26.607] [bbotk]        278 0.09714286        0      0            0.243
INFO  [16:43:26.607] [bbotk]                                 uhash
INFO  [16:43:26.607] [bbotk]  f3fd20be-234f-4c13-ad24-3511d8551b49
INFO  [16:43:26.610] [bbotk] Evaluating 1 configuration(s)
INFO  [16:43:26.907] [bbotk] Result of batch 2:
INFO  [16:43:26.909] [bbotk]  num.trees classif.ce warnings errors runtime_learners
INFO  [16:43:26.909] [bbotk]        272 0.09333333        0      0            0.243
INFO  [16:43:26.909] [bbotk]                                 uhash
INFO  [16:43:26.909] [bbotk]  79018684-9780-4c55-b6e2-8c30e72de507
INFO  [16:43:26.916] [bbotk] Evaluating 1 configuration(s)
INFO  [16:43:27.200] [bbotk] Result of batch 3:
INFO  [16:43:27.201] [bbotk]  num.trees classif.ce warnings errors runtime_learners
INFO  [16:43:27.201] [bbotk]        262 0.09333333        0      0            0.229
INFO  [16:43:27.201] [bbotk]                                 uhash
INFO  [16:43:27.201] [bbotk]  a2b8121a-b066-4968-a3de-b0cb82638917
INFO  [16:43:27.210] [bbotk] Finished optimizing after 3 evaluation(s)
INFO  [16:43:27.210] [bbotk] Result:
INFO  [16:43:27.211] [bbotk]  num.trees learner_param_vals  x_domain classif.ce
INFO  [16:43:27.211] [bbotk]      <int>             <list>    <list>      <num>
INFO  [16:43:27.211] [bbotk]        272          <list[2]> <list[1]> 0.09333333
INFO  [16:43:27.382] [bbotk] Starting to optimize 1 parameter(s) with '<OptimizerBatchRandomSearch>' and '<TerminatorEvals> [n_evals=3, k=0]'
INFO  [16:43:27.395] [bbotk] Evaluating 1 configuration(s)
INFO  [16:43:27.726] [bbotk] Result of batch 1:
INFO  [16:43:27.729] [bbotk]  num.trees classif.ce warnings errors runtime_learners
INFO  [16:43:27.729] [bbotk]        292 0.09714286        0      0            0.276
INFO  [16:43:27.729] [bbotk]                                 uhash
INFO  [16:43:27.729] [bbotk]  1c109874-7e8c-428a-8f90-789b7017ba6f
INFO  [16:43:27.734] [bbotk] Evaluating 1 configuration(s)
INFO  [16:43:28.130] [bbotk] Result of batch 2:
INFO  [16:43:28.132] [bbotk]  num.trees classif.ce warnings errors runtime_learners
INFO  [16:43:28.132] [bbotk]        441 0.09809524        0      0             0.35
INFO  [16:43:28.132] [bbotk]                                 uhash
INFO  [16:43:28.132] [bbotk]  01188930-06f9-4b44-946c-3e91dc6b7776
INFO  [16:43:28.134] [bbotk] Evaluating 1 configuration(s)
INFO  [16:43:28.397] [bbotk] Result of batch 3:
INFO  [16:43:28.398] [bbotk]  num.trees classif.ce warnings errors runtime_learners
INFO  [16:43:28.398] [bbotk]        191  0.1009524        0      0            0.194
INFO  [16:43:28.398] [bbotk]                                 uhash
INFO  [16:43:28.398] [bbotk]  97daf750-9acf-4fda-be28-257558ba69d4
INFO  [16:43:28.406] [bbotk] Finished optimizing after 3 evaluation(s)
INFO  [16:43:28.406] [bbotk] Result:
INFO  [16:43:28.407] [bbotk]  num.trees learner_param_vals  x_domain classif.ce
INFO  [16:43:28.407] [bbotk]      <int>             <list>    <list>      <num>
INFO  [16:43:28.407] [bbotk]        292          <list[2]> <list[1]> 0.09714286

### [bt]: Job terminated successfully [batchtools job.id=927]
### [bt]: Starting job [batchtools job.id=928]
### [bt]: Generating problem instance for problem '698720b8ce42ae0c' ...
### [bt]: Applying algorithm 'run_learner' on problem '698720b8ce42ae0c' for job 928 (seed = 929) ...
INFO  [16:43:28.755] [mlr3] Applying learner 'classif.ranger.tuned_calib.oof_platt' on task 'pc4' (iter 8/10)
INFO  [16:43:28.932] [bbotk] Starting to optimize 1 parameter(s) with '<OptimizerBatchRandomSearch>' and '<TerminatorEvals> [n_evals=3, k=0]'
INFO  [16:43:28.946] [bbotk] Evaluating 1 configuration(s)
INFO  [16:43:29.135] [bbotk] Result of batch 1:
INFO  [16:43:29.136] [bbotk]  num.trees classif.ce warnings errors runtime_learners
INFO  [16:43:29.136] [bbotk]        102  0.1039078        0      0            0.106
INFO  [16:43:29.136] [bbotk]                                 uhash
INFO  [16:43:29.136] [bbotk]  0233c6b0-3dca-4d69-b9ef-86bc78b63e74
INFO  [16:43:29.140] [bbotk] Evaluating 1 configuration(s)
INFO  [16:43:29.471] [bbotk] Result of batch 2:
INFO  [16:43:29.473] [bbotk]  num.trees classif.ce warnings errors runtime_learners
INFO  [16:43:29.473] [bbotk]        265   0.102003        0      0            0.218
INFO  [16:43:29.473] [bbotk]                                 uhash
INFO  [16:43:29.473] [bbotk]  a4c120f1-6733-4c39-a256-4fee42bd6449
INFO  [16:43:29.481] [bbotk] Evaluating 1 configuration(s)
INFO  [16:43:29.924] [bbotk] Result of batch 3:
INFO  [16:43:29.925] [bbotk]  num.trees classif.ce warnings errors runtime_learners
INFO  [16:43:29.925] [bbotk]        476  0.1048574        0      0            0.367
INFO  [16:43:29.925] [bbotk]                                 uhash
INFO  [16:43:29.925] [bbotk]  577cb1eb-5bb3-439c-bcc7-68f1fb0cdcb3
INFO  [16:43:29.934] [bbotk] Finished optimizing after 3 evaluation(s)
INFO  [16:43:29.934] [bbotk] Result:
INFO  [16:43:29.935] [bbotk]  num.trees learner_param_vals  x_domain classif.ce
INFO  [16:43:29.935] [bbotk]      <int>             <list>    <list>      <num>
INFO  [16:43:29.935] [bbotk]        265          <list[2]> <list[1]>   0.102003
INFO  [16:43:30.074] [bbotk] Starting to optimize 1 parameter(s) with '<OptimizerBatchRandomSearch>' and '<TerminatorEvals> [n_evals=3, k=0]'
INFO  [16:43:30.079] [bbotk] Evaluating 1 configuration(s)
INFO  [16:43:30.451] [bbotk] Result of batch 1:
INFO  [16:43:30.453] [bbotk]  num.trees classif.ce warnings errors runtime_learners
INFO  [16:43:30.453] [bbotk]        388  0.1000819        0      0            0.323
INFO  [16:43:30.453] [bbotk]                                 uhash
INFO  [16:43:30.453] [bbotk]  8f04d351-42e3-490a-b4f4-7f0db046f13c
INFO  [16:43:30.459] [bbotk] Evaluating 1 configuration(s)
INFO  [16:43:30.868] [bbotk] Result of batch 2:
INFO  [16:43:30.869] [bbotk]  num.trees classif.ce warnings errors runtime_learners
INFO  [16:43:30.869] [bbotk]        465  0.1067622        0      0            0.366
INFO  [16:43:30.869] [bbotk]                                 uhash
INFO  [16:43:30.869] [bbotk]  31d6f026-b397-4640-ad0f-cb6c6b109ffa
INFO  [16:43:30.872] [bbotk] Evaluating 1 configuration(s)
INFO  [16:43:31.065] [bbotk] Result of batch 3:
INFO  [16:43:31.066] [bbotk]  num.trees classif.ce warnings errors runtime_learners
INFO  [16:43:31.066] [bbotk]        117  0.1000873        0      0            0.134
INFO  [16:43:31.066] [bbotk]                                 uhash
INFO  [16:43:31.066] [bbotk]  e301affb-702f-46cc-91e5-37b4a876e70c
INFO  [16:43:31.073] [bbotk] Finished optimizing after 3 evaluation(s)
INFO  [16:43:31.074] [bbotk] Result:
INFO  [16:43:31.074] [bbotk]  num.trees learner_param_vals  x_domain classif.ce
INFO  [16:43:31.074] [bbotk]      <int>             <list>    <list>      <num>
INFO  [16:43:31.074] [bbotk]        388          <list[2]> <list[1]>  0.1000819
INFO  [16:43:31.343] [bbotk] Starting to optimize 1 parameter(s) with '<OptimizerBatchRandomSearch>' and '<TerminatorEvals> [n_evals=3, k=0]'
INFO  [16:43:31.354] [bbotk] Evaluating 1 configuration(s)
INFO  [16:43:31.619] [bbotk] Result of batch 1:
INFO  [16:43:31.620] [bbotk]  num.trees classif.ce warnings errors runtime_learners
INFO  [16:43:31.620] [bbotk]        214  0.0952381        0      0            0.189
INFO  [16:43:31.620] [bbotk]                                 uhash
INFO  [16:43:31.620] [bbotk]  f47ed404-0b2b-4f1e-a631-f649b2d066f4
INFO  [16:43:31.631] [bbotk] Evaluating 1 configuration(s)
INFO  [16:43:31.865] [bbotk] Result of batch 2:
INFO  [16:43:31.867] [bbotk]  num.trees classif.ce warnings errors runtime_learners
INFO  [16:43:31.867] [bbotk]        204 0.09904762        0      0            0.174
INFO  [16:43:31.867] [bbotk]                                 uhash
INFO  [16:43:31.867] [bbotk]  d9734330-a96d-4551-b0d5-8a8b99927978
INFO  [16:43:31.879] [bbotk] Evaluating 1 configuration(s)
INFO  [16:43:32.243] [bbotk] Result of batch 3:
INFO  [16:43:32.251] [bbotk]  num.trees classif.ce warnings errors runtime_learners
INFO  [16:43:32.251] [bbotk]        391 0.09619048        0      0            0.309
INFO  [16:43:32.251] [bbotk]                                 uhash
INFO  [16:43:32.251] [bbotk]  b9d2ed7e-1764-4ee6-8fc7-313ccc24a080
INFO  [16:43:32.267] [bbotk] Finished optimizing after 3 evaluation(s)
INFO  [16:43:32.267] [bbotk] Result:
INFO  [16:43:32.269] [bbotk]  num.trees learner_param_vals  x_domain classif.ce
INFO  [16:43:32.269] [bbotk]      <int>             <list>    <list>      <num>
INFO  [16:43:32.269] [bbotk]        214          <list[2]> <list[1]>  0.0952381
INFO  [16:43:32.422] [bbotk] Starting to optimize 1 parameter(s) with '<OptimizerBatchRandomSearch>' and '<TerminatorEvals> [n_evals=3, k=0]'
INFO  [16:43:32.441] [bbotk] Evaluating 1 configuration(s)
INFO  [16:43:32.870] [bbotk] Result of batch 1:
INFO  [16:43:32.871] [bbotk]  num.trees classif.ce warnings errors runtime_learners
INFO  [16:43:32.871] [bbotk]        484  0.1028571        0      0            0.396
INFO  [16:43:32.871] [bbotk]                                 uhash
INFO  [16:43:32.871] [bbotk]  7958b60e-f60c-453c-ad6d-b037b859a64d
INFO  [16:43:32.873] [bbotk] Evaluating 1 configuration(s)
INFO  [16:43:33.219] [bbotk] Result of batch 2:
INFO  [16:43:33.221] [bbotk]  num.trees classif.ce warnings errors runtime_learners
INFO  [16:43:33.221] [bbotk]        346  0.1028571        0      0            0.284
INFO  [16:43:33.221] [bbotk]                                 uhash
INFO  [16:43:33.221] [bbotk]  7a7edf2c-79fd-41f6-a633-2eb74df6f6e5
INFO  [16:43:33.227] [bbotk] Evaluating 1 configuration(s)
INFO  [16:43:33.648] [bbotk] Result of batch 3:
INFO  [16:43:33.650] [bbotk]  num.trees classif.ce warnings errors runtime_learners
INFO  [16:43:33.650] [bbotk]        438  0.1019048        0      0            0.354
INFO  [16:43:33.650] [bbotk]                                 uhash
INFO  [16:43:33.650] [bbotk]  d661f6d4-dc05-43a0-9276-99b154dfcc45
INFO  [16:43:33.670] [bbotk] Finished optimizing after 3 evaluation(s)
INFO  [16:43:33.670] [bbotk] Result:
INFO  [16:43:33.671] [bbotk]  num.trees learner_param_vals  x_domain classif.ce
INFO  [16:43:33.671] [bbotk]      <int>             <list>    <list>      <num>
INFO  [16:43:33.671] [bbotk]        438          <list[2]> <list[1]>  0.1019048
INFO  [16:43:33.894] [bbotk] Starting to optimize 1 parameter(s) with '<OptimizerBatchRandomSearch>' and '<TerminatorEvals> [n_evals=3, k=0]'
INFO  [16:43:33.901] [bbotk] Evaluating 1 configuration(s)
INFO  [16:43:34.202] [bbotk] Result of batch 1:
INFO  [16:43:34.202] [bbotk]  num.trees classif.ce warnings errors runtime_learners
INFO  [16:43:34.202] [bbotk]        298  0.1066667        0      0            0.255
INFO  [16:43:34.202] [bbotk]                                 uhash
INFO  [16:43:34.202] [bbotk]  b6177b4d-0132-4939-b5b8-006e00a5127c
INFO  [16:43:34.204] [bbotk] Evaluating 1 configuration(s)
INFO  [16:43:34.490] [bbotk] Result of batch 2:
INFO  [16:43:34.491] [bbotk]  num.trees classif.ce warnings errors runtime_learners
INFO  [16:43:34.491] [bbotk]        250   0.107619        0      0            0.243
INFO  [16:43:34.491] [bbotk]                                 uhash
INFO  [16:43:34.491] [bbotk]  d67cf60a-6d79-4f6a-86a6-6fc66f75ef6f
INFO  [16:43:34.493] [bbotk] Evaluating 1 configuration(s)
INFO  [16:43:34.743] [bbotk] Result of batch 3:
INFO  [16:43:34.745] [bbotk]  num.trees classif.ce warnings errors runtime_learners
INFO  [16:43:34.745] [bbotk]        249  0.1114286        0      0            0.204
INFO  [16:43:34.745] [bbotk]                                 uhash
INFO  [16:43:34.745] [bbotk]  f8dcda69-262e-4862-b303-e66bcf953c12
INFO  [16:43:34.759] [bbotk] Finished optimizing after 3 evaluation(s)
INFO  [16:43:34.759] [bbotk] Result:
INFO  [16:43:34.760] [bbotk]  num.trees learner_param_vals  x_domain classif.ce
INFO  [16:43:34.760] [bbotk]      <int>             <list>    <list>      <num>
INFO  [16:43:34.760] [bbotk]        298          <list[2]> <list[1]>  0.1066667

### [bt]: Job terminated successfully [batchtools job.id=928]
### [bt]: Starting job [batchtools job.id=929]
### [bt]: Generating problem instance for problem '698720b8ce42ae0c' ...
### [bt]: Applying algorithm 'run_learner' on problem '698720b8ce42ae0c' for job 929 (seed = 930) ...
INFO  [16:43:35.075] [mlr3] Applying learner 'classif.ranger.tuned_calib.oof_platt' on task 'pc4' (iter 9/10)
INFO  [16:43:35.152] [bbotk] Starting to optimize 1 parameter(s) with '<OptimizerBatchRandomSearch>' and '<TerminatorEvals> [n_evals=3, k=0]'
INFO  [16:43:35.156] [bbotk] Evaluating 1 configuration(s)
INFO  [16:43:35.418] [bbotk] Result of batch 1:
INFO  [16:43:35.421] [bbotk]  num.trees classif.ce warnings errors runtime_learners
INFO  [16:43:35.421] [bbotk]        222  0.1019048        0      0            0.192
INFO  [16:43:35.421] [bbotk]                                 uhash
INFO  [16:43:35.421] [bbotk]  f3cbee1f-705e-4665-9d54-38062d71a215
INFO  [16:43:35.428] [bbotk] Evaluating 1 configuration(s)
INFO  [16:43:35.825] [bbotk] Result of batch 2:
INFO  [16:43:35.827] [bbotk]  num.trees classif.ce warnings errors runtime_learners
INFO  [16:43:35.827] [bbotk]        452  0.1028571        0      0             0.34
INFO  [16:43:35.827] [bbotk]                                 uhash
INFO  [16:43:35.827] [bbotk]  435862e9-1d05-4108-bef1-ae423ed579d9
INFO  [16:43:35.832] [bbotk] Evaluating 1 configuration(s)
INFO  [16:43:36.186] [bbotk] Result of batch 3:
INFO  [16:43:36.186] [bbotk]  num.trees classif.ce warnings errors runtime_learners
INFO  [16:43:36.186] [bbotk]        426  0.1038095        0      0            0.299
INFO  [16:43:36.186] [bbotk]                                 uhash
INFO  [16:43:36.186] [bbotk]  9cc82aeb-a57d-45ec-b358-d9384a871012
INFO  [16:43:36.193] [bbotk] Finished optimizing after 3 evaluation(s)
INFO  [16:43:36.193] [bbotk] Result:
INFO  [16:43:36.194] [bbotk]  num.trees learner_param_vals  x_domain classif.ce
INFO  [16:43:36.194] [bbotk]      <int>             <list>    <list>      <num>
INFO  [16:43:36.194] [bbotk]        222          <list[2]> <list[1]>  0.1019048
INFO  [16:43:36.395] [bbotk] Starting to optimize 1 parameter(s) with '<OptimizerBatchRandomSearch>' and '<TerminatorEvals> [n_evals=3, k=0]'
INFO  [16:43:36.402] [bbotk] Evaluating 1 configuration(s)
INFO  [16:43:36.873] [bbotk] Result of batch 1:
INFO  [16:43:36.874] [bbotk]  num.trees classif.ce warnings errors runtime_learners
INFO  [16:43:36.874] [bbotk]        486 0.09714286        0      0            0.407
INFO  [16:43:36.874] [bbotk]                                 uhash
INFO  [16:43:36.874] [bbotk]  fda122f8-dbad-4cc5-9ad5-bde473d6ee61
INFO  [16:43:36.877] [bbotk] Evaluating 1 configuration(s)
INFO  [16:43:37.109] [bbotk] Result of batch 2:
INFO  [16:43:37.111] [bbotk]  num.trees classif.ce warnings errors runtime_learners
INFO  [16:43:37.111] [bbotk]        181   0.107619        0      0            0.175
INFO  [16:43:37.111] [bbotk]                                 uhash
INFO  [16:43:37.111] [bbotk]  ff10cc62-28cd-4a1a-bdf8-117a2694845c
INFO  [16:43:37.116] [bbotk] Evaluating 1 configuration(s)
INFO  [16:43:37.319] [bbotk] Result of batch 3:
INFO  [16:43:37.320] [bbotk]  num.trees classif.ce warnings errors runtime_learners
INFO  [16:43:37.320] [bbotk]        182  0.1009524        0      0            0.161
INFO  [16:43:37.320] [bbotk]                                 uhash
INFO  [16:43:37.320] [bbotk]  ea91cc46-3b1b-485f-a19e-5a0461230145
INFO  [16:43:37.336] [bbotk] Finished optimizing after 3 evaluation(s)
INFO  [16:43:37.337] [bbotk] Result:
INFO  [16:43:37.338] [bbotk]  num.trees learner_param_vals  x_domain classif.ce
INFO  [16:43:37.338] [bbotk]      <int>             <list>    <list>      <num>
INFO  [16:43:37.338] [bbotk]        486          <list[2]> <list[1]> 0.09714286
INFO  [16:43:37.571] [bbotk] Starting to optimize 1 parameter(s) with '<OptimizerBatchRandomSearch>' and '<TerminatorEvals> [n_evals=3, k=0]'
INFO  [16:43:37.581] [bbotk] Evaluating 1 configuration(s)
INFO  [16:43:37.919] [bbotk] Result of batch 1:
INFO  [16:43:37.921] [bbotk]  num.trees classif.ce warnings errors runtime_learners
INFO  [16:43:37.921] [bbotk]        319  0.1104762        0      0            0.277
INFO  [16:43:37.921] [bbotk]                                 uhash
INFO  [16:43:37.921] [bbotk]  7a6c0d71-3217-4116-9520-7dcb5b059e28
INFO  [16:43:37.942] [bbotk] Evaluating 1 configuration(s)
INFO  [16:43:38.206] [bbotk] Result of batch 2:
INFO  [16:43:38.207] [bbotk]  num.trees classif.ce warnings errors runtime_learners
INFO  [16:43:38.207] [bbotk]        260  0.1047619        0      0            0.219
INFO  [16:43:38.207] [bbotk]                                 uhash
INFO  [16:43:38.207] [bbotk]  68114fe5-4611-4023-b6fe-ade5ee0f5e5a
INFO  [16:43:38.217] [bbotk] Evaluating 1 configuration(s)
INFO  [16:43:38.558] [bbotk] Result of batch 3:
INFO  [16:43:38.559] [bbotk]  num.trees classif.ce warnings errors runtime_learners
INFO  [16:43:38.559] [bbotk]        281  0.1066667        0      0            0.267
INFO  [16:43:38.559] [bbotk]                                 uhash
INFO  [16:43:38.559] [bbotk]  54087622-b996-40cb-8ded-24c67d51d367
INFO  [16:43:38.572] [bbotk] Finished optimizing after 3 evaluation(s)
INFO  [16:43:38.573] [bbotk] Result:
INFO  [16:43:38.574] [bbotk]  num.trees learner_param_vals  x_domain classif.ce
INFO  [16:43:38.574] [bbotk]      <int>             <list>    <list>      <num>
INFO  [16:43:38.574] [bbotk]        260          <list[2]> <list[1]>  0.1047619
INFO  [16:43:38.762] [bbotk] Starting to optimize 1 parameter(s) with '<OptimizerBatchRandomSearch>' and '<TerminatorEvals> [n_evals=3, k=0]'
INFO  [16:43:38.770] [bbotk] Evaluating 1 configuration(s)
INFO  [16:43:39.024] [bbotk] Result of batch 1:
INFO  [16:43:39.025] [bbotk]  num.trees classif.ce warnings errors runtime_learners
INFO  [16:43:39.025] [bbotk]        227  0.1027866        0      0            0.206
INFO  [16:43:39.025] [bbotk]                                 uhash
INFO  [16:43:39.025] [bbotk]  e9bf3595-b36f-456d-8cde-c0fe49b08ac7
INFO  [16:43:39.028] [bbotk] Evaluating 1 configuration(s)
INFO  [16:43:39.418] [bbotk] Result of batch 2:
INFO  [16:43:39.420] [bbotk]  num.trees classif.ce warnings errors runtime_learners
INFO  [16:43:39.420] [bbotk]        374  0.1037417        0      0            0.328
INFO  [16:43:39.420] [bbotk]                                 uhash
INFO  [16:43:39.420] [bbotk]  8d75dca1-6473-4a90-8f11-9845f7b89532
INFO  [16:43:39.425] [bbotk] Evaluating 1 configuration(s)
INFO  [16:43:39.587] [bbotk] Result of batch 3:
INFO  [16:43:39.588] [bbotk]  num.trees classif.ce warnings errors runtime_learners
INFO  [16:43:39.588] [bbotk]        108  0.1056492        0      0            0.106
INFO  [16:43:39.588] [bbotk]                                 uhash
INFO  [16:43:39.588] [bbotk]  aaa662f2-ee2d-4dde-84cd-c9b37de70b15
INFO  [16:43:39.600] [bbotk] Finished optimizing after 3 evaluation(s)
INFO  [16:43:39.601] [bbotk] Result:
INFO  [16:43:39.602] [bbotk]  num.trees learner_param_vals  x_domain classif.ce
INFO  [16:43:39.602] [bbotk]      <int>             <list>    <list>      <num>
INFO  [16:43:39.602] [bbotk]        227          <list[2]> <list[1]>  0.1027866
INFO  [16:43:39.793] [bbotk] Starting to optimize 1 parameter(s) with '<OptimizerBatchRandomSearch>' and '<TerminatorEvals> [n_evals=3, k=0]'
INFO  [16:43:39.818] [bbotk] Evaluating 1 configuration(s)
INFO  [16:43:40.029] [bbotk] Result of batch 1:
INFO  [16:43:40.031] [bbotk]  num.trees classif.ce warnings errors runtime_learners
INFO  [16:43:40.031] [bbotk]        106  0.1075376        0      0            0.115
INFO  [16:43:40.031] [bbotk]                                 uhash
INFO  [16:43:40.031] [bbotk]  7f8718f0-5ed3-4378-a458-0f950b88e671
INFO  [16:43:40.050] [bbotk] Evaluating 1 configuration(s)
INFO  [16:43:40.421] [bbotk] Result of batch 2:
INFO  [16:43:40.422] [bbotk]  num.trees classif.ce warnings errors runtime_learners
INFO  [16:43:40.422] [bbotk]        377  0.1037281        0      0            0.329
INFO  [16:43:40.422] [bbotk]                                 uhash
INFO  [16:43:40.422] [bbotk]  2f2790d2-7f09-4d93-a135-7c5c40b4fdd4
INFO  [16:43:40.426] [bbotk] Evaluating 1 configuration(s)
INFO  [16:43:40.639] [bbotk] Result of batch 3:
INFO  [16:43:40.643] [bbotk]  num.trees classif.ce warnings errors runtime_learners
INFO  [16:43:40.643] [bbotk]        126  0.1037308        0      0             0.12
INFO  [16:43:40.643] [bbotk]                                 uhash
INFO  [16:43:40.643] [bbotk]  7f8f9358-a7c6-43fa-bd59-b260853415fc
INFO  [16:43:40.670] [bbotk] Finished optimizing after 3 evaluation(s)
INFO  [16:43:40.671] [bbotk] Result:
INFO  [16:43:40.672] [bbotk]  num.trees learner_param_vals  x_domain classif.ce
INFO  [16:43:40.672] [bbotk]      <int>             <list>    <list>      <num>
INFO  [16:43:40.672] [bbotk]        377          <list[2]> <list[1]>  0.1037281

### [bt]: Job terminated successfully [batchtools job.id=929]
### [bt]: Starting job [batchtools job.id=930]
### [bt]: Generating problem instance for problem '698720b8ce42ae0c' ...
### [bt]: Applying algorithm 'run_learner' on problem '698720b8ce42ae0c' for job 930 (seed = 931) ...
INFO  [16:43:41.046] [mlr3] Applying learner 'classif.ranger.tuned_calib.oof_platt' on task 'pc4' (iter 10/10)
INFO  [16:43:41.112] [bbotk] Starting to optimize 1 parameter(s) with '<OptimizerBatchRandomSearch>' and '<TerminatorEvals> [n_evals=3, k=0]'
INFO  [16:43:41.119] [bbotk] Evaluating 1 configuration(s)
INFO  [16:43:41.331] [bbotk] Result of batch 1:
INFO  [16:43:41.332] [bbotk]  num.trees classif.ce warnings errors runtime_learners
INFO  [16:43:41.332] [bbotk]        160  0.1133333        0      0            0.149
INFO  [16:43:41.332] [bbotk]                                 uhash
INFO  [16:43:41.332] [bbotk]  41db1dee-f420-485e-996e-cc413e189d7b
INFO  [16:43:41.338] [bbotk] Evaluating 1 configuration(s)
INFO  [16:43:41.529] [bbotk] Result of batch 2:
INFO  [16:43:41.531] [bbotk]  num.trees classif.ce warnings errors runtime_learners
INFO  [16:43:41.531] [bbotk]        127  0.1095238        0      0            0.138
INFO  [16:43:41.531] [bbotk]                                 uhash
INFO  [16:43:41.531] [bbotk]  794d68dd-d9ba-45b0-b084-108bd5210593
INFO  [16:43:41.534] [bbotk] Evaluating 1 configuration(s)
INFO  [16:43:41.903] [bbotk] Result of batch 3:
INFO  [16:43:41.904] [bbotk]  num.trees classif.ce warnings errors runtime_learners
INFO  [16:43:41.904] [bbotk]        305  0.1095238        0      0            0.286
INFO  [16:43:41.904] [bbotk]                                 uhash
INFO  [16:43:41.904] [bbotk]  4e2406d6-0d94-4251-affa-664ae27d6df1
INFO  [16:43:41.924] [bbotk] Finished optimizing after 3 evaluation(s)
INFO  [16:43:41.925] [bbotk] Result:
INFO  [16:43:41.927] [bbotk]  num.trees learner_param_vals  x_domain classif.ce
INFO  [16:43:41.927] [bbotk]      <int>             <list>    <list>      <num>
INFO  [16:43:41.927] [bbotk]        127          <list[2]> <list[1]>  0.1095238
INFO  [16:43:42.071] [bbotk] Starting to optimize 1 parameter(s) with '<OptimizerBatchRandomSearch>' and '<TerminatorEvals> [n_evals=3, k=0]'
INFO  [16:43:42.096] [bbotk] Evaluating 1 configuration(s)
INFO  [16:43:42.316] [bbotk] Result of batch 1:
INFO  [16:43:42.319] [bbotk]  num.trees classif.ce warnings errors runtime_learners
INFO  [16:43:42.319] [bbotk]        144   0.107619        0      0            0.136
INFO  [16:43:42.319] [bbotk]                                 uhash
INFO  [16:43:42.319] [bbotk]  f4798253-8ce9-4f6e-951f-78c3edd78278
INFO  [16:43:42.327] [bbotk] Evaluating 1 configuration(s)
INFO  [16:43:42.727] [bbotk] Result of batch 2:
INFO  [16:43:42.729] [bbotk]  num.trees classif.ce warnings errors runtime_learners
INFO  [16:43:42.729] [bbotk]        435  0.1009524        0      0            0.357
INFO  [16:43:42.729] [bbotk]                                 uhash
INFO  [16:43:42.729] [bbotk]  030edd8a-28c1-4539-8c21-702c5c310e93
INFO  [16:43:42.734] [bbotk] Evaluating 1 configuration(s)
INFO  [16:43:43.020] [bbotk] Result of batch 3:
INFO  [16:43:43.021] [bbotk]  num.trees classif.ce warnings errors runtime_learners
INFO  [16:43:43.021] [bbotk]        263  0.1019048        0      0            0.243
INFO  [16:43:43.021] [bbotk]                                 uhash
INFO  [16:43:43.021] [bbotk]  e1d2d6ba-9329-429e-8f5d-c0e1eac9be51
INFO  [16:43:43.033] [bbotk] Finished optimizing after 3 evaluation(s)
INFO  [16:43:43.034] [bbotk] Result:
INFO  [16:43:43.034] [bbotk]  num.trees learner_param_vals  x_domain classif.ce
INFO  [16:43:43.034] [bbotk]      <int>             <list>    <list>      <num>
INFO  [16:43:43.034] [bbotk]        435          <list[2]> <list[1]>  0.1009524
INFO  [16:43:43.252] [bbotk] Starting to optimize 1 parameter(s) with '<OptimizerBatchRandomSearch>' and '<TerminatorEvals> [n_evals=3, k=0]'
INFO  [16:43:43.256] [bbotk] Evaluating 1 configuration(s)
INFO  [16:43:43.598] [bbotk] Result of batch 1:
INFO  [16:43:43.599] [bbotk]  num.trees classif.ce warnings errors runtime_learners
INFO  [16:43:43.599] [bbotk]        349  0.1057143        0      0            0.301
INFO  [16:43:43.599] [bbotk]                                 uhash
INFO  [16:43:43.599] [bbotk]  c0c12ea7-f400-4484-9f79-9e564be9faf8
INFO  [16:43:43.601] [bbotk] Evaluating 1 configuration(s)
INFO  [16:43:43.873] [bbotk] Result of batch 2:
INFO  [16:43:43.875] [bbotk]  num.trees classif.ce warnings errors runtime_learners
INFO  [16:43:43.875] [bbotk]        208  0.1047619        0      0            0.201
INFO  [16:43:43.875] [bbotk]                                 uhash
INFO  [16:43:43.875] [bbotk]  6f529d44-e7e8-424a-960e-f072e83ad98e
INFO  [16:43:43.879] [bbotk] Evaluating 1 configuration(s)
INFO  [16:43:44.178] [bbotk] Result of batch 3:
INFO  [16:43:44.180] [bbotk]  num.trees classif.ce warnings errors runtime_learners
INFO  [16:43:44.180] [bbotk]        231  0.1066667        0      0            0.238
INFO  [16:43:44.180] [bbotk]                                 uhash
INFO  [16:43:44.180] [bbotk]  86dc3d68-28d8-4531-b03f-396e85dbfbe8
INFO  [16:43:44.195] [bbotk] Finished optimizing after 3 evaluation(s)
INFO  [16:43:44.195] [bbotk] Result:
INFO  [16:43:44.196] [bbotk]  num.trees learner_param_vals  x_domain classif.ce
INFO  [16:43:44.196] [bbotk]      <int>             <list>    <list>      <num>
INFO  [16:43:44.196] [bbotk]        208          <list[2]> <list[1]>  0.1047619
INFO  [16:43:44.362] [bbotk] Starting to optimize 1 parameter(s) with '<OptimizerBatchRandomSearch>' and '<TerminatorEvals> [n_evals=3, k=0]'
INFO  [16:43:44.367] [bbotk] Evaluating 1 configuration(s)
INFO  [16:43:44.724] [bbotk] Result of batch 1:
INFO  [16:43:44.726] [bbotk]  num.trees classif.ce warnings errors runtime_learners
INFO  [16:43:44.726] [bbotk]        357 0.09989689        0      0            0.289
INFO  [16:43:44.726] [bbotk]                                 uhash
INFO  [16:43:44.726] [bbotk]  51c42e8f-47e6-4b18-a6ba-7a3f30f4b0c6
INFO  [16:43:44.736] [bbotk] Evaluating 1 configuration(s)
INFO  [16:43:45.156] [bbotk] Result of batch 2:
INFO  [16:43:45.157] [bbotk]  num.trees classif.ce warnings errors runtime_learners
INFO  [16:43:45.157] [bbotk]        430  0.1018017        0      0            0.374
INFO  [16:43:45.157] [bbotk]                                 uhash
INFO  [16:43:45.157] [bbotk]  3dc7b502-ed2a-4763-94cd-82efde2c9b62
INFO  [16:43:45.163] [bbotk] Evaluating 1 configuration(s)
INFO  [16:43:45.399] [bbotk] Result of batch 3:
INFO  [16:43:45.401] [bbotk]  num.trees classif.ce warnings errors runtime_learners
INFO  [16:43:45.401] [bbotk]        160   0.102754        0      0            0.175
INFO  [16:43:45.401] [bbotk]                                 uhash
INFO  [16:43:45.401] [bbotk]  ae0d03d0-c8a5-40eb-bae6-aa9ef9f1b102
INFO  [16:43:45.419] [bbotk] Finished optimizing after 3 evaluation(s)
INFO  [16:43:45.420] [bbotk] Result:
INFO  [16:43:45.422] [bbotk]  num.trees learner_param_vals  x_domain classif.ce
INFO  [16:43:45.422] [bbotk]      <int>             <list>    <list>      <num>
INFO  [16:43:45.422] [bbotk]        357          <list[2]> <list[1]> 0.09989689
INFO  [16:43:45.681] [bbotk] Starting to optimize 1 parameter(s) with '<OptimizerBatchRandomSearch>' and '<TerminatorEvals> [n_evals=3, k=0]'
INFO  [16:43:45.686] [bbotk] Evaluating 1 configuration(s)
INFO  [16:43:45.956] [bbotk] Result of batch 1:
INFO  [16:43:45.958] [bbotk]  num.trees classif.ce warnings errors runtime_learners
INFO  [16:43:45.958] [bbotk]        216  0.1056247        0      0            0.227
INFO  [16:43:45.958] [bbotk]                                 uhash
INFO  [16:43:45.958] [bbotk]  83ab7fa3-b0f7-4825-8e2f-e0077257345b
INFO  [16:43:45.988] [bbotk] Evaluating 1 configuration(s)
INFO  [16:43:46.317] [bbotk] Result of batch 2:
INFO  [16:43:46.318] [bbotk]  num.trees classif.ce warnings errors runtime_learners
INFO  [16:43:46.318] [bbotk]        323  0.1075295        0      0            0.272
INFO  [16:43:46.318] [bbotk]                                 uhash
INFO  [16:43:46.318] [bbotk]  139c38cd-e106-4c63-8f6d-76f166909de6
INFO  [16:43:46.323] [bbotk] Evaluating 1 configuration(s)
INFO  [16:43:46.668] [bbotk] Result of batch 3:
INFO  [16:43:46.669] [bbotk]  num.trees classif.ce warnings errors runtime_learners
INFO  [16:43:46.669] [bbotk]        296  0.1094343        0      0            0.283
INFO  [16:43:46.669] [bbotk]                                 uhash
INFO  [16:43:46.669] [bbotk]  771cae37-29eb-4bad-8bf4-962635a9d313
INFO  [16:43:46.676] [bbotk] Finished optimizing after 3 evaluation(s)
INFO  [16:43:46.676] [bbotk] Result:
INFO  [16:43:46.677] [bbotk]  num.trees learner_param_vals  x_domain classif.ce
INFO  [16:43:46.677] [bbotk]      <int>             <list>    <list>      <num>
INFO  [16:43:46.677] [bbotk]        216          <list[2]> <list[1]>  0.1056247

### [bt]: Job terminated successfully [batchtools job.id=930]
### [bt]: Calculation finished!
