### [bt]: This is batchtools v0.9.17
### [bt]: Starting calculation of 5 jobs
### [bt]: Setting working directory to '/Users/User/Documents/Studium/Semester8/Hiwi/mlr3calibration/vignettes'
### [bt]: Memory measurement disabled
### [bt]: Starting job [batchtools job.id=381]
### [bt]: Generating problem instance for problem '70bd5a65df34c4f3' ...
### [bt]: Applying algorithm 'run_learner' on problem '70bd5a65df34c4f3' for job 381 (seed = 382) ...
INFO  [16:40:44.196] [mlr3] Applying learner 'classif.xgboost.tuned_calib.tunefirst.perfold_isotonic' on task 'kr-vs-kp' (iter 1/10)
Error : <TaskClassif:kr-vs-kp> has the following unsupported feature types: factor
This happened PipeOp classif.xgboost's $train()

### [bt]: Job terminated with an exception [batchtools job.id=381]
### [bt]: Starting job [batchtools job.id=382]
### [bt]: Generating problem instance for problem '70bd5a65df34c4f3' ...
### [bt]: Applying algorithm 'run_learner' on problem '70bd5a65df34c4f3' for job 382 (seed = 383) ...
INFO  [16:40:44.201] [mlr3] Applying learner 'classif.xgboost.tuned_calib.tunefirst.perfold_isotonic' on task 'kr-vs-kp' (iter 2/10)
Error : <TaskClassif:kr-vs-kp> has the following unsupported feature types: factor
This happened PipeOp classif.xgboost's $train()

### [bt]: Job terminated with an exception [batchtools job.id=382]
### [bt]: Starting job [batchtools job.id=383]
### [bt]: Generating problem instance for problem '70bd5a65df34c4f3' ...
### [bt]: Applying algorithm 'run_learner' on problem '70bd5a65df34c4f3' for job 383 (seed = 384) ...
INFO  [16:40:44.218] [mlr3] Applying learner 'classif.xgboost.tuned_calib.tunefirst.perfold_isotonic' on task 'kr-vs-kp' (iter 3/10)
Error : <TaskClassif:kr-vs-kp> has the following unsupported feature types: factor
This happened PipeOp classif.xgboost's $train()

### [bt]: Job terminated with an exception [batchtools job.id=383]
### [bt]: Starting job [batchtools job.id=384]
### [bt]: Generating problem instance for problem '70bd5a65df34c4f3' ...
### [bt]: Applying algorithm 'run_learner' on problem '70bd5a65df34c4f3' for job 384 (seed = 385) ...
INFO  [16:40:44.222] [mlr3] Applying learner 'classif.xgboost.tuned_calib.tunefirst.perfold_isotonic' on task 'kr-vs-kp' (iter 4/10)
Error : <TaskClassif:kr-vs-kp> has the following unsupported feature types: factor
This happened PipeOp classif.xgboost's $train()

### [bt]: Job terminated with an exception [batchtools job.id=384]
### [bt]: Starting job [batchtools job.id=385]
### [bt]: Generating problem instance for problem '70bd5a65df34c4f3' ...
### [bt]: Applying algorithm 'run_learner' on problem '70bd5a65df34c4f3' for job 385 (seed = 386) ...
INFO  [16:40:44.227] [mlr3] Applying learner 'classif.xgboost.tuned_calib.tunefirst.perfold_isotonic' on task 'kr-vs-kp' (iter 5/10)
Error : <TaskClassif:kr-vs-kp> has the following unsupported feature types: factor
This happened PipeOp classif.xgboost's $train()

### [bt]: Job terminated with an exception [batchtools job.id=385]
### [bt]: Calculation finished!
