### [bt]: This is batchtools v0.9.17
### [bt]: Starting calculation of 5 jobs
### [bt]: Setting working directory to '/Users/User/Documents/Studium/Semester8/Hiwi/mlr3calibration/vignettes'
### [bt]: Memory measurement disabled
### [bt]: Starting job [batchtools job.id=3756]
### [bt]: Generating problem instance for problem '01ea4b20a58e68c2' ...
### [bt]: Applying algorithm 'run_learner' on problem '01ea4b20a58e68c2' for job 3756 (seed = 3757) ...
INFO  [17:35:32.609] [mlr3] Applying learner 'classif.ranger.tuned_calib.tunefirst.perfold_beta' on task 'wilt' (iter 6/10)
INFO  [17:35:32.647] [bbotk] Starting to optimize 1 parameter(s) with '<OptimizerBatchRandomSearch>' and '<TerminatorEvals> [n_evals=3, k=0]'
INFO  [17:35:32.660] [bbotk] Evaluating 1 configuration(s)
INFO  [17:35:33.818] [bbotk] Result of batch 1:
INFO  [17:35:33.819] [bbotk]  num.trees classif.ce warnings errors runtime_learners
INFO  [17:35:33.819] [bbotk]        381   0.018599        0      0            1.123
INFO  [17:35:33.819] [bbotk]                                 uhash
INFO  [17:35:33.819] [bbotk]  bf29d154-edee-4db6-9079-bd1e2b4c6ede
INFO  [17:35:33.821] [bbotk] Evaluating 1 configuration(s)
INFO  [17:35:34.489] [bbotk] Result of batch 2:
INFO  [17:35:34.490] [bbotk]  num.trees classif.ce warnings errors runtime_learners
INFO  [17:35:34.490] [bbotk]        226  0.0181397        0      0             0.63
INFO  [17:35:34.490] [bbotk]                                 uhash
INFO  [17:35:34.490] [bbotk]  415982ce-df73-4805-857a-5f379f5c6d5e
INFO  [17:35:34.492] [bbotk] Evaluating 1 configuration(s)
INFO  [17:35:35.577] [bbotk] Result of batch 3:
INFO  [17:35:35.579] [bbotk]  num.trees classif.ce warnings errors runtime_learners
INFO  [17:35:35.579] [bbotk]        347 0.01928786        0      0            1.043
INFO  [17:35:35.579] [bbotk]                                 uhash
INFO  [17:35:35.579] [bbotk]  c412b1b0-69fd-400a-bccc-9f8807ead372
INFO  [17:35:35.598] [bbotk] Finished optimizing after 3 evaluation(s)
INFO  [17:35:35.598] [bbotk] Result:
INFO  [17:35:35.599] [bbotk]  num.trees learner_param_vals  x_domain classif.ce
INFO  [17:35:35.599] [bbotk]      <int>             <list>    <list>      <num>
INFO  [17:35:35.599] [bbotk]        226          <list[2]> <list[1]>  0.0181397
Warning: glm.fit: fitted probabilities numerically 0 or 1 occurred
This happened PipeOp classif.ranger's $train()
[1] -40.50368
[1] 80.9234
Warning: glm.fit: fitted probabilities numerically 0 or 1 occurred
This happened PipeOp classif.ranger's $train()
[1] -101.5939
[1] 59.5167
Warning: glm.fit: fitted probabilities numerically 0 or 1 occurred
This happened PipeOp classif.ranger's $train()
[1] -357.899
[1] -2.605071
Warning: glm.fit: fitted probabilities numerically 0 or 1 occurred
This happened PipeOp classif.ranger's $train()
[1] -37.8266
[1] 65.93926
Warning: glm.fit: fitted probabilities numerically 0 or 1 occurred
This happened PipeOp classif.ranger's $train()
[1] -79.35148
[1] 63.25566

### [bt]: Job terminated successfully [batchtools job.id=3756]
### [bt]: Starting job [batchtools job.id=3757]
### [bt]: Generating problem instance for problem '01ea4b20a58e68c2' ...
### [bt]: Applying algorithm 'run_learner' on problem '01ea4b20a58e68c2' for job 3757 (seed = 3758) ...
INFO  [17:35:38.057] [mlr3] Applying learner 'classif.ranger.tuned_calib.tunefirst.perfold_beta' on task 'wilt' (iter 7/10)
INFO  [17:35:38.145] [bbotk] Starting to optimize 1 parameter(s) with '<OptimizerBatchRandomSearch>' and '<TerminatorEvals> [n_evals=3, k=0]'
INFO  [17:35:38.151] [bbotk] Evaluating 1 configuration(s)
INFO  [17:35:38.839] [bbotk] Result of batch 1:
INFO  [17:35:38.840] [bbotk]  num.trees classif.ce warnings errors runtime_learners
INFO  [17:35:38.840] [bbotk]        213 0.01837038        0      0            0.617
INFO  [17:35:38.840] [bbotk]                                 uhash
INFO  [17:35:38.840] [bbotk]  2f7d5d23-9bde-4004-8943-98c197fe41d2
INFO  [17:35:38.842] [bbotk] Evaluating 1 configuration(s)
INFO  [17:35:39.643] [bbotk] Result of batch 2:
INFO  [17:35:39.644] [bbotk]  num.trees classif.ce warnings errors runtime_learners
INFO  [17:35:39.644] [bbotk]        271 0.01814097        0      0            0.765
INFO  [17:35:39.644] [bbotk]                                 uhash
INFO  [17:35:39.644] [bbotk]  5f5adfb1-c48e-41bb-b135-c746bf65cacd
INFO  [17:35:39.647] [bbotk] Evaluating 1 configuration(s)
INFO  [17:35:40.229] [bbotk] Result of batch 3:
INFO  [17:35:40.230] [bbotk]  num.trees classif.ce warnings errors runtime_learners
INFO  [17:35:40.230] [bbotk]        195  0.0174521        0      0            0.546
INFO  [17:35:40.230] [bbotk]                                 uhash
INFO  [17:35:40.230] [bbotk]  13db9bba-7a46-4791-b7b9-0498c2bbdf2a
INFO  [17:35:40.238] [bbotk] Finished optimizing after 3 evaluation(s)
INFO  [17:35:40.238] [bbotk] Result:
INFO  [17:35:40.239] [bbotk]  num.trees learner_param_vals  x_domain classif.ce
INFO  [17:35:40.239] [bbotk]      <int>             <list>    <list>      <num>
INFO  [17:35:40.239] [bbotk]        195          <list[2]> <list[1]>  0.0174521
[1] -191.3134
[1] 24.03809
[1] -211.7587
[1] 22.98792
Warning: glm.fit: fitted probabilities numerically 0 or 1 occurred
This happened PipeOp classif.ranger's $train()
[1] 2.01365
[1] 101.5736
[1] -173.2594
[1] -0.5374021
[1] -173.394
[1] 19.26586

### [bt]: Job terminated successfully [batchtools job.id=3757]
### [bt]: Starting job [batchtools job.id=3758]
### [bt]: Generating problem instance for problem '01ea4b20a58e68c2' ...
### [bt]: Applying algorithm 'run_learner' on problem '01ea4b20a58e68c2' for job 3758 (seed = 3759) ...
INFO  [17:35:42.090] [mlr3] Applying learner 'classif.ranger.tuned_calib.tunefirst.perfold_beta' on task 'wilt' (iter 8/10)
INFO  [17:35:42.155] [bbotk] Starting to optimize 1 parameter(s) with '<OptimizerBatchRandomSearch>' and '<TerminatorEvals> [n_evals=3, k=0]'
INFO  [17:35:42.167] [bbotk] Evaluating 1 configuration(s)
INFO  [17:35:43.064] [bbotk] Result of batch 1:
INFO  [17:35:43.065] [bbotk]  num.trees classif.ce warnings errors runtime_learners
INFO  [17:35:43.065] [bbotk]        269 0.01882793        0      0            0.845
INFO  [17:35:43.065] [bbotk]                                 uhash
INFO  [17:35:43.065] [bbotk]  6330ca35-f2fe-46fd-a7b9-0638c4f74331
INFO  [17:35:43.067] [bbotk] Evaluating 1 configuration(s)
INFO  [17:35:43.773] [bbotk] Result of batch 2:
INFO  [17:35:43.775] [bbotk]  num.trees classif.ce warnings errors runtime_learners
INFO  [17:35:43.775] [bbotk]        243 0.01905782        0      0            0.674
INFO  [17:35:43.775] [bbotk]                                 uhash
INFO  [17:35:43.775] [bbotk]  3d9d88bd-10ce-4b27-bafc-f106ddcda1aa
INFO  [17:35:43.779] [bbotk] Evaluating 1 configuration(s)
INFO  [17:35:44.508] [bbotk] Result of batch 3:
INFO  [17:35:44.510] [bbotk]  num.trees classif.ce warnings errors runtime_learners
INFO  [17:35:44.510] [bbotk]        229 0.01882825        0      0            0.683
INFO  [17:35:44.510] [bbotk]                                 uhash
INFO  [17:35:44.510] [bbotk]  19a34a17-f3c9-47da-8229-0faf0729e830
INFO  [17:35:44.517] [bbotk] Finished optimizing after 3 evaluation(s)
INFO  [17:35:44.517] [bbotk] Result:
INFO  [17:35:44.518] [bbotk]  num.trees learner_param_vals  x_domain classif.ce
INFO  [17:35:44.518] [bbotk]      <int>             <list>    <list>      <num>
INFO  [17:35:44.518] [bbotk]        269          <list[2]> <list[1]> 0.01882793
[1] -182.7963
[1] -0.04046595
Warning: glm.fit: fitted probabilities numerically 0 or 1 occurred
This happened PipeOp classif.ranger's $train()
[1] -62.13567
[1] 50.51583
Warning: glm.fit: fitted probabilities numerically 0 or 1 occurred
This happened PipeOp classif.ranger's $train()
[1] -195.5123
[1] 26.75991
Warning: glm.fit: fitted probabilities numerically 0 or 1 occurred
This happened PipeOp classif.ranger's $train()
[1] -70.39989
[1] 68.13916
Warning: glm.fit: fitted probabilities numerically 0 or 1 occurred
This happened PipeOp classif.ranger's $train()
[1] -38.8117
[1] 63.02833

### [bt]: Job terminated successfully [batchtools job.id=3758]
### [bt]: Starting job [batchtools job.id=3759]
### [bt]: Generating problem instance for problem '01ea4b20a58e68c2' ...
### [bt]: Applying algorithm 'run_learner' on problem '01ea4b20a58e68c2' for job 3759 (seed = 3760) ...
INFO  [17:35:47.026] [mlr3] Applying learner 'classif.ranger.tuned_calib.tunefirst.perfold_beta' on task 'wilt' (iter 9/10)
INFO  [17:35:47.140] [bbotk] Starting to optimize 1 parameter(s) with '<OptimizerBatchRandomSearch>' and '<TerminatorEvals> [n_evals=3, k=0]'
INFO  [17:35:47.150] [bbotk] Evaluating 1 configuration(s)
INFO  [17:35:47.683] [bbotk] Result of batch 1:
INFO  [17:35:47.684] [bbotk]  num.trees classif.ce warnings errors runtime_learners
INFO  [17:35:47.684] [bbotk]        162  0.0192877        0      0            0.478
INFO  [17:35:47.684] [bbotk]                                 uhash
INFO  [17:35:47.684] [bbotk]  8c6415f8-4f6a-4f40-b530-6da394b3fa6b
INFO  [17:35:47.687] [bbotk] Evaluating 1 configuration(s)
INFO  [17:35:49.377] [bbotk] Result of batch 2:
INFO  [17:35:49.378] [bbotk]  num.trees classif.ce warnings errors runtime_learners
INFO  [17:35:49.378] [bbotk]        500 0.01767993        0      0             1.66
INFO  [17:35:49.378] [bbotk]                                 uhash
INFO  [17:35:49.378] [bbotk]  02531af0-a237-4e0f-a413-abac97442552
INFO  [17:35:49.380] [bbotk] Evaluating 1 configuration(s)
INFO  [17:35:50.538] [bbotk] Result of batch 3:
INFO  [17:35:50.539] [bbotk]  num.trees classif.ce warnings errors runtime_learners
INFO  [17:35:50.539] [bbotk]        370 0.01790966        0      0            1.118
INFO  [17:35:50.539] [bbotk]                                 uhash
INFO  [17:35:50.539] [bbotk]  f3cc0fcd-12a9-47fb-9e02-e4398b68fe56
INFO  [17:35:50.546] [bbotk] Finished optimizing after 3 evaluation(s)
INFO  [17:35:50.546] [bbotk] Result:
INFO  [17:35:50.547] [bbotk]  num.trees learner_param_vals  x_domain classif.ce
INFO  [17:35:50.547] [bbotk]      <int>             <list>    <list>      <num>
INFO  [17:35:50.547] [bbotk]        500          <list[2]> <list[1]> 0.01767993
Warning: glm.fit: fitted probabilities numerically 0 or 1 occurred
This happened PipeOp classif.ranger's $train()
[1] -66.91747
[1] 57.44953
Warning: glm.fit: fitted probabilities numerically 0 or 1 occurred
This happened PipeOp classif.ranger's $train()
[1] -367.9969
[1] -4.469125
Warning: glm.fit: fitted probabilities numerically 0 or 1 occurred
This happened PipeOp classif.ranger's $train()
[1] -58.60716
[1] 78.61862
[1] -226.6513
[1] 2.439483
Warning: glm.fit: fitted probabilities numerically 0 or 1 occurred
This happened PipeOp classif.ranger's $train()
[1] -63.27404
[1] 47.4173

### [bt]: Job terminated successfully [batchtools job.id=3759]
### [bt]: Starting job [batchtools job.id=3760]
### [bt]: Generating problem instance for problem '01ea4b20a58e68c2' ...
### [bt]: Applying algorithm 'run_learner' on problem '01ea4b20a58e68c2' for job 3760 (seed = 3761) ...
INFO  [17:35:55.503] [mlr3] Applying learner 'classif.ranger.tuned_calib.tunefirst.perfold_beta' on task 'wilt' (iter 10/10)
INFO  [17:35:55.543] [bbotk] Starting to optimize 1 parameter(s) with '<OptimizerBatchRandomSearch>' and '<TerminatorEvals> [n_evals=3, k=0]'
INFO  [17:35:55.549] [bbotk] Evaluating 1 configuration(s)
INFO  [17:35:56.983] [bbotk] Result of batch 1:
INFO  [17:35:56.984] [bbotk]  num.trees classif.ce warnings errors runtime_learners
INFO  [17:35:56.984] [bbotk]        500 0.02066116        0      0            1.396
INFO  [17:35:56.984] [bbotk]                                 uhash
INFO  [17:35:56.984] [bbotk]  e8c13805-e55b-4a13-bdff-8ab8d1a59a3a
INFO  [17:35:56.990] [bbotk] Evaluating 1 configuration(s)
INFO  [17:35:57.730] [bbotk] Result of batch 2:
INFO  [17:35:57.731] [bbotk]  num.trees classif.ce warnings errors runtime_learners
INFO  [17:35:57.731] [bbotk]        249 0.02066116        0      0            0.708
INFO  [17:35:57.731] [bbotk]                                 uhash
INFO  [17:35:57.731] [bbotk]  2b9d0d04-85ad-440a-ba3a-8ca08641ea97
INFO  [17:35:57.733] [bbotk] Evaluating 1 configuration(s)
INFO  [17:35:59.026] [bbotk] Result of batch 3:
INFO  [17:35:59.027] [bbotk]  num.trees classif.ce warnings errors runtime_learners
INFO  [17:35:59.027] [bbotk]        469 0.02157943        0      0            1.251
INFO  [17:35:59.027] [bbotk]                                 uhash
INFO  [17:35:59.027] [bbotk]  d7ac008e-4328-41cc-90a1-efc839ac006e
INFO  [17:35:59.034] [bbotk] Finished optimizing after 3 evaluation(s)
INFO  [17:35:59.034] [bbotk] Result:
INFO  [17:35:59.035] [bbotk]  num.trees learner_param_vals  x_domain classif.ce
INFO  [17:35:59.035] [bbotk]      <int>             <list>    <list>      <num>
INFO  [17:35:59.035] [bbotk]        500          <list[2]> <list[1]> 0.02066116
Warning: glm.fit: fitted probabilities numerically 0 or 1 occurred
This happened PipeOp classif.ranger's $train()
[1] -49.82569
[1] 54.22964
Warning: glm.fit: fitted probabilities numerically 0 or 1 occurred
This happened PipeOp classif.ranger's $train()
[1] -38.55365
[1] 47.05997
Warning: glm.fit: fitted probabilities numerically 0 or 1 occurred
This happened PipeOp classif.ranger's $train()
[1] -77.00776
[1] 52.1026
Warning: glm.fit: fitted probabilities numerically 0 or 1 occurred
This happened PipeOp classif.ranger's $train()
[1] -34.71971
[1] 90.68247
Warning: glm.fit: fitted probabilities numerically 0 or 1 occurred
This happened PipeOp classif.ranger's $train()
[1] -110.2184
[1] 55.3648

### [bt]: Job terminated successfully [batchtools job.id=3760]
### [bt]: Calculation finished!
