### [bt]: This is batchtools v0.9.17
### [bt]: Starting calculation of 5 jobs
### [bt]: Setting working directory to '/Users/User/Documents/Studium/Semester8/Hiwi/mlr3calibration/vignettes'
### [bt]: Memory measurement disabled
### [bt]: Starting job [batchtools job.id=3851]
### [bt]: Generating problem instance for problem '01ea4b20a58e68c2' ...
### [bt]: Applying algorithm 'run_learner' on problem '01ea4b20a58e68c2' for job 3851 (seed = 3852) ...
INFO  [17:38:30.930] [mlr3] Applying learner 'classif.xgboost.tuned_calib.tunefirst.oof_beta' on task 'wilt' (iter 1/10)
INFO  [17:38:30.977] [bbotk] Starting to optimize 3 parameter(s) with '<OptimizerBatchRandomSearch>' and '<TerminatorEvals> [n_evals=10, k=0]'
INFO  [17:38:30.999] [bbotk] Evaluating 1 configuration(s)
INFO  [17:38:31.521] [bbotk] Result of batch 1:
INFO  [17:38:31.523] [bbotk]  nrounds       eta max_depth classif.ce warnings errors runtime_learners
INFO  [17:38:31.523] [bbotk]      149 0.1034532         3  0.0142372        0      0            0.457
INFO  [17:38:31.523] [bbotk]                                 uhash
INFO  [17:38:31.523] [bbotk]  31979a24-145e-4a99-be5b-0d9e7e4c9e7a
INFO  [17:38:31.527] [bbotk] Evaluating 1 configuration(s)
INFO  [17:38:31.912] [bbotk] Result of batch 2:
INFO  [17:38:31.913] [bbotk]  nrounds        eta max_depth classif.ce warnings errors runtime_learners
INFO  [17:38:31.913] [bbotk]      135 0.07338302         2 0.01791077        0      0             0.33
INFO  [17:38:31.913] [bbotk]                                 uhash
INFO  [17:38:31.913] [bbotk]  8b570fc7-0ee3-4826-aff5-e43215173549
INFO  [17:38:31.919] [bbotk] Evaluating 1 configuration(s)
INFO  [17:38:32.169] [bbotk] Result of batch 3:
INFO  [17:38:32.172] [bbotk]  nrounds       eta max_depth classif.ce warnings errors runtime_learners
INFO  [17:38:32.172] [bbotk]       96 0.2601958         2 0.01515484        0      0            0.196
INFO  [17:38:32.172] [bbotk]                                 uhash
INFO  [17:38:32.172] [bbotk]  1140ded6-6525-48b8-ad71-91a561e4de2a
INFO  [17:38:32.180] [bbotk] Evaluating 1 configuration(s)
INFO  [17:38:33.112] [bbotk] Result of batch 4:
INFO  [17:38:33.115] [bbotk]  nrounds       eta max_depth classif.ce warnings errors runtime_learners
INFO  [17:38:33.115] [bbotk]      249 0.1847052        10 0.01400731        0      0            0.889
INFO  [17:38:33.115] [bbotk]                                 uhash
INFO  [17:38:33.115] [bbotk]  bedfb187-b917-42c6-a460-c574a30dd7d8
INFO  [17:38:33.127] [bbotk] Evaluating 1 configuration(s)
INFO  [17:38:33.968] [bbotk] Result of batch 5:
INFO  [17:38:33.970] [bbotk]  nrounds       eta max_depth classif.ce warnings errors runtime_learners
INFO  [17:38:33.970] [bbotk]      223 0.2074816         6 0.01469602        0      0            0.794
INFO  [17:38:33.970] [bbotk]                                 uhash
INFO  [17:38:33.970] [bbotk]  9911d3ec-4d05-44fd-bf4d-229a424ffcf9
INFO  [17:38:33.983] [bbotk] Evaluating 1 configuration(s)
INFO  [17:38:34.588] [bbotk] Result of batch 6:
INFO  [17:38:34.590] [bbotk]  nrounds        eta max_depth classif.ce warnings errors runtime_learners
INFO  [17:38:34.590] [bbotk]      262 0.03224912         2 0.01928849        0      0            0.555
INFO  [17:38:34.590] [bbotk]                                 uhash
INFO  [17:38:34.590] [bbotk]  09bab25b-3ecd-410f-8040-073e84720b21
INFO  [17:38:34.597] [bbotk] Evaluating 1 configuration(s)
INFO  [17:38:35.707] [bbotk] Result of batch 7:
INFO  [17:38:35.708] [bbotk]  nrounds        eta max_depth classif.ce warnings errors runtime_learners
INFO  [17:38:35.708] [bbotk]      232 0.09469893         8 0.01423688        0      0             1.08
INFO  [17:38:35.708] [bbotk]                                 uhash
INFO  [17:38:35.708] [bbotk]  35ac487e-6e72-4923-8fd9-6d7b38627cef
INFO  [17:38:35.712] [bbotk] Evaluating 1 configuration(s)
INFO  [17:38:36.321] [bbotk] Result of batch 8:
INFO  [17:38:36.321] [bbotk]  nrounds       eta max_depth classif.ce warnings errors runtime_learners
INFO  [17:38:36.321] [bbotk]      123 0.1336105         5 0.01400731        0      0            0.574
INFO  [17:38:36.321] [bbotk]                                 uhash
INFO  [17:38:36.321] [bbotk]  4a99e438-38ba-4dfd-a111-c730dc6bfca4
INFO  [17:38:36.334] [bbotk] Evaluating 1 configuration(s)
INFO  [17:38:36.869] [bbotk] Result of batch 9:
INFO  [17:38:36.870] [bbotk]  nrounds       eta max_depth classif.ce warnings errors runtime_learners
INFO  [17:38:36.870] [bbotk]       94 0.1648681         6 0.01446661        0      0            0.499
INFO  [17:38:36.870] [bbotk]                                 uhash
INFO  [17:38:36.870] [bbotk]  33ad12d3-5e3c-43f2-a10c-7f947e66e8cf
INFO  [17:38:36.880] [bbotk] Evaluating 1 configuration(s)
INFO  [17:38:37.316] [bbotk] Result of batch 10:
INFO  [17:38:37.317] [bbotk]  nrounds      eta max_depth classif.ce warnings errors runtime_learners
INFO  [17:38:37.317] [bbotk]      171 0.246498         2 0.01400715        0      0            0.374
INFO  [17:38:37.317] [bbotk]                                 uhash
INFO  [17:38:37.317] [bbotk]  02d0fb8f-27fa-49e6-8ea9-9a994dd3c19d
INFO  [17:38:37.327] [bbotk] Finished optimizing after 10 evaluation(s)
INFO  [17:38:37.328] [bbotk] Result:
INFO  [17:38:37.329] [bbotk]  nrounds      eta max_depth learner_param_vals  x_domain classif.ce
INFO  [17:38:37.329] [bbotk]    <int>    <num>     <int>             <list>    <list>      <num>
INFO  [17:38:37.329] [bbotk]      171 0.246498         2          <list[5]> <list[3]> 0.01400715
[1] -23.7157
[1] 37.28876

### [bt]: Job terminated successfully [batchtools job.id=3851]
### [bt]: Starting job [batchtools job.id=3852]
### [bt]: Generating problem instance for problem '01ea4b20a58e68c2' ...
### [bt]: Applying algorithm 'run_learner' on problem '01ea4b20a58e68c2' for job 3852 (seed = 3853) ...
INFO  [17:38:38.321] [mlr3] Applying learner 'classif.xgboost.tuned_calib.tunefirst.oof_beta' on task 'wilt' (iter 2/10)
INFO  [17:38:38.370] [bbotk] Starting to optimize 3 parameter(s) with '<OptimizerBatchRandomSearch>' and '<TerminatorEvals> [n_evals=10, k=0]'
INFO  [17:38:38.387] [bbotk] Evaluating 1 configuration(s)
INFO  [17:38:38.994] [bbotk] Result of batch 1:
INFO  [17:38:38.996] [bbotk]  nrounds       eta max_depth classif.ce warnings errors runtime_learners
INFO  [17:38:38.996] [bbotk]      129 0.1834092         8 0.01515436        0      0            0.567
INFO  [17:38:38.996] [bbotk]                                 uhash
INFO  [17:38:38.996] [bbotk]  60a8070d-dea6-4f4c-9a55-5952d8814657
INFO  [17:38:39.004] [bbotk] Evaluating 1 configuration(s)
INFO  [17:38:39.670] [bbotk] Result of batch 2:
INFO  [17:38:39.672] [bbotk]  nrounds       eta max_depth classif.ce warnings errors runtime_learners
INFO  [17:38:39.672] [bbotk]      183 0.2128395         5 0.01492479        0      0            0.629
INFO  [17:38:39.672] [bbotk]                                 uhash
INFO  [17:38:39.672] [bbotk]  2c659b94-a48e-4e08-9ed2-dd8e315a7231
INFO  [17:38:39.676] [bbotk] Evaluating 1 configuration(s)
INFO  [17:38:40.284] [bbotk] Result of batch 3:
INFO  [17:38:40.286] [bbotk]  nrounds       eta max_depth classif.ce warnings errors runtime_learners
INFO  [17:38:40.286] [bbotk]      160 0.1973107         5 0.01446566        0      0            0.571
INFO  [17:38:40.286] [bbotk]                                 uhash
INFO  [17:38:40.286] [bbotk]  4ffa7de5-8d52-4640-9362-00035a1cf9ca
INFO  [17:38:40.293] [bbotk] Evaluating 1 configuration(s)
INFO  [17:38:41.230] [bbotk] Result of batch 4:
INFO  [17:38:41.232] [bbotk]  nrounds        eta max_depth classif.ce warnings errors runtime_learners
INFO  [17:38:41.232] [bbotk]      245 0.09452072         4 0.01584323        0      0            0.896
INFO  [17:38:41.232] [bbotk]                                 uhash
INFO  [17:38:41.232] [bbotk]  9f48842f-b35e-49f2-9437-33f8162d5aad
INFO  [17:38:41.241] [bbotk] Evaluating 1 configuration(s)
INFO  [17:38:42.021] [bbotk] Result of batch 5:
INFO  [17:38:42.022] [bbotk]  nrounds       eta max_depth classif.ce warnings errors runtime_learners
INFO  [17:38:42.022] [bbotk]      295 0.2579987         3 0.01538425        0      0            0.737
INFO  [17:38:42.022] [bbotk]                                 uhash
INFO  [17:38:42.022] [bbotk]  0b5d24c7-f4de-4661-9844-b5e62e1a0c77
INFO  [17:38:42.026] [bbotk] Evaluating 1 configuration(s)
INFO  [17:38:42.441] [bbotk] Result of batch 6:
INFO  [17:38:42.442] [bbotk]  nrounds      eta max_depth classif.ce warnings errors runtime_learners
INFO  [17:38:42.442] [bbotk]       67 0.255352         9 0.01515436        0      0            0.358
INFO  [17:38:42.442] [bbotk]                                 uhash
INFO  [17:38:42.442] [bbotk]  dd0c2018-78f8-404e-876f-3f1726717bdd
INFO  [17:38:42.448] [bbotk] Evaluating 1 configuration(s)
INFO  [17:38:43.235] [bbotk] Result of batch 7:
INFO  [17:38:43.236] [bbotk]  nrounds       eta max_depth classif.ce warnings errors runtime_learners
INFO  [17:38:43.236] [bbotk]      299 0.2952337         8 0.01492495        0      0            0.756
INFO  [17:38:43.236] [bbotk]                                 uhash
INFO  [17:38:43.236] [bbotk]  3ec9a712-c0aa-4fd2-b1ee-7b2ef20af81a
INFO  [17:38:43.241] [bbotk] Evaluating 1 configuration(s)
INFO  [17:38:44.183] [bbotk] Result of batch 8:
INFO  [17:38:44.185] [bbotk]  nrounds        eta max_depth classif.ce warnings errors runtime_learners
INFO  [17:38:44.185] [bbotk]      170 0.08401277        10 0.01538409        0      0            0.897
INFO  [17:38:44.185] [bbotk]                                 uhash
INFO  [17:38:44.185] [bbotk]  e203c8f7-4149-4f82-bc85-57126114bb87
INFO  [17:38:44.192] [bbotk] Evaluating 1 configuration(s)
INFO  [17:38:45.001] [bbotk] Result of batch 9:
INFO  [17:38:45.005] [bbotk]  nrounds       eta max_depth classif.ce warnings errors runtime_learners
INFO  [17:38:45.005] [bbotk]      267 0.1243898         3 0.01538393        0      0            0.769
INFO  [17:38:45.005] [bbotk]                                 uhash
INFO  [17:38:45.005] [bbotk]  5158aa3e-f68b-4f44-aa1c-e7538c50b9bd
INFO  [17:38:45.016] [bbotk] Evaluating 1 configuration(s)
INFO  [17:38:45.701] [bbotk] Result of batch 10:
INFO  [17:38:45.706] [bbotk]  nrounds       eta max_depth classif.ce warnings errors runtime_learners
INFO  [17:38:45.706] [bbotk]      159 0.1844646         4 0.01515452        0      0            0.642
INFO  [17:38:45.706] [bbotk]                                 uhash
INFO  [17:38:45.706] [bbotk]  2a0acf72-8d72-4236-b355-0dd2f9af2297
INFO  [17:38:45.723] [bbotk] Finished optimizing after 10 evaluation(s)
INFO  [17:38:45.723] [bbotk] Result:
INFO  [17:38:45.724] [bbotk]  nrounds       eta max_depth learner_param_vals  x_domain classif.ce
INFO  [17:38:45.724] [bbotk]    <int>     <num>     <int>             <list>    <list>      <num>
INFO  [17:38:45.724] [bbotk]      160 0.1973107         5          <list[5]> <list[3]> 0.01446566
[1] -19.40512
[1] 29.50447

### [bt]: Job terminated successfully [batchtools job.id=3852]
### [bt]: Starting job [batchtools job.id=3853]
### [bt]: Generating problem instance for problem '01ea4b20a58e68c2' ...
### [bt]: Applying algorithm 'run_learner' on problem '01ea4b20a58e68c2' for job 3853 (seed = 3854) ...
INFO  [17:38:47.364] [mlr3] Applying learner 'classif.xgboost.tuned_calib.tunefirst.oof_beta' on task 'wilt' (iter 3/10)
INFO  [17:38:47.428] [bbotk] Starting to optimize 3 parameter(s) with '<OptimizerBatchRandomSearch>' and '<TerminatorEvals> [n_evals=10, k=0]'
INFO  [17:38:47.443] [bbotk] Evaluating 1 configuration(s)
INFO  [17:38:47.899] [bbotk] Result of batch 1:
INFO  [17:38:47.900] [bbotk]  nrounds       eta max_depth classif.ce warnings errors runtime_learners
INFO  [17:38:47.900] [bbotk]       81 0.2513978         6 0.01469538        0      0            0.418
INFO  [17:38:47.900] [bbotk]                                 uhash
INFO  [17:38:47.900] [bbotk]  dae5cc76-450d-41db-ae58-c4094fb96165
INFO  [17:38:47.905] [bbotk] Evaluating 1 configuration(s)
INFO  [17:38:48.665] [bbotk] Result of batch 2:
INFO  [17:38:48.666] [bbotk]  nrounds       eta max_depth classif.ce warnings errors runtime_learners
INFO  [17:38:48.666] [bbotk]      144 0.1401143        10 0.01446613        0      0            0.696
INFO  [17:38:48.666] [bbotk]                                 uhash
INFO  [17:38:48.666] [bbotk]  07ec77d0-9cb6-4a68-85f3-0d7cf04d9ae9
INFO  [17:38:48.669] [bbotk] Evaluating 1 configuration(s)
INFO  [17:38:49.267] [bbotk] Result of batch 3:
INFO  [17:38:49.268] [bbotk]  nrounds       eta max_depth classif.ce warnings errors runtime_learners
INFO  [17:38:49.268] [bbotk]      136 0.1844451         8 0.01377711        0      0            0.547
INFO  [17:38:49.268] [bbotk]                                 uhash
INFO  [17:38:49.268] [bbotk]  bb1b224c-9f34-448f-8a17-f198187659b2
INFO  [17:38:49.274] [bbotk] Evaluating 1 configuration(s)
INFO  [17:38:50.161] [bbotk] Result of batch 4:
INFO  [17:38:50.162] [bbotk]  nrounds       eta max_depth classif.ce warnings errors runtime_learners
INFO  [17:38:50.162] [bbotk]      157 0.1000553         7  0.0146957        0      0            0.836
INFO  [17:38:50.162] [bbotk]                                 uhash
INFO  [17:38:50.162] [bbotk]  8d452f44-c300-474f-867b-f5d6ad3de2c9
INFO  [17:38:50.169] [bbotk] Evaluating 1 configuration(s)
INFO  [17:38:51.099] [bbotk] Result of batch 5:
INFO  [17:38:51.100] [bbotk]  nrounds       eta max_depth classif.ce warnings errors runtime_learners
INFO  [17:38:51.100] [bbotk]      296 0.2670363         6 0.01538425        0      0            0.881
INFO  [17:38:51.100] [bbotk]                                 uhash
INFO  [17:38:51.100] [bbotk]  762c709b-eecc-4b54-8066-3426943946d1
INFO  [17:38:51.104] [bbotk] Evaluating 1 configuration(s)
INFO  [17:38:51.363] [bbotk] Result of batch 6:
INFO  [17:38:51.364] [bbotk]  nrounds       eta max_depth classif.ce warnings errors runtime_learners
INFO  [17:38:51.364] [bbotk]       71 0.2274414         3 0.01446566        0      0            0.216
INFO  [17:38:51.364] [bbotk]                                 uhash
INFO  [17:38:51.364] [bbotk]  77ab7e63-6bd3-4704-972d-0aa7efaebe88
INFO  [17:38:51.368] [bbotk] Evaluating 1 configuration(s)
INFO  [17:38:51.552] [bbotk] Result of batch 7:
INFO  [17:38:51.555] [bbotk]  nrounds        eta max_depth classif.ce warnings errors runtime_learners
INFO  [17:38:51.555] [bbotk]       80 0.03346628         2 0.02801431        0      0            0.135
INFO  [17:38:51.555] [bbotk]                                 uhash
INFO  [17:38:51.555] [bbotk]  01a2e017-682e-43b2-839a-2c7da73705d7
INFO  [17:38:51.567] [bbotk] Evaluating 1 configuration(s)
INFO  [17:38:52.020] [bbotk] Result of batch 8:
INFO  [17:38:52.022] [bbotk]  nrounds        eta max_depth classif.ce warnings errors runtime_learners
INFO  [17:38:52.022] [bbotk]       92 0.06083976         5 0.01561366        0      0             0.41
INFO  [17:38:52.022] [bbotk]                                 uhash
INFO  [17:38:52.022] [bbotk]  6a2cbec6-b87c-4ff2-804e-aaae8bb4d27e
INFO  [17:38:52.034] [bbotk] Evaluating 1 configuration(s)
INFO  [17:38:52.933] [bbotk] Result of batch 9:
INFO  [17:38:52.933] [bbotk]  nrounds       eta max_depth classif.ce warnings errors runtime_learners
INFO  [17:38:52.933] [bbotk]      181 0.1224448        10  0.0146957        0      0            0.838
INFO  [17:38:52.933] [bbotk]                                 uhash
INFO  [17:38:52.933] [bbotk]  59f59093-f083-4690-936d-94b0fbfad069
INFO  [17:38:52.937] [bbotk] Evaluating 1 configuration(s)
INFO  [17:38:54.069] [bbotk] Result of batch 10:
INFO  [17:38:54.070] [bbotk]  nrounds        eta max_depth classif.ce warnings errors runtime_learners
INFO  [17:38:54.070] [bbotk]      226 0.02122623         6 0.01492511        0      0            1.085
INFO  [17:38:54.070] [bbotk]                                 uhash
INFO  [17:38:54.070] [bbotk]  666d47c3-e667-4d65-ac07-222eebe6ada6
INFO  [17:38:54.079] [bbotk] Finished optimizing after 10 evaluation(s)
INFO  [17:38:54.079] [bbotk] Result:
INFO  [17:38:54.080] [bbotk]  nrounds       eta max_depth learner_param_vals  x_domain classif.ce
INFO  [17:38:54.080] [bbotk]    <int>     <num>     <int>             <list>    <list>      <num>
INFO  [17:38:54.080] [bbotk]      136 0.1844451         8          <list[5]> <list[3]> 0.01377711
[1] -11.32632
[1] 34.66568

### [bt]: Job terminated successfully [batchtools job.id=3853]
### [bt]: Starting job [batchtools job.id=3854]
### [bt]: Generating problem instance for problem '01ea4b20a58e68c2' ...
### [bt]: Applying algorithm 'run_learner' on problem '01ea4b20a58e68c2' for job 3854 (seed = 3855) ...
INFO  [17:38:55.806] [mlr3] Applying learner 'classif.xgboost.tuned_calib.tunefirst.oof_beta' on task 'wilt' (iter 4/10)
INFO  [17:38:55.852] [bbotk] Starting to optimize 3 parameter(s) with '<OptimizerBatchRandomSearch>' and '<TerminatorEvals> [n_evals=10, k=0]'
INFO  [17:38:55.863] [bbotk] Evaluating 1 configuration(s)
INFO  [17:38:56.788] [bbotk] Result of batch 1:
INFO  [17:38:56.792] [bbotk]  nrounds        eta max_depth classif.ce warnings errors runtime_learners
INFO  [17:38:56.792] [bbotk]      134 0.03105112         8 0.01538441        0      0            0.882
INFO  [17:38:56.792] [bbotk]                                 uhash
INFO  [17:38:56.792] [bbotk]  8a2ec70e-32bb-4127-9ea9-72952e966d29
INFO  [17:38:56.802] [bbotk] Evaluating 1 configuration(s)
INFO  [17:38:57.345] [bbotk] Result of batch 2:
INFO  [17:38:57.346] [bbotk]  nrounds       eta max_depth classif.ce warnings errors runtime_learners
INFO  [17:38:57.346] [bbotk]      130 0.2043552         4 0.01538472        0      0             0.49
INFO  [17:38:57.346] [bbotk]                                 uhash
INFO  [17:38:57.346] [bbotk]  408c8e0a-e77b-40cf-a78d-b6541d7f5eec
INFO  [17:38:57.351] [bbotk] Evaluating 1 configuration(s)
INFO  [17:38:58.179] [bbotk] Result of batch 3:
INFO  [17:38:58.180] [bbotk]  nrounds       eta max_depth classif.ce warnings errors runtime_learners
INFO  [17:38:58.180] [bbotk]      202 0.2245242         5 0.01538441        0      0            0.772
INFO  [17:38:58.180] [bbotk]                                 uhash
INFO  [17:38:58.180] [bbotk]  d5042bb3-ec6e-434f-acd0-70b0b51b2296
INFO  [17:38:58.184] [bbotk] Evaluating 1 configuration(s)
INFO  [17:38:58.818] [bbotk] Result of batch 4:
INFO  [17:38:58.821] [bbotk]  nrounds       eta max_depth classif.ce warnings errors runtime_learners
INFO  [17:38:58.821] [bbotk]      117 0.1216909         8  0.0146957        0      0            0.596
INFO  [17:38:58.821] [bbotk]                                 uhash
INFO  [17:38:58.821] [bbotk]  627eb21e-4921-4ec2-82a8-b8791b5d15df
INFO  [17:38:58.831] [bbotk] Evaluating 1 configuration(s)
INFO  [17:38:59.757] [bbotk] Result of batch 5:
INFO  [17:38:59.758] [bbotk]  nrounds      eta max_depth classif.ce warnings errors runtime_learners
INFO  [17:38:59.758] [bbotk]      255 0.213226         9  0.0158437        0      0            0.879
INFO  [17:38:59.758] [bbotk]                                 uhash
INFO  [17:38:59.758] [bbotk]  1993e006-c052-4897-8f6d-6aec0cd3dee6
INFO  [17:38:59.761] [bbotk] Evaluating 1 configuration(s)
INFO  [17:39:00.436] [bbotk] Result of batch 6:
INFO  [17:39:00.437] [bbotk]  nrounds       eta max_depth classif.ce warnings errors runtime_learners
INFO  [17:39:00.437] [bbotk]      206 0.2223591         4 0.01561429        0      0            0.631
INFO  [17:39:00.437] [bbotk]                                 uhash
INFO  [17:39:00.437] [bbotk]  fa7afbe8-c88e-4511-ad44-cd6100390f61
INFO  [17:39:00.441] [bbotk] Evaluating 1 configuration(s)
INFO  [17:39:01.058] [bbotk] Result of batch 7:
INFO  [17:39:01.060] [bbotk]  nrounds        eta max_depth classif.ce warnings errors runtime_learners
INFO  [17:39:01.060] [bbotk]      174 0.04030129         4 0.01538441        0      0            0.578
INFO  [17:39:01.060] [bbotk]                                 uhash
INFO  [17:39:01.060] [bbotk]  bbd921c9-9884-48b8-8d63-103044bb709b
INFO  [17:39:01.067] [bbotk] Evaluating 1 configuration(s)
INFO  [17:39:01.965] [bbotk] Result of batch 8:
INFO  [17:39:01.967] [bbotk]  nrounds       eta max_depth classif.ce warnings errors runtime_learners
INFO  [17:39:01.967] [bbotk]      220 0.1392132         9 0.01538456        0      0            0.865
INFO  [17:39:01.967] [bbotk]                                 uhash
INFO  [17:39:01.967] [bbotk]  55366426-320e-4b1c-a60a-9a35b4b402a6
INFO  [17:39:01.977] [bbotk] Evaluating 1 configuration(s)
INFO  [17:39:02.348] [bbotk] Result of batch 9:
INFO  [17:39:02.349] [bbotk]  nrounds       eta max_depth classif.ce warnings errors runtime_learners
INFO  [17:39:02.349] [bbotk]       90 0.2123286         4 0.01561397        0      0            0.313
INFO  [17:39:02.349] [bbotk]                                 uhash
INFO  [17:39:02.349] [bbotk]  94483b26-4b00-42e0-b30d-779fdaa256ff
INFO  [17:39:02.354] [bbotk] Evaluating 1 configuration(s)
INFO  [17:39:03.031] [bbotk] Result of batch 10:
INFO  [17:39:03.033] [bbotk]  nrounds       eta max_depth classif.ce warnings errors runtime_learners
INFO  [17:39:03.033] [bbotk]      175 0.2658434        10 0.01515484        0      0            0.639
INFO  [17:39:03.033] [bbotk]                                 uhash
INFO  [17:39:03.033] [bbotk]  6adc65e1-74f2-4958-83c4-6a2906c4825f
INFO  [17:39:03.049] [bbotk] Finished optimizing after 10 evaluation(s)
INFO  [17:39:03.050] [bbotk] Result:
INFO  [17:39:03.050] [bbotk]  nrounds       eta max_depth learner_param_vals  x_domain classif.ce
INFO  [17:39:03.050] [bbotk]    <int>     <num>     <int>             <list>    <list>      <num>
INFO  [17:39:03.050] [bbotk]      117 0.1216909         8          <list[5]> <list[3]>  0.0146957
[1] -13.21859
[1] 36.27369

### [bt]: Job terminated successfully [batchtools job.id=3854]
### [bt]: Starting job [batchtools job.id=3855]
### [bt]: Generating problem instance for problem '01ea4b20a58e68c2' ...
### [bt]: Applying algorithm 'run_learner' on problem '01ea4b20a58e68c2' for job 3855 (seed = 3856) ...
INFO  [17:39:04.739] [mlr3] Applying learner 'classif.xgboost.tuned_calib.tunefirst.oof_beta' on task 'wilt' (iter 5/10)
INFO  [17:39:04.785] [bbotk] Starting to optimize 3 parameter(s) with '<OptimizerBatchRandomSearch>' and '<TerminatorEvals> [n_evals=10, k=0]'
INFO  [17:39:04.799] [bbotk] Evaluating 1 configuration(s)
INFO  [17:39:05.787] [bbotk] Result of batch 1:
INFO  [17:39:05.788] [bbotk]  nrounds        eta max_depth classif.ce warnings errors runtime_learners
INFO  [17:39:05.788] [bbotk]      197 0.04749185         5 0.01561477        0      0             0.94
INFO  [17:39:05.788] [bbotk]                                 uhash
INFO  [17:39:05.788] [bbotk]  acec4804-ba5b-4a1a-abec-636c2696bcbb
INFO  [17:39:05.801] [bbotk] Evaluating 1 configuration(s)
INFO  [17:39:06.658] [bbotk] Result of batch 2:
INFO  [17:39:06.659] [bbotk]  nrounds       eta max_depth classif.ce warnings errors runtime_learners
INFO  [17:39:06.659] [bbotk]      198 0.1776261         7 0.01538504        0      0            0.804
INFO  [17:39:06.659] [bbotk]                                 uhash
INFO  [17:39:06.659] [bbotk]  a6105e4c-42e7-4fcc-88f7-2153903c18c9
INFO  [17:39:06.672] [bbotk] Evaluating 1 configuration(s)
INFO  [17:39:07.135] [bbotk] Result of batch 3:
INFO  [17:39:07.136] [bbotk]  nrounds       eta max_depth classif.ce warnings errors runtime_learners
INFO  [17:39:07.136] [bbotk]      130 0.2917193         3 0.01584418        0      0            0.421
INFO  [17:39:07.136] [bbotk]                                 uhash
INFO  [17:39:07.136] [bbotk]  8722a8b2-da5e-400b-bef8-f7f73be0110c
INFO  [17:39:07.140] [bbotk] Evaluating 1 configuration(s)
INFO  [17:39:07.430] [bbotk] Result of batch 4:
INFO  [17:39:07.432] [bbotk]  nrounds       eta max_depth classif.ce warnings errors runtime_learners
INFO  [17:39:07.432] [bbotk]      113 0.1094111         2 0.01768199        0      0            0.246
INFO  [17:39:07.432] [bbotk]                                 uhash
INFO  [17:39:07.432] [bbotk]  da028af7-31ed-486e-9fb1-0bdf6d04283d
INFO  [17:39:07.440] [bbotk] Evaluating 1 configuration(s)
INFO  [17:39:07.796] [bbotk] Result of batch 5:
INFO  [17:39:07.797] [bbotk]  nrounds       eta max_depth classif.ce warnings errors runtime_learners
INFO  [17:39:07.797] [bbotk]      143 0.2159534         2 0.01653383        0      0            0.308
INFO  [17:39:07.797] [bbotk]                                 uhash
INFO  [17:39:07.797] [bbotk]  5ec60c4e-7e73-4b18-a988-8c873f384fd7
INFO  [17:39:07.802] [bbotk] Evaluating 1 configuration(s)
INFO  [17:39:08.552] [bbotk] Result of batch 6:
INFO  [17:39:08.553] [bbotk]  nrounds       eta max_depth classif.ce warnings errors runtime_learners
INFO  [17:39:08.553] [bbotk]      217 0.1213827         4 0.01538504        0      0             0.71
INFO  [17:39:08.553] [bbotk]                                 uhash
INFO  [17:39:08.553] [bbotk]  295ca779-d0f2-4a0c-b553-01a86e851062
INFO  [17:39:08.561] [bbotk] Evaluating 1 configuration(s)
INFO  [17:39:09.702] [bbotk] Result of batch 7:
INFO  [17:39:09.704] [bbotk]  nrounds       eta max_depth classif.ce warnings errors runtime_learners
INFO  [17:39:09.704] [bbotk]      294 0.1375358         5 0.01446645        0      0            1.075
INFO  [17:39:09.704] [bbotk]                                 uhash
INFO  [17:39:09.704] [bbotk]  d19de460-65f7-4258-b65a-3984a101bc3c
INFO  [17:39:09.715] [bbotk] Evaluating 1 configuration(s)
INFO  [17:39:10.304] [bbotk] Result of batch 8:
INFO  [17:39:10.305] [bbotk]  nrounds       eta max_depth classif.ce warnings errors runtime_learners
INFO  [17:39:10.305] [bbotk]      263 0.1039016         2 0.01607438        0      0             0.54
INFO  [17:39:10.305] [bbotk]                                 uhash
INFO  [17:39:10.305] [bbotk]  fa0eb18a-8ad3-411c-9556-1755678dd70a
INFO  [17:39:10.309] [bbotk] Evaluating 1 configuration(s)
INFO  [17:39:10.721] [bbotk] Result of batch 9:
INFO  [17:39:10.723] [bbotk]  nrounds     eta max_depth classif.ce warnings errors runtime_learners
INFO  [17:39:10.723] [bbotk]      126 0.25076         3 0.01561429        0      0            0.372
INFO  [17:39:10.723] [bbotk]                                 uhash
INFO  [17:39:10.723] [bbotk]  e8d0c29f-24dc-47ee-9293-c1effe6e62d6
INFO  [17:39:10.731] [bbotk] Evaluating 1 configuration(s)
INFO  [17:39:11.275] [bbotk] Result of batch 10:
INFO  [17:39:11.276] [bbotk]  nrounds       eta max_depth classif.ce warnings errors runtime_learners
INFO  [17:39:11.276] [bbotk]      121 0.2379439         6 0.01607374        0      0            0.503
INFO  [17:39:11.276] [bbotk]                                 uhash
INFO  [17:39:11.276] [bbotk]  2eb2363a-2ce0-4370-aa56-ac5eedeb8408
INFO  [17:39:11.290] [bbotk] Finished optimizing after 10 evaluation(s)
INFO  [17:39:11.290] [bbotk] Result:
INFO  [17:39:11.291] [bbotk]  nrounds       eta max_depth learner_param_vals  x_domain classif.ce
INFO  [17:39:11.291] [bbotk]    <int>     <num>     <int>             <list>    <list>      <num>
INFO  [17:39:11.291] [bbotk]      294 0.1375358         5          <list[5]> <list[3]> 0.01446645
[1] -14.05904
[1] 31.37352

### [bt]: Job terminated successfully [batchtools job.id=3855]
### [bt]: Calculation finished!
