### [bt]: This is batchtools v0.9.17
### [bt]: Starting calculation of 5 jobs
### [bt]: Setting working directory to '/Users/User/Documents/Studium/Semester8/Hiwi/mlr3calibration/vignettes'
### [bt]: Memory measurement disabled
### [bt]: Starting job [batchtools job.id=941]
### [bt]: Generating problem instance for problem '698720b8ce42ae0c' ...
### [bt]: Applying algorithm 'run_learner' on problem '698720b8ce42ae0c' for job 941 (seed = 942) ...
INFO  [16:43:17.402] [mlr3] Applying learner 'classif.ranger.tuned_calib.oof_isotonic' on task 'pc4' (iter 1/10)
INFO  [16:43:17.476] [bbotk] Starting to optimize 1 parameter(s) with '<OptimizerBatchRandomSearch>' and '<TerminatorEvals> [n_evals=3, k=0]'
INFO  [16:43:17.484] [bbotk] Evaluating 1 configuration(s)
INFO  [16:43:17.734] [bbotk] Result of batch 1:
INFO  [16:43:17.736] [bbotk]  num.trees classif.ce warnings errors runtime_learners
INFO  [16:43:17.736] [bbotk]        230  0.1029608        0      0            0.208
INFO  [16:43:17.736] [bbotk]                                 uhash
INFO  [16:43:17.736] [bbotk]  c36172a9-19f9-4fc4-ac3a-217e2ba90bd8
INFO  [16:43:17.739] [bbotk] Evaluating 1 configuration(s)
INFO  [16:43:17.943] [bbotk] Result of batch 2:
INFO  [16:43:17.944] [bbotk]  num.trees classif.ce warnings errors runtime_learners
INFO  [16:43:17.944] [bbotk]        163  0.1020139        0      0            0.165
INFO  [16:43:17.944] [bbotk]                                 uhash
INFO  [16:43:17.944] [bbotk]  05686e07-ebc9-4bc5-8a19-6dd92264e658
INFO  [16:43:17.950] [bbotk] Evaluating 1 configuration(s)
INFO  [16:43:18.238] [bbotk] Result of batch 3:
INFO  [16:43:18.239] [bbotk]  num.trees classif.ce warnings errors runtime_learners
INFO  [16:43:18.239] [bbotk]        291  0.1010588        0      0            0.232
INFO  [16:43:18.239] [bbotk]                                 uhash
INFO  [16:43:18.239] [bbotk]  fc4711a5-1e0e-48be-8574-d99473e3d865
INFO  [16:43:18.246] [bbotk] Finished optimizing after 3 evaluation(s)
INFO  [16:43:18.246] [bbotk] Result:
INFO  [16:43:18.247] [bbotk]  num.trees learner_param_vals  x_domain classif.ce
INFO  [16:43:18.247] [bbotk]      <int>             <list>    <list>      <num>
INFO  [16:43:18.247] [bbotk]        291          <list[2]> <list[1]>  0.1010588
INFO  [16:43:18.419] [bbotk] Starting to optimize 1 parameter(s) with '<OptimizerBatchRandomSearch>' and '<TerminatorEvals> [n_evals=3, k=0]'
INFO  [16:43:18.430] [bbotk] Evaluating 1 configuration(s)
INFO  [16:43:18.843] [bbotk] Result of batch 1:
INFO  [16:43:18.844] [bbotk]  num.trees classif.ce warnings errors runtime_learners
INFO  [16:43:18.844] [bbotk]        465  0.1067649        0      0            0.372
INFO  [16:43:18.844] [bbotk]                                 uhash
INFO  [16:43:18.844] [bbotk]  6ea60860-d8e3-4988-960c-8b06e3400c10
INFO  [16:43:18.846] [bbotk] Evaluating 1 configuration(s)
INFO  [16:43:19.168] [bbotk] Result of batch 2:
INFO  [16:43:19.169] [bbotk]  num.trees classif.ce warnings errors runtime_learners
INFO  [16:43:19.169] [bbotk]        341  0.1086697        0      0            0.288
INFO  [16:43:19.169] [bbotk]                                 uhash
INFO  [16:43:19.169] [bbotk]  c9b4478d-a0f1-48e6-96e2-b4de1fe0f24b
INFO  [16:43:19.171] [bbotk] Evaluating 1 configuration(s)
INFO  [16:43:19.590] [bbotk] Result of batch 3:
INFO  [16:43:19.591] [bbotk]  num.trees classif.ce warnings errors runtime_learners
INFO  [16:43:19.591] [bbotk]        447  0.1096248        0      0            0.376
INFO  [16:43:19.591] [bbotk]                                 uhash
INFO  [16:43:19.591] [bbotk]  dd7fde1a-2039-4860-ad74-8e513b572c6f
INFO  [16:43:19.604] [bbotk] Finished optimizing after 3 evaluation(s)
INFO  [16:43:19.604] [bbotk] Result:
INFO  [16:43:19.606] [bbotk]  num.trees learner_param_vals  x_domain classif.ce
INFO  [16:43:19.606] [bbotk]      <int>             <list>    <list>      <num>
INFO  [16:43:19.606] [bbotk]        465          <list[2]> <list[1]>  0.1067649
INFO  [16:43:19.912] [bbotk] Starting to optimize 1 parameter(s) with '<OptimizerBatchRandomSearch>' and '<TerminatorEvals> [n_evals=3, k=0]'
INFO  [16:43:19.922] [bbotk] Evaluating 1 configuration(s)
INFO  [16:43:20.241] [bbotk] Result of batch 1:
INFO  [16:43:20.243] [bbotk]  num.trees classif.ce warnings errors runtime_learners
INFO  [16:43:20.243] [bbotk]        343  0.1038095        0      0            0.273
INFO  [16:43:20.243] [bbotk]                                 uhash
INFO  [16:43:20.243] [bbotk]  702e19b3-26fe-435b-859f-3e66c3a91355
INFO  [16:43:20.246] [bbotk] Evaluating 1 configuration(s)
INFO  [16:43:20.466] [bbotk] Result of batch 2:
INFO  [16:43:20.467] [bbotk]  num.trees classif.ce warnings errors runtime_learners
INFO  [16:43:20.467] [bbotk]        210   0.107619        0      0            0.179
INFO  [16:43:20.467] [bbotk]                                 uhash
INFO  [16:43:20.467] [bbotk]  5b300e97-dce2-452e-afc9-4db14b6ba013
INFO  [16:43:20.475] [bbotk] Evaluating 1 configuration(s)
INFO  [16:43:20.793] [bbotk] Result of batch 3:
INFO  [16:43:20.794] [bbotk]  num.trees classif.ce warnings errors runtime_learners
INFO  [16:43:20.794] [bbotk]        291  0.1057143        0      0            0.257
INFO  [16:43:20.794] [bbotk]                                 uhash
INFO  [16:43:20.794] [bbotk]  b116ed39-56bc-436f-9e38-0329c13ce47b
INFO  [16:43:20.804] [bbotk] Finished optimizing after 3 evaluation(s)
INFO  [16:43:20.804] [bbotk] Result:
INFO  [16:43:20.805] [bbotk]  num.trees learner_param_vals  x_domain classif.ce
INFO  [16:43:20.805] [bbotk]      <int>             <list>    <list>      <num>
INFO  [16:43:20.805] [bbotk]        343          <list[2]> <list[1]>  0.1038095
INFO  [16:43:21.020] [bbotk] Starting to optimize 1 parameter(s) with '<OptimizerBatchRandomSearch>' and '<TerminatorEvals> [n_evals=3, k=0]'
INFO  [16:43:21.026] [bbotk] Evaluating 1 configuration(s)
INFO  [16:43:21.354] [bbotk] Result of batch 1:
INFO  [16:43:21.355] [bbotk]  num.trees classif.ce warnings errors runtime_learners
INFO  [16:43:21.355] [bbotk]        343 0.09619048        0      0            0.284
INFO  [16:43:21.355] [bbotk]                                 uhash
INFO  [16:43:21.355] [bbotk]  53e31344-dc0c-4bb0-85bd-24ed339a9569
INFO  [16:43:21.358] [bbotk] Evaluating 1 configuration(s)
INFO  [16:43:21.745] [bbotk] Result of batch 2:
INFO  [16:43:21.746] [bbotk]  num.trees classif.ce warnings errors runtime_learners
INFO  [16:43:21.746] [bbotk]        457 0.09714286        0      0            0.335
INFO  [16:43:21.746] [bbotk]                                 uhash
INFO  [16:43:21.746] [bbotk]  df9a8ddf-13d1-4752-9a52-6cf0ee591f53
INFO  [16:43:21.750] [bbotk] Evaluating 1 configuration(s)
INFO  [16:43:22.026] [bbotk] Result of batch 3:
INFO  [16:43:22.029] [bbotk]  num.trees classif.ce warnings errors runtime_learners
INFO  [16:43:22.029] [bbotk]        238 0.09714286        0      0            0.202
INFO  [16:43:22.029] [bbotk]                                 uhash
INFO  [16:43:22.029] [bbotk]  9e144e1b-a35c-4853-9c89-d2f232044499
INFO  [16:43:22.050] [bbotk] Finished optimizing after 3 evaluation(s)
INFO  [16:43:22.050] [bbotk] Result:
INFO  [16:43:22.051] [bbotk]  num.trees learner_param_vals  x_domain classif.ce
INFO  [16:43:22.051] [bbotk]      <int>             <list>    <list>      <num>
INFO  [16:43:22.051] [bbotk]        343          <list[2]> <list[1]> 0.09619048
INFO  [16:43:22.277] [bbotk] Starting to optimize 1 parameter(s) with '<OptimizerBatchRandomSearch>' and '<TerminatorEvals> [n_evals=3, k=0]'
INFO  [16:43:22.290] [bbotk] Evaluating 1 configuration(s)
INFO  [16:43:22.524] [bbotk] Result of batch 1:
INFO  [16:43:22.525] [bbotk]  num.trees classif.ce warnings errors runtime_learners
INFO  [16:43:22.525] [bbotk]        203 0.09904762        0      0            0.189
INFO  [16:43:22.525] [bbotk]                                 uhash
INFO  [16:43:22.525] [bbotk]  436e6ce6-b2ee-402d-a825-5beb04707441
INFO  [16:43:22.527] [bbotk] Evaluating 1 configuration(s)
INFO  [16:43:22.928] [bbotk] Result of batch 2:
INFO  [16:43:22.929] [bbotk]  num.trees classif.ce warnings errors runtime_learners
INFO  [16:43:22.929] [bbotk]        479 0.09904762        0      0             0.35
INFO  [16:43:22.929] [bbotk]                                 uhash
INFO  [16:43:22.929] [bbotk]  248c977e-e513-43ad-a1ed-adb1cd016ee0
INFO  [16:43:22.931] [bbotk] Evaluating 1 configuration(s)
INFO  [16:43:23.263] [bbotk] Result of batch 3:
INFO  [16:43:23.264] [bbotk]  num.trees classif.ce warnings errors runtime_learners
INFO  [16:43:23.264] [bbotk]        387 0.09619048        0      0            0.291
INFO  [16:43:23.264] [bbotk]                                 uhash
INFO  [16:43:23.264] [bbotk]  142db119-6189-4b86-843b-13a64d77fde6
INFO  [16:43:23.276] [bbotk] Finished optimizing after 3 evaluation(s)
INFO  [16:43:23.276] [bbotk] Result:
INFO  [16:43:23.277] [bbotk]  num.trees learner_param_vals  x_domain classif.ce
INFO  [16:43:23.277] [bbotk]      <int>             <list>    <list>      <num>
INFO  [16:43:23.277] [bbotk]        387          <list[2]> <list[1]> 0.09619048

### [bt]: Job terminated successfully [batchtools job.id=941]
### [bt]: Starting job [batchtools job.id=942]
### [bt]: Generating problem instance for problem '698720b8ce42ae0c' ...
### [bt]: Applying algorithm 'run_learner' on problem '698720b8ce42ae0c' for job 942 (seed = 943) ...
INFO  [16:43:23.623] [mlr3] Applying learner 'classif.ranger.tuned_calib.oof_isotonic' on task 'pc4' (iter 2/10)
INFO  [16:43:23.726] [bbotk] Starting to optimize 1 parameter(s) with '<OptimizerBatchRandomSearch>' and '<TerminatorEvals> [n_evals=3, k=0]'
INFO  [16:43:23.750] [bbotk] Evaluating 1 configuration(s)
INFO  [16:43:24.032] [bbotk] Result of batch 1:
INFO  [16:43:24.035] [bbotk]  num.trees classif.ce warnings errors runtime_learners
INFO  [16:43:24.035] [bbotk]        249 0.08197298        0      0             0.22
INFO  [16:43:24.035] [bbotk]                                 uhash
INFO  [16:43:24.035] [bbotk]  81e71bee-7cfc-49e0-9b42-8daf5b2fd810
INFO  [16:43:24.043] [bbotk] Evaluating 1 configuration(s)
INFO  [16:43:24.386] [bbotk] Result of batch 2:
INFO  [16:43:24.388] [bbotk]  num.trees classif.ce warnings errors runtime_learners
INFO  [16:43:24.388] [bbotk]        318 0.08578251        0      0            0.269
INFO  [16:43:24.388] [bbotk]                                 uhash
INFO  [16:43:24.388] [bbotk]  8e869b5a-b6c8-4081-bec4-6de2d162f9eb
INFO  [16:43:24.392] [bbotk] Evaluating 1 configuration(s)
INFO  [16:43:24.787] [bbotk] Result of batch 3:
INFO  [16:43:24.788] [bbotk]  num.trees classif.ce warnings errors runtime_learners
INFO  [16:43:24.788] [bbotk]        426 0.08387775        0      0            0.344
INFO  [16:43:24.788] [bbotk]                                 uhash
INFO  [16:43:24.788] [bbotk]  e9ade9ba-7a67-4424-9259-7d536f1b9e8f
INFO  [16:43:24.795] [bbotk] Finished optimizing after 3 evaluation(s)
INFO  [16:43:24.795] [bbotk] Result:
INFO  [16:43:24.796] [bbotk]  num.trees learner_param_vals  x_domain classif.ce
INFO  [16:43:24.796] [bbotk]      <int>             <list>    <list>      <num>
INFO  [16:43:24.796] [bbotk]        249          <list[2]> <list[1]> 0.08197298
INFO  [16:43:24.988] [bbotk] Starting to optimize 1 parameter(s) with '<OptimizerBatchRandomSearch>' and '<TerminatorEvals> [n_evals=3, k=0]'
INFO  [16:43:25.000] [bbotk] Evaluating 1 configuration(s)
INFO  [16:43:25.304] [bbotk] Result of batch 1:
INFO  [16:43:25.305] [bbotk]  num.trees classif.ce warnings errors runtime_learners
INFO  [16:43:25.305] [bbotk]        265 0.08864238        0      0            0.249
INFO  [16:43:25.305] [bbotk]                                 uhash
INFO  [16:43:25.305] [bbotk]  8d89cafc-1dc3-4821-8c38-b8c41a14e618
INFO  [16:43:25.307] [bbotk] Evaluating 1 configuration(s)
INFO  [16:43:25.670] [bbotk] Result of batch 2:
INFO  [16:43:25.670] [bbotk]  num.trees classif.ce warnings errors runtime_learners
INFO  [16:43:25.670] [bbotk]        375 0.09054987        0      0            0.305
INFO  [16:43:25.670] [bbotk]                                 uhash
INFO  [16:43:25.670] [bbotk]  c0fabbe6-8137-4bdf-b78c-c82d38308d6f
INFO  [16:43:25.673] [bbotk] Evaluating 1 configuration(s)
INFO  [16:43:25.956] [bbotk] Result of batch 3:
INFO  [16:43:25.957] [bbotk]  num.trees classif.ce warnings errors runtime_learners
INFO  [16:43:25.957] [bbotk]        276 0.09340974        0      0            0.227
INFO  [16:43:25.957] [bbotk]                                 uhash
INFO  [16:43:25.957] [bbotk]  98b8aa33-991d-4659-be85-233d99eed8e4
INFO  [16:43:25.966] [bbotk] Finished optimizing after 3 evaluation(s)
INFO  [16:43:25.967] [bbotk] Result:
INFO  [16:43:25.967] [bbotk]  num.trees learner_param_vals  x_domain classif.ce
INFO  [16:43:25.967] [bbotk]      <int>             <list>    <list>      <num>
INFO  [16:43:25.967] [bbotk]        265          <list[2]> <list[1]> 0.08864238
INFO  [16:43:26.174] [bbotk] Starting to optimize 1 parameter(s) with '<OptimizerBatchRandomSearch>' and '<TerminatorEvals> [n_evals=3, k=0]'
INFO  [16:43:26.189] [bbotk] Evaluating 1 configuration(s)
INFO  [16:43:26.394] [bbotk] Result of batch 1:
INFO  [16:43:26.395] [bbotk]  num.trees classif.ce warnings errors runtime_learners
INFO  [16:43:26.395] [bbotk]        154 0.08666667        0      0            0.141
INFO  [16:43:26.395] [bbotk]                                 uhash
INFO  [16:43:26.395] [bbotk]  ad8e179a-6705-41b0-bd20-708bb66d8e70
INFO  [16:43:26.398] [bbotk] Evaluating 1 configuration(s)
INFO  [16:43:26.684] [bbotk] Result of batch 2:
INFO  [16:43:26.686] [bbotk]  num.trees classif.ce warnings errors runtime_learners
INFO  [16:43:26.686] [bbotk]        267 0.09047619        0      0            0.234
INFO  [16:43:26.686] [bbotk]                                 uhash
INFO  [16:43:26.686] [bbotk]  557b48cf-036c-469f-99ae-e1e7660a5c7e
INFO  [16:43:26.688] [bbotk] Evaluating 1 configuration(s)
INFO  [16:43:27.128] [bbotk] Result of batch 3:
INFO  [16:43:27.129] [bbotk]  num.trees classif.ce warnings errors runtime_learners
INFO  [16:43:27.129] [bbotk]        477 0.09333333        0      0            0.406
INFO  [16:43:27.129] [bbotk]                                 uhash
INFO  [16:43:27.129] [bbotk]  1c1250d2-6b8f-488d-9586-4de30fd0fa30
INFO  [16:43:27.153] [bbotk] Finished optimizing after 3 evaluation(s)
INFO  [16:43:27.155] [bbotk] Result:
INFO  [16:43:27.157] [bbotk]  num.trees learner_param_vals  x_domain classif.ce
INFO  [16:43:27.157] [bbotk]      <int>             <list>    <list>      <num>
INFO  [16:43:27.157] [bbotk]        154          <list[2]> <list[1]> 0.08666667
INFO  [16:43:27.290] [bbotk] Starting to optimize 1 parameter(s) with '<OptimizerBatchRandomSearch>' and '<TerminatorEvals> [n_evals=3, k=0]'
INFO  [16:43:27.331] [bbotk] Evaluating 1 configuration(s)
INFO  [16:43:27.584] [bbotk] Result of batch 1:
INFO  [16:43:27.586] [bbotk]  num.trees classif.ce warnings errors runtime_learners
INFO  [16:43:27.586] [bbotk]        174  0.1019048        0      0             0.16
INFO  [16:43:27.586] [bbotk]                                 uhash
INFO  [16:43:27.586] [bbotk]  df3f3f69-d1ad-4685-aeb1-7f39b967052b
INFO  [16:43:27.592] [bbotk] Evaluating 1 configuration(s)
INFO  [16:43:27.786] [bbotk] Result of batch 2:
INFO  [16:43:27.787] [bbotk]  num.trees classif.ce warnings errors runtime_learners
INFO  [16:43:27.787] [bbotk]        151 0.09904762        0      0            0.133
INFO  [16:43:27.787] [bbotk]                                 uhash
INFO  [16:43:27.787] [bbotk]  0f559433-6c86-4cce-990e-089be894c298
INFO  [16:43:27.790] [bbotk] Evaluating 1 configuration(s)
INFO  [16:43:28.284] [bbotk] Result of batch 3:
INFO  [16:43:28.285] [bbotk]  num.trees classif.ce warnings errors runtime_learners
INFO  [16:43:28.285] [bbotk]        456  0.1028571        0      0            0.418
INFO  [16:43:28.285] [bbotk]                                 uhash
INFO  [16:43:28.285] [bbotk]  e46b7a35-d75f-44b6-9d96-ca6852b87da2
INFO  [16:43:28.302] [bbotk] Finished optimizing after 3 evaluation(s)
INFO  [16:43:28.302] [bbotk] Result:
INFO  [16:43:28.303] [bbotk]  num.trees learner_param_vals  x_domain classif.ce
INFO  [16:43:28.303] [bbotk]      <int>             <list>    <list>      <num>
INFO  [16:43:28.303] [bbotk]        151          <list[2]> <list[1]> 0.09904762
INFO  [16:43:28.444] [bbotk] Starting to optimize 1 parameter(s) with '<OptimizerBatchRandomSearch>' and '<TerminatorEvals> [n_evals=3, k=0]'
INFO  [16:43:28.455] [bbotk] Evaluating 1 configuration(s)
INFO  [16:43:28.898] [bbotk] Result of batch 1:
INFO  [16:43:28.900] [bbotk]  num.trees classif.ce warnings errors runtime_learners
INFO  [16:43:28.900] [bbotk]        458  0.1028571        0      0            0.394
INFO  [16:43:28.900] [bbotk]                                 uhash
INFO  [16:43:28.900] [bbotk]  c01d2ca4-01f4-43f2-8c69-3587662881c5
INFO  [16:43:28.909] [bbotk] Evaluating 1 configuration(s)
INFO  [16:43:29.286] [bbotk] Result of batch 2:
INFO  [16:43:29.287] [bbotk]  num.trees classif.ce warnings errors runtime_learners
INFO  [16:43:29.287] [bbotk]        408  0.1019048        0      0            0.317
INFO  [16:43:29.287] [bbotk]                                 uhash
INFO  [16:43:29.287] [bbotk]  9da46008-41cc-4dc0-be4e-f6a17ae59381
INFO  [16:43:29.292] [bbotk] Evaluating 1 configuration(s)
INFO  [16:43:29.522] [bbotk] Result of batch 3:
INFO  [16:43:29.524] [bbotk]  num.trees classif.ce warnings errors runtime_learners
INFO  [16:43:29.524] [bbotk]        225  0.1019048        0      0            0.183
INFO  [16:43:29.524] [bbotk]                                 uhash
INFO  [16:43:29.524] [bbotk]  3b34840c-cfd4-42d0-b32d-c4acf72c4cad
INFO  [16:43:29.538] [bbotk] Finished optimizing after 3 evaluation(s)
INFO  [16:43:29.538] [bbotk] Result:
INFO  [16:43:29.541] [bbotk]  num.trees learner_param_vals  x_domain classif.ce
INFO  [16:43:29.541] [bbotk]      <int>             <list>    <list>      <num>
INFO  [16:43:29.541] [bbotk]        408          <list[2]> <list[1]>  0.1019048

### [bt]: Job terminated successfully [batchtools job.id=942]
### [bt]: Starting job [batchtools job.id=943]
### [bt]: Generating problem instance for problem '698720b8ce42ae0c' ...
### [bt]: Applying algorithm 'run_learner' on problem '698720b8ce42ae0c' for job 943 (seed = 944) ...
INFO  [16:43:29.874] [mlr3] Applying learner 'classif.ranger.tuned_calib.oof_isotonic' on task 'pc4' (iter 3/10)
INFO  [16:43:29.960] [bbotk] Starting to optimize 1 parameter(s) with '<OptimizerBatchRandomSearch>' and '<TerminatorEvals> [n_evals=3, k=0]'
INFO  [16:43:29.990] [bbotk] Evaluating 1 configuration(s)
INFO  [16:43:30.228] [bbotk] Result of batch 1:
INFO  [16:43:30.230] [bbotk]  num.trees classif.ce warnings errors runtime_learners
INFO  [16:43:30.230] [bbotk]        162  0.1077255        0      0            0.165
INFO  [16:43:30.230] [bbotk]                                 uhash
INFO  [16:43:30.230] [bbotk]  ef1c6075-4bd3-402c-9580-67a377ced4d2
INFO  [16:43:30.236] [bbotk] Evaluating 1 configuration(s)
INFO  [16:43:30.567] [bbotk] Result of batch 2:
INFO  [16:43:30.568] [bbotk]  num.trees classif.ce warnings errors runtime_learners
INFO  [16:43:30.568] [bbotk]        332  0.1058207        0      0            0.256
INFO  [16:43:30.568] [bbotk]                                 uhash
INFO  [16:43:30.568] [bbotk]  b926de15-cdab-488d-9921-5b0496a2a7c0
INFO  [16:43:30.570] [bbotk] Evaluating 1 configuration(s)
INFO  [16:43:30.878] [bbotk] Result of batch 3:
INFO  [16:43:30.879] [bbotk]  num.trees classif.ce warnings errors runtime_learners
INFO  [16:43:30.879] [bbotk]        243  0.1048711        0      0            0.253
INFO  [16:43:30.879] [bbotk]                                 uhash
INFO  [16:43:30.879] [bbotk]  2d36443d-f132-43c0-abe0-32db71698676
INFO  [16:43:30.898] [bbotk] Finished optimizing after 3 evaluation(s)
INFO  [16:43:30.899] [bbotk] Result:
INFO  [16:43:30.900] [bbotk]  num.trees learner_param_vals  x_domain classif.ce
INFO  [16:43:30.900] [bbotk]      <int>             <list>    <list>      <num>
INFO  [16:43:30.900] [bbotk]        243          <list[2]> <list[1]>  0.1048711
INFO  [16:43:31.065] [bbotk] Starting to optimize 1 parameter(s) with '<OptimizerBatchRandomSearch>' and '<TerminatorEvals> [n_evals=3, k=0]'
INFO  [16:43:31.075] [bbotk] Evaluating 1 configuration(s)
INFO  [16:43:31.285] [bbotk] Result of batch 1:
INFO  [16:43:31.286] [bbotk]  num.trees classif.ce warnings errors runtime_learners
INFO  [16:43:31.286] [bbotk]        167 0.09629417        0      0            0.154
INFO  [16:43:31.286] [bbotk]                                 uhash
INFO  [16:43:31.286] [bbotk]  09407941-6a10-447d-ba4c-8316e039acc9
INFO  [16:43:31.288] [bbotk] Evaluating 1 configuration(s)
INFO  [16:43:31.657] [bbotk] Result of batch 2:
INFO  [16:43:31.659] [bbotk]  num.trees classif.ce warnings errors runtime_learners
INFO  [16:43:31.659] [bbotk]        392 0.09439214        0      0            0.323
INFO  [16:43:31.659] [bbotk]                                 uhash
INFO  [16:43:31.659] [bbotk]  4d2ea1fe-b4d8-48c3-95e2-c253ba5c33fd
INFO  [16:43:31.664] [bbotk] Evaluating 1 configuration(s)
INFO  [16:43:32.043] [bbotk] Result of batch 3:
INFO  [16:43:32.044] [bbotk]  num.trees classif.ce warnings errors runtime_learners
INFO  [16:43:32.044] [bbotk]        364  0.0962969        0      0            0.315
INFO  [16:43:32.044] [bbotk]                                 uhash
INFO  [16:43:32.044] [bbotk]  0dd454ae-06b3-4d9e-8fd3-5a5ef9ca333e
INFO  [16:43:32.064] [bbotk] Finished optimizing after 3 evaluation(s)
INFO  [16:43:32.066] [bbotk] Result:
INFO  [16:43:32.066] [bbotk]  num.trees learner_param_vals  x_domain classif.ce
INFO  [16:43:32.066] [bbotk]      <int>             <list>    <list>      <num>
INFO  [16:43:32.066] [bbotk]        392          <list[2]> <list[1]> 0.09439214
INFO  [16:43:32.300] [bbotk] Starting to optimize 1 parameter(s) with '<OptimizerBatchRandomSearch>' and '<TerminatorEvals> [n_evals=3, k=0]'
INFO  [16:43:32.309] [bbotk] Evaluating 1 configuration(s)
INFO  [16:43:32.627] [bbotk] Result of batch 1:
INFO  [16:43:32.629] [bbotk]  num.trees classif.ce warnings errors runtime_learners
INFO  [16:43:32.629] [bbotk]        309  0.1019048        0      0            0.248
INFO  [16:43:32.629] [bbotk]                                 uhash
INFO  [16:43:32.629] [bbotk]  8502ecd6-7104-4ec7-ab62-fd376c178cbf
INFO  [16:43:32.635] [bbotk] Evaluating 1 configuration(s)
INFO  [16:43:32.925] [bbotk] Result of batch 2:
INFO  [16:43:32.926] [bbotk]  num.trees classif.ce warnings errors runtime_learners
INFO  [16:43:32.926] [bbotk]        290  0.1009524        0      0            0.246
INFO  [16:43:32.926] [bbotk]                                 uhash
INFO  [16:43:32.926] [bbotk]  dd7dbebd-e547-4c46-bc23-66b17729e401
INFO  [16:43:32.928] [bbotk] Evaluating 1 configuration(s)
INFO  [16:43:33.332] [bbotk] Result of batch 3:
INFO  [16:43:33.334] [bbotk]  num.trees classif.ce warnings errors runtime_learners
INFO  [16:43:33.334] [bbotk]        411  0.1028571        0      0            0.355
INFO  [16:43:33.334] [bbotk]                                 uhash
INFO  [16:43:33.334] [bbotk]  cba73bd8-ba18-41b5-9f9e-fb151a79f6fa
INFO  [16:43:33.355] [bbotk] Finished optimizing after 3 evaluation(s)
INFO  [16:43:33.355] [bbotk] Result:
INFO  [16:43:33.356] [bbotk]  num.trees learner_param_vals  x_domain classif.ce
INFO  [16:43:33.356] [bbotk]      <int>             <list>    <list>      <num>
INFO  [16:43:33.356] [bbotk]        290          <list[2]> <list[1]>  0.1009524
INFO  [16:43:33.530] [bbotk] Starting to optimize 1 parameter(s) with '<OptimizerBatchRandomSearch>' and '<TerminatorEvals> [n_evals=3, k=0]'
INFO  [16:43:33.536] [bbotk] Evaluating 1 configuration(s)
INFO  [16:43:33.965] [bbotk] Result of batch 1:
INFO  [16:43:33.969] [bbotk]  num.trees classif.ce warnings errors runtime_learners
INFO  [16:43:33.969] [bbotk]        458 0.09142857        0      0             0.35
INFO  [16:43:33.969] [bbotk]                                 uhash
INFO  [16:43:33.969] [bbotk]  a0ee254c-5a08-4dc4-ac14-889a0aeb5496
INFO  [16:43:33.974] [bbotk] Evaluating 1 configuration(s)
INFO  [16:43:34.241] [bbotk] Result of batch 2:
INFO  [16:43:34.242] [bbotk]  num.trees classif.ce warnings errors runtime_learners
INFO  [16:43:34.242] [bbotk]        154 0.08952381        0      0            0.176
INFO  [16:43:34.242] [bbotk]                                 uhash
INFO  [16:43:34.242] [bbotk]  0f489158-2d8c-4f3d-8794-99e28c6f0e77
INFO  [16:43:34.247] [bbotk] Evaluating 1 configuration(s)
INFO  [16:43:34.497] [bbotk] Result of batch 3:
INFO  [16:43:34.499] [bbotk]  num.trees classif.ce warnings errors runtime_learners
INFO  [16:43:34.499] [bbotk]        230 0.08857143        0      0            0.184
INFO  [16:43:34.499] [bbotk]                                 uhash
INFO  [16:43:34.499] [bbotk]  7a223430-8b54-4a2d-b26f-a5a6f3f9aa95
INFO  [16:43:34.517] [bbotk] Finished optimizing after 3 evaluation(s)
INFO  [16:43:34.518] [bbotk] Result:
INFO  [16:43:34.520] [bbotk]  num.trees learner_param_vals  x_domain classif.ce
INFO  [16:43:34.520] [bbotk]      <int>             <list>    <list>      <num>
INFO  [16:43:34.520] [bbotk]        230          <list[2]> <list[1]> 0.08857143
INFO  [16:43:34.697] [bbotk] Starting to optimize 1 parameter(s) with '<OptimizerBatchRandomSearch>' and '<TerminatorEvals> [n_evals=3, k=0]'
INFO  [16:43:34.708] [bbotk] Evaluating 1 configuration(s)
INFO  [16:43:35.010] [bbotk] Result of batch 1:
INFO  [16:43:35.011] [bbotk]  num.trees classif.ce warnings errors runtime_learners
INFO  [16:43:35.011] [bbotk]        294  0.1085714        0      0            0.245
INFO  [16:43:35.011] [bbotk]                                 uhash
INFO  [16:43:35.011] [bbotk]  0674e2db-aa3c-4459-b155-5b6d9dd7a588
INFO  [16:43:35.013] [bbotk] Evaluating 1 configuration(s)
INFO  [16:43:35.252] [bbotk] Result of batch 2:
INFO  [16:43:35.254] [bbotk]  num.trees classif.ce warnings errors runtime_learners
INFO  [16:43:35.254] [bbotk]        202  0.1085714        0      0            0.173
INFO  [16:43:35.254] [bbotk]                                 uhash
INFO  [16:43:35.254] [bbotk]  6110c8fc-aa96-459a-a42e-7a8435e33882
INFO  [16:43:35.259] [bbotk] Evaluating 1 configuration(s)
INFO  [16:43:35.647] [bbotk] Result of batch 3:
INFO  [16:43:35.650] [bbotk]  num.trees classif.ce warnings errors runtime_learners
INFO  [16:43:35.650] [bbotk]        418   0.107619        0      0            0.323
INFO  [16:43:35.650] [bbotk]                                 uhash
INFO  [16:43:35.650] [bbotk]  2297c371-9330-4334-9504-ac090dbed48b
INFO  [16:43:35.676] [bbotk] Finished optimizing after 3 evaluation(s)
INFO  [16:43:35.676] [bbotk] Result:
INFO  [16:43:35.677] [bbotk]  num.trees learner_param_vals  x_domain classif.ce
INFO  [16:43:35.677] [bbotk]      <int>             <list>    <list>      <num>
INFO  [16:43:35.677] [bbotk]        418          <list[2]> <list[1]>   0.107619

### [bt]: Job terminated successfully [batchtools job.id=943]
### [bt]: Starting job [batchtools job.id=944]
### [bt]: Generating problem instance for problem '698720b8ce42ae0c' ...
### [bt]: Applying algorithm 'run_learner' on problem '698720b8ce42ae0c' for job 944 (seed = 945) ...
INFO  [16:43:36.023] [mlr3] Applying learner 'classif.ranger.tuned_calib.oof_isotonic' on task 'pc4' (iter 4/10)
INFO  [16:43:36.104] [bbotk] Starting to optimize 1 parameter(s) with '<OptimizerBatchRandomSearch>' and '<TerminatorEvals> [n_evals=3, k=0]'
INFO  [16:43:36.116] [bbotk] Evaluating 1 configuration(s)
INFO  [16:43:36.346] [bbotk] Result of batch 1:
INFO  [16:43:36.347] [bbotk]  num.trees classif.ce warnings errors runtime_learners
INFO  [16:43:36.347] [bbotk]        233 0.09819621        0      0            0.194
INFO  [16:43:36.347] [bbotk]                                 uhash
INFO  [16:43:36.347] [bbotk]  4427c835-6d36-4959-829c-ac90bcb324a1
INFO  [16:43:36.349] [bbotk] Evaluating 1 configuration(s)
INFO  [16:43:36.785] [bbotk] Result of batch 2:
INFO  [16:43:36.795] [bbotk]  num.trees classif.ce warnings errors runtime_learners
INFO  [16:43:36.795] [bbotk]        430 0.09819621        0      0            0.368
INFO  [16:43:36.795] [bbotk]                                 uhash
INFO  [16:43:36.795] [bbotk]  cdee4d8d-5ef2-49cd-96dd-797fe5a24a90
INFO  [16:43:36.797] [bbotk] Evaluating 1 configuration(s)
INFO  [16:43:36.963] [bbotk] Result of batch 3:
INFO  [16:43:36.964] [bbotk]  num.trees classif.ce warnings errors runtime_learners
INFO  [16:43:36.964] [bbotk]        126  0.0972411        0      0            0.115
INFO  [16:43:36.964] [bbotk]                                 uhash
INFO  [16:43:36.964] [bbotk]  59769555-a85c-4bbc-8238-789947b107da
INFO  [16:43:36.976] [bbotk] Finished optimizing after 3 evaluation(s)
INFO  [16:43:36.976] [bbotk] Result:
INFO  [16:43:36.976] [bbotk]  num.trees learner_param_vals  x_domain classif.ce
INFO  [16:43:36.976] [bbotk]      <int>             <list>    <list>      <num>
INFO  [16:43:36.976] [bbotk]        126          <list[2]> <list[1]>  0.0972411
INFO  [16:43:37.128] [bbotk] Starting to optimize 1 parameter(s) with '<OptimizerBatchRandomSearch>' and '<TerminatorEvals> [n_evals=3, k=0]'
INFO  [16:43:37.154] [bbotk] Evaluating 1 configuration(s)
INFO  [16:43:37.601] [bbotk] Result of batch 1:
INFO  [16:43:37.602] [bbotk]  num.trees classif.ce warnings errors runtime_learners
INFO  [16:43:37.602] [bbotk]        471  0.1048383        0      0            0.382
INFO  [16:43:37.602] [bbotk]                                 uhash
INFO  [16:43:37.602] [bbotk]  78c57f78-6fc2-4c90-aa26-fc8f12dc18c6
INFO  [16:43:37.608] [bbotk] Evaluating 1 configuration(s)
INFO  [16:43:37.977] [bbotk] Result of batch 2:
INFO  [16:43:37.979] [bbotk]  num.trees classif.ce warnings errors runtime_learners
INFO  [16:43:37.979] [bbotk]        373   0.101973        0      0            0.311
INFO  [16:43:37.979] [bbotk]                                 uhash
INFO  [16:43:37.979] [bbotk]  422c095c-376d-45f9-9025-4299c9e476f4
INFO  [16:43:37.986] [bbotk] Evaluating 1 configuration(s)
INFO  [16:43:38.240] [bbotk] Result of batch 3:
INFO  [16:43:38.241] [bbotk]  num.trees classif.ce warnings errors runtime_learners
INFO  [16:43:38.241] [bbotk]        207  0.1038832        0      0            0.207
INFO  [16:43:38.241] [bbotk]                                 uhash
INFO  [16:43:38.241] [bbotk]  bea3cc45-d091-477e-bb19-374a6a13c293
INFO  [16:43:38.260] [bbotk] Finished optimizing after 3 evaluation(s)
INFO  [16:43:38.261] [bbotk] Result:
INFO  [16:43:38.265] [bbotk]  num.trees learner_param_vals  x_domain classif.ce
INFO  [16:43:38.265] [bbotk]      <int>             <list>    <list>      <num>
INFO  [16:43:38.265] [bbotk]        373          <list[2]> <list[1]>   0.101973
INFO  [16:43:38.517] [bbotk] Starting to optimize 1 parameter(s) with '<OptimizerBatchRandomSearch>' and '<TerminatorEvals> [n_evals=3, k=0]'
INFO  [16:43:38.528] [bbotk] Evaluating 1 configuration(s)
INFO  [16:43:38.766] [bbotk] Result of batch 1:
INFO  [16:43:38.767] [bbotk]  num.trees classif.ce warnings errors runtime_learners
INFO  [16:43:38.767] [bbotk]        185  0.1028571        0      0            0.167
INFO  [16:43:38.767] [bbotk]                                 uhash
INFO  [16:43:38.767] [bbotk]  090fbc11-cf25-4a0a-a731-6b4083336771
INFO  [16:43:38.771] [bbotk] Evaluating 1 configuration(s)
INFO  [16:43:39.137] [bbotk] Result of batch 2:
INFO  [16:43:39.138] [bbotk]  num.trees classif.ce warnings errors runtime_learners
INFO  [16:43:39.138] [bbotk]        326  0.1019048        0      0            0.318
INFO  [16:43:39.138] [bbotk]                                 uhash
INFO  [16:43:39.138] [bbotk]  770f45be-2c5e-41e6-8cb1-95587ef52fb5
INFO  [16:43:39.140] [bbotk] Evaluating 1 configuration(s)
INFO  [16:43:39.546] [bbotk] Result of batch 3:
INFO  [16:43:39.550] [bbotk]  num.trees classif.ce warnings errors runtime_learners
INFO  [16:43:39.550] [bbotk]        462        0.1        0      0            0.358
INFO  [16:43:39.550] [bbotk]                                 uhash
INFO  [16:43:39.550] [bbotk]  cca9f171-9e6c-407e-bae9-b0fa1c36040a
INFO  [16:43:39.568] [bbotk] Finished optimizing after 3 evaluation(s)
INFO  [16:43:39.568] [bbotk] Result:
INFO  [16:43:39.569] [bbotk]  num.trees learner_param_vals  x_domain classif.ce
INFO  [16:43:39.569] [bbotk]      <int>             <list>    <list>      <num>
INFO  [16:43:39.569] [bbotk]        462          <list[2]> <list[1]>        0.1
INFO  [16:43:39.802] [bbotk] Starting to optimize 1 parameter(s) with '<OptimizerBatchRandomSearch>' and '<TerminatorEvals> [n_evals=3, k=0]'
INFO  [16:43:39.812] [bbotk] Evaluating 1 configuration(s)
INFO  [16:43:40.106] [bbotk] Result of batch 1:
INFO  [16:43:40.107] [bbotk]  num.trees classif.ce warnings errors runtime_learners
INFO  [16:43:40.107] [bbotk]        329  0.0952381        0      0            0.257
INFO  [16:43:40.107] [bbotk]                                 uhash
INFO  [16:43:40.107] [bbotk]  afac5fe7-e47f-42e0-9b30-69ba23cc001f
INFO  [16:43:40.111] [bbotk] Evaluating 1 configuration(s)
INFO  [16:43:40.392] [bbotk] Result of batch 2:
INFO  [16:43:40.393] [bbotk]  num.trees classif.ce warnings errors runtime_learners
INFO  [16:43:40.393] [bbotk]        248 0.09428571        0      0            0.229
INFO  [16:43:40.393] [bbotk]                                 uhash
INFO  [16:43:40.393] [bbotk]  88c8b4db-1b89-42fe-8535-2bd6d4d3bf30
INFO  [16:43:40.395] [bbotk] Evaluating 1 configuration(s)
INFO  [16:43:40.766] [bbotk] Result of batch 3:
INFO  [16:43:40.769] [bbotk]  num.trees classif.ce warnings errors runtime_learners
INFO  [16:43:40.769] [bbotk]        373 0.09809524        0      0            0.327
INFO  [16:43:40.769] [bbotk]                                 uhash
INFO  [16:43:40.769] [bbotk]  a82bd259-bda7-4da5-a0ff-c507119ab37c
INFO  [16:43:40.780] [bbotk] Finished optimizing after 3 evaluation(s)
INFO  [16:43:40.780] [bbotk] Result:
INFO  [16:43:40.781] [bbotk]  num.trees learner_param_vals  x_domain classif.ce
INFO  [16:43:40.781] [bbotk]      <int>             <list>    <list>      <num>
INFO  [16:43:40.781] [bbotk]        248          <list[2]> <list[1]> 0.09428571
INFO  [16:43:40.945] [bbotk] Starting to optimize 1 parameter(s) with '<OptimizerBatchRandomSearch>' and '<TerminatorEvals> [n_evals=3, k=0]'
INFO  [16:43:40.952] [bbotk] Evaluating 1 configuration(s)
INFO  [16:43:41.116] [bbotk] Result of batch 1:
INFO  [16:43:41.117] [bbotk]  num.trees classif.ce warnings errors runtime_learners
INFO  [16:43:41.117] [bbotk]        113 0.09047619        0      0            0.114
INFO  [16:43:41.117] [bbotk]                                 uhash
INFO  [16:43:41.117] [bbotk]  11b2def3-cc6e-4015-899c-869e4d3637a6
INFO  [16:43:41.119] [bbotk] Evaluating 1 configuration(s)
INFO  [16:43:41.542] [bbotk] Result of batch 2:
INFO  [16:43:41.543] [bbotk]  num.trees classif.ce warnings errors runtime_learners
INFO  [16:43:41.543] [bbotk]        483 0.09428571        0      0            0.383
INFO  [16:43:41.543] [bbotk]                                 uhash
INFO  [16:43:41.543] [bbotk]  17ae4eef-61e0-4ba2-bedb-2d5c49219ce2
INFO  [16:43:41.545] [bbotk] Evaluating 1 configuration(s)
INFO  [16:43:41.964] [bbotk] Result of batch 3:
INFO  [16:43:41.966] [bbotk]  num.trees classif.ce warnings errors runtime_learners
INFO  [16:43:41.966] [bbotk]        468 0.09047619        0      0            0.379
INFO  [16:43:41.966] [bbotk]                                 uhash
INFO  [16:43:41.966] [bbotk]  451be9ad-5f0d-474e-880a-127d985e744b
INFO  [16:43:42.002] [bbotk] Finished optimizing after 3 evaluation(s)
INFO  [16:43:42.003] [bbotk] Result:
INFO  [16:43:42.005] [bbotk]  num.trees learner_param_vals  x_domain classif.ce
INFO  [16:43:42.005] [bbotk]      <int>             <list>    <list>      <num>
INFO  [16:43:42.005] [bbotk]        113          <list[2]> <list[1]> 0.09047619

### [bt]: Job terminated successfully [batchtools job.id=944]
### [bt]: Starting job [batchtools job.id=945]
### [bt]: Generating problem instance for problem '698720b8ce42ae0c' ...
### [bt]: Applying algorithm 'run_learner' on problem '698720b8ce42ae0c' for job 945 (seed = 946) ...
INFO  [16:43:42.324] [mlr3] Applying learner 'classif.ranger.tuned_calib.oof_isotonic' on task 'pc4' (iter 5/10)
INFO  [16:43:42.418] [bbotk] Starting to optimize 1 parameter(s) with '<OptimizerBatchRandomSearch>' and '<TerminatorEvals> [n_evals=3, k=0]'
INFO  [16:43:42.424] [bbotk] Evaluating 1 configuration(s)
INFO  [16:43:42.764] [bbotk] Result of batch 1:
INFO  [16:43:42.768] [bbotk]  num.trees classif.ce warnings errors runtime_learners
INFO  [16:43:42.768] [bbotk]        287   0.104841        0      0            0.244
INFO  [16:43:42.768] [bbotk]                                 uhash
INFO  [16:43:42.768] [bbotk]  1b5e6596-c68d-4b7a-b93a-a0d2f0862de6
INFO  [16:43:42.777] [bbotk] Evaluating 1 configuration(s)
INFO  [16:43:43.086] [bbotk] Result of batch 2:
INFO  [16:43:43.087] [bbotk]  num.trees classif.ce warnings errors runtime_learners
INFO  [16:43:43.087] [bbotk]        326  0.1077036        0      0             0.25
INFO  [16:43:43.087] [bbotk]                                 uhash
INFO  [16:43:43.087] [bbotk]  4d68ae72-76eb-4be4-8e0f-c3fa3190675c
INFO  [16:43:43.089] [bbotk] Evaluating 1 configuration(s)
INFO  [16:43:43.250] [bbotk] Result of batch 3:
INFO  [16:43:43.251] [bbotk]  num.trees classif.ce warnings errors runtime_learners
INFO  [16:43:43.251] [bbotk]        130  0.1115132        0      0            0.116
INFO  [16:43:43.251] [bbotk]                                 uhash
INFO  [16:43:43.251] [bbotk]  35f35961-b50a-4bb2-910d-d890f7944d87
INFO  [16:43:43.258] [bbotk] Finished optimizing after 3 evaluation(s)
INFO  [16:43:43.259] [bbotk] Result:
INFO  [16:43:43.260] [bbotk]  num.trees learner_param_vals  x_domain classif.ce
INFO  [16:43:43.260] [bbotk]      <int>             <list>    <list>      <num>
INFO  [16:43:43.260] [bbotk]        287          <list[2]> <list[1]>   0.104841
INFO  [16:43:43.465] [bbotk] Starting to optimize 1 parameter(s) with '<OptimizerBatchRandomSearch>' and '<TerminatorEvals> [n_evals=3, k=0]'
INFO  [16:43:43.470] [bbotk] Evaluating 1 configuration(s)
INFO  [16:43:43.911] [bbotk] Result of batch 1:
INFO  [16:43:43.913] [bbotk]  num.trees classif.ce warnings errors runtime_learners
INFO  [16:43:43.913] [bbotk]        401   0.091535        0      0             0.37
INFO  [16:43:43.913] [bbotk]                                 uhash
INFO  [16:43:43.913] [bbotk]  bf5a5807-c82c-482d-a1f6-959af57b7257
INFO  [16:43:43.919] [bbotk] Evaluating 1 configuration(s)
INFO  [16:43:44.083] [bbotk] Result of batch 2:
INFO  [16:43:44.084] [bbotk]  num.trees classif.ce warnings errors runtime_learners
INFO  [16:43:44.084] [bbotk]        120 0.09249011        0      0            0.105
INFO  [16:43:44.084] [bbotk]                                 uhash
INFO  [16:43:44.084] [bbotk]  baeeb9f4-8a66-48bf-9bcd-cf564e512478
INFO  [16:43:44.086] [bbotk] Evaluating 1 configuration(s)
INFO  [16:43:44.347] [bbotk] Result of batch 3:
INFO  [16:43:44.348] [bbotk]  num.trees classif.ce warnings errors runtime_learners
INFO  [16:43:44.348] [bbotk]        202 0.08962751        0      0            0.188
INFO  [16:43:44.348] [bbotk]                                 uhash
INFO  [16:43:44.348] [bbotk]  86b6ce0e-917a-4deb-bbd2-d7cc6e287453
INFO  [16:43:44.355] [bbotk] Finished optimizing after 3 evaluation(s)
INFO  [16:43:44.355] [bbotk] Result:
INFO  [16:43:44.356] [bbotk]  num.trees learner_param_vals  x_domain classif.ce
INFO  [16:43:44.356] [bbotk]      <int>             <list>    <list>      <num>
INFO  [16:43:44.356] [bbotk]        202          <list[2]> <list[1]> 0.08962751
INFO  [16:43:44.518] [bbotk] Starting to optimize 1 parameter(s) with '<OptimizerBatchRandomSearch>' and '<TerminatorEvals> [n_evals=3, k=0]'
INFO  [16:43:44.542] [bbotk] Evaluating 1 configuration(s)
INFO  [16:43:44.758] [bbotk] Result of batch 1:
INFO  [16:43:44.760] [bbotk]  num.trees classif.ce warnings errors runtime_learners
INFO  [16:43:44.760] [bbotk]        125  0.1047619        0      0            0.153
INFO  [16:43:44.760] [bbotk]                                 uhash
INFO  [16:43:44.760] [bbotk]  ac5f3460-00ea-465e-8d40-c97d6f2aeff8
INFO  [16:43:44.772] [bbotk] Evaluating 1 configuration(s)
INFO  [16:43:45.188] [bbotk] Result of batch 2:
INFO  [16:43:45.189] [bbotk]  num.trees classif.ce warnings errors runtime_learners
INFO  [16:43:45.189] [bbotk]        421        0.1        0      0            0.372
INFO  [16:43:45.189] [bbotk]                                 uhash
INFO  [16:43:45.189] [bbotk]  e93e1b17-72db-4510-a8e2-569ca7b3b297
INFO  [16:43:45.193] [bbotk] Evaluating 1 configuration(s)
INFO  [16:43:45.602] [bbotk] Result of batch 3:
INFO  [16:43:45.603] [bbotk]  num.trees classif.ce warnings errors runtime_learners
INFO  [16:43:45.603] [bbotk]        459 0.09904762        0      0            0.363
INFO  [16:43:45.603] [bbotk]                                 uhash
INFO  [16:43:45.603] [bbotk]  fc6b75a2-6d27-4d95-aa5f-61f5a74e2323
INFO  [16:43:45.610] [bbotk] Finished optimizing after 3 evaluation(s)
INFO  [16:43:45.610] [bbotk] Result:
INFO  [16:43:45.611] [bbotk]  num.trees learner_param_vals  x_domain classif.ce
INFO  [16:43:45.611] [bbotk]      <int>             <list>    <list>      <num>
INFO  [16:43:45.611] [bbotk]        459          <list[2]> <list[1]> 0.09904762
INFO  [16:43:45.842] [bbotk] Starting to optimize 1 parameter(s) with '<OptimizerBatchRandomSearch>' and '<TerminatorEvals> [n_evals=3, k=0]'
INFO  [16:43:45.846] [bbotk] Evaluating 1 configuration(s)
INFO  [16:43:46.264] [bbotk] Result of batch 1:
INFO  [16:43:46.265] [bbotk]  num.trees classif.ce warnings errors runtime_learners
INFO  [16:43:46.265] [bbotk]        418  0.1066667        0      0             0.35
INFO  [16:43:46.265] [bbotk]                                 uhash
INFO  [16:43:46.265] [bbotk]  6eb4da6a-0846-4df0-8fc6-918ec7df39b2
INFO  [16:43:46.268] [bbotk] Evaluating 1 configuration(s)
INFO  [16:43:46.541] [bbotk] Result of batch 2:
INFO  [16:43:46.542] [bbotk]  num.trees classif.ce warnings errors runtime_learners
INFO  [16:43:46.542] [bbotk]        249   0.112381        0      0            0.226
INFO  [16:43:46.542] [bbotk]                                 uhash
INFO  [16:43:46.542] [bbotk]  5df773df-615b-48fe-9229-8d55515b8cc0
INFO  [16:43:46.544] [bbotk] Evaluating 1 configuration(s)
INFO  [16:43:46.923] [bbotk] Result of batch 3:
INFO  [16:43:46.924] [bbotk]  num.trees classif.ce warnings errors runtime_learners
INFO  [16:43:46.924] [bbotk]        382   0.107619        0      0            0.329
INFO  [16:43:46.924] [bbotk]                                 uhash
INFO  [16:43:46.924] [bbotk]  b27f243a-ab27-4424-b0db-76edee12b668
INFO  [16:43:46.931] [bbotk] Finished optimizing after 3 evaluation(s)
INFO  [16:43:46.931] [bbotk] Result:
INFO  [16:43:46.933] [bbotk]  num.trees learner_param_vals  x_domain classif.ce
INFO  [16:43:46.933] [bbotk]      <int>             <list>    <list>      <num>
INFO  [16:43:46.933] [bbotk]        418          <list[2]> <list[1]>  0.1066667
INFO  [16:43:47.163] [bbotk] Starting to optimize 1 parameter(s) with '<OptimizerBatchRandomSearch>' and '<TerminatorEvals> [n_evals=3, k=0]'
INFO  [16:43:47.168] [bbotk] Evaluating 1 configuration(s)
INFO  [16:43:47.580] [bbotk] Result of batch 1:
INFO  [16:43:47.582] [bbotk]  num.trees classif.ce warnings errors runtime_learners
INFO  [16:43:47.582] [bbotk]        451  0.1047619        0      0            0.354
INFO  [16:43:47.582] [bbotk]                                 uhash
INFO  [16:43:47.582] [bbotk]  b27bb167-a6e4-4555-85b8-dccd3d970a4f
INFO  [16:43:47.587] [bbotk] Evaluating 1 configuration(s)
INFO  [16:43:48.022] [bbotk] Result of batch 2:
INFO  [16:43:48.023] [bbotk]  num.trees classif.ce warnings errors runtime_learners
INFO  [16:43:48.023] [bbotk]        461  0.1047619        0      0            0.393
INFO  [16:43:48.023] [bbotk]                                 uhash
INFO  [16:43:48.023] [bbotk]  13658e28-f8f9-4eb9-a47b-56f9d9c4b217
INFO  [16:43:48.026] [bbotk] Evaluating 1 configuration(s)
INFO  [16:43:48.377] [bbotk] Result of batch 3:
INFO  [16:43:48.379] [bbotk]  num.trees classif.ce warnings errors runtime_learners
INFO  [16:43:48.379] [bbotk]        329  0.1047619        0      0            0.306
INFO  [16:43:48.379] [bbotk]                                 uhash
INFO  [16:43:48.379] [bbotk]  0f2a93f4-5fe3-4f08-acb5-7a529cad3ff9
INFO  [16:43:48.386] [bbotk] Finished optimizing after 3 evaluation(s)
INFO  [16:43:48.387] [bbotk] Result:
INFO  [16:43:48.388] [bbotk]  num.trees learner_param_vals  x_domain classif.ce
INFO  [16:43:48.388] [bbotk]      <int>             <list>    <list>      <num>
INFO  [16:43:48.388] [bbotk]        451          <list[2]> <list[1]>  0.1047619

### [bt]: Job terminated successfully [batchtools job.id=945]
### [bt]: Calculation finished!
