### [bt]: This is batchtools v0.9.17
### [bt]: Starting calculation of 5 jobs
### [bt]: Setting working directory to '/Users/User/Documents/Studium/Semester8/Hiwi/mlr3calibration/vignettes'
### [bt]: Memory measurement disabled
### [bt]: Starting job [batchtools job.id=1721]
### [bt]: Generating problem instance for problem '42e9f2146ba77696' ...
### [bt]: Applying algorithm 'run_learner' on problem '42e9f2146ba77696' for job 1721 (seed = 1722) ...
INFO  [17:00:24.558] [mlr3] Applying learner 'classif.ranger.tuned_calib.oof_isotonic' on task 'kc1' (iter 1/10)
INFO  [17:00:24.624] [bbotk] Starting to optimize 1 parameter(s) with '<OptimizerBatchRandomSearch>' and '<TerminatorEvals> [n_evals=3, k=0]'
INFO  [17:00:24.642] [bbotk] Evaluating 1 configuration(s)
INFO  [17:00:24.889] [bbotk] Result of batch 1:
INFO  [17:00:24.892] [bbotk]  num.trees classif.ce warnings errors runtime_learners
INFO  [17:00:24.892] [bbotk]        115    0.14361        0      0            0.177
INFO  [17:00:24.892] [bbotk]                                 uhash
INFO  [17:00:24.892] [bbotk]  8233b77c-dbb9-484e-94f5-5b33ae4046e4
INFO  [17:00:24.896] [bbotk] Evaluating 1 configuration(s)
INFO  [17:00:25.546] [bbotk] Result of batch 2:
INFO  [17:00:25.547] [bbotk]  num.trees classif.ce warnings errors runtime_learners
INFO  [17:00:25.547] [bbotk]        477  0.1469038        0      0            0.608
INFO  [17:00:25.547] [bbotk]                                 uhash
INFO  [17:00:25.547] [bbotk]  62335432-efac-4039-94be-135c196d8868
INFO  [17:00:25.550] [bbotk] Evaluating 1 configuration(s)
INFO  [17:00:25.802] [bbotk] Result of batch 3:
INFO  [17:00:25.803] [bbotk]  num.trees classif.ce warnings errors runtime_learners
INFO  [17:00:25.803] [bbotk]        117  0.1495389        0      0            0.196
INFO  [17:00:25.803] [bbotk]                                 uhash
INFO  [17:00:25.803] [bbotk]  9c755057-5a67-4de1-992a-32a6309066c4
INFO  [17:00:25.816] [bbotk] Finished optimizing after 3 evaluation(s)
INFO  [17:00:25.816] [bbotk] Result:
INFO  [17:00:25.818] [bbotk]  num.trees learner_param_vals  x_domain classif.ce
INFO  [17:00:25.818] [bbotk]      <int>             <list>    <list>      <num>
INFO  [17:00:25.818] [bbotk]        115          <list[2]> <list[1]>    0.14361
INFO  [17:00:26.011] [bbotk] Starting to optimize 1 parameter(s) with '<OptimizerBatchRandomSearch>' and '<TerminatorEvals> [n_evals=3, k=0]'
INFO  [17:00:26.016] [bbotk] Evaluating 1 configuration(s)
INFO  [17:00:26.341] [bbotk] Result of batch 1:
INFO  [17:00:26.343] [bbotk]  num.trees classif.ce warnings errors runtime_learners
INFO  [17:00:26.343] [bbotk]        182  0.1541502        0      0            0.262
INFO  [17:00:26.343] [bbotk]                                 uhash
INFO  [17:00:26.343] [bbotk]  f845378c-da16-4dc9-8752-84581f705c9a
INFO  [17:00:26.350] [bbotk] Evaluating 1 configuration(s)
INFO  [17:00:26.810] [bbotk] Result of batch 2:
INFO  [17:00:26.812] [bbotk]  num.trees classif.ce warnings errors runtime_learners
INFO  [17:00:26.812] [bbotk]        322  0.1561265        0      0            0.418
INFO  [17:00:26.812] [bbotk]                                 uhash
INFO  [17:00:26.812] [bbotk]  8d32c4a2-f600-4483-9c60-f62f35a0c5f5
INFO  [17:00:26.816] [bbotk] Evaluating 1 configuration(s)
INFO  [17:00:27.339] [bbotk] Result of batch 3:
INFO  [17:00:27.341] [bbotk]  num.trees classif.ce warnings errors runtime_learners
INFO  [17:00:27.341] [bbotk]        389  0.1541502        0      0            0.471
INFO  [17:00:27.341] [bbotk]                                 uhash
INFO  [17:00:27.341] [bbotk]  5ddf8528-1705-4fec-8b77-d06295625a02
INFO  [17:00:27.351] [bbotk] Finished optimizing after 3 evaluation(s)
INFO  [17:00:27.352] [bbotk] Result:
INFO  [17:00:27.353] [bbotk]  num.trees learner_param_vals  x_domain classif.ce
INFO  [17:00:27.353] [bbotk]      <int>             <list>    <list>      <num>
INFO  [17:00:27.353] [bbotk]        182          <list[2]> <list[1]>  0.1541502
INFO  [17:00:27.524] [bbotk] Starting to optimize 1 parameter(s) with '<OptimizerBatchRandomSearch>' and '<TerminatorEvals> [n_evals=3, k=0]'
INFO  [17:00:27.536] [bbotk] Evaluating 1 configuration(s)
INFO  [17:00:28.057] [bbotk] Result of batch 1:
INFO  [17:00:28.058] [bbotk]  num.trees classif.ce warnings errors runtime_learners
INFO  [17:00:28.058] [bbotk]        357  0.1389987        0      0            0.461
INFO  [17:00:28.058] [bbotk]                                 uhash
INFO  [17:00:28.058] [bbotk]  2e56b946-ff6e-4a53-9d22-b5cc01700978
INFO  [17:00:28.061] [bbotk] Evaluating 1 configuration(s)
INFO  [17:00:28.362] [bbotk] Result of batch 2:
INFO  [17:00:28.363] [bbotk]  num.trees classif.ce warnings errors runtime_learners
INFO  [17:00:28.363] [bbotk]        186  0.1389987        0      0            0.251
INFO  [17:00:28.363] [bbotk]                                 uhash
INFO  [17:00:28.363] [bbotk]  c8729122-a82b-4d4e-b4aa-38f185881670
INFO  [17:00:28.370] [bbotk] Evaluating 1 configuration(s)
INFO  [17:00:28.712] [bbotk] Result of batch 3:
INFO  [17:00:28.714] [bbotk]  num.trees classif.ce warnings errors runtime_learners
INFO  [17:00:28.714] [bbotk]        189  0.1416337        0      0            0.284
INFO  [17:00:28.714] [bbotk]                                 uhash
INFO  [17:00:28.714] [bbotk]  1a02de4f-f487-43f9-9465-59abd7b7f206
INFO  [17:00:28.749] [bbotk] Finished optimizing after 3 evaluation(s)
INFO  [17:00:28.750] [bbotk] Result:
INFO  [17:00:28.752] [bbotk]  num.trees learner_param_vals  x_domain classif.ce
INFO  [17:00:28.752] [bbotk]      <int>             <list>    <list>      <num>
INFO  [17:00:28.752] [bbotk]        357          <list[2]> <list[1]>  0.1389987
INFO  [17:00:29.049] [bbotk] Starting to optimize 1 parameter(s) with '<OptimizerBatchRandomSearch>' and '<TerminatorEvals> [n_evals=3, k=0]'
INFO  [17:00:29.062] [bbotk] Evaluating 1 configuration(s)
INFO  [17:00:29.337] [bbotk] Result of batch 1:
INFO  [17:00:29.337] [bbotk]  num.trees classif.ce warnings errors runtime_learners
INFO  [17:00:29.337] [bbotk]        165  0.1520752        0      0            0.229
INFO  [17:00:29.337] [bbotk]                                 uhash
INFO  [17:00:29.337] [bbotk]  8f818164-6d8f-4e2a-9cc0-7cd9b6ee1c7f
INFO  [17:00:29.339] [bbotk] Evaluating 1 configuration(s)
INFO  [17:00:29.551] [bbotk] Result of batch 2:
INFO  [17:00:29.552] [bbotk]  num.trees classif.ce warnings errors runtime_learners
INFO  [17:00:29.552] [bbotk]        122   0.151419        0      0            0.169
INFO  [17:00:29.552] [bbotk]                                 uhash
INFO  [17:00:29.552] [bbotk]  17e0083a-26cc-48c2-8fb2-0279acc03fbf
INFO  [17:00:29.554] [bbotk] Evaluating 1 configuration(s)
INFO  [17:00:29.958] [bbotk] Result of batch 3:
INFO  [17:00:29.959] [bbotk]  num.trees classif.ce warnings errors runtime_learners
INFO  [17:00:29.959] [bbotk]        298  0.1560225        0      0            0.353
INFO  [17:00:29.959] [bbotk]                                 uhash
INFO  [17:00:29.959] [bbotk]  5a6308d9-1c45-4a9e-a42e-df44892c60b1
INFO  [17:00:29.970] [bbotk] Finished optimizing after 3 evaluation(s)
INFO  [17:00:29.971] [bbotk] Result:
INFO  [17:00:29.971] [bbotk]  num.trees learner_param_vals  x_domain classif.ce
INFO  [17:00:29.971] [bbotk]      <int>             <list>    <list>      <num>
INFO  [17:00:29.971] [bbotk]        122          <list[2]> <list[1]>   0.151419
INFO  [17:00:30.111] [bbotk] Starting to optimize 1 parameter(s) with '<OptimizerBatchRandomSearch>' and '<TerminatorEvals> [n_evals=3, k=0]'
INFO  [17:00:30.122] [bbotk] Evaluating 1 configuration(s)
INFO  [17:00:30.617] [bbotk] Result of batch 1:
INFO  [17:00:30.619] [bbotk]  num.trees classif.ce warnings errors runtime_learners
INFO  [17:00:30.619] [bbotk]        376  0.1626024        0      0            0.435
INFO  [17:00:30.619] [bbotk]                                 uhash
INFO  [17:00:30.619] [bbotk]  df251fc9-1e45-4f10-be1b-386620c37729
INFO  [17:00:30.624] [bbotk] Evaluating 1 configuration(s)
INFO  [17:00:31.198] [bbotk] Result of batch 2:
INFO  [17:00:31.209] [bbotk]  num.trees classif.ce warnings errors runtime_learners
INFO  [17:00:31.209] [bbotk]        460  0.1639173        0      0            0.524
INFO  [17:00:31.209] [bbotk]                                 uhash
INFO  [17:00:31.209] [bbotk]  2a8a44bb-3cba-4d05-ae43-a98b9af3bbf0
INFO  [17:00:31.217] [bbotk] Evaluating 1 configuration(s)
INFO  [17:00:31.438] [bbotk] Result of batch 3:
INFO  [17:00:31.439] [bbotk]  num.trees classif.ce warnings errors runtime_learners
INFO  [17:00:31.439] [bbotk]        124  0.1573336        0      0            0.169
INFO  [17:00:31.439] [bbotk]                                 uhash
INFO  [17:00:31.439] [bbotk]  88d70682-8414-4a0d-9e60-a2dee2a9272c
INFO  [17:00:31.452] [bbotk] Finished optimizing after 3 evaluation(s)
INFO  [17:00:31.452] [bbotk] Result:
INFO  [17:00:31.454] [bbotk]  num.trees learner_param_vals  x_domain classif.ce
INFO  [17:00:31.454] [bbotk]      <int>             <list>    <list>      <num>
INFO  [17:00:31.454] [bbotk]        124          <list[2]> <list[1]>  0.1573336

### [bt]: Job terminated successfully [batchtools job.id=1721]
### [bt]: Starting job [batchtools job.id=1722]
### [bt]: Generating problem instance for problem '42e9f2146ba77696' ...
### [bt]: Applying algorithm 'run_learner' on problem '42e9f2146ba77696' for job 1722 (seed = 1723) ...
INFO  [17:00:31.789] [mlr3] Applying learner 'classif.ranger.tuned_calib.oof_isotonic' on task 'kc1' (iter 2/10)
INFO  [17:00:31.915] [bbotk] Starting to optimize 1 parameter(s) with '<OptimizerBatchRandomSearch>' and '<TerminatorEvals> [n_evals=3, k=0]'
INFO  [17:00:31.933] [bbotk] Evaluating 1 configuration(s)
INFO  [17:00:32.125] [bbotk] Result of batch 1:
INFO  [17:00:32.127] [bbotk]  num.trees classif.ce warnings errors runtime_learners
INFO  [17:00:32.127] [bbotk]        100  0.1422925        0      0            0.144
INFO  [17:00:32.127] [bbotk]                                 uhash
INFO  [17:00:32.127] [bbotk]  25d51afc-4a6c-46f7-a67b-18ba7290fa50
INFO  [17:00:32.132] [bbotk] Evaluating 1 configuration(s)
INFO  [17:00:32.365] [bbotk] Result of batch 2:
INFO  [17:00:32.366] [bbotk]  num.trees classif.ce warnings errors runtime_learners
INFO  [17:00:32.366] [bbotk]        114  0.1422925        0      0            0.168
INFO  [17:00:32.366] [bbotk]                                 uhash
INFO  [17:00:32.366] [bbotk]  3a382d47-eecd-4354-84e1-f0d420d5299a
INFO  [17:00:32.373] [bbotk] Evaluating 1 configuration(s)
INFO  [17:00:32.977] [bbotk] Result of batch 3:
INFO  [17:00:32.978] [bbotk]  num.trees classif.ce warnings errors runtime_learners
INFO  [17:00:32.978] [bbotk]        445   0.140975        0      0            0.554
INFO  [17:00:32.978] [bbotk]                                 uhash
INFO  [17:00:32.978] [bbotk]  09bb8b9d-b82b-4735-a928-9e92bd7d33d1
INFO  [17:00:32.987] [bbotk] Finished optimizing after 3 evaluation(s)
INFO  [17:00:32.987] [bbotk] Result:
INFO  [17:00:32.987] [bbotk]  num.trees learner_param_vals  x_domain classif.ce
INFO  [17:00:32.987] [bbotk]      <int>             <list>    <list>      <num>
INFO  [17:00:32.987] [bbotk]        445          <list[2]> <list[1]>   0.140975
INFO  [17:00:33.310] [bbotk] Starting to optimize 1 parameter(s) with '<OptimizerBatchRandomSearch>' and '<TerminatorEvals> [n_evals=3, k=0]'
INFO  [17:00:33.315] [bbotk] Evaluating 1 configuration(s)
INFO  [17:00:33.718] [bbotk] Result of batch 1:
INFO  [17:00:33.719] [bbotk]  num.trees classif.ce warnings errors runtime_learners
INFO  [17:00:33.719] [bbotk]        327  0.1422925        0      0             0.37
INFO  [17:00:33.719] [bbotk]                                 uhash
INFO  [17:00:33.719] [bbotk]  3c5801f5-deff-4060-9e0e-b7323002a736
INFO  [17:00:33.721] [bbotk] Evaluating 1 configuration(s)
INFO  [17:00:34.093] [bbotk] Result of batch 2:
INFO  [17:00:34.095] [bbotk]  num.trees classif.ce warnings errors runtime_learners
INFO  [17:00:34.095] [bbotk]        240  0.1422925        0      0            0.309
INFO  [17:00:34.095] [bbotk]                                 uhash
INFO  [17:00:34.095] [bbotk]  de271a25-7108-466f-907f-40e9b0ff3844
INFO  [17:00:34.100] [bbotk] Evaluating 1 configuration(s)
INFO  [17:00:34.339] [bbotk] Result of batch 3:
INFO  [17:00:34.340] [bbotk]  num.trees classif.ce warnings errors runtime_learners
INFO  [17:00:34.340] [bbotk]        129  0.1442688        0      0            0.194
INFO  [17:00:34.340] [bbotk]                                 uhash
INFO  [17:00:34.340] [bbotk]  eeb9330e-ee02-44e2-9a23-7db95263aa96
INFO  [17:00:34.347] [bbotk] Finished optimizing after 3 evaluation(s)
INFO  [17:00:34.348] [bbotk] Result:
INFO  [17:00:34.349] [bbotk]  num.trees learner_param_vals  x_domain classif.ce
INFO  [17:00:34.349] [bbotk]      <int>             <list>    <list>      <num>
INFO  [17:00:34.349] [bbotk]        327          <list[2]> <list[1]>  0.1422925
INFO  [17:00:34.619] [bbotk] Starting to optimize 1 parameter(s) with '<OptimizerBatchRandomSearch>' and '<TerminatorEvals> [n_evals=3, k=0]'
INFO  [17:00:34.636] [bbotk] Evaluating 1 configuration(s)
INFO  [17:00:35.003] [bbotk] Result of batch 1:
INFO  [17:00:35.006] [bbotk]  num.trees classif.ce warnings errors runtime_learners
INFO  [17:00:35.006] [bbotk]        252  0.1482213        0      0            0.323
INFO  [17:00:35.006] [bbotk]                                 uhash
INFO  [17:00:35.006] [bbotk]  a971d278-a773-4da7-935b-63d136acf5f3
INFO  [17:00:35.010] [bbotk] Evaluating 1 configuration(s)
INFO  [17:00:35.748] [bbotk] Result of batch 2:
INFO  [17:00:35.749] [bbotk]  num.trees classif.ce warnings errors runtime_learners
INFO  [17:00:35.749] [bbotk]        476  0.1521739        0      0            0.689
INFO  [17:00:35.749] [bbotk]                                 uhash
INFO  [17:00:35.749] [bbotk]  fd0e8d8c-ed58-413d-8431-b72e9ae50a69
INFO  [17:00:35.758] [bbotk] Evaluating 1 configuration(s)
INFO  [17:00:35.961] [bbotk] Result of batch 3:
INFO  [17:00:35.962] [bbotk]  num.trees classif.ce warnings errors runtime_learners
INFO  [17:00:35.962] [bbotk]        104  0.1495389        0      0            0.147
INFO  [17:00:35.962] [bbotk]                                 uhash
INFO  [17:00:35.962] [bbotk]  8e5ecdfb-2a2b-426a-ab75-9a9c6dd08379
INFO  [17:00:35.970] [bbotk] Finished optimizing after 3 evaluation(s)
INFO  [17:00:35.970] [bbotk] Result:
INFO  [17:00:35.971] [bbotk]  num.trees learner_param_vals  x_domain classif.ce
INFO  [17:00:35.971] [bbotk]      <int>             <list>    <list>      <num>
INFO  [17:00:35.971] [bbotk]        252          <list[2]> <list[1]>  0.1482213
INFO  [17:00:36.196] [bbotk] Starting to optimize 1 parameter(s) with '<OptimizerBatchRandomSearch>' and '<TerminatorEvals> [n_evals=3, k=0]'
INFO  [17:00:36.206] [bbotk] Evaluating 1 configuration(s)
INFO  [17:00:36.830] [bbotk] Result of batch 1:
INFO  [17:00:36.832] [bbotk]  num.trees classif.ce warnings errors runtime_learners
INFO  [17:00:36.832] [bbotk]        437  0.1586511        0      0            0.561
INFO  [17:00:36.832] [bbotk]                                 uhash
INFO  [17:00:36.832] [bbotk]  8f42e46d-d2c2-48f6-84b4-1ae0eb083d33
INFO  [17:00:36.837] [bbotk] Evaluating 1 configuration(s)
INFO  [17:00:37.344] [bbotk] Result of batch 2:
INFO  [17:00:37.345] [bbotk]  num.trees classif.ce warnings errors runtime_learners
INFO  [17:00:37.345] [bbotk]        304   0.161941        0      0            0.431
INFO  [17:00:37.345] [bbotk]                                 uhash
INFO  [17:00:37.345] [bbotk]  b8679f8b-30ea-43d8-98cd-ebd88d6d8293
INFO  [17:00:37.347] [bbotk] Evaluating 1 configuration(s)
INFO  [17:00:37.734] [bbotk] Result of batch 3:
INFO  [17:00:37.735] [bbotk]  num.trees classif.ce warnings errors runtime_learners
INFO  [17:00:37.735] [bbotk]        290  0.1606222        0      0            0.351
INFO  [17:00:37.735] [bbotk]                                 uhash
INFO  [17:00:37.735] [bbotk]  fbd7747a-3b45-418a-9845-70e0d51e1f06
INFO  [17:00:37.748] [bbotk] Finished optimizing after 3 evaluation(s)
INFO  [17:00:37.748] [bbotk] Result:
INFO  [17:00:37.749] [bbotk]  num.trees learner_param_vals  x_domain classif.ce
INFO  [17:00:37.749] [bbotk]      <int>             <list>    <list>      <num>
INFO  [17:00:37.749] [bbotk]        437          <list[2]> <list[1]>  0.1586511
INFO  [17:00:38.056] [bbotk] Starting to optimize 1 parameter(s) with '<OptimizerBatchRandomSearch>' and '<TerminatorEvals> [n_evals=3, k=0]'
INFO  [17:00:38.066] [bbotk] Evaluating 1 configuration(s)
INFO  [17:00:38.392] [bbotk] Result of batch 1:
INFO  [17:00:38.395] [bbotk]  num.trees classif.ce warnings errors runtime_learners
INFO  [17:00:38.395] [bbotk]        193  0.1481252        0      0            0.256
INFO  [17:00:38.395] [bbotk]                                 uhash
INFO  [17:00:38.395] [bbotk]  3bb10233-05ee-4555-a66e-e2d32cea4b59
INFO  [17:00:38.400] [bbotk] Evaluating 1 configuration(s)
INFO  [17:00:38.801] [bbotk] Result of batch 2:
INFO  [17:00:38.803] [bbotk]  num.trees classif.ce warnings errors runtime_learners
INFO  [17:00:38.803] [bbotk]        273  0.1441752        0      0             0.34
INFO  [17:00:38.803] [bbotk]                                 uhash
INFO  [17:00:38.803] [bbotk]  30039924-55e5-46ab-85c4-4043f75d5e06
INFO  [17:00:38.806] [bbotk] Evaluating 1 configuration(s)
INFO  [17:00:39.071] [bbotk] Result of batch 3:
INFO  [17:00:39.073] [bbotk]  num.trees classif.ce warnings errors runtime_learners
INFO  [17:00:39.073] [bbotk]        153   0.144834        0      0            0.204
INFO  [17:00:39.073] [bbotk]                                 uhash
INFO  [17:00:39.073] [bbotk]  d4e5c0ee-5116-4c58-a14b-8c45e1234555
INFO  [17:00:39.081] [bbotk] Finished optimizing after 3 evaluation(s)
INFO  [17:00:39.082] [bbotk] Result:
INFO  [17:00:39.083] [bbotk]  num.trees learner_param_vals  x_domain classif.ce
INFO  [17:00:39.083] [bbotk]      <int>             <list>    <list>      <num>
INFO  [17:00:39.083] [bbotk]        273          <list[2]> <list[1]>  0.1441752

### [bt]: Job terminated successfully [batchtools job.id=1722]
### [bt]: Starting job [batchtools job.id=1723]
### [bt]: Generating problem instance for problem '42e9f2146ba77696' ...
### [bt]: Applying algorithm 'run_learner' on problem '42e9f2146ba77696' for job 1723 (seed = 1724) ...
INFO  [17:00:39.561] [mlr3] Applying learner 'classif.ranger.tuned_calib.oof_isotonic' on task 'kc1' (iter 3/10)
INFO  [17:00:39.616] [bbotk] Starting to optimize 1 parameter(s) with '<OptimizerBatchRandomSearch>' and '<TerminatorEvals> [n_evals=3, k=0]'
INFO  [17:00:39.626] [bbotk] Evaluating 1 configuration(s)
INFO  [17:00:40.229] [bbotk] Result of batch 1:
INFO  [17:00:40.231] [bbotk]  num.trees classif.ce warnings errors runtime_learners
INFO  [17:00:40.231] [bbotk]        477  0.1264822        0      0            0.558
INFO  [17:00:40.231] [bbotk]                                 uhash
INFO  [17:00:40.231] [bbotk]  0a1292e5-112f-4758-a6bc-ec55ca54b0cb
INFO  [17:00:40.234] [bbotk] Evaluating 1 configuration(s)
INFO  [17:00:40.632] [bbotk] Result of batch 2:
INFO  [17:00:40.633] [bbotk]  num.trees classif.ce warnings errors runtime_learners
INFO  [17:00:40.633] [bbotk]        262  0.1317523        0      0            0.341
INFO  [17:00:40.633] [bbotk]                                 uhash
INFO  [17:00:40.633] [bbotk]  da661a50-5f63-48b6-9675-c7eb2ab0e227
INFO  [17:00:40.639] [bbotk] Evaluating 1 configuration(s)
INFO  [17:00:41.405] [bbotk] Result of batch 3:
INFO  [17:00:41.407] [bbotk]  num.trees classif.ce warnings errors runtime_learners
INFO  [17:00:41.407] [bbotk]        492  0.1284585        0      0            0.697
INFO  [17:00:41.407] [bbotk]                                 uhash
INFO  [17:00:41.407] [bbotk]  40a4a28f-a49e-497c-b730-714d58484426
INFO  [17:00:41.420] [bbotk] Finished optimizing after 3 evaluation(s)
INFO  [17:00:41.421] [bbotk] Result:
INFO  [17:00:41.422] [bbotk]  num.trees learner_param_vals  x_domain classif.ce
INFO  [17:00:41.422] [bbotk]      <int>             <list>    <list>      <num>
INFO  [17:00:41.422] [bbotk]        477          <list[2]> <list[1]>  0.1264822
INFO  [17:00:41.839] [bbotk] Starting to optimize 1 parameter(s) with '<OptimizerBatchRandomSearch>' and '<TerminatorEvals> [n_evals=3, k=0]'
INFO  [17:00:41.847] [bbotk] Evaluating 1 configuration(s)
INFO  [17:00:42.174] [bbotk] Result of batch 1:
INFO  [17:00:42.175] [bbotk]  num.trees classif.ce warnings errors runtime_learners
INFO  [17:00:42.175] [bbotk]        208  0.1396574        0      0            0.271
INFO  [17:00:42.175] [bbotk]                                 uhash
INFO  [17:00:42.175] [bbotk]  376da09f-7cfd-4e92-b7c9-39f0963558b8
INFO  [17:00:42.179] [bbotk] Evaluating 1 configuration(s)
INFO  [17:00:42.730] [bbotk] Result of batch 2:
INFO  [17:00:42.731] [bbotk]  num.trees classif.ce warnings errors runtime_learners
INFO  [17:00:42.731] [bbotk]        364   0.140975        0      0            0.487
INFO  [17:00:42.731] [bbotk]                                 uhash
INFO  [17:00:42.731] [bbotk]  c39e8f20-5232-400f-aa7b-793ef0d9c313
INFO  [17:00:42.735] [bbotk] Evaluating 1 configuration(s)
INFO  [17:00:43.183] [bbotk] Result of batch 3:
INFO  [17:00:43.184] [bbotk]  num.trees classif.ce warnings errors runtime_learners
INFO  [17:00:43.184] [bbotk]        343  0.1376812        0      0            0.397
INFO  [17:00:43.184] [bbotk]                                 uhash
INFO  [17:00:43.184] [bbotk]  33b8e0cd-6718-4e60-af41-bb1aca3d4e9d
INFO  [17:00:43.191] [bbotk] Finished optimizing after 3 evaluation(s)
INFO  [17:00:43.191] [bbotk] Result:
INFO  [17:00:43.193] [bbotk]  num.trees learner_param_vals  x_domain classif.ce
INFO  [17:00:43.193] [bbotk]      <int>             <list>    <list>      <num>
INFO  [17:00:43.193] [bbotk]        343          <list[2]> <list[1]>  0.1376812
INFO  [17:00:43.459] [bbotk] Starting to optimize 1 parameter(s) with '<OptimizerBatchRandomSearch>' and '<TerminatorEvals> [n_evals=3, k=0]'
INFO  [17:00:43.474] [bbotk] Evaluating 1 configuration(s)
INFO  [17:00:44.043] [bbotk] Result of batch 1:
INFO  [17:00:44.045] [bbotk]  num.trees classif.ce warnings errors runtime_learners
INFO  [17:00:44.045] [bbotk]        412  0.1462451        0      0            0.505
INFO  [17:00:44.045] [bbotk]                                 uhash
INFO  [17:00:44.045] [bbotk]  a299206a-76f3-4b2a-ab7a-b998c0e9ca65
INFO  [17:00:44.050] [bbotk] Evaluating 1 configuration(s)
INFO  [17:00:44.548] [bbotk] Result of batch 2:
INFO  [17:00:44.549] [bbotk]  num.trees classif.ce warnings errors runtime_learners
INFO  [17:00:44.549] [bbotk]        343  0.1455863        0      0            0.434
INFO  [17:00:44.549] [bbotk]                                 uhash
INFO  [17:00:44.549] [bbotk]  057dd454-70e7-41cf-87ee-937a418ad692
INFO  [17:00:44.554] [bbotk] Evaluating 1 configuration(s)
INFO  [17:00:44.970] [bbotk] Result of batch 3:
INFO  [17:00:44.972] [bbotk]  num.trees classif.ce warnings errors runtime_learners
INFO  [17:00:44.972] [bbotk]        291  0.1442688        0      0            0.369
INFO  [17:00:44.972] [bbotk]                                 uhash
INFO  [17:00:44.972] [bbotk]  73d658f0-3d70-48bc-9fe6-1c6d91727d0b
INFO  [17:00:44.992] [bbotk] Finished optimizing after 3 evaluation(s)
INFO  [17:00:44.992] [bbotk] Result:
INFO  [17:00:44.993] [bbotk]  num.trees learner_param_vals  x_domain classif.ce
INFO  [17:00:44.993] [bbotk]      <int>             <list>    <list>      <num>
INFO  [17:00:44.993] [bbotk]        291          <list[2]> <list[1]>  0.1442688
INFO  [17:00:45.236] [bbotk] Starting to optimize 1 parameter(s) with '<OptimizerBatchRandomSearch>' and '<TerminatorEvals> [n_evals=3, k=0]'
INFO  [17:00:45.241] [bbotk] Evaluating 1 configuration(s)
INFO  [17:00:45.493] [bbotk] Result of batch 1:
INFO  [17:00:45.494] [bbotk]  num.trees classif.ce warnings errors runtime_learners
INFO  [17:00:45.494] [bbotk]        146  0.1507667        0      0            0.205
INFO  [17:00:45.494] [bbotk]                                 uhash
INFO  [17:00:45.494] [bbotk]  60377c72-b4a1-464e-80fd-ba30b10571ff
INFO  [17:00:45.496] [bbotk] Evaluating 1 configuration(s)
INFO  [17:00:45.995] [bbotk] Result of batch 2:
INFO  [17:00:46.003] [bbotk]  num.trees classif.ce warnings errors runtime_learners
INFO  [17:00:46.003] [bbotk]        359  0.1507628        0      0            0.457
INFO  [17:00:46.003] [bbotk]                                 uhash
INFO  [17:00:46.003] [bbotk]  500943fc-3ed7-4d3a-94ed-86700ffa9e4f
INFO  [17:00:46.008] [bbotk] Evaluating 1 configuration(s)
INFO  [17:00:46.315] [bbotk] Result of batch 3:
INFO  [17:00:46.316] [bbotk]  num.trees classif.ce warnings errors runtime_learners
INFO  [17:00:46.316] [bbotk]        182  0.1540579        0      0            0.247
INFO  [17:00:46.316] [bbotk]                                 uhash
INFO  [17:00:46.316] [bbotk]  a4967413-8ffa-4fb2-ae90-c448b34988e7
INFO  [17:00:46.329] [bbotk] Finished optimizing after 3 evaluation(s)
INFO  [17:00:46.330] [bbotk] Result:
INFO  [17:00:46.331] [bbotk]  num.trees learner_param_vals  x_domain classif.ce
INFO  [17:00:46.331] [bbotk]      <int>             <list>    <list>      <num>
INFO  [17:00:46.331] [bbotk]        359          <list[2]> <list[1]>  0.1507628
INFO  [17:00:46.658] [bbotk] Starting to optimize 1 parameter(s) with '<OptimizerBatchRandomSearch>' and '<TerminatorEvals> [n_evals=3, k=0]'
INFO  [17:00:46.665] [bbotk] Evaluating 1 configuration(s)
INFO  [17:00:47.055] [bbotk] Result of batch 1:
INFO  [17:00:47.056] [bbotk]  num.trees classif.ce warnings errors runtime_learners
INFO  [17:00:47.056] [bbotk]        264  0.1481187        0      0            0.332
INFO  [17:00:47.056] [bbotk]                                 uhash
INFO  [17:00:47.056] [bbotk]  883aa737-e604-4fb5-97b7-30e77df8ac98
INFO  [17:00:47.059] [bbotk] Evaluating 1 configuration(s)
INFO  [17:00:47.648] [bbotk] Result of batch 2:
INFO  [17:00:47.649] [bbotk]  num.trees classif.ce warnings errors runtime_learners
INFO  [17:00:47.649] [bbotk]        448  0.1553625        0      0            0.547
INFO  [17:00:47.649] [bbotk]                                 uhash
INFO  [17:00:47.649] [bbotk]  36a035bf-eccd-4eab-b1cb-07e49e03a0dc
INFO  [17:00:47.652] [bbotk] Evaluating 1 configuration(s)
INFO  [17:00:47.911] [bbotk] Result of batch 3:
INFO  [17:00:47.912] [bbotk]  num.trees classif.ce warnings errors runtime_learners
INFO  [17:00:47.912] [bbotk]        163    0.15273        0      0            0.208
INFO  [17:00:47.912] [bbotk]                                 uhash
INFO  [17:00:47.912] [bbotk]  feb23ca5-6891-4e29-80e7-9551be9bdfa5
INFO  [17:00:47.918] [bbotk] Finished optimizing after 3 evaluation(s)
INFO  [17:00:47.919] [bbotk] Result:
INFO  [17:00:47.919] [bbotk]  num.trees learner_param_vals  x_domain classif.ce
INFO  [17:00:47.919] [bbotk]      <int>             <list>    <list>      <num>
INFO  [17:00:47.919] [bbotk]        264          <list[2]> <list[1]>  0.1481187

### [bt]: Job terminated successfully [batchtools job.id=1723]
### [bt]: Starting job [batchtools job.id=1724]
### [bt]: Generating problem instance for problem '42e9f2146ba77696' ...
### [bt]: Applying algorithm 'run_learner' on problem '42e9f2146ba77696' for job 1724 (seed = 1725) ...
INFO  [17:00:48.297] [mlr3] Applying learner 'classif.ranger.tuned_calib.oof_isotonic' on task 'kc1' (iter 4/10)
INFO  [17:00:48.359] [bbotk] Starting to optimize 1 parameter(s) with '<OptimizerBatchRandomSearch>' and '<TerminatorEvals> [n_evals=3, k=0]'
INFO  [17:00:48.373] [bbotk] Evaluating 1 configuration(s)
INFO  [17:00:49.029] [bbotk] Result of batch 1:
INFO  [17:00:49.032] [bbotk]  num.trees classif.ce warnings errors runtime_learners
INFO  [17:00:49.032] [bbotk]        481  0.1389987        0      0            0.595
INFO  [17:00:49.032] [bbotk]                                 uhash
INFO  [17:00:49.032] [bbotk]  87c40436-ad3f-4f67-a8c4-2fa5fbd02208
INFO  [17:00:49.037] [bbotk] Evaluating 1 configuration(s)
INFO  [17:00:49.650] [bbotk] Result of batch 2:
INFO  [17:00:49.651] [bbotk]  num.trees classif.ce warnings errors runtime_learners
INFO  [17:00:49.651] [bbotk]        472  0.1403162        0      0            0.566
INFO  [17:00:49.651] [bbotk]                                 uhash
INFO  [17:00:49.651] [bbotk]  3bf6e539-a4ed-4080-ac6d-195171105154
INFO  [17:00:49.653] [bbotk] Evaluating 1 configuration(s)
INFO  [17:00:50.216] [bbotk] Result of batch 3:
INFO  [17:00:50.216] [bbotk]  num.trees classif.ce warnings errors runtime_learners
INFO  [17:00:50.216] [bbotk]        421  0.1357049        0      0            0.512
INFO  [17:00:50.216] [bbotk]                                 uhash
INFO  [17:00:50.216] [bbotk]  06b7b3a9-d62f-46ef-bab5-bf6ba3cff0cd
INFO  [17:00:50.235] [bbotk] Finished optimizing after 3 evaluation(s)
INFO  [17:00:50.236] [bbotk] Result:
INFO  [17:00:50.238] [bbotk]  num.trees learner_param_vals  x_domain classif.ce
INFO  [17:00:50.238] [bbotk]      <int>             <list>    <list>      <num>
INFO  [17:00:50.238] [bbotk]        421          <list[2]> <list[1]>  0.1357049
INFO  [17:00:50.603] [bbotk] Starting to optimize 1 parameter(s) with '<OptimizerBatchRandomSearch>' and '<TerminatorEvals> [n_evals=3, k=0]'
INFO  [17:00:50.609] [bbotk] Evaluating 1 configuration(s)
INFO  [17:00:51.097] [bbotk] Result of batch 1:
INFO  [17:00:51.098] [bbotk]  num.trees classif.ce warnings errors runtime_learners
INFO  [17:00:51.098] [bbotk]        323  0.1528327        0      0            0.431
INFO  [17:00:51.098] [bbotk]                                 uhash
INFO  [17:00:51.098] [bbotk]  0c767e07-f4aa-4b12-96e8-1e1d61b86500
INFO  [17:00:51.100] [bbotk] Evaluating 1 configuration(s)
INFO  [17:00:51.539] [bbotk] Result of batch 2:
INFO  [17:00:51.541] [bbotk]  num.trees classif.ce warnings errors runtime_learners
INFO  [17:00:51.541] [bbotk]        290  0.1528327        0      0            0.401
INFO  [17:00:51.541] [bbotk]                                 uhash
INFO  [17:00:51.541] [bbotk]  d1883d4c-91cd-448d-b4d7-1b1558cd3ad0
INFO  [17:00:51.546] [bbotk] Evaluating 1 configuration(s)
INFO  [17:00:52.048] [bbotk] Result of batch 3:
INFO  [17:00:52.049] [bbotk]  num.trees classif.ce warnings errors runtime_learners
INFO  [17:00:52.049] [bbotk]        339  0.1521739        0      0            0.467
INFO  [17:00:52.049] [bbotk]                                 uhash
INFO  [17:00:52.049] [bbotk]  79d687ba-ab11-4a51-a3ed-b83e9439d758
INFO  [17:00:52.062] [bbotk] Finished optimizing after 3 evaluation(s)
INFO  [17:00:52.062] [bbotk] Result:
INFO  [17:00:52.062] [bbotk]  num.trees learner_param_vals  x_domain classif.ce
INFO  [17:00:52.062] [bbotk]      <int>             <list>    <list>      <num>
INFO  [17:00:52.062] [bbotk]        339          <list[2]> <list[1]>  0.1521739
INFO  [17:00:52.718] [bbotk] Starting to optimize 1 parameter(s) with '<OptimizerBatchRandomSearch>' and '<TerminatorEvals> [n_evals=3, k=0]'
INFO  [17:00:52.766] [bbotk] Evaluating 1 configuration(s)
INFO  [17:00:53.375] [bbotk] Result of batch 1:
INFO  [17:00:53.377] [bbotk]  num.trees classif.ce warnings errors runtime_learners
INFO  [17:00:53.377] [bbotk]        463  0.1422925        0      0             0.54
INFO  [17:00:53.377] [bbotk]                                 uhash
INFO  [17:00:53.377] [bbotk]  b8429291-f9ff-481e-b74f-3e355141f620
INFO  [17:00:53.382] [bbotk] Evaluating 1 configuration(s)
INFO  [17:00:53.793] [bbotk] Result of batch 2:
INFO  [17:00:53.795] [bbotk]  num.trees classif.ce warnings errors runtime_learners
INFO  [17:00:53.795] [bbotk]        259  0.1429513        0      0            0.336
INFO  [17:00:53.795] [bbotk]                                 uhash
INFO  [17:00:53.795] [bbotk]  f62d1be6-cea3-4501-be14-7989b5aefb9d
INFO  [17:00:53.800] [bbotk] Evaluating 1 configuration(s)
INFO  [17:00:54.430] [bbotk] Result of batch 3:
INFO  [17:00:54.431] [bbotk]  num.trees classif.ce warnings errors runtime_learners
INFO  [17:00:54.431] [bbotk]        472   0.140975        0      0            0.573
INFO  [17:00:54.431] [bbotk]                                 uhash
INFO  [17:00:54.431] [bbotk]  b01911f4-8676-40e5-97c9-895030f92527
INFO  [17:00:54.459] [bbotk] Finished optimizing after 3 evaluation(s)
INFO  [17:00:54.459] [bbotk] Result:
INFO  [17:00:54.461] [bbotk]  num.trees learner_param_vals  x_domain classif.ce
INFO  [17:00:54.461] [bbotk]      <int>             <list>    <list>      <num>
INFO  [17:00:54.461] [bbotk]        472          <list[2]> <list[1]>   0.140975
INFO  [17:00:54.833] [bbotk] Starting to optimize 1 parameter(s) with '<OptimizerBatchRandomSearch>' and '<TerminatorEvals> [n_evals=3, k=0]'
INFO  [17:00:54.837] [bbotk] Evaluating 1 configuration(s)
INFO  [17:00:55.357] [bbotk] Result of batch 1:
INFO  [17:00:55.359] [bbotk]  num.trees classif.ce warnings errors runtime_learners
INFO  [17:00:55.359] [bbotk]        367  0.1494401        0      0            0.476
INFO  [17:00:55.359] [bbotk]                                 uhash
INFO  [17:00:55.359] [bbotk]  152313a9-1705-40b8-ab0f-0fc69e7a6d17
INFO  [17:00:55.365] [bbotk] Evaluating 1 configuration(s)
INFO  [17:00:55.769] [bbotk] Result of batch 2:
INFO  [17:00:55.770] [bbotk]  num.trees classif.ce warnings errors runtime_learners
INFO  [17:00:55.770] [bbotk]        276   0.146145        0      0            0.345
INFO  [17:00:55.770] [bbotk]                                 uhash
INFO  [17:00:55.770] [bbotk]  e91353f7-ddc7-4eb5-8469-222a31c6e60b
INFO  [17:00:55.775] [bbotk] Evaluating 1 configuration(s)
INFO  [17:00:56.137] [bbotk] Result of batch 3:
INFO  [17:00:56.139] [bbotk]  num.trees classif.ce warnings errors runtime_learners
INFO  [17:00:56.139] [bbotk]        237  0.1474651        0      0            0.302
INFO  [17:00:56.139] [bbotk]                                 uhash
INFO  [17:00:56.139] [bbotk]  9c35189a-2cb7-45bf-83d4-c400e4376d51
INFO  [17:00:56.151] [bbotk] Finished optimizing after 3 evaluation(s)
INFO  [17:00:56.151] [bbotk] Result:
INFO  [17:00:56.153] [bbotk]  num.trees learner_param_vals  x_domain classif.ce
INFO  [17:00:56.153] [bbotk]      <int>             <list>    <list>      <num>
INFO  [17:00:56.153] [bbotk]        276          <list[2]> <list[1]>   0.146145
INFO  [17:00:56.373] [bbotk] Starting to optimize 1 parameter(s) with '<OptimizerBatchRandomSearch>' and '<TerminatorEvals> [n_evals=3, k=0]'
INFO  [17:00:56.390] [bbotk] Evaluating 1 configuration(s)
INFO  [17:00:56.902] [bbotk] Result of batch 1:
INFO  [17:00:56.904] [bbotk]  num.trees classif.ce warnings errors runtime_learners
INFO  [17:00:56.904] [bbotk]        336  0.1309987        0      0            0.477
INFO  [17:00:56.904] [bbotk]                                 uhash
INFO  [17:00:56.904] [bbotk]  d18ac8d9-b261-49af-a7aa-bbc35a7a9e3e
INFO  [17:00:56.909] [bbotk] Evaluating 1 configuration(s)
INFO  [17:00:57.267] [bbotk] Result of batch 2:
INFO  [17:00:57.268] [bbotk]  num.trees classif.ce warnings errors runtime_learners
INFO  [17:00:57.268] [bbotk]        257      0.131        0      0            0.321
INFO  [17:00:57.268] [bbotk]                                 uhash
INFO  [17:00:57.268] [bbotk]  b3ae75c3-d2c8-4f08-923c-eaa9de458563
INFO  [17:00:57.270] [bbotk] Evaluating 1 configuration(s)
INFO  [17:00:57.662] [bbotk] Result of batch 3:
INFO  [17:00:57.663] [bbotk]  num.trees classif.ce warnings errors runtime_learners
INFO  [17:00:57.663] [bbotk]        284  0.1283675        0      0            0.343
INFO  [17:00:57.663] [bbotk]                                 uhash
INFO  [17:00:57.663] [bbotk]  d85036db-ce19-467b-bcac-6fefccf91dea
INFO  [17:00:57.679] [bbotk] Finished optimizing after 3 evaluation(s)
INFO  [17:00:57.680] [bbotk] Result:
INFO  [17:00:57.682] [bbotk]  num.trees learner_param_vals  x_domain classif.ce
INFO  [17:00:57.682] [bbotk]      <int>             <list>    <list>      <num>
INFO  [17:00:57.682] [bbotk]        284          <list[2]> <list[1]>  0.1283675

### [bt]: Job terminated successfully [batchtools job.id=1724]
### [bt]: Starting job [batchtools job.id=1725]
### [bt]: Generating problem instance for problem '42e9f2146ba77696' ...
### [bt]: Applying algorithm 'run_learner' on problem '42e9f2146ba77696' for job 1725 (seed = 1726) ...
INFO  [17:00:58.134] [mlr3] Applying learner 'classif.ranger.tuned_calib.oof_isotonic' on task 'kc1' (iter 5/10)
INFO  [17:00:58.227] [bbotk] Starting to optimize 1 parameter(s) with '<OptimizerBatchRandomSearch>' and '<TerminatorEvals> [n_evals=3, k=0]'
INFO  [17:00:58.232] [bbotk] Evaluating 1 configuration(s)
INFO  [17:00:58.504] [bbotk] Result of batch 1:
INFO  [17:00:58.506] [bbotk]  num.trees classif.ce warnings errors runtime_learners
INFO  [17:00:58.506] [bbotk]        156  0.1422925        0      0            0.232
INFO  [17:00:58.506] [bbotk]                                 uhash
INFO  [17:00:58.506] [bbotk]  8c8150fa-2617-4827-a9e7-4b626a370e7b
INFO  [17:00:58.512] [bbotk] Evaluating 1 configuration(s)
INFO  [17:00:59.119] [bbotk] Result of batch 2:
INFO  [17:00:59.120] [bbotk]  num.trees classif.ce warnings errors runtime_learners
INFO  [17:00:59.120] [bbotk]        465    0.14361        0      0             0.55
INFO  [17:00:59.120] [bbotk]                                 uhash
INFO  [17:00:59.120] [bbotk]  acfd5fd8-d226-4053-bf09-ab3008c1508e
INFO  [17:00:59.122] [bbotk] Evaluating 1 configuration(s)
INFO  [17:00:59.448] [bbotk] Result of batch 3:
INFO  [17:00:59.450] [bbotk]  num.trees classif.ce warnings errors runtime_learners
INFO  [17:00:59.450] [bbotk]        227  0.1475626        0      0            0.294
INFO  [17:00:59.450] [bbotk]                                 uhash
INFO  [17:00:59.450] [bbotk]  80856718-90be-4c47-b63b-2eb1d257f45e
INFO  [17:00:59.464] [bbotk] Finished optimizing after 3 evaluation(s)
INFO  [17:00:59.465] [bbotk] Result:
INFO  [17:00:59.466] [bbotk]  num.trees learner_param_vals  x_domain classif.ce
INFO  [17:00:59.466] [bbotk]      <int>             <list>    <list>      <num>
INFO  [17:00:59.466] [bbotk]        156          <list[2]> <list[1]>  0.1422925
INFO  [17:00:59.633] [bbotk] Starting to optimize 1 parameter(s) with '<OptimizerBatchRandomSearch>' and '<TerminatorEvals> [n_evals=3, k=0]'
INFO  [17:00:59.667] [bbotk] Evaluating 1 configuration(s)
INFO  [17:01:00.331] [bbotk] Result of batch 1:
INFO  [17:01:00.332] [bbotk]  num.trees classif.ce warnings errors runtime_learners
INFO  [17:01:00.332] [bbotk]        450  0.1567852        0      0            0.595
INFO  [17:01:00.332] [bbotk]                                 uhash
INFO  [17:01:00.332] [bbotk]  17e17514-9814-4af1-9e11-7f81e9e74061
INFO  [17:01:00.335] [bbotk] Evaluating 1 configuration(s)
INFO  [17:01:00.575] [bbotk] Result of batch 2:
INFO  [17:01:00.577] [bbotk]  num.trees classif.ce warnings errors runtime_learners
INFO  [17:01:00.577] [bbotk]        130  0.1567852        0      0            0.189
INFO  [17:01:00.577] [bbotk]                                 uhash
INFO  [17:01:00.577] [bbotk]  74301708-d3bb-41ba-be37-f6f9f55dd890
INFO  [17:01:00.579] [bbotk] Evaluating 1 configuration(s)
INFO  [17:01:00.878] [bbotk] Result of batch 3:
INFO  [17:01:00.880] [bbotk]  num.trees classif.ce warnings errors runtime_learners
INFO  [17:01:00.880] [bbotk]        191   0.154809        0      0             0.25
INFO  [17:01:00.880] [bbotk]                                 uhash
INFO  [17:01:00.880] [bbotk]  c8788d27-b326-4bbd-a151-a48819e02108
INFO  [17:01:00.898] [bbotk] Finished optimizing after 3 evaluation(s)
INFO  [17:01:00.899] [bbotk] Result:
INFO  [17:01:00.900] [bbotk]  num.trees learner_param_vals  x_domain classif.ce
INFO  [17:01:00.900] [bbotk]      <int>             <list>    <list>      <num>
INFO  [17:01:00.900] [bbotk]        191          <list[2]> <list[1]>   0.154809
INFO  [17:01:01.127] [bbotk] Starting to optimize 1 parameter(s) with '<OptimizerBatchRandomSearch>' and '<TerminatorEvals> [n_evals=3, k=0]'
INFO  [17:01:01.138] [bbotk] Evaluating 1 configuration(s)
INFO  [17:01:01.687] [bbotk] Result of batch 1:
INFO  [17:01:01.688] [bbotk]  num.trees classif.ce warnings errors runtime_learners
INFO  [17:01:01.688] [bbotk]        396  0.1416337        0      0            0.508
INFO  [17:01:01.688] [bbotk]                                 uhash
INFO  [17:01:01.688] [bbotk]  efe19eac-8199-4983-80ff-26f69aa48546
INFO  [17:01:01.690] [bbotk] Evaluating 1 configuration(s)
INFO  [17:01:02.061] [bbotk] Result of batch 2:
INFO  [17:01:02.062] [bbotk]  num.trees classif.ce warnings errors runtime_learners
INFO  [17:01:02.062] [bbotk]        267  0.1416337        0      0            0.327
INFO  [17:01:02.062] [bbotk]                                 uhash
INFO  [17:01:02.062] [bbotk]  41363a85-feab-4f0c-8ded-ec8e089e315c
INFO  [17:01:02.066] [bbotk] Evaluating 1 configuration(s)
INFO  [17:01:02.382] [bbotk] Result of batch 3:
INFO  [17:01:02.384] [bbotk]  num.trees classif.ce warnings errors runtime_learners
INFO  [17:01:02.384] [bbotk]        204  0.1389987        0      0            0.264
INFO  [17:01:02.384] [bbotk]                                 uhash
INFO  [17:01:02.384] [bbotk]  879d8b17-b9df-45c6-8133-e4a0b57cbae5
INFO  [17:01:02.398] [bbotk] Finished optimizing after 3 evaluation(s)
INFO  [17:01:02.399] [bbotk] Result:
INFO  [17:01:02.400] [bbotk]  num.trees learner_param_vals  x_domain classif.ce
INFO  [17:01:02.400] [bbotk]      <int>             <list>    <list>      <num>
INFO  [17:01:02.400] [bbotk]        204          <list[2]> <list[1]>  0.1389987
INFO  [17:01:02.596] [bbotk] Starting to optimize 1 parameter(s) with '<OptimizerBatchRandomSearch>' and '<TerminatorEvals> [n_evals=3, k=0]'
INFO  [17:01:02.601] [bbotk] Evaluating 1 configuration(s)
INFO  [17:01:03.338] [bbotk] Result of batch 1:
INFO  [17:01:03.339] [bbotk]  num.trees classif.ce warnings errors runtime_learners
INFO  [17:01:03.339] [bbotk]        484  0.1382555        0      0            0.703
INFO  [17:01:03.339] [bbotk]                                 uhash
INFO  [17:01:03.339] [bbotk]  f7aafa3b-a64c-4c01-94f9-18dd254876de
INFO  [17:01:03.341] [bbotk] Evaluating 1 configuration(s)
INFO  [17:01:03.591] [bbotk] Result of batch 2:
INFO  [17:01:03.592] [bbotk]  num.trees classif.ce warnings errors runtime_learners
INFO  [17:01:03.592] [bbotk]        128  0.1415454        0      0            0.197
INFO  [17:01:03.592] [bbotk]                                 uhash
INFO  [17:01:03.592] [bbotk]  b87cc8b6-7259-49b4-a042-5f7a17ebec47
INFO  [17:01:03.595] [bbotk] Evaluating 1 configuration(s)
INFO  [17:01:04.085] [bbotk] Result of batch 3:
INFO  [17:01:04.087] [bbotk]  num.trees classif.ce warnings errors runtime_learners
INFO  [17:01:04.087] [bbotk]        328  0.1356165        0      0            0.446
INFO  [17:01:04.087] [bbotk]                                 uhash
INFO  [17:01:04.087] [bbotk]  c528255a-cb29-4fd2-911f-30f8206b06b1
INFO  [17:01:04.096] [bbotk] Finished optimizing after 3 evaluation(s)
INFO  [17:01:04.097] [bbotk] Result:
INFO  [17:01:04.098] [bbotk]  num.trees learner_param_vals  x_domain classif.ce
INFO  [17:01:04.098] [bbotk]      <int>             <list>    <list>      <num>
INFO  [17:01:04.098] [bbotk]        328          <list[2]> <list[1]>  0.1356165
INFO  [17:01:04.371] [bbotk] Starting to optimize 1 parameter(s) with '<OptimizerBatchRandomSearch>' and '<TerminatorEvals> [n_evals=3, k=0]'
INFO  [17:01:04.384] [bbotk] Evaluating 1 configuration(s)
INFO  [17:01:04.989] [bbotk] Result of batch 1:
INFO  [17:01:04.990] [bbotk]  num.trees classif.ce warnings errors runtime_learners
INFO  [17:01:04.990] [bbotk]        441  0.1408853        0      0            0.552
INFO  [17:01:04.990] [bbotk]                                 uhash
INFO  [17:01:04.990] [bbotk]  c08f11c0-0e71-4fcd-87af-df33e5f29be6
INFO  [17:01:04.993] [bbotk] Evaluating 1 configuration(s)
INFO  [17:01:05.546] [bbotk] Result of batch 2:
INFO  [17:01:05.548] [bbotk]  num.trees classif.ce warnings errors runtime_learners
INFO  [17:01:05.548] [bbotk]        370  0.1422002        0      0            0.475
INFO  [17:01:05.548] [bbotk]                                 uhash
INFO  [17:01:05.548] [bbotk]  98edf649-3584-4a85-8567-505b53cca3a4
INFO  [17:01:05.564] [bbotk] Evaluating 1 configuration(s)
INFO  [17:01:06.076] [bbotk] Result of batch 3:
INFO  [17:01:06.076] [bbotk]  num.trees classif.ce warnings errors runtime_learners
INFO  [17:01:06.076] [bbotk]        360  0.1395665        0      0            0.469
INFO  [17:01:06.076] [bbotk]                                 uhash
INFO  [17:01:06.076] [bbotk]  27f1699b-fd8a-4c73-978a-995f5df23ca6
INFO  [17:01:06.083] [bbotk] Finished optimizing after 3 evaluation(s)
INFO  [17:01:06.083] [bbotk] Result:
INFO  [17:01:06.084] [bbotk]  num.trees learner_param_vals  x_domain classif.ce
INFO  [17:01:06.084] [bbotk]      <int>             <list>    <list>      <num>
INFO  [17:01:06.084] [bbotk]        360          <list[2]> <list[1]>  0.1395665

### [bt]: Job terminated successfully [batchtools job.id=1725]
### [bt]: Calculation finished!
