### [bt]: This is batchtools v0.9.17
### [bt]: Starting calculation of 5 jobs
### [bt]: Setting working directory to '/Users/User/Documents/Studium/Semester8/Hiwi/mlr3calibration/vignettes'
### [bt]: Memory measurement disabled
### [bt]: Starting job [batchtools job.id=1356]
### [bt]: Generating problem instance for problem '78e20b4b43a56ff6' ...
### [bt]: Applying algorithm 'run_learner' on problem '78e20b4b43a56ff6' for job 1356 (seed = 1357) ...
INFO  [16:50:06.954] [mlr3] Applying learner 'classif.ranger.tuned_calib.perfold_beta' on task 'pc3' (iter 6/10)
INFO  [16:50:07.002] [bbotk] Starting to optimize 1 parameter(s) with '<OptimizerBatchRandomSearch>' and '<TerminatorEvals> [n_evals=3, k=0]'
INFO  [16:50:07.011] [bbotk] Evaluating 1 configuration(s)
INFO  [16:50:07.575] [bbotk] Result of batch 1:
INFO  [16:50:07.576] [bbotk]  num.trees classif.ce warnings errors runtime_learners
INFO  [16:50:07.576] [bbotk]        474 0.09955556        0      0            0.513
INFO  [16:50:07.576] [bbotk]                                 uhash
INFO  [16:50:07.576] [bbotk]  d38ccc26-dc05-4032-a718-05d511e98289
INFO  [16:50:07.578] [bbotk] Evaluating 1 configuration(s)
INFO  [16:50:08.100] [bbotk] Result of batch 2:
INFO  [16:50:08.101] [bbotk]  num.trees classif.ce warnings errors runtime_learners
INFO  [16:50:08.101] [bbotk]        412 0.09866667        0      0            0.441
INFO  [16:50:08.101] [bbotk]                                 uhash
INFO  [16:50:08.101] [bbotk]  4968450b-bc26-4056-ba4e-3a3d072cd319
INFO  [16:50:08.104] [bbotk] Evaluating 1 configuration(s)
INFO  [16:50:08.456] [bbotk] Result of batch 3:
INFO  [16:50:08.458] [bbotk]  num.trees classif.ce warnings errors runtime_learners
INFO  [16:50:08.458] [bbotk]        288 0.09955556        0      0              0.3
INFO  [16:50:08.458] [bbotk]                                 uhash
INFO  [16:50:08.458] [bbotk]  49d0901b-0863-4a2f-b157-d0a527aa10f6
INFO  [16:50:08.470] [bbotk] Finished optimizing after 3 evaluation(s)
INFO  [16:50:08.470] [bbotk] Result:
INFO  [16:50:08.471] [bbotk]  num.trees learner_param_vals  x_domain classif.ce
INFO  [16:50:08.471] [bbotk]      <int>             <list>    <list>      <num>
INFO  [16:50:08.471] [bbotk]        412          <list[2]> <list[1]> 0.09866667
INFO  [16:50:08.740] [bbotk] Starting to optimize 1 parameter(s) with '<OptimizerBatchRandomSearch>' and '<TerminatorEvals> [n_evals=3, k=0]'
INFO  [16:50:08.745] [bbotk] Evaluating 1 configuration(s)
INFO  [16:50:09.052] [bbotk] Result of batch 1:
INFO  [16:50:09.054] [bbotk]  num.trees classif.ce warnings errors runtime_learners
INFO  [16:50:09.054] [bbotk]        218 0.09955556        0      0             0.25
INFO  [16:50:09.054] [bbotk]                                 uhash
INFO  [16:50:09.054] [bbotk]  4f07922b-9978-4829-afa2-f1102db84967
INFO  [16:50:09.061] [bbotk] Evaluating 1 configuration(s)
INFO  [16:50:09.380] [bbotk] Result of batch 2:
INFO  [16:50:09.381] [bbotk]  num.trees classif.ce warnings errors runtime_learners
INFO  [16:50:09.381] [bbotk]        220 0.09777778        0      0            0.233
INFO  [16:50:09.381] [bbotk]                                 uhash
INFO  [16:50:09.381] [bbotk]  d6a498e9-b642-4eec-9dbe-4c886f7309ad
INFO  [16:50:09.401] [bbotk] Evaluating 1 configuration(s)
INFO  [16:50:09.756] [bbotk] Result of batch 3:
INFO  [16:50:09.757] [bbotk]  num.trees classif.ce warnings errors runtime_learners
INFO  [16:50:09.757] [bbotk]        168  0.1022222        0      0            0.241
INFO  [16:50:09.757] [bbotk]                                 uhash
INFO  [16:50:09.757] [bbotk]  7b72e21b-a500-4257-add7-8d1c8835627d
INFO  [16:50:09.802] [bbotk] Finished optimizing after 3 evaluation(s)
INFO  [16:50:09.803] [bbotk] Result:
INFO  [16:50:09.808] [bbotk]  num.trees learner_param_vals  x_domain classif.ce
INFO  [16:50:09.808] [bbotk]      <int>             <list>    <list>      <num>
INFO  [16:50:09.808] [bbotk]        220          <list[2]> <list[1]> 0.09777778
INFO  [16:50:10.039] [bbotk] Starting to optimize 1 parameter(s) with '<OptimizerBatchRandomSearch>' and '<TerminatorEvals> [n_evals=3, k=0]'
INFO  [16:50:10.050] [bbotk] Evaluating 1 configuration(s)
INFO  [16:50:10.602] [bbotk] Result of batch 1:
INFO  [16:50:10.603] [bbotk]  num.trees classif.ce warnings errors runtime_learners
INFO  [16:50:10.603] [bbotk]        481   0.109227        0      0            0.499
INFO  [16:50:10.603] [bbotk]                                 uhash
INFO  [16:50:10.603] [bbotk]  7dc87b1e-f468-4966-b9aa-ecdd9e1bed1a
INFO  [16:50:10.612] [bbotk] Evaluating 1 configuration(s)
INFO  [16:50:10.825] [bbotk] Result of batch 2:
INFO  [16:50:10.826] [bbotk]  num.trees classif.ce warnings errors runtime_learners
INFO  [16:50:10.826] [bbotk]        143  0.1056761        0      0            0.153
INFO  [16:50:10.826] [bbotk]                                 uhash
INFO  [16:50:10.826] [bbotk]  3f9b2266-97d5-4862-9fbc-37a4f5125eb3
INFO  [16:50:10.833] [bbotk] Evaluating 1 configuration(s)
INFO  [16:50:11.326] [bbotk] Result of batch 3:
INFO  [16:50:11.331] [bbotk]  num.trees classif.ce warnings errors runtime_learners
INFO  [16:50:11.331] [bbotk]        476  0.1074563        0      0            0.437
INFO  [16:50:11.331] [bbotk]                                 uhash
INFO  [16:50:11.331] [bbotk]  a28a0f23-2163-4cfb-b467-57b89f003069
INFO  [16:50:11.338] [bbotk] Finished optimizing after 3 evaluation(s)
INFO  [16:50:11.338] [bbotk] Result:
INFO  [16:50:11.339] [bbotk]  num.trees learner_param_vals  x_domain classif.ce
INFO  [16:50:11.339] [bbotk]      <int>             <list>    <list>      <num>
INFO  [16:50:11.339] [bbotk]        143          <list[2]> <list[1]>  0.1056761
INFO  [16:50:11.558] [bbotk] Starting to optimize 1 parameter(s) with '<OptimizerBatchRandomSearch>' and '<TerminatorEvals> [n_evals=3, k=0]'
INFO  [16:50:11.568] [bbotk] Evaluating 1 configuration(s)
INFO  [16:50:11.871] [bbotk] Result of batch 1:
INFO  [16:50:11.873] [bbotk]  num.trees classif.ce warnings errors runtime_learners
INFO  [16:50:11.873] [bbotk]        106  0.1145792        0      0              0.2
INFO  [16:50:11.873] [bbotk]                                 uhash
INFO  [16:50:11.873] [bbotk]  957eef75-3eae-482c-b2e0-14c7e39a4733
INFO  [16:50:11.877] [bbotk] Evaluating 1 configuration(s)
INFO  [16:50:12.410] [bbotk] Result of batch 2:
INFO  [16:50:12.411] [bbotk]  num.trees classif.ce warnings errors runtime_learners
INFO  [16:50:12.411] [bbotk]        434  0.1083617        0      0            0.464
INFO  [16:50:12.411] [bbotk]                                 uhash
INFO  [16:50:12.411] [bbotk]  b4812df0-d857-49ec-ad6e-0a6a01a53c95
INFO  [16:50:12.414] [bbotk] Evaluating 1 configuration(s)
INFO  [16:50:12.603] [bbotk] Result of batch 3:
INFO  [16:50:12.605] [bbotk]  num.trees classif.ce warnings errors runtime_learners
INFO  [16:50:12.605] [bbotk]        113  0.1101371        0      0            0.125
INFO  [16:50:12.605] [bbotk]                                 uhash
INFO  [16:50:12.605] [bbotk]  48feb17e-1692-4d4c-9413-f34e4329c889
INFO  [16:50:12.624] [bbotk] Finished optimizing after 3 evaluation(s)
INFO  [16:50:12.624] [bbotk] Result:
INFO  [16:50:12.625] [bbotk]  num.trees learner_param_vals  x_domain classif.ce
INFO  [16:50:12.625] [bbotk]      <int>             <list>    <list>      <num>
INFO  [16:50:12.625] [bbotk]        434          <list[2]> <list[1]>  0.1083617
INFO  [16:50:13.009] [bbotk] Starting to optimize 1 parameter(s) with '<OptimizerBatchRandomSearch>' and '<TerminatorEvals> [n_evals=3, k=0]'
INFO  [16:50:13.019] [bbotk] Evaluating 1 configuration(s)
INFO  [16:50:13.430] [bbotk] Result of batch 1:
INFO  [16:50:13.433] [bbotk]  num.trees classif.ce warnings errors runtime_learners
INFO  [16:50:13.433] [bbotk]        173  0.1030284        0      0            0.248
INFO  [16:50:13.433] [bbotk]                                 uhash
INFO  [16:50:13.433] [bbotk]  6344d877-b532-45ba-961e-b9709cabe578
INFO  [16:50:13.447] [bbotk] Evaluating 1 configuration(s)
INFO  [16:50:13.854] [bbotk] Result of batch 2:
INFO  [16:50:13.855] [bbotk]  num.trees classif.ce warnings errors runtime_learners
INFO  [16:50:13.855] [bbotk]        312  0.1048061        0      0             0.32
INFO  [16:50:13.855] [bbotk]                                 uhash
INFO  [16:50:13.855] [bbotk]  75fb77dd-d4d0-45a9-8ced-c1e7eac16390
INFO  [16:50:13.858] [bbotk] Evaluating 1 configuration(s)
INFO  [16:50:14.208] [bbotk] Result of batch 3:
INFO  [16:50:14.210] [bbotk]  num.trees classif.ce warnings errors runtime_learners
INFO  [16:50:14.210] [bbotk]        279   0.101253        0      0            0.276
INFO  [16:50:14.210] [bbotk]                                 uhash
INFO  [16:50:14.210] [bbotk]  880230da-847b-4df7-b91a-1fc94de02dc9
INFO  [16:50:14.220] [bbotk] Finished optimizing after 3 evaluation(s)
INFO  [16:50:14.220] [bbotk] Result:
INFO  [16:50:14.221] [bbotk]  num.trees learner_param_vals  x_domain classif.ce
INFO  [16:50:14.221] [bbotk]      <int>             <list>    <list>      <num>
INFO  [16:50:14.221] [bbotk]        279          <list[2]> <list[1]>   0.101253
Warning: glm.fit: fitted probabilities numerically 0 or 1 occurred
This happened PipeOp classif.ranger's $train()
[1] -119.7655
[1] 42.8742
Warning: glm.fit: fitted probabilities numerically 0 or 1 occurred
This happened PipeOp classif.ranger's $train()
Warning: glm.fit: fitted probabilities numerically 0 or 1 occurred
This happened PipeOp classif.ranger's $train()
[1] 0.8584563
[1] 42.55121
[1] -143.6718
[1] -3.323853
[1] -181.153
[1] -3.449617
[1] -148.2549
[1] 10.28086

### [bt]: Job terminated successfully [batchtools job.id=1356]
### [bt]: Starting job [batchtools job.id=1357]
### [bt]: Generating problem instance for problem '78e20b4b43a56ff6' ...
### [bt]: Applying algorithm 'run_learner' on problem '78e20b4b43a56ff6' for job 1357 (seed = 1358) ...
INFO  [16:50:14.715] [mlr3] Applying learner 'classif.ranger.tuned_calib.perfold_beta' on task 'pc3' (iter 7/10)
INFO  [16:50:14.841] [bbotk] Starting to optimize 1 parameter(s) with '<OptimizerBatchRandomSearch>' and '<TerminatorEvals> [n_evals=3, k=0]'
INFO  [16:50:14.857] [bbotk] Evaluating 1 configuration(s)
INFO  [16:50:15.285] [bbotk] Result of batch 1:
INFO  [16:50:15.286] [bbotk]  num.trees classif.ce warnings errors runtime_learners
INFO  [16:50:15.286] [bbotk]        278 0.09866667        0      0            0.359
INFO  [16:50:15.286] [bbotk]                                 uhash
INFO  [16:50:15.286] [bbotk]  7499c4fd-1046-42f0-bfd9-516e87cb9931
INFO  [16:50:15.288] [bbotk] Evaluating 1 configuration(s)
INFO  [16:50:15.578] [bbotk] Result of batch 2:
INFO  [16:50:15.581] [bbotk]  num.trees classif.ce warnings errors runtime_learners
INFO  [16:50:15.581] [bbotk]        161 0.09955556        0      0              0.2
INFO  [16:50:15.581] [bbotk]                                 uhash
INFO  [16:50:15.581] [bbotk]  a3c3aded-abe5-4496-91a2-527f83631dfa
INFO  [16:50:15.588] [bbotk] Evaluating 1 configuration(s)
INFO  [16:50:16.017] [bbotk] Result of batch 3:
INFO  [16:50:16.018] [bbotk]  num.trees classif.ce warnings errors runtime_learners
INFO  [16:50:16.018] [bbotk]        342  0.1031111        0      0            0.355
INFO  [16:50:16.018] [bbotk]                                 uhash
INFO  [16:50:16.018] [bbotk]  d3ef3aa0-3c0f-48b3-87bd-8c193f6eb52b
INFO  [16:50:16.041] [bbotk] Finished optimizing after 3 evaluation(s)
INFO  [16:50:16.042] [bbotk] Result:
INFO  [16:50:16.043] [bbotk]  num.trees learner_param_vals  x_domain classif.ce
INFO  [16:50:16.043] [bbotk]      <int>             <list>    <list>      <num>
INFO  [16:50:16.043] [bbotk]        278          <list[2]> <list[1]> 0.09866667
INFO  [16:50:16.325] [bbotk] Starting to optimize 1 parameter(s) with '<OptimizerBatchRandomSearch>' and '<TerminatorEvals> [n_evals=3, k=0]'
INFO  [16:50:16.344] [bbotk] Evaluating 1 configuration(s)
INFO  [16:50:16.724] [bbotk] Result of batch 1:
INFO  [16:50:16.725] [bbotk]  num.trees classif.ce warnings errors runtime_learners
INFO  [16:50:16.725] [bbotk]        367 0.09777778        0      0            0.342
INFO  [16:50:16.725] [bbotk]                                 uhash
INFO  [16:50:16.725] [bbotk]  8bfff3a6-6b00-4c47-9b49-4c4e6b0fc237
INFO  [16:50:16.727] [bbotk] Evaluating 1 configuration(s)
INFO  [16:50:16.985] [bbotk] Result of batch 2:
INFO  [16:50:16.989] [bbotk]  num.trees classif.ce warnings errors runtime_learners
INFO  [16:50:16.989] [bbotk]        164  0.1022222        0      0            0.186
INFO  [16:50:16.989] [bbotk]                                 uhash
INFO  [16:50:16.989] [bbotk]  54139ae3-2e55-44bf-ab5e-bfd33bd35896
INFO  [16:50:16.991] [bbotk] Evaluating 1 configuration(s)
INFO  [16:50:17.395] [bbotk] Result of batch 3:
INFO  [16:50:17.396] [bbotk]  num.trees classif.ce warnings errors runtime_learners
INFO  [16:50:17.396] [bbotk]        291  0.1004444        0      0            0.355
INFO  [16:50:17.396] [bbotk]                                 uhash
INFO  [16:50:17.396] [bbotk]  d2aa2435-16c8-4937-b165-ad02f2c04999
INFO  [16:50:17.402] [bbotk] Finished optimizing after 3 evaluation(s)
INFO  [16:50:17.403] [bbotk] Result:
INFO  [16:50:17.405] [bbotk]  num.trees learner_param_vals  x_domain classif.ce
INFO  [16:50:17.405] [bbotk]      <int>             <list>    <list>      <num>
INFO  [16:50:17.405] [bbotk]        367          <list[2]> <list[1]> 0.09777778
INFO  [16:50:17.723] [bbotk] Starting to optimize 1 parameter(s) with '<OptimizerBatchRandomSearch>' and '<TerminatorEvals> [n_evals=3, k=0]'
INFO  [16:50:17.731] [bbotk] Evaluating 1 configuration(s)
INFO  [16:50:18.005] [bbotk] Result of batch 1:
INFO  [16:50:18.007] [bbotk]  num.trees classif.ce warnings errors runtime_learners
INFO  [16:50:18.007] [bbotk]        211  0.1181111        0      0            0.228
INFO  [16:50:18.007] [bbotk]                                 uhash
INFO  [16:50:18.007] [bbotk]  5f666b53-3f4a-45c2-98aa-8691ef9ae15d
INFO  [16:50:18.016] [bbotk] Evaluating 1 configuration(s)
INFO  [16:50:18.407] [bbotk] Result of batch 2:
INFO  [16:50:18.408] [bbotk]  num.trees classif.ce warnings errors runtime_learners
INFO  [16:50:18.408] [bbotk]        335  0.1190024        0      0            0.338
INFO  [16:50:18.408] [bbotk]                                 uhash
INFO  [16:50:18.408] [bbotk]  e0ed5356-1d55-4b7e-b6d8-333952fc8022
INFO  [16:50:18.411] [bbotk] Evaluating 1 configuration(s)
INFO  [16:50:18.850] [bbotk] Result of batch 3:
INFO  [16:50:18.851] [bbotk]  num.trees classif.ce warnings errors runtime_learners
INFO  [16:50:18.851] [bbotk]        394  0.1154468        0      0            0.395
INFO  [16:50:18.851] [bbotk]                                 uhash
INFO  [16:50:18.851] [bbotk]  ed00056b-2af6-4c20-88af-c5e216aed86a
INFO  [16:50:18.857] [bbotk] Finished optimizing after 3 evaluation(s)
INFO  [16:50:18.858] [bbotk] Result:
INFO  [16:50:18.860] [bbotk]  num.trees learner_param_vals  x_domain classif.ce
INFO  [16:50:18.860] [bbotk]      <int>             <list>    <list>      <num>
INFO  [16:50:18.860] [bbotk]        394          <list[2]> <list[1]>  0.1154468
INFO  [16:50:19.182] [bbotk] Starting to optimize 1 parameter(s) with '<OptimizerBatchRandomSearch>' and '<TerminatorEvals> [n_evals=3, k=0]'
INFO  [16:50:19.191] [bbotk] Evaluating 1 configuration(s)
INFO  [16:50:19.477] [bbotk] Result of batch 1:
INFO  [16:50:19.478] [bbotk]  num.trees classif.ce warnings errors runtime_learners
INFO  [16:50:19.478] [bbotk]        232 0.09501182        0      0            0.238
INFO  [16:50:19.478] [bbotk]                                 uhash
INFO  [16:50:19.478] [bbotk]  1680f4a0-5ac2-4cbe-90ee-f38df0a0adca
INFO  [16:50:19.480] [bbotk] Evaluating 1 configuration(s)
INFO  [16:50:19.730] [bbotk] Result of batch 2:
INFO  [16:50:19.731] [bbotk]  num.trees classif.ce warnings errors runtime_learners
INFO  [16:50:19.731] [bbotk]        201 0.09501655        0      0             0.19
INFO  [16:50:19.731] [bbotk]                                 uhash
INFO  [16:50:19.731] [bbotk]  7fae47c4-3a1c-4ef7-98ac-992025a6d38a
INFO  [16:50:19.733] [bbotk] Evaluating 1 configuration(s)
INFO  [16:50:20.112] [bbotk] Result of batch 3:
INFO  [16:50:20.115] [bbotk]  num.trees classif.ce warnings errors runtime_learners
INFO  [16:50:20.115] [bbotk]        291 0.09501418        0      0             0.29
INFO  [16:50:20.115] [bbotk]                                 uhash
INFO  [16:50:20.115] [bbotk]  e6469f62-ca13-48cf-a8df-fd2afcd21f66
INFO  [16:50:20.130] [bbotk] Finished optimizing after 3 evaluation(s)
INFO  [16:50:20.133] [bbotk] Result:
INFO  [16:50:20.134] [bbotk]  num.trees learner_param_vals  x_domain classif.ce
INFO  [16:50:20.134] [bbotk]      <int>             <list>    <list>      <num>
INFO  [16:50:20.134] [bbotk]        232          <list[2]> <list[1]> 0.09501182
INFO  [16:50:20.336] [bbotk] Starting to optimize 1 parameter(s) with '<OptimizerBatchRandomSearch>' and '<TerminatorEvals> [n_evals=3, k=0]'
INFO  [16:50:20.353] [bbotk] Evaluating 1 configuration(s)
INFO  [16:50:20.812] [bbotk] Result of batch 1:
INFO  [16:50:20.813] [bbotk]  num.trees classif.ce warnings errors runtime_learners
INFO  [16:50:20.813] [bbotk]        419   0.103026        0      0            0.402
INFO  [16:50:20.813] [bbotk]                                 uhash
INFO  [16:50:20.813] [bbotk]  97c4446b-5470-4975-baa1-3472e0274e53
INFO  [16:50:20.815] [bbotk] Evaluating 1 configuration(s)
INFO  [16:50:21.336] [bbotk] Result of batch 2:
INFO  [16:50:21.337] [bbotk]  num.trees classif.ce warnings errors runtime_learners
INFO  [16:50:21.337] [bbotk]        453  0.1021442        0      0            0.479
INFO  [16:50:21.337] [bbotk]                                 uhash
INFO  [16:50:21.337] [bbotk]  dcd5b8bc-7999-4ee7-a851-4a72c200e081
INFO  [16:50:21.340] [bbotk] Evaluating 1 configuration(s)
INFO  [16:50:21.756] [bbotk] Result of batch 3:
INFO  [16:50:21.758] [bbotk]  num.trees classif.ce warnings errors runtime_learners
INFO  [16:50:21.758] [bbotk]        340  0.1021418        0      0            0.345
INFO  [16:50:21.758] [bbotk]                                 uhash
INFO  [16:50:21.758] [bbotk]  3b6a2b93-ff42-4d24-ad51-3e80db7e5ffe
INFO  [16:50:21.783] [bbotk] Finished optimizing after 3 evaluation(s)
INFO  [16:50:21.783] [bbotk] Result:
INFO  [16:50:21.787] [bbotk]  num.trees learner_param_vals  x_domain classif.ce
INFO  [16:50:21.787] [bbotk]      <int>             <list>    <list>      <num>
INFO  [16:50:21.787] [bbotk]        340          <list[2]> <list[1]>  0.1021418
[1] -115.8642
[1] 12.23526
[1] -270.2243
[1] -3.378098
Warning: glm.fit: fitted probabilities numerically 0 or 1 occurred
This happened PipeOp classif.ranger's $train()
Warning: glm.fit: fitted probabilities numerically 0 or 1 occurred
This happened PipeOp classif.ranger's $train()
[1] 0.5245221
[1] 69.14276
Warning: glm.fit: fitted probabilities numerically 0 or 1 occurred
This happened PipeOp classif.ranger's $train()
Warning: glm.fit: fitted probabilities numerically 0 or 1 occurred
This happened PipeOp classif.ranger's $train()
[1] 1.401061
[1] 58.31729
Warning: glm.fit: fitted probabilities numerically 0 or 1 occurred
This happened PipeOp classif.ranger's $train()
[1] -0.5455899
[1] 35.52974

### [bt]: Job terminated successfully [batchtools job.id=1357]
### [bt]: Starting job [batchtools job.id=1358]
### [bt]: Generating problem instance for problem '78e20b4b43a56ff6' ...
### [bt]: Applying algorithm 'run_learner' on problem '78e20b4b43a56ff6' for job 1358 (seed = 1359) ...
INFO  [16:50:22.364] [mlr3] Applying learner 'classif.ranger.tuned_calib.perfold_beta' on task 'pc3' (iter 8/10)
INFO  [16:50:22.455] [bbotk] Starting to optimize 1 parameter(s) with '<OptimizerBatchRandomSearch>' and '<TerminatorEvals> [n_evals=3, k=0]'
INFO  [16:50:22.472] [bbotk] Evaluating 1 configuration(s)
INFO  [16:50:22.984] [bbotk] Result of batch 1:
INFO  [16:50:22.997] [bbotk]  num.trees classif.ce warnings errors runtime_learners
INFO  [16:50:22.997] [bbotk]        408  0.1102222        0      0            0.435
INFO  [16:50:22.997] [bbotk]                                 uhash
INFO  [16:50:22.997] [bbotk]  16905384-76c5-4385-8b6b-b4df9986b393
INFO  [16:50:23.004] [bbotk] Evaluating 1 configuration(s)
INFO  [16:50:23.336] [bbotk] Result of batch 2:
INFO  [16:50:23.339] [bbotk]  num.trees classif.ce warnings errors runtime_learners
INFO  [16:50:23.339] [bbotk]        149  0.1182222        0      0            0.225
INFO  [16:50:23.339] [bbotk]                                 uhash
INFO  [16:50:23.339] [bbotk]  2bc9bbb4-fb30-475a-b9d3-77ce53b4678e
INFO  [16:50:23.341] [bbotk] Evaluating 1 configuration(s)
INFO  [16:50:23.846] [bbotk] Result of batch 3:
INFO  [16:50:23.847] [bbotk]  num.trees classif.ce warnings errors runtime_learners
INFO  [16:50:23.847] [bbotk]        457  0.1137778        0      0            0.453
INFO  [16:50:23.847] [bbotk]                                 uhash
INFO  [16:50:23.847] [bbotk]  ba936a0e-c56e-43f1-9dd4-b6156f137d60
INFO  [16:50:23.858] [bbotk] Finished optimizing after 3 evaluation(s)
INFO  [16:50:23.858] [bbotk] Result:
INFO  [16:50:23.859] [bbotk]  num.trees learner_param_vals  x_domain classif.ce
INFO  [16:50:23.859] [bbotk]      <int>             <list>    <list>      <num>
INFO  [16:50:23.859] [bbotk]        408          <list[2]> <list[1]>  0.1102222
INFO  [16:50:24.119] [bbotk] Starting to optimize 1 parameter(s) with '<OptimizerBatchRandomSearch>' and '<TerminatorEvals> [n_evals=3, k=0]'
INFO  [16:50:24.127] [bbotk] Evaluating 1 configuration(s)
INFO  [16:50:24.486] [bbotk] Result of batch 1:
INFO  [16:50:24.487] [bbotk]  num.trees classif.ce warnings errors runtime_learners
INFO  [16:50:24.487] [bbotk]        277  0.1031111        0      0            0.302
INFO  [16:50:24.487] [bbotk]                                 uhash
INFO  [16:50:24.487] [bbotk]  b982b3a7-038d-44ae-9a1a-196f975aac74
INFO  [16:50:24.489] [bbotk] Evaluating 1 configuration(s)
INFO  [16:50:24.728] [bbotk] Result of batch 2:
INFO  [16:50:24.729] [bbotk]  num.trees classif.ce warnings errors runtime_learners
INFO  [16:50:24.729] [bbotk]        185  0.1004444        0      0             0.19
INFO  [16:50:24.729] [bbotk]                                 uhash
INFO  [16:50:24.729] [bbotk]  5c2e9cb1-6877-446b-a2aa-87d1f1feb468
INFO  [16:50:24.735] [bbotk] Evaluating 1 configuration(s)
INFO  [16:50:25.270] [bbotk] Result of batch 3:
INFO  [16:50:25.271] [bbotk]  num.trees classif.ce warnings errors runtime_learners
INFO  [16:50:25.271] [bbotk]        486      0.104        0      0            0.474
INFO  [16:50:25.271] [bbotk]                                 uhash
INFO  [16:50:25.271] [bbotk]  1e2b6d2e-74b7-4434-9cbd-c3ba0ef8c1d5
INFO  [16:50:25.281] [bbotk] Finished optimizing after 3 evaluation(s)
INFO  [16:50:25.282] [bbotk] Result:
INFO  [16:50:25.283] [bbotk]  num.trees learner_param_vals  x_domain classif.ce
INFO  [16:50:25.283] [bbotk]      <int>             <list>    <list>      <num>
INFO  [16:50:25.283] [bbotk]        185          <list[2]> <list[1]>  0.1004444
INFO  [16:50:25.497] [bbotk] Starting to optimize 1 parameter(s) with '<OptimizerBatchRandomSearch>' and '<TerminatorEvals> [n_evals=3, k=0]'
INFO  [16:50:25.515] [bbotk] Evaluating 1 configuration(s)
INFO  [16:50:25.762] [bbotk] Result of batch 1:
INFO  [16:50:25.763] [bbotk]  num.trees classif.ce warnings errors runtime_learners
INFO  [16:50:25.763] [bbotk]        186 0.09593853        0      0            0.192
INFO  [16:50:25.763] [bbotk]                                 uhash
INFO  [16:50:25.763] [bbotk]  518f1848-cfec-4719-ad17-aa455a02bd12
INFO  [16:50:25.769] [bbotk] Evaluating 1 configuration(s)
INFO  [16:50:26.024] [bbotk] Result of batch 2:
INFO  [16:50:26.025] [bbotk]  num.trees classif.ce warnings errors runtime_learners
INFO  [16:50:26.025] [bbotk]        135 0.09060757        0      0            0.168
INFO  [16:50:26.025] [bbotk]                                 uhash
INFO  [16:50:26.025] [bbotk]  0ef580ac-2de0-4b95-ab85-f1ae7f06a094
INFO  [16:50:26.034] [bbotk] Evaluating 1 configuration(s)
INFO  [16:50:26.321] [bbotk] Result of batch 3:
INFO  [16:50:26.322] [bbotk]  num.trees classif.ce warnings errors runtime_learners
INFO  [16:50:26.322] [bbotk]        217 0.09149645        0      0            0.232
INFO  [16:50:26.322] [bbotk]                                 uhash
INFO  [16:50:26.322] [bbotk]  b0d403bd-53d9-4039-b8ac-9b5b427c8740
INFO  [16:50:26.338] [bbotk] Finished optimizing after 3 evaluation(s)
INFO  [16:50:26.339] [bbotk] Result:
INFO  [16:50:26.340] [bbotk]  num.trees learner_param_vals  x_domain classif.ce
INFO  [16:50:26.340] [bbotk]      <int>             <list>    <list>      <num>
INFO  [16:50:26.340] [bbotk]        135          <list[2]> <list[1]> 0.09060757
INFO  [16:50:26.513] [bbotk] Starting to optimize 1 parameter(s) with '<OptimizerBatchRandomSearch>' and '<TerminatorEvals> [n_evals=3, k=0]'
INFO  [16:50:26.521] [bbotk] Evaluating 1 configuration(s)
INFO  [16:50:26.904] [bbotk] Result of batch 1:
INFO  [16:50:26.905] [bbotk]  num.trees classif.ce warnings errors runtime_learners
INFO  [16:50:26.905] [bbotk]        349   0.107461        0      0            0.323
INFO  [16:50:26.905] [bbotk]                                 uhash
INFO  [16:50:26.905] [bbotk]  55e8d188-c24f-4302-a05e-ba8c929a3202
INFO  [16:50:26.907] [bbotk] Evaluating 1 configuration(s)
INFO  [16:50:27.397] [bbotk] Result of batch 2:
INFO  [16:50:27.399] [bbotk]  num.trees classif.ce warnings errors runtime_learners
INFO  [16:50:27.399] [bbotk]        384  0.1083522        0      0             0.35
INFO  [16:50:27.399] [bbotk]                                 uhash
INFO  [16:50:27.399] [bbotk]  691c981d-4da8-4d73-8b6f-15b1029d08d3
INFO  [16:50:27.407] [bbotk] Evaluating 1 configuration(s)
INFO  [16:50:27.675] [bbotk] Result of batch 3:
INFO  [16:50:27.678] [bbotk]  num.trees classif.ce warnings errors runtime_learners
INFO  [16:50:27.678] [bbotk]        161  0.1039125        0      0            0.203
INFO  [16:50:27.678] [bbotk]                                 uhash
INFO  [16:50:27.678] [bbotk]  0557c198-2cd8-451c-a05c-2cb5ef085335
INFO  [16:50:27.695] [bbotk] Finished optimizing after 3 evaluation(s)
INFO  [16:50:27.696] [bbotk] Result:
INFO  [16:50:27.698] [bbotk]  num.trees learner_param_vals  x_domain classif.ce
INFO  [16:50:27.698] [bbotk]      <int>             <list>    <list>      <num>
INFO  [16:50:27.698] [bbotk]        161          <list[2]> <list[1]>  0.1039125
INFO  [16:50:27.952] [bbotk] Starting to optimize 1 parameter(s) with '<OptimizerBatchRandomSearch>' and '<TerminatorEvals> [n_evals=3, k=0]'
INFO  [16:50:28.014] [bbotk] Evaluating 1 configuration(s)
INFO  [16:50:28.427] [bbotk] Result of batch 1:
INFO  [16:50:28.428] [bbotk]  num.trees classif.ce warnings errors runtime_learners
INFO  [16:50:28.428] [bbotk]        315  0.1021584        0      0            0.315
INFO  [16:50:28.428] [bbotk]                                 uhash
INFO  [16:50:28.428] [bbotk]  4e5fb1f0-ccd9-4adf-a72e-44bfd161344a
INFO  [16:50:28.430] [bbotk] Evaluating 1 configuration(s)
INFO  [16:50:28.891] [bbotk] Result of batch 2:
INFO  [16:50:28.892] [bbotk]  num.trees classif.ce warnings errors runtime_learners
INFO  [16:50:28.892] [bbotk]        435  0.1039314        0      0            0.417
INFO  [16:50:28.892] [bbotk]                                 uhash
INFO  [16:50:28.892] [bbotk]  e116015a-912b-4e31-a93a-575e539835ec
INFO  [16:50:28.905] [bbotk] Evaluating 1 configuration(s)
INFO  [16:50:29.376] [bbotk] Result of batch 3:
INFO  [16:50:29.377] [bbotk]  num.trees classif.ce warnings errors runtime_learners
INFO  [16:50:29.377] [bbotk]        412  0.1030449        0      0            0.414
INFO  [16:50:29.377] [bbotk]                                 uhash
INFO  [16:50:29.377] [bbotk]  adf5d50c-f378-46d5-a7ee-ff68f7232edb
INFO  [16:50:29.388] [bbotk] Finished optimizing after 3 evaluation(s)
INFO  [16:50:29.389] [bbotk] Result:
INFO  [16:50:29.389] [bbotk]  num.trees learner_param_vals  x_domain classif.ce
INFO  [16:50:29.389] [bbotk]      <int>             <list>    <list>      <num>
INFO  [16:50:29.389] [bbotk]        315          <list[2]> <list[1]>  0.1021584
[1] -177.3599
[1] 2.902824
[1] -125.8903
[1] 11.41992
[1] -118.9667
[1] 17.69762
[1] -44.31376
[1] 25.85324
Warning: glm.fit: fitted probabilities numerically 0 or 1 occurred
This happened PipeOp classif.ranger's $train()
Warning: glm.fit: fitted probabilities numerically 0 or 1 occurred
This happened PipeOp classif.ranger's $train()
[1] 0.9218898
[1] 48.82475

### [bt]: Job terminated successfully [batchtools job.id=1358]
### [bt]: Starting job [batchtools job.id=1359]
### [bt]: Generating problem instance for problem '78e20b4b43a56ff6' ...
### [bt]: Applying algorithm 'run_learner' on problem '78e20b4b43a56ff6' for job 1359 (seed = 1360) ...
INFO  [16:50:29.795] [mlr3] Applying learner 'classif.ranger.tuned_calib.perfold_beta' on task 'pc3' (iter 9/10)
INFO  [16:50:29.880] [bbotk] Starting to optimize 1 parameter(s) with '<OptimizerBatchRandomSearch>' and '<TerminatorEvals> [n_evals=3, k=0]'
INFO  [16:50:29.894] [bbotk] Evaluating 1 configuration(s)
INFO  [16:50:30.212] [bbotk] Result of batch 1:
INFO  [16:50:30.223] [bbotk]  num.trees classif.ce warnings errors runtime_learners
INFO  [16:50:30.223] [bbotk]        135  0.1004444        0      0            0.194
INFO  [16:50:30.223] [bbotk]                                 uhash
INFO  [16:50:30.223] [bbotk]  f168ddc8-7921-4a1d-8a7f-f5a064c37af2
INFO  [16:50:30.236] [bbotk] Evaluating 1 configuration(s)
INFO  [16:50:30.538] [bbotk] Result of batch 2:
INFO  [16:50:30.539] [bbotk]  num.trees classif.ce warnings errors runtime_learners
INFO  [16:50:30.539] [bbotk]        212  0.1022222        0      0            0.211
INFO  [16:50:30.539] [bbotk]                                 uhash
INFO  [16:50:30.539] [bbotk]  5f422185-85e1-454a-8d38-9518ced4a9f8
INFO  [16:50:30.549] [bbotk] Evaluating 1 configuration(s)
INFO  [16:50:31.055] [bbotk] Result of batch 3:
INFO  [16:50:31.056] [bbotk]  num.trees classif.ce warnings errors runtime_learners
INFO  [16:50:31.056] [bbotk]        482  0.1031111        0      0            0.454
INFO  [16:50:31.056] [bbotk]                                 uhash
INFO  [16:50:31.056] [bbotk]  a4532cf1-8429-4a3f-9107-ca7977736a19
INFO  [16:50:31.067] [bbotk] Finished optimizing after 3 evaluation(s)
INFO  [16:50:31.067] [bbotk] Result:
INFO  [16:50:31.068] [bbotk]  num.trees learner_param_vals  x_domain classif.ce
INFO  [16:50:31.068] [bbotk]      <int>             <list>    <list>      <num>
INFO  [16:50:31.068] [bbotk]        135          <list[2]> <list[1]>  0.1004444
INFO  [16:50:31.214] [bbotk] Starting to optimize 1 parameter(s) with '<OptimizerBatchRandomSearch>' and '<TerminatorEvals> [n_evals=3, k=0]'
INFO  [16:50:31.244] [bbotk] Evaluating 1 configuration(s)
INFO  [16:50:31.514] [bbotk] Result of batch 1:
INFO  [16:50:31.519] [bbotk]  num.trees classif.ce warnings errors runtime_learners
INFO  [16:50:31.519] [bbotk]        120 0.09866667        0      0            0.172
INFO  [16:50:31.519] [bbotk]                                 uhash
INFO  [16:50:31.519] [bbotk]  27a1ea6c-b159-41ac-b08c-fbbfca01fef0
INFO  [16:50:31.524] [bbotk] Evaluating 1 configuration(s)
INFO  [16:50:31.758] [bbotk] Result of batch 2:
INFO  [16:50:31.760] [bbotk]  num.trees classif.ce warnings errors runtime_learners
INFO  [16:50:31.760] [bbotk]        137  0.1075556        0      0            0.162
INFO  [16:50:31.760] [bbotk]                                 uhash
INFO  [16:50:31.760] [bbotk]  4d1422bf-c1a1-4041-a026-dceb21d63881
INFO  [16:50:31.773] [bbotk] Evaluating 1 configuration(s)
INFO  [16:50:32.081] [bbotk] Result of batch 3:
INFO  [16:50:32.083] [bbotk]  num.trees classif.ce warnings errors runtime_learners
INFO  [16:50:32.083] [bbotk]        204  0.1004444        0      0             0.22
INFO  [16:50:32.083] [bbotk]                                 uhash
INFO  [16:50:32.083] [bbotk]  b26d6c27-d9f7-4fef-8bae-853792258a28
INFO  [16:50:32.102] [bbotk] Finished optimizing after 3 evaluation(s)
INFO  [16:50:32.102] [bbotk] Result:
INFO  [16:50:32.104] [bbotk]  num.trees learner_param_vals  x_domain classif.ce
INFO  [16:50:32.104] [bbotk]      <int>             <list>    <list>      <num>
INFO  [16:50:32.104] [bbotk]        120          <list[2]> <list[1]> 0.09866667
INFO  [16:50:32.233] [bbotk] Starting to optimize 1 parameter(s) with '<OptimizerBatchRandomSearch>' and '<TerminatorEvals> [n_evals=3, k=0]'
INFO  [16:50:32.244] [bbotk] Evaluating 1 configuration(s)
INFO  [16:50:32.671] [bbotk] Result of batch 1:
INFO  [16:50:32.672] [bbotk]  num.trees classif.ce warnings errors runtime_learners
INFO  [16:50:32.672] [bbotk]        335  0.1145579        0      0            0.369
INFO  [16:50:32.672] [bbotk]                                 uhash
INFO  [16:50:32.672] [bbotk]  e66a8eaa-298c-44df-a7eb-84566ad7780c
INFO  [16:50:32.674] [bbotk] Evaluating 1 configuration(s)
INFO  [16:50:32.947] [bbotk] Result of batch 2:
INFO  [16:50:32.949] [bbotk]  num.trees classif.ce warnings errors runtime_learners
INFO  [16:50:32.949] [bbotk]        155  0.1118936        0      0            0.176
INFO  [16:50:32.949] [bbotk]                                 uhash
INFO  [16:50:32.949] [bbotk]  aa515f48-5fa2-45f9-b717-5e1255731766
INFO  [16:50:32.984] [bbotk] Evaluating 1 configuration(s)
INFO  [16:50:33.418] [bbotk] Result of batch 3:
INFO  [16:50:33.420] [bbotk]  num.trees classif.ce warnings errors runtime_learners
INFO  [16:50:33.420] [bbotk]        318  0.1154397        0      0            0.351
INFO  [16:50:33.420] [bbotk]                                 uhash
INFO  [16:50:33.420] [bbotk]  8a580326-3139-4047-90dd-ae168eb3b3f5
INFO  [16:50:33.427] [bbotk] Finished optimizing after 3 evaluation(s)
INFO  [16:50:33.427] [bbotk] Result:
INFO  [16:50:33.428] [bbotk]  num.trees learner_param_vals  x_domain classif.ce
INFO  [16:50:33.428] [bbotk]      <int>             <list>    <list>      <num>
INFO  [16:50:33.428] [bbotk]        155          <list[2]> <list[1]>  0.1118936
INFO  [16:50:33.558] [bbotk] Starting to optimize 1 parameter(s) with '<OptimizerBatchRandomSearch>' and '<TerminatorEvals> [n_evals=3, k=0]'
INFO  [16:50:33.571] [bbotk] Evaluating 1 configuration(s)
INFO  [16:50:33.956] [bbotk] Result of batch 1:
INFO  [16:50:33.957] [bbotk]  num.trees classif.ce warnings errors runtime_learners
INFO  [16:50:33.957] [bbotk]        310  0.1021206        0      0            0.331
INFO  [16:50:33.957] [bbotk]                                 uhash
INFO  [16:50:33.957] [bbotk]  3a4b0b7d-6164-4021-ab18-4012a33f09a4
INFO  [16:50:33.963] [bbotk] Evaluating 1 configuration(s)
INFO  [16:50:34.231] [bbotk] Result of batch 2:
INFO  [16:50:34.232] [bbotk]  num.trees classif.ce warnings errors runtime_learners
INFO  [16:50:34.232] [bbotk]        182  0.1021182        0      0            0.218
INFO  [16:50:34.232] [bbotk]                                 uhash
INFO  [16:50:34.232] [bbotk]  41cf77b0-e84f-4e9c-ba01-026ab9b7e168
INFO  [16:50:34.234] [bbotk] Evaluating 1 configuration(s)
INFO  [16:50:34.414] [bbotk] Result of batch 3:
INFO  [16:50:34.415] [bbotk]  num.trees classif.ce warnings errors runtime_learners
INFO  [16:50:34.415] [bbotk]        167  0.1030095        0      0             0.15
INFO  [16:50:34.415] [bbotk]                                 uhash
INFO  [16:50:34.415] [bbotk]  26739396-d189-4c32-a097-c317c72b150c
INFO  [16:50:34.421] [bbotk] Finished optimizing after 3 evaluation(s)
INFO  [16:50:34.421] [bbotk] Result:
INFO  [16:50:34.422] [bbotk]  num.trees learner_param_vals  x_domain classif.ce
INFO  [16:50:34.422] [bbotk]      <int>             <list>    <list>      <num>
INFO  [16:50:34.422] [bbotk]        182          <list[2]> <list[1]>  0.1021182
INFO  [16:50:34.551] [bbotk] Starting to optimize 1 parameter(s) with '<OptimizerBatchRandomSearch>' and '<TerminatorEvals> [n_evals=3, k=0]'
INFO  [16:50:34.556] [bbotk] Evaluating 1 configuration(s)
INFO  [16:50:34.874] [bbotk] Result of batch 1:
INFO  [16:50:34.875] [bbotk]  num.trees classif.ce warnings errors runtime_learners
INFO  [16:50:34.875] [bbotk]        400  0.1039054        0      0            0.291
INFO  [16:50:34.875] [bbotk]                                 uhash
INFO  [16:50:34.875] [bbotk]  33eab0a2-c092-46dc-9095-004d0cd986b3
INFO  [16:50:34.877] [bbotk] Evaluating 1 configuration(s)
INFO  [16:50:35.293] [bbotk] Result of batch 2:
INFO  [16:50:35.294] [bbotk]  num.trees classif.ce warnings errors runtime_learners
INFO  [16:50:35.294] [bbotk]        458  0.1021277        0      0            0.379
INFO  [16:50:35.294] [bbotk]                                 uhash
INFO  [16:50:35.294] [bbotk]  6258fa8c-6cae-46bc-a1f4-3046f88fb213
INFO  [16:50:35.296] [bbotk] Evaluating 1 configuration(s)
INFO  [16:50:35.576] [bbotk] Result of batch 3:
INFO  [16:50:35.577] [bbotk]  num.trees classif.ce warnings errors runtime_learners
INFO  [16:50:35.577] [bbotk]        239  0.1039054        0      0            0.231
INFO  [16:50:35.577] [bbotk]                                 uhash
INFO  [16:50:35.577] [bbotk]  13d1241a-d206-49ed-a60f-c59f8a95d65c
INFO  [16:50:35.588] [bbotk] Finished optimizing after 3 evaluation(s)
INFO  [16:50:35.588] [bbotk] Result:
INFO  [16:50:35.589] [bbotk]  num.trees learner_param_vals  x_domain classif.ce
INFO  [16:50:35.589] [bbotk]      <int>             <list>    <list>      <num>
INFO  [16:50:35.589] [bbotk]        458          <list[2]> <list[1]>  0.1021277
[1] -143.6297
[1] 14.66488
Warning: glm.fit: fitted probabilities numerically 0 or 1 occurred
This happened PipeOp classif.ranger's $train()
[1] -9.712537
[1] 35.31042
[1] -124.7037
[1] -3.118279
[1] -18.88574
[1] 28.59929
[1] -235.85
[1] 20.2836

### [bt]: Job terminated successfully [batchtools job.id=1359]
### [bt]: Starting job [batchtools job.id=1360]
### [bt]: Generating problem instance for problem '78e20b4b43a56ff6' ...
### [bt]: Applying algorithm 'run_learner' on problem '78e20b4b43a56ff6' for job 1360 (seed = 1361) ...
INFO  [16:50:35.939] [mlr3] Applying learner 'classif.ranger.tuned_calib.perfold_beta' on task 'pc3' (iter 10/10)
INFO  [16:50:35.979] [bbotk] Starting to optimize 1 parameter(s) with '<OptimizerBatchRandomSearch>' and '<TerminatorEvals> [n_evals=3, k=0]'
INFO  [16:50:35.986] [bbotk] Evaluating 1 configuration(s)
INFO  [16:50:36.178] [bbotk] Result of batch 1:
INFO  [16:50:36.179] [bbotk]  num.trees classif.ce warnings errors runtime_learners
INFO  [16:50:36.179] [bbotk]        156  0.1013333        0      0            0.149
INFO  [16:50:36.179] [bbotk]                                 uhash
INFO  [16:50:36.179] [bbotk]  199b786c-97fd-4c4a-8077-f600498c633a
INFO  [16:50:36.182] [bbotk] Evaluating 1 configuration(s)
INFO  [16:50:36.448] [bbotk] Result of batch 2:
INFO  [16:50:36.449] [bbotk]  num.trees classif.ce warnings errors runtime_learners
INFO  [16:50:36.449] [bbotk]        318 0.09955556        0      0            0.234
INFO  [16:50:36.449] [bbotk]                                 uhash
INFO  [16:50:36.449] [bbotk]  511a9444-1a62-4369-abd5-3a80b2950885
INFO  [16:50:36.452] [bbotk] Evaluating 1 configuration(s)
INFO  [16:50:36.672] [bbotk] Result of batch 3:
INFO  [16:50:36.673] [bbotk]  num.trees classif.ce warnings errors runtime_learners
INFO  [16:50:36.673] [bbotk]        258  0.1004444        0      0            0.191
INFO  [16:50:36.673] [bbotk]                                 uhash
INFO  [16:50:36.673] [bbotk]  17a2b9d1-8e9b-48c5-b4ca-d7ec45fdfbbb
INFO  [16:50:36.896] [bbotk] Finished optimizing after 3 evaluation(s)
INFO  [16:50:36.897] [bbotk] Result:
INFO  [16:50:36.897] [bbotk]  num.trees learner_param_vals  x_domain classif.ce
INFO  [16:50:36.897] [bbotk]      <int>             <list>    <list>      <num>
INFO  [16:50:36.897] [bbotk]        318          <list[2]> <list[1]> 0.09955556
INFO  [16:50:37.051] [bbotk] Starting to optimize 1 parameter(s) with '<OptimizerBatchRandomSearch>' and '<TerminatorEvals> [n_evals=3, k=0]'
INFO  [16:50:37.059] [bbotk] Evaluating 1 configuration(s)
INFO  [16:50:37.397] [bbotk] Result of batch 1:
INFO  [16:50:37.397] [bbotk]  num.trees classif.ce warnings errors runtime_learners
INFO  [16:50:37.397] [bbotk]        379  0.1057778        0      0            0.308
INFO  [16:50:37.397] [bbotk]                                 uhash
INFO  [16:50:37.397] [bbotk]  f6b37da4-c418-4802-a14b-971caf80a1d7
INFO  [16:50:37.399] [bbotk] Evaluating 1 configuration(s)
INFO  [16:50:37.538] [bbotk] Result of batch 2:
INFO  [16:50:37.539] [bbotk]  num.trees classif.ce warnings errors runtime_learners
INFO  [16:50:37.539] [bbotk]        128  0.1048889        0      0            0.113
INFO  [16:50:37.539] [bbotk]                                 uhash
INFO  [16:50:37.539] [bbotk]  34e3ffa6-82ca-46e8-807f-82bf2cda23b3
INFO  [16:50:37.541] [bbotk] Evaluating 1 configuration(s)
INFO  [16:50:37.931] [bbotk] Result of batch 3:
INFO  [16:50:37.931] [bbotk]  num.trees classif.ce warnings errors runtime_learners
INFO  [16:50:37.931] [bbotk]        498  0.1057778        0      0            0.358
INFO  [16:50:37.931] [bbotk]                                 uhash
INFO  [16:50:37.931] [bbotk]  2d6227b9-0c8c-4949-971f-460b0331e9fe
INFO  [16:50:37.939] [bbotk] Finished optimizing after 3 evaluation(s)
INFO  [16:50:37.939] [bbotk] Result:
INFO  [16:50:37.940] [bbotk]  num.trees learner_param_vals  x_domain classif.ce
INFO  [16:50:37.940] [bbotk]      <int>             <list>    <list>      <num>
INFO  [16:50:37.940] [bbotk]        128          <list[2]> <list[1]>  0.1048889
INFO  [16:50:38.027] [bbotk] Starting to optimize 1 parameter(s) with '<OptimizerBatchRandomSearch>' and '<TerminatorEvals> [n_evals=3, k=0]'
INFO  [16:50:38.031] [bbotk] Evaluating 1 configuration(s)
INFO  [16:50:38.227] [bbotk] Result of batch 1:
INFO  [16:50:38.228] [bbotk]  num.trees classif.ce warnings errors runtime_learners
INFO  [16:50:38.228] [bbotk]        190  0.1136809        0      0             0.16
INFO  [16:50:38.228] [bbotk]                                 uhash
INFO  [16:50:38.228] [bbotk]  eda3f8ac-2ba1-4e0c-9479-e6afbf025151
INFO  [16:50:38.231] [bbotk] Evaluating 1 configuration(s)
INFO  [16:50:38.584] [bbotk] Result of batch 2:
INFO  [16:50:38.585] [bbotk]  num.trees classif.ce warnings errors runtime_learners
INFO  [16:50:38.585] [bbotk]        273  0.1110142        0      0              0.3
INFO  [16:50:38.585] [bbotk]                                 uhash
INFO  [16:50:38.585] [bbotk]  bdd9d8f7-991e-47af-83dc-25110582d4bd
INFO  [16:50:38.587] [bbotk] Evaluating 1 configuration(s)
INFO  [16:50:39.268] [bbotk] Result of batch 3:
INFO  [16:50:39.269] [bbotk]  num.trees classif.ce warnings errors runtime_learners
INFO  [16:50:39.269] [bbotk]        485  0.1119007        0      0            0.636
INFO  [16:50:39.269] [bbotk]                                 uhash
INFO  [16:50:39.269] [bbotk]  19fb591c-8748-4ca2-9a9c-e80a3bf5702b
INFO  [16:50:39.282] [bbotk] Finished optimizing after 3 evaluation(s)
INFO  [16:50:39.282] [bbotk] Result:
INFO  [16:50:39.283] [bbotk]  num.trees learner_param_vals  x_domain classif.ce
INFO  [16:50:39.283] [bbotk]      <int>             <list>    <list>      <num>
INFO  [16:50:39.283] [bbotk]        273          <list[2]> <list[1]>  0.1110142
INFO  [16:50:39.501] [bbotk] Starting to optimize 1 parameter(s) with '<OptimizerBatchRandomSearch>' and '<TerminatorEvals> [n_evals=3, k=0]'
INFO  [16:50:39.508] [bbotk] Evaluating 1 configuration(s)
INFO  [16:50:40.016] [bbotk] Result of batch 1:
INFO  [16:50:40.017] [bbotk]  num.trees classif.ce warnings errors runtime_learners
INFO  [16:50:40.017] [bbotk]        489  0.1012388        0      0            0.462
INFO  [16:50:40.017] [bbotk]                                 uhash
INFO  [16:50:40.017] [bbotk]  109a3ccc-979e-4af6-805a-e7a638d10056
INFO  [16:50:40.019] [bbotk] Evaluating 1 configuration(s)
INFO  [16:50:40.279] [bbotk] Result of batch 2:
INFO  [16:50:40.280] [bbotk]  num.trees classif.ce warnings errors runtime_learners
INFO  [16:50:40.280] [bbotk]        191  0.1003475        0      0            0.203
INFO  [16:50:40.280] [bbotk]                                 uhash
INFO  [16:50:40.280] [bbotk]  7e138a73-fb6a-4572-81cf-da6d35328d02
INFO  [16:50:40.282] [bbotk] Evaluating 1 configuration(s)
INFO  [16:50:40.764] [bbotk] Result of batch 3:
INFO  [16:50:40.765] [bbotk]  num.trees classif.ce warnings errors runtime_learners
INFO  [16:50:40.765] [bbotk]        410 0.09946099        0      0            0.415
INFO  [16:50:40.765] [bbotk]                                 uhash
INFO  [16:50:40.765] [bbotk]  27341341-7eec-4e0a-b5d4-80c2f3c9b0f7
INFO  [16:50:40.774] [bbotk] Finished optimizing after 3 evaluation(s)
INFO  [16:50:40.774] [bbotk] Result:
INFO  [16:50:40.775] [bbotk]  num.trees learner_param_vals  x_domain classif.ce
INFO  [16:50:40.775] [bbotk]      <int>             <list>    <list>      <num>
INFO  [16:50:40.775] [bbotk]        410          <list[2]> <list[1]> 0.09946099
INFO  [16:50:41.065] [bbotk] Starting to optimize 1 parameter(s) with '<OptimizerBatchRandomSearch>' and '<TerminatorEvals> [n_evals=3, k=0]'
INFO  [16:50:41.077] [bbotk] Evaluating 1 configuration(s)
INFO  [16:50:41.408] [bbotk] Result of batch 1:
INFO  [16:50:41.409] [bbotk]  num.trees classif.ce warnings errors runtime_learners
INFO  [16:50:41.409] [bbotk]        288   0.100357        0      0            0.291
INFO  [16:50:41.409] [bbotk]                                 uhash
INFO  [16:50:41.409] [bbotk]  686702d2-566c-44ec-ac31-c90f4ab18bbf
INFO  [16:50:41.412] [bbotk] Evaluating 1 configuration(s)
INFO  [16:50:41.895] [bbotk] Result of batch 2:
INFO  [16:50:41.896] [bbotk]  num.trees classif.ce warnings errors runtime_learners
INFO  [16:50:41.896] [bbotk]        408   0.100357        0      0            0.436
INFO  [16:50:41.896] [bbotk]                                 uhash
INFO  [16:50:41.896] [bbotk]  86850993-9a53-4e88-8f8e-269d8ee947be
INFO  [16:50:41.898] [bbotk] Evaluating 1 configuration(s)
INFO  [16:50:42.248] [bbotk] Result of batch 3:
INFO  [16:50:42.251] [bbotk]  num.trees classif.ce warnings errors runtime_learners
INFO  [16:50:42.251] [bbotk]        258  0.1003593        0      0            0.275
INFO  [16:50:42.251] [bbotk]                                 uhash
INFO  [16:50:42.251] [bbotk]  4872a8ca-3df3-4213-b48e-4b89691cfddb
INFO  [16:50:42.258] [bbotk] Finished optimizing after 3 evaluation(s)
INFO  [16:50:42.258] [bbotk] Result:
INFO  [16:50:42.259] [bbotk]  num.trees learner_param_vals  x_domain classif.ce
INFO  [16:50:42.259] [bbotk]      <int>             <list>    <list>      <num>
INFO  [16:50:42.259] [bbotk]        288          <list[2]> <list[1]>   0.100357
[1] -162.0347
[1] -2.39882
[1] -105.8104
[1] 18.62639
Warning: glm.fit: fitted probabilities numerically 0 or 1 occurred
This happened PipeOp classif.ranger's $train()
Warning: glm.fit: fitted probabilities numerically 0 or 1 occurred
This happened PipeOp classif.ranger's $train()
[1] 1.343555
[1] 68.3806
Warning: glm.fit: fitted probabilities numerically 0 or 1 occurred
This happened PipeOp classif.ranger's $train()
[1] -68.76422
[1] 33.74068
Warning: glm.fit: fitted probabilities numerically 0 or 1 occurred
This happened PipeOp classif.ranger's $train()
[1] -3.608166
[1] 38.80491

### [bt]: Job terminated successfully [batchtools job.id=1360]
### [bt]: Calculation finished!
