### [bt]: This is batchtools v0.9.17
### [bt]: Starting calculation of 5 jobs
### [bt]: Setting working directory to '/Users/User/Documents/Studium/Semester8/Hiwi/mlr3calibration/vignettes'
### [bt]: Memory measurement disabled
### [bt]: Starting job [batchtools job.id=2486]
### [bt]: Generating problem instance for problem '34d90df810f60583' ...
### [bt]: Applying algorithm 'run_learner' on problem '34d90df810f60583' for job 2486 (seed = 2487) ...
INFO  [17:12:11.458] [mlr3] Applying learner 'classif.ranger.tuned_calib.oof_platt' on task 'phoneme' (iter 6/10)
INFO  [17:12:11.532] [bbotk] Starting to optimize 1 parameter(s) with '<OptimizerBatchRandomSearch>' and '<TerminatorEvals> [n_evals=3, k=0]'
INFO  [17:12:11.537] [bbotk] Evaluating 1 configuration(s)
INFO  [17:12:13.997] [bbotk] Result of batch 1:
INFO  [17:12:13.998] [bbotk]  num.trees classif.ce warnings errors runtime_learners
INFO  [17:12:13.998] [bbotk]        424  0.1184785        0      0            2.422
INFO  [17:12:13.998] [bbotk]                                 uhash
INFO  [17:12:13.998] [bbotk]  2f9ad149-22bb-48d1-b327-3be660ccc782
INFO  [17:12:14.000] [bbotk] Evaluating 1 configuration(s)
INFO  [17:12:15.123] [bbotk] Result of batch 2:
INFO  [17:12:15.124] [bbotk]  num.trees classif.ce warnings errors runtime_learners
INFO  [17:12:15.124] [bbotk]        237  0.1182215        0      0            1.084
INFO  [17:12:15.124] [bbotk]                                 uhash
INFO  [17:12:15.124] [bbotk]  50c90e29-f8c1-4e27-8863-22cedd4363af
INFO  [17:12:15.126] [bbotk] Evaluating 1 configuration(s)
INFO  [17:12:17.557] [bbotk] Result of batch 3:
INFO  [17:12:17.558] [bbotk]  num.trees classif.ce warnings errors runtime_learners
INFO  [17:12:17.558] [bbotk]        498  0.1174505        0      0            2.396
INFO  [17:12:17.558] [bbotk]                                 uhash
INFO  [17:12:17.558] [bbotk]  3cffd22a-304d-475e-ba96-019c48d8a35f
INFO  [17:12:17.565] [bbotk] Finished optimizing after 3 evaluation(s)
INFO  [17:12:17.565] [bbotk] Result:
INFO  [17:12:17.565] [bbotk]  num.trees learner_param_vals  x_domain classif.ce
INFO  [17:12:17.565] [bbotk]      <int>             <list>    <list>      <num>
INFO  [17:12:17.565] [bbotk]        498          <list[2]> <list[1]>  0.1174505
INFO  [17:12:19.087] [bbotk] Starting to optimize 1 parameter(s) with '<OptimizerBatchRandomSearch>' and '<TerminatorEvals> [n_evals=3, k=0]'
INFO  [17:12:19.091] [bbotk] Evaluating 1 configuration(s)
INFO  [17:12:19.728] [bbotk] Result of batch 1:
INFO  [17:12:19.729] [bbotk]  num.trees classif.ce warnings errors runtime_learners
INFO  [17:12:19.729] [bbotk]        135  0.1231046        0      0            0.596
INFO  [17:12:19.729] [bbotk]                                 uhash
INFO  [17:12:19.729] [bbotk]  29b3a01c-95bb-4fe4-bfb7-71c5da005e1b
INFO  [17:12:19.732] [bbotk] Evaluating 1 configuration(s)
INFO  [17:12:21.255] [bbotk] Result of batch 2:
INFO  [17:12:21.256] [bbotk]  num.trees classif.ce warnings errors runtime_learners
INFO  [17:12:21.256] [bbotk]        272  0.1207916        0      0            1.485
INFO  [17:12:21.256] [bbotk]                                 uhash
INFO  [17:12:21.256] [bbotk]  a0cfeb50-ab99-4443-95f3-ed2b01e95e57
INFO  [17:12:21.258] [bbotk] Evaluating 1 configuration(s)
INFO  [17:12:22.896] [bbotk] Result of batch 3:
INFO  [17:12:22.897] [bbotk]  num.trees classif.ce warnings errors runtime_learners
INFO  [17:12:22.897] [bbotk]        346  0.1187355        0      0            1.599
INFO  [17:12:22.897] [bbotk]                                 uhash
INFO  [17:12:22.897] [bbotk]  f92395c3-83a7-4826-b1bd-3a49af6236ab
INFO  [17:12:22.903] [bbotk] Finished optimizing after 3 evaluation(s)
INFO  [17:12:22.903] [bbotk] Result:
INFO  [17:12:22.904] [bbotk]  num.trees learner_param_vals  x_domain classif.ce
INFO  [17:12:22.904] [bbotk]      <int>             <list>    <list>      <num>
INFO  [17:12:22.904] [bbotk]        346          <list[2]> <list[1]>  0.1187355
INFO  [17:12:24.088] [bbotk] Starting to optimize 1 parameter(s) with '<OptimizerBatchRandomSearch>' and '<TerminatorEvals> [n_evals=3, k=0]'
INFO  [17:12:24.095] [bbotk] Evaluating 1 configuration(s)
INFO  [17:12:26.831] [bbotk] Result of batch 1:
INFO  [17:12:26.831] [bbotk]  num.trees classif.ce warnings errors runtime_learners
INFO  [17:12:26.831] [bbotk]        463  0.1123105        0      0            2.702
INFO  [17:12:26.831] [bbotk]                                 uhash
INFO  [17:12:26.831] [bbotk]  2b96cddb-e527-4c35-a97d-de7d8294d864
INFO  [17:12:26.833] [bbotk] Evaluating 1 configuration(s)
INFO  [17:12:27.703] [bbotk] Result of batch 2:
INFO  [17:12:27.705] [bbotk]  num.trees classif.ce warnings errors runtime_learners
INFO  [17:12:27.705] [bbotk]        171  0.1133385        0      0            0.842
INFO  [17:12:27.705] [bbotk]                                 uhash
INFO  [17:12:27.705] [bbotk]  a0773bd8-416f-4f7b-9abe-ee613220802d
INFO  [17:12:27.710] [bbotk] Evaluating 1 configuration(s)
INFO  [17:12:29.289] [bbotk] Result of batch 3:
INFO  [17:12:29.289] [bbotk]  num.trees classif.ce warnings errors runtime_learners
INFO  [17:12:29.289] [bbotk]        310  0.1128245        0      0            1.541
INFO  [17:12:29.289] [bbotk]                                 uhash
INFO  [17:12:29.289] [bbotk]  3496334b-474f-4643-820a-b79aedce32bf
INFO  [17:12:29.295] [bbotk] Finished optimizing after 3 evaluation(s)
INFO  [17:12:29.296] [bbotk] Result:
INFO  [17:12:29.296] [bbotk]  num.trees learner_param_vals  x_domain classif.ce
INFO  [17:12:29.296] [bbotk]      <int>             <list>    <list>      <num>
INFO  [17:12:29.296] [bbotk]        463          <list[2]> <list[1]>  0.1123105
INFO  [17:12:30.861] [bbotk] Starting to optimize 1 parameter(s) with '<OptimizerBatchRandomSearch>' and '<TerminatorEvals> [n_evals=3, k=0]'
INFO  [17:12:30.870] [bbotk] Evaluating 1 configuration(s)
INFO  [17:12:33.653] [bbotk] Result of batch 1:
INFO  [17:12:33.655] [bbotk]  num.trees classif.ce warnings errors runtime_learners
INFO  [17:12:33.655] [bbotk]        470  0.1161655        0      0             2.74
INFO  [17:12:33.655] [bbotk]                                 uhash
INFO  [17:12:33.655] [bbotk]  6590c2ce-f55f-414b-bea7-aa3cb0a18859
INFO  [17:12:33.658] [bbotk] Evaluating 1 configuration(s)
INFO  [17:12:34.218] [bbotk] Result of batch 2:
INFO  [17:12:34.218] [bbotk]  num.trees classif.ce warnings errors runtime_learners
INFO  [17:12:34.218] [bbotk]        113  0.1177075        0      0            0.515
INFO  [17:12:34.218] [bbotk]                                 uhash
INFO  [17:12:34.218] [bbotk]  57bd49b5-aa3b-4610-b173-cfb9e0a84813
INFO  [17:12:34.220] [bbotk] Evaluating 1 configuration(s)
INFO  [17:12:35.381] [bbotk] Result of batch 3:
INFO  [17:12:35.381] [bbotk]  num.trees classif.ce warnings errors runtime_learners
INFO  [17:12:35.381] [bbotk]        227  0.1164225        0      0            1.129
INFO  [17:12:35.381] [bbotk]                                 uhash
INFO  [17:12:35.381] [bbotk]  7181c6e5-2615-48c9-a528-995db2efa718
INFO  [17:12:35.389] [bbotk] Finished optimizing after 3 evaluation(s)
INFO  [17:12:35.389] [bbotk] Result:
INFO  [17:12:35.391] [bbotk]  num.trees learner_param_vals  x_domain classif.ce
INFO  [17:12:35.391] [bbotk]      <int>             <list>    <list>      <num>
INFO  [17:12:35.391] [bbotk]        470          <list[2]> <list[1]>  0.1161655
INFO  [17:12:36.614] [bbotk] Starting to optimize 1 parameter(s) with '<OptimizerBatchRandomSearch>' and '<TerminatorEvals> [n_evals=3, k=0]'
INFO  [17:12:36.622] [bbotk] Evaluating 1 configuration(s)
INFO  [17:12:37.681] [bbotk] Result of batch 1:
INFO  [17:12:37.683] [bbotk]  num.trees classif.ce warnings errors runtime_learners
INFO  [17:12:37.683] [bbotk]        202   0.118452        0      0            0.997
INFO  [17:12:37.683] [bbotk]                                 uhash
INFO  [17:12:37.683] [bbotk]  c9a281ef-fee8-48ea-88f5-e8bc101bbc61
INFO  [17:12:37.685] [bbotk] Evaluating 1 configuration(s)
INFO  [17:12:38.627] [bbotk] Result of batch 2:
INFO  [17:12:38.627] [bbotk]  num.trees classif.ce warnings errors runtime_learners
INFO  [17:12:38.627] [bbotk]        195  0.1217923        0      0            0.899
INFO  [17:12:38.627] [bbotk]                                 uhash
INFO  [17:12:38.627] [bbotk]  e16e20f0-560f-43a3-a6c4-8210f39f2f19
INFO  [17:12:38.630] [bbotk] Evaluating 1 configuration(s)
INFO  [17:12:40.731] [bbotk] Result of batch 3:
INFO  [17:12:40.732] [bbotk]  num.trees classif.ce warnings errors runtime_learners
INFO  [17:12:40.732] [bbotk]        395  0.1192218        0      0            2.061
INFO  [17:12:40.732] [bbotk]                                 uhash
INFO  [17:12:40.732] [bbotk]  11bc222f-7e6b-4e66-aee8-c3ba7ebc9f7e
INFO  [17:12:40.738] [bbotk] Finished optimizing after 3 evaluation(s)
INFO  [17:12:40.738] [bbotk] Result:
INFO  [17:12:40.739] [bbotk]  num.trees learner_param_vals  x_domain classif.ce
INFO  [17:12:40.739] [bbotk]      <int>             <list>    <list>      <num>
INFO  [17:12:40.739] [bbotk]        202          <list[2]> <list[1]>   0.118452

### [bt]: Job terminated successfully [batchtools job.id=2486]
### [bt]: Starting job [batchtools job.id=2487]
### [bt]: Generating problem instance for problem '34d90df810f60583' ...
### [bt]: Applying algorithm 'run_learner' on problem '34d90df810f60583' for job 2487 (seed = 2488) ...
INFO  [17:12:41.597] [mlr3] Applying learner 'classif.ranger.tuned_calib.oof_platt' on task 'phoneme' (iter 7/10)
INFO  [17:12:41.636] [bbotk] Starting to optimize 1 parameter(s) with '<OptimizerBatchRandomSearch>' and '<TerminatorEvals> [n_evals=3, k=0]'
INFO  [17:12:41.646] [bbotk] Evaluating 1 configuration(s)
INFO  [17:12:42.347] [bbotk] Result of batch 1:
INFO  [17:12:42.348] [bbotk]  num.trees classif.ce warnings errors runtime_learners
INFO  [17:12:42.348] [bbotk]        139  0.1143665        0      0            0.666
INFO  [17:12:42.348] [bbotk]                                 uhash
INFO  [17:12:42.348] [bbotk]  b31b688f-5c6d-4838-afc7-de1bb73185d6
INFO  [17:12:42.350] [bbotk] Evaluating 1 configuration(s)
INFO  [17:12:42.984] [bbotk] Result of batch 2:
INFO  [17:12:42.985] [bbotk]  num.trees classif.ce warnings errors runtime_learners
INFO  [17:12:42.985] [bbotk]        124  0.1148805        0      0            0.579
INFO  [17:12:42.985] [bbotk]                                 uhash
INFO  [17:12:42.985] [bbotk]  4f61308a-0e1e-4673-a239-1bbdc6173f44
INFO  [17:12:42.987] [bbotk] Evaluating 1 configuration(s)
INFO  [17:12:44.812] [bbotk] Result of batch 3:
INFO  [17:12:44.813] [bbotk]  num.trees classif.ce warnings errors runtime_learners
INFO  [17:12:44.813] [bbotk]        333  0.1146235        0      0            1.787
INFO  [17:12:44.813] [bbotk]                                 uhash
INFO  [17:12:44.813] [bbotk]  9efbe566-63e5-480c-b9f1-71ca6562c7d2
INFO  [17:12:44.819] [bbotk] Finished optimizing after 3 evaluation(s)
INFO  [17:12:44.819] [bbotk] Result:
INFO  [17:12:44.820] [bbotk]  num.trees learner_param_vals  x_domain classif.ce
INFO  [17:12:44.820] [bbotk]      <int>             <list>    <list>      <num>
INFO  [17:12:44.820] [bbotk]        139          <list[2]> <list[1]>  0.1143665
INFO  [17:12:45.206] [bbotk] Starting to optimize 1 parameter(s) with '<OptimizerBatchRandomSearch>' and '<TerminatorEvals> [n_evals=3, k=0]'
INFO  [17:12:45.215] [bbotk] Evaluating 1 configuration(s)
INFO  [17:12:47.312] [bbotk] Result of batch 1:
INFO  [17:12:47.313] [bbotk]  num.trees classif.ce warnings errors runtime_learners
INFO  [17:12:47.313] [bbotk]        387  0.1182215        0      0            2.067
INFO  [17:12:47.313] [bbotk]                                 uhash
INFO  [17:12:47.313] [bbotk]  7896ac80-727e-4ea6-af7c-a4a0e0bf16d8
INFO  [17:12:47.315] [bbotk] Evaluating 1 configuration(s)
INFO  [17:12:49.181] [bbotk] Result of batch 2:
INFO  [17:12:49.182] [bbotk]  num.trees classif.ce warnings errors runtime_learners
INFO  [17:12:49.182] [bbotk]        374  0.1171935        0      0            1.833
INFO  [17:12:49.182] [bbotk]                                 uhash
INFO  [17:12:49.182] [bbotk]  31fbb2b7-de5d-426c-b84f-c41fc9d23e51
INFO  [17:12:49.184] [bbotk] Evaluating 1 configuration(s)
INFO  [17:12:51.618] [bbotk] Result of batch 3:
INFO  [17:12:51.621] [bbotk]  num.trees classif.ce warnings errors runtime_learners
INFO  [17:12:51.621] [bbotk]        438  0.1184785        0      0            2.379
INFO  [17:12:51.621] [bbotk]                                 uhash
INFO  [17:12:51.621] [bbotk]  87b28460-b0f3-4585-bcd5-e89252cb40bd
INFO  [17:12:51.641] [bbotk] Finished optimizing after 3 evaluation(s)
INFO  [17:12:51.641] [bbotk] Result:
INFO  [17:12:51.643] [bbotk]  num.trees learner_param_vals  x_domain classif.ce
INFO  [17:12:51.643] [bbotk]      <int>             <list>    <list>      <num>
INFO  [17:12:51.643] [bbotk]        374          <list[2]> <list[1]>  0.1171935
INFO  [17:12:53.086] [bbotk] Starting to optimize 1 parameter(s) with '<OptimizerBatchRandomSearch>' and '<TerminatorEvals> [n_evals=3, k=0]'
INFO  [17:12:53.096] [bbotk] Evaluating 1 configuration(s)
INFO  [17:12:53.607] [bbotk] Result of batch 1:
INFO  [17:12:53.608] [bbotk]  num.trees classif.ce warnings errors runtime_learners
INFO  [17:12:53.608] [bbotk]        104  0.1207916        0      0            0.476
INFO  [17:12:53.608] [bbotk]                                 uhash
INFO  [17:12:53.608] [bbotk]  181e4048-508b-45b5-8fae-1b51d3a80772
INFO  [17:12:53.611] [bbotk] Evaluating 1 configuration(s)
INFO  [17:12:55.097] [bbotk] Result of batch 2:
INFO  [17:12:55.098] [bbotk]  num.trees classif.ce warnings errors runtime_learners
INFO  [17:12:55.098] [bbotk]        284  0.1202776        0      0            1.457
INFO  [17:12:55.098] [bbotk]                                 uhash
INFO  [17:12:55.098] [bbotk]  960787e7-c04d-4c8c-bd5e-c19b4dab49fd
INFO  [17:12:55.100] [bbotk] Evaluating 1 configuration(s)
INFO  [17:12:55.899] [bbotk] Result of batch 3:
INFO  [17:12:55.900] [bbotk]  num.trees classif.ce warnings errors runtime_learners
INFO  [17:12:55.900] [bbotk]        161  0.1210486        0      0            0.758
INFO  [17:12:55.900] [bbotk]                                 uhash
INFO  [17:12:55.900] [bbotk]  ce2fbcb8-21e3-4e6c-b7a0-8258b42c2d35
INFO  [17:12:55.908] [bbotk] Finished optimizing after 3 evaluation(s)
INFO  [17:12:55.908] [bbotk] Result:
INFO  [17:12:55.910] [bbotk]  num.trees learner_param_vals  x_domain classif.ce
INFO  [17:12:55.910] [bbotk]      <int>             <list>    <list>      <num>
INFO  [17:12:55.910] [bbotk]        284          <list[2]> <list[1]>  0.1202776
INFO  [17:12:56.742] [bbotk] Starting to optimize 1 parameter(s) with '<OptimizerBatchRandomSearch>' and '<TerminatorEvals> [n_evals=3, k=0]'
INFO  [17:12:56.746] [bbotk] Evaluating 1 configuration(s)
INFO  [17:12:58.638] [bbotk] Result of batch 1:
INFO  [17:12:58.641] [bbotk]  num.trees classif.ce warnings errors runtime_learners
INFO  [17:12:58.641] [bbotk]        340  0.1169365        0      0            1.855
INFO  [17:12:58.641] [bbotk]                                 uhash
INFO  [17:12:58.641] [bbotk]  98a020d8-f083-4f28-97f6-dc1bd2a84c35
INFO  [17:12:58.646] [bbotk] Evaluating 1 configuration(s)
INFO  [17:13:01.071] [bbotk] Result of batch 2:
INFO  [17:13:01.073] [bbotk]  num.trees classif.ce warnings errors runtime_learners
INFO  [17:13:01.073] [bbotk]        415  0.1146235        0      0            2.382
INFO  [17:13:01.073] [bbotk]                                 uhash
INFO  [17:13:01.073] [bbotk]  a546bce5-63d6-4238-98d2-37c5aede63d8
INFO  [17:13:01.078] [bbotk] Evaluating 1 configuration(s)
INFO  [17:13:02.085] [bbotk] Result of batch 3:
INFO  [17:13:02.088] [bbotk]  num.trees classif.ce warnings errors runtime_learners
INFO  [17:13:02.088] [bbotk]        193  0.1141095        0      0            0.966
INFO  [17:13:02.088] [bbotk]                                 uhash
INFO  [17:13:02.088] [bbotk]  faf4c36a-a589-4bc9-8341-e596b23c365c
INFO  [17:13:02.094] [bbotk] Finished optimizing after 3 evaluation(s)
INFO  [17:13:02.095] [bbotk] Result:
INFO  [17:13:02.095] [bbotk]  num.trees learner_param_vals  x_domain classif.ce
INFO  [17:13:02.095] [bbotk]      <int>             <list>    <list>      <num>
INFO  [17:13:02.095] [bbotk]        193          <list[2]> <list[1]>  0.1141095
INFO  [17:13:02.784] [bbotk] Starting to optimize 1 parameter(s) with '<OptimizerBatchRandomSearch>' and '<TerminatorEvals> [n_evals=3, k=0]'
INFO  [17:13:02.789] [bbotk] Evaluating 1 configuration(s)
INFO  [17:13:03.435] [bbotk] Result of batch 1:
INFO  [17:13:03.436] [bbotk]  num.trees classif.ce warnings errors runtime_learners
INFO  [17:13:03.436] [bbotk]        123   0.118964        0      0            0.607
INFO  [17:13:03.436] [bbotk]                                 uhash
INFO  [17:13:03.436] [bbotk]  09f2e7fe-ee30-43f8-81a1-4eb7120af370
INFO  [17:13:03.438] [bbotk] Evaluating 1 configuration(s)
INFO  [17:13:05.104] [bbotk] Result of batch 2:
INFO  [17:13:05.105] [bbotk]  num.trees classif.ce warnings errors runtime_learners
INFO  [17:13:05.105] [bbotk]        307  0.1166518        0      0            1.622
INFO  [17:13:05.105] [bbotk]                                 uhash
INFO  [17:13:05.105] [bbotk]  e20776fa-4409-4131-8244-f257b3956531
INFO  [17:13:05.107] [bbotk] Evaluating 1 configuration(s)
INFO  [17:13:06.923] [bbotk] Result of batch 3:
INFO  [17:13:06.924] [bbotk]  num.trees classif.ce warnings errors runtime_learners
INFO  [17:13:06.924] [bbotk]        361  0.1187074        0      0            1.781
INFO  [17:13:06.924] [bbotk]                                 uhash
INFO  [17:13:06.924] [bbotk]  16a63496-ddfc-4e43-af59-a5e25c6fcafc
INFO  [17:13:06.936] [bbotk] Finished optimizing after 3 evaluation(s)
INFO  [17:13:06.937] [bbotk] Result:
INFO  [17:13:06.937] [bbotk]  num.trees learner_param_vals  x_domain classif.ce
INFO  [17:13:06.937] [bbotk]      <int>             <list>    <list>      <num>
INFO  [17:13:06.937] [bbotk]        307          <list[2]> <list[1]>  0.1166518

### [bt]: Job terminated successfully [batchtools job.id=2487]
### [bt]: Starting job [batchtools job.id=2488]
### [bt]: Generating problem instance for problem '34d90df810f60583' ...
### [bt]: Applying algorithm 'run_learner' on problem '34d90df810f60583' for job 2488 (seed = 2489) ...
INFO  [17:13:08.081] [mlr3] Applying learner 'classif.ranger.tuned_calib.oof_platt' on task 'phoneme' (iter 8/10)
INFO  [17:13:08.147] [bbotk] Starting to optimize 1 parameter(s) with '<OptimizerBatchRandomSearch>' and '<TerminatorEvals> [n_evals=3, k=0]'
INFO  [17:13:08.155] [bbotk] Evaluating 1 configuration(s)
INFO  [17:13:09.656] [bbotk] Result of batch 1:
INFO  [17:13:09.657] [bbotk]  num.trees classif.ce warnings errors runtime_learners
INFO  [17:13:09.657] [bbotk]        297  0.1112824        0      0            1.464
INFO  [17:13:09.657] [bbotk]                                 uhash
INFO  [17:13:09.657] [bbotk]  565b243f-6648-4224-ac67-90ca38ecba62
INFO  [17:13:09.659] [bbotk] Evaluating 1 configuration(s)
INFO  [17:13:11.489] [bbotk] Result of batch 2:
INFO  [17:13:11.490] [bbotk]  num.trees classif.ce warnings errors runtime_learners
INFO  [17:13:11.490] [bbotk]        344  0.1089694        0      0            1.797
INFO  [17:13:11.490] [bbotk]                                 uhash
INFO  [17:13:11.490] [bbotk]  1ac6a7d2-2619-4f5b-811f-3f48d8ab43b1
INFO  [17:13:11.492] [bbotk] Evaluating 1 configuration(s)
INFO  [17:13:13.611] [bbotk] Result of batch 3:
INFO  [17:13:13.611] [bbotk]  num.trees classif.ce warnings errors runtime_learners
INFO  [17:13:13.611] [bbotk]        424  0.1117965        0      0            2.079
INFO  [17:13:13.611] [bbotk]                                 uhash
INFO  [17:13:13.611] [bbotk]  34298005-8897-4e3a-98ed-9d351490ce52
INFO  [17:13:13.623] [bbotk] Finished optimizing after 3 evaluation(s)
INFO  [17:13:13.623] [bbotk] Result:
INFO  [17:13:13.624] [bbotk]  num.trees learner_param_vals  x_domain classif.ce
INFO  [17:13:13.624] [bbotk]      <int>             <list>    <list>      <num>
INFO  [17:13:13.624] [bbotk]        344          <list[2]> <list[1]>  0.1089694
INFO  [17:13:14.589] [bbotk] Starting to optimize 1 parameter(s) with '<OptimizerBatchRandomSearch>' and '<TerminatorEvals> [n_evals=3, k=0]'
INFO  [17:13:14.593] [bbotk] Evaluating 1 configuration(s)
INFO  [17:13:16.612] [bbotk] Result of batch 1:
INFO  [17:13:16.613] [bbotk]  num.trees classif.ce warnings errors runtime_learners
INFO  [17:13:16.613] [bbotk]        385  0.1105114        0      0            1.987
INFO  [17:13:16.613] [bbotk]                                 uhash
INFO  [17:13:16.613] [bbotk]  1d521c17-888c-4dc7-b227-ff25b9c2e43c
INFO  [17:13:16.618] [bbotk] Evaluating 1 configuration(s)
INFO  [17:13:18.334] [bbotk] Result of batch 2:
INFO  [17:13:18.335] [bbotk]  num.trees classif.ce warnings errors runtime_learners
INFO  [17:13:18.335] [bbotk]        317  0.1112824        0      0            1.677
INFO  [17:13:18.335] [bbotk]                                 uhash
INFO  [17:13:18.335] [bbotk]  8cb7091d-ffc0-4f52-8235-3921696398a0
INFO  [17:13:18.339] [bbotk] Evaluating 1 configuration(s)
INFO  [17:13:19.627] [bbotk] Result of batch 3:
INFO  [17:13:19.628] [bbotk]  num.trees classif.ce warnings errors runtime_learners
INFO  [17:13:19.628] [bbotk]        261  0.1092264        0      0            1.257
INFO  [17:13:19.628] [bbotk]                                 uhash
INFO  [17:13:19.628] [bbotk]  6d376bf7-a3fc-46f6-a2e5-257ed1868b97
INFO  [17:13:19.640] [bbotk] Finished optimizing after 3 evaluation(s)
INFO  [17:13:19.641] [bbotk] Result:
INFO  [17:13:19.641] [bbotk]  num.trees learner_param_vals  x_domain classif.ce
INFO  [17:13:19.641] [bbotk]      <int>             <list>    <list>      <num>
INFO  [17:13:19.641] [bbotk]        261          <list[2]> <list[1]>  0.1092264
INFO  [17:13:20.451] [bbotk] Starting to optimize 1 parameter(s) with '<OptimizerBatchRandomSearch>' and '<TerminatorEvals> [n_evals=3, k=0]'
INFO  [17:13:20.457] [bbotk] Evaluating 1 configuration(s)
INFO  [17:13:22.605] [bbotk] Result of batch 1:
INFO  [17:13:22.606] [bbotk]  num.trees classif.ce warnings errors runtime_learners
INFO  [17:13:22.606] [bbotk]        420  0.1107684        0      0            2.109
INFO  [17:13:22.606] [bbotk]                                 uhash
INFO  [17:13:22.606] [bbotk]  dcc727c4-4c16-44f0-87cc-bba7038f5c5b
INFO  [17:13:22.608] [bbotk] Evaluating 1 configuration(s)
INFO  [17:13:24.411] [bbotk] Result of batch 2:
INFO  [17:13:24.412] [bbotk]  num.trees classif.ce warnings errors runtime_learners
INFO  [17:13:24.412] [bbotk]        322  0.1110254        0      0            1.773
INFO  [17:13:24.412] [bbotk]                                 uhash
INFO  [17:13:24.412] [bbotk]  780051e6-2ea8-462f-ab8f-86386422178e
INFO  [17:13:24.414] [bbotk] Evaluating 1 configuration(s)
INFO  [17:13:25.861] [bbotk] Result of batch 3:
INFO  [17:13:25.861] [bbotk]  num.trees classif.ce warnings errors runtime_learners
INFO  [17:13:25.861] [bbotk]        257  0.1120535        0      0            1.404
INFO  [17:13:25.861] [bbotk]                                 uhash
INFO  [17:13:25.861] [bbotk]  c12668bc-840f-4947-a87c-fdd655bba8d1
INFO  [17:13:25.868] [bbotk] Finished optimizing after 3 evaluation(s)
INFO  [17:13:25.868] [bbotk] Result:
INFO  [17:13:25.868] [bbotk]  num.trees learner_param_vals  x_domain classif.ce
INFO  [17:13:25.868] [bbotk]      <int>             <list>    <list>      <num>
INFO  [17:13:25.868] [bbotk]        420          <list[2]> <list[1]>  0.1107684
INFO  [17:13:27.052] [bbotk] Starting to optimize 1 parameter(s) with '<OptimizerBatchRandomSearch>' and '<TerminatorEvals> [n_evals=3, k=0]'
INFO  [17:13:27.056] [bbotk] Evaluating 1 configuration(s)
INFO  [17:13:27.555] [bbotk] Result of batch 1:
INFO  [17:13:27.555] [bbotk]  num.trees classif.ce warnings errors runtime_learners
INFO  [17:13:27.555] [bbotk]        101  0.1089694        0      0            0.466
INFO  [17:13:27.555] [bbotk]                                 uhash
INFO  [17:13:27.555] [bbotk]  55e881aa-8924-4d25-b082-6c2411664a37
INFO  [17:13:27.557] [bbotk] Evaluating 1 configuration(s)
INFO  [17:13:28.916] [bbotk] Result of batch 2:
INFO  [17:13:28.917] [bbotk]  num.trees classif.ce warnings errors runtime_learners
INFO  [17:13:28.917] [bbotk]        274  0.1074274        0      0            1.327
INFO  [17:13:28.917] [bbotk]                                 uhash
INFO  [17:13:28.917] [bbotk]  a6eb8a75-24df-4dcd-be3d-a4daab13b71c
INFO  [17:13:28.919] [bbotk] Evaluating 1 configuration(s)
INFO  [17:13:30.675] [bbotk] Result of batch 3:
INFO  [17:13:30.677] [bbotk]  num.trees classif.ce warnings errors runtime_learners
INFO  [17:13:30.677] [bbotk]        349  0.1069134        0      0            1.723
INFO  [17:13:30.677] [bbotk]                                 uhash
INFO  [17:13:30.677] [bbotk]  8ba26f25-d964-4f56-8a65-e4e6f1561620
INFO  [17:13:30.685] [bbotk] Finished optimizing after 3 evaluation(s)
INFO  [17:13:30.686] [bbotk] Result:
INFO  [17:13:30.686] [bbotk]  num.trees learner_param_vals  x_domain classif.ce
INFO  [17:13:30.686] [bbotk]      <int>             <list>    <list>      <num>
INFO  [17:13:30.686] [bbotk]        349          <list[2]> <list[1]>  0.1069134
INFO  [17:13:31.599] [bbotk] Starting to optimize 1 parameter(s) with '<OptimizerBatchRandomSearch>' and '<TerminatorEvals> [n_evals=3, k=0]'
INFO  [17:13:31.603] [bbotk] Evaluating 1 configuration(s)
INFO  [17:13:33.806] [bbotk] Result of batch 1:
INFO  [17:13:33.807] [bbotk]  num.trees classif.ce warnings errors runtime_learners
INFO  [17:13:33.807] [bbotk]        463  0.1094531        0      0            2.176
INFO  [17:13:33.807] [bbotk]                                 uhash
INFO  [17:13:33.807] [bbotk]  4bfd6f98-4d21-4fde-b350-68b4a751edbd
INFO  [17:13:33.809] [bbotk] Evaluating 1 configuration(s)
INFO  [17:13:35.070] [bbotk] Result of batch 2:
INFO  [17:13:35.071] [bbotk]  num.trees classif.ce warnings errors runtime_learners
INFO  [17:13:35.071] [bbotk]        256  0.1099673        0      0            1.223
INFO  [17:13:35.071] [bbotk]                                 uhash
INFO  [17:13:35.071] [bbotk]  c74f7547-9237-4183-aaa5-2d3b1aac7b6d
INFO  [17:13:35.073] [bbotk] Evaluating 1 configuration(s)
INFO  [17:13:36.171] [bbotk] Result of batch 3:
INFO  [17:13:36.172] [bbotk]  num.trees classif.ce warnings errors runtime_learners
INFO  [17:13:36.172] [bbotk]        255  0.1109957        0      0             1.07
INFO  [17:13:36.172] [bbotk]                                 uhash
INFO  [17:13:36.172] [bbotk]  4bf66338-82fd-41e7-a32d-b0ac5d46b0ad
INFO  [17:13:36.183] [bbotk] Finished optimizing after 3 evaluation(s)
INFO  [17:13:36.184] [bbotk] Result:
INFO  [17:13:36.184] [bbotk]  num.trees learner_param_vals  x_domain classif.ce
INFO  [17:13:36.184] [bbotk]      <int>             <list>    <list>      <num>
INFO  [17:13:36.184] [bbotk]        463          <list[2]> <list[1]>  0.1094531

### [bt]: Job terminated successfully [batchtools job.id=2488]
### [bt]: Starting job [batchtools job.id=2489]
### [bt]: Generating problem instance for problem '34d90df810f60583' ...
### [bt]: Applying algorithm 'run_learner' on problem '34d90df810f60583' for job 2489 (seed = 2490) ...
INFO  [17:13:37.872] [mlr3] Applying learner 'classif.ranger.tuned_calib.oof_platt' on task 'phoneme' (iter 9/10)
INFO  [17:13:37.918] [bbotk] Starting to optimize 1 parameter(s) with '<OptimizerBatchRandomSearch>' and '<TerminatorEvals> [n_evals=3, k=0]'
INFO  [17:13:37.926] [bbotk] Evaluating 1 configuration(s)
INFO  [17:13:39.178] [bbotk] Result of batch 1:
INFO  [17:13:39.178] [bbotk]  num.trees classif.ce warnings errors runtime_learners
INFO  [17:13:39.178] [bbotk]        254  0.1130815        0      0            1.218
INFO  [17:13:39.178] [bbotk]                                 uhash
INFO  [17:13:39.178] [bbotk]  81260375-5c9f-4365-8e72-9a8200d46685
INFO  [17:13:39.180] [bbotk] Evaluating 1 configuration(s)
INFO  [17:13:40.804] [bbotk] Result of batch 2:
INFO  [17:13:40.805] [bbotk]  num.trees classif.ce warnings errors runtime_learners
INFO  [17:13:40.805] [bbotk]        303  0.1123105        0      0            1.564
INFO  [17:13:40.805] [bbotk]                                 uhash
INFO  [17:13:40.805] [bbotk]  7739de82-b776-4544-a711-18a886695764
INFO  [17:13:40.807] [bbotk] Evaluating 1 configuration(s)
INFO  [17:13:42.857] [bbotk] Result of batch 3:
INFO  [17:13:42.858] [bbotk]  num.trees classif.ce warnings errors runtime_learners
INFO  [17:13:42.858] [bbotk]        358  0.1123105        0      0            2.019
INFO  [17:13:42.858] [bbotk]                                 uhash
INFO  [17:13:42.858] [bbotk]  a8c0ef42-2203-43b1-9f67-8f952fc81dd5
INFO  [17:13:42.864] [bbotk] Finished optimizing after 3 evaluation(s)
INFO  [17:13:42.864] [bbotk] Result:
INFO  [17:13:42.865] [bbotk]  num.trees learner_param_vals  x_domain classif.ce
INFO  [17:13:42.865] [bbotk]      <int>             <list>    <list>      <num>
INFO  [17:13:42.865] [bbotk]        303          <list[2]> <list[1]>  0.1123105
INFO  [17:13:43.756] [bbotk] Starting to optimize 1 parameter(s) with '<OptimizerBatchRandomSearch>' and '<TerminatorEvals> [n_evals=3, k=0]'
INFO  [17:13:43.764] [bbotk] Evaluating 1 configuration(s)
INFO  [17:13:46.297] [bbotk] Result of batch 1:
INFO  [17:13:46.298] [bbotk]  num.trees classif.ce warnings errors runtime_learners
INFO  [17:13:46.298] [bbotk]        484  0.1105114        0      0            2.494
INFO  [17:13:46.298] [bbotk]                                 uhash
INFO  [17:13:46.298] [bbotk]  1848ed7d-29e7-4433-9078-1b975af74b3a
INFO  [17:13:46.300] [bbotk] Evaluating 1 configuration(s)
INFO  [17:13:47.656] [bbotk] Result of batch 2:
INFO  [17:13:47.656] [bbotk]  num.trees classif.ce warnings errors runtime_learners
INFO  [17:13:47.656] [bbotk]        213  0.1092264        0      0            1.315
INFO  [17:13:47.656] [bbotk]                                 uhash
INFO  [17:13:47.656] [bbotk]  d7863dd2-8a43-4c92-a52a-0026c7bfff38
INFO  [17:13:47.658] [bbotk] Evaluating 1 configuration(s)
INFO  [17:13:48.572] [bbotk] Result of batch 3:
INFO  [17:13:48.573] [bbotk]  num.trees classif.ce warnings errors runtime_learners
INFO  [17:13:48.573] [bbotk]        194  0.1087124        0      0            0.891
INFO  [17:13:48.573] [bbotk]                                 uhash
INFO  [17:13:48.573] [bbotk]  f37d0260-581c-4784-a2d7-ef4e893443d5
INFO  [17:13:48.579] [bbotk] Finished optimizing after 3 evaluation(s)
INFO  [17:13:48.581] [bbotk] Result:
INFO  [17:13:48.582] [bbotk]  num.trees learner_param_vals  x_domain classif.ce
INFO  [17:13:48.582] [bbotk]      <int>             <list>    <list>      <num>
INFO  [17:13:48.582] [bbotk]        194          <list[2]> <list[1]>  0.1087124
INFO  [17:13:49.172] [bbotk] Starting to optimize 1 parameter(s) with '<OptimizerBatchRandomSearch>' and '<TerminatorEvals> [n_evals=3, k=0]'
INFO  [17:13:49.177] [bbotk] Evaluating 1 configuration(s)
INFO  [17:13:50.069] [bbotk] Result of batch 1:
INFO  [17:13:50.070] [bbotk]  num.trees classif.ce warnings errors runtime_learners
INFO  [17:13:50.070] [bbotk]        186  0.1187355        0      0            0.858
INFO  [17:13:50.070] [bbotk]                                 uhash
INFO  [17:13:50.070] [bbotk]  4cc45478-fe3d-488a-8bba-fb90b41c9053
INFO  [17:13:50.074] [bbotk] Evaluating 1 configuration(s)
INFO  [17:13:52.119] [bbotk] Result of batch 2:
INFO  [17:13:52.120] [bbotk]  num.trees classif.ce warnings errors runtime_learners
INFO  [17:13:52.120] [bbotk]        393  0.1189925        0      0            2.004
INFO  [17:13:52.120] [bbotk]                                 uhash
INFO  [17:13:52.120] [bbotk]  6d55a7be-a2ef-4958-ac32-779203c2bacd
INFO  [17:13:52.122] [bbotk] Evaluating 1 configuration(s)
INFO  [17:13:54.369] [bbotk] Result of batch 3:
INFO  [17:13:54.369] [bbotk]  num.trees classif.ce warnings errors runtime_learners
INFO  [17:13:54.369] [bbotk]        426  0.1200206        0      0            2.217
INFO  [17:13:54.369] [bbotk]                                 uhash
INFO  [17:13:54.369] [bbotk]  3d4aabfc-7e0c-476c-bf13-0340d0111962
INFO  [17:13:54.376] [bbotk] Finished optimizing after 3 evaluation(s)
INFO  [17:13:54.376] [bbotk] Result:
INFO  [17:13:54.376] [bbotk]  num.trees learner_param_vals  x_domain classif.ce
INFO  [17:13:54.376] [bbotk]      <int>             <list>    <list>      <num>
INFO  [17:13:54.376] [bbotk]        186          <list[2]> <list[1]>  0.1187355
INFO  [17:13:54.891] [bbotk] Starting to optimize 1 parameter(s) with '<OptimizerBatchRandomSearch>' and '<TerminatorEvals> [n_evals=3, k=0]'
INFO  [17:13:54.895] [bbotk] Evaluating 1 configuration(s)
INFO  [17:13:56.589] [bbotk] Result of batch 1:
INFO  [17:13:56.590] [bbotk]  num.trees classif.ce warnings errors runtime_learners
INFO  [17:13:56.590] [bbotk]        343  0.1130815        0      0            1.664
INFO  [17:13:56.590] [bbotk]                                 uhash
INFO  [17:13:56.590] [bbotk]  7df2f4cc-778b-40f0-9802-457e9c4e97d2
INFO  [17:13:56.592] [bbotk] Evaluating 1 configuration(s)
INFO  [17:13:57.961] [bbotk] Result of batch 2:
INFO  [17:13:57.962] [bbotk]  num.trees classif.ce warnings errors runtime_learners
INFO  [17:13:57.962] [bbotk]        293  0.1161655        0      0             1.34
INFO  [17:13:57.962] [bbotk]                                 uhash
INFO  [17:13:57.962] [bbotk]  fb1f092c-1914-41c8-ab6d-00efc79bf89b
INFO  [17:13:57.964] [bbotk] Evaluating 1 configuration(s)
INFO  [17:13:59.866] [bbotk] Result of batch 3:
INFO  [17:13:59.873] [bbotk]  num.trees classif.ce warnings errors runtime_learners
INFO  [17:13:59.873] [bbotk]        360  0.1143665        0      0            1.837
INFO  [17:13:59.873] [bbotk]                                 uhash
INFO  [17:13:59.873] [bbotk]  67591d49-75ef-497d-8225-06c0dd5e6bf7
INFO  [17:13:59.886] [bbotk] Finished optimizing after 3 evaluation(s)
INFO  [17:13:59.886] [bbotk] Result:
INFO  [17:13:59.887] [bbotk]  num.trees learner_param_vals  x_domain classif.ce
INFO  [17:13:59.887] [bbotk]      <int>             <list>    <list>      <num>
INFO  [17:13:59.887] [bbotk]        343          <list[2]> <list[1]>  0.1130815
INFO  [17:14:00.821] [bbotk] Starting to optimize 1 parameter(s) with '<OptimizerBatchRandomSearch>' and '<TerminatorEvals> [n_evals=3, k=0]'
INFO  [17:14:00.831] [bbotk] Evaluating 1 configuration(s)
INFO  [17:14:02.464] [bbotk] Result of batch 1:
INFO  [17:14:02.466] [bbotk]  num.trees classif.ce warnings errors runtime_learners
INFO  [17:14:02.466] [bbotk]        335  0.1076581        0      0            1.602
INFO  [17:14:02.466] [bbotk]                                 uhash
INFO  [17:14:02.466] [bbotk]  4b046649-1f85-4e39-bae1-f7643d81914c
INFO  [17:14:02.469] [bbotk] Evaluating 1 configuration(s)
INFO  [17:14:03.609] [bbotk] Result of batch 2:
INFO  [17:14:03.610] [bbotk]  num.trees classif.ce warnings errors runtime_learners
INFO  [17:14:03.610] [bbotk]        245  0.1120259        0      0            1.106
INFO  [17:14:03.610] [bbotk]                                 uhash
INFO  [17:14:03.610] [bbotk]  a9481aa9-27af-4080-9933-9897f34254b0
INFO  [17:14:03.612] [bbotk] Evaluating 1 configuration(s)
INFO  [17:14:05.757] [bbotk] Result of batch 3:
INFO  [17:14:05.758] [bbotk]  num.trees classif.ce warnings errors runtime_learners
INFO  [17:14:05.758] [bbotk]        447  0.1104835        0      0            2.111
INFO  [17:14:05.758] [bbotk]                                 uhash
INFO  [17:14:05.758] [bbotk]  c5007da6-e330-4d70-b939-75d921fa7c0c
INFO  [17:14:05.764] [bbotk] Finished optimizing after 3 evaluation(s)
INFO  [17:14:05.764] [bbotk] Result:
INFO  [17:14:05.765] [bbotk]  num.trees learner_param_vals  x_domain classif.ce
INFO  [17:14:05.765] [bbotk]      <int>             <list>    <list>      <num>
INFO  [17:14:05.765] [bbotk]        335          <list[2]> <list[1]>  0.1076581

### [bt]: Job terminated successfully [batchtools job.id=2489]
### [bt]: Starting job [batchtools job.id=2490]
### [bt]: Generating problem instance for problem '34d90df810f60583' ...
### [bt]: Applying algorithm 'run_learner' on problem '34d90df810f60583' for job 2490 (seed = 2491) ...
INFO  [17:14:06.820] [mlr3] Applying learner 'classif.ranger.tuned_calib.oof_platt' on task 'phoneme' (iter 10/10)
INFO  [17:14:06.871] [bbotk] Starting to optimize 1 parameter(s) with '<OptimizerBatchRandomSearch>' and '<TerminatorEvals> [n_evals=3, k=0]'
INFO  [17:14:06.880] [bbotk] Evaluating 1 configuration(s)
INFO  [17:14:08.731] [bbotk] Result of batch 1:
INFO  [17:14:08.732] [bbotk]  num.trees classif.ce warnings errors runtime_learners
INFO  [17:14:08.732] [bbotk]        336  0.1089694        0      0            1.811
INFO  [17:14:08.732] [bbotk]                                 uhash
INFO  [17:14:08.732] [bbotk]  cdc0a3d1-032a-4dac-ae7e-796cecf5a180
INFO  [17:14:08.734] [bbotk] Evaluating 1 configuration(s)
INFO  [17:14:09.399] [bbotk] Result of batch 2:
INFO  [17:14:09.399] [bbotk]  num.trees classif.ce warnings errors runtime_learners
INFO  [17:14:09.399] [bbotk]        148  0.1135955        0      0             0.63
INFO  [17:14:09.399] [bbotk]                                 uhash
INFO  [17:14:09.399] [bbotk]  f50c5e6b-9912-4222-95f5-3209058eb66c
INFO  [17:14:09.402] [bbotk] Evaluating 1 configuration(s)
INFO  [17:14:11.736] [bbotk] Result of batch 3:
INFO  [17:14:11.737] [bbotk]  num.trees classif.ce warnings errors runtime_learners
INFO  [17:14:11.737] [bbotk]        485  0.1099974        0      0            2.292
INFO  [17:14:11.737] [bbotk]                                 uhash
INFO  [17:14:11.737] [bbotk]  cab1acea-76f2-4551-b02f-7d052234f763
INFO  [17:14:11.744] [bbotk] Finished optimizing after 3 evaluation(s)
INFO  [17:14:11.744] [bbotk] Result:
INFO  [17:14:11.745] [bbotk]  num.trees learner_param_vals  x_domain classif.ce
INFO  [17:14:11.745] [bbotk]      <int>             <list>    <list>      <num>
INFO  [17:14:11.745] [bbotk]        336          <list[2]> <list[1]>  0.1089694
INFO  [17:14:12.682] [bbotk] Starting to optimize 1 parameter(s) with '<OptimizerBatchRandomSearch>' and '<TerminatorEvals> [n_evals=3, k=0]'
INFO  [17:14:12.697] [bbotk] Evaluating 1 configuration(s)
INFO  [17:14:14.709] [bbotk] Result of batch 1:
INFO  [17:14:14.710] [bbotk]  num.trees classif.ce warnings errors runtime_learners
INFO  [17:14:14.710] [bbotk]        414  0.1074274        0      0            1.975
INFO  [17:14:14.710] [bbotk]                                 uhash
INFO  [17:14:14.710] [bbotk]  c422631d-53a1-4b6c-9ed5-a57d2765eb2b
INFO  [17:14:14.712] [bbotk] Evaluating 1 configuration(s)
INFO  [17:14:15.879] [bbotk] Result of batch 2:
INFO  [17:14:15.879] [bbotk]  num.trees classif.ce warnings errors runtime_learners
INFO  [17:14:15.879] [bbotk]        221  0.1084554        0      0            1.135
INFO  [17:14:15.879] [bbotk]                                 uhash
INFO  [17:14:15.879] [bbotk]  3070578f-9f21-4d74-908e-cb7800077196
INFO  [17:14:15.881] [bbotk] Evaluating 1 configuration(s)
INFO  [17:14:17.794] [bbotk] Result of batch 3:
INFO  [17:14:17.796] [bbotk]  num.trees classif.ce warnings errors runtime_learners
INFO  [17:14:17.796] [bbotk]        367  0.1087124        0      0            1.876
INFO  [17:14:17.796] [bbotk]                                 uhash
INFO  [17:14:17.796] [bbotk]  d7488c50-21e2-4886-906d-1ac66239b4db
INFO  [17:14:17.810] [bbotk] Finished optimizing after 3 evaluation(s)
INFO  [17:14:17.810] [bbotk] Result:
INFO  [17:14:17.812] [bbotk]  num.trees learner_param_vals  x_domain classif.ce
INFO  [17:14:17.812] [bbotk]      <int>             <list>    <list>      <num>
INFO  [17:14:17.812] [bbotk]        414          <list[2]> <list[1]>  0.1074274
INFO  [17:14:18.936] [bbotk] Starting to optimize 1 parameter(s) with '<OptimizerBatchRandomSearch>' and '<TerminatorEvals> [n_evals=3, k=0]'
INFO  [17:14:18.946] [bbotk] Evaluating 1 configuration(s)
INFO  [17:14:21.053] [bbotk] Result of batch 1:
INFO  [17:14:21.054] [bbotk]  num.trees classif.ce warnings errors runtime_learners
INFO  [17:14:21.054] [bbotk]        371  0.1094834        0      0            2.071
INFO  [17:14:21.054] [bbotk]                                 uhash
INFO  [17:14:21.054] [bbotk]  f93d6993-1679-476a-af98-5252c052abf1
INFO  [17:14:21.056] [bbotk] Evaluating 1 configuration(s)
INFO  [17:14:21.686] [bbotk] Result of batch 2:
INFO  [17:14:21.686] [bbotk]  num.trees classif.ce warnings errors runtime_learners
INFO  [17:14:21.686] [bbotk]        129  0.1081984        0      0            0.594
INFO  [17:14:21.686] [bbotk]                                 uhash
INFO  [17:14:21.686] [bbotk]  660e4708-7f64-4a0f-90e6-e8b47e47f328
INFO  [17:14:21.688] [bbotk] Evaluating 1 configuration(s)
INFO  [17:14:22.614] [bbotk] Result of batch 3:
INFO  [17:14:22.615] [bbotk]  num.trees classif.ce warnings errors runtime_learners
INFO  [17:14:22.615] [bbotk]        193  0.1043434        0      0            0.884
INFO  [17:14:22.615] [bbotk]                                 uhash
INFO  [17:14:22.615] [bbotk]  c20ae3f4-bd2f-4b1d-a06f-13268fbe1007
INFO  [17:14:22.630] [bbotk] Finished optimizing after 3 evaluation(s)
INFO  [17:14:22.630] [bbotk] Result:
INFO  [17:14:22.632] [bbotk]  num.trees learner_param_vals  x_domain classif.ce
INFO  [17:14:22.632] [bbotk]      <int>             <list>    <list>      <num>
INFO  [17:14:22.632] [bbotk]        193          <list[2]> <list[1]>  0.1043434
INFO  [17:14:23.215] [bbotk] Starting to optimize 1 parameter(s) with '<OptimizerBatchRandomSearch>' and '<TerminatorEvals> [n_evals=3, k=0]'
INFO  [17:14:23.224] [bbotk] Evaluating 1 configuration(s)
INFO  [17:14:24.183] [bbotk] Result of batch 1:
INFO  [17:14:24.184] [bbotk]  num.trees classif.ce warnings errors runtime_learners
INFO  [17:14:24.184] [bbotk]        188  0.1092264        0      0            0.921
INFO  [17:14:24.184] [bbotk]                                 uhash
INFO  [17:14:24.184] [bbotk]  23e1352d-dd90-40ad-a798-bd41079560fd
INFO  [17:14:24.186] [bbotk] Evaluating 1 configuration(s)
INFO  [17:14:25.580] [bbotk] Result of batch 2:
INFO  [17:14:25.581] [bbotk]  num.trees classif.ce warnings errors runtime_learners
INFO  [17:14:25.581] [bbotk]        217  0.1092264        0      0            1.154
INFO  [17:14:25.581] [bbotk]                                 uhash
INFO  [17:14:25.581] [bbotk]  a1ac6845-c621-42d2-a935-cddd54c6e2e4
INFO  [17:14:25.583] [bbotk] Evaluating 1 configuration(s)
INFO  [17:14:28.031] [bbotk] Result of batch 3:
INFO  [17:14:28.032] [bbotk]  num.trees classif.ce warnings errors runtime_learners
INFO  [17:14:28.032] [bbotk]        466  0.1115395        0      0            2.407
INFO  [17:14:28.032] [bbotk]                                 uhash
INFO  [17:14:28.032] [bbotk]  97dd4bb4-5131-4181-b79c-4ca7dac99cc5
INFO  [17:14:28.050] [bbotk] Finished optimizing after 3 evaluation(s)
INFO  [17:14:28.051] [bbotk] Result:
INFO  [17:14:28.052] [bbotk]  num.trees learner_param_vals  x_domain classif.ce
INFO  [17:14:28.052] [bbotk]      <int>             <list>    <list>      <num>
INFO  [17:14:28.052] [bbotk]        188          <list[2]> <list[1]>  0.1092264
INFO  [17:14:28.544] [bbotk] Starting to optimize 1 parameter(s) with '<OptimizerBatchRandomSearch>' and '<TerminatorEvals> [n_evals=3, k=0]'
INFO  [17:14:28.548] [bbotk] Evaluating 1 configuration(s)
INFO  [17:14:29.959] [bbotk] Result of batch 1:
INFO  [17:14:29.960] [bbotk]  num.trees classif.ce warnings errors runtime_learners
INFO  [17:14:29.960] [bbotk]        260  0.1073973        0      0            1.373
INFO  [17:14:29.960] [bbotk]                                 uhash
INFO  [17:14:29.960] [bbotk]  0f9e3805-442a-40d7-a263-4d9fe9643d84
INFO  [17:14:29.964] [bbotk] Evaluating 1 configuration(s)
INFO  [17:14:30.721] [bbotk] Result of batch 2:
INFO  [17:14:30.722] [bbotk]  num.trees classif.ce warnings errors runtime_learners
INFO  [17:14:30.722] [bbotk]        155  0.1109946        0      0            0.715
INFO  [17:14:30.722] [bbotk]                                 uhash
INFO  [17:14:30.722] [bbotk]  51642ec1-4426-45ed-b8cc-ab43f8d9a021
INFO  [17:14:30.724] [bbotk] Evaluating 1 configuration(s)
INFO  [17:14:32.464] [bbotk] Result of batch 3:
INFO  [17:14:32.465] [bbotk]  num.trees classif.ce warnings errors runtime_learners
INFO  [17:14:32.465] [bbotk]        321  0.1104813        0      0            1.708
INFO  [17:14:32.465] [bbotk]                                 uhash
INFO  [17:14:32.465] [bbotk]  774e5708-bae6-4491-8d3d-aca3be3993a5
INFO  [17:14:32.471] [bbotk] Finished optimizing after 3 evaluation(s)
INFO  [17:14:32.471] [bbotk] Result:
INFO  [17:14:32.472] [bbotk]  num.trees learner_param_vals  x_domain classif.ce
INFO  [17:14:32.472] [bbotk]      <int>             <list>    <list>      <num>
INFO  [17:14:32.472] [bbotk]        260          <list[2]> <list[1]>  0.1073973

### [bt]: Job terminated successfully [batchtools job.id=2490]
### [bt]: Calculation finished!
