### [bt]: This is batchtools v0.9.17
### [bt]: Starting calculation of 5 jobs
### [bt]: Setting working directory to '/Users/User/Documents/Studium/Semester8/Hiwi/mlr3calibration/vignettes'
### [bt]: Memory measurement disabled
### [bt]: Starting job [batchtools job.id=376]
### [bt]: Generating problem instance for problem '70bd5a65df34c4f3' ...
### [bt]: Applying algorithm 'run_learner' on problem '70bd5a65df34c4f3' for job 376 (seed = 377) ...
INFO  [16:40:44.172] [mlr3] Applying learner 'classif.xgboost.tuned_calib.tunefirst.perfold_beta' on task 'kr-vs-kp' (iter 6/10)
Error : <TaskClassif:kr-vs-kp> has the following unsupported feature types: factor
This happened PipeOp classif.xgboost's $train()

### [bt]: Job terminated with an exception [batchtools job.id=376]
### [bt]: Starting job [batchtools job.id=377]
### [bt]: Generating problem instance for problem '70bd5a65df34c4f3' ...
### [bt]: Applying algorithm 'run_learner' on problem '70bd5a65df34c4f3' for job 377 (seed = 378) ...
INFO  [16:40:44.183] [mlr3] Applying learner 'classif.xgboost.tuned_calib.tunefirst.perfold_beta' on task 'kr-vs-kp' (iter 7/10)
Error : <TaskClassif:kr-vs-kp> has the following unsupported feature types: factor
This happened PipeOp classif.xgboost's $train()

### [bt]: Job terminated with an exception [batchtools job.id=377]
### [bt]: Starting job [batchtools job.id=378]
### [bt]: Generating problem instance for problem '70bd5a65df34c4f3' ...
### [bt]: Applying algorithm 'run_learner' on problem '70bd5a65df34c4f3' for job 378 (seed = 379) ...
INFO  [16:40:44.198] [mlr3] Applying learner 'classif.xgboost.tuned_calib.tunefirst.perfold_beta' on task 'kr-vs-kp' (iter 8/10)
Error : <TaskClassif:kr-vs-kp> has the following unsupported feature types: factor
This happened PipeOp classif.xgboost's $train()

### [bt]: Job terminated with an exception [batchtools job.id=378]
### [bt]: Starting job [batchtools job.id=379]
### [bt]: Generating problem instance for problem '70bd5a65df34c4f3' ...
### [bt]: Applying algorithm 'run_learner' on problem '70bd5a65df34c4f3' for job 379 (seed = 380) ...
INFO  [16:40:44.212] [mlr3] Applying learner 'classif.xgboost.tuned_calib.tunefirst.perfold_beta' on task 'kr-vs-kp' (iter 9/10)
Error : <TaskClassif:kr-vs-kp> has the following unsupported feature types: factor
This happened PipeOp classif.xgboost's $train()

### [bt]: Job terminated with an exception [batchtools job.id=379]
### [bt]: Starting job [batchtools job.id=380]
### [bt]: Generating problem instance for problem '70bd5a65df34c4f3' ...
### [bt]: Applying algorithm 'run_learner' on problem '70bd5a65df34c4f3' for job 380 (seed = 381) ...
INFO  [16:40:44.224] [mlr3] Applying learner 'classif.xgboost.tuned_calib.tunefirst.perfold_beta' on task 'kr-vs-kp' (iter 10/10)
Error : <TaskClassif:kr-vs-kp> has the following unsupported feature types: factor
This happened PipeOp classif.xgboost's $train()

### [bt]: Job terminated with an exception [batchtools job.id=380]
### [bt]: Calculation finished!
