### [bt]: This is batchtools v0.9.17
### [bt]: Starting calculation of 5 jobs
### [bt]: Setting working directory to '/Users/User/Documents/Studium/Semester8/Hiwi/mlr3calibration/vignettes'
### [bt]: Memory measurement disabled
### [bt]: Starting job [batchtools job.id=1991]
### [bt]: Generating problem instance for problem '01ea4b20a58e68c2' ...
### [bt]: Applying algorithm 'run_learner' on problem '01ea4b20a58e68c2' for job 1991 (seed = 1992) ...
INFO  [17:29:37.938] [mlr3] Applying learner 'classif.ranger_calib.oof_isotonic' on task 'wilt' (iter 1/10)

### [bt]: Job terminated successfully [batchtools job.id=1991]
### [bt]: Starting job [batchtools job.id=1992]
### [bt]: Generating problem instance for problem '01ea4b20a58e68c2' ...
### [bt]: Applying algorithm 'run_learner' on problem '01ea4b20a58e68c2' for job 1992 (seed = 1993) ...
INFO  [17:29:41.668] [mlr3] Applying learner 'classif.ranger_calib.oof_isotonic' on task 'wilt' (iter 2/10)

### [bt]: Job terminated successfully [batchtools job.id=1992]
### [bt]: Starting job [batchtools job.id=1993]
### [bt]: Generating problem instance for problem '01ea4b20a58e68c2' ...
### [bt]: Applying algorithm 'run_learner' on problem '01ea4b20a58e68c2' for job 1993 (seed = 1994) ...
INFO  [17:29:45.049] [mlr3] Applying learner 'classif.ranger_calib.oof_isotonic' on task 'wilt' (iter 3/10)

### [bt]: Job terminated successfully [batchtools job.id=1993]
### [bt]: Starting job [batchtools job.id=1994]
### [bt]: Generating problem instance for problem '01ea4b20a58e68c2' ...
### [bt]: Applying algorithm 'run_learner' on problem '01ea4b20a58e68c2' for job 1994 (seed = 1995) ...
INFO  [17:29:48.467] [mlr3] Applying learner 'classif.ranger_calib.oof_isotonic' on task 'wilt' (iter 4/10)

### [bt]: Job terminated successfully [batchtools job.id=1994]
### [bt]: Starting job [batchtools job.id=1995]
### [bt]: Generating problem instance for problem '01ea4b20a58e68c2' ...
### [bt]: Applying algorithm 'run_learner' on problem '01ea4b20a58e68c2' for job 1995 (seed = 1996) ...
INFO  [17:29:52.033] [mlr3] Applying learner 'classif.ranger_calib.oof_isotonic' on task 'wilt' (iter 5/10)

### [bt]: Job terminated successfully [batchtools job.id=1995]
### [bt]: Calculation finished!
