### [bt]: This is batchtools v0.9.17
### [bt]: Starting calculation of 5 jobs
### [bt]: Setting working directory to '/Users/User/Documents/Studium/Semester8/Hiwi/mlr3calibration/vignettes'
### [bt]: Memory measurement disabled
### [bt]: Starting job [batchtools job.id=741]
### [bt]: Generating problem instance for problem '78e20b4b43a56ff6' ...
### [bt]: Applying algorithm 'run_learner' on problem '78e20b4b43a56ff6' for job 741 (seed = 742) ...
INFO  [17:25:37.929] [mlr3] Applying learner 'classif.ranger_calib.perfold_platt' on task 'pc3' (iter 1/10)

### [bt]: Job terminated successfully [batchtools job.id=741]
### [bt]: Starting job [batchtools job.id=742]
### [bt]: Generating problem instance for problem '78e20b4b43a56ff6' ...
### [bt]: Applying algorithm 'run_learner' on problem '78e20b4b43a56ff6' for job 742 (seed = 743) ...
INFO  [17:25:40.095] [mlr3] Applying learner 'classif.ranger_calib.perfold_platt' on task 'pc3' (iter 2/10)

### [bt]: Job terminated successfully [batchtools job.id=742]
### [bt]: Starting job [batchtools job.id=743]
### [bt]: Generating problem instance for problem '78e20b4b43a56ff6' ...
### [bt]: Applying algorithm 'run_learner' on problem '78e20b4b43a56ff6' for job 743 (seed = 744) ...
INFO  [17:25:42.116] [mlr3] Applying learner 'classif.ranger_calib.perfold_platt' on task 'pc3' (iter 3/10)

### [bt]: Job terminated successfully [batchtools job.id=743]
### [bt]: Starting job [batchtools job.id=744]
### [bt]: Generating problem instance for problem '78e20b4b43a56ff6' ...
### [bt]: Applying algorithm 'run_learner' on problem '78e20b4b43a56ff6' for job 744 (seed = 745) ...
INFO  [17:25:44.524] [mlr3] Applying learner 'classif.ranger_calib.perfold_platt' on task 'pc3' (iter 4/10)

### [bt]: Job terminated successfully [batchtools job.id=744]
### [bt]: Starting job [batchtools job.id=745]
### [bt]: Generating problem instance for problem '78e20b4b43a56ff6' ...
### [bt]: Applying algorithm 'run_learner' on problem '78e20b4b43a56ff6' for job 745 (seed = 746) ...
INFO  [17:25:46.944] [mlr3] Applying learner 'classif.ranger_calib.perfold_platt' on task 'pc3' (iter 5/10)

### [bt]: Job terminated successfully [batchtools job.id=745]
### [bt]: Calculation finished!
