### [bt]: This is batchtools v0.9.17
### [bt]: Starting calculation of 5 jobs
### [bt]: Setting working directory to '/Users/User/Documents/Studium/Semester8/Hiwi/mlr3calibration/vignettes'
### [bt]: Memory measurement disabled
### [bt]: Starting job [batchtools job.id=186]
### [bt]: Generating problem instance for problem '70bd5a65df34c4f3' ...
### [bt]: Applying algorithm 'run_learner' on problem '70bd5a65df34c4f3' for job 186 (seed = 187) ...
INFO  [17:24:18.225] [mlr3] Applying learner 'classif.rpart_calib.perfold_platt' on task 'kr-vs-kp' (iter 6/10)

### [bt]: Job terminated successfully [batchtools job.id=186]
### [bt]: Starting job [batchtools job.id=187]
### [bt]: Generating problem instance for problem '70bd5a65df34c4f3' ...
### [bt]: Applying algorithm 'run_learner' on problem '70bd5a65df34c4f3' for job 187 (seed = 188) ...
INFO  [17:24:18.993] [mlr3] Applying learner 'classif.rpart_calib.perfold_platt' on task 'kr-vs-kp' (iter 7/10)

### [bt]: Job terminated successfully [batchtools job.id=187]
### [bt]: Starting job [batchtools job.id=188]
### [bt]: Generating problem instance for problem '70bd5a65df34c4f3' ...
### [bt]: Applying algorithm 'run_learner' on problem '70bd5a65df34c4f3' for job 188 (seed = 189) ...
INFO  [17:24:19.442] [mlr3] Applying learner 'classif.rpart_calib.perfold_platt' on task 'kr-vs-kp' (iter 8/10)

### [bt]: Job terminated successfully [batchtools job.id=188]
### [bt]: Starting job [batchtools job.id=189]
### [bt]: Generating problem instance for problem '70bd5a65df34c4f3' ...
### [bt]: Applying algorithm 'run_learner' on problem '70bd5a65df34c4f3' for job 189 (seed = 190) ...
INFO  [17:24:19.666] [mlr3] Applying learner 'classif.rpart_calib.perfold_platt' on task 'kr-vs-kp' (iter 9/10)

### [bt]: Job terminated successfully [batchtools job.id=189]
### [bt]: Starting job [batchtools job.id=190]
### [bt]: Generating problem instance for problem '70bd5a65df34c4f3' ...
### [bt]: Applying algorithm 'run_learner' on problem '70bd5a65df34c4f3' for job 190 (seed = 191) ...
INFO  [17:24:19.888] [mlr3] Applying learner 'classif.rpart_calib.perfold_platt' on task 'kr-vs-kp' (iter 10/10)

### [bt]: Job terminated successfully [batchtools job.id=190]
### [bt]: Calculation finished!
