### [bt]: This is batchtools v0.9.17
### [bt]: Starting calculation of 5 jobs
### [bt]: Setting working directory to '/Users/User/Documents/Studium/Semester8/Hiwi/mlr3calibration/vignettes'
### [bt]: Memory measurement disabled
### [bt]: Starting job [batchtools job.id=1871]
### [bt]: Generating problem instance for problem '6fbfe6520e3d949c' ...
### [bt]: Applying algorithm 'run_learner' on problem '6fbfe6520e3d949c' for job 1871 (seed = 1872) ...
INFO  [17:29:15.600] [mlr3] Applying learner 'classif.rpart_calib.perfold_beta' on task 'banknote-authentication' (iter 1/10)
Warning: glm.fit: fitted probabilities numerically 0 or 1 occurred
This happened PipeOp classif.rpart's $train()
[1] -0.6383138
[1] 41.6895
Warning: glm.fit: fitted probabilities numerically 0 or 1 occurred
This happened PipeOp classif.rpart's $train()
[1] -19.42359
[1] 43.58181
Warning: glm.fit: fitted probabilities numerically 0 or 1 occurred
This happened PipeOp classif.rpart's $train()
[1] -29.64688
[1] 32.44881
Warning: glm.fit: fitted probabilities numerically 0 or 1 occurred
This happened PipeOp classif.rpart's $train()
Warning: glm.fit: fitted probabilities numerically 0 or 1 occurred
This happened PipeOp classif.rpart's $train()
[1] 3.202583
[1] 60.6426
Warning: glm.fit: fitted probabilities numerically 0 or 1 occurred
This happened PipeOp classif.rpart's $train()
[1] -90.78595
[1] 16.89446

### [bt]: Job terminated successfully [batchtools job.id=1871]
### [bt]: Starting job [batchtools job.id=1872]
### [bt]: Generating problem instance for problem '6fbfe6520e3d949c' ...
### [bt]: Applying algorithm 'run_learner' on problem '6fbfe6520e3d949c' for job 1872 (seed = 1873) ...
INFO  [17:29:15.811] [mlr3] Applying learner 'classif.rpart_calib.perfold_beta' on task 'banknote-authentication' (iter 2/10)
Warning: glm.fit: fitted probabilities numerically 0 or 1 occurred
This happened PipeOp classif.rpart's $train()
[1] -183.0658
[1] 0.03934627
Warning: glm.fit: fitted probabilities numerically 0 or 1 occurred
This happened PipeOp classif.rpart's $train()
[1] 1.352363
[1] 50.67876
Warning: glm.fit: fitted probabilities numerically 0 or 1 occurred
This happened PipeOp classif.rpart's $train()
[1] -63.36179
[1] 7.82928
Warning: glm.fit: fitted probabilities numerically 0 or 1 occurred
This happened PipeOp classif.rpart's $train()
[1] -3.518014e+15
[1] 5.790032e+15
Warning: glm.fit: fitted probabilities numerically 0 or 1 occurred
This happened PipeOp classif.rpart's $train()
[1] -7.926741e+14
[1] 1.215356e+16

### [bt]: Job terminated successfully [batchtools job.id=1872]
### [bt]: Starting job [batchtools job.id=1873]
### [bt]: Generating problem instance for problem '6fbfe6520e3d949c' ...
### [bt]: Applying algorithm 'run_learner' on problem '6fbfe6520e3d949c' for job 1873 (seed = 1874) ...
INFO  [17:29:16.090] [mlr3] Applying learner 'classif.rpart_calib.perfold_beta' on task 'banknote-authentication' (iter 3/10)
Warning: glm.fit: fitted probabilities numerically 0 or 1 occurred
This happened PipeOp classif.rpart's $train()
[1] -4.483509e+15
[1] 1.310877e+16
Warning: glm.fit: fitted probabilities numerically 0 or 1 occurred
This happened PipeOp classif.rpart's $train()
[1] -3.812915
[1] 34.59373
Warning: glm.fit: fitted probabilities numerically 0 or 1 occurred
This happened PipeOp classif.rpart's $train()
Warning: glm.fit: fitted probabilities numerically 0 or 1 occurred
This happened PipeOp classif.rpart's $train()
[1] -192.8772
[1] -4.191965
Warning: glm.fit: fitted probabilities numerically 0 or 1 occurred
This happened PipeOp classif.rpart's $train()
[1] 1.646359
[1] 49.58574
Warning: glm.fit: fitted probabilities numerically 0 or 1 occurred
This happened PipeOp classif.rpart's $train()
[1] -80.31203
[1] 9.533785

### [bt]: Job terminated successfully [batchtools job.id=1873]
### [bt]: Starting job [batchtools job.id=1874]
### [bt]: Generating problem instance for problem '6fbfe6520e3d949c' ...
### [bt]: Applying algorithm 'run_learner' on problem '6fbfe6520e3d949c' for job 1874 (seed = 1875) ...
INFO  [17:29:16.307] [mlr3] Applying learner 'classif.rpart_calib.perfold_beta' on task 'banknote-authentication' (iter 4/10)
Warning: glm.fit: fitted probabilities numerically 0 or 1 occurred
This happened PipeOp classif.rpart's $train()
[1] 2.11546
[1] 61.41548
Warning: glm.fit: fitted probabilities numerically 0 or 1 occurred
This happened PipeOp classif.rpart's $train()
[1] -25.21048
[1] 32.57974
Warning: glm.fit: fitted probabilities numerically 0 or 1 occurred
This happened PipeOp classif.rpart's $train()
Warning: glm.fit: fitted probabilities numerically 0 or 1 occurred
This happened PipeOp classif.rpart's $train()
[1] 4.81182
[1] 105.4756
Warning: glm.fit: fitted probabilities numerically 0 or 1 occurred
This happened PipeOp classif.rpart's $train()
[1] -71.57289
[1] -3.76948
Warning: glm.fit: fitted probabilities numerically 0 or 1 occurred
This happened PipeOp classif.rpart's $train()
Warning: glm.fit: fitted probabilities numerically 0 or 1 occurred
This happened PipeOp classif.rpart's $train()
[1] 2.112742
[1] 52.97852

### [bt]: Job terminated successfully [batchtools job.id=1874]
### [bt]: Starting job [batchtools job.id=1875]
### [bt]: Generating problem instance for problem '6fbfe6520e3d949c' ...
### [bt]: Applying algorithm 'run_learner' on problem '6fbfe6520e3d949c' for job 1875 (seed = 1876) ...
INFO  [17:29:16.556] [mlr3] Applying learner 'classif.rpart_calib.perfold_beta' on task 'banknote-authentication' (iter 5/10)
Warning: glm.fit: fitted probabilities numerically 0 or 1 occurred
This happened PipeOp classif.rpart's $train()
[1] -2.450985e+15
[1] 1.790708e+15
Warning: glm.fit: fitted probabilities numerically 0 or 1 occurred
This happened PipeOp classif.rpart's $train()
[1] 1.518457
[1] 73.9241
Warning: glm.fit: fitted probabilities numerically 0 or 1 occurred
This happened PipeOp classif.rpart's $train()
[1] -17.44093
[1] 42.42288
[1] -86.89196
[1] 1.68813
Warning: glm.fit: fitted probabilities numerically 0 or 1 occurred
This happened PipeOp classif.rpart's $train()
Warning: glm.fit: fitted probabilities numerically 0 or 1 occurred
This happened PipeOp classif.rpart's $train()
[1] -64.25085
[1] -3.192749

### [bt]: Job terminated successfully [batchtools job.id=1875]
### [bt]: Calculation finished!
