### [bt]: This is batchtools v0.9.17
### [bt]: Starting calculation of 5 jobs
### [bt]: Setting working directory to '/Users/User/Documents/Studium/Semester8/Hiwi/mlr3calibration/vignettes'
### [bt]: Memory measurement disabled
### [bt]: Starting job [batchtools job.id=1921]
### [bt]: Generating problem instance for problem '01ea4b20a58e68c2' ...
### [bt]: Applying algorithm 'run_learner' on problem '01ea4b20a58e68c2' for job 1921 (seed = 1922) ...
INFO  [17:29:15.870] [mlr3] Applying learner 'classif.naive_bayes_calib.oof_isotonic' on task 'wilt' (iter 1/10)

### [bt]: Job terminated successfully [batchtools job.id=1921]
### [bt]: Starting job [batchtools job.id=1922]
### [bt]: Generating problem instance for problem '01ea4b20a58e68c2' ...
### [bt]: Applying algorithm 'run_learner' on problem '01ea4b20a58e68c2' for job 1922 (seed = 1923) ...
INFO  [17:29:16.492] [mlr3] Applying learner 'classif.naive_bayes_calib.oof_isotonic' on task 'wilt' (iter 2/10)

### [bt]: Job terminated successfully [batchtools job.id=1922]
### [bt]: Starting job [batchtools job.id=1923]
### [bt]: Generating problem instance for problem '01ea4b20a58e68c2' ...
### [bt]: Applying algorithm 'run_learner' on problem '01ea4b20a58e68c2' for job 1923 (seed = 1924) ...
INFO  [17:29:17.019] [mlr3] Applying learner 'classif.naive_bayes_calib.oof_isotonic' on task 'wilt' (iter 3/10)

### [bt]: Job terminated successfully [batchtools job.id=1923]
### [bt]: Starting job [batchtools job.id=1924]
### [bt]: Generating problem instance for problem '01ea4b20a58e68c2' ...
### [bt]: Applying algorithm 'run_learner' on problem '01ea4b20a58e68c2' for job 1924 (seed = 1925) ...
INFO  [17:29:17.464] [mlr3] Applying learner 'classif.naive_bayes_calib.oof_isotonic' on task 'wilt' (iter 4/10)

### [bt]: Job terminated successfully [batchtools job.id=1924]
### [bt]: Starting job [batchtools job.id=1925]
### [bt]: Generating problem instance for problem '01ea4b20a58e68c2' ...
### [bt]: Applying algorithm 'run_learner' on problem '01ea4b20a58e68c2' for job 1925 (seed = 1926) ...
INFO  [17:29:17.917] [mlr3] Applying learner 'classif.naive_bayes_calib.oof_isotonic' on task 'wilt' (iter 5/10)

### [bt]: Job terminated successfully [batchtools job.id=1925]
### [bt]: Calculation finished!
