### [bt]: This is batchtools v0.9.17
### [bt]: Starting calculation of 5 jobs
### [bt]: Setting working directory to '/Users/User/Documents/Studium/Semester8/Hiwi/mlr3calibration/vignettes'
### [bt]: Memory measurement disabled
### [bt]: Starting job [batchtools job.id=1886]
### [bt]: Generating problem instance for problem '6fbfe6520e3d949c' ...
### [bt]: Applying algorithm 'run_learner' on problem '6fbfe6520e3d949c' for job 1886 (seed = 1887) ...
INFO  [17:29:15.613] [mlr3] Applying learner 'classif.rpart_calib.perfold_isotonic' on task 'banknote-authentication' (iter 6/10)

### [bt]: Job terminated successfully [batchtools job.id=1886]
### [bt]: Starting job [batchtools job.id=1887]
### [bt]: Generating problem instance for problem '6fbfe6520e3d949c' ...
### [bt]: Applying algorithm 'run_learner' on problem '6fbfe6520e3d949c' for job 1887 (seed = 1888) ...
INFO  [17:29:15.817] [mlr3] Applying learner 'classif.rpart_calib.perfold_isotonic' on task 'banknote-authentication' (iter 7/10)

### [bt]: Job terminated successfully [batchtools job.id=1887]
### [bt]: Starting job [batchtools job.id=1888]
### [bt]: Generating problem instance for problem '6fbfe6520e3d949c' ...
### [bt]: Applying algorithm 'run_learner' on problem '6fbfe6520e3d949c' for job 1888 (seed = 1889) ...
INFO  [17:29:16.083] [mlr3] Applying learner 'classif.rpart_calib.perfold_isotonic' on task 'banknote-authentication' (iter 8/10)

### [bt]: Job terminated successfully [batchtools job.id=1888]
### [bt]: Starting job [batchtools job.id=1889]
### [bt]: Generating problem instance for problem '6fbfe6520e3d949c' ...
### [bt]: Applying algorithm 'run_learner' on problem '6fbfe6520e3d949c' for job 1889 (seed = 1890) ...
INFO  [17:29:16.317] [mlr3] Applying learner 'classif.rpart_calib.perfold_isotonic' on task 'banknote-authentication' (iter 9/10)

### [bt]: Job terminated successfully [batchtools job.id=1889]
### [bt]: Starting job [batchtools job.id=1890]
### [bt]: Generating problem instance for problem '6fbfe6520e3d949c' ...
### [bt]: Applying algorithm 'run_learner' on problem '6fbfe6520e3d949c' for job 1890 (seed = 1891) ...
INFO  [17:29:16.516] [mlr3] Applying learner 'classif.rpart_calib.perfold_isotonic' on task 'banknote-authentication' (iter 10/10)

### [bt]: Job terminated successfully [batchtools job.id=1890]
### [bt]: Calculation finished!
