### [bt]: This is batchtools v0.9.17
### [bt]: Starting calculation of 5 jobs
### [bt]: Setting working directory to '/Users/User/Documents/Studium/Semester8/Hiwi/mlr3calibration/vignettes'
### [bt]: Memory measurement disabled
### [bt]: Starting job [batchtools job.id=2056]
### [bt]: Generating problem instance for problem '01ea4b20a58e68c2' ...
### [bt]: Applying algorithm 'run_learner' on problem '01ea4b20a58e68c2' for job 2056 (seed = 2057) ...
INFO  [17:29:47.784] [mlr3] Applying learner 'classif.rpart_calib.oof_beta' on task 'wilt' (iter 6/10)
Warning: glm.fit: fitted probabilities numerically 0 or 1 occurred
This happened PipeOp classif.rpart's $train()
[1] -34.32181
[1] 20.1528

### [bt]: Job terminated successfully [batchtools job.id=2056]
### [bt]: Starting job [batchtools job.id=2057]
### [bt]: Generating problem instance for problem '01ea4b20a58e68c2' ...
### [bt]: Applying algorithm 'run_learner' on problem '01ea4b20a58e68c2' for job 2057 (seed = 2058) ...
INFO  [17:29:47.908] [mlr3] Applying learner 'classif.rpart_calib.oof_beta' on task 'wilt' (iter 7/10)
Warning: glm.fit: fitted probabilities numerically 0 or 1 occurred
This happened PipeOp classif.rpart's $train()
[1] -27.23363
[1] 31.75939

### [bt]: Job terminated successfully [batchtools job.id=2057]
### [bt]: Starting job [batchtools job.id=2058]
### [bt]: Generating problem instance for problem '01ea4b20a58e68c2' ...
### [bt]: Applying algorithm 'run_learner' on problem '01ea4b20a58e68c2' for job 2058 (seed = 2059) ...
INFO  [17:29:48.216] [mlr3] Applying learner 'classif.rpart_calib.oof_beta' on task 'wilt' (iter 8/10)
Warning: glm.fit: fitted probabilities numerically 0 or 1 occurred
This happened PipeOp classif.rpart's $train()
[1] -9.977618e+15
[1] 2.254971e+15

### [bt]: Job terminated successfully [batchtools job.id=2058]
### [bt]: Starting job [batchtools job.id=2059]
### [bt]: Generating problem instance for problem '01ea4b20a58e68c2' ...
### [bt]: Applying algorithm 'run_learner' on problem '01ea4b20a58e68c2' for job 2059 (seed = 2060) ...
INFO  [17:29:48.420] [mlr3] Applying learner 'classif.rpart_calib.oof_beta' on task 'wilt' (iter 9/10)
Warning: glm.fit: fitted probabilities numerically 0 or 1 occurred
This happened PipeOp classif.rpart's $train()
[1] -1.31345e+16
[1] -1.903267e+15

### [bt]: Job terminated successfully [batchtools job.id=2059]
### [bt]: Starting job [batchtools job.id=2060]
### [bt]: Generating problem instance for problem '01ea4b20a58e68c2' ...
### [bt]: Applying algorithm 'run_learner' on problem '01ea4b20a58e68c2' for job 2060 (seed = 2061) ...
INFO  [17:29:48.738] [mlr3] Applying learner 'classif.rpart_calib.oof_beta' on task 'wilt' (iter 10/10)
[1] -14.62283
[1] 24.32356

### [bt]: Job terminated successfully [batchtools job.id=2060]
### [bt]: Calculation finished!
