### [bt]: This is batchtools v0.9.17
### [bt]: Starting calculation of 5 jobs
### [bt]: Setting working directory to '/Users/User/Documents/Studium/Semester8/Hiwi/mlr3calibration/vignettes'
### [bt]: Memory measurement disabled
### [bt]: Starting job [batchtools job.id=1761]
### [bt]: Generating problem instance for problem '6fbfe6520e3d949c' ...
### [bt]: Applying algorithm 'run_learner' on problem '6fbfe6520e3d949c' for job 1761 (seed = 1762) ...
INFO  [17:28:57.754] [mlr3] Applying learner 'classif.ranger_calib.oof_platt' on task 'banknote-authentication' (iter 1/10)

### [bt]: Job terminated successfully [batchtools job.id=1761]
### [bt]: Starting job [batchtools job.id=1762]
### [bt]: Generating problem instance for problem '6fbfe6520e3d949c' ...
### [bt]: Applying algorithm 'run_learner' on problem '6fbfe6520e3d949c' for job 1762 (seed = 1763) ...
INFO  [17:28:58.605] [mlr3] Applying learner 'classif.ranger_calib.oof_platt' on task 'banknote-authentication' (iter 2/10)

### [bt]: Job terminated successfully [batchtools job.id=1762]
### [bt]: Starting job [batchtools job.id=1763]
### [bt]: Generating problem instance for problem '6fbfe6520e3d949c' ...
### [bt]: Applying algorithm 'run_learner' on problem '6fbfe6520e3d949c' for job 1763 (seed = 1764) ...
INFO  [17:28:59.454] [mlr3] Applying learner 'classif.ranger_calib.oof_platt' on task 'banknote-authentication' (iter 3/10)

### [bt]: Job terminated successfully [batchtools job.id=1763]
### [bt]: Starting job [batchtools job.id=1764]
### [bt]: Generating problem instance for problem '6fbfe6520e3d949c' ...
### [bt]: Applying algorithm 'run_learner' on problem '6fbfe6520e3d949c' for job 1764 (seed = 1765) ...
INFO  [17:29:00.027] [mlr3] Applying learner 'classif.ranger_calib.oof_platt' on task 'banknote-authentication' (iter 4/10)

### [bt]: Job terminated successfully [batchtools job.id=1764]
### [bt]: Starting job [batchtools job.id=1765]
### [bt]: Generating problem instance for problem '6fbfe6520e3d949c' ...
### [bt]: Applying algorithm 'run_learner' on problem '6fbfe6520e3d949c' for job 1765 (seed = 1766) ...
INFO  [17:29:00.623] [mlr3] Applying learner 'classif.ranger_calib.oof_platt' on task 'banknote-authentication' (iter 5/10)

### [bt]: Job terminated successfully [batchtools job.id=1765]
### [bt]: Calculation finished!
