### [bt]: This is batchtools v0.9.17
### [bt]: Starting calculation of 5 jobs
### [bt]: Setting working directory to '/Users/User/Documents/Studium/Semester8/Hiwi/mlr3calibration/vignettes'
### [bt]: Memory measurement disabled
### [bt]: Starting job [batchtools job.id=1001]
### [bt]: Generating problem instance for problem '42e9f2146ba77696' ...
### [bt]: Applying algorithm 'run_learner' on problem '42e9f2146ba77696' for job 1001 (seed = 1002) ...
INFO  [17:26:23.967] [mlr3] Applying learner 'classif.rpart_calib.oof_beta' on task 'kc1' (iter 1/10)
[1] -25.99466
[1] -0.8882763

### [bt]: Job terminated successfully [batchtools job.id=1001]
### [bt]: Starting job [batchtools job.id=1002]
### [bt]: Generating problem instance for problem '42e9f2146ba77696' ...
### [bt]: Applying algorithm 'run_learner' on problem '42e9f2146ba77696' for job 1002 (seed = 1003) ...
INFO  [17:26:24.185] [mlr3] Applying learner 'classif.rpart_calib.oof_beta' on task 'kc1' (iter 2/10)
[1] -27.78798
[1] 1.610456

### [bt]: Job terminated successfully [batchtools job.id=1002]
### [bt]: Starting job [batchtools job.id=1003]
### [bt]: Generating problem instance for problem '42e9f2146ba77696' ...
### [bt]: Applying algorithm 'run_learner' on problem '42e9f2146ba77696' for job 1003 (seed = 1004) ...
INFO  [17:26:24.438] [mlr3] Applying learner 'classif.rpart_calib.oof_beta' on task 'kc1' (iter 3/10)
[1] -29.98319
[1] -0.9964165

### [bt]: Job terminated successfully [batchtools job.id=1003]
### [bt]: Starting job [batchtools job.id=1004]
### [bt]: Generating problem instance for problem '42e9f2146ba77696' ...
### [bt]: Applying algorithm 'run_learner' on problem '42e9f2146ba77696' for job 1004 (seed = 1005) ...
INFO  [17:26:24.670] [mlr3] Applying learner 'classif.rpart_calib.oof_beta' on task 'kc1' (iter 4/10)
[1] -27.14849
[1] -1.883661

### [bt]: Job terminated successfully [batchtools job.id=1004]
### [bt]: Starting job [batchtools job.id=1005]
### [bt]: Generating problem instance for problem '42e9f2146ba77696' ...
### [bt]: Applying algorithm 'run_learner' on problem '42e9f2146ba77696' for job 1005 (seed = 1006) ...
INFO  [17:26:24.973] [mlr3] Applying learner 'classif.rpart_calib.oof_beta' on task 'kc1' (iter 5/10)
[1] -0.9833046
[1] 22.06

### [bt]: Job terminated successfully [batchtools job.id=1005]
### [bt]: Calculation finished!
