### [bt]: This is batchtools v0.9.17
### [bt]: Starting calculation of 5 jobs
### [bt]: Setting working directory to '/Users/User/Documents/Studium/Semester8/Hiwi/mlr3calibration/vignettes'
### [bt]: Memory measurement disabled
### [bt]: Starting job [batchtools job.id=1716]
### [bt]: Generating problem instance for problem '6fbfe6520e3d949c' ...
### [bt]: Applying algorithm 'run_learner' on problem '6fbfe6520e3d949c' for job 1716 (seed = 1717) ...
INFO  [17:28:57.697] [mlr3] Applying learner 'classif.naive_bayes_calib.oof_isotonic' on task 'banknote-authentication' (iter 6/10)

### [bt]: Job terminated successfully [batchtools job.id=1716]
### [bt]: Starting job [batchtools job.id=1717]
### [bt]: Generating problem instance for problem '6fbfe6520e3d949c' ...
### [bt]: Applying algorithm 'run_learner' on problem '6fbfe6520e3d949c' for job 1717 (seed = 1718) ...
INFO  [17:28:57.976] [mlr3] Applying learner 'classif.naive_bayes_calib.oof_isotonic' on task 'banknote-authentication' (iter 7/10)

### [bt]: Job terminated successfully [batchtools job.id=1717]
### [bt]: Starting job [batchtools job.id=1718]
### [bt]: Generating problem instance for problem '6fbfe6520e3d949c' ...
### [bt]: Applying algorithm 'run_learner' on problem '6fbfe6520e3d949c' for job 1718 (seed = 1719) ...
INFO  [17:28:58.261] [mlr3] Applying learner 'classif.naive_bayes_calib.oof_isotonic' on task 'banknote-authentication' (iter 8/10)

### [bt]: Job terminated successfully [batchtools job.id=1718]
### [bt]: Starting job [batchtools job.id=1719]
### [bt]: Generating problem instance for problem '6fbfe6520e3d949c' ...
### [bt]: Applying algorithm 'run_learner' on problem '6fbfe6520e3d949c' for job 1719 (seed = 1720) ...
INFO  [17:28:58.541] [mlr3] Applying learner 'classif.naive_bayes_calib.oof_isotonic' on task 'banknote-authentication' (iter 9/10)

### [bt]: Job terminated successfully [batchtools job.id=1719]
### [bt]: Starting job [batchtools job.id=1720]
### [bt]: Generating problem instance for problem '6fbfe6520e3d949c' ...
### [bt]: Applying algorithm 'run_learner' on problem '6fbfe6520e3d949c' for job 1720 (seed = 1721) ...
INFO  [17:28:58.759] [mlr3] Applying learner 'classif.naive_bayes_calib.oof_isotonic' on task 'banknote-authentication' (iter 10/10)

### [bt]: Job terminated successfully [batchtools job.id=1720]
### [bt]: Calculation finished!
