### [bt]: This is batchtools v0.9.17
### [bt]: Starting calculation of 5 jobs
### [bt]: Setting working directory to '/Users/User/Documents/Studium/Semester8/Hiwi/mlr3calibration/vignettes'
### [bt]: Memory measurement disabled
### [bt]: Starting job [batchtools job.id=496]
### [bt]: Generating problem instance for problem '698720b8ce42ae0c' ...
### [bt]: Applying algorithm 'run_learner' on problem '698720b8ce42ae0c' for job 496 (seed = 497) ...
INFO  [17:25:00.220] [mlr3] Applying learner 'classif.ranger' on task 'pc4' (iter 6/10)

### [bt]: Job terminated successfully [batchtools job.id=496]
### [bt]: Starting job [batchtools job.id=497]
### [bt]: Generating problem instance for problem '698720b8ce42ae0c' ...
### [bt]: Applying algorithm 'run_learner' on problem '698720b8ce42ae0c' for job 497 (seed = 498) ...
INFO  [17:25:00.457] [mlr3] Applying learner 'classif.ranger' on task 'pc4' (iter 7/10)

### [bt]: Job terminated successfully [batchtools job.id=497]
### [bt]: Starting job [batchtools job.id=498]
### [bt]: Generating problem instance for problem '698720b8ce42ae0c' ...
### [bt]: Applying algorithm 'run_learner' on problem '698720b8ce42ae0c' for job 498 (seed = 499) ...
INFO  [17:25:00.723] [mlr3] Applying learner 'classif.ranger' on task 'pc4' (iter 8/10)

### [bt]: Job terminated successfully [batchtools job.id=498]
### [bt]: Starting job [batchtools job.id=499]
### [bt]: Generating problem instance for problem '698720b8ce42ae0c' ...
### [bt]: Applying algorithm 'run_learner' on problem '698720b8ce42ae0c' for job 499 (seed = 500) ...
INFO  [17:25:00.958] [mlr3] Applying learner 'classif.ranger' on task 'pc4' (iter 9/10)

### [bt]: Job terminated successfully [batchtools job.id=499]
### [bt]: Starting job [batchtools job.id=500]
### [bt]: Generating problem instance for problem '698720b8ce42ae0c' ...
### [bt]: Applying algorithm 'run_learner' on problem '698720b8ce42ae0c' for job 500 (seed = 501) ...
INFO  [17:25:01.226] [mlr3] Applying learner 'classif.ranger' on task 'pc4' (iter 10/10)

### [bt]: Job terminated successfully [batchtools job.id=500]
### [bt]: Calculation finished!
