### [bt]: This is batchtools v0.9.17
### [bt]: Starting calculation of 5 jobs
### [bt]: Setting working directory to '/Users/User/Documents/Studium/Semester8/Hiwi/mlr3calibration/vignettes'
### [bt]: Memory measurement disabled
### [bt]: Starting job [batchtools job.id=596]
### [bt]: Generating problem instance for problem '698720b8ce42ae0c' ...
### [bt]: Applying algorithm 'run_learner' on problem '698720b8ce42ae0c' for job 596 (seed = 597) ...
INFO  [17:25:11.190] [mlr3] Applying learner 'classif.rpart_calib.oof_isotonic' on task 'pc4' (iter 6/10)

### [bt]: Job terminated successfully [batchtools job.id=596]
### [bt]: Starting job [batchtools job.id=597]
### [bt]: Generating problem instance for problem '698720b8ce42ae0c' ...
### [bt]: Applying algorithm 'run_learner' on problem '698720b8ce42ae0c' for job 597 (seed = 598) ...
INFO  [17:25:11.474] [mlr3] Applying learner 'classif.rpart_calib.oof_isotonic' on task 'pc4' (iter 7/10)

### [bt]: Job terminated successfully [batchtools job.id=597]
### [bt]: Starting job [batchtools job.id=598]
### [bt]: Generating problem instance for problem '698720b8ce42ae0c' ...
### [bt]: Applying algorithm 'run_learner' on problem '698720b8ce42ae0c' for job 598 (seed = 599) ...
INFO  [17:25:11.745] [mlr3] Applying learner 'classif.rpart_calib.oof_isotonic' on task 'pc4' (iter 8/10)

### [bt]: Job terminated successfully [batchtools job.id=598]
### [bt]: Starting job [batchtools job.id=599]
### [bt]: Generating problem instance for problem '698720b8ce42ae0c' ...
### [bt]: Applying algorithm 'run_learner' on problem '698720b8ce42ae0c' for job 599 (seed = 600) ...
INFO  [17:25:12.375] [mlr3] Applying learner 'classif.rpart_calib.oof_isotonic' on task 'pc4' (iter 9/10)

### [bt]: Job terminated successfully [batchtools job.id=599]
### [bt]: Starting job [batchtools job.id=600]
### [bt]: Generating problem instance for problem '698720b8ce42ae0c' ...
### [bt]: Applying algorithm 'run_learner' on problem '698720b8ce42ae0c' for job 600 (seed = 601) ...
INFO  [17:25:12.520] [mlr3] Applying learner 'classif.rpart_calib.oof_isotonic' on task 'pc4' (iter 10/10)

### [bt]: Job terminated successfully [batchtools job.id=600]
### [bt]: Calculation finished!
