### [bt]: This is batchtools v0.9.17
### [bt]: Starting calculation of 5 jobs
### [bt]: Setting working directory to '/Users/User/Documents/Studium/Semester8/Hiwi/mlr3calibration/vignettes'
### [bt]: Memory measurement disabled
### [bt]: Starting job [batchtools job.id=706]
### [bt]: Generating problem instance for problem '78e20b4b43a56ff6' ...
### [bt]: Applying algorithm 'run_learner' on problem '78e20b4b43a56ff6' for job 706 (seed = 707) ...
INFO  [17:25:29.797] [mlr3] Applying learner 'classif.ranger' on task 'pc3' (iter 6/10)

### [bt]: Job terminated successfully [batchtools job.id=706]
### [bt]: Starting job [batchtools job.id=707]
### [bt]: Generating problem instance for problem '78e20b4b43a56ff6' ...
### [bt]: Applying algorithm 'run_learner' on problem '78e20b4b43a56ff6' for job 707 (seed = 708) ...
INFO  [17:25:30.181] [mlr3] Applying learner 'classif.ranger' on task 'pc3' (iter 7/10)

### [bt]: Job terminated successfully [batchtools job.id=707]
### [bt]: Starting job [batchtools job.id=708]
### [bt]: Generating problem instance for problem '78e20b4b43a56ff6' ...
### [bt]: Applying algorithm 'run_learner' on problem '78e20b4b43a56ff6' for job 708 (seed = 709) ...
INFO  [17:25:30.588] [mlr3] Applying learner 'classif.ranger' on task 'pc3' (iter 8/10)

### [bt]: Job terminated successfully [batchtools job.id=708]
### [bt]: Starting job [batchtools job.id=709]
### [bt]: Generating problem instance for problem '78e20b4b43a56ff6' ...
### [bt]: Applying algorithm 'run_learner' on problem '78e20b4b43a56ff6' for job 709 (seed = 710) ...
INFO  [17:25:30.832] [mlr3] Applying learner 'classif.ranger' on task 'pc3' (iter 9/10)

### [bt]: Job terminated successfully [batchtools job.id=709]
### [bt]: Starting job [batchtools job.id=710]
### [bt]: Generating problem instance for problem '78e20b4b43a56ff6' ...
### [bt]: Applying algorithm 'run_learner' on problem '78e20b4b43a56ff6' for job 710 (seed = 711) ...
INFO  [17:25:31.081] [mlr3] Applying learner 'classif.ranger' on task 'pc3' (iter 10/10)

### [bt]: Job terminated successfully [batchtools job.id=710]
### [bt]: Calculation finished!
