### [bt]: This is batchtools v0.9.17
### [bt]: Starting calculation of 5 jobs
### [bt]: Setting working directory to '/Users/User/Documents/Studium/Semester8/Hiwi/mlr3calibration/vignettes'
### [bt]: Memory measurement disabled
### [bt]: Starting job [batchtools job.id=1806]
### [bt]: Generating problem instance for problem '6fbfe6520e3d949c' ...
### [bt]: Applying algorithm 'run_learner' on problem '6fbfe6520e3d949c' for job 1806 (seed = 1807) ...
INFO  [17:29:04.130] [mlr3] Applying learner 'classif.ranger_calib.perfold_beta' on task 'banknote-authentication' (iter 6/10)
Warning: glm.fit: algorithm did not converge
This happened PipeOp classif.ranger's $train()
Warning: glm.fit: fitted probabilities numerically 0 or 1 occurred
This happened PipeOp classif.ranger's $train()
Warning: glm.fit: algorithm did not converge
This happened PipeOp classif.ranger's $train()
Warning: glm.fit: fitted probabilities numerically 0 or 1 occurred
This happened PipeOp classif.ranger's $train()
[1] 39.40588
[1] 1122.139
Warning: glm.fit: fitted probabilities numerically 0 or 1 occurred
This happened PipeOp classif.ranger's $train()
[1] -207.6127
[1] 105.1669
Warning: glm.fit: fitted probabilities numerically 0 or 1 occurred
This happened PipeOp classif.ranger's $train()
[1] -73.15885
[1] 176.294
Warning: glm.fit: fitted probabilities numerically 0 or 1 occurred
This happened PipeOp classif.ranger's $train()
[1] -63.96176
[1] 60.65073
Warning: glm.fit: algorithm did not converge
This happened PipeOp classif.ranger's $train()
Warning: glm.fit: fitted probabilities numerically 0 or 1 occurred
This happened PipeOp classif.ranger's $train()
[1] -1189.458
[1] -16.84919

### [bt]: Job terminated successfully [batchtools job.id=1806]
### [bt]: Starting job [batchtools job.id=1807]
### [bt]: Generating problem instance for problem '6fbfe6520e3d949c' ...
### [bt]: Applying algorithm 'run_learner' on problem '6fbfe6520e3d949c' for job 1807 (seed = 1808) ...
INFO  [17:29:05.176] [mlr3] Applying learner 'classif.ranger_calib.perfold_beta' on task 'banknote-authentication' (iter 7/10)
Warning: glm.fit: fitted probabilities numerically 0 or 1 occurred
This happened PipeOp classif.ranger's $train()
[1] -55.74026
[1] 128.3388
Warning: glm.fit: fitted probabilities numerically 0 or 1 occurred
This happened PipeOp classif.ranger's $train()
[1] -70.55293
[1] 140.778
Warning: glm.fit: algorithm did not converge
This happened PipeOp classif.ranger's $train()
Warning: glm.fit: fitted probabilities numerically 0 or 1 occurred
This happened PipeOp classif.ranger's $train()
Warning: glm.fit: algorithm did not converge
This happened PipeOp classif.ranger's $train()
Warning: glm.fit: fitted probabilities numerically 0 or 1 occurred
This happened PipeOp classif.ranger's $train()
[1] -128983.6
[1] -1671.611
Warning: glm.fit: fitted probabilities numerically 0 or 1 occurred
This happened PipeOp classif.ranger's $train()
[1] -128.0482
[1] 48.10388
Warning: glm.fit: fitted probabilities numerically 0 or 1 occurred
This happened PipeOp classif.ranger's $train()
[1] -132.7181
[1] 53.47451

### [bt]: Job terminated successfully [batchtools job.id=1807]
### [bt]: Starting job [batchtools job.id=1808]
### [bt]: Generating problem instance for problem '6fbfe6520e3d949c' ...
### [bt]: Applying algorithm 'run_learner' on problem '6fbfe6520e3d949c' for job 1808 (seed = 1809) ...
INFO  [17:29:06.274] [mlr3] Applying learner 'classif.ranger_calib.perfold_beta' on task 'banknote-authentication' (iter 8/10)
Warning: glm.fit: algorithm did not converge
This happened PipeOp classif.ranger's $train()
Warning: glm.fit: fitted probabilities numerically 0 or 1 occurred
This happened PipeOp classif.ranger's $train()
Warning: glm.fit: algorithm did not converge
This happened PipeOp classif.ranger's $train()
Warning: glm.fit: fitted probabilities numerically 0 or 1 occurred
This happened PipeOp classif.ranger's $train()
[1] -32032.95
[1] -869.8123
Warning: glm.fit: fitted probabilities numerically 0 or 1 occurred
This happened PipeOp classif.ranger's $train()
[1] -165.9612
[1] 236.8711
Warning: glm.fit: fitted probabilities numerically 0 or 1 occurred
This happened PipeOp classif.ranger's $train()
[1] -92.19251
[1] 73.33396
Warning: glm.fit: fitted probabilities numerically 0 or 1 occurred
This happened PipeOp classif.ranger's $train()
[1] -45.67185
[1] 108.8251
Warning: glm.fit: fitted probabilities numerically 0 or 1 occurred
This happened PipeOp classif.ranger's $train()
[1] -109.0116
[1] 65.54712

### [bt]: Job terminated successfully [batchtools job.id=1808]
### [bt]: Starting job [batchtools job.id=1809]
### [bt]: Generating problem instance for problem '6fbfe6520e3d949c' ...
### [bt]: Applying algorithm 'run_learner' on problem '6fbfe6520e3d949c' for job 1809 (seed = 1810) ...
INFO  [17:29:07.359] [mlr3] Applying learner 'classif.ranger_calib.perfold_beta' on task 'banknote-authentication' (iter 9/10)
Warning: glm.fit: fitted probabilities numerically 0 or 1 occurred
This happened PipeOp classif.ranger's $train()
[1] -84.78482
[1] 135.6377
Warning: glm.fit: fitted probabilities numerically 0 or 1 occurred
This happened PipeOp classif.ranger's $train()
[1] -42.39358
[1] 119.1158
Warning: glm.fit: fitted probabilities numerically 0 or 1 occurred
This happened PipeOp classif.ranger's $train()
[1] -106.5492
[1] 121.4316
Warning: glm.fit: fitted probabilities numerically 0 or 1 occurred
This happened PipeOp classif.ranger's $train()
[1] -133.2956
[1] 364.0804
Warning: glm.fit: fitted probabilities numerically 0 or 1 occurred
This happened PipeOp classif.ranger's $train()
[1] -98.12965
[1] 44.03004

### [bt]: Job terminated successfully [batchtools job.id=1809]
### [bt]: Starting job [batchtools job.id=1810]
### [bt]: Generating problem instance for problem '6fbfe6520e3d949c' ...
### [bt]: Applying algorithm 'run_learner' on problem '6fbfe6520e3d949c' for job 1810 (seed = 1811) ...
INFO  [17:29:08.547] [mlr3] Applying learner 'classif.ranger_calib.perfold_beta' on task 'banknote-authentication' (iter 10/10)
Warning: glm.fit: fitted probabilities numerically 0 or 1 occurred
This happened PipeOp classif.ranger's $train()
[1] -74.11593
[1] 73.1673
Warning: glm.fit: fitted probabilities numerically 0 or 1 occurred
This happened PipeOp classif.ranger's $train()
[1] -61.10722
[1] 48.33278
Warning: glm.fit: fitted probabilities numerically 0 or 1 occurred
This happened PipeOp classif.ranger's $train()
[1] -1.348957e+16
[1] 2.294125e+15
Warning: glm.fit: fitted probabilities numerically 0 or 1 occurred
This happened PipeOp classif.ranger's $train()
[1] -177.0148
[1] 84.20265
Warning: glm.fit: fitted probabilities numerically 0 or 1 occurred
This happened PipeOp classif.ranger's $train()
[1] -9.594955e+15
[1] 9.411132e+14

### [bt]: Job terminated successfully [batchtools job.id=1810]
### [bt]: Calculation finished!
