### [bt]: This is batchtools v0.9.17
### [bt]: Starting calculation of 5 jobs
### [bt]: Setting working directory to '/Users/User/Documents/Studium/Semester8/Hiwi/mlr3calibration/vignettes'
Loading required package: mlr3verse
Loading required package: mlr3
### [bt]: Memory measurement disabled
### [bt]: Starting job [batchtools job.id=31]
### [bt]: Generating problem instance for problem '70bd5a65df34c4f3' ...
### [bt]: Applying algorithm 'run_learner' on problem '70bd5a65df34c4f3' for job 31 (seed = 32) ...
INFO  [17:23:45.805] [mlr3] Applying learner 'classif.naive_bayes_calib.oof_isotonic' on task 'kr-vs-kp' (iter 1/10)

### [bt]: Job terminated successfully [batchtools job.id=31]
### [bt]: Starting job [batchtools job.id=32]
### [bt]: Generating problem instance for problem '70bd5a65df34c4f3' ...
### [bt]: Applying algorithm 'run_learner' on problem '70bd5a65df34c4f3' for job 32 (seed = 33) ...
INFO  [17:23:47.400] [mlr3] Applying learner 'classif.naive_bayes_calib.oof_isotonic' on task 'kr-vs-kp' (iter 2/10)

### [bt]: Job terminated successfully [batchtools job.id=32]
### [bt]: Starting job [batchtools job.id=33]
### [bt]: Generating problem instance for problem '70bd5a65df34c4f3' ...
### [bt]: Applying algorithm 'run_learner' on problem '70bd5a65df34c4f3' for job 33 (seed = 34) ...
INFO  [17:23:48.919] [mlr3] Applying learner 'classif.naive_bayes_calib.oof_isotonic' on task 'kr-vs-kp' (iter 3/10)

### [bt]: Job terminated successfully [batchtools job.id=33]
### [bt]: Starting job [batchtools job.id=34]
### [bt]: Generating problem instance for problem '70bd5a65df34c4f3' ...
### [bt]: Applying algorithm 'run_learner' on problem '70bd5a65df34c4f3' for job 34 (seed = 35) ...
INFO  [17:23:50.253] [mlr3] Applying learner 'classif.naive_bayes_calib.oof_isotonic' on task 'kr-vs-kp' (iter 4/10)

### [bt]: Job terminated successfully [batchtools job.id=34]
### [bt]: Starting job [batchtools job.id=35]
### [bt]: Generating problem instance for problem '70bd5a65df34c4f3' ...
### [bt]: Applying algorithm 'run_learner' on problem '70bd5a65df34c4f3' for job 35 (seed = 36) ...
INFO  [17:23:51.578] [mlr3] Applying learner 'classif.naive_bayes_calib.oof_isotonic' on task 'kr-vs-kp' (iter 5/10)

### [bt]: Job terminated successfully [batchtools job.id=35]
### [bt]: Calculation finished!
