### [bt]: This is batchtools v0.9.17
### [bt]: Starting calculation of 5 jobs
### [bt]: Setting working directory to '/Users/User/Documents/Studium/Semester8/Hiwi/mlr3calibration/vignettes'
### [bt]: Memory measurement disabled
### [bt]: Starting job [batchtools job.id=721]
### [bt]: Generating problem instance for problem '78e20b4b43a56ff6' ...
### [bt]: Applying algorithm 'run_learner' on problem '78e20b4b43a56ff6' for job 721 (seed = 722) ...
INFO  [17:25:37.916] [mlr3] Applying learner 'classif.ranger_calib.oof_beta' on task 'pc3' (iter 1/10)
[1] -163.3568
[1] 4.756517

### [bt]: Job terminated successfully [batchtools job.id=721]
### [bt]: Starting job [batchtools job.id=722]
### [bt]: Generating problem instance for problem '78e20b4b43a56ff6' ...
### [bt]: Applying algorithm 'run_learner' on problem '78e20b4b43a56ff6' for job 722 (seed = 723) ...
INFO  [17:25:40.005] [mlr3] Applying learner 'classif.ranger_calib.oof_beta' on task 'pc3' (iter 2/10)
[1] -35.46256
[1] 27.89043

### [bt]: Job terminated successfully [batchtools job.id=722]
### [bt]: Starting job [batchtools job.id=723]
### [bt]: Generating problem instance for problem '78e20b4b43a56ff6' ...
### [bt]: Applying algorithm 'run_learner' on problem '78e20b4b43a56ff6' for job 723 (seed = 724) ...
INFO  [17:25:42.072] [mlr3] Applying learner 'classif.ranger_calib.oof_beta' on task 'pc3' (iter 3/10)
[1] -116.8829
[1] 9.863057

### [bt]: Job terminated successfully [batchtools job.id=723]
### [bt]: Starting job [batchtools job.id=724]
### [bt]: Generating problem instance for problem '78e20b4b43a56ff6' ...
### [bt]: Applying algorithm 'run_learner' on problem '78e20b4b43a56ff6' for job 724 (seed = 725) ...
INFO  [17:25:44.339] [mlr3] Applying learner 'classif.ranger_calib.oof_beta' on task 'pc3' (iter 4/10)
Warning: glm.fit: fitted probabilities numerically 0 or 1 occurred
This happened PipeOp classif.ranger's $train()
[1] -18.52135
[1] 35.1402

### [bt]: Job terminated successfully [batchtools job.id=724]
### [bt]: Starting job [batchtools job.id=725]
### [bt]: Generating problem instance for problem '78e20b4b43a56ff6' ...
### [bt]: Applying algorithm 'run_learner' on problem '78e20b4b43a56ff6' for job 725 (seed = 726) ...
INFO  [17:25:46.409] [mlr3] Applying learner 'classif.ranger_calib.oof_beta' on task 'pc3' (iter 5/10)
[1] -127.3617
[1] 7.009606

### [bt]: Job terminated successfully [batchtools job.id=725]
### [bt]: Calculation finished!
