### [bt]: This is batchtools v0.9.17
### [bt]: Starting calculation of 5 jobs
### [bt]: Setting working directory to '/Users/User/Documents/Studium/Semester8/Hiwi/mlr3calibration/vignettes'
### [bt]: Memory measurement disabled
### [bt]: Starting job [batchtools job.id=1366]
### [bt]: Generating problem instance for problem '34d90df810f60583' ...
### [bt]: Applying algorithm 'run_learner' on problem '34d90df810f60583' for job 1366 (seed = 1367) ...
INFO  [17:27:28.394] [mlr3] Applying learner 'classif.ranger_calib.oof_isotonic' on task 'phoneme' (iter 6/10)

### [bt]: Job terminated successfully [batchtools job.id=1366]
### [bt]: Starting job [batchtools job.id=1367]
### [bt]: Generating problem instance for problem '34d90df810f60583' ...
### [bt]: Applying algorithm 'run_learner' on problem '34d90df810f60583' for job 1367 (seed = 1368) ...
INFO  [17:27:36.679] [mlr3] Applying learner 'classif.ranger_calib.oof_isotonic' on task 'phoneme' (iter 7/10)

### [bt]: Job terminated successfully [batchtools job.id=1367]
### [bt]: Starting job [batchtools job.id=1368]
### [bt]: Generating problem instance for problem '34d90df810f60583' ...
### [bt]: Applying algorithm 'run_learner' on problem '34d90df810f60583' for job 1368 (seed = 1369) ...
INFO  [17:27:45.497] [mlr3] Applying learner 'classif.ranger_calib.oof_isotonic' on task 'phoneme' (iter 8/10)

### [bt]: Job terminated successfully [batchtools job.id=1368]
### [bt]: Starting job [batchtools job.id=1369]
### [bt]: Generating problem instance for problem '34d90df810f60583' ...
### [bt]: Applying algorithm 'run_learner' on problem '34d90df810f60583' for job 1369 (seed = 1370) ...
INFO  [17:27:54.153] [mlr3] Applying learner 'classif.ranger_calib.oof_isotonic' on task 'phoneme' (iter 9/10)

### [bt]: Job terminated successfully [batchtools job.id=1369]
### [bt]: Starting job [batchtools job.id=1370]
### [bt]: Generating problem instance for problem '34d90df810f60583' ...
### [bt]: Applying algorithm 'run_learner' on problem '34d90df810f60583' for job 1370 (seed = 1371) ...
INFO  [17:28:03.002] [mlr3] Applying learner 'classif.ranger_calib.oof_isotonic' on task 'phoneme' (iter 10/10)

### [bt]: Job terminated successfully [batchtools job.id=1370]
### [bt]: Calculation finished!
