### [bt]: This is batchtools v0.9.17
### [bt]: Starting calculation of 5 jobs
### [bt]: Setting working directory to '/Users/User/Documents/Studium/Semester8/Hiwi/mlr3calibration/vignettes'
### [bt]: Memory measurement disabled
### [bt]: Starting job [batchtools job.id=686]
### [bt]: Generating problem instance for problem '78e20b4b43a56ff6' ...
### [bt]: Applying algorithm 'run_learner' on problem '78e20b4b43a56ff6' for job 686 (seed = 687) ...
INFO  [17:25:29.772] [mlr3] Applying learner 'classif.naive_bayes_calib.perfold_beta' on task 'pc3' (iter 6/10)
[1] -6.487715
[1] -3.300509
Warning in value[[3L]](cond) :
  beta_calibration failed: uniroot endpoint sign mismatch.
This happened PipeOp classif.naive_bayes's $train()
[1] -4.295502
[1] 6.156223
[1] -6.119919
[1] -2.649771
[1] -9.354381
[1] -2.453052
[1] -9.268755
[1] -0.6314246

### [bt]: Job terminated successfully [batchtools job.id=686]
### [bt]: Starting job [batchtools job.id=687]
### [bt]: Generating problem instance for problem '78e20b4b43a56ff6' ...
### [bt]: Applying algorithm 'run_learner' on problem '78e20b4b43a56ff6' for job 687 (seed = 688) ...
INFO  [17:25:30.598] [mlr3] Applying learner 'classif.naive_bayes_calib.perfold_beta' on task 'pc3' (iter 7/10)
[1] -7.300901
[1] -3.485875
[1] -2.218605
[1] 6.266553
[1] -7.747193
[1] -3.284548
[1] -8.133007
[1] -3.270233
[1] -6.725507
[1] -2.719244

### [bt]: Job terminated successfully [batchtools job.id=687]
### [bt]: Starting job [batchtools job.id=688]
### [bt]: Generating problem instance for problem '78e20b4b43a56ff6' ...
### [bt]: Applying algorithm 'run_learner' on problem '78e20b4b43a56ff6' for job 688 (seed = 689) ...
INFO  [17:25:31.475] [mlr3] Applying learner 'classif.naive_bayes_calib.perfold_beta' on task 'pc3' (iter 8/10)
[1] -6.394164
[1] -2.901497
[1] -8.809171
[1] -3.533702
[1] -8.311707
[1] -3.372977
[1] -7.516995
[1] -3.006335
[1] -1.106364
[1] 5.524003
Warning in value[[3L]](cond) :
  beta_calibration failed: uniroot endpoint sign mismatch.
This happened PipeOp classif.naive_bayes's $train()

### [bt]: Job terminated successfully [batchtools job.id=688]
### [bt]: Starting job [batchtools job.id=689]
### [bt]: Generating problem instance for problem '78e20b4b43a56ff6' ...
### [bt]: Applying algorithm 'run_learner' on problem '78e20b4b43a56ff6' for job 689 (seed = 690) ...
INFO  [17:25:32.180] [mlr3] Applying learner 'classif.naive_bayes_calib.perfold_beta' on task 'pc3' (iter 9/10)
[1] -4.939226
[1] -2.443331
Warning in value[[3L]](cond) :
  beta_calibration failed: uniroot endpoint sign mismatch.
This happened PipeOp classif.naive_bayes's $train()
[1] -2.921624
[1] 5.514617
Warning in value[[3L]](cond) :
  beta_calibration failed: uniroot endpoint sign mismatch.
This happened PipeOp classif.naive_bayes's $train()
[1] -8.200373
[1] -3.05755
[1] -8.465898
[1] -3.160416
[1] -8.295915
[1] 8.538051

### [bt]: Job terminated successfully [batchtools job.id=689]
### [bt]: Starting job [batchtools job.id=690]
### [bt]: Generating problem instance for problem '78e20b4b43a56ff6' ...
### [bt]: Applying algorithm 'run_learner' on problem '78e20b4b43a56ff6' for job 690 (seed = 691) ...
INFO  [17:25:32.920] [mlr3] Applying learner 'classif.naive_bayes_calib.perfold_beta' on task 'pc3' (iter 10/10)
[1] -4.779068
[1] 8.368004
[1] -8.320452
[1] -3.14377
[1] -3.28586
[1] 0.4968823
Warning in value[[3L]](cond) :
  beta_calibration failed: uniroot endpoint sign mismatch.
This happened PipeOp classif.naive_bayes's $train()
[1] -1.893339
[1] 4.92303
[1] -6.125179
[1] 3.52806

### [bt]: Job terminated successfully [batchtools job.id=690]
### [bt]: Calculation finished!
