### [bt]: This is batchtools v0.9.17
### [bt]: Starting calculation of 5 jobs
### [bt]: Setting working directory to '/Users/User/Documents/Studium/Semester8/Hiwi/mlr3calibration/vignettes'
### [bt]: Memory measurement disabled
### [bt]: Starting job [batchtools job.id=181]
### [bt]: Generating problem instance for problem '70bd5a65df34c4f3' ...
### [bt]: Applying algorithm 'run_learner' on problem '70bd5a65df34c4f3' for job 181 (seed = 182) ...
INFO  [17:24:18.162] [mlr3] Applying learner 'classif.rpart_calib.perfold_platt' on task 'kr-vs-kp' (iter 1/10)

### [bt]: Job terminated successfully [batchtools job.id=181]
### [bt]: Starting job [batchtools job.id=182]
### [bt]: Generating problem instance for problem '70bd5a65df34c4f3' ...
### [bt]: Applying algorithm 'run_learner' on problem '70bd5a65df34c4f3' for job 182 (seed = 183) ...
INFO  [17:24:19.157] [mlr3] Applying learner 'classif.rpart_calib.perfold_platt' on task 'kr-vs-kp' (iter 2/10)

### [bt]: Job terminated successfully [batchtools job.id=182]
### [bt]: Starting job [batchtools job.id=183]
### [bt]: Generating problem instance for problem '70bd5a65df34c4f3' ...
### [bt]: Applying algorithm 'run_learner' on problem '70bd5a65df34c4f3' for job 183 (seed = 184) ...
INFO  [17:24:19.515] [mlr3] Applying learner 'classif.rpart_calib.perfold_platt' on task 'kr-vs-kp' (iter 3/10)

### [bt]: Job terminated successfully [batchtools job.id=183]
### [bt]: Starting job [batchtools job.id=184]
### [bt]: Generating problem instance for problem '70bd5a65df34c4f3' ...
### [bt]: Applying algorithm 'run_learner' on problem '70bd5a65df34c4f3' for job 184 (seed = 185) ...
INFO  [17:24:19.733] [mlr3] Applying learner 'classif.rpart_calib.perfold_platt' on task 'kr-vs-kp' (iter 4/10)

### [bt]: Job terminated successfully [batchtools job.id=184]
### [bt]: Starting job [batchtools job.id=185]
### [bt]: Generating problem instance for problem '70bd5a65df34c4f3' ...
### [bt]: Applying algorithm 'run_learner' on problem '70bd5a65df34c4f3' for job 185 (seed = 186) ...
INFO  [17:24:19.956] [mlr3] Applying learner 'classif.rpart_calib.perfold_platt' on task 'kr-vs-kp' (iter 5/10)

### [bt]: Job terminated successfully [batchtools job.id=185]
### [bt]: Calculation finished!
