### [bt]: This is batchtools v0.9.17
### [bt]: Starting calculation of 5 jobs
### [bt]: Setting working directory to '/Users/User/Documents/Studium/Semester8/Hiwi/mlr3calibration/vignettes'
### [bt]: Memory measurement disabled
### [bt]: Starting job [batchtools job.id=866]
### [bt]: Generating problem instance for problem '42e9f2146ba77696' ...
### [bt]: Applying algorithm 'run_learner' on problem '42e9f2146ba77696' for job 866 (seed = 867) ...
INFO  [17:25:57.215] [mlr3] Applying learner 'classif.naive_bayes_calib.oof_beta' on task 'kc1' (iter 6/10)
[1] -0.7231477
[1] 3.739222
Warning in value[[3L]](cond) :
  beta_calibration failed: uniroot endpoint sign mismatch.
This happened PipeOp classif.naive_bayes's $train()

### [bt]: Job terminated successfully [batchtools job.id=866]
### [bt]: Starting job [batchtools job.id=867]
### [bt]: Generating problem instance for problem '42e9f2146ba77696' ...
### [bt]: Applying algorithm 'run_learner' on problem '42e9f2146ba77696' for job 867 (seed = 868) ...
INFO  [17:25:57.822] [mlr3] Applying learner 'classif.naive_bayes_calib.oof_beta' on task 'kc1' (iter 7/10)
[1] -0.6486352
[1] 3.606109
Warning in value[[3L]](cond) :
  beta_calibration failed: uniroot endpoint sign mismatch.
This happened PipeOp classif.naive_bayes's $train()

### [bt]: Job terminated successfully [batchtools job.id=867]
### [bt]: Starting job [batchtools job.id=868]
### [bt]: Generating problem instance for problem '42e9f2146ba77696' ...
### [bt]: Applying algorithm 'run_learner' on problem '42e9f2146ba77696' for job 868 (seed = 869) ...
INFO  [17:25:58.420] [mlr3] Applying learner 'classif.naive_bayes_calib.oof_beta' on task 'kc1' (iter 8/10)
[1] -0.6139808
[1] 3.804174
Warning in value[[3L]](cond) :
  beta_calibration failed: uniroot endpoint sign mismatch.
This happened PipeOp classif.naive_bayes's $train()

### [bt]: Job terminated successfully [batchtools job.id=868]
### [bt]: Starting job [batchtools job.id=869]
### [bt]: Generating problem instance for problem '42e9f2146ba77696' ...
### [bt]: Applying algorithm 'run_learner' on problem '42e9f2146ba77696' for job 869 (seed = 870) ...
INFO  [17:25:58.919] [mlr3] Applying learner 'classif.naive_bayes_calib.oof_beta' on task 'kc1' (iter 9/10)
[1] -0.4947062
[1] 4.088477
Warning in value[[3L]](cond) :
  beta_calibration failed: uniroot endpoint sign mismatch.
This happened PipeOp classif.naive_bayes's $train()

### [bt]: Job terminated successfully [batchtools job.id=869]
### [bt]: Starting job [batchtools job.id=870]
### [bt]: Generating problem instance for problem '42e9f2146ba77696' ...
### [bt]: Applying algorithm 'run_learner' on problem '42e9f2146ba77696' for job 870 (seed = 871) ...
INFO  [17:25:59.388] [mlr3] Applying learner 'classif.naive_bayes_calib.oof_beta' on task 'kc1' (iter 10/10)
[1] -0.3474169
[1] 4.104812
Warning in value[[3L]](cond) :
  beta_calibration failed: uniroot endpoint sign mismatch.
This happened PipeOp classif.naive_bayes's $train()

### [bt]: Job terminated successfully [batchtools job.id=870]
### [bt]: Calculation finished!
