### [bt]: This is batchtools v0.9.17
### [bt]: Starting calculation of 5 jobs
### [bt]: Setting working directory to '/Users/User/Documents/Studium/Semester8/Hiwi/mlr3calibration/vignettes'
### [bt]: Memory measurement disabled
### [bt]: Starting job [batchtools job.id=161]
### [bt]: Generating problem instance for problem '70bd5a65df34c4f3' ...
### [bt]: Applying algorithm 'run_learner' on problem '70bd5a65df34c4f3' for job 161 (seed = 162) ...
INFO  [17:24:17.659] [mlr3] Applying learner 'classif.rpart_calib.oof_beta' on task 'kr-vs-kp' (iter 1/10)
Warning: glm.fit: fitted probabilities numerically 0 or 1 occurred
This happened PipeOp classif.rpart's $train()
[1] -0.05778377
[1] 76.50146

### [bt]: Job terminated successfully [batchtools job.id=161]
### [bt]: Starting job [batchtools job.id=162]
### [bt]: Generating problem instance for problem '70bd5a65df34c4f3' ...
### [bt]: Applying algorithm 'run_learner' on problem '70bd5a65df34c4f3' for job 162 (seed = 163) ...
INFO  [17:24:18.298] [mlr3] Applying learner 'classif.rpart_calib.oof_beta' on task 'kr-vs-kp' (iter 2/10)
Warning: glm.fit: fitted probabilities numerically 0 or 1 occurred
This happened PipeOp classif.rpart's $train()
[1] -2.091048
[1] 71.25073

### [bt]: Job terminated successfully [batchtools job.id=162]
### [bt]: Starting job [batchtools job.id=163]
### [bt]: Generating problem instance for problem '70bd5a65df34c4f3' ...
### [bt]: Applying algorithm 'run_learner' on problem '70bd5a65df34c4f3' for job 163 (seed = 164) ...
INFO  [17:24:18.633] [mlr3] Applying learner 'classif.rpart_calib.oof_beta' on task 'kr-vs-kp' (iter 3/10)
Warning: glm.fit: fitted probabilities numerically 0 or 1 occurred
This happened PipeOp classif.rpart's $train()
[1] -40.76889
[1] 30.82194

### [bt]: Job terminated successfully [batchtools job.id=163]
### [bt]: Starting job [batchtools job.id=164]
### [bt]: Generating problem instance for problem '70bd5a65df34c4f3' ...
### [bt]: Applying algorithm 'run_learner' on problem '70bd5a65df34c4f3' for job 164 (seed = 165) ...
INFO  [17:24:18.887] [mlr3] Applying learner 'classif.rpart_calib.oof_beta' on task 'kr-vs-kp' (iter 4/10)
Warning: glm.fit: fitted probabilities numerically 0 or 1 occurred
This happened PipeOp classif.rpart's $train()
[1] -38.67113
[1] 33.38092

### [bt]: Job terminated successfully [batchtools job.id=164]
### [bt]: Starting job [batchtools job.id=165]
### [bt]: Generating problem instance for problem '70bd5a65df34c4f3' ...
### [bt]: Applying algorithm 'run_learner' on problem '70bd5a65df34c4f3' for job 165 (seed = 166) ...
INFO  [17:24:19.184] [mlr3] Applying learner 'classif.rpart_calib.oof_beta' on task 'kr-vs-kp' (iter 5/10)
Warning: glm.fit: fitted probabilities numerically 0 or 1 occurred
This happened PipeOp classif.rpart's $train()
[1] -29.29078
[1] 41.69591

### [bt]: Job terminated successfully [batchtools job.id=165]
### [bt]: Calculation finished!
