### [bt]: This is batchtools v0.9.17
### [bt]: Starting calculation of 5 jobs
### [bt]: Setting working directory to '/Users/User/Documents/Studium/Semester8/Hiwi/mlr3calibration/vignettes'
### [bt]: Memory measurement disabled
### [bt]: Starting job [batchtools job.id=1446]
### [bt]: Generating problem instance for problem '34d90df810f60583' ...
### [bt]: Applying algorithm 'run_learner' on problem '34d90df810f60583' for job 1446 (seed = 1447) ...
INFO  [17:28:13.782] [mlr3] Applying learner 'classif.rpart_calib.perfold_platt' on task 'phoneme' (iter 6/10)

### [bt]: Job terminated successfully [batchtools job.id=1446]
### [bt]: Starting job [batchtools job.id=1447]
### [bt]: Generating problem instance for problem '34d90df810f60583' ...
### [bt]: Applying algorithm 'run_learner' on problem '34d90df810f60583' for job 1447 (seed = 1448) ...
INFO  [17:28:14.129] [mlr3] Applying learner 'classif.rpart_calib.perfold_platt' on task 'phoneme' (iter 7/10)

### [bt]: Job terminated successfully [batchtools job.id=1447]
### [bt]: Starting job [batchtools job.id=1448]
### [bt]: Generating problem instance for problem '34d90df810f60583' ...
### [bt]: Applying algorithm 'run_learner' on problem '34d90df810f60583' for job 1448 (seed = 1449) ...
INFO  [17:28:14.499] [mlr3] Applying learner 'classif.rpart_calib.perfold_platt' on task 'phoneme' (iter 8/10)

### [bt]: Job terminated successfully [batchtools job.id=1448]
### [bt]: Starting job [batchtools job.id=1449]
### [bt]: Generating problem instance for problem '34d90df810f60583' ...
### [bt]: Applying algorithm 'run_learner' on problem '34d90df810f60583' for job 1449 (seed = 1450) ...
INFO  [17:28:14.790] [mlr3] Applying learner 'classif.rpart_calib.perfold_platt' on task 'phoneme' (iter 9/10)

### [bt]: Job terminated successfully [batchtools job.id=1449]
### [bt]: Starting job [batchtools job.id=1450]
### [bt]: Generating problem instance for problem '34d90df810f60583' ...
### [bt]: Applying algorithm 'run_learner' on problem '34d90df810f60583' for job 1450 (seed = 1451) ...
INFO  [17:28:15.064] [mlr3] Applying learner 'classif.rpart_calib.perfold_platt' on task 'phoneme' (iter 10/10)

### [bt]: Job terminated successfully [batchtools job.id=1450]
### [bt]: Calculation finished!
