### [bt]: This is batchtools v0.9.17
### [bt]: Starting calculation of 5 jobs
### [bt]: Setting working directory to '/Users/User/Documents/Studium/Semester8/Hiwi/mlr3calibration/vignettes'
### [bt]: Memory measurement disabled
### [bt]: Starting job [batchtools job.id=1451]
### [bt]: Generating problem instance for problem '34d90df810f60583' ...
### [bt]: Applying algorithm 'run_learner' on problem '34d90df810f60583' for job 1451 (seed = 1452) ...
INFO  [17:28:13.782] [mlr3] Applying learner 'classif.rpart_calib.perfold_beta' on task 'phoneme' (iter 1/10)
Warning: glm.fit: fitted probabilities numerically 0 or 1 occurred
This happened PipeOp classif.rpart's $train()
[1] -33.53634
[1] 32.94597
Warning: glm.fit: fitted probabilities numerically 0 or 1 occurred
This happened PipeOp classif.rpart's $train()
Warning: glm.fit: fitted probabilities numerically 0 or 1 occurred
This happened PipeOp classif.rpart's $train()
[1] 1.081319
[1] 52.06898
Warning: glm.fit: fitted probabilities numerically 0 or 1 occurred
This happened PipeOp classif.rpart's $train()
[1] -0.3358826
[1] 39.18519
Warning: glm.fit: fitted probabilities numerically 0 or 1 occurred
This happened PipeOp classif.rpart's $train()
[1] -21.63888
[1] 46.32335
[1] -31.62378
[1] 30.19538

### [bt]: Job terminated successfully [batchtools job.id=1451]
### [bt]: Starting job [batchtools job.id=1452]
### [bt]: Generating problem instance for problem '34d90df810f60583' ...
### [bt]: Applying algorithm 'run_learner' on problem '34d90df810f60583' for job 1452 (seed = 1453) ...
INFO  [17:28:14.080] [mlr3] Applying learner 'classif.rpart_calib.perfold_beta' on task 'phoneme' (iter 2/10)
[1] -45.1507
[1] 29.07035
[1] -74.64894
[1] -1.803842
[1] -22.7945
[1] 47.0455
[1] -25.04029
[1] 42.25001
[1] -72.18068
[1] 3.57758

### [bt]: Job terminated successfully [batchtools job.id=1452]
### [bt]: Starting job [batchtools job.id=1453]
### [bt]: Generating problem instance for problem '34d90df810f60583' ...
### [bt]: Applying algorithm 'run_learner' on problem '34d90df810f60583' for job 1453 (seed = 1454) ...
INFO  [17:28:14.483] [mlr3] Applying learner 'classif.rpart_calib.perfold_beta' on task 'phoneme' (iter 3/10)
Warning: glm.fit: fitted probabilities numerically 0 or 1 occurred
This happened PipeOp classif.rpart's $train()
[1] 0.5455336
[1] 67.24588
Warning: glm.fit: fitted probabilities numerically 0 or 1 occurred
This happened PipeOp classif.rpart's $train()
[1] -24.98513
[1] 37.13805
Warning: glm.fit: fitted probabilities numerically 0 or 1 occurred
This happened PipeOp classif.rpart's $train()
[1] -22.59415
[1] 41.85885
Warning: glm.fit: fitted probabilities numerically 0 or 1 occurred
This happened PipeOp classif.rpart's $train()
[1] -42.80056
[1] 29.5715
Warning: glm.fit: fitted probabilities numerically 0 or 1 occurred
This happened PipeOp classif.rpart's $train()
[1] -1.110511
[1] 50.24366

### [bt]: Job terminated successfully [batchtools job.id=1453]
### [bt]: Starting job [batchtools job.id=1454]
### [bt]: Generating problem instance for problem '34d90df810f60583' ...
### [bt]: Applying algorithm 'run_learner' on problem '34d90df810f60583' for job 1454 (seed = 1455) ...
INFO  [17:28:15.044] [mlr3] Applying learner 'classif.rpart_calib.perfold_beta' on task 'phoneme' (iter 4/10)
[1] -41.32123
[1] 29.17799
Warning: glm.fit: fitted probabilities numerically 0 or 1 occurred
This happened PipeOp classif.rpart's $train()
[1] -2.735169e+15
[1] 2.6158e+16
[1] -30.20584
[1] 32.6721
Warning: glm.fit: fitted probabilities numerically 0 or 1 occurred
This happened PipeOp classif.rpart's $train()
[1] -1.193022
[1] 58.31941
Warning: glm.fit: fitted probabilities numerically 0 or 1 occurred
This happened PipeOp classif.rpart's $train()
[1] -19.02637
[1] 33.28584

### [bt]: Job terminated successfully [batchtools job.id=1454]
### [bt]: Starting job [batchtools job.id=1455]
### [bt]: Generating problem instance for problem '34d90df810f60583' ...
### [bt]: Applying algorithm 'run_learner' on problem '34d90df810f60583' for job 1455 (seed = 1456) ...
INFO  [17:28:15.258] [mlr3] Applying learner 'classif.rpart_calib.perfold_beta' on task 'phoneme' (iter 5/10)
[1] -22.66565
[1] 38.62739
Warning: glm.fit: fitted probabilities numerically 0 or 1 occurred
This happened PipeOp classif.rpart's $train()
[1] -31.46385
[1] 37.67457
[1] -3.877859
[1] 59.08971
[1] -23.69416
[1] 32.66899
Warning: glm.fit: fitted probabilities numerically 0 or 1 occurred
This happened PipeOp classif.rpart's $train()
[1] -24.80721
[1] 39.10013

### [bt]: Job terminated successfully [batchtools job.id=1455]
### [bt]: Calculation finished!
