### [bt]: This is batchtools v0.9.17
### [bt]: Starting calculation of 5 jobs
### [bt]: Setting working directory to '/Users/User/Documents/Studium/Semester8/Hiwi/mlr3calibration/vignettes'
### [bt]: Memory measurement disabled
### [bt]: Starting job [batchtools job.id=341]
### [bt]: Generating problem instance for problem '24c2c3a884d818b0' ...
### [bt]: Applying algorithm 'run_learner' on problem '24c2c3a884d818b0' for job 341 (seed = 342) ...
INFO  [17:24:38.110] [mlr3] Applying learner 'classif.ranger_calib.perfold_isotonic' on task 'credit-g' (iter 1/10)

### [bt]: Job terminated successfully [batchtools job.id=341]
### [bt]: Starting job [batchtools job.id=342]
### [bt]: Generating problem instance for problem '24c2c3a884d818b0' ...
### [bt]: Applying algorithm 'run_learner' on problem '24c2c3a884d818b0' for job 342 (seed = 343) ...
INFO  [17:24:39.695] [mlr3] Applying learner 'classif.ranger_calib.perfold_isotonic' on task 'credit-g' (iter 2/10)

### [bt]: Job terminated successfully [batchtools job.id=342]
### [bt]: Starting job [batchtools job.id=343]
### [bt]: Generating problem instance for problem '24c2c3a884d818b0' ...
### [bt]: Applying algorithm 'run_learner' on problem '24c2c3a884d818b0' for job 343 (seed = 344) ...
INFO  [17:24:41.532] [mlr3] Applying learner 'classif.ranger_calib.perfold_isotonic' on task 'credit-g' (iter 3/10)

### [bt]: Job terminated successfully [batchtools job.id=343]
### [bt]: Starting job [batchtools job.id=344]
### [bt]: Generating problem instance for problem '24c2c3a884d818b0' ...
### [bt]: Applying algorithm 'run_learner' on problem '24c2c3a884d818b0' for job 344 (seed = 345) ...
INFO  [17:24:43.216] [mlr3] Applying learner 'classif.ranger_calib.perfold_isotonic' on task 'credit-g' (iter 4/10)

### [bt]: Job terminated successfully [batchtools job.id=344]
### [bt]: Starting job [batchtools job.id=345]
### [bt]: Generating problem instance for problem '24c2c3a884d818b0' ...
### [bt]: Applying algorithm 'run_learner' on problem '24c2c3a884d818b0' for job 345 (seed = 346) ...
INFO  [17:24:44.668] [mlr3] Applying learner 'classif.ranger_calib.perfold_isotonic' on task 'credit-g' (iter 5/10)

### [bt]: Job terminated successfully [batchtools job.id=345]
### [bt]: Calculation finished!
