### [bt]: This is batchtools v0.9.17
### [bt]: Starting calculation of 5 jobs
### [bt]: Setting working directory to '/Users/User/Documents/Studium/Semester8/Hiwi/mlr3calibration/vignettes'
### [bt]: Memory measurement disabled
### [bt]: Starting job [batchtools job.id=786]
### [bt]: Generating problem instance for problem '78e20b4b43a56ff6' ...
### [bt]: Applying algorithm 'run_learner' on problem '78e20b4b43a56ff6' for job 786 (seed = 787) ...
INFO  [17:25:48.591] [mlr3] Applying learner 'classif.rpart_calib.oof_platt' on task 'pc3' (iter 6/10)

### [bt]: Job terminated successfully [batchtools job.id=786]
### [bt]: Starting job [batchtools job.id=787]
### [bt]: Generating problem instance for problem '78e20b4b43a56ff6' ...
### [bt]: Applying algorithm 'run_learner' on problem '78e20b4b43a56ff6' for job 787 (seed = 788) ...
INFO  [17:25:48.776] [mlr3] Applying learner 'classif.rpart_calib.oof_platt' on task 'pc3' (iter 7/10)

### [bt]: Job terminated successfully [batchtools job.id=787]
### [bt]: Starting job [batchtools job.id=788]
### [bt]: Generating problem instance for problem '78e20b4b43a56ff6' ...
### [bt]: Applying algorithm 'run_learner' on problem '78e20b4b43a56ff6' for job 788 (seed = 789) ...
INFO  [17:25:48.997] [mlr3] Applying learner 'classif.rpart_calib.oof_platt' on task 'pc3' (iter 8/10)

### [bt]: Job terminated successfully [batchtools job.id=788]
### [bt]: Starting job [batchtools job.id=789]
### [bt]: Generating problem instance for problem '78e20b4b43a56ff6' ...
### [bt]: Applying algorithm 'run_learner' on problem '78e20b4b43a56ff6' for job 789 (seed = 790) ...
INFO  [17:25:49.282] [mlr3] Applying learner 'classif.rpart_calib.oof_platt' on task 'pc3' (iter 9/10)

### [bt]: Job terminated successfully [batchtools job.id=789]
### [bt]: Starting job [batchtools job.id=790]
### [bt]: Generating problem instance for problem '78e20b4b43a56ff6' ...
### [bt]: Applying algorithm 'run_learner' on problem '78e20b4b43a56ff6' for job 790 (seed = 791) ...
INFO  [17:25:49.603] [mlr3] Applying learner 'classif.rpart_calib.oof_platt' on task 'pc3' (iter 10/10)

### [bt]: Job terminated successfully [batchtools job.id=790]
### [bt]: Calculation finished!
