### [bt]: This is batchtools v0.9.17
### [bt]: Starting calculation of 5 jobs
### [bt]: Setting working directory to '/Users/User/Documents/Studium/Semester8/Hiwi/mlr3calibration/vignettes'
### [bt]: Memory measurement disabled
### [bt]: Starting job [batchtools job.id=491]
### [bt]: Generating problem instance for problem '698720b8ce42ae0c' ...
### [bt]: Applying algorithm 'run_learner' on problem '698720b8ce42ae0c' for job 491 (seed = 492) ...
INFO  [17:25:00.216] [mlr3] Applying learner 'classif.ranger' on task 'pc4' (iter 1/10)

### [bt]: Job terminated successfully [batchtools job.id=491]
### [bt]: Starting job [batchtools job.id=492]
### [bt]: Generating problem instance for problem '698720b8ce42ae0c' ...
### [bt]: Applying algorithm 'run_learner' on problem '698720b8ce42ae0c' for job 492 (seed = 493) ...
INFO  [17:25:00.466] [mlr3] Applying learner 'classif.ranger' on task 'pc4' (iter 2/10)

### [bt]: Job terminated successfully [batchtools job.id=492]
### [bt]: Starting job [batchtools job.id=493]
### [bt]: Generating problem instance for problem '698720b8ce42ae0c' ...
### [bt]: Applying algorithm 'run_learner' on problem '698720b8ce42ae0c' for job 493 (seed = 494) ...
INFO  [17:25:00.747] [mlr3] Applying learner 'classif.ranger' on task 'pc4' (iter 3/10)

### [bt]: Job terminated successfully [batchtools job.id=493]
### [bt]: Starting job [batchtools job.id=494]
### [bt]: Generating problem instance for problem '698720b8ce42ae0c' ...
### [bt]: Applying algorithm 'run_learner' on problem '698720b8ce42ae0c' for job 494 (seed = 495) ...
INFO  [17:25:00.967] [mlr3] Applying learner 'classif.ranger' on task 'pc4' (iter 4/10)

### [bt]: Job terminated successfully [batchtools job.id=494]
### [bt]: Starting job [batchtools job.id=495]
### [bt]: Generating problem instance for problem '698720b8ce42ae0c' ...
### [bt]: Applying algorithm 'run_learner' on problem '698720b8ce42ae0c' for job 495 (seed = 496) ...
INFO  [17:25:01.192] [mlr3] Applying learner 'classif.ranger' on task 'pc4' (iter 5/10)

### [bt]: Job terminated successfully [batchtools job.id=495]
### [bt]: Calculation finished!
