### [bt]: This is batchtools v0.9.17
### [bt]: Starting calculation of 5 jobs
### [bt]: Setting working directory to '/Users/User/Documents/Studium/Semester8/Hiwi/mlr3calibration/vignettes'
### [bt]: Memory measurement disabled
### [bt]: Starting job [batchtools job.id=291]
### [bt]: Generating problem instance for problem '24c2c3a884d818b0' ...
### [bt]: Applying algorithm 'run_learner' on problem '24c2c3a884d818b0' for job 291 (seed = 292) ...
INFO  [17:24:30.120] [mlr3] Applying learner 'classif.ranger_calib.oof_platt' on task 'credit-g' (iter 1/10)

### [bt]: Job terminated successfully [batchtools job.id=291]
### [bt]: Starting job [batchtools job.id=292]
### [bt]: Generating problem instance for problem '24c2c3a884d818b0' ...
### [bt]: Applying algorithm 'run_learner' on problem '24c2c3a884d818b0' for job 292 (seed = 293) ...
INFO  [17:24:31.491] [mlr3] Applying learner 'classif.ranger_calib.oof_platt' on task 'credit-g' (iter 2/10)

### [bt]: Job terminated successfully [batchtools job.id=292]
### [bt]: Starting job [batchtools job.id=293]
### [bt]: Generating problem instance for problem '24c2c3a884d818b0' ...
### [bt]: Applying algorithm 'run_learner' on problem '24c2c3a884d818b0' for job 293 (seed = 294) ...
INFO  [17:24:32.869] [mlr3] Applying learner 'classif.ranger_calib.oof_platt' on task 'credit-g' (iter 3/10)

### [bt]: Job terminated successfully [batchtools job.id=293]
### [bt]: Starting job [batchtools job.id=294]
### [bt]: Generating problem instance for problem '24c2c3a884d818b0' ...
### [bt]: Applying algorithm 'run_learner' on problem '24c2c3a884d818b0' for job 294 (seed = 295) ...
INFO  [17:24:34.065] [mlr3] Applying learner 'classif.ranger_calib.oof_platt' on task 'credit-g' (iter 4/10)

### [bt]: Job terminated successfully [batchtools job.id=294]
### [bt]: Starting job [batchtools job.id=295]
### [bt]: Generating problem instance for problem '24c2c3a884d818b0' ...
### [bt]: Applying algorithm 'run_learner' on problem '24c2c3a884d818b0' for job 295 (seed = 296) ...
INFO  [17:24:35.243] [mlr3] Applying learner 'classif.ranger_calib.oof_platt' on task 'credit-g' (iter 5/10)

### [bt]: Job terminated successfully [batchtools job.id=295]
### [bt]: Calculation finished!
