### [bt]: This is batchtools v0.9.17
### [bt]: Starting calculation of 5 jobs
### [bt]: Setting working directory to '/Users/User/Documents/Studium/Semester8/Hiwi/mlr3calibration/vignettes'
### [bt]: Memory measurement disabled
### [bt]: Starting job [batchtools job.id=1831]
### [bt]: Generating problem instance for problem '6fbfe6520e3d949c' ...
### [bt]: Applying algorithm 'run_learner' on problem '6fbfe6520e3d949c' for job 1831 (seed = 1832) ...
INFO  [17:29:12.360] [mlr3] Applying learner 'classif.rpart_calib.oof_platt' on task 'banknote-authentication' (iter 1/10)

### [bt]: Job terminated successfully [batchtools job.id=1831]
### [bt]: Starting job [batchtools job.id=1832]
### [bt]: Generating problem instance for problem '6fbfe6520e3d949c' ...
### [bt]: Applying algorithm 'run_learner' on problem '6fbfe6520e3d949c' for job 1832 (seed = 1833) ...
INFO  [17:29:12.505] [mlr3] Applying learner 'classif.rpart_calib.oof_platt' on task 'banknote-authentication' (iter 2/10)

### [bt]: Job terminated successfully [batchtools job.id=1832]
### [bt]: Starting job [batchtools job.id=1833]
### [bt]: Generating problem instance for problem '6fbfe6520e3d949c' ...
### [bt]: Applying algorithm 'run_learner' on problem '6fbfe6520e3d949c' for job 1833 (seed = 1834) ...
INFO  [17:29:12.656] [mlr3] Applying learner 'classif.rpart_calib.oof_platt' on task 'banknote-authentication' (iter 3/10)

### [bt]: Job terminated successfully [batchtools job.id=1833]
### [bt]: Starting job [batchtools job.id=1834]
### [bt]: Generating problem instance for problem '6fbfe6520e3d949c' ...
### [bt]: Applying algorithm 'run_learner' on problem '6fbfe6520e3d949c' for job 1834 (seed = 1835) ...
INFO  [17:29:12.798] [mlr3] Applying learner 'classif.rpart_calib.oof_platt' on task 'banknote-authentication' (iter 4/10)

### [bt]: Job terminated successfully [batchtools job.id=1834]
### [bt]: Starting job [batchtools job.id=1835]
### [bt]: Generating problem instance for problem '6fbfe6520e3d949c' ...
### [bt]: Applying algorithm 'run_learner' on problem '6fbfe6520e3d949c' for job 1835 (seed = 1836) ...
INFO  [17:29:12.939] [mlr3] Applying learner 'classif.rpart_calib.oof_platt' on task 'banknote-authentication' (iter 5/10)

### [bt]: Job terminated successfully [batchtools job.id=1835]
### [bt]: Calculation finished!
