### [bt]: This is batchtools v0.9.17
### [bt]: Starting calculation of 5 jobs
### [bt]: Setting working directory to '/Users/User/Documents/Studium/Semester8/Hiwi/mlr3calibration/vignettes'
### [bt]: Memory measurement disabled
### [bt]: Starting job [batchtools job.id=856]
### [bt]: Generating problem instance for problem '42e9f2146ba77696' ...
### [bt]: Applying algorithm 'run_learner' on problem '42e9f2146ba77696' for job 856 (seed = 857) ...
INFO  [17:25:57.201] [mlr3] Applying learner 'classif.naive_bayes_calib.oof_platt' on task 'kc1' (iter 6/10)

### [bt]: Job terminated successfully [batchtools job.id=856]
### [bt]: Starting job [batchtools job.id=857]
### [bt]: Generating problem instance for problem '42e9f2146ba77696' ...
### [bt]: Applying algorithm 'run_learner' on problem '42e9f2146ba77696' for job 857 (seed = 858) ...
INFO  [17:25:57.825] [mlr3] Applying learner 'classif.naive_bayes_calib.oof_platt' on task 'kc1' (iter 7/10)

### [bt]: Job terminated successfully [batchtools job.id=857]
### [bt]: Starting job [batchtools job.id=858]
### [bt]: Generating problem instance for problem '42e9f2146ba77696' ...
### [bt]: Applying algorithm 'run_learner' on problem '42e9f2146ba77696' for job 858 (seed = 859) ...
INFO  [17:25:58.532] [mlr3] Applying learner 'classif.naive_bayes_calib.oof_platt' on task 'kc1' (iter 8/10)

### [bt]: Job terminated successfully [batchtools job.id=858]
### [bt]: Starting job [batchtools job.id=859]
### [bt]: Generating problem instance for problem '42e9f2146ba77696' ...
### [bt]: Applying algorithm 'run_learner' on problem '42e9f2146ba77696' for job 859 (seed = 860) ...
INFO  [17:25:59.028] [mlr3] Applying learner 'classif.naive_bayes_calib.oof_platt' on task 'kc1' (iter 9/10)

### [bt]: Job terminated successfully [batchtools job.id=859]
### [bt]: Starting job [batchtools job.id=860]
### [bt]: Generating problem instance for problem '42e9f2146ba77696' ...
### [bt]: Applying algorithm 'run_learner' on problem '42e9f2146ba77696' for job 860 (seed = 861) ...
INFO  [17:25:59.511] [mlr3] Applying learner 'classif.naive_bayes_calib.oof_platt' on task 'kc1' (iter 10/10)

### [bt]: Job terminated successfully [batchtools job.id=860]
### [bt]: Calculation finished!
