### [bt]: This is batchtools v0.9.17
### [bt]: Starting calculation of 5 jobs
### [bt]: Setting working directory to '/Users/User/Documents/Studium/Semester8/Hiwi/mlr3calibration/vignettes'
Loading required package: mlr3verse
Loading required package: mlr3
### [bt]: Memory measurement disabled
### [bt]: Starting job [batchtools job.id=46]
### [bt]: Generating problem instance for problem '70bd5a65df34c4f3' ...
### [bt]: Applying algorithm 'run_learner' on problem '70bd5a65df34c4f3' for job 46 (seed = 47) ...
INFO  [17:23:45.718] [mlr3] Applying learner 'classif.naive_bayes_calib.perfold_platt' on task 'kr-vs-kp' (iter 6/10)

### [bt]: Job terminated successfully [batchtools job.id=46]
### [bt]: Starting job [batchtools job.id=47]
### [bt]: Generating problem instance for problem '70bd5a65df34c4f3' ...
### [bt]: Applying algorithm 'run_learner' on problem '70bd5a65df34c4f3' for job 47 (seed = 48) ...
INFO  [17:23:47.422] [mlr3] Applying learner 'classif.naive_bayes_calib.perfold_platt' on task 'kr-vs-kp' (iter 7/10)

### [bt]: Job terminated successfully [batchtools job.id=47]
### [bt]: Starting job [batchtools job.id=48]
### [bt]: Generating problem instance for problem '70bd5a65df34c4f3' ...
### [bt]: Applying algorithm 'run_learner' on problem '70bd5a65df34c4f3' for job 48 (seed = 49) ...
INFO  [17:23:49.122] [mlr3] Applying learner 'classif.naive_bayes_calib.perfold_platt' on task 'kr-vs-kp' (iter 8/10)

### [bt]: Job terminated successfully [batchtools job.id=48]
### [bt]: Starting job [batchtools job.id=49]
### [bt]: Generating problem instance for problem '70bd5a65df34c4f3' ...
### [bt]: Applying algorithm 'run_learner' on problem '70bd5a65df34c4f3' for job 49 (seed = 50) ...
INFO  [17:23:50.665] [mlr3] Applying learner 'classif.naive_bayes_calib.perfold_platt' on task 'kr-vs-kp' (iter 9/10)

### [bt]: Job terminated successfully [batchtools job.id=49]
### [bt]: Starting job [batchtools job.id=50]
### [bt]: Generating problem instance for problem '70bd5a65df34c4f3' ...
### [bt]: Applying algorithm 'run_learner' on problem '70bd5a65df34c4f3' for job 50 (seed = 51) ...
INFO  [17:23:52.189] [mlr3] Applying learner 'classif.naive_bayes_calib.perfold_platt' on task 'kr-vs-kp' (iter 10/10)

### [bt]: Job terminated successfully [batchtools job.id=50]
### [bt]: Calculation finished!
