### [bt]: This is batchtools v0.9.17
### [bt]: Starting calculation of 5 jobs
### [bt]: Setting working directory to '/Users/User/Documents/Studium/Semester8/Hiwi/mlr3calibration/vignettes'
### [bt]: Memory measurement disabled
### [bt]: Starting job [batchtools job.id=1856]
### [bt]: Generating problem instance for problem '6fbfe6520e3d949c' ...
### [bt]: Applying algorithm 'run_learner' on problem '6fbfe6520e3d949c' for job 1856 (seed = 1857) ...
INFO  [17:29:12.391] [mlr3] Applying learner 'classif.rpart_calib.oof_isotonic' on task 'banknote-authentication' (iter 6/10)

### [bt]: Job terminated successfully [batchtools job.id=1856]
### [bt]: Starting job [batchtools job.id=1857]
### [bt]: Generating problem instance for problem '6fbfe6520e3d949c' ...
### [bt]: Applying algorithm 'run_learner' on problem '6fbfe6520e3d949c' for job 1857 (seed = 1858) ...
INFO  [17:29:12.554] [mlr3] Applying learner 'classif.rpart_calib.oof_isotonic' on task 'banknote-authentication' (iter 7/10)

### [bt]: Job terminated successfully [batchtools job.id=1857]
### [bt]: Starting job [batchtools job.id=1858]
### [bt]: Generating problem instance for problem '6fbfe6520e3d949c' ...
### [bt]: Applying algorithm 'run_learner' on problem '6fbfe6520e3d949c' for job 1858 (seed = 1859) ...
INFO  [17:29:12.701] [mlr3] Applying learner 'classif.rpart_calib.oof_isotonic' on task 'banknote-authentication' (iter 8/10)

### [bt]: Job terminated successfully [batchtools job.id=1858]
### [bt]: Starting job [batchtools job.id=1859]
### [bt]: Generating problem instance for problem '6fbfe6520e3d949c' ...
### [bt]: Applying algorithm 'run_learner' on problem '6fbfe6520e3d949c' for job 1859 (seed = 1860) ...
INFO  [17:29:12.815] [mlr3] Applying learner 'classif.rpart_calib.oof_isotonic' on task 'banknote-authentication' (iter 9/10)

### [bt]: Job terminated successfully [batchtools job.id=1859]
### [bt]: Starting job [batchtools job.id=1860]
### [bt]: Generating problem instance for problem '6fbfe6520e3d949c' ...
### [bt]: Applying algorithm 'run_learner' on problem '6fbfe6520e3d949c' for job 1860 (seed = 1861) ...
INFO  [17:29:12.965] [mlr3] Applying learner 'classif.rpart_calib.oof_isotonic' on task 'banknote-authentication' (iter 10/10)

### [bt]: Job terminated successfully [batchtools job.id=1860]
### [bt]: Calculation finished!
