### [bt]: This is batchtools v0.9.17
### [bt]: Starting calculation of 5 jobs
### [bt]: Setting working directory to '/Users/User/Documents/Studium/Semester8/Hiwi/mlr3calibration/vignettes'
### [bt]: Memory measurement disabled
### [bt]: Starting job [batchtools job.id=1971]
### [bt]: Generating problem instance for problem '01ea4b20a58e68c2' ...
### [bt]: Applying algorithm 'run_learner' on problem '01ea4b20a58e68c2' for job 1971 (seed = 1972) ...
INFO  [17:29:22.998] [mlr3] Applying learner 'classif.ranger_calib.oof_platt' on task 'wilt' (iter 1/10)

### [bt]: Job terminated successfully [batchtools job.id=1971]
### [bt]: Starting job [batchtools job.id=1972]
### [bt]: Generating problem instance for problem '01ea4b20a58e68c2' ...
### [bt]: Applying algorithm 'run_learner' on problem '01ea4b20a58e68c2' for job 1972 (seed = 1973) ...
INFO  [17:29:26.518] [mlr3] Applying learner 'classif.ranger_calib.oof_platt' on task 'wilt' (iter 2/10)

### [bt]: Job terminated successfully [batchtools job.id=1972]
### [bt]: Starting job [batchtools job.id=1973]
### [bt]: Generating problem instance for problem '01ea4b20a58e68c2' ...
### [bt]: Applying algorithm 'run_learner' on problem '01ea4b20a58e68c2' for job 1973 (seed = 1974) ...
INFO  [17:29:29.084] [mlr3] Applying learner 'classif.ranger_calib.oof_platt' on task 'wilt' (iter 3/10)

### [bt]: Job terminated successfully [batchtools job.id=1973]
### [bt]: Starting job [batchtools job.id=1974]
### [bt]: Generating problem instance for problem '01ea4b20a58e68c2' ...
### [bt]: Applying algorithm 'run_learner' on problem '01ea4b20a58e68c2' for job 1974 (seed = 1975) ...
INFO  [17:29:31.499] [mlr3] Applying learner 'classif.ranger_calib.oof_platt' on task 'wilt' (iter 4/10)

### [bt]: Job terminated successfully [batchtools job.id=1974]
### [bt]: Starting job [batchtools job.id=1975]
### [bt]: Generating problem instance for problem '01ea4b20a58e68c2' ...
### [bt]: Applying algorithm 'run_learner' on problem '01ea4b20a58e68c2' for job 1975 (seed = 1976) ...
INFO  [17:29:34.098] [mlr3] Applying learner 'classif.ranger_calib.oof_platt' on task 'wilt' (iter 5/10)

### [bt]: Job terminated successfully [batchtools job.id=1975]
### [bt]: Calculation finished!
