### [bt]: This is batchtools v0.9.17
### [bt]: Starting calculation of 5 jobs
### [bt]: Setting working directory to '/Users/User/Documents/Studium/Semester8/Hiwi/mlr3calibration/vignettes'
### [bt]: Memory measurement disabled
### [bt]: Starting job [batchtools job.id=1326]
### [bt]: Generating problem instance for problem '34d90df810f60583' ...
### [bt]: Applying algorithm 'run_learner' on problem '34d90df810f60583' for job 1326 (seed = 1327) ...
INFO  [17:27:12.821] [mlr3] Applying learner 'classif.naive_bayes_calib.perfold_isotonic' on task 'phoneme' (iter 6/10)

### [bt]: Job terminated successfully [batchtools job.id=1326]
### [bt]: Starting job [batchtools job.id=1327]
### [bt]: Generating problem instance for problem '34d90df810f60583' ...
### [bt]: Applying algorithm 'run_learner' on problem '34d90df810f60583' for job 1327 (seed = 1328) ...
INFO  [17:27:13.496] [mlr3] Applying learner 'classif.naive_bayes_calib.perfold_isotonic' on task 'phoneme' (iter 7/10)

### [bt]: Job terminated successfully [batchtools job.id=1327]
### [bt]: Starting job [batchtools job.id=1328]
### [bt]: Generating problem instance for problem '34d90df810f60583' ...
### [bt]: Applying algorithm 'run_learner' on problem '34d90df810f60583' for job 1328 (seed = 1329) ...
INFO  [17:27:14.605] [mlr3] Applying learner 'classif.naive_bayes_calib.perfold_isotonic' on task 'phoneme' (iter 8/10)

### [bt]: Job terminated successfully [batchtools job.id=1328]
### [bt]: Starting job [batchtools job.id=1329]
### [bt]: Generating problem instance for problem '34d90df810f60583' ...
### [bt]: Applying algorithm 'run_learner' on problem '34d90df810f60583' for job 1329 (seed = 1330) ...
INFO  [17:27:15.402] [mlr3] Applying learner 'classif.naive_bayes_calib.perfold_isotonic' on task 'phoneme' (iter 9/10)

### [bt]: Job terminated successfully [batchtools job.id=1329]
### [bt]: Starting job [batchtools job.id=1330]
### [bt]: Generating problem instance for problem '34d90df810f60583' ...
### [bt]: Applying algorithm 'run_learner' on problem '34d90df810f60583' for job 1330 (seed = 1331) ...
INFO  [17:27:16.269] [mlr3] Applying learner 'classif.naive_bayes_calib.perfold_isotonic' on task 'phoneme' (iter 10/10)

### [bt]: Job terminated successfully [batchtools job.id=1330]
### [bt]: Calculation finished!
