### [bt]: This is batchtools v0.9.17
### [bt]: Starting calculation of 5 jobs
### [bt]: Setting working directory to '/Users/User/Documents/Studium/Semester8/Hiwi/mlr3calibration/vignettes'
### [bt]: Memory measurement disabled
### [bt]: Starting job [batchtools job.id=2021]
### [bt]: Generating problem instance for problem '01ea4b20a58e68c2' ...
### [bt]: Applying algorithm 'run_learner' on problem '01ea4b20a58e68c2' for job 2021 (seed = 2022) ...
INFO  [17:29:37.979] [mlr3] Applying learner 'classif.ranger_calib.perfold_isotonic' on task 'wilt' (iter 1/10)

### [bt]: Job terminated successfully [batchtools job.id=2021]
### [bt]: Starting job [batchtools job.id=2022]
### [bt]: Generating problem instance for problem '01ea4b20a58e68c2' ...
### [bt]: Applying algorithm 'run_learner' on problem '01ea4b20a58e68c2' for job 2022 (seed = 2023) ...
INFO  [17:29:41.971] [mlr3] Applying learner 'classif.ranger_calib.perfold_isotonic' on task 'wilt' (iter 2/10)

### [bt]: Job terminated successfully [batchtools job.id=2022]
### [bt]: Starting job [batchtools job.id=2023]
### [bt]: Generating problem instance for problem '01ea4b20a58e68c2' ...
### [bt]: Applying algorithm 'run_learner' on problem '01ea4b20a58e68c2' for job 2023 (seed = 2024) ...
INFO  [17:29:45.597] [mlr3] Applying learner 'classif.ranger_calib.perfold_isotonic' on task 'wilt' (iter 3/10)

### [bt]: Job terminated successfully [batchtools job.id=2023]
### [bt]: Starting job [batchtools job.id=2024]
### [bt]: Generating problem instance for problem '01ea4b20a58e68c2' ...
### [bt]: Applying algorithm 'run_learner' on problem '01ea4b20a58e68c2' for job 2024 (seed = 2025) ...
INFO  [17:29:49.162] [mlr3] Applying learner 'classif.ranger_calib.perfold_isotonic' on task 'wilt' (iter 4/10)

### [bt]: Job terminated successfully [batchtools job.id=2024]
### [bt]: Starting job [batchtools job.id=2025]
### [bt]: Generating problem instance for problem '01ea4b20a58e68c2' ...
### [bt]: Applying algorithm 'run_learner' on problem '01ea4b20a58e68c2' for job 2025 (seed = 2026) ...
INFO  [17:29:52.586] [mlr3] Applying learner 'classif.ranger_calib.perfold_isotonic' on task 'wilt' (iter 5/10)

### [bt]: Job terminated successfully [batchtools job.id=2025]
### [bt]: Calculation finished!
