### [bt]: This is batchtools v0.9.17
### [bt]: Starting calculation of 5 jobs
### [bt]: Setting working directory to '/Users/User/Documents/Studium/Semester8/Hiwi/mlr3calibration/vignettes'
### [bt]: Memory measurement disabled
### [bt]: Starting job [batchtools job.id=1181]
### [bt]: Generating problem instance for problem 'a63d756aec4c60c1' ...
### [bt]: Applying algorithm 'run_learner' on problem 'a63d756aec4c60c1' for job 1181 (seed = 1182) ...
INFO  [17:26:50.584] [mlr3] Applying learner 'classif.ranger_calib.perfold_isotonic' on task 'pc1' (iter 1/10)

### [bt]: Job terminated successfully [batchtools job.id=1181]
### [bt]: Starting job [batchtools job.id=1182]
### [bt]: Generating problem instance for problem 'a63d756aec4c60c1' ...
### [bt]: Applying algorithm 'run_learner' on problem 'a63d756aec4c60c1' for job 1182 (seed = 1183) ...
INFO  [17:26:51.673] [mlr3] Applying learner 'classif.ranger_calib.perfold_isotonic' on task 'pc1' (iter 2/10)

### [bt]: Job terminated successfully [batchtools job.id=1182]
### [bt]: Starting job [batchtools job.id=1183]
### [bt]: Generating problem instance for problem 'a63d756aec4c60c1' ...
### [bt]: Applying algorithm 'run_learner' on problem 'a63d756aec4c60c1' for job 1183 (seed = 1184) ...
INFO  [17:26:53.022] [mlr3] Applying learner 'classif.ranger_calib.perfold_isotonic' on task 'pc1' (iter 3/10)

### [bt]: Job terminated successfully [batchtools job.id=1183]
### [bt]: Starting job [batchtools job.id=1184]
### [bt]: Generating problem instance for problem 'a63d756aec4c60c1' ...
### [bt]: Applying algorithm 'run_learner' on problem 'a63d756aec4c60c1' for job 1184 (seed = 1185) ...
INFO  [17:26:54.133] [mlr3] Applying learner 'classif.ranger_calib.perfold_isotonic' on task 'pc1' (iter 4/10)

### [bt]: Job terminated successfully [batchtools job.id=1184]
### [bt]: Starting job [batchtools job.id=1185]
### [bt]: Generating problem instance for problem 'a63d756aec4c60c1' ...
### [bt]: Applying algorithm 'run_learner' on problem 'a63d756aec4c60c1' for job 1185 (seed = 1186) ...
INFO  [17:26:55.508] [mlr3] Applying learner 'classif.ranger_calib.perfold_isotonic' on task 'pc1' (iter 5/10)

### [bt]: Job terminated successfully [batchtools job.id=1185]
### [bt]: Calculation finished!
