### [bt]: This is batchtools v0.9.17
### [bt]: Starting calculation of 5 jobs
### [bt]: Setting working directory to '/Users/User/Documents/Studium/Semester8/Hiwi/mlr3calibration/vignettes'
### [bt]: Memory measurement disabled
### [bt]: Starting job [batchtools job.id=1331]
### [bt]: Generating problem instance for problem '34d90df810f60583' ...
### [bt]: Applying algorithm 'run_learner' on problem '34d90df810f60583' for job 1331 (seed = 1332) ...
INFO  [17:27:12.821] [mlr3] Applying learner 'classif.ranger' on task 'phoneme' (iter 1/10)

### [bt]: Job terminated successfully [batchtools job.id=1331]
### [bt]: Starting job [batchtools job.id=1332]
### [bt]: Generating problem instance for problem '34d90df810f60583' ...
### [bt]: Applying algorithm 'run_learner' on problem '34d90df810f60583' for job 1332 (seed = 1333) ...
INFO  [17:27:14.728] [mlr3] Applying learner 'classif.ranger' on task 'phoneme' (iter 2/10)

### [bt]: Job terminated successfully [batchtools job.id=1332]
### [bt]: Starting job [batchtools job.id=1333]
### [bt]: Generating problem instance for problem '34d90df810f60583' ...
### [bt]: Applying algorithm 'run_learner' on problem '34d90df810f60583' for job 1333 (seed = 1334) ...
INFO  [17:27:16.653] [mlr3] Applying learner 'classif.ranger' on task 'phoneme' (iter 3/10)

### [bt]: Job terminated successfully [batchtools job.id=1333]
### [bt]: Starting job [batchtools job.id=1334]
### [bt]: Generating problem instance for problem '34d90df810f60583' ...
### [bt]: Applying algorithm 'run_learner' on problem '34d90df810f60583' for job 1334 (seed = 1335) ...
INFO  [17:27:18.052] [mlr3] Applying learner 'classif.ranger' on task 'phoneme' (iter 4/10)

### [bt]: Job terminated successfully [batchtools job.id=1334]
### [bt]: Starting job [batchtools job.id=1335]
### [bt]: Generating problem instance for problem '34d90df810f60583' ...
### [bt]: Applying algorithm 'run_learner' on problem '34d90df810f60583' for job 1335 (seed = 1336) ...
INFO  [17:27:19.400] [mlr3] Applying learner 'classif.ranger' on task 'phoneme' (iter 5/10)

### [bt]: Job terminated successfully [batchtools job.id=1335]
### [bt]: Calculation finished!
