### [bt]: This is batchtools v0.9.17
### [bt]: Starting calculation of 5 jobs
### [bt]: Setting working directory to '/Users/User/Documents/Studium/Semester8/Hiwi/mlr3calibration/vignettes'
### [bt]: Memory measurement disabled
### [bt]: Starting job [batchtools job.id=711]
### [bt]: Generating problem instance for problem '78e20b4b43a56ff6' ...
### [bt]: Applying algorithm 'run_learner' on problem '78e20b4b43a56ff6' for job 711 (seed = 712) ...
INFO  [17:25:33.682] [mlr3] Applying learner 'classif.ranger_calib.oof_platt' on task 'pc3' (iter 1/10)

### [bt]: Job terminated successfully [batchtools job.id=711]
### [bt]: Starting job [batchtools job.id=712]
### [bt]: Generating problem instance for problem '78e20b4b43a56ff6' ...
### [bt]: Applying algorithm 'run_learner' on problem '78e20b4b43a56ff6' for job 712 (seed = 713) ...
INFO  [17:25:34.920] [mlr3] Applying learner 'classif.ranger_calib.oof_platt' on task 'pc3' (iter 2/10)

### [bt]: Job terminated successfully [batchtools job.id=712]
### [bt]: Starting job [batchtools job.id=713]
### [bt]: Generating problem instance for problem '78e20b4b43a56ff6' ...
### [bt]: Applying algorithm 'run_learner' on problem '78e20b4b43a56ff6' for job 713 (seed = 714) ...
INFO  [17:25:36.275] [mlr3] Applying learner 'classif.ranger_calib.oof_platt' on task 'pc3' (iter 3/10)

### [bt]: Job terminated successfully [batchtools job.id=713]
### [bt]: Starting job [batchtools job.id=714]
### [bt]: Generating problem instance for problem '78e20b4b43a56ff6' ...
### [bt]: Applying algorithm 'run_learner' on problem '78e20b4b43a56ff6' for job 714 (seed = 715) ...
INFO  [17:25:37.450] [mlr3] Applying learner 'classif.ranger_calib.oof_platt' on task 'pc3' (iter 4/10)

### [bt]: Job terminated successfully [batchtools job.id=714]
### [bt]: Starting job [batchtools job.id=715]
### [bt]: Generating problem instance for problem '78e20b4b43a56ff6' ...
### [bt]: Applying algorithm 'run_learner' on problem '78e20b4b43a56ff6' for job 715 (seed = 716) ...
INFO  [17:25:39.556] [mlr3] Applying learner 'classif.ranger_calib.oof_platt' on task 'pc3' (iter 5/10)

### [bt]: Job terminated successfully [batchtools job.id=715]
### [bt]: Calculation finished!
