### [bt]: This is batchtools v0.9.17
### [bt]: Starting calculation of 5 jobs
### [bt]: Setting working directory to '/Users/User/Documents/Studium/Semester8/Hiwi/mlr3calibration/vignettes'
### [bt]: Memory measurement disabled
### [bt]: Starting job [batchtools job.id=1696]
### [bt]: Generating problem instance for problem '6fbfe6520e3d949c' ...
### [bt]: Applying algorithm 'run_learner' on problem '6fbfe6520e3d949c' for job 1696 (seed = 1697) ...
INFO  [17:28:52.312] [mlr3] Applying learner 'classif.naive_bayes_calib.oof_platt' on task 'banknote-authentication' (iter 6/10)

### [bt]: Job terminated successfully [batchtools job.id=1696]
### [bt]: Starting job [batchtools job.id=1697]
### [bt]: Generating problem instance for problem '6fbfe6520e3d949c' ...
### [bt]: Applying algorithm 'run_learner' on problem '6fbfe6520e3d949c' for job 1697 (seed = 1698) ...
INFO  [17:28:52.613] [mlr3] Applying learner 'classif.naive_bayes_calib.oof_platt' on task 'banknote-authentication' (iter 7/10)

### [bt]: Job terminated successfully [batchtools job.id=1697]
### [bt]: Starting job [batchtools job.id=1698]
### [bt]: Generating problem instance for problem '6fbfe6520e3d949c' ...
### [bt]: Applying algorithm 'run_learner' on problem '6fbfe6520e3d949c' for job 1698 (seed = 1699) ...
INFO  [17:28:52.884] [mlr3] Applying learner 'classif.naive_bayes_calib.oof_platt' on task 'banknote-authentication' (iter 8/10)

### [bt]: Job terminated successfully [batchtools job.id=1698]
### [bt]: Starting job [batchtools job.id=1699]
### [bt]: Generating problem instance for problem '6fbfe6520e3d949c' ...
### [bt]: Applying algorithm 'run_learner' on problem '6fbfe6520e3d949c' for job 1699 (seed = 1700) ...
INFO  [17:28:53.154] [mlr3] Applying learner 'classif.naive_bayes_calib.oof_platt' on task 'banknote-authentication' (iter 9/10)

### [bt]: Job terminated successfully [batchtools job.id=1699]
### [bt]: Starting job [batchtools job.id=1700]
### [bt]: Generating problem instance for problem '6fbfe6520e3d949c' ...
### [bt]: Applying algorithm 'run_learner' on problem '6fbfe6520e3d949c' for job 1700 (seed = 1701) ...
INFO  [17:28:53.425] [mlr3] Applying learner 'classif.naive_bayes_calib.oof_platt' on task 'banknote-authentication' (iter 10/10)

### [bt]: Job terminated successfully [batchtools job.id=1700]
### [bt]: Calculation finished!
