### [bt]: This is batchtools v0.9.17
### [bt]: Starting calculation of 5 jobs
### [bt]: Setting working directory to '/Users/User/Documents/Studium/Semester8/Hiwi/mlr3calibration/vignettes'
### [bt]: Memory measurement disabled
### [bt]: Starting job [batchtools job.id=1646]
### [bt]: Generating problem instance for problem '6390d9e81da17366' ...
### [bt]: Applying algorithm 'run_learner' on problem '6390d9e81da17366' for job 1646 (seed = 1647) ...
INFO  [17:28:50.902] [mlr3] Applying learner 'classif.rpart_calib.oof_isotonic' on task 'qsar-biodeg' (iter 6/10)

### [bt]: Job terminated successfully [batchtools job.id=1646]
### [bt]: Starting job [batchtools job.id=1647]
### [bt]: Generating problem instance for problem '6390d9e81da17366' ...
### [bt]: Applying algorithm 'run_learner' on problem '6390d9e81da17366' for job 1647 (seed = 1648) ...
INFO  [17:28:51.007] [mlr3] Applying learner 'classif.rpart_calib.oof_isotonic' on task 'qsar-biodeg' (iter 7/10)

### [bt]: Job terminated successfully [batchtools job.id=1647]
### [bt]: Starting job [batchtools job.id=1648]
### [bt]: Generating problem instance for problem '6390d9e81da17366' ...
### [bt]: Applying algorithm 'run_learner' on problem '6390d9e81da17366' for job 1648 (seed = 1649) ...
INFO  [17:28:51.109] [mlr3] Applying learner 'classif.rpart_calib.oof_isotonic' on task 'qsar-biodeg' (iter 8/10)

### [bt]: Job terminated successfully [batchtools job.id=1648]
### [bt]: Starting job [batchtools job.id=1649]
### [bt]: Generating problem instance for problem '6390d9e81da17366' ...
### [bt]: Applying algorithm 'run_learner' on problem '6390d9e81da17366' for job 1649 (seed = 1650) ...
INFO  [17:28:51.210] [mlr3] Applying learner 'classif.rpart_calib.oof_isotonic' on task 'qsar-biodeg' (iter 9/10)

### [bt]: Job terminated successfully [batchtools job.id=1649]
### [bt]: Starting job [batchtools job.id=1650]
### [bt]: Generating problem instance for problem '6390d9e81da17366' ...
### [bt]: Applying algorithm 'run_learner' on problem '6390d9e81da17366' for job 1650 (seed = 1651) ...
INFO  [17:28:51.303] [mlr3] Applying learner 'classif.rpart_calib.oof_isotonic' on task 'qsar-biodeg' (iter 10/10)

### [bt]: Job terminated successfully [batchtools job.id=1650]
### [bt]: Calculation finished!
