### [bt]: This is batchtools v0.9.17
### [bt]: Starting calculation of 5 jobs
### [bt]: Setting working directory to '/Users/User/Documents/Studium/Semester8/Hiwi/mlr3calibration/vignettes'
### [bt]: Memory measurement disabled
### [bt]: Starting job [batchtools job.id=931]
### [bt]: Generating problem instance for problem '42e9f2146ba77696' ...
### [bt]: Applying algorithm 'run_learner' on problem '42e9f2146ba77696' for job 931 (seed = 932) ...
INFO  [17:26:07.491] [mlr3] Applying learner 'classif.ranger_calib.oof_beta' on task 'kc1' (iter 1/10)
[1] -38.69911
[1] 24.39069

### [bt]: Job terminated successfully [batchtools job.id=931]
### [bt]: Starting job [batchtools job.id=932]
### [bt]: Generating problem instance for problem '42e9f2146ba77696' ...
### [bt]: Applying algorithm 'run_learner' on problem '42e9f2146ba77696' for job 932 (seed = 933) ...
INFO  [17:26:09.704] [mlr3] Applying learner 'classif.ranger_calib.oof_beta' on task 'kc1' (iter 2/10)
[1] -71.44509
[1] 15.20887

### [bt]: Job terminated successfully [batchtools job.id=932]
### [bt]: Starting job [batchtools job.id=933]
### [bt]: Generating problem instance for problem '42e9f2146ba77696' ...
### [bt]: Applying algorithm 'run_learner' on problem '42e9f2146ba77696' for job 933 (seed = 934) ...
INFO  [17:26:11.771] [mlr3] Applying learner 'classif.ranger_calib.oof_beta' on task 'kc1' (iter 3/10)
[1] -58.45422
[1] 18.21743

### [bt]: Job terminated successfully [batchtools job.id=933]
### [bt]: Starting job [batchtools job.id=934]
### [bt]: Generating problem instance for problem '42e9f2146ba77696' ...
### [bt]: Applying algorithm 'run_learner' on problem '42e9f2146ba77696' for job 934 (seed = 935) ...
INFO  [17:26:13.923] [mlr3] Applying learner 'classif.ranger_calib.oof_beta' on task 'kc1' (iter 4/10)
[1] -59.82256
[1] 16.68174

### [bt]: Job terminated successfully [batchtools job.id=934]
### [bt]: Starting job [batchtools job.id=935]
### [bt]: Generating problem instance for problem '42e9f2146ba77696' ...
### [bt]: Applying algorithm 'run_learner' on problem '42e9f2146ba77696' for job 935 (seed = 936) ...
INFO  [17:26:15.939] [mlr3] Applying learner 'classif.ranger_calib.oof_beta' on task 'kc1' (iter 5/10)
[1] -73.71029
[1] 16.47402

### [bt]: Job terminated successfully [batchtools job.id=935]
### [bt]: Calculation finished!
