### [bt]: This is batchtools v0.9.17
### [bt]: Starting calculation of 5 jobs
### [bt]: Setting working directory to '/Users/User/Documents/Studium/Semester8/Hiwi/mlr3calibration/vignettes'
### [bt]: Memory measurement disabled
### [bt]: Starting job [batchtools job.id=1006]
### [bt]: Generating problem instance for problem '42e9f2146ba77696' ...
### [bt]: Applying algorithm 'run_learner' on problem '42e9f2146ba77696' for job 1006 (seed = 1007) ...
INFO  [17:26:23.978] [mlr3] Applying learner 'classif.rpart_calib.oof_beta' on task 'kc1' (iter 6/10)
[1] 0.2291365
[1] 34.75101

### [bt]: Job terminated successfully [batchtools job.id=1006]
### [bt]: Starting job [batchtools job.id=1007]
### [bt]: Generating problem instance for problem '42e9f2146ba77696' ...
### [bt]: Applying algorithm 'run_learner' on problem '42e9f2146ba77696' for job 1007 (seed = 1008) ...
INFO  [17:26:24.177] [mlr3] Applying learner 'classif.rpart_calib.oof_beta' on task 'kc1' (iter 7/10)
[1] -26.61406
[1] -0.5738814

### [bt]: Job terminated successfully [batchtools job.id=1007]
### [bt]: Starting job [batchtools job.id=1008]
### [bt]: Generating problem instance for problem '42e9f2146ba77696' ...
### [bt]: Applying algorithm 'run_learner' on problem '42e9f2146ba77696' for job 1008 (seed = 1009) ...
INFO  [17:26:24.408] [mlr3] Applying learner 'classif.rpart_calib.oof_beta' on task 'kc1' (iter 8/10)
[1] 0.4627998
[1] 39.86012

### [bt]: Job terminated successfully [batchtools job.id=1008]
### [bt]: Starting job [batchtools job.id=1009]
### [bt]: Generating problem instance for problem '42e9f2146ba77696' ...
### [bt]: Applying algorithm 'run_learner' on problem '42e9f2146ba77696' for job 1009 (seed = 1010) ...
INFO  [17:26:24.689] [mlr3] Applying learner 'classif.rpart_calib.oof_beta' on task 'kc1' (iter 9/10)
Warning: glm.fit: fitted probabilities numerically 0 or 1 occurred
This happened PipeOp classif.rpart's $train()
[1] -1.166816
[1] 39.67204

### [bt]: Job terminated successfully [batchtools job.id=1009]
### [bt]: Starting job [batchtools job.id=1010]
### [bt]: Generating problem instance for problem '42e9f2146ba77696' ...
### [bt]: Applying algorithm 'run_learner' on problem '42e9f2146ba77696' for job 1010 (seed = 1011) ...
INFO  [17:26:25.383] [mlr3] Applying learner 'classif.rpart_calib.oof_beta' on task 'kc1' (iter 10/10)
[1] 0.6100303
[1] 42.93492

### [bt]: Job terminated successfully [batchtools job.id=1010]
### [bt]: Calculation finished!
