### [bt]: This is batchtools v0.9.17
### [bt]: Starting calculation of 5 jobs
### [bt]: Setting working directory to '/Users/User/Documents/Studium/Semester8/Hiwi/mlr3calibration/vignettes'
### [bt]: Memory measurement disabled
### [bt]: Starting job [batchtools job.id=1131]
### [bt]: Generating problem instance for problem 'a63d756aec4c60c1' ...
### [bt]: Applying algorithm 'run_learner' on problem 'a63d756aec4c60c1' for job 1131 (seed = 1132) ...
INFO  [17:26:45.200] [mlr3] Applying learner 'classif.ranger_calib.oof_platt' on task 'pc1' (iter 1/10)

### [bt]: Job terminated successfully [batchtools job.id=1131]
### [bt]: Starting job [batchtools job.id=1132]
### [bt]: Generating problem instance for problem 'a63d756aec4c60c1' ...
### [bt]: Applying algorithm 'run_learner' on problem 'a63d756aec4c60c1' for job 1132 (seed = 1133) ...
INFO  [17:26:45.850] [mlr3] Applying learner 'classif.ranger_calib.oof_platt' on task 'pc1' (iter 2/10)

### [bt]: Job terminated successfully [batchtools job.id=1132]
### [bt]: Starting job [batchtools job.id=1133]
### [bt]: Generating problem instance for problem 'a63d756aec4c60c1' ...
### [bt]: Applying algorithm 'run_learner' on problem 'a63d756aec4c60c1' for job 1133 (seed = 1134) ...
INFO  [17:26:46.511] [mlr3] Applying learner 'classif.ranger_calib.oof_platt' on task 'pc1' (iter 3/10)

### [bt]: Job terminated successfully [batchtools job.id=1133]
### [bt]: Starting job [batchtools job.id=1134]
### [bt]: Generating problem instance for problem 'a63d756aec4c60c1' ...
### [bt]: Applying algorithm 'run_learner' on problem 'a63d756aec4c60c1' for job 1134 (seed = 1135) ...
INFO  [17:26:47.158] [mlr3] Applying learner 'classif.ranger_calib.oof_platt' on task 'pc1' (iter 4/10)

### [bt]: Job terminated successfully [batchtools job.id=1134]
### [bt]: Starting job [batchtools job.id=1135]
### [bt]: Generating problem instance for problem 'a63d756aec4c60c1' ...
### [bt]: Applying algorithm 'run_learner' on problem 'a63d756aec4c60c1' for job 1135 (seed = 1136) ...
INFO  [17:26:47.789] [mlr3] Applying learner 'classif.ranger_calib.oof_platt' on task 'pc1' (iter 5/10)

### [bt]: Job terminated successfully [batchtools job.id=1135]
### [bt]: Calculation finished!
