### [bt]: This is batchtools v0.9.17
### [bt]: Starting calculation of 5 jobs
### [bt]: Setting working directory to '/Users/User/Documents/Studium/Semester8/Hiwi/mlr3calibration/vignettes'
### [bt]: Memory measurement disabled
### [bt]: Starting job [batchtools job.id=446]
### [bt]: Generating problem instance for problem '698720b8ce42ae0c' ...
### [bt]: Applying algorithm 'run_learner' on problem '698720b8ce42ae0c' for job 446 (seed = 447) ...
INFO  [17:24:51.615] [mlr3] Applying learner 'classif.naive_bayes_calib.oof_beta' on task 'pc4' (iter 6/10)
[1] -2.485487
[1] 4.373435

### [bt]: Job terminated successfully [batchtools job.id=446]
### [bt]: Starting job [batchtools job.id=447]
### [bt]: Generating problem instance for problem '698720b8ce42ae0c' ...
### [bt]: Applying algorithm 'run_learner' on problem '698720b8ce42ae0c' for job 447 (seed = 448) ...
INFO  [17:24:52.339] [mlr3] Applying learner 'classif.naive_bayes_calib.oof_beta' on task 'pc4' (iter 7/10)
[1] -1.450621
[1] 4.390151

### [bt]: Job terminated successfully [batchtools job.id=447]
### [bt]: Starting job [batchtools job.id=448]
### [bt]: Generating problem instance for problem '698720b8ce42ae0c' ...
### [bt]: Applying algorithm 'run_learner' on problem '698720b8ce42ae0c' for job 448 (seed = 449) ...
INFO  [17:24:53.105] [mlr3] Applying learner 'classif.naive_bayes_calib.oof_beta' on task 'pc4' (iter 8/10)
[1] -1.766922
[1] 3.452997

### [bt]: Job terminated successfully [batchtools job.id=448]
### [bt]: Starting job [batchtools job.id=449]
### [bt]: Generating problem instance for problem '698720b8ce42ae0c' ...
### [bt]: Applying algorithm 'run_learner' on problem '698720b8ce42ae0c' for job 449 (seed = 450) ...
INFO  [17:24:53.804] [mlr3] Applying learner 'classif.naive_bayes_calib.oof_beta' on task 'pc4' (iter 9/10)
[1] -2.07384
[1] 4.623731

### [bt]: Job terminated successfully [batchtools job.id=449]
### [bt]: Starting job [batchtools job.id=450]
### [bt]: Generating problem instance for problem '698720b8ce42ae0c' ...
### [bt]: Applying algorithm 'run_learner' on problem '698720b8ce42ae0c' for job 450 (seed = 451) ...
INFO  [17:24:54.563] [mlr3] Applying learner 'classif.naive_bayes_calib.oof_beta' on task 'pc4' (iter 10/10)
[1] -0.9292279
[1] 5.371492

### [bt]: Job terminated successfully [batchtools job.id=450]
### [bt]: Calculation finished!
