### [bt]: This is batchtools v0.9.17
### [bt]: Starting calculation of 5 jobs
### [bt]: Setting working directory to '/Users/User/Documents/Studium/Semester8/Hiwi/mlr3calibration/vignettes'
### [bt]: Memory measurement disabled
### [bt]: Starting job [batchtools job.id=781]
### [bt]: Generating problem instance for problem '78e20b4b43a56ff6' ...
### [bt]: Applying algorithm 'run_learner' on problem '78e20b4b43a56ff6' for job 781 (seed = 782) ...
INFO  [17:25:48.472] [mlr3] Applying learner 'classif.rpart_calib.oof_platt' on task 'pc3' (iter 1/10)

### [bt]: Job terminated successfully [batchtools job.id=781]
### [bt]: Starting job [batchtools job.id=782]
### [bt]: Generating problem instance for problem '78e20b4b43a56ff6' ...
### [bt]: Applying algorithm 'run_learner' on problem '78e20b4b43a56ff6' for job 782 (seed = 783) ...
INFO  [17:25:48.673] [mlr3] Applying learner 'classif.rpart_calib.oof_platt' on task 'pc3' (iter 2/10)

### [bt]: Job terminated successfully [batchtools job.id=782]
### [bt]: Starting job [batchtools job.id=783]
### [bt]: Generating problem instance for problem '78e20b4b43a56ff6' ...
### [bt]: Applying algorithm 'run_learner' on problem '78e20b4b43a56ff6' for job 783 (seed = 784) ...
INFO  [17:25:48.937] [mlr3] Applying learner 'classif.rpart_calib.oof_platt' on task 'pc3' (iter 3/10)

### [bt]: Job terminated successfully [batchtools job.id=783]
### [bt]: Starting job [batchtools job.id=784]
### [bt]: Generating problem instance for problem '78e20b4b43a56ff6' ...
### [bt]: Applying algorithm 'run_learner' on problem '78e20b4b43a56ff6' for job 784 (seed = 785) ...
INFO  [17:25:49.173] [mlr3] Applying learner 'classif.rpart_calib.oof_platt' on task 'pc3' (iter 4/10)

### [bt]: Job terminated successfully [batchtools job.id=784]
### [bt]: Starting job [batchtools job.id=785]
### [bt]: Generating problem instance for problem '78e20b4b43a56ff6' ...
### [bt]: Applying algorithm 'run_learner' on problem '78e20b4b43a56ff6' for job 785 (seed = 786) ...
INFO  [17:25:49.455] [mlr3] Applying learner 'classif.rpart_calib.oof_platt' on task 'pc3' (iter 5/10)

### [bt]: Job terminated successfully [batchtools job.id=785]
### [bt]: Calculation finished!
