### [bt]: This is batchtools v0.9.17
### [bt]: Starting calculation of 5 jobs
### [bt]: Setting working directory to '/Users/User/Documents/Studium/Semester8/Hiwi/mlr3calibration/vignettes'
### [bt]: Memory measurement disabled
### [bt]: Starting job [batchtools job.id=951]
### [bt]: Generating problem instance for problem '42e9f2146ba77696' ...
### [bt]: Applying algorithm 'run_learner' on problem '42e9f2146ba77696' for job 951 (seed = 952) ...
INFO  [17:26:19.425] [mlr3] Applying learner 'classif.ranger_calib.perfold_platt' on task 'kc1' (iter 1/10)

### [bt]: Job terminated successfully [batchtools job.id=951]
### [bt]: Starting job [batchtools job.id=952]
### [bt]: Generating problem instance for problem '42e9f2146ba77696' ...
### [bt]: Applying algorithm 'run_learner' on problem '42e9f2146ba77696' for job 952 (seed = 953) ...
INFO  [17:26:21.928] [mlr3] Applying learner 'classif.ranger_calib.perfold_platt' on task 'kc1' (iter 2/10)

### [bt]: Job terminated successfully [batchtools job.id=952]
### [bt]: Starting job [batchtools job.id=953]
### [bt]: Generating problem instance for problem '42e9f2146ba77696' ...
### [bt]: Applying algorithm 'run_learner' on problem '42e9f2146ba77696' for job 953 (seed = 954) ...
INFO  [17:26:24.427] [mlr3] Applying learner 'classif.ranger_calib.perfold_platt' on task 'kc1' (iter 3/10)

### [bt]: Job terminated successfully [batchtools job.id=953]
### [bt]: Starting job [batchtools job.id=954]
### [bt]: Generating problem instance for problem '42e9f2146ba77696' ...
### [bt]: Applying algorithm 'run_learner' on problem '42e9f2146ba77696' for job 954 (seed = 955) ...
INFO  [17:26:27.273] [mlr3] Applying learner 'classif.ranger_calib.perfold_platt' on task 'kc1' (iter 4/10)

### [bt]: Job terminated successfully [batchtools job.id=954]
### [bt]: Starting job [batchtools job.id=955]
### [bt]: Generating problem instance for problem '42e9f2146ba77696' ...
### [bt]: Applying algorithm 'run_learner' on problem '42e9f2146ba77696' for job 955 (seed = 956) ...
INFO  [17:26:29.833] [mlr3] Applying learner 'classif.ranger_calib.perfold_platt' on task 'kc1' (iter 5/10)

### [bt]: Job terminated successfully [batchtools job.id=955]
### [bt]: Calculation finished!
