### [bt]: This is batchtools v0.9.17
### [bt]: Starting calculation of 5 jobs
### [bt]: Setting working directory to '/Users/User/Documents/Studium/Semester8/Hiwi/mlr3calibration/vignettes'
### [bt]: Memory measurement disabled
### [bt]: Starting job [batchtools job.id=1861]
### [bt]: Generating problem instance for problem '6fbfe6520e3d949c' ...
### [bt]: Applying algorithm 'run_learner' on problem '6fbfe6520e3d949c' for job 1861 (seed = 1862) ...
INFO  [17:29:12.395] [mlr3] Applying learner 'classif.rpart_calib.perfold_platt' on task 'banknote-authentication' (iter 1/10)

### [bt]: Job terminated successfully [batchtools job.id=1861]
### [bt]: Starting job [batchtools job.id=1862]
### [bt]: Generating problem instance for problem '6fbfe6520e3d949c' ...
### [bt]: Applying algorithm 'run_learner' on problem '6fbfe6520e3d949c' for job 1862 (seed = 1863) ...
INFO  [17:29:12.657] [mlr3] Applying learner 'classif.rpart_calib.perfold_platt' on task 'banknote-authentication' (iter 2/10)
Warning: glm.fit: fitted probabilities numerically 0 or 1 occurred
This happened PipeOp classif.rpart's $train()

### [bt]: Job terminated successfully [batchtools job.id=1862]
### [bt]: Starting job [batchtools job.id=1863]
### [bt]: Generating problem instance for problem '6fbfe6520e3d949c' ...
### [bt]: Applying algorithm 'run_learner' on problem '6fbfe6520e3d949c' for job 1863 (seed = 1864) ...
INFO  [17:29:12.946] [mlr3] Applying learner 'classif.rpart_calib.perfold_platt' on task 'banknote-authentication' (iter 3/10)

### [bt]: Job terminated successfully [batchtools job.id=1863]
### [bt]: Starting job [batchtools job.id=1864]
### [bt]: Generating problem instance for problem '6fbfe6520e3d949c' ...
### [bt]: Applying algorithm 'run_learner' on problem '6fbfe6520e3d949c' for job 1864 (seed = 1865) ...
INFO  [17:29:13.136] [mlr3] Applying learner 'classif.rpart_calib.perfold_platt' on task 'banknote-authentication' (iter 4/10)
Warning: glm.fit: algorithm did not converge
This happened PipeOp classif.rpart's $train()
Warning: glm.fit: fitted probabilities numerically 0 or 1 occurred
This happened PipeOp classif.rpart's $train()

### [bt]: Job terminated successfully [batchtools job.id=1864]
### [bt]: Starting job [batchtools job.id=1865]
### [bt]: Generating problem instance for problem '6fbfe6520e3d949c' ...
### [bt]: Applying algorithm 'run_learner' on problem '6fbfe6520e3d949c' for job 1865 (seed = 1866) ...
INFO  [17:29:13.275] [mlr3] Applying learner 'classif.rpart_calib.perfold_platt' on task 'banknote-authentication' (iter 5/10)
Warning: glm.fit: fitted probabilities numerically 0 or 1 occurred
This happened PipeOp classif.rpart's $train()

### [bt]: Job terminated successfully [batchtools job.id=1865]
### [bt]: Calculation finished!
