### [bt]: This is batchtools v0.9.17
### [bt]: Starting calculation of 5 jobs
### [bt]: Setting working directory to '/Users/User/Documents/Studium/Semester8/Hiwi/mlr3calibration/vignettes'
### [bt]: Memory measurement disabled
### [bt]: Starting job [batchtools job.id=2016]
### [bt]: Generating problem instance for problem '01ea4b20a58e68c2' ...
### [bt]: Applying algorithm 'run_learner' on problem '01ea4b20a58e68c2' for job 2016 (seed = 2017) ...
INFO  [17:29:37.972] [mlr3] Applying learner 'classif.ranger_calib.perfold_beta' on task 'wilt' (iter 6/10)
Warning: glm.fit: fitted probabilities numerically 0 or 1 occurred
This happened PipeOp classif.ranger's $train()
[1] -2.012156
[1] 101.5941
Warning: glm.fit: fitted probabilities numerically 0 or 1 occurred
This happened PipeOp classif.ranger's $train()
[1] -106.5319
[1] 60.82885
Warning: glm.fit: fitted probabilities numerically 0 or 1 occurred
This happened PipeOp classif.ranger's $train()
[1] -579.4618
[1] -5.460735
Warning: glm.fit: fitted probabilities numerically 0 or 1 occurred
This happened PipeOp classif.ranger's $train()
[1] -38.6838
[1] 86.21519
Warning: glm.fit: fitted probabilities numerically 0 or 1 occurred
This happened PipeOp classif.ranger's $train()
[1] -49.63742
[1] 49.18006

### [bt]: Job terminated successfully [batchtools job.id=2016]
### [bt]: Starting job [batchtools job.id=2017]
### [bt]: Generating problem instance for problem '01ea4b20a58e68c2' ...
### [bt]: Applying algorithm 'run_learner' on problem '01ea4b20a58e68c2' for job 2017 (seed = 2018) ...
INFO  [17:29:41.975] [mlr3] Applying learner 'classif.ranger_calib.perfold_beta' on task 'wilt' (iter 7/10)
Warning: glm.fit: fitted probabilities numerically 0 or 1 occurred
This happened PipeOp classif.ranger's $train()
[1] -31.30072
[1] 51.8279
Warning: glm.fit: fitted probabilities numerically 0 or 1 occurred
This happened PipeOp classif.ranger's $train()
[1] -161.0449
[1] 38.97264
Warning: glm.fit: fitted probabilities numerically 0 or 1 occurred
This happened PipeOp classif.ranger's $train()
[1] -211.5475
[1] 35.01534
Warning: glm.fit: fitted probabilities numerically 0 or 1 occurred
This happened PipeOp classif.ranger's $train()
[1] -21.07403
[1] 74.47868
Warning: glm.fit: fitted probabilities numerically 0 or 1 occurred
This happened PipeOp classif.ranger's $train()
[1] -67.48078
[1] 43.12726

### [bt]: Job terminated successfully [batchtools job.id=2017]
### [bt]: Starting job [batchtools job.id=2018]
### [bt]: Generating problem instance for problem '01ea4b20a58e68c2' ...
### [bt]: Applying algorithm 'run_learner' on problem '01ea4b20a58e68c2' for job 2018 (seed = 2019) ...
INFO  [17:29:45.581] [mlr3] Applying learner 'classif.ranger_calib.perfold_beta' on task 'wilt' (iter 8/10)
Warning: glm.fit: fitted probabilities numerically 0 or 1 occurred
This happened PipeOp classif.ranger's $train()
[1] -296.13
[1] 17.55752
Warning: glm.fit: fitted probabilities numerically 0 or 1 occurred
This happened PipeOp classif.ranger's $train()
[1] -77.94184
[1] 42.00235
Warning: glm.fit: fitted probabilities numerically 0 or 1 occurred
This happened PipeOp classif.ranger's $train()
[1] -101.4595
[1] 38.40284
Warning: glm.fit: fitted probabilities numerically 0 or 1 occurred
This happened PipeOp classif.ranger's $train()
[1] -58.2971
[1] 61.66093
Warning: glm.fit: fitted probabilities numerically 0 or 1 occurred
This happened PipeOp classif.ranger's $train()
Warning: glm.fit: fitted probabilities numerically 0 or 1 occurred
This happened PipeOp classif.ranger's $train()
[1] 3.440323
[1] 166.3345

### [bt]: Job terminated successfully [batchtools job.id=2018]
### [bt]: Starting job [batchtools job.id=2019]
### [bt]: Generating problem instance for problem '01ea4b20a58e68c2' ...
### [bt]: Applying algorithm 'run_learner' on problem '01ea4b20a58e68c2' for job 2019 (seed = 2020) ...
INFO  [17:29:49.662] [mlr3] Applying learner 'classif.ranger_calib.perfold_beta' on task 'wilt' (iter 9/10)
Warning: glm.fit: fitted probabilities numerically 0 or 1 occurred
This happened PipeOp classif.ranger's $train()
[1] -287.3446
[1] -2.29665
Warning: glm.fit: fitted probabilities numerically 0 or 1 occurred
This happened PipeOp classif.ranger's $train()
[1] -70.65846
[1] 55.00433
Warning: glm.fit: fitted probabilities numerically 0 or 1 occurred
This happened PipeOp classif.ranger's $train()
[1] 2.426936
[1] 90.39405
Warning: glm.fit: fitted probabilities numerically 0 or 1 occurred
This happened PipeOp classif.ranger's $train()
[1] -54.6339
[1] 60.18759
Warning: glm.fit: fitted probabilities numerically 0 or 1 occurred
This happened PipeOp classif.ranger's $train()
[1] -39.63469
[1] 61.41302

### [bt]: Job terminated successfully [batchtools job.id=2019]
### [bt]: Starting job [batchtools job.id=2020]
### [bt]: Generating problem instance for problem '01ea4b20a58e68c2' ...
### [bt]: Applying algorithm 'run_learner' on problem '01ea4b20a58e68c2' for job 2020 (seed = 2021) ...
INFO  [17:29:53.249] [mlr3] Applying learner 'classif.ranger_calib.perfold_beta' on task 'wilt' (iter 10/10)
[1] -204.8393
[1] 12.96921
Warning: glm.fit: fitted probabilities numerically 0 or 1 occurred
This happened PipeOp classif.ranger's $train()
[1] -72.78642
[1] 74.00135
Warning: glm.fit: fitted probabilities numerically 0 or 1 occurred
This happened PipeOp classif.ranger's $train()
[1] -63.19408
[1] 52.46059
Warning: glm.fit: fitted probabilities numerically 0 or 1 occurred
This happened PipeOp classif.ranger's $train()
[1] -74.84273
[1] 45.83739
Warning: glm.fit: fitted probabilities numerically 0 or 1 occurred
This happened PipeOp classif.ranger's $train()
Warning: glm.fit: fitted probabilities numerically 0 or 1 occurred
This happened PipeOp classif.ranger's $train()
[1] 2.718456
[1] 79.49802

### [bt]: Job terminated successfully [batchtools job.id=2020]
### [bt]: Calculation finished!
