### [bt]: This is batchtools v0.9.17
### [bt]: Starting calculation of 5 jobs
### [bt]: Setting working directory to '/Users/User/Documents/Studium/Semester8/Hiwi/mlr3calibration/vignettes'
### [bt]: Memory measurement disabled
### [bt]: Starting job [batchtools job.id=191]
### [bt]: Generating problem instance for problem '70bd5a65df34c4f3' ...
### [bt]: Applying algorithm 'run_learner' on problem '70bd5a65df34c4f3' for job 191 (seed = 192) ...
INFO  [17:24:20.572] [mlr3] Applying learner 'classif.rpart_calib.perfold_beta' on task 'kr-vs-kp' (iter 1/10)
Warning: glm.fit: fitted probabilities numerically 0 or 1 occurred
This happened PipeOp classif.rpart's $train()
[1] -4.511129
[1] 71.4348
Warning: glm.fit: fitted probabilities numerically 0 or 1 occurred
This happened PipeOp classif.rpart's $train()
[1] -3.554796e+14
[1] 4.90138e+15
Warning: glm.fit: fitted probabilities numerically 0 or 1 occurred
This happened PipeOp classif.rpart's $train()
[1] -73.71356
[1] 4.781135
Warning: glm.fit: fitted probabilities numerically 0 or 1 occurred
This happened PipeOp classif.rpart's $train()
[1] -54.12931
[1] 15.06194
Warning: glm.fit: fitted probabilities numerically 0 or 1 occurred
This happened PipeOp classif.rpart's $train()
[1] -16.17768
[1] 73.44241

### [bt]: Job terminated successfully [batchtools job.id=191]
### [bt]: Starting job [batchtools job.id=192]
### [bt]: Generating problem instance for problem '70bd5a65df34c4f3' ...
### [bt]: Applying algorithm 'run_learner' on problem '70bd5a65df34c4f3' for job 192 (seed = 193) ...
INFO  [17:24:20.749] [mlr3] Applying learner 'classif.rpart_calib.perfold_beta' on task 'kr-vs-kp' (iter 2/10)
Warning: glm.fit: fitted probabilities numerically 0 or 1 occurred
This happened PipeOp classif.rpart's $train()
[1] -38.13844
[1] 38.26791
Warning: glm.fit: fitted probabilities numerically 0 or 1 occurred
This happened PipeOp classif.rpart's $train()
[1] -2.998054e+14
[1] 5.36875e+15
Warning: glm.fit: fitted probabilities numerically 0 or 1 occurred
This happened PipeOp classif.rpart's $train()
[1] -20.11197
[1] 45.99263
Warning: glm.fit: fitted probabilities numerically 0 or 1 occurred
This happened PipeOp classif.rpart's $train()
[1] -61.70494
[1] 28.97129
Warning: glm.fit: fitted probabilities numerically 0 or 1 occurred
This happened PipeOp classif.rpart's $train()
[1] -8.495391e+14
[1] 4.711758e+15

### [bt]: Job terminated successfully [batchtools job.id=192]
### [bt]: Starting job [batchtools job.id=193]
### [bt]: Generating problem instance for problem '70bd5a65df34c4f3' ...
### [bt]: Applying algorithm 'run_learner' on problem '70bd5a65df34c4f3' for job 193 (seed = 194) ...
INFO  [17:24:20.945] [mlr3] Applying learner 'classif.rpart_calib.perfold_beta' on task 'kr-vs-kp' (iter 3/10)
Warning: glm.fit: fitted probabilities numerically 0 or 1 occurred
This happened PipeOp classif.rpart's $train()
[1] -42.25678
[1] 32.09362
Warning: glm.fit: fitted probabilities numerically 0 or 1 occurred
This happened PipeOp classif.rpart's $train()
[1] -71.94746
[1] 6.515577
Warning: glm.fit: fitted probabilities numerically 0 or 1 occurred
This happened PipeOp classif.rpart's $train()
[1] -15.63956
[1] 85.20887
Warning: glm.fit: fitted probabilities numerically 0 or 1 occurred
This happened PipeOp classif.rpart's $train()
[1] -65.84899
[1] 5.693614
Warning: glm.fit: fitted probabilities numerically 0 or 1 occurred
This happened PipeOp classif.rpart's $train()
[1] -14.91941
[1] 44.15842

### [bt]: Job terminated successfully [batchtools job.id=193]
### [bt]: Starting job [batchtools job.id=194]
### [bt]: Generating problem instance for problem '70bd5a65df34c4f3' ...
### [bt]: Applying algorithm 'run_learner' on problem '70bd5a65df34c4f3' for job 194 (seed = 195) ...
INFO  [17:24:21.129] [mlr3] Applying learner 'classif.rpart_calib.perfold_beta' on task 'kr-vs-kp' (iter 4/10)
Warning: glm.fit: fitted probabilities numerically 0 or 1 occurred
This happened PipeOp classif.rpart's $train()
[1] -4.032135e+14
[1] 4.770854e+15
Warning: glm.fit: fitted probabilities numerically 0 or 1 occurred
This happened PipeOp classif.rpart's $train()
[1] -3.432753e+14
[1] 4.903077e+15
Warning: glm.fit: fitted probabilities numerically 0 or 1 occurred
This happened PipeOp classif.rpart's $train()
[1] -42.0004
[1] 22.70404
Warning: glm.fit: fitted probabilities numerically 0 or 1 occurred
This happened PipeOp classif.rpart's $train()
[1] -41.1391
[1] 26.05572
Warning: glm.fit: fitted probabilities numerically 0 or 1 occurred
This happened PipeOp classif.rpart's $train()
[1] -75.50627
[1] 14.86059

### [bt]: Job terminated successfully [batchtools job.id=194]
### [bt]: Starting job [batchtools job.id=195]
### [bt]: Generating problem instance for problem '70bd5a65df34c4f3' ...
### [bt]: Applying algorithm 'run_learner' on problem '70bd5a65df34c4f3' for job 195 (seed = 196) ...
INFO  [17:24:21.301] [mlr3] Applying learner 'classif.rpart_calib.perfold_beta' on task 'kr-vs-kp' (iter 5/10)
Warning: glm.fit: fitted probabilities numerically 0 or 1 occurred
This happened PipeOp classif.rpart's $train()
[1] -13.98186
[1] 92.89002
Warning: glm.fit: algorithm did not converge
This happened PipeOp classif.rpart's $train()
Warning: glm.fit: fitted probabilities numerically 0 or 1 occurred
This happened PipeOp classif.rpart's $train()
[1] -3.637254e+15
[1] 1.087337e+16
Warning: glm.fit: fitted probabilities numerically 0 or 1 occurred
This happened PipeOp classif.rpart's $train()
[1] -36.77218
[1] 24.20666
Warning: glm.fit: fitted probabilities numerically 0 or 1 occurred
This happened PipeOp classif.rpart's $train()
[1] -38.48536
[1] 23.43413
Warning: glm.fit: fitted probabilities numerically 0 or 1 occurred
This happened PipeOp classif.rpart's $train()
[1] -62.49636
[1] 11.62084

### [bt]: Job terminated successfully [batchtools job.id=195]
### [bt]: Calculation finished!
