### [bt]: This is batchtools v0.9.17
### [bt]: Starting calculation of 5 jobs
### [bt]: Setting working directory to '/Users/User/Documents/Studium/Semester8/Hiwi/mlr3calibration/vignettes'
### [bt]: Memory measurement disabled
### [bt]: Starting job [batchtools job.id=1576]
### [bt]: Generating problem instance for problem '6390d9e81da17366' ...
### [bt]: Applying algorithm 'run_learner' on problem '6390d9e81da17366' for job 1576 (seed = 1577) ...
INFO  [17:28:29.196] [mlr3] Applying learner 'classif.ranger_calib.oof_isotonic' on task 'qsar-biodeg' (iter 6/10)

### [bt]: Job terminated successfully [batchtools job.id=1576]
### [bt]: Starting job [batchtools job.id=1577]
### [bt]: Generating problem instance for problem '6390d9e81da17366' ...
### [bt]: Applying algorithm 'run_learner' on problem '6390d9e81da17366' for job 1577 (seed = 1578) ...
INFO  [17:28:30.734] [mlr3] Applying learner 'classif.ranger_calib.oof_isotonic' on task 'qsar-biodeg' (iter 7/10)

### [bt]: Job terminated successfully [batchtools job.id=1577]
### [bt]: Starting job [batchtools job.id=1578]
### [bt]: Generating problem instance for problem '6390d9e81da17366' ...
### [bt]: Applying algorithm 'run_learner' on problem '6390d9e81da17366' for job 1578 (seed = 1579) ...
INFO  [17:28:32.265] [mlr3] Applying learner 'classif.ranger_calib.oof_isotonic' on task 'qsar-biodeg' (iter 8/10)

### [bt]: Job terminated successfully [batchtools job.id=1578]
### [bt]: Starting job [batchtools job.id=1579]
### [bt]: Generating problem instance for problem '6390d9e81da17366' ...
### [bt]: Applying algorithm 'run_learner' on problem '6390d9e81da17366' for job 1579 (seed = 1580) ...
INFO  [17:28:33.589] [mlr3] Applying learner 'classif.ranger_calib.oof_isotonic' on task 'qsar-biodeg' (iter 9/10)

### [bt]: Job terminated successfully [batchtools job.id=1579]
### [bt]: Starting job [batchtools job.id=1580]
### [bt]: Generating problem instance for problem '6390d9e81da17366' ...
### [bt]: Applying algorithm 'run_learner' on problem '6390d9e81da17366' for job 1580 (seed = 1581) ...
INFO  [17:28:34.981] [mlr3] Applying learner 'classif.ranger_calib.oof_isotonic' on task 'qsar-biodeg' (iter 10/10)

### [bt]: Job terminated successfully [batchtools job.id=1580]
### [bt]: Calculation finished!
