### [bt]: This is batchtools v0.9.17
### [bt]: Starting calculation of 5 jobs
### [bt]: Setting working directory to '/Users/User/Documents/Studium/Semester8/Hiwi/mlr3calibration/vignettes'
### [bt]: Memory measurement disabled
### [bt]: Starting job [batchtools job.id=1021]
### [bt]: Generating problem instance for problem '42e9f2146ba77696' ...
### [bt]: Applying algorithm 'run_learner' on problem '42e9f2146ba77696' for job 1021 (seed = 1022) ...
INFO  [17:26:35.553] [mlr3] Applying learner 'classif.rpart_calib.perfold_platt' on task 'kc1' (iter 1/10)

### [bt]: Job terminated successfully [batchtools job.id=1021]
### [bt]: Starting job [batchtools job.id=1022]
### [bt]: Generating problem instance for problem '42e9f2146ba77696' ...
### [bt]: Applying algorithm 'run_learner' on problem '42e9f2146ba77696' for job 1022 (seed = 1023) ...
INFO  [17:26:35.882] [mlr3] Applying learner 'classif.rpart_calib.perfold_platt' on task 'kc1' (iter 2/10)

### [bt]: Job terminated successfully [batchtools job.id=1022]
### [bt]: Starting job [batchtools job.id=1023]
### [bt]: Generating problem instance for problem '42e9f2146ba77696' ...
### [bt]: Applying algorithm 'run_learner' on problem '42e9f2146ba77696' for job 1023 (seed = 1024) ...
INFO  [17:26:36.671] [mlr3] Applying learner 'classif.rpart_calib.perfold_platt' on task 'kc1' (iter 3/10)

### [bt]: Job terminated successfully [batchtools job.id=1023]
### [bt]: Starting job [batchtools job.id=1024]
### [bt]: Generating problem instance for problem '42e9f2146ba77696' ...
### [bt]: Applying algorithm 'run_learner' on problem '42e9f2146ba77696' for job 1024 (seed = 1025) ...
INFO  [17:26:37.034] [mlr3] Applying learner 'classif.rpart_calib.perfold_platt' on task 'kc1' (iter 4/10)

### [bt]: Job terminated successfully [batchtools job.id=1024]
### [bt]: Starting job [batchtools job.id=1025]
### [bt]: Generating problem instance for problem '42e9f2146ba77696' ...
### [bt]: Applying algorithm 'run_learner' on problem '42e9f2146ba77696' for job 1025 (seed = 1026) ...
INFO  [17:26:37.291] [mlr3] Applying learner 'classif.rpart_calib.perfold_platt' on task 'kc1' (iter 5/10)

### [bt]: Job terminated successfully [batchtools job.id=1025]
### [bt]: Calculation finished!
