### [bt]: This is batchtools v0.9.17
### [bt]: Starting calculation of 5 jobs
### [bt]: Setting working directory to '/Users/User/Documents/Studium/Semester8/Hiwi/mlr3calibration/vignettes'
### [bt]: Memory measurement disabled
### [bt]: Starting job [batchtools job.id=1916]
### [bt]: Generating problem instance for problem '01ea4b20a58e68c2' ...
### [bt]: Applying algorithm 'run_learner' on problem '01ea4b20a58e68c2' for job 1916 (seed = 1917) ...
INFO  [17:29:15.675] [mlr3] Applying learner 'classif.naive_bayes_calib.oof_beta' on task 'wilt' (iter 6/10)
Warning: glm.fit: fitted probabilities numerically 0 or 1 occurred
This happened PipeOp classif.naive_bayes's $train()
[1] -35.66739
[1] 20.05933

### [bt]: Job terminated successfully [batchtools job.id=1916]
### [bt]: Starting job [batchtools job.id=1917]
### [bt]: Generating problem instance for problem '01ea4b20a58e68c2' ...
### [bt]: Applying algorithm 'run_learner' on problem '01ea4b20a58e68c2' for job 1917 (seed = 1918) ...
INFO  [17:29:16.295] [mlr3] Applying learner 'classif.naive_bayes_calib.oof_beta' on task 'wilt' (iter 7/10)
Warning: glm.fit: fitted probabilities numerically 0 or 1 occurred
This happened PipeOp classif.naive_bayes's $train()
[1] -38.67117
[1] 18.83689

### [bt]: Job terminated successfully [batchtools job.id=1917]
### [bt]: Starting job [batchtools job.id=1918]
### [bt]: Generating problem instance for problem '01ea4b20a58e68c2' ...
### [bt]: Applying algorithm 'run_learner' on problem '01ea4b20a58e68c2' for job 1918 (seed = 1919) ...
INFO  [17:29:16.956] [mlr3] Applying learner 'classif.naive_bayes_calib.oof_beta' on task 'wilt' (iter 8/10)
Warning: glm.fit: fitted probabilities numerically 0 or 1 occurred
This happened PipeOp classif.naive_bayes's $train()
[1] -40.82117
[1] 18.88652

### [bt]: Job terminated successfully [batchtools job.id=1918]
### [bt]: Starting job [batchtools job.id=1919]
### [bt]: Generating problem instance for problem '01ea4b20a58e68c2' ...
### [bt]: Applying algorithm 'run_learner' on problem '01ea4b20a58e68c2' for job 1919 (seed = 1920) ...
INFO  [17:29:17.439] [mlr3] Applying learner 'classif.naive_bayes_calib.oof_beta' on task 'wilt' (iter 9/10)
[1] -114.5857
[1] 1.173525

### [bt]: Job terminated successfully [batchtools job.id=1919]
### [bt]: Starting job [batchtools job.id=1920]
### [bt]: Generating problem instance for problem '01ea4b20a58e68c2' ...
### [bt]: Applying algorithm 'run_learner' on problem '01ea4b20a58e68c2' for job 1920 (seed = 1921) ...
INFO  [17:29:17.886] [mlr3] Applying learner 'classif.naive_bayes_calib.oof_beta' on task 'wilt' (iter 10/10)
[1] -27.93337
[1] 22.39866

### [bt]: Job terminated successfully [batchtools job.id=1920]
### [bt]: Calculation finished!
