### [bt]: This is batchtools v0.9.17
### [bt]: Starting calculation of 5 jobs
### [bt]: Setting working directory to '/Users/User/Documents/Studium/Semester8/Hiwi/mlr3calibration/vignettes'
### [bt]: Memory measurement disabled
### [bt]: Starting job [batchtools job.id=1056]
### [bt]: Generating problem instance for problem 'a63d756aec4c60c1' ...
### [bt]: Applying algorithm 'run_learner' on problem 'a63d756aec4c60c1' for job 1056 (seed = 1057) ...
INFO  [17:26:35.591] [mlr3] Applying learner 'classif.naive_bayes' on task 'pc1' (iter 6/10)

### [bt]: Job terminated successfully [batchtools job.id=1056]
### [bt]: Starting job [batchtools job.id=1057]
### [bt]: Generating problem instance for problem 'a63d756aec4c60c1' ...
### [bt]: Applying algorithm 'run_learner' on problem 'a63d756aec4c60c1' for job 1057 (seed = 1058) ...
INFO  [17:26:35.616] [mlr3] Applying learner 'classif.naive_bayes' on task 'pc1' (iter 7/10)

### [bt]: Job terminated successfully [batchtools job.id=1057]
### [bt]: Starting job [batchtools job.id=1058]
### [bt]: Generating problem instance for problem 'a63d756aec4c60c1' ...
### [bt]: Applying algorithm 'run_learner' on problem 'a63d756aec4c60c1' for job 1058 (seed = 1059) ...
INFO  [17:26:35.648] [mlr3] Applying learner 'classif.naive_bayes' on task 'pc1' (iter 8/10)

### [bt]: Job terminated successfully [batchtools job.id=1058]
### [bt]: Starting job [batchtools job.id=1059]
### [bt]: Generating problem instance for problem 'a63d756aec4c60c1' ...
### [bt]: Applying algorithm 'run_learner' on problem 'a63d756aec4c60c1' for job 1059 (seed = 1060) ...
INFO  [17:26:35.675] [mlr3] Applying learner 'classif.naive_bayes' on task 'pc1' (iter 9/10)

### [bt]: Job terminated successfully [batchtools job.id=1059]
### [bt]: Starting job [batchtools job.id=1060]
### [bt]: Generating problem instance for problem 'a63d756aec4c60c1' ...
### [bt]: Applying algorithm 'run_learner' on problem 'a63d756aec4c60c1' for job 1060 (seed = 1061) ...
INFO  [17:26:35.703] [mlr3] Applying learner 'classif.naive_bayes' on task 'pc1' (iter 10/10)

### [bt]: Job terminated successfully [batchtools job.id=1060]
### [bt]: Calculation finished!
