### [bt]: This is batchtools v0.9.17
### [bt]: Starting calculation of 5 jobs
### [bt]: Setting working directory to '/Users/User/Documents/Studium/Semester8/Hiwi/mlr3calibration/vignettes'
### [bt]: Memory measurement disabled
### [bt]: Starting job [batchtools job.id=251]
### [bt]: Generating problem instance for problem '24c2c3a884d818b0' ...
### [bt]: Applying algorithm 'run_learner' on problem '24c2c3a884d818b0' for job 251 (seed = 252) ...
INFO  [17:24:30.082] [mlr3] Applying learner 'classif.naive_bayes_calib.perfold_platt' on task 'credit-g' (iter 1/10)

### [bt]: Job terminated successfully [batchtools job.id=251]
### [bt]: Starting job [batchtools job.id=252]
### [bt]: Generating problem instance for problem '24c2c3a884d818b0' ...
### [bt]: Applying algorithm 'run_learner' on problem '24c2c3a884d818b0' for job 252 (seed = 253) ...
INFO  [17:24:30.584] [mlr3] Applying learner 'classif.naive_bayes_calib.perfold_platt' on task 'credit-g' (iter 2/10)

### [bt]: Job terminated successfully [batchtools job.id=252]
### [bt]: Starting job [batchtools job.id=253]
### [bt]: Generating problem instance for problem '24c2c3a884d818b0' ...
### [bt]: Applying algorithm 'run_learner' on problem '24c2c3a884d818b0' for job 253 (seed = 254) ...
INFO  [17:24:31.105] [mlr3] Applying learner 'classif.naive_bayes_calib.perfold_platt' on task 'credit-g' (iter 3/10)

### [bt]: Job terminated successfully [batchtools job.id=253]
### [bt]: Starting job [batchtools job.id=254]
### [bt]: Generating problem instance for problem '24c2c3a884d818b0' ...
### [bt]: Applying algorithm 'run_learner' on problem '24c2c3a884d818b0' for job 254 (seed = 255) ...
INFO  [17:24:31.725] [mlr3] Applying learner 'classif.naive_bayes_calib.perfold_platt' on task 'credit-g' (iter 4/10)

### [bt]: Job terminated successfully [batchtools job.id=254]
### [bt]: Starting job [batchtools job.id=255]
### [bt]: Generating problem instance for problem '24c2c3a884d818b0' ...
### [bt]: Applying algorithm 'run_learner' on problem '24c2c3a884d818b0' for job 255 (seed = 256) ...
INFO  [17:24:32.268] [mlr3] Applying learner 'classif.naive_bayes_calib.perfold_platt' on task 'credit-g' (iter 5/10)

### [bt]: Job terminated successfully [batchtools job.id=255]
### [bt]: Calculation finished!
