### [bt]: This is batchtools v0.9.17
### [bt]: Starting calculation of 5 jobs
### [bt]: Setting working directory to '/Users/User/Documents/Studium/Semester8/Hiwi/mlr3calibration/vignettes'
### [bt]: Memory measurement disabled
### [bt]: Starting job [batchtools job.id=1386]
### [bt]: Generating problem instance for problem '34d90df810f60583' ...
### [bt]: Applying algorithm 'run_learner' on problem '34d90df810f60583' for job 1386 (seed = 1387) ...
INFO  [17:27:28.412] [mlr3] Applying learner 'classif.ranger_calib.perfold_beta' on task 'phoneme' (iter 6/10)
[1] -112.3545
[1] 15.26962
[1] -88.3444
[1] 19.47971
[1] -125.1457
[1] 15.5649
Warning: glm.fit: fitted probabilities numerically 0 or 1 occurred
This happened PipeOp classif.ranger's $train()
[1] -52.25951
[1] 48.5215
Warning: glm.fit: fitted probabilities numerically 0 or 1 occurred
This happened PipeOp classif.ranger's $train()
[1] -85.73776
[1] 29.98759

### [bt]: Job terminated successfully [batchtools job.id=1386]
### [bt]: Starting job [batchtools job.id=1387]
### [bt]: Generating problem instance for problem '34d90df810f60583' ...
### [bt]: Applying algorithm 'run_learner' on problem '34d90df810f60583' for job 1387 (seed = 1388) ...
INFO  [17:27:36.714] [mlr3] Applying learner 'classif.ranger_calib.perfold_beta' on task 'phoneme' (iter 7/10)
Warning: glm.fit: fitted probabilities numerically 0 or 1 occurred
This happened PipeOp classif.ranger's $train()
[1] -77.99257
[1] 35.60817
[1] -90.21296
[1] 13.95857
Warning: glm.fit: fitted probabilities numerically 0 or 1 occurred
This happened PipeOp classif.ranger's $train()
[1] -63.64567
[1] 49.865
Warning: glm.fit: fitted probabilities numerically 0 or 1 occurred
This happened PipeOp classif.ranger's $train()
[1] -54.22177
[1] 43.84834
Warning: glm.fit: fitted probabilities numerically 0 or 1 occurred
This happened PipeOp classif.ranger's $train()
[1] -81.83795
[1] 38.92476

### [bt]: Job terminated successfully [batchtools job.id=1387]
### [bt]: Starting job [batchtools job.id=1388]
### [bt]: Generating problem instance for problem '34d90df810f60583' ...
### [bt]: Applying algorithm 'run_learner' on problem '34d90df810f60583' for job 1388 (seed = 1389) ...
INFO  [17:27:45.594] [mlr3] Applying learner 'classif.ranger_calib.perfold_beta' on task 'phoneme' (iter 8/10)
Warning: glm.fit: fitted probabilities numerically 0 or 1 occurred
This happened PipeOp classif.ranger's $train()
[1] -63.24372
[1] 46.90857
Warning: glm.fit: fitted probabilities numerically 0 or 1 occurred
This happened PipeOp classif.ranger's $train()
[1] -90.06399
[1] 36.06282
[1] -112.6315
[1] 13.92112
[1] -77.84572
[1] 26.45899
Warning: glm.fit: fitted probabilities numerically 0 or 1 occurred
This happened PipeOp classif.ranger's $train()
[1] -62.77054
[1] 36.00109

### [bt]: Job terminated successfully [batchtools job.id=1388]
### [bt]: Starting job [batchtools job.id=1389]
### [bt]: Generating problem instance for problem '34d90df810f60583' ...
### [bt]: Applying algorithm 'run_learner' on problem '34d90df810f60583' for job 1389 (seed = 1390) ...
INFO  [17:27:54.131] [mlr3] Applying learner 'classif.ranger_calib.perfold_beta' on task 'phoneme' (iter 9/10)
[1] -81.47409
[1] 23.67986
Warning: glm.fit: fitted probabilities numerically 0 or 1 occurred
This happened PipeOp classif.ranger's $train()
[1] -63.78349
[1] 50.40668
[1] -106.8243
[1] 22.25284
Warning: glm.fit: fitted probabilities numerically 0 or 1 occurred
This happened PipeOp classif.ranger's $train()
[1] -88.51185
[1] 30.73991
Warning: glm.fit: fitted probabilities numerically 0 or 1 occurred
This happened PipeOp classif.ranger's $train()
[1] -67.47926
[1] 35.02228

### [bt]: Job terminated successfully [batchtools job.id=1389]
### [bt]: Starting job [batchtools job.id=1390]
### [bt]: Generating problem instance for problem '34d90df810f60583' ...
### [bt]: Applying algorithm 'run_learner' on problem '34d90df810f60583' for job 1390 (seed = 1391) ...
INFO  [17:28:02.877] [mlr3] Applying learner 'classif.ranger_calib.perfold_beta' on task 'phoneme' (iter 10/10)
Warning: glm.fit: fitted probabilities numerically 0 or 1 occurred
This happened PipeOp classif.ranger's $train()
[1] -88.17985
[1] 29.56625
Warning: glm.fit: fitted probabilities numerically 0 or 1 occurred
This happened PipeOp classif.ranger's $train()
[1] -80.14822
[1] 39.48339
Warning: glm.fit: fitted probabilities numerically 0 or 1 occurred
This happened PipeOp classif.ranger's $train()
[1] -45.8892
[1] 61.51389
[1] -91.68269
[1] 18.87203
[1] -104.2918
[1] 17.05571

### [bt]: Job terminated successfully [batchtools job.id=1390]
### [bt]: Calculation finished!
