### [bt]: This is batchtools v0.9.17
### [bt]: Starting calculation of 5 jobs
### [bt]: Setting working directory to '/Users/User/Documents/Studium/Semester8/Hiwi/mlr3calibration/vignettes'
### [bt]: Memory measurement disabled
### [bt]: Starting job [batchtools job.id=1996]
### [bt]: Generating problem instance for problem '01ea4b20a58e68c2' ...
### [bt]: Applying algorithm 'run_learner' on problem '01ea4b20a58e68c2' for job 1996 (seed = 1997) ...
INFO  [17:29:37.947] [mlr3] Applying learner 'classif.ranger_calib.oof_isotonic' on task 'wilt' (iter 6/10)

### [bt]: Job terminated successfully [batchtools job.id=1996]
### [bt]: Starting job [batchtools job.id=1997]
### [bt]: Generating problem instance for problem '01ea4b20a58e68c2' ...
### [bt]: Applying algorithm 'run_learner' on problem '01ea4b20a58e68c2' for job 1997 (seed = 1998) ...
INFO  [17:29:41.724] [mlr3] Applying learner 'classif.ranger_calib.oof_isotonic' on task 'wilt' (iter 7/10)

### [bt]: Job terminated successfully [batchtools job.id=1997]
### [bt]: Starting job [batchtools job.id=1998]
### [bt]: Generating problem instance for problem '01ea4b20a58e68c2' ...
### [bt]: Applying algorithm 'run_learner' on problem '01ea4b20a58e68c2' for job 1998 (seed = 1999) ...
INFO  [17:29:45.072] [mlr3] Applying learner 'classif.ranger_calib.oof_isotonic' on task 'wilt' (iter 8/10)

### [bt]: Job terminated successfully [batchtools job.id=1998]
### [bt]: Starting job [batchtools job.id=1999]
### [bt]: Generating problem instance for problem '01ea4b20a58e68c2' ...
### [bt]: Applying algorithm 'run_learner' on problem '01ea4b20a58e68c2' for job 1999 (seed = 2000) ...
INFO  [17:29:48.410] [mlr3] Applying learner 'classif.ranger_calib.oof_isotonic' on task 'wilt' (iter 9/10)

### [bt]: Job terminated successfully [batchtools job.id=1999]
### [bt]: Starting job [batchtools job.id=2000]
### [bt]: Generating problem instance for problem '01ea4b20a58e68c2' ...
### [bt]: Applying algorithm 'run_learner' on problem '01ea4b20a58e68c2' for job 2000 (seed = 2001) ...
INFO  [17:29:52.069] [mlr3] Applying learner 'classif.ranger_calib.oof_isotonic' on task 'wilt' (iter 10/10)

### [bt]: Job terminated successfully [batchtools job.id=2000]
### [bt]: Calculation finished!
