### [bt]: This is batchtools v0.9.17
### [bt]: Starting calculation of 5 jobs
### [bt]: Setting working directory to '/Users/User/Documents/Studium/Semester8/Hiwi/mlr3calibration/vignettes'
### [bt]: Memory measurement disabled
### [bt]: Starting job [batchtools job.id=1766]
### [bt]: Generating problem instance for problem '6fbfe6520e3d949c' ...
### [bt]: Applying algorithm 'run_learner' on problem '6fbfe6520e3d949c' for job 1766 (seed = 1767) ...
INFO  [17:29:00.002] [mlr3] Applying learner 'classif.ranger_calib.oof_platt' on task 'banknote-authentication' (iter 6/10)

### [bt]: Job terminated successfully [batchtools job.id=1766]
### [bt]: Starting job [batchtools job.id=1767]
### [bt]: Generating problem instance for problem '6fbfe6520e3d949c' ...
### [bt]: Applying algorithm 'run_learner' on problem '6fbfe6520e3d949c' for job 1767 (seed = 1768) ...
INFO  [17:29:00.604] [mlr3] Applying learner 'classif.ranger_calib.oof_platt' on task 'banknote-authentication' (iter 7/10)

### [bt]: Job terminated successfully [batchtools job.id=1767]
### [bt]: Starting job [batchtools job.id=1768]
### [bt]: Generating problem instance for problem '6fbfe6520e3d949c' ...
### [bt]: Applying algorithm 'run_learner' on problem '6fbfe6520e3d949c' for job 1768 (seed = 1769) ...
INFO  [17:29:01.227] [mlr3] Applying learner 'classif.ranger_calib.oof_platt' on task 'banknote-authentication' (iter 8/10)

### [bt]: Job terminated successfully [batchtools job.id=1768]
### [bt]: Starting job [batchtools job.id=1769]
### [bt]: Generating problem instance for problem '6fbfe6520e3d949c' ...
### [bt]: Applying algorithm 'run_learner' on problem '6fbfe6520e3d949c' for job 1769 (seed = 1770) ...
INFO  [17:29:01.830] [mlr3] Applying learner 'classif.ranger_calib.oof_platt' on task 'banknote-authentication' (iter 9/10)

### [bt]: Job terminated successfully [batchtools job.id=1769]
### [bt]: Starting job [batchtools job.id=1770]
### [bt]: Generating problem instance for problem '6fbfe6520e3d949c' ...
### [bt]: Applying algorithm 'run_learner' on problem '6fbfe6520e3d949c' for job 1770 (seed = 1771) ...
INFO  [17:29:02.431] [mlr3] Applying learner 'classif.ranger_calib.oof_platt' on task 'banknote-authentication' (iter 10/10)

### [bt]: Job terminated successfully [batchtools job.id=1770]
### [bt]: Calculation finished!
