### [bt]: This is batchtools v0.9.17
### [bt]: Starting calculation of 5 jobs
### [bt]: Setting working directory to '/Users/User/Documents/Studium/Semester8/Hiwi/mlr3calibration/vignettes'
### [bt]: Memory measurement disabled
### [bt]: Starting job [batchtools job.id=2096]
### [bt]: Generating problem instance for problem '01ea4b20a58e68c2' ...
### [bt]: Applying algorithm 'run_learner' on problem '01ea4b20a58e68c2' for job 2096 (seed = 2097) ...
INFO  [17:29:58.403] [mlr3] Applying learner 'classif.rpart_calib.perfold_isotonic' on task 'wilt' (iter 6/10)

### [bt]: Job terminated successfully [batchtools job.id=2096]
### [bt]: Starting job [batchtools job.id=2097]
### [bt]: Generating problem instance for problem '01ea4b20a58e68c2' ...
### [bt]: Applying algorithm 'run_learner' on problem '01ea4b20a58e68c2' for job 2097 (seed = 2098) ...
INFO  [17:29:58.613] [mlr3] Applying learner 'classif.rpart_calib.perfold_isotonic' on task 'wilt' (iter 7/10)

### [bt]: Job terminated successfully [batchtools job.id=2097]
### [bt]: Starting job [batchtools job.id=2098]
### [bt]: Generating problem instance for problem '01ea4b20a58e68c2' ...
### [bt]: Applying algorithm 'run_learner' on problem '01ea4b20a58e68c2' for job 2098 (seed = 2099) ...
INFO  [17:29:58.806] [mlr3] Applying learner 'classif.rpart_calib.perfold_isotonic' on task 'wilt' (iter 8/10)

### [bt]: Job terminated successfully [batchtools job.id=2098]
### [bt]: Starting job [batchtools job.id=2099]
### [bt]: Generating problem instance for problem '01ea4b20a58e68c2' ...
### [bt]: Applying algorithm 'run_learner' on problem '01ea4b20a58e68c2' for job 2099 (seed = 2100) ...
INFO  [17:29:58.999] [mlr3] Applying learner 'classif.rpart_calib.perfold_isotonic' on task 'wilt' (iter 9/10)

### [bt]: Job terminated successfully [batchtools job.id=2099]
### [bt]: Starting job [batchtools job.id=2100]
### [bt]: Generating problem instance for problem '01ea4b20a58e68c2' ...
### [bt]: Applying algorithm 'run_learner' on problem '01ea4b20a58e68c2' for job 2100 (seed = 2101) ...
INFO  [17:29:59.305] [mlr3] Applying learner 'classif.rpart_calib.perfold_isotonic' on task 'wilt' (iter 10/10)

### [bt]: Job terminated successfully [batchtools job.id=2100]
### [bt]: Calculation finished!
