### [bt]: This is batchtools v0.9.17
### [bt]: Starting calculation of 5 jobs
### [bt]: Setting working directory to '/Users/User/Documents/Studium/Semester8/Hiwi/mlr3calibration/vignettes'
### [bt]: Memory measurement disabled
### [bt]: Starting job [batchtools job.id=296]
### [bt]: Generating problem instance for problem '24c2c3a884d818b0' ...
### [bt]: Applying algorithm 'run_learner' on problem '24c2c3a884d818b0' for job 296 (seed = 297) ...
INFO  [17:24:31.084] [mlr3] Applying learner 'classif.ranger_calib.oof_platt' on task 'credit-g' (iter 6/10)

### [bt]: Job terminated successfully [batchtools job.id=296]
### [bt]: Starting job [batchtools job.id=297]
### [bt]: Generating problem instance for problem '24c2c3a884d818b0' ...
### [bt]: Applying algorithm 'run_learner' on problem '24c2c3a884d818b0' for job 297 (seed = 298) ...
INFO  [17:24:32.446] [mlr3] Applying learner 'classif.ranger_calib.oof_platt' on task 'credit-g' (iter 7/10)

### [bt]: Job terminated successfully [batchtools job.id=297]
### [bt]: Starting job [batchtools job.id=298]
### [bt]: Generating problem instance for problem '24c2c3a884d818b0' ...
### [bt]: Applying algorithm 'run_learner' on problem '24c2c3a884d818b0' for job 298 (seed = 299) ...
INFO  [17:24:33.811] [mlr3] Applying learner 'classif.ranger_calib.oof_platt' on task 'credit-g' (iter 8/10)

### [bt]: Job terminated successfully [batchtools job.id=298]
### [bt]: Starting job [batchtools job.id=299]
### [bt]: Generating problem instance for problem '24c2c3a884d818b0' ...
### [bt]: Applying algorithm 'run_learner' on problem '24c2c3a884d818b0' for job 299 (seed = 300) ...
INFO  [17:24:34.795] [mlr3] Applying learner 'classif.ranger_calib.oof_platt' on task 'credit-g' (iter 9/10)

### [bt]: Job terminated successfully [batchtools job.id=299]
### [bt]: Starting job [batchtools job.id=300]
### [bt]: Generating problem instance for problem '24c2c3a884d818b0' ...
### [bt]: Applying algorithm 'run_learner' on problem '24c2c3a884d818b0' for job 300 (seed = 301) ...
INFO  [17:24:35.821] [mlr3] Applying learner 'classif.ranger_calib.oof_platt' on task 'credit-g' (iter 10/10)

### [bt]: Job terminated successfully [batchtools job.id=300]
### [bt]: Calculation finished!
