### [bt]: This is batchtools v0.9.17
### [bt]: Starting calculation of 5 jobs
### [bt]: Setting working directory to '/Users/User/Documents/Studium/Semester8/Hiwi/mlr3calibration/vignettes'
### [bt]: Memory measurement disabled
### [bt]: Starting job [batchtools job.id=1466]
### [bt]: Generating problem instance for problem '34d90df810f60583' ...
### [bt]: Applying algorithm 'run_learner' on problem '34d90df810f60583' for job 1466 (seed = 1467) ...
INFO  [17:28:13.795] [mlr3] Applying learner 'classif.rpart_calib.perfold_isotonic' on task 'phoneme' (iter 6/10)

### [bt]: Job terminated successfully [batchtools job.id=1466]
### [bt]: Starting job [batchtools job.id=1467]
### [bt]: Generating problem instance for problem '34d90df810f60583' ...
### [bt]: Applying algorithm 'run_learner' on problem '34d90df810f60583' for job 1467 (seed = 1468) ...
INFO  [17:28:14.151] [mlr3] Applying learner 'classif.rpart_calib.perfold_isotonic' on task 'phoneme' (iter 7/10)

### [bt]: Job terminated successfully [batchtools job.id=1467]
### [bt]: Starting job [batchtools job.id=1468]
### [bt]: Generating problem instance for problem '34d90df810f60583' ...
### [bt]: Applying algorithm 'run_learner' on problem '34d90df810f60583' for job 1468 (seed = 1469) ...
INFO  [17:28:14.769] [mlr3] Applying learner 'classif.rpart_calib.perfold_isotonic' on task 'phoneme' (iter 8/10)

### [bt]: Job terminated successfully [batchtools job.id=1468]
### [bt]: Starting job [batchtools job.id=1469]
### [bt]: Generating problem instance for problem '34d90df810f60583' ...
### [bt]: Applying algorithm 'run_learner' on problem '34d90df810f60583' for job 1469 (seed = 1470) ...
INFO  [17:28:14.997] [mlr3] Applying learner 'classif.rpart_calib.perfold_isotonic' on task 'phoneme' (iter 9/10)

### [bt]: Job terminated successfully [batchtools job.id=1469]
### [bt]: Starting job [batchtools job.id=1470]
### [bt]: Generating problem instance for problem '34d90df810f60583' ...
### [bt]: Applying algorithm 'run_learner' on problem '34d90df810f60583' for job 1470 (seed = 1471) ...
INFO  [17:28:15.204] [mlr3] Applying learner 'classif.rpart_calib.perfold_isotonic' on task 'phoneme' (iter 10/10)

### [bt]: Job terminated successfully [batchtools job.id=1470]
### [bt]: Calculation finished!
