### [bt]: This is batchtools v0.9.17
### [bt]: Starting calculation of 5 jobs
### [bt]: Setting working directory to '/Users/User/Documents/Studium/Semester8/Hiwi/mlr3calibration/vignettes'
### [bt]: Memory measurement disabled
### [bt]: Starting job [batchtools job.id=86]
### [bt]: Generating problem instance for problem '70bd5a65df34c4f3' ...
### [bt]: Applying algorithm 'run_learner' on problem '70bd5a65df34c4f3' for job 86 (seed = 87) ...
INFO  [17:23:54.807] [mlr3] Applying learner 'classif.ranger_calib.oof_platt' on task 'kr-vs-kp' (iter 6/10)

### [bt]: Job terminated successfully [batchtools job.id=86]
### [bt]: Starting job [batchtools job.id=87]
### [bt]: Generating problem instance for problem '70bd5a65df34c4f3' ...
### [bt]: Applying algorithm 'run_learner' on problem '70bd5a65df34c4f3' for job 87 (seed = 88) ...
INFO  [17:23:57.838] [mlr3] Applying learner 'classif.ranger_calib.oof_platt' on task 'kr-vs-kp' (iter 7/10)

### [bt]: Job terminated successfully [batchtools job.id=87]
### [bt]: Starting job [batchtools job.id=88]
### [bt]: Generating problem instance for problem '70bd5a65df34c4f3' ...
### [bt]: Applying algorithm 'run_learner' on problem '70bd5a65df34c4f3' for job 88 (seed = 89) ...
INFO  [17:24:01.128] [mlr3] Applying learner 'classif.ranger_calib.oof_platt' on task 'kr-vs-kp' (iter 8/10)

### [bt]: Job terminated successfully [batchtools job.id=88]
### [bt]: Starting job [batchtools job.id=89]
### [bt]: Generating problem instance for problem '70bd5a65df34c4f3' ...
### [bt]: Applying algorithm 'run_learner' on problem '70bd5a65df34c4f3' for job 89 (seed = 90) ...
INFO  [17:24:04.632] [mlr3] Applying learner 'classif.ranger_calib.oof_platt' on task 'kr-vs-kp' (iter 9/10)

### [bt]: Job terminated successfully [batchtools job.id=89]
### [bt]: Starting job [batchtools job.id=90]
### [bt]: Generating problem instance for problem '70bd5a65df34c4f3' ...
### [bt]: Applying algorithm 'run_learner' on problem '70bd5a65df34c4f3' for job 90 (seed = 91) ...
INFO  [17:24:08.068] [mlr3] Applying learner 'classif.ranger_calib.oof_platt' on task 'kr-vs-kp' (iter 10/10)

### [bt]: Job terminated successfully [batchtools job.id=90]
### [bt]: Calculation finished!
