### [bt]: This is batchtools v0.9.17
### [bt]: Starting calculation of 5 jobs
### [bt]: Setting working directory to '/Users/User/Documents/Studium/Semester8/Hiwi/mlr3calibration/vignettes'
### [bt]: Memory measurement disabled
### [bt]: Starting job [batchtools job.id=286]
### [bt]: Generating problem instance for problem '24c2c3a884d818b0' ...
### [bt]: Applying algorithm 'run_learner' on problem '24c2c3a884d818b0' for job 286 (seed = 287) ...
INFO  [17:24:30.105] [mlr3] Applying learner 'classif.ranger' on task 'credit-g' (iter 6/10)

### [bt]: Job terminated successfully [batchtools job.id=286]
### [bt]: Starting job [batchtools job.id=287]
### [bt]: Generating problem instance for problem '24c2c3a884d818b0' ...
### [bt]: Applying algorithm 'run_learner' on problem '24c2c3a884d818b0' for job 287 (seed = 288) ...
INFO  [17:24:30.310] [mlr3] Applying learner 'classif.ranger' on task 'credit-g' (iter 7/10)

### [bt]: Job terminated successfully [batchtools job.id=287]
### [bt]: Starting job [batchtools job.id=288]
### [bt]: Generating problem instance for problem '24c2c3a884d818b0' ...
### [bt]: Applying algorithm 'run_learner' on problem '24c2c3a884d818b0' for job 288 (seed = 289) ...
INFO  [17:24:30.520] [mlr3] Applying learner 'classif.ranger' on task 'credit-g' (iter 8/10)

### [bt]: Job terminated successfully [batchtools job.id=288]
### [bt]: Starting job [batchtools job.id=289]
### [bt]: Generating problem instance for problem '24c2c3a884d818b0' ...
### [bt]: Applying algorithm 'run_learner' on problem '24c2c3a884d818b0' for job 289 (seed = 290) ...
INFO  [17:24:30.706] [mlr3] Applying learner 'classif.ranger' on task 'credit-g' (iter 9/10)

### [bt]: Job terminated successfully [batchtools job.id=289]
### [bt]: Starting job [batchtools job.id=290]
### [bt]: Generating problem instance for problem '24c2c3a884d818b0' ...
### [bt]: Applying algorithm 'run_learner' on problem '24c2c3a884d818b0' for job 290 (seed = 291) ...
INFO  [17:24:30.907] [mlr3] Applying learner 'classif.ranger' on task 'credit-g' (iter 10/10)

### [bt]: Job terminated successfully [batchtools job.id=290]
### [bt]: Calculation finished!
