### [bt]: This is batchtools v0.9.17
### [bt]: Starting calculation of 5 jobs
### [bt]: Setting working directory to '/Users/User/Documents/Studium/Semester8/Hiwi/mlr3calibration/vignettes'
### [bt]: Memory measurement disabled
### [bt]: Starting job [batchtools job.id=231]
### [bt]: Generating problem instance for problem '24c2c3a884d818b0' ...
### [bt]: Applying algorithm 'run_learner' on problem '24c2c3a884d818b0' for job 231 (seed = 232) ...
INFO  [17:24:25.283] [mlr3] Applying learner 'classif.naive_bayes_calib.oof_beta' on task 'credit-g' (iter 1/10)
[1] -1.128965
[1] 29.45004

### [bt]: Job terminated successfully [batchtools job.id=231]
### [bt]: Starting job [batchtools job.id=232]
### [bt]: Generating problem instance for problem '24c2c3a884d818b0' ...
### [bt]: Applying algorithm 'run_learner' on problem '24c2c3a884d818b0' for job 232 (seed = 233) ...
INFO  [17:24:25.667] [mlr3] Applying learner 'classif.naive_bayes_calib.oof_beta' on task 'credit-g' (iter 2/10)
[1] -2.06369
[1] 29.72711

### [bt]: Job terminated successfully [batchtools job.id=232]
### [bt]: Starting job [batchtools job.id=233]
### [bt]: Generating problem instance for problem '24c2c3a884d818b0' ...
### [bt]: Applying algorithm 'run_learner' on problem '24c2c3a884d818b0' for job 233 (seed = 234) ...
INFO  [17:24:26.029] [mlr3] Applying learner 'classif.naive_bayes_calib.oof_beta' on task 'credit-g' (iter 3/10)
[1] -2.260807
[1] 29.242

### [bt]: Job terminated successfully [batchtools job.id=233]
### [bt]: Starting job [batchtools job.id=234]
### [bt]: Generating problem instance for problem '24c2c3a884d818b0' ...
### [bt]: Applying algorithm 'run_learner' on problem '24c2c3a884d818b0' for job 234 (seed = 235) ...
INFO  [17:24:26.380] [mlr3] Applying learner 'classif.naive_bayes_calib.oof_beta' on task 'credit-g' (iter 4/10)
[1] -1.348298
[1] 29.46635

### [bt]: Job terminated successfully [batchtools job.id=234]
### [bt]: Starting job [batchtools job.id=235]
### [bt]: Generating problem instance for problem '24c2c3a884d818b0' ...
### [bt]: Applying algorithm 'run_learner' on problem '24c2c3a884d818b0' for job 235 (seed = 236) ...
INFO  [17:24:26.705] [mlr3] Applying learner 'classif.naive_bayes_calib.oof_beta' on task 'credit-g' (iter 5/10)
[1] -3.236146
[1] 29.53529

### [bt]: Job terminated successfully [batchtools job.id=235]
### [bt]: Calculation finished!
