### [bt]: This is batchtools v0.9.17
### [bt]: Starting calculation of 5 jobs
### [bt]: Setting working directory to '/Users/User/Documents/Studium/Semester8/Hiwi/mlr3calibration/vignettes'
### [bt]: Memory measurement disabled
### [bt]: Starting job [batchtools job.id=1411]
### [bt]: Generating problem instance for problem '34d90df810f60583' ...
### [bt]: Applying algorithm 'run_learner' on problem '34d90df810f60583' for job 1411 (seed = 1412) ...
INFO  [17:27:57.253] [mlr3] Applying learner 'classif.rpart_calib.oof_platt' on task 'phoneme' (iter 1/10)

### [bt]: Job terminated successfully [batchtools job.id=1411]
### [bt]: Starting job [batchtools job.id=1412]
### [bt]: Generating problem instance for problem '34d90df810f60583' ...
### [bt]: Applying algorithm 'run_learner' on problem '34d90df810f60583' for job 1412 (seed = 1413) ...
INFO  [17:27:57.369] [mlr3] Applying learner 'classif.rpart_calib.oof_platt' on task 'phoneme' (iter 2/10)

### [bt]: Job terminated successfully [batchtools job.id=1412]
### [bt]: Starting job [batchtools job.id=1413]
### [bt]: Generating problem instance for problem '34d90df810f60583' ...
### [bt]: Applying algorithm 'run_learner' on problem '34d90df810f60583' for job 1413 (seed = 1414) ...
INFO  [17:27:57.623] [mlr3] Applying learner 'classif.rpart_calib.oof_platt' on task 'phoneme' (iter 3/10)

### [bt]: Job terminated successfully [batchtools job.id=1413]
### [bt]: Starting job [batchtools job.id=1414]
### [bt]: Generating problem instance for problem '34d90df810f60583' ...
### [bt]: Applying algorithm 'run_learner' on problem '34d90df810f60583' for job 1414 (seed = 1415) ...
INFO  [17:27:57.834] [mlr3] Applying learner 'classif.rpart_calib.oof_platt' on task 'phoneme' (iter 4/10)

### [bt]: Job terminated successfully [batchtools job.id=1414]
### [bt]: Starting job [batchtools job.id=1415]
### [bt]: Generating problem instance for problem '34d90df810f60583' ...
### [bt]: Applying algorithm 'run_learner' on problem '34d90df810f60583' for job 1415 (seed = 1416) ...
INFO  [17:27:58.363] [mlr3] Applying learner 'classif.rpart_calib.oof_platt' on task 'phoneme' (iter 5/10)

### [bt]: Job terminated successfully [batchtools job.id=1415]
### [bt]: Calculation finished!
