### [bt]: This is batchtools v0.9.17
### [bt]: Starting calculation of 5 jobs
### [bt]: Setting working directory to '/Users/User/Documents/Studium/Semester8/Hiwi/mlr3calibration/vignettes'
### [bt]: Memory measurement disabled
### [bt]: Starting job [batchtools job.id=561]
### [bt]: Generating problem instance for problem '698720b8ce42ae0c' ...
### [bt]: Applying algorithm 'run_learner' on problem '698720b8ce42ae0c' for job 561 (seed = 562) ...
INFO  [17:25:11.060] [mlr3] Applying learner 'classif.rpart' on task 'pc4' (iter 1/10)

### [bt]: Job terminated successfully [batchtools job.id=561]
### [bt]: Starting job [batchtools job.id=562]
### [bt]: Generating problem instance for problem '698720b8ce42ae0c' ...
### [bt]: Applying algorithm 'run_learner' on problem '698720b8ce42ae0c' for job 562 (seed = 563) ...
INFO  [17:25:11.074] [mlr3] Applying learner 'classif.rpart' on task 'pc4' (iter 2/10)

### [bt]: Job terminated successfully [batchtools job.id=562]
### [bt]: Starting job [batchtools job.id=563]
### [bt]: Generating problem instance for problem '698720b8ce42ae0c' ...
### [bt]: Applying algorithm 'run_learner' on problem '698720b8ce42ae0c' for job 563 (seed = 564) ...
INFO  [17:25:11.095] [mlr3] Applying learner 'classif.rpart' on task 'pc4' (iter 3/10)

### [bt]: Job terminated successfully [batchtools job.id=563]
### [bt]: Starting job [batchtools job.id=564]
### [bt]: Generating problem instance for problem '698720b8ce42ae0c' ...
### [bt]: Applying algorithm 'run_learner' on problem '698720b8ce42ae0c' for job 564 (seed = 565) ...
INFO  [17:25:11.116] [mlr3] Applying learner 'classif.rpart' on task 'pc4' (iter 4/10)

### [bt]: Job terminated successfully [batchtools job.id=564]
### [bt]: Starting job [batchtools job.id=565]
### [bt]: Generating problem instance for problem '698720b8ce42ae0c' ...
### [bt]: Applying algorithm 'run_learner' on problem '698720b8ce42ae0c' for job 565 (seed = 566) ...
INFO  [17:25:11.141] [mlr3] Applying learner 'classif.rpart' on task 'pc4' (iter 5/10)

### [bt]: Job terminated successfully [batchtools job.id=565]
### [bt]: Calculation finished!
