### [bt]: This is batchtools v0.9.17
### [bt]: Starting calculation of 5 jobs
### [bt]: Setting working directory to '/Users/User/Documents/Studium/Semester8/Hiwi/mlr3calibration/vignettes'
### [bt]: Memory measurement disabled
### [bt]: Starting job [batchtools job.id=671]
### [bt]: Generating problem instance for problem '78e20b4b43a56ff6' ...
### [bt]: Applying algorithm 'run_learner' on problem '78e20b4b43a56ff6' for job 671 (seed = 672) ...
INFO  [17:25:29.742] [mlr3] Applying learner 'classif.naive_bayes_calib.perfold_platt' on task 'pc3' (iter 1/10)

### [bt]: Job terminated successfully [batchtools job.id=671]
### [bt]: Starting job [batchtools job.id=672]
### [bt]: Generating problem instance for problem '78e20b4b43a56ff6' ...
### [bt]: Applying algorithm 'run_learner' on problem '78e20b4b43a56ff6' for job 672 (seed = 673) ...
INFO  [17:25:30.749] [mlr3] Applying learner 'classif.naive_bayes_calib.perfold_platt' on task 'pc3' (iter 2/10)

### [bt]: Job terminated successfully [batchtools job.id=672]
### [bt]: Starting job [batchtools job.id=673]
### [bt]: Generating problem instance for problem '78e20b4b43a56ff6' ...
### [bt]: Applying algorithm 'run_learner' on problem '78e20b4b43a56ff6' for job 673 (seed = 674) ...
INFO  [17:25:31.722] [mlr3] Applying learner 'classif.naive_bayes_calib.perfold_platt' on task 'pc3' (iter 3/10)

### [bt]: Job terminated successfully [batchtools job.id=673]
### [bt]: Starting job [batchtools job.id=674]
### [bt]: Generating problem instance for problem '78e20b4b43a56ff6' ...
### [bt]: Applying algorithm 'run_learner' on problem '78e20b4b43a56ff6' for job 674 (seed = 675) ...
INFO  [17:25:32.467] [mlr3] Applying learner 'classif.naive_bayes_calib.perfold_platt' on task 'pc3' (iter 4/10)

### [bt]: Job terminated successfully [batchtools job.id=674]
### [bt]: Starting job [batchtools job.id=675]
### [bt]: Generating problem instance for problem '78e20b4b43a56ff6' ...
### [bt]: Applying algorithm 'run_learner' on problem '78e20b4b43a56ff6' for job 675 (seed = 676) ...
INFO  [17:25:33.171] [mlr3] Applying learner 'classif.naive_bayes_calib.perfold_platt' on task 'pc3' (iter 5/10)

### [bt]: Job terminated successfully [batchtools job.id=675]
### [bt]: Calculation finished!
