### [bt]: This is batchtools v0.9.17
### [bt]: Starting calculation of 5 jobs
### [bt]: Setting working directory to '/Users/User/Documents/Studium/Semester8/Hiwi/mlr3calibration/vignettes'
### [bt]: Memory measurement disabled
### [bt]: Starting job [batchtools job.id=511]
### [bt]: Generating problem instance for problem '698720b8ce42ae0c' ...
### [bt]: Applying algorithm 'run_learner' on problem '698720b8ce42ae0c' for job 511 (seed = 512) ...
INFO  [17:25:00.236] [mlr3] Applying learner 'classif.ranger_calib.oof_beta' on task 'pc4' (iter 1/10)
Warning: glm.fit: fitted probabilities numerically 0 or 1 occurred
This happened PipeOp classif.ranger's $train()
[1] 0.7741788
[1] 88.63136

### [bt]: Job terminated successfully [batchtools job.id=511]
### [bt]: Starting job [batchtools job.id=512]
### [bt]: Generating problem instance for problem '698720b8ce42ae0c' ...
### [bt]: Applying algorithm 'run_learner' on problem '698720b8ce42ae0c' for job 512 (seed = 513) ...
INFO  [17:25:01.836] [mlr3] Applying learner 'classif.ranger_calib.oof_beta' on task 'pc4' (iter 2/10)
Warning: glm.fit: fitted probabilities numerically 0 or 1 occurred
This happened PipeOp classif.ranger's $train()
[1] -39.581
[1] 68.32094

### [bt]: Job terminated successfully [batchtools job.id=512]
### [bt]: Starting job [batchtools job.id=513]
### [bt]: Generating problem instance for problem '698720b8ce42ae0c' ...
### [bt]: Applying algorithm 'run_learner' on problem '698720b8ce42ae0c' for job 513 (seed = 514) ...
INFO  [17:25:03.323] [mlr3] Applying learner 'classif.ranger_calib.oof_beta' on task 'pc4' (iter 3/10)
Warning: glm.fit: fitted probabilities numerically 0 or 1 occurred
This happened PipeOp classif.ranger's $train()
[1] -14.50276
[1] 79.78378

### [bt]: Job terminated successfully [batchtools job.id=513]
### [bt]: Starting job [batchtools job.id=514]
### [bt]: Generating problem instance for problem '698720b8ce42ae0c' ...
### [bt]: Applying algorithm 'run_learner' on problem '698720b8ce42ae0c' for job 514 (seed = 515) ...
INFO  [17:25:04.854] [mlr3] Applying learner 'classif.ranger_calib.oof_beta' on task 'pc4' (iter 4/10)
Warning: glm.fit: fitted probabilities numerically 0 or 1 occurred
This happened PipeOp classif.ranger's $train()
[1] -58.47806
[1] 61.30005

### [bt]: Job terminated successfully [batchtools job.id=514]
### [bt]: Starting job [batchtools job.id=515]
### [bt]: Generating problem instance for problem '698720b8ce42ae0c' ...
### [bt]: Applying algorithm 'run_learner' on problem '698720b8ce42ae0c' for job 515 (seed = 516) ...
INFO  [17:25:06.241] [mlr3] Applying learner 'classif.ranger_calib.oof_beta' on task 'pc4' (iter 5/10)
Warning: glm.fit: fitted probabilities numerically 0 or 1 occurred
This happened PipeOp classif.ranger's $train()
Warning: glm.fit: fitted probabilities numerically 0 or 1 occurred
This happened PipeOp classif.ranger's $train()
[1] 2.018549
[1] 85.2601

### [bt]: Job terminated successfully [batchtools job.id=515]
### [bt]: Calculation finished!
