### [bt]: This is batchtools v0.9.17
### [bt]: Starting calculation of 5 jobs
### [bt]: Setting working directory to '/Users/User/Documents/Studium/Semester8/Hiwi/mlr3calibration/vignettes'
### [bt]: Memory measurement disabled
### [bt]: Starting job [batchtools job.id=571]
### [bt]: Generating problem instance for problem '698720b8ce42ae0c' ...
### [bt]: Applying algorithm 'run_learner' on problem '698720b8ce42ae0c' for job 571 (seed = 572) ...
INFO  [17:25:11.077] [mlr3] Applying learner 'classif.rpart_calib.oof_platt' on task 'pc4' (iter 1/10)

### [bt]: Job terminated successfully [batchtools job.id=571]
### [bt]: Starting job [batchtools job.id=572]
### [bt]: Generating problem instance for problem '698720b8ce42ae0c' ...
### [bt]: Applying algorithm 'run_learner' on problem '698720b8ce42ae0c' for job 572 (seed = 573) ...
INFO  [17:25:11.191] [mlr3] Applying learner 'classif.rpart_calib.oof_platt' on task 'pc4' (iter 2/10)

### [bt]: Job terminated successfully [batchtools job.id=572]
### [bt]: Starting job [batchtools job.id=573]
### [bt]: Generating problem instance for problem '698720b8ce42ae0c' ...
### [bt]: Applying algorithm 'run_learner' on problem '698720b8ce42ae0c' for job 573 (seed = 574) ...
INFO  [17:25:11.336] [mlr3] Applying learner 'classif.rpart_calib.oof_platt' on task 'pc4' (iter 3/10)

### [bt]: Job terminated successfully [batchtools job.id=573]
### [bt]: Starting job [batchtools job.id=574]
### [bt]: Generating problem instance for problem '698720b8ce42ae0c' ...
### [bt]: Applying algorithm 'run_learner' on problem '698720b8ce42ae0c' for job 574 (seed = 575) ...
INFO  [17:25:11.605] [mlr3] Applying learner 'classif.rpart_calib.oof_platt' on task 'pc4' (iter 4/10)

### [bt]: Job terminated successfully [batchtools job.id=574]
### [bt]: Starting job [batchtools job.id=575]
### [bt]: Generating problem instance for problem '698720b8ce42ae0c' ...
### [bt]: Applying algorithm 'run_learner' on problem '698720b8ce42ae0c' for job 575 (seed = 576) ...
INFO  [17:25:11.830] [mlr3] Applying learner 'classif.rpart_calib.oof_platt' on task 'pc4' (iter 5/10)

### [bt]: Job terminated successfully [batchtools job.id=575]
### [bt]: Calculation finished!
