### [bt]: This is batchtools v0.9.17
### [bt]: Starting calculation of 5 jobs
### [bt]: Setting working directory to '/Users/User/Documents/Studium/Semester8/Hiwi/mlr3calibration/vignettes'
### [bt]: Memory measurement disabled
### [bt]: Starting job [batchtools job.id=441]
### [bt]: Generating problem instance for problem '698720b8ce42ae0c' ...
### [bt]: Applying algorithm 'run_learner' on problem '698720b8ce42ae0c' for job 441 (seed = 442) ...
INFO  [17:24:51.604] [mlr3] Applying learner 'classif.naive_bayes_calib.oof_beta' on task 'pc4' (iter 1/10)
[1] -1.27316
[1] 4.533463

### [bt]: Job terminated successfully [batchtools job.id=441]
### [bt]: Starting job [batchtools job.id=442]
### [bt]: Generating problem instance for problem '698720b8ce42ae0c' ...
### [bt]: Applying algorithm 'run_learner' on problem '698720b8ce42ae0c' for job 442 (seed = 443) ...
INFO  [17:24:52.371] [mlr3] Applying learner 'classif.naive_bayes_calib.oof_beta' on task 'pc4' (iter 2/10)
[1] -1.032963
[1] 4.43854

### [bt]: Job terminated successfully [batchtools job.id=442]
### [bt]: Starting job [batchtools job.id=443]
### [bt]: Generating problem instance for problem '698720b8ce42ae0c' ...
### [bt]: Applying algorithm 'run_learner' on problem '698720b8ce42ae0c' for job 443 (seed = 444) ...
INFO  [17:24:53.174] [mlr3] Applying learner 'classif.naive_bayes_calib.oof_beta' on task 'pc4' (iter 3/10)
[1] -0.8759301
[1] 4.79284
Warning in value[[3L]](cond) :
  beta_calibration failed: uniroot endpoint sign mismatch.
This happened PipeOp classif.naive_bayes's $train()

### [bt]: Job terminated successfully [batchtools job.id=443]
### [bt]: Starting job [batchtools job.id=444]
### [bt]: Generating problem instance for problem '698720b8ce42ae0c' ...
### [bt]: Applying algorithm 'run_learner' on problem '698720b8ce42ae0c' for job 444 (seed = 445) ...
INFO  [17:24:53.897] [mlr3] Applying learner 'classif.naive_bayes_calib.oof_beta' on task 'pc4' (iter 4/10)
[1] -1.963759
[1] 3.890828

### [bt]: Job terminated successfully [batchtools job.id=444]
### [bt]: Starting job [batchtools job.id=445]
### [bt]: Generating problem instance for problem '698720b8ce42ae0c' ...
### [bt]: Applying algorithm 'run_learner' on problem '698720b8ce42ae0c' for job 445 (seed = 446) ...
INFO  [17:24:54.606] [mlr3] Applying learner 'classif.naive_bayes_calib.oof_beta' on task 'pc4' (iter 5/10)
[1] -1.283017
[1] 4.202024

### [bt]: Job terminated successfully [batchtools job.id=445]
### [bt]: Calculation finished!
