### [bt]: This is batchtools v0.9.17
### [bt]: Starting calculation of 5 jobs
### [bt]: Setting working directory to '/Users/User/Documents/Studium/Semester8/Hiwi/mlr3calibration/vignettes'
### [bt]: Memory measurement disabled
### [bt]: Starting job [batchtools job.id=1701]
### [bt]: Generating problem instance for problem '6fbfe6520e3d949c' ...
### [bt]: Applying algorithm 'run_learner' on problem '6fbfe6520e3d949c' for job 1701 (seed = 1702) ...
INFO  [17:28:52.392] [mlr3] Applying learner 'classif.naive_bayes_calib.oof_beta' on task 'banknote-authentication' (iter 1/10)
[1] -18.26336
[1] 42.62831

### [bt]: Job terminated successfully [batchtools job.id=1701]
### [bt]: Starting job [batchtools job.id=1702]
### [bt]: Generating problem instance for problem '6fbfe6520e3d949c' ...
### [bt]: Applying algorithm 'run_learner' on problem '6fbfe6520e3d949c' for job 1702 (seed = 1703) ...
INFO  [17:28:52.650] [mlr3] Applying learner 'classif.naive_bayes_calib.oof_beta' on task 'banknote-authentication' (iter 2/10)
[1] -19.34347
[1] 42.22264

### [bt]: Job terminated successfully [batchtools job.id=1702]
### [bt]: Starting job [batchtools job.id=1703]
### [bt]: Generating problem instance for problem '6fbfe6520e3d949c' ...
### [bt]: Applying algorithm 'run_learner' on problem '6fbfe6520e3d949c' for job 1703 (seed = 1704) ...
INFO  [17:28:52.925] [mlr3] Applying learner 'classif.naive_bayes_calib.oof_beta' on task 'banknote-authentication' (iter 3/10)
[1] -16.55427
[1] 46.27482

### [bt]: Job terminated successfully [batchtools job.id=1703]
### [bt]: Starting job [batchtools job.id=1704]
### [bt]: Generating problem instance for problem '6fbfe6520e3d949c' ...
### [bt]: Applying algorithm 'run_learner' on problem '6fbfe6520e3d949c' for job 1704 (seed = 1705) ...
INFO  [17:28:53.218] [mlr3] Applying learner 'classif.naive_bayes_calib.oof_beta' on task 'banknote-authentication' (iter 4/10)
[1] -14.15335
[1] 45.30967

### [bt]: Job terminated successfully [batchtools job.id=1704]
### [bt]: Starting job [batchtools job.id=1705]
### [bt]: Generating problem instance for problem '6fbfe6520e3d949c' ...
### [bt]: Applying algorithm 'run_learner' on problem '6fbfe6520e3d949c' for job 1705 (seed = 1706) ...
INFO  [17:28:53.471] [mlr3] Applying learner 'classif.naive_bayes_calib.oof_beta' on task 'banknote-authentication' (iter 5/10)
[1] -14.46875
[1] 48.05002

### [bt]: Job terminated successfully [batchtools job.id=1705]
### [bt]: Calculation finished!
